W20260420 02:02:15.062672 140160801947136 simple_timer.cpp:55] [rocprofv3] tool initialization ::     0.142148 sec
W20260420 02:02:15.062916 140160801947136 simple_timer.cpp:55] [rocprofv3] 'python3 test_mxfp8_python.py 4096 28672 8192' ::     0.000001 sec
=== MXFP8 GEMM Layout Benchmark (preshuffle-quant): M=4096, N=28672, K=8192 ===
Warmup=100, iters=200, correctness=off
Layouts=crr

--- CRR Layout: C = A^T @ B ---
W20260420 02:02:16.078210 140160801947136 tool.cpp:2420] HSA version 8.19.0 initialized (instance=0)
[R55B-DEBUG-3] dispatch_pq_v2 entry: L=2 g.m=0 g.n=0 g.k=0 a.cols=4096 c.rows=4096 c.cols=28672
  Avg time: 0.8892 ms, TFLOPS: 2163.92

Results saved to mxfp8_layout_results_4096x28672x8192_pq.json
W20260420 02:02:17.252397 140160801947136 simple_timer.cpp:55] [rocprofv3] 'python3 test_mxfp8_python.py 4096 28672 8192' ::     2.189482 sec
E20260420 02:02:17.357311 140160801947136 output_stream.cpp:111] Opened result file: /shared_nfs/kyle/test/Hipkittens2/analysis/fp8_gemm/mi350x/r56b_pmc_results/70B_GateUp_mxfp8_crr_set3/pmc_1/pt-test-2-l7n7x-master-0/3040407_counter_collection.csv
E20260420 02:02:17.415771 140160801947136 output_stream.cpp:111] Opened result file: /shared_nfs/kyle/test/Hipkittens2/analysis/fp8_gemm/mi350x/r56b_pmc_results/70B_GateUp_mxfp8_crr_set3/pmc_1/pt-test-2-l7n7x-master-0/3040407_agent_info.csv
W20260420 02:02:17.422446 140160801947136 simple_timer.cpp:55] [rocprofv3] output generation ::     0.156452 sec
W20260420 02:02:17.424366 140160801947136 simple_timer.cpp:55] [rocprofv3] tool finalization ::     0.158377 sec
W20260420 02:02:18.103877 139939032284672 simple_timer.cpp:55] [rocprofv3] tool initialization ::     0.142345 sec
W20260420 02:02:18.104121 139939032284672 simple_timer.cpp:55] [rocprofv3] 'python3 test_mxfp8_python.py 4096 28672 8192' ::     0.000000 sec
=== MXFP8 GEMM Layout Benchmark (preshuffle-quant): M=4096, N=28672, K=8192 ===
Warmup=100, iters=200, correctness=off
Layouts=crr

--- CRR Layout: C = A^T @ B ---
W20260420 02:02:19.033609 139939032284672 tool.cpp:2420] HSA version 8.19.0 initialized (instance=0)
[R55B-DEBUG-3] dispatch_pq_v2 entry: L=2 g.m=0 g.n=0 g.k=0 a.cols=4096 c.rows=4096 c.cols=28672
  Avg time: 0.8804 ms, TFLOPS: 2185.63

Results saved to mxfp8_layout_results_4096x28672x8192_pq.json
W20260420 02:02:20.085990 139939032284672 simple_timer.cpp:55] [rocprofv3] 'python3 test_mxfp8_python.py 4096 28672 8192' ::     1.981870 sec
E20260420 02:02:20.183476 139939032284672 output_stream.cpp:111] Opened result file: /shared_nfs/kyle/test/Hipkittens2/analysis/fp8_gemm/mi350x/r56b_pmc_results/70B_GateUp_mxfp8_crr_set3/pmc_2/pt-test-2-l7n7x-master-0/3040618_counter_collection.csv
E20260420 02:02:20.236019 139939032284672 output_stream.cpp:111] Opened result file: /shared_nfs/kyle/test/Hipkittens2/analysis/fp8_gemm/mi350x/r56b_pmc_results/70B_GateUp_mxfp8_crr_set3/pmc_2/pt-test-2-l7n7x-master-0/3040618_agent_info.csv
W20260420 02:02:20.240203 139939032284672 simple_timer.cpp:55] [rocprofv3] output generation ::     0.141043 sec
W20260420 02:02:20.241613 139939032284672 simple_timer.cpp:55] [rocprofv3] tool finalization ::     0.142461 sec
W20260420 02:02:20.961631 140575081217536 simple_timer.cpp:55] [rocprofv3] tool initialization ::     0.144065 sec
W20260420 02:02:20.961839 140575081217536 simple_timer.cpp:55] [rocprofv3] 'python3 test_mxfp8_python.py 4096 28672 8192' ::     0.000000 sec
=== MXFP8 GEMM Layout Benchmark (preshuffle-quant): M=4096, N=28672, K=8192 ===
Warmup=100, iters=200, correctness=off
Layouts=crr

--- CRR Layout: C = A^T @ B ---
W20260420 02:02:21.863946 140575081217536 tool.cpp:2420] HSA version 8.19.0 initialized (instance=0)
[R55B-DEBUG-3] dispatch_pq_v2 entry: L=2 g.m=0 g.n=0 g.k=0 a.cols=4096 c.rows=4096 c.cols=28672
  Avg time: 0.8787 ms, TFLOPS: 2189.78

Results saved to mxfp8_layout_results_4096x28672x8192_pq.json
W20260420 02:02:22.881839 140575081217536 simple_timer.cpp:55] [rocprofv3] 'python3 test_mxfp8_python.py 4096 28672 8192' ::     1.920000 sec
E20260420 02:02:22.967139 140575081217536 output_stream.cpp:111] Opened result file: /shared_nfs/kyle/test/Hipkittens2/analysis/fp8_gemm/mi350x/r56b_pmc_results/70B_GateUp_mxfp8_crr_set3/pmc_3/pt-test-2-l7n7x-master-0/3040938_counter_collection.csv
E20260420 02:02:23.026249 140575081217536 output_stream.cpp:111] Opened result file: /shared_nfs/kyle/test/Hipkittens2/analysis/fp8_gemm/mi350x/r56b_pmc_results/70B_GateUp_mxfp8_crr_set3/pmc_3/pt-test-2-l7n7x-master-0/3040938_agent_info.csv
W20260420 02:02:23.032374 140575081217536 simple_timer.cpp:55] [rocprofv3] output generation ::     0.137127 sec
W20260420 02:02:23.034141 140575081217536 simple_timer.cpp:55] [rocprofv3] tool finalization ::     0.138903 sec
W20260420 02:02:23.793628 140206588988928 simple_timer.cpp:55] [rocprofv3] tool initialization ::     0.146321 sec
W20260420 02:02:23.793869 140206588988928 simple_timer.cpp:55] [rocprofv3] 'python3 test_mxfp8_python.py 4096 28672 8192' ::     0.000000 sec
=== MXFP8 GEMM Layout Benchmark (preshuffle-quant): M=4096, N=28672, K=8192 ===
Warmup=100, iters=200, correctness=off
Layouts=crr

--- CRR Layout: C = A^T @ B ---
W20260420 02:02:25.006463 140206588988928 tool.cpp:2420] HSA version 8.19.0 initialized (instance=0)
[R55B-DEBUG-3] dispatch_pq_v2 entry: L=2 g.m=0 g.n=0 g.k=0 a.cols=4096 c.rows=4096 c.cols=28672
  Avg time: 0.8741 ms, TFLOPS: 2201.26

Results saved to mxfp8_layout_results_4096x28672x8192_pq.json
W20260420 02:02:26.193077 140206588988928 simple_timer.cpp:55] [rocprofv3] 'python3 test_mxfp8_python.py 4096 28672 8192' ::     2.399208 sec
E20260420 02:02:26.300788 140206588988928 output_stream.cpp:111] Opened result file: /shared_nfs/kyle/test/Hipkittens2/analysis/fp8_gemm/mi350x/r56b_pmc_results/70B_GateUp_mxfp8_crr_set3/pmc_4/pt-test-2-l7n7x-master-0/3041034_counter_collection.csv
E20260420 02:02:26.361660 140206588988928 output_stream.cpp:111] Opened result file: /shared_nfs/kyle/test/Hipkittens2/analysis/fp8_gemm/mi350x/r56b_pmc_results/70B_GateUp_mxfp8_crr_set3/pmc_4/pt-test-2-l7n7x-master-0/3041034_agent_info.csv
W20260420 02:02:26.365440 140206588988928 simple_timer.cpp:55] [rocprofv3] output generation ::     0.159468 sec
W20260420 02:02:26.366876 140206588988928 simple_timer.cpp:55] [rocprofv3] tool finalization ::     0.160912 sec
W20260420 02:02:27.095946 139777206734336 simple_timer.cpp:55] [rocprofv3] tool initialization ::     0.143141 sec
W20260420 02:02:27.096174 139777206734336 simple_timer.cpp:55] [rocprofv3] 'python3 test_mxfp8_python.py 4096 28672 8192' ::     0.000000 sec
=== MXFP8 GEMM Layout Benchmark (preshuffle-quant): M=4096, N=28672, K=8192 ===
Warmup=100, iters=200, correctness=off
Layouts=crr

--- CRR Layout: C = A^T @ B ---
W20260420 02:02:28.076310 139777206734336 tool.cpp:2420] HSA version 8.19.0 initialized (instance=0)
[R55B-DEBUG-3] dispatch_pq_v2 entry: L=2 g.m=0 g.n=0 g.k=0 a.cols=4096 c.rows=4096 c.cols=28672
  Avg time: 0.8278 ms, TFLOPS: 2324.49

Results saved to mxfp8_layout_results_4096x28672x8192_pq.json
W20260420 02:02:29.138690 139777206734336 simple_timer.cpp:55] [rocprofv3] 'python3 test_mxfp8_python.py 4096 28672 8192' ::     2.042516 sec
E20260420 02:02:29.263878 139777206734336 output_stream.cpp:111] Opened result file: /shared_nfs/kyle/test/Hipkittens2/analysis/fp8_gemm/mi350x/r56b_pmc_results/70B_GateUp_mxfp8_crr_set3/pmc_5/pt-test-2-l7n7x-master-0/3041179_counter_collection.csv
E20260420 02:02:29.326717 139777206734336 output_stream.cpp:111] Opened result file: /shared_nfs/kyle/test/Hipkittens2/analysis/fp8_gemm/mi350x/r56b_pmc_results/70B_GateUp_mxfp8_crr_set3/pmc_5/pt-test-2-l7n7x-master-0/3041179_agent_info.csv
W20260420 02:02:29.331486 139777206734336 simple_timer.cpp:55] [rocprofv3] output generation ::     0.179872 sec
W20260420 02:02:29.333032 139777206734336 simple_timer.cpp:55] [rocprofv3] tool finalization ::     0.181427 sec
