W20260420 00:47:40.890647 140387123863040 simple_timer.cpp:55] [rocprofv3] tool initialization ::     0.153702 sec
W20260420 00:47:40.890902 140387123863040 simple_timer.cpp:55] [rocprofv3] 'python3 test_python.py 4096 8192 28672' ::     0.000000 sec
=== FP8 GEMM Layout Benchmark (native layouts, no preshuffle): M=4096, N=8192, K=28672 ===
Warmup=100, iters=200, correctness=off
Layouts=rrr

--- RRR Layout: C = A @ B ---
W20260420 00:47:41.808889 140387123863040 tool.cpp:2420] HSA version 8.19.0 initialized (instance=0)
  Avg time: 0.7713 ms, TFLOPS: 2494.52

============================================================
Layout     Time (ms)    TFLOPS     % of RCR  
------------------------------------------------------------
RRR        0.7713       2494.52    0.00%
============================================================

95% target: NOT MET
  RRR: 0.00% of RCR

Results saved to fp8_layout_results_4096x8192x28672.json
W20260420 00:47:42.527058 140387123863040 simple_timer.cpp:55] [rocprofv3] 'python3 test_python.py 4096 8192 28672' ::     1.636156 sec
E20260420 00:47:42.607360 140387123863040 output_stream.cpp:111] Opened result file: /shared_nfs/kyle/test/Hipkittens2/analysis/fp8_gemm/mi350x/r55f_pmc_results/70B_Down_fp8_rrr_set1/pmc_1/pt-test-2-l7n7x-master-0/2952618_counter_collection.csv
E20260420 00:47:42.674217 140387123863040 output_stream.cpp:111] Opened result file: /shared_nfs/kyle/test/Hipkittens2/analysis/fp8_gemm/mi350x/r55f_pmc_results/70B_Down_fp8_rrr_set1/pmc_1/pt-test-2-l7n7x-master-0/2952618_agent_info.csv
W20260420 00:47:42.677600 140387123863040 simple_timer.cpp:55] [rocprofv3] output generation ::     0.149312 sec
W20260420 00:47:42.678009 140387123863040 simple_timer.cpp:55] [rocprofv3] tool finalization ::     0.149728 sec
W20260420 00:47:43.285174 140004342603264 simple_timer.cpp:55] [rocprofv3] tool initialization ::     0.145836 sec
W20260420 00:47:43.285394 140004342603264 simple_timer.cpp:55] [rocprofv3] 'python3 test_python.py 4096 8192 28672' ::     0.000000 sec
=== FP8 GEMM Layout Benchmark (native layouts, no preshuffle): M=4096, N=8192, K=28672 ===
Warmup=100, iters=200, correctness=off
Layouts=rrr

--- RRR Layout: C = A @ B ---
W20260420 00:47:44.156281 140004342603264 tool.cpp:2420] HSA version 8.19.0 initialized (instance=0)
  Avg time: 0.7585 ms, TFLOPS: 2536.90

============================================================
Layout     Time (ms)    TFLOPS     % of RCR  
------------------------------------------------------------
RRR        0.7585       2536.90    0.00%
============================================================

95% target: NOT MET
  RRR: 0.00% of RCR

Results saved to fp8_layout_results_4096x8192x28672.json
W20260420 00:47:44.718070 140004342603264 simple_timer.cpp:55] [rocprofv3] 'python3 test_python.py 4096 8192 28672' ::     1.432676 sec
E20260420 00:47:44.800874 140004342603264 output_stream.cpp:111] Opened result file: /shared_nfs/kyle/test/Hipkittens2/analysis/fp8_gemm/mi350x/r55f_pmc_results/70B_Down_fp8_rrr_set1/pmc_2/pt-test-2-l7n7x-master-0/2952690_counter_collection.csv
E20260420 00:47:44.866840 140004342603264 output_stream.cpp:111] Opened result file: /shared_nfs/kyle/test/Hipkittens2/analysis/fp8_gemm/mi350x/r55f_pmc_results/70B_Down_fp8_rrr_set1/pmc_2/pt-test-2-l7n7x-master-0/2952690_agent_info.csv
W20260420 00:47:44.870017 140004342603264 simple_timer.cpp:55] [rocprofv3] output generation ::     0.150835 sec
W20260420 00:47:44.870458 140004342603264 simple_timer.cpp:55] [rocprofv3] tool finalization ::     0.151283 sec
W20260420 00:47:45.482205 140044761583104 simple_timer.cpp:55] [rocprofv3] tool initialization ::     0.142911 sec
W20260420 00:47:45.482441 140044761583104 simple_timer.cpp:55] [rocprofv3] 'python3 test_python.py 4096 8192 28672' ::     0.000000 sec
=== FP8 GEMM Layout Benchmark (native layouts, no preshuffle): M=4096, N=8192, K=28672 ===
Warmup=100, iters=200, correctness=off
Layouts=rrr

--- RRR Layout: C = A @ B ---
W20260420 00:47:46.417156 140044761583104 tool.cpp:2420] HSA version 8.19.0 initialized (instance=0)
  Avg time: 0.8513 ms, TFLOPS: 2260.26

============================================================
Layout     Time (ms)    TFLOPS     % of RCR  
------------------------------------------------------------
RRR        0.8513       2260.26    0.00%
============================================================

95% target: NOT MET
  RRR: 0.00% of RCR

Results saved to fp8_layout_results_4096x8192x28672.json
W20260420 00:47:47.152297 140044761583104 simple_timer.cpp:55] [rocprofv3] 'python3 test_python.py 4096 8192 28672' ::     1.669856 sec
E20260420 00:47:47.226619 140044761583104 output_stream.cpp:111] Opened result file: /shared_nfs/kyle/test/Hipkittens2/analysis/fp8_gemm/mi350x/r55f_pmc_results/70B_Down_fp8_rrr_set1/pmc_3/pt-test-2-l7n7x-master-0/2952765_counter_collection.csv
E20260420 00:47:47.284126 140044761583104 output_stream.cpp:111] Opened result file: /shared_nfs/kyle/test/Hipkittens2/analysis/fp8_gemm/mi350x/r55f_pmc_results/70B_Down_fp8_rrr_set1/pmc_3/pt-test-2-l7n7x-master-0/2952765_agent_info.csv
W20260420 00:47:47.287460 140044761583104 simple_timer.cpp:55] [rocprofv3] output generation ::     0.133848 sec
W20260420 00:47:47.287906 140044761583104 simple_timer.cpp:55] [rocprofv3] tool finalization ::     0.134303 sec
W20260420 00:47:47.894610 140308472417792 simple_timer.cpp:55] [rocprofv3] tool initialization ::     0.142048 sec
W20260420 00:47:47.894839 140308472417792 simple_timer.cpp:55] [rocprofv3] 'python3 test_python.py 4096 8192 28672' ::     0.000000 sec
=== FP8 GEMM Layout Benchmark (native layouts, no preshuffle): M=4096, N=8192, K=28672 ===
Warmup=100, iters=200, correctness=off
Layouts=rrr

--- RRR Layout: C = A @ B ---
W20260420 00:47:48.817722 140308472417792 tool.cpp:2420] HSA version 8.19.0 initialized (instance=0)
  Avg time: 0.8619 ms, TFLOPS: 2232.37

============================================================
Layout     Time (ms)    TFLOPS     % of RCR  
------------------------------------------------------------
RRR        0.8619       2232.37    0.00%
============================================================

95% target: NOT MET
  RRR: 0.00% of RCR

Results saved to fp8_layout_results_4096x8192x28672.json
W20260420 00:47:49.582016 140308472417792 simple_timer.cpp:55] [rocprofv3] 'python3 test_python.py 4096 8192 28672' ::     1.687177 sec
E20260420 00:47:49.946860 140308472417792 output_stream.cpp:111] Opened result file: /shared_nfs/kyle/test/Hipkittens2/analysis/fp8_gemm/mi350x/r55f_pmc_results/70B_Down_fp8_rrr_set1/pmc_4/pt-test-2-l7n7x-master-0/2952837_counter_collection.csv
E20260420 00:47:50.018992 140308472417792 output_stream.cpp:111] Opened result file: /shared_nfs/kyle/test/Hipkittens2/analysis/fp8_gemm/mi350x/r55f_pmc_results/70B_Down_fp8_rrr_set1/pmc_4/pt-test-2-l7n7x-master-0/2952837_agent_info.csv
W20260420 00:47:50.022497 140308472417792 simple_timer.cpp:55] [rocprofv3] output generation ::     0.124579 sec
W20260420 00:47:50.023014 140308472417792 simple_timer.cpp:55] [rocprofv3] tool finalization ::     0.125108 sec
W20260420 00:47:50.708490 139762896629248 simple_timer.cpp:55] [rocprofv3] tool initialization ::     0.141720 sec
W20260420 00:47:50.708726 139762896629248 simple_timer.cpp:55] [rocprofv3] 'python3 test_python.py 4096 8192 28672' ::     0.000000 sec
=== FP8 GEMM Layout Benchmark (native layouts, no preshuffle): M=4096, N=8192, K=28672 ===
Warmup=100, iters=200, correctness=off
Layouts=rrr

--- RRR Layout: C = A @ B ---
W20260420 00:47:51.735929 139762896629248 tool.cpp:2420] HSA version 8.19.0 initialized (instance=0)
W20260420 00:47:51.960849 139762896629248 tool.cpp:1189] Unable to find all counters for agent 2 (gpu-0, gfx950) in [ALUStalledByLDS, FetchSize, L2CacheHit, LDSBankConflict, MemUnitBusy, MemUnitStalled, MfmaUtil, VALUBusy]. Found: [FetchSize, LDSBankConflict, MemUnitStalled, MfmaUtil, VALUBusy]. Missing: [ALUStalledByLDS, L2CacheHit, MemUnitBusy]
W20260420 00:47:51.960974 139762896629248 tool.cpp:1189] Unable to find all counters for agent 3 (gpu-1, gfx950) in [ALUStalledByLDS, FetchSize, L2CacheHit, LDSBankConflict, MemUnitBusy, MemUnitStalled, MfmaUtil, VALUBusy]. Found: [FetchSize, LDSBankConflict, MemUnitStalled, MfmaUtil, VALUBusy]. Missing: [ALUStalledByLDS, L2CacheHit, MemUnitBusy]
W20260420 00:47:51.962352 139762896629248 tool.cpp:1189] Unable to find all counters for agent 4 (gpu-2, gfx950) in [ALUStalledByLDS, FetchSize, L2CacheHit, LDSBankConflict, MemUnitBusy, MemUnitStalled, MfmaUtil, VALUBusy]. Found: [FetchSize, LDSBankConflict, MemUnitStalled, MfmaUtil, VALUBusy]. Missing: [ALUStalledByLDS, L2CacheHit, MemUnitBusy]
W20260420 00:47:51.963407 139762896629248 tool.cpp:1189] Unable to find all counters for agent 5 (gpu-3, gfx950) in [ALUStalledByLDS, FetchSize, L2CacheHit, LDSBankConflict, MemUnitBusy, MemUnitStalled, MfmaUtil, VALUBusy]. Found: [FetchSize, LDSBankConflict, MemUnitStalled, MfmaUtil, VALUBusy]. Missing: [ALUStalledByLDS, L2CacheHit, MemUnitBusy]
W20260420 00:47:51.963442 139762896629248 tool.cpp:1189] Unable to find all counters for agent 6 (gpu-4, gfx950) in [ALUStalledByLDS, FetchSize, L2CacheHit, LDSBankConflict, MemUnitBusy, MemUnitStalled, MfmaUtil, VALUBusy]. Found: [FetchSize, LDSBankConflict, MemUnitStalled, MfmaUtil, VALUBusy]. Missing: [ALUStalledByLDS, L2CacheHit, MemUnitBusy]
W20260420 00:47:51.964381 139762896629248 tool.cpp:1189] Unable to find all counters for agent 7 (gpu-5, gfx950) in [ALUStalledByLDS, FetchSize, L2CacheHit, LDSBankConflict, MemUnitBusy, MemUnitStalled, MfmaUtil, VALUBusy]. Found: [FetchSize, LDSBankConflict, MemUnitStalled, MfmaUtil, VALUBusy]. Missing: [ALUStalledByLDS, L2CacheHit, MemUnitBusy]
W20260420 00:47:51.965350 139762896629248 tool.cpp:1189] Unable to find all counters for agent 8 (gpu-6, gfx950) in [ALUStalledByLDS, FetchSize, L2CacheHit, LDSBankConflict, MemUnitBusy, MemUnitStalled, MfmaUtil, VALUBusy]. Found: [FetchSize, LDSBankConflict, MemUnitStalled, MfmaUtil, VALUBusy]. Missing: [ALUStalledByLDS, L2CacheHit, MemUnitBusy]
W20260420 00:47:51.966588 139762896629248 tool.cpp:1189] Unable to find all counters for agent 9 (gpu-7, gfx950) in [ALUStalledByLDS, FetchSize, L2CacheHit, LDSBankConflict, MemUnitBusy, MemUnitStalled, MfmaUtil, VALUBusy]. Found: [FetchSize, LDSBankConflict, MemUnitStalled, MfmaUtil, VALUBusy]. Missing: [ALUStalledByLDS, L2CacheHit, MemUnitBusy]
  Avg time: 0.8235 ms, TFLOPS: 2336.68

============================================================
Layout     Time (ms)    TFLOPS     % of RCR  
------------------------------------------------------------
RRR        0.8235       2336.68    0.00%
============================================================

95% target: NOT MET
  RRR: 0.00% of RCR

Results saved to fp8_layout_results_4096x8192x28672.json
W20260420 00:47:52.415866 139762896629248 simple_timer.cpp:55] [rocprofv3] 'python3 test_python.py 4096 8192 28672' ::     1.707140 sec
E20260420 00:47:52.497973 139762896629248 output_stream.cpp:111] Opened result file: /shared_nfs/kyle/test/Hipkittens2/analysis/fp8_gemm/mi350x/r55f_pmc_results/70B_Down_fp8_rrr_set1/pmc_5/pt-test-2-l7n7x-master-0/2952911_counter_collection.csv
E20260420 00:47:52.551367 139762896629248 output_stream.cpp:111] Opened result file: /shared_nfs/kyle/test/Hipkittens2/analysis/fp8_gemm/mi350x/r55f_pmc_results/70B_Down_fp8_rrr_set1/pmc_5/pt-test-2-l7n7x-master-0/2952911_agent_info.csv
W20260420 00:47:52.555222 139762896629248 simple_timer.cpp:55] [rocprofv3] output generation ::     0.138086 sec
W20260420 00:47:52.555642 139762896629248 simple_timer.cpp:55] [rocprofv3] tool finalization ::     0.138514 sec
