W20260419 17:34:12.960302 140174455377408 simple_timer.cpp:55] [rocprofv3] tool initialization ::     0.146479 sec
W20260419 17:34:12.960563 140174455377408 simple_timer.cpp:55] [rocprofv3] 'python3 test_mxfp8_python.py 4096 8192 28672' ::     0.000000 sec
=== MXFP8 GEMM Layout Benchmark (preshuffle-quant): M=4096, N=8192, K=28672 ===
Warmup=3, iters=5, correctness=off
Layouts=rrr

--- RRR Layout: C = A @ B ---
W20260419 17:34:13.885456 140174455377408 tool.cpp:2420] HSA version 8.19.0 initialized (instance=0)
  Avg time: 0.8404 ms, TFLOPS: 2289.59

Results saved to mxfp8_layout_results_4096x8192x28672_pq.json
W20260419 17:34:14.577746 140174455377408 simple_timer.cpp:55] [rocprofv3] 'python3 test_mxfp8_python.py 4096 8192 28672' ::     1.617183 sec
E20260419 17:34:14.673706 140174455377408 output_stream.cpp:111] Opened result file: r53c_pmc_results/rrr_set1/pmc_1/pt-test-2-l7n7x-master-0/2426324_counter_collection.csv
E20260419 17:34:14.736931 140174455377408 output_stream.cpp:111] Opened result file: r53c_pmc_results/rrr_set1/pmc_1/pt-test-2-l7n7x-master-0/2426324_agent_info.csv
W20260419 17:34:14.740431 140174455377408 simple_timer.cpp:55] [rocprofv3] output generation ::     0.149758 sec
W20260419 17:34:14.741848 140174455377408 simple_timer.cpp:55] [rocprofv3] tool finalization ::     0.151183 sec
W20260419 17:34:15.387897 140167502294528 simple_timer.cpp:55] [rocprofv3] tool initialization ::     0.142397 sec
W20260419 17:34:15.388108 140167502294528 simple_timer.cpp:55] [rocprofv3] 'python3 test_mxfp8_python.py 4096 8192 28672' ::     0.000000 sec
=== MXFP8 GEMM Layout Benchmark (preshuffle-quant): M=4096, N=8192, K=28672 ===
Warmup=3, iters=5, correctness=off
Layouts=rrr

--- RRR Layout: C = A @ B ---
W20260419 17:34:16.316483 140167502294528 tool.cpp:2420] HSA version 8.19.0 initialized (instance=0)
  Avg time: 0.8388 ms, TFLOPS: 2293.91

Results saved to mxfp8_layout_results_4096x8192x28672_pq.json
W20260419 17:34:17.166040 140167502294528 simple_timer.cpp:55] [rocprofv3] 'python3 test_mxfp8_python.py 4096 8192 28672' ::     1.777932 sec
E20260419 17:34:17.234885 140167502294528 output_stream.cpp:111] Opened result file: r53c_pmc_results/rrr_set1/pmc_2/pt-test-2-l7n7x-master-0/2426417_counter_collection.csv
E20260419 17:34:17.308534 140167502294528 output_stream.cpp:111] Opened result file: r53c_pmc_results/rrr_set1/pmc_2/pt-test-2-l7n7x-master-0/2426417_agent_info.csv
W20260419 17:34:17.311762 140167502294528 simple_timer.cpp:55] [rocprofv3] output generation ::     0.132762 sec
W20260419 17:34:17.313253 140167502294528 simple_timer.cpp:55] [rocprofv3] tool finalization ::     0.134261 sec
W20260419 17:34:17.965438 140174086151680 simple_timer.cpp:55] [rocprofv3] tool initialization ::     0.142516 sec
W20260419 17:34:17.965654 140174086151680 simple_timer.cpp:55] [rocprofv3] 'python3 test_mxfp8_python.py 4096 8192 28672' ::     0.000000 sec
=== MXFP8 GEMM Layout Benchmark (preshuffle-quant): M=4096, N=8192, K=28672 ===
Warmup=3, iters=5, correctness=off
Layouts=rrr

--- RRR Layout: C = A @ B ---
W20260419 17:34:18.909059 140174086151680 tool.cpp:2420] HSA version 8.19.0 initialized (instance=0)
  Avg time: 1.0962 ms, TFLOPS: 1755.31

Results saved to mxfp8_layout_results_4096x8192x28672_pq.json
W20260419 17:34:19.662648 140174086151680 simple_timer.cpp:55] [rocprofv3] 'python3 test_mxfp8_python.py 4096 8192 28672' ::     1.696995 sec
E20260419 17:34:19.737142 140174086151680 output_stream.cpp:111] Opened result file: r53c_pmc_results/rrr_set1/pmc_3/pt-test-2-l7n7x-master-0/2426586_counter_collection.csv
E20260419 17:34:19.783177 140174086151680 output_stream.cpp:111] Opened result file: r53c_pmc_results/rrr_set1/pmc_3/pt-test-2-l7n7x-master-0/2426586_agent_info.csv
W20260419 17:34:19.786288 140174086151680 simple_timer.cpp:55] [rocprofv3] output generation ::     0.110316 sec
W20260419 17:34:19.787792 140174086151680 simple_timer.cpp:55] [rocprofv3] tool finalization ::     0.111828 sec
W20260419 17:34:20.441225 140159530499584 simple_timer.cpp:55] [rocprofv3] tool initialization ::     0.140598 sec
W20260419 17:34:20.441440 140159530499584 simple_timer.cpp:55] [rocprofv3] 'python3 test_mxfp8_python.py 4096 8192 28672' ::     0.000000 sec
=== MXFP8 GEMM Layout Benchmark (preshuffle-quant): M=4096, N=8192, K=28672 ===
Warmup=3, iters=5, correctness=off
Layouts=rrr

--- RRR Layout: C = A @ B ---
W20260419 17:34:21.352425 140159530499584 tool.cpp:2420] HSA version 8.19.0 initialized (instance=0)
  Avg time: 0.8708 ms, TFLOPS: 2209.63

Results saved to mxfp8_layout_results_4096x8192x28672_pq.json
W20260419 17:34:22.121981 140159530499584 simple_timer.cpp:55] [rocprofv3] 'python3 test_mxfp8_python.py 4096 8192 28672' ::     1.680541 sec
E20260419 17:34:22.201202 140159530499584 output_stream.cpp:111] Opened result file: r53c_pmc_results/rrr_set1/pmc_4/pt-test-2-l7n7x-master-0/2426666_counter_collection.csv
E20260419 17:34:22.287608 140159530499584 output_stream.cpp:111] Opened result file: r53c_pmc_results/rrr_set1/pmc_4/pt-test-2-l7n7x-master-0/2426666_agent_info.csv
W20260419 17:34:22.291096 140159530499584 simple_timer.cpp:55] [rocprofv3] output generation ::     0.155466 sec
W20260419 17:34:22.292683 140159530499584 simple_timer.cpp:55] [rocprofv3] tool finalization ::     0.157060 sec
W20260419 17:34:22.976503 140058319220224 simple_timer.cpp:55] [rocprofv3] tool initialization ::     0.147898 sec
W20260419 17:34:22.976757 140058319220224 simple_timer.cpp:55] [rocprofv3] 'python3 test_mxfp8_python.py 4096 8192 28672' ::     0.000000 sec
=== MXFP8 GEMM Layout Benchmark (preshuffle-quant): M=4096, N=8192, K=28672 ===
Warmup=3, iters=5, correctness=off
Layouts=rrr

--- RRR Layout: C = A @ B ---
W20260419 17:34:23.960920 140058319220224 tool.cpp:2420] HSA version 8.19.0 initialized (instance=0)
W20260419 17:34:24.128447 140058319220224 tool.cpp:1189] Unable to find all counters for agent 2 (gpu-0, gfx950) in [ALUStalledByLDS, FetchSize, L2CacheHit, LDSBankConflict, MemUnitBusy, MemUnitStalled, MfmaUtil, VALUBusy]. Found: [FetchSize, LDSBankConflict, MemUnitStalled, MfmaUtil, VALUBusy]. Missing: [ALUStalledByLDS, L2CacheHit, MemUnitBusy]
W20260419 17:34:24.128572 140058319220224 tool.cpp:1189] Unable to find all counters for agent 3 (gpu-1, gfx950) in [ALUStalledByLDS, FetchSize, L2CacheHit, LDSBankConflict, MemUnitBusy, MemUnitStalled, MfmaUtil, VALUBusy]. Found: [FetchSize, LDSBankConflict, MemUnitStalled, MfmaUtil, VALUBusy]. Missing: [ALUStalledByLDS, L2CacheHit, MemUnitBusy]
W20260419 17:34:24.129841 140058319220224 tool.cpp:1189] Unable to find all counters for agent 4 (gpu-2, gfx950) in [ALUStalledByLDS, FetchSize, L2CacheHit, LDSBankConflict, MemUnitBusy, MemUnitStalled, MfmaUtil, VALUBusy]. Found: [FetchSize, LDSBankConflict, MemUnitStalled, MfmaUtil, VALUBusy]. Missing: [ALUStalledByLDS, L2CacheHit, MemUnitBusy]
W20260419 17:34:24.129876 140058319220224 tool.cpp:1189] Unable to find all counters for agent 5 (gpu-3, gfx950) in [ALUStalledByLDS, FetchSize, L2CacheHit, LDSBankConflict, MemUnitBusy, MemUnitStalled, MfmaUtil, VALUBusy]. Found: [FetchSize, LDSBankConflict, MemUnitStalled, MfmaUtil, VALUBusy]. Missing: [ALUStalledByLDS, L2CacheHit, MemUnitBusy]
W20260419 17:34:24.130887 140058319220224 tool.cpp:1189] Unable to find all counters for agent 6 (gpu-4, gfx950) in [ALUStalledByLDS, FetchSize, L2CacheHit, LDSBankConflict, MemUnitBusy, MemUnitStalled, MfmaUtil, VALUBusy]. Found: [FetchSize, LDSBankConflict, MemUnitStalled, MfmaUtil, VALUBusy]. Missing: [ALUStalledByLDS, L2CacheHit, MemUnitBusy]
W20260419 17:34:24.130919 140058319220224 tool.cpp:1189] Unable to find all counters for agent 7 (gpu-5, gfx950) in [ALUStalledByLDS, FetchSize, L2CacheHit, LDSBankConflict, MemUnitBusy, MemUnitStalled, MfmaUtil, VALUBusy]. Found: [FetchSize, LDSBankConflict, MemUnitStalled, MfmaUtil, VALUBusy]. Missing: [ALUStalledByLDS, L2CacheHit, MemUnitBusy]
W20260419 17:34:24.131915 140058319220224 tool.cpp:1189] Unable to find all counters for agent 8 (gpu-6, gfx950) in [ALUStalledByLDS, FetchSize, L2CacheHit, LDSBankConflict, MemUnitBusy, MemUnitStalled, MfmaUtil, VALUBusy]. Found: [FetchSize, LDSBankConflict, MemUnitStalled, MfmaUtil, VALUBusy]. Missing: [ALUStalledByLDS, L2CacheHit, MemUnitBusy]
W20260419 17:34:24.131947 140058319220224 tool.cpp:1189] Unable to find all counters for agent 9 (gpu-7, gfx950) in [ALUStalledByLDS, FetchSize, L2CacheHit, LDSBankConflict, MemUnitBusy, MemUnitStalled, MfmaUtil, VALUBusy]. Found: [FetchSize, LDSBankConflict, MemUnitStalled, MfmaUtil, VALUBusy]. Missing: [ALUStalledByLDS, L2CacheHit, MemUnitBusy]
  Avg time: 0.9700 ms, TFLOPS: 1983.71

Results saved to mxfp8_layout_results_4096x8192x28672_pq.json
W20260419 17:34:24.668535 140058319220224 simple_timer.cpp:55] [rocprofv3] 'python3 test_mxfp8_python.py 4096 8192 28672' ::     1.691778 sec
E20260419 17:34:24.756996 140058319220224 output_stream.cpp:111] Opened result file: r53c_pmc_results/rrr_set1/pmc_5/pt-test-2-l7n7x-master-0/2426742_counter_collection.csv
E20260419 17:34:24.799966 140058319220224 output_stream.cpp:111] Opened result file: r53c_pmc_results/rrr_set1/pmc_5/pt-test-2-l7n7x-master-0/2426742_agent_info.csv
W20260419 17:34:24.803092 140058319220224 simple_timer.cpp:55] [rocprofv3] output generation ::     0.121712 sec
W20260419 17:34:24.804436 140058319220224 simple_timer.cpp:55] [rocprofv3] tool finalization ::     0.123063 sec
