W20260420 00:46:43.707826 139812281241088 simple_timer.cpp:55] [rocprofv3] tool initialization ::     0.148523 sec
W20260420 00:46:43.708042 139812281241088 simple_timer.cpp:55] [rocprofv3] 'python3 test_mxfp8_python.py 4096 8192 8192' ::     0.000000 sec
=== MXFP8 GEMM Layout Benchmark (preshuffle-quant): M=4096, N=8192, K=8192 ===
Warmup=100, iters=200, correctness=off
Layouts=rrr

--- RRR Layout: C = A @ B ---
W20260420 00:46:44.610407 139812281241088 tool.cpp:2420] HSA version 8.19.0 initialized (instance=0)
  Avg time: 0.3073 ms, TFLOPS: 1789.26

Results saved to mxfp8_layout_results_4096x8192x8192_pq.json
W20260420 00:46:45.607760 139812281241088 simple_timer.cpp:55] [rocprofv3] 'python3 test_mxfp8_python.py 4096 8192 8192' ::     1.899718 sec
E20260420 00:46:45.699449 139812281241088 output_stream.cpp:111] Opened result file: /shared_nfs/kyle/test/Hipkittens2/analysis/fp8_gemm/mi350x/r55f_pmc_results/70B_QO_mxfp8_rrr_set3/pmc_1/pt-test-2-l7n7x-master-0/2951435_counter_collection.csv
E20260420 00:46:45.754602 139812281241088 output_stream.cpp:111] Opened result file: /shared_nfs/kyle/test/Hipkittens2/analysis/fp8_gemm/mi350x/r55f_pmc_results/70B_QO_mxfp8_rrr_set3/pmc_1/pt-test-2-l7n7x-master-0/2951435_agent_info.csv
W20260420 00:46:45.757920 139812281241088 simple_timer.cpp:55] [rocprofv3] output generation ::     0.136333 sec
W20260420 00:46:45.759533 139812281241088 simple_timer.cpp:55] [rocprofv3] tool finalization ::     0.137954 sec
W20260420 00:46:46.521691 139865352482304 simple_timer.cpp:55] [rocprofv3] tool initialization ::     0.140838 sec
W20260420 00:46:46.521903 139865352482304 simple_timer.cpp:55] [rocprofv3] 'python3 test_mxfp8_python.py 4096 8192 8192' ::     0.000000 sec
=== MXFP8 GEMM Layout Benchmark (preshuffle-quant): M=4096, N=8192, K=8192 ===
Warmup=100, iters=200, correctness=off
Layouts=rrr

--- RRR Layout: C = A @ B ---
W20260420 00:46:47.426230 139865352482304 tool.cpp:2420] HSA version 8.19.0 initialized (instance=0)
  Avg time: 0.2882 ms, TFLOPS: 1907.59

Results saved to mxfp8_layout_results_4096x8192x8192_pq.json
W20260420 00:46:48.318455 139865352482304 simple_timer.cpp:55] [rocprofv3] 'python3 test_mxfp8_python.py 4096 8192 8192' ::     1.796553 sec
E20260420 00:46:48.409959 139865352482304 output_stream.cpp:111] Opened result file: /shared_nfs/kyle/test/Hipkittens2/analysis/fp8_gemm/mi350x/r55f_pmc_results/70B_QO_mxfp8_rrr_set3/pmc_2/pt-test-2-l7n7x-master-0/2951521_counter_collection.csv
E20260420 00:46:48.460593 139865352482304 output_stream.cpp:111] Opened result file: /shared_nfs/kyle/test/Hipkittens2/analysis/fp8_gemm/mi350x/r55f_pmc_results/70B_QO_mxfp8_rrr_set3/pmc_2/pt-test-2-l7n7x-master-0/2951521_agent_info.csv
W20260420 00:46:48.463622 139865352482304 simple_timer.cpp:55] [rocprofv3] output generation ::     0.131831 sec
W20260420 00:46:48.465077 139865352482304 simple_timer.cpp:55] [rocprofv3] tool finalization ::     0.133293 sec
W20260420 00:46:49.136412 140580848479744 simple_timer.cpp:55] [rocprofv3] tool initialization ::     0.142353 sec
W20260420 00:46:49.136623 140580848479744 simple_timer.cpp:55] [rocprofv3] 'python3 test_mxfp8_python.py 4096 8192 8192' ::     0.000000 sec
=== MXFP8 GEMM Layout Benchmark (preshuffle-quant): M=4096, N=8192, K=8192 ===
Warmup=100, iters=200, correctness=off
Layouts=rrr

--- RRR Layout: C = A @ B ---
W20260420 00:46:50.047499 140580848479744 tool.cpp:2420] HSA version 8.19.0 initialized (instance=0)
  Avg time: 0.3091 ms, TFLOPS: 1778.85

Results saved to mxfp8_layout_results_4096x8192x8192_pq.json
W20260420 00:46:50.932395 140580848479744 simple_timer.cpp:55] [rocprofv3] 'python3 test_mxfp8_python.py 4096 8192 8192' ::     1.795773 sec
E20260420 00:46:51.014116 140580848479744 output_stream.cpp:111] Opened result file: /shared_nfs/kyle/test/Hipkittens2/analysis/fp8_gemm/mi350x/r55f_pmc_results/70B_QO_mxfp8_rrr_set3/pmc_3/pt-test-2-l7n7x-master-0/2951618_counter_collection.csv
E20260420 00:46:51.069340 140580848479744 output_stream.cpp:111] Opened result file: /shared_nfs/kyle/test/Hipkittens2/analysis/fp8_gemm/mi350x/r55f_pmc_results/70B_QO_mxfp8_rrr_set3/pmc_3/pt-test-2-l7n7x-master-0/2951618_agent_info.csv
W20260420 00:46:51.073969 140580848479744 simple_timer.cpp:55] [rocprofv3] output generation ::     0.127955 sec
W20260420 00:46:51.075827 140580848479744 simple_timer.cpp:55] [rocprofv3] tool finalization ::     0.129821 sec
W20260420 00:46:51.811180 140531960970752 simple_timer.cpp:55] [rocprofv3] tool initialization ::     0.141582 sec
W20260420 00:46:51.811400 140531960970752 simple_timer.cpp:55] [rocprofv3] 'python3 test_mxfp8_python.py 4096 8192 8192' ::     0.000001 sec
=== MXFP8 GEMM Layout Benchmark (preshuffle-quant): M=4096, N=8192, K=8192 ===
Warmup=100, iters=200, correctness=off
Layouts=rrr

--- RRR Layout: C = A @ B ---
W20260420 00:46:52.787128 140531960970752 tool.cpp:2420] HSA version 8.19.0 initialized (instance=0)
  Avg time: 0.3063 ms, TFLOPS: 1794.56

Results saved to mxfp8_layout_results_4096x8192x8192_pq.json
W20260420 00:46:53.720481 140531960970752 simple_timer.cpp:55] [rocprofv3] 'python3 test_mxfp8_python.py 4096 8192 8192' ::     1.909082 sec
E20260420 00:46:53.812471 140531960970752 output_stream.cpp:111] Opened result file: /shared_nfs/kyle/test/Hipkittens2/analysis/fp8_gemm/mi350x/r55f_pmc_results/70B_QO_mxfp8_rrr_set3/pmc_4/pt-test-2-l7n7x-master-0/2951695_counter_collection.csv
E20260420 00:46:53.865841 140531960970752 output_stream.cpp:111] Opened result file: /shared_nfs/kyle/test/Hipkittens2/analysis/fp8_gemm/mi350x/r55f_pmc_results/70B_QO_mxfp8_rrr_set3/pmc_4/pt-test-2-l7n7x-master-0/2951695_agent_info.csv
W20260420 00:46:53.869178 140531960970752 simple_timer.cpp:55] [rocprofv3] output generation ::     0.135036 sec
W20260420 00:46:53.870780 140531960970752 simple_timer.cpp:55] [rocprofv3] tool finalization ::     0.136645 sec
W20260420 00:46:54.611827 139634407759360 simple_timer.cpp:55] [rocprofv3] tool initialization ::     0.152682 sec
W20260420 00:46:54.612039 139634407759360 simple_timer.cpp:55] [rocprofv3] 'python3 test_mxfp8_python.py 4096 8192 8192' ::     0.000000 sec
=== MXFP8 GEMM Layout Benchmark (preshuffle-quant): M=4096, N=8192, K=8192 ===
Warmup=100, iters=200, correctness=off
Layouts=rrr

--- RRR Layout: C = A @ B ---
W20260420 00:46:55.564090 139634407759360 tool.cpp:2420] HSA version 8.19.0 initialized (instance=0)
  Avg time: 0.2498 ms, TFLOPS: 2200.43

Results saved to mxfp8_layout_results_4096x8192x8192_pq.json
W20260420 00:46:56.408795 139634407759360 simple_timer.cpp:55] [rocprofv3] 'python3 test_mxfp8_python.py 4096 8192 8192' ::     1.796756 sec
E20260420 00:46:56.502312 139634407759360 output_stream.cpp:111] Opened result file: /shared_nfs/kyle/test/Hipkittens2/analysis/fp8_gemm/mi350x/r55f_pmc_results/70B_QO_mxfp8_rrr_set3/pmc_5/pt-test-2-l7n7x-master-0/2951790_counter_collection.csv
E20260420 00:46:56.567744 139634407759360 output_stream.cpp:111] Opened result file: /shared_nfs/kyle/test/Hipkittens2/analysis/fp8_gemm/mi350x/r55f_pmc_results/70B_QO_mxfp8_rrr_set3/pmc_5/pt-test-2-l7n7x-master-0/2951790_agent_info.csv
W20260420 00:46:56.570830 139634407759360 simple_timer.cpp:55] [rocprofv3] output generation ::     0.148345 sec
W20260420 00:46:56.572501 139634407759360 simple_timer.cpp:55] [rocprofv3] tool finalization ::     0.150022 sec
