[build r38_wrap_fix default rc=0 md5=dc422d04587a913f62e075c035420370]
[build r38_wrap_fix b1 rc=0 md5=f04cee3c239ceefa65de2b2bc1283cce]
[build r42_head default rc=0 md5=ed2496e2d76db4fd5a4d415c8fd913c8]
[build r42_head b1 rc=0 md5=54a492efa5bbebc69fb217619c142da8]
[build r43_head default rc=0 md5=084c27c0e4c0b6f5c40934a8008b9b30]
[build r43_head b1 rc=0 md5=3333a2c476eb782faa114b8e9072367d]
[build r39_trace default rc=0 md5=f713a0b82e722417e025782d7be5f33e]
[build r39_trace b1 rc=0 md5=e5fa852e2e5424e0978bd466e2c25ee6]
[build r42b_smallm32 default rc=0 md5=bd3dc7f024f2c09cab4ab69f1c835e1d]
[build r42b_smallm32 b1 rc=0 md5=0c29ec5b0fd051ed430bef1c72423699]
[build r42a_decode_m1 default rc=0 md5=51ab19101309454b7baa57873a7ba2f6]
[build r42a_decode_m1 b1 rc=0 md5=2376961cc4a20c4ce4bc895b8249d5eb]
[build r38_wrap_fix_gpu5 default rc=0 md5=c2a283cd8763805769130fbd75d481c9]
[build r38_wrap_fix_gpu5 b1 rc=0 md5=13c88966966badd4ec347b55abc9d18b]
[build r42_head_gpu5 default rc=0 md5=30df2f8beb70d97d912b4bba8b538bb6]
[build r42_head_gpu5 b1 rc=0 md5=08c9274635c50357ef535f202d1e1356]
[build r42_head_gpu5b default rc=0 md5=be793a1f15812005079dfc6145c6ebfc]
[build r42_head_gpu5b b1 rc=0 md5=2fe289153e65764e29c9932b38da7abf]
[build r38_wrap_fix_gpu5b default rc=0 md5=6853294d36e4b4615d3df3773915ab76]
[build r38_wrap_fix_gpu5b b1 rc=0 md5=1be906799207411ef345c0e3f75525d4]
[build r43_head_gpu5 default rc=0 md5=746be9d44512e67c3bf77ceeadbc92fd]
[build r43_head_gpu5 b1 rc=0 md5=aeb65aea89c868dcf55bf71c0c1e3c5d]
[build r38_wrap_fix_gpu5c default rc=0 md5=448578412eea72575ba9ad28afd82a62]
[build r38_wrap_fix_gpu5c b1 rc=0 md5=838b96a7f59c313752c353b7ebed1ef3]
