W20260419 19:34:58.398251 140541393653248 simple_timer.cpp:55] [rocprofv3] tool initialization ::     0.142440 sec
W20260419 19:34:58.398490 140541393653248 simple_timer.cpp:55] [rocprofv3] 'python3 test_mxfp8_python.py 4096 4096 14336' ::     0.000000 sec
=== MXFP8 GEMM Layout Benchmark (preshuffle-quant): M=4096, N=4096, K=14336 ===
Warmup=3, iters=5, correctness=off
Layouts=rcr

--- RCR Layout: C = A @ B^T ---
W20260419 19:34:59.280482 140541393653248 tool.cpp:2420] HSA version 8.19.0 initialized (instance=0)
  Avg time: 542.6258 ms, TFLOPS: 0.89

Results saved to mxfp8_layout_results_4096x4096x14336_pq.json
W20260419 19:35:04.338670 140541393653248 simple_timer.cpp:55] [rocprofv3] 'python3 test_mxfp8_python.py 4096 4096 14336' ::     5.940180 sec
E20260419 19:35:04.431024 140541393653248 output_stream.cpp:111] Opened result file: /shared_nfs/kyle/test/Hipkittens2/analysis/fp8_gemm/mi350x/r54b_pmc_results/8B_Down_mxfp8_rcr_set3/pmc_1/pt-test-2-l7n7x-master-0/2568158_counter_collection.csv
E20260419 19:35:04.473535 140541393653248 output_stream.cpp:111] Opened result file: /shared_nfs/kyle/test/Hipkittens2/analysis/fp8_gemm/mi350x/r54b_pmc_results/8B_Down_mxfp8_rcr_set3/pmc_1/pt-test-2-l7n7x-master-0/2568158_agent_info.csv
W20260419 19:35:04.476680 140541393653248 simple_timer.cpp:55] [rocprofv3] output generation ::     0.125118 sec
W20260419 19:35:04.478021 140541393653248 simple_timer.cpp:55] [rocprofv3] tool finalization ::     0.126469 sec
W20260419 19:35:05.201968 140153908616704 simple_timer.cpp:55] [rocprofv3] tool initialization ::     0.153233 sec
W20260419 19:35:05.202178 140153908616704 simple_timer.cpp:55] [rocprofv3] 'python3 test_mxfp8_python.py 4096 4096 14336' ::     0.000000 sec
=== MXFP8 GEMM Layout Benchmark (preshuffle-quant): M=4096, N=4096, K=14336 ===
Warmup=3, iters=5, correctness=off
Layouts=rcr

--- RCR Layout: C = A @ B^T ---
W20260419 19:35:06.133910 140153908616704 tool.cpp:2420] HSA version 8.19.0 initialized (instance=0)
  Avg time: 542.8109 ms, TFLOPS: 0.89

Results saved to mxfp8_layout_results_4096x4096x14336_pq.json
W20260419 19:35:11.363936 140153908616704 simple_timer.cpp:55] [rocprofv3] 'python3 test_mxfp8_python.py 4096 4096 14336' ::     6.161758 sec
E20260419 19:35:11.449049 140153908616704 output_stream.cpp:111] Opened result file: /shared_nfs/kyle/test/Hipkittens2/analysis/fp8_gemm/mi350x/r54b_pmc_results/8B_Down_mxfp8_rcr_set3/pmc_2/pt-test-2-l7n7x-master-0/2568264_counter_collection.csv
E20260419 19:35:11.491051 140153908616704 output_stream.cpp:111] Opened result file: /shared_nfs/kyle/test/Hipkittens2/analysis/fp8_gemm/mi350x/r54b_pmc_results/8B_Down_mxfp8_rcr_set3/pmc_2/pt-test-2-l7n7x-master-0/2568264_agent_info.csv
W20260419 19:35:11.494074 140153908616704 simple_timer.cpp:55] [rocprofv3] output generation ::     0.116449 sec
W20260419 19:35:11.495598 140153908616704 simple_timer.cpp:55] [rocprofv3] tool finalization ::     0.117982 sec
W20260419 19:35:12.219286 140185484901888 simple_timer.cpp:55] [rocprofv3] tool initialization ::     0.142329 sec
W20260419 19:35:12.219490 140185484901888 simple_timer.cpp:55] [rocprofv3] 'python3 test_mxfp8_python.py 4096 4096 14336' ::     0.000000 sec
=== MXFP8 GEMM Layout Benchmark (preshuffle-quant): M=4096, N=4096, K=14336 ===
Warmup=3, iters=5, correctness=off
Layouts=rcr

--- RCR Layout: C = A @ B^T ---
W20260419 19:35:13.125603 140185484901888 tool.cpp:2420] HSA version 8.19.0 initialized (instance=0)
  Avg time: 542.9631 ms, TFLOPS: 0.89

Results saved to mxfp8_layout_results_4096x4096x14336_pq.json
W20260419 19:35:18.344028 140185484901888 simple_timer.cpp:55] [rocprofv3] 'python3 test_mxfp8_python.py 4096 4096 14336' ::     6.124539 sec
E20260419 19:35:18.435754 140185484901888 output_stream.cpp:111] Opened result file: /shared_nfs/kyle/test/Hipkittens2/analysis/fp8_gemm/mi350x/r54b_pmc_results/8B_Down_mxfp8_rcr_set3/pmc_3/pt-test-2-l7n7x-master-0/2568361_counter_collection.csv
E20260419 19:35:18.476165 140185484901888 output_stream.cpp:111] Opened result file: /shared_nfs/kyle/test/Hipkittens2/analysis/fp8_gemm/mi350x/r54b_pmc_results/8B_Down_mxfp8_rcr_set3/pmc_3/pt-test-2-l7n7x-master-0/2568361_agent_info.csv
W20260419 19:35:18.479353 140185484901888 simple_timer.cpp:55] [rocprofv3] output generation ::     0.121889 sec
W20260419 19:35:18.480639 140185484901888 simple_timer.cpp:55] [rocprofv3] tool finalization ::     0.123185 sec
W20260419 19:35:19.178545 139863884430848 simple_timer.cpp:55] [rocprofv3] tool initialization ::     0.149659 sec
W20260419 19:35:19.178777 139863884430848 simple_timer.cpp:55] [rocprofv3] 'python3 test_mxfp8_python.py 4096 4096 14336' ::     0.000000 sec
=== MXFP8 GEMM Layout Benchmark (preshuffle-quant): M=4096, N=4096, K=14336 ===
Warmup=3, iters=5, correctness=off
Layouts=rcr

--- RCR Layout: C = A @ B^T ---
W20260419 19:35:20.091239 139863884430848 tool.cpp:2420] HSA version 8.19.0 initialized (instance=0)
  Avg time: 543.1723 ms, TFLOPS: 0.89

Results saved to mxfp8_layout_results_4096x4096x14336_pq.json
W20260419 19:35:25.221140 139863884430848 simple_timer.cpp:55] [rocprofv3] 'python3 test_mxfp8_python.py 4096 4096 14336' ::     6.042364 sec
E20260419 19:35:25.312541 139863884430848 output_stream.cpp:111] Opened result file: /shared_nfs/kyle/test/Hipkittens2/analysis/fp8_gemm/mi350x/r54b_pmc_results/8B_Down_mxfp8_rcr_set3/pmc_4/pt-test-2-l7n7x-master-0/2568519_counter_collection.csv
E20260419 19:35:25.353086 139863884430848 output_stream.cpp:111] Opened result file: /shared_nfs/kyle/test/Hipkittens2/analysis/fp8_gemm/mi350x/r54b_pmc_results/8B_Down_mxfp8_rcr_set3/pmc_4/pt-test-2-l7n7x-master-0/2568519_agent_info.csv
W20260419 19:35:25.356261 139863884430848 simple_timer.cpp:55] [rocprofv3] output generation ::     0.121711 sec
W20260419 19:35:25.357870 139863884430848 simple_timer.cpp:55] [rocprofv3] tool finalization ::     0.123327 sec
W20260419 19:35:26.083087 140333826878976 simple_timer.cpp:55] [rocprofv3] tool initialization ::     0.142451 sec
W20260419 19:35:26.083287 140333826878976 simple_timer.cpp:55] [rocprofv3] 'python3 test_mxfp8_python.py 4096 4096 14336' ::     0.000000 sec
=== MXFP8 GEMM Layout Benchmark (preshuffle-quant): M=4096, N=4096, K=14336 ===
Warmup=3, iters=5, correctness=off
Layouts=rcr

--- RCR Layout: C = A @ B^T ---
W20260419 19:35:27.022952 140333826878976 tool.cpp:2420] HSA version 8.19.0 initialized (instance=0)
  Avg time: 542.8455 ms, TFLOPS: 0.89

Results saved to mxfp8_layout_results_4096x4096x14336_pq.json
W20260419 19:35:32.158542 140333826878976 simple_timer.cpp:55] [rocprofv3] 'python3 test_mxfp8_python.py 4096 4096 14336' ::     6.075256 sec
E20260419 19:35:32.245897 140333826878976 output_stream.cpp:111] Opened result file: /shared_nfs/kyle/test/Hipkittens2/analysis/fp8_gemm/mi350x/r54b_pmc_results/8B_Down_mxfp8_rcr_set3/pmc_5/pt-test-2-l7n7x-master-0/2568746_counter_collection.csv
E20260419 19:35:32.282925 140333826878976 output_stream.cpp:111] Opened result file: /shared_nfs/kyle/test/Hipkittens2/analysis/fp8_gemm/mi350x/r54b_pmc_results/8B_Down_mxfp8_rcr_set3/pmc_5/pt-test-2-l7n7x-master-0/2568746_agent_info.csv
W20260419 19:35:32.286056 140333826878976 simple_timer.cpp:55] [rocprofv3] output generation ::     0.113825 sec
W20260419 19:35:32.287841 140333826878976 simple_timer.cpp:55] [rocprofv3] tool finalization ::     0.115617 sec
