[sclk-pre-preheat] GPU[2]		: sclk clock level: 1: (1810Mhz)
[preheat 90.0s] done 15356 iters
[sclk-post-preheat] GPU[2]		: sclk clock level: 1: (1727Mhz)
CORRECTNESS_BVEC_vs_R42B abs_max_err=0.0000e+00 snr_db=inf
[sclk-pre-bench] GPU[2]		: sclk clock level: 1: (1747Mhz)
WARMUP 0 B_bvec=5.1419 A_r42b=0.4740
WARMUP 1 B_bvec=5.1562 A_r42b=0.4616
PAIR 0 B_bvec_1=5.1542 A_r42b_1=0.4691 B_bvec_2=5.1691 A_r42b_2=0.4713
PAIR 1 B_bvec_1=5.1552 A_r42b_1=0.9315 B_bvec_2=7.7003 A_r42b_2=0.9325
PAIR 2 B_bvec_1=10.0349 A_r42b_1=1.1196 B_bvec_2=10.0274 A_r42b_2=1.1200
PAIR 3 B_bvec_1=10.0124 A_r42b_1=1.1198 B_bvec_2=10.0499 A_r42b_2=1.1208
PAIR 4 B_bvec_1=10.0386 A_r42b_1=1.1205 B_bvec_2=10.0199 A_r42b_2=1.1157
PAIR 5 B_bvec_1=5.3060 A_r42b_1=0.7061 B_bvec_2=5.2413 A_r42b_2=0.4647
PAIR 6 B_bvec_1=5.2138 A_r42b_1=0.4604 B_bvec_2=5.2706 A_r42b_2=0.4622
PAIR 7 B_bvec_1=5.2199 A_r42b_1=0.7225 B_bvec_2=5.2311 A_r42b_2=0.4662
[sclk-post-bench] GPU[2]		: sclk clock level: 1: (1868Mhz)
R42B_BASELINE  median=0.8270 mean=0.8002 stdev=0.2981 n=16
BVEC_CANDIDATE median=5.2883 mean=7.1778 stdev=2.3621 n=16
Welch t (BVEC vs R42B) = +10.715  (positive = BVEC faster)
DELTA_MEDIAN_PCT BVEC_vs_R42B = +539.441%
FP8_REFERENCE  median=0.4736 mean=0.7191 stdev=0.3446 n=8
BVEC/FP8 ratio = 1116.64%
R42B/FP8 ratio = 174.63%
R42B_TFLOPS_LIST 0.4691,0.4713,0.9315,0.9325,1.1196,1.1200,1.1198,1.1208,1.1205,1.1157,0.7061,0.4647,0.4604,0.4622,0.7225,0.4662
BVEC_TFLOPS_LIST 5.1542,5.1691,5.1552,7.7003,10.0349,10.0274,10.0124,10.0499,10.0386,10.0199,5.3060,5.2413,5.2138,5.2706,5.2199,5.2311
FP8_TFLOPS_LIST 0.4660,1.1338,1.1377,1.1342,0.4760,0.4664,0.4712,0.4677
