[sclk-pre-preheat] GPU[2]		: sclk clock level: S: (95Mhz)
[preheat 90.0s] done 16380 iters
[sclk-post-preheat] GPU[2]		: sclk clock level: 1: (2107Mhz)
CORRECTNESS_BVEC_vs_R42B abs_max_err=0.0000e+00 snr_db=inf
[sclk-pre-bench] GPU[2]		: sclk clock level: 1: (2337Mhz)
WARMUP 0 B_bvec=3.8579 A_r42b=0.5593
WARMUP 1 B_bvec=3.8780 A_r42b=0.5590
PAIR 0 B_bvec_1=3.8791 A_r42b_1=0.5587 B_bvec_2=3.8796 A_r42b_2=0.5585
PAIR 1 B_bvec_1=3.8819 A_r42b_1=0.5581 B_bvec_2=3.8802 A_r42b_2=0.5598
PAIR 2 B_bvec_1=3.8836 A_r42b_1=0.5587 B_bvec_2=3.8808 A_r42b_2=0.5590
PAIR 3 B_bvec_1=3.8836 A_r42b_1=0.5596 B_bvec_2=3.8869 A_r42b_2=0.5597
PAIR 4 B_bvec_1=3.8847 A_r42b_1=0.5607 B_bvec_2=3.8875 A_r42b_2=0.5610
PAIR 5 B_bvec_1=3.8881 A_r42b_1=0.5616 B_bvec_2=3.9005 A_r42b_2=0.5614
PAIR 6 B_bvec_1=3.9016 A_r42b_1=0.5615 B_bvec_2=3.9005 A_r42b_2=0.5610
PAIR 7 B_bvec_1=3.8971 A_r42b_1=0.5609 B_bvec_2=3.9022 A_r42b_2=0.5628
[sclk-post-bench] GPU[2]		: sclk clock level: 1: (2398Mhz)
R42B_BASELINE  median=0.5603 mean=0.5602 stdev=0.0014 n=16
BVEC_CANDIDATE median=3.8858 mean=3.8886 stdev=0.0087 n=16
Welch t (BVEC vs R42B) = +1515.967  (positive = BVEC faster)
DELTA_MEDIAN_PCT BVEC_vs_R42B = +593.576%
FP8_REFERENCE  median=0.5659 mean=0.5659 stdev=0.0012 n=8
BVEC/FP8 ratio = 686.71%
R42B/FP8 ratio = 99.01%
R42B_TFLOPS_LIST 0.5587,0.5585,0.5581,0.5598,0.5587,0.5590,0.5596,0.5597,0.5607,0.5610,0.5616,0.5614,0.5615,0.5610,0.5609,0.5628
BVEC_TFLOPS_LIST 3.8791,3.8796,3.8819,3.8802,3.8836,3.8808,3.8836,3.8869,3.8847,3.8875,3.8881,3.9005,3.9016,3.9005,3.8971,3.9022
FP8_TFLOPS_LIST 0.5654,0.5645,0.5647,0.5651,0.5663,0.5669,0.5666,0.5681
