[sclk-pre-preheat] GPU[2]		: sclk clock level: S: (95Mhz)
[preheat 90.0s] done 16380 iters
[sclk-post-preheat] GPU[2]		: sclk clock level: 1: (2327Mhz)
CORRECTNESS_BVEC_vs_R42B abs_max_err=0.0000e+00 snr_db=inf
[sclk-pre-bench] GPU[2]		: sclk clock level: 1: (2321Mhz)
WARMUP 0 B_bvec=3.8869 A_r42b=0.5583
WARMUP 1 B_bvec=3.8819 A_r42b=0.5593
PAIR 0 B_bvec_1=3.8881 A_r42b_1=0.5593 B_bvec_2=3.8808 A_r42b_2=0.5594
PAIR 1 B_bvec_1=3.8954 A_r42b_1=0.5590 B_bvec_2=3.9022 A_r42b_2=0.5590
PAIR 2 B_bvec_1=3.8881 A_r42b_1=0.5593 B_bvec_2=3.8926 A_r42b_2=0.5593
PAIR 3 B_bvec_1=3.8960 A_r42b_1=0.5596 B_bvec_2=3.8864 A_r42b_2=0.5591
PAIR 4 B_bvec_1=3.8903 A_r42b_1=0.5594 B_bvec_2=3.8949 A_r42b_2=0.5600
PAIR 5 B_bvec_1=3.8825 A_r42b_1=0.5604 B_bvec_2=3.8864 A_r42b_2=0.5609
PAIR 6 B_bvec_1=3.8949 A_r42b_1=0.5609 B_bvec_2=3.8971 A_r42b_2=0.5610
PAIR 7 B_bvec_1=3.8971 A_r42b_1=0.5605 B_bvec_2=3.8937 A_r42b_2=0.5605
[sclk-post-bench] GPU[2]		: sclk clock level: 1: (2397Mhz)
R42B_BASELINE  median=0.5595 mean=0.5599 stdev=0.0007 n=16
BVEC_CANDIDATE median=3.8931 mean=3.8916 stdev=0.0059 n=16
Welch t (BVEC vs R42B) = +2255.301  (positive = BVEC faster)
DELTA_MEDIAN_PCT BVEC_vs_R42B = +595.800%
FP8_REFERENCE  median=0.5650 mean=0.5655 stdev=0.0012 n=8
BVEC/FP8 ratio = 689.03%
R42B/FP8 ratio = 99.03%
R42B_TFLOPS_LIST 0.5593,0.5594,0.5590,0.5590,0.5593,0.5593,0.5596,0.5591,0.5594,0.5600,0.5604,0.5609,0.5609,0.5610,0.5605,0.5605
BVEC_TFLOPS_LIST 3.8881,3.8808,3.8954,3.9022,3.8881,3.8926,3.8960,3.8864,3.8903,3.8949,3.8825,3.8864,3.8949,3.8971,3.8971,3.8937
FP8_TFLOPS_LIST 0.5643,0.5649,0.5647,0.5646,0.5651,0.5673,0.5668,0.5664
