[sclk-pre-preheat] GPU[2]		: sclk clock level: S: (95Mhz)
[preheat 90.0s] done 16380 iters
[sclk-post-preheat] GPU[2]		: sclk clock level: 1: (2321Mhz)
CORRECTNESS_BVEC_vs_R42B abs_max_err=0.0000e+00 snr_db=inf
[sclk-pre-bench] GPU[2]		: sclk clock level: 1: (2373Mhz)
WARMUP 0 B_bvec=10.6184 A_r42b=1.1267
WARMUP 1 B_bvec=10.6394 A_r42b=1.1281
PAIR 0 B_bvec_1=10.6542 A_r42b_1=1.1279 B_bvec_2=10.6394 A_r42b_2=1.1291
PAIR 1 B_bvec_1=10.6458 A_r42b_1=1.1303 B_bvec_2=10.6542 A_r42b_2=1.1300
PAIR 2 B_bvec_1=10.6468 A_r42b_1=1.1286 B_bvec_2=10.6436 A_r42b_2=1.1282
PAIR 3 B_bvec_1=10.6521 A_r42b_1=1.1282 B_bvec_2=10.6395 A_r42b_2=1.1290
PAIR 4 B_bvec_1=10.6342 A_r42b_1=1.1278 B_bvec_2=10.6016 A_r42b_2=1.1273
PAIR 5 B_bvec_1=10.6048 A_r42b_1=1.1292 B_bvec_2=10.5985 A_r42b_2=1.1289
PAIR 6 B_bvec_1=10.6016 A_r42b_1=1.1251 B_bvec_2=10.5912 A_r42b_2=1.1234
PAIR 7 B_bvec_1=10.5901 A_r42b_1=1.1271 B_bvec_2=10.5912 A_r42b_2=1.1270
[sclk-post-bench] GPU[2]		: sclk clock level: 1: (2400Mhz)
R42B_BASELINE  median=1.1282 mean=1.1280 stdev=0.0018 n=16
BVEC_CANDIDATE median=10.6368 mean=10.6243 stdev=0.0257 n=16
Welch t (BVEC vs R42B) = +1474.713  (positive = BVEC faster)
DELTA_MEDIAN_PCT BVEC_vs_R42B = +842.805%
FP8_REFERENCE  median=1.1365 mean=1.1371 stdev=0.0029 n=8
BVEC/FP8 ratio = 935.91%
R42B/FP8 ratio = 99.27%
R42B_TFLOPS_LIST 1.1279,1.1291,1.1303,1.1300,1.1286,1.1282,1.1282,1.1290,1.1278,1.1273,1.1292,1.1289,1.1251,1.1234,1.1271,1.1270
BVEC_TFLOPS_LIST 10.6542,10.6394,10.6458,10.6542,10.6468,10.6436,10.6521,10.6395,10.6342,10.6016,10.6048,10.5985,10.6016,10.5912,10.5901,10.5912
FP8_TFLOPS_LIST 1.1427,1.1371,1.1359,1.1376,1.1333,1.1355,1.1352,1.1394
