[sclk-pre-preheat] GPU[2]		: sclk clock level: 1: (1808Mhz)
[preheat 90.0s] done 15356 iters
[sclk-post-preheat] GPU[2]		: sclk clock level: 1: (1738Mhz)
CORRECTNESS_BVEC_vs_R42B abs_max_err=0.0000e+00 snr_db=inf
[sclk-pre-bench] GPU[2]		: sclk clock level: 1: (1742Mhz)
WARMUP 0 B_bvec=5.2623 A_r42b=0.4702
WARMUP 1 B_bvec=5.2794 A_r42b=0.4635
PAIR 0 B_bvec_1=5.2737 A_r42b_1=0.4628 B_bvec_2=5.2454 A_r42b_2=0.7252
PAIR 1 B_bvec_1=5.2077 A_r42b_1=0.4707 B_bvec_2=5.2747 A_r42b_2=0.7266
PAIR 2 B_bvec_1=5.2148 A_r42b_1=0.9316 B_bvec_2=7.8535 A_r42b_2=0.9313
PAIR 3 B_bvec_1=10.2143 A_r42b_1=1.1227 B_bvec_2=10.2966 A_r42b_2=1.1227
PAIR 4 B_bvec_1=10.2124 A_r42b_1=1.1213 B_bvec_2=10.2690 A_r42b_2=1.1213
PAIR 5 B_bvec_1=10.3164 A_r42b_1=1.1215 B_bvec_2=10.3263 A_r42b_2=1.1219
PAIR 6 B_bvec_1=10.2611 A_r42b_1=1.1217 B_bvec_2=10.2651 A_r42b_2=1.1230
PAIR 7 B_bvec_1=10.3045 A_r42b_1=1.1210 B_bvec_2=10.2848 A_r42b_2=1.1220
[sclk-post-bench] GPU[2]		: sclk clock level: 1: (2400Mhz)
R42B_BASELINE  median=1.1213 mean=0.9667 stdev=0.2394 n=16
BVEC_CANDIDATE median=10.2377 mean=8.5513 stdev=2.3795 n=16
Welch t (BVEC vs R42B) = +12.686  (positive = BVEC faster)
DELTA_MEDIAN_PCT BVEC_vs_R42B = +812.988%
FP8_REFERENCE  median=1.1346 mean=0.9684 stdev=0.3096 n=8
BVEC/FP8 ratio = 902.28%
R42B/FP8 ratio = 98.83%
R42B_TFLOPS_LIST 0.4628,0.7252,0.4707,0.7266,0.9316,0.9313,1.1227,1.1227,1.1213,1.1213,1.1215,1.1219,1.1217,1.1230,1.1210,1.1220
BVEC_TFLOPS_LIST 5.2737,5.2454,5.2077,5.2747,5.2148,7.8535,10.2143,10.2966,10.2124,10.2690,10.3164,10.3263,10.2611,10.2651,10.3045,10.2848
FP8_TFLOPS_LIST 0.4663,0.4673,1.1315,1.1335,1.1358,1.1358,1.1387,1.1380
