[sclk-pre-preheat] GPU[2]		: sclk clock level: 1: (1704Mhz)
[preheat 90.0s] done 9212 iters
[sclk-post-preheat] GPU[2]		: sclk clock level: 1: (2400Mhz)
CORRECTNESS_BVEC_vs_R42B abs_max_err=0.0000e+00 snr_db=inf
[sclk-pre-bench] GPU[2]		: sclk clock level: 1: (2322Mhz)
WARMUP 0 B_bvec=3.5715 A_r42b=0.5544
WARMUP 1 B_bvec=3.5772 A_r42b=0.5547
PAIR 0 B_bvec_1=3.5810 A_r42b_1=0.5547 B_bvec_2=3.5677 A_r42b_2=0.5548
PAIR 1 B_bvec_1=3.5829 A_r42b_1=0.5548 B_bvec_2=3.5810 A_r42b_2=0.5545
PAIR 2 B_bvec_1=3.5677 A_r42b_1=0.5548 B_bvec_2=3.5810 A_r42b_2=0.5548
PAIR 3 B_bvec_1=3.5715 A_r42b_1=0.5546 B_bvec_2=3.5715 A_r42b_2=0.5542
PAIR 4 B_bvec_1=3.5772 A_r42b_1=0.5543 B_bvec_2=3.5772 A_r42b_2=0.5539
PAIR 5 B_bvec_1=3.5715 A_r42b_1=0.5533 B_bvec_2=2.3297 A_r42b_2=0.4253
PAIR 6 B_bvec_1=2.3077 A_r42b_1=0.4138 B_bvec_2=2.2947 A_r42b_2=0.4169
PAIR 7 B_bvec_1=2.3022 A_r42b_1=0.4222 B_bvec_2=2.3133 A_r42b_2=0.4370
[sclk-post-bench] GPU[2]		: sclk clock level: 1: (1703Mhz)
R42B_BASELINE  median=0.5543 mean=0.5134 stdev=0.0631 n=16
BVEC_CANDIDATE median=3.5715 mean=3.1799 stdev=0.6061 n=16
Welch t (BVEC vs R42B) = +17.503  (positive = BVEC faster)
DELTA_MEDIAN_PCT BVEC_vs_R42B = +544.331%
FP8_REFERENCE  median=0.5593 mean=0.5067 stdev=0.0740 n=8
BVEC/FP8 ratio = 638.58%
R42B/FP8 ratio = 99.11%
R42B_TFLOPS_LIST 0.5547,0.5548,0.5548,0.5545,0.5548,0.5548,0.5546,0.5542,0.5543,0.5539,0.5533,0.4253,0.4138,0.4169,0.4222,0.4370
BVEC_TFLOPS_LIST 3.5810,3.5677,3.5829,3.5810,3.5677,3.5810,3.5715,3.5715,3.5772,3.5772,3.5715,2.3297,2.3077,2.2947,2.3022,2.3133
FP8_TFLOPS_LIST 0.5611,0.5604,0.5612,0.5601,0.5585,0.4171,0.4171,0.4177
