[sclk-pre-preheat] GPU[2]		: sclk clock level: S: (95Mhz)
[preheat 90.0s] done 16380 iters
[sclk-post-preheat] GPU[2]		: sclk clock level: 1: (2044Mhz)
CORRECTNESS_BVEC_vs_R42B abs_max_err=0.0000e+00 snr_db=inf
[sclk-pre-bench] GPU[2]		: sclk clock level: 1: (2293Mhz)
WARMUP 0 B_bvec=10.6542 A_r42b=1.1271
WARMUP 1 B_bvec=10.6352 A_r42b=1.1263
PAIR 0 B_bvec_1=10.6458 A_r42b_1=1.1265 B_bvec_2=10.6394 A_r42b_2=1.1258
PAIR 1 B_bvec_1=10.6310 A_r42b_1=1.1265 B_bvec_2=10.6163 A_r42b_2=1.1256
PAIR 2 B_bvec_1=10.6310 A_r42b_1=1.1267 B_bvec_2=10.6331 A_r42b_2=1.1282
PAIR 3 B_bvec_1=10.6352 A_r42b_1=1.1277 B_bvec_2=10.6373 A_r42b_2=1.1272
PAIR 4 B_bvec_1=10.6394 A_r42b_1=1.1298 B_bvec_2=10.6701 A_r42b_2=1.1305
PAIR 5 B_bvec_1=10.6564 A_r42b_1=1.1303 B_bvec_2=10.6458 A_r42b_2=1.1291
PAIR 6 B_bvec_1=10.6818 A_r42b_1=1.1289 B_bvec_2=10.6606 A_r42b_2=1.1296
PAIR 7 B_bvec_1=10.6796 A_r42b_1=1.1291 B_bvec_2=10.6690 A_r42b_2=1.1287
[sclk-post-bench] GPU[2]		: sclk clock level: 1: (2400Mhz)
R42B_BASELINE  median=1.1284 mean=1.1281 stdev=0.0016 n=16
BVEC_CANDIDATE median=10.6426 mean=10.6482 stdev=0.0192 n=16
Welch t (BVEC vs R42B) = +1975.283  (positive = BVEC faster)
DELTA_MEDIAN_PCT BVEC_vs_R42B = +843.145%
FP8_REFERENCE  median=1.1373 mean=1.1374 stdev=0.0018 n=8
BVEC/FP8 ratio = 935.81%
R42B/FP8 ratio = 99.22%
R42B_TFLOPS_LIST 1.1265,1.1258,1.1265,1.1256,1.1267,1.1282,1.1277,1.1272,1.1298,1.1305,1.1303,1.1291,1.1289,1.1296,1.1291,1.1287
BVEC_TFLOPS_LIST 10.6458,10.6394,10.6310,10.6163,10.6310,10.6331,10.6352,10.6373,10.6394,10.6701,10.6564,10.6458,10.6818,10.6606,10.6796,10.6690
FP8_TFLOPS_LIST 1.1353,1.1355,1.1372,1.1384,1.1400,1.1395,1.1373,1.1362
