[sclk-pre-preheat] GPU[2]		: sclk clock level: 1: (1701Mhz)
[preheat 90.0s] done 10236 iters
[sclk-post-preheat] GPU[2]		: sclk clock level: 1: (1730Mhz)
CORRECTNESS_BVEC_vs_R42B abs_max_err=0.0000e+00 snr_db=inf
[sclk-pre-bench] GPU[2]		: sclk clock level: 1: (1744Mhz)
WARMUP 0 B_bvec=3.5582 A_r42b=0.5277
WARMUP 1 B_bvec=2.5181 A_r42b=0.4192
PAIR 0 B_bvec_1=2.2888 A_r42b_1=0.0987 B_bvec_2=0.0374 A_r42b_2=0.0941
PAIR 1 B_bvec_1=0.0371 A_r42b_1=0.0797 B_bvec_2=0.0369 A_r42b_2=0.0848
PAIR 2 B_bvec_1=0.0401 A_r42b_1=0.0907 B_bvec_2=0.0371 A_r42b_2=0.0981
PAIR 3 B_bvec_1=2.3057 A_r42b_1=0.4156 B_bvec_2=3.5696 A_r42b_2=0.5553
PAIR 4 B_bvec_1=3.5791 A_r42b_1=0.5550 B_bvec_2=3.5810 A_r42b_2=0.5550
PAIR 5 B_bvec_1=3.5829 A_r42b_1=0.5557 B_bvec_2=3.5801 A_r42b_2=0.5551
PAIR 6 B_bvec_1=3.5753 A_r42b_1=0.5545 B_bvec_2=3.5791 A_r42b_2=0.5542
PAIR 7 B_bvec_1=3.5677 A_r42b_1=0.5552 B_bvec_2=3.5772 A_r42b_2=0.5554
[sclk-post-bench] GPU[2]		: sclk clock level: 1: (2397Mhz)
R42B_BASELINE  median=0.5544 mean=0.3723 stdev=0.2277 n=16
BVEC_CANDIDATE median=3.5686 mean=2.3109 stdev=1.6383 n=16
Welch t (BVEC vs R42B) = +4.688  (positive = BVEC faster)
DELTA_MEDIAN_PCT BVEC_vs_R42B = +543.724%
FP8_REFERENCE  median=0.5614 mean=0.3854 stdev=0.2443 n=8
BVEC/FP8 ratio = 635.65%
R42B/FP8 ratio = 98.75%
R42B_TFLOPS_LIST 0.0987,0.0941,0.0797,0.0848,0.0907,0.0981,0.4156,0.5553,0.5550,0.5550,0.5557,0.5551,0.5545,0.5542,0.5552,0.5554
BVEC_TFLOPS_LIST 2.2888,0.0374,0.0371,0.0369,0.0401,0.0371,2.3057,3.5696,3.5791,3.5810,3.5829,3.5801,3.5753,3.5791,3.5677,3.5772
FP8_TFLOPS_LIST 0.0984,0.0818,0.0912,0.5630,0.5632,0.5627,0.5614,0.5615
