[sclk-pre-preheat] GPU[2]		: sclk clock level: S: (95Mhz)
[preheat 90.0s] done 17404 iters
[sclk-post-preheat] GPU[2]		: sclk clock level: 1: (2317Mhz)
CORRECTNESS_BVEC_vs_R42B abs_max_err=0.0000e+00 snr_db=inf
[sclk-pre-bench] GPU[2]		: sclk clock level: 1: (2343Mhz)
WARMUP 0 B_bvec=10.4489 A_r42b=1.1237
WARMUP 1 B_bvec=10.4734 A_r42b=1.1235
PAIR 0 B_bvec_1=10.4693 A_r42b_1=1.1227 B_bvec_2=10.4550 A_r42b_2=1.1241
PAIR 1 B_bvec_1=10.4581 A_r42b_1=1.1256 B_bvec_2=10.4611 A_r42b_2=1.1260
PAIR 2 B_bvec_1=10.4795 A_r42b_1=1.1244 B_bvec_2=10.4703 A_r42b_2=1.1252
PAIR 3 B_bvec_1=10.4816 A_r42b_1=1.1272 B_bvec_2=10.4908 A_r42b_2=1.1277
PAIR 4 B_bvec_1=10.4980 A_r42b_1=1.1286 B_bvec_2=10.5031 A_r42b_2=1.1290
PAIR 5 B_bvec_1=10.5103 A_r42b_1=1.1285 B_bvec_2=10.4918 A_r42b_2=1.1305
PAIR 6 B_bvec_1=10.5196 A_r42b_1=1.1298 B_bvec_2=10.5062 A_r42b_2=1.1292
PAIR 7 B_bvec_1=10.5000 A_r42b_1=1.1282 B_bvec_2=10.5000 A_r42b_2=1.1254
[sclk-post-bench] GPU[2]		: sclk clock level: 1: (2400Mhz)
R42B_BASELINE  median=1.1274 mean=1.1270 stdev=0.0023 n=16
BVEC_CANDIDATE median=10.4913 mean=10.4872 stdev=0.0199 n=16
Welch t (BVEC vs R42B) = +1870.967  (positive = BVEC faster)
DELTA_MEDIAN_PCT BVEC_vs_R42B = +830.538%
FP8_REFERENCE  median=1.1383 mean=1.1382 stdev=0.0021 n=8
BVEC/FP8 ratio = 921.70%
R42B/FP8 ratio = 99.05%
R42B_TFLOPS_LIST 1.1227,1.1241,1.1256,1.1260,1.1244,1.1252,1.1272,1.1277,1.1286,1.1290,1.1285,1.1305,1.1298,1.1292,1.1282,1.1254
BVEC_TFLOPS_LIST 10.4693,10.4550,10.4581,10.4611,10.4795,10.4703,10.4816,10.4908,10.4980,10.5031,10.5103,10.4918,10.5196,10.5062,10.5000,10.5000
FP8_TFLOPS_LIST 1.1346,1.1369,1.1374,1.1394,1.1391,1.1409,1.1404,1.1369
