[sclk-pre-preheat] GPU[2]		: sclk clock level: 1: (1749Mhz)
[preheat 90.0s] done 9212 iters
[sclk-post-preheat] GPU[2]		: sclk clock level: 1: (1746Mhz)
CORRECTNESS_BVEC_vs_R42B abs_max_err=0.0000e+00 snr_db=inf
[sclk-pre-bench] GPU[2]		: sclk clock level: 1: (1708Mhz)
WARMUP 0 B_bvec=2.3436 A_r42b=0.4156
WARMUP 1 B_bvec=2.2580 A_r42b=0.0950
PAIR 0 B_bvec_1=0.0366 A_r42b_1=0.0881 B_bvec_2=0.0367 A_r42b_2=0.0900
PAIR 1 B_bvec_1=0.0370 A_r42b_1=0.0923 B_bvec_2=0.0370 A_r42b_2=0.0978
PAIR 2 B_bvec_1=0.0379 A_r42b_1=0.4556 B_bvec_2=0.7749 A_r42b_2=0.5323
PAIR 3 B_bvec_1=2.8740 A_r42b_1=0.5353 B_bvec_2=2.3481 A_r42b_2=0.5352
PAIR 4 B_bvec_1=2.8802 A_r42b_1=0.5379 B_bvec_2=2.8777 A_r42b_2=0.5365
PAIR 5 B_bvec_1=2.8716 A_r42b_1=0.5349 B_bvec_2=2.8765 A_r42b_2=0.5528
PAIR 6 B_bvec_1=3.5564 A_r42b_1=0.5529 B_bvec_2=3.5413 A_r42b_2=0.5527
PAIR 7 B_bvec_1=3.5620 A_r42b_1=0.5542 B_bvec_2=3.5620 A_r42b_2=0.5543
[sclk-post-bench] GPU[2]		: sclk clock level: 1: (1888Mhz)
R42B_BASELINE  median=0.5353 mean=0.4252 stdev=0.2000 n=16
BVEC_CANDIDATE median=2.8728 mean=1.9944 stdev=1.5144 n=16
Welch t (BVEC vs R42B) = +4.109  (positive = BVEC faster)
DELTA_MEDIAN_PCT BVEC_vs_R42B = +436.697%
FP8_REFERENCE  median=0.2916 mean=0.3350 stdev=0.1821 n=8
BVEC/FP8 ratio = 985.28%
R42B/FP8 ratio = 183.58%
R42B_TFLOPS_LIST 0.0881,0.0900,0.0923,0.0978,0.4556,0.5323,0.5353,0.5352,0.5379,0.5365,0.5349,0.5528,0.5529,0.5527,0.5542,0.5543
BVEC_TFLOPS_LIST 0.0366,0.0367,0.0370,0.0370,0.0379,0.7749,2.8740,2.3481,2.8802,2.8777,2.8716,2.8765,3.5564,3.5413,3.5620,3.5620
FP8_TFLOPS_LIST 0.1100,0.1027,0.2864,0.2913,0.2918,0.5596,0.5594,0.4785
