[sclk-pre-preheat] GPU[3]		: sclk clock level: S: (95Mhz)
[preheat 90.0s] done 17404 iters
[sclk-post-preheat] GPU[3]		: sclk clock level: 1: (2237Mhz)
CORRECTNESS_BVEC_vs_R42B abs_max_err=0.0000e+00 snr_db=inf
[sclk-pre-bench] GPU[3]		: sclk clock level: 1: (2332Mhz)
WARMUP 0 B_bvec=10.5849 A_r42b=1.1302
WARMUP 1 B_bvec=10.6205 A_r42b=1.1291
PAIR 0 B_bvec_1=10.6457 A_r42b_1=1.1279 B_bvec_2=10.6152 A_r42b_2=1.1281
PAIR 1 B_bvec_1=10.6110 A_r42b_1=1.1264 B_bvec_2=10.6089 A_r42b_2=1.1249
PAIR 2 B_bvec_1=10.6121 A_r42b_1=1.1245 B_bvec_2=10.6173 A_r42b_2=1.1252
PAIR 3 B_bvec_1=10.6016 A_r42b_1=1.1235 B_bvec_2=10.6016 A_r42b_2=1.1240
PAIR 4 B_bvec_1=10.6037 A_r42b_1=1.1240 B_bvec_2=10.6131 A_r42b_2=1.1239
PAIR 5 B_bvec_1=10.5995 A_r42b_1=1.1235 B_bvec_2=10.5922 A_r42b_2=1.1241
PAIR 6 B_bvec_1=10.6384 A_r42b_1=1.1268 B_bvec_2=10.6458 A_r42b_2=1.1294
PAIR 7 B_bvec_1=10.6627 A_r42b_1=1.1328 B_bvec_2=10.6775 A_r42b_2=1.1342
[sclk-post-bench] GPU[3]		: sclk clock level: 1: (2411Mhz)
R42B_BASELINE  median=1.1250 mean=1.1264 stdev=0.0033 n=16
BVEC_CANDIDATE median=10.6126 mean=10.6217 stdev=0.0248 n=16
Welch t (BVEC vs R42B) = +1518.101  (positive = BVEC faster)
DELTA_MEDIAN_PCT BVEC_vs_R42B = +843.306%
FP8_REFERENCE  median=1.1387 mean=1.1391 stdev=0.0032 n=8
BVEC/FP8 ratio = 931.96%
R42B/FP8 ratio = 98.80%
R42B_TFLOPS_LIST 1.1279,1.1281,1.1264,1.1249,1.1245,1.1252,1.1235,1.1240,1.1240,1.1239,1.1235,1.1241,1.1268,1.1294,1.1328,1.1342
BVEC_TFLOPS_LIST 10.6457,10.6152,10.6110,10.6089,10.6121,10.6173,10.6016,10.6016,10.6037,10.6131,10.5995,10.5922,10.6384,10.6458,10.6627,10.6775
FP8_TFLOPS_LIST 1.1409,1.1394,1.1358,1.1373,1.1352,1.1381,1.1409,1.1451
