[sclk-pre-preheat] GPU[3]		: sclk clock level: 1: (1670Mhz)
[preheat 90.0s] done 9212 iters
[sclk-post-preheat] GPU[3]		: sclk clock level: 1: (1783Mhz)
CORRECTNESS_BVEC_vs_R42B abs_max_err=0.0000e+00 snr_db=inf
[sclk-pre-bench] GPU[3]		: sclk clock level: 1: (1788Mhz)
WARMUP 0 B_bvec=2.6897 A_r42b=0.4996
WARMUP 1 B_bvec=2.6886 A_r42b=0.5056
PAIR 0 B_bvec_1=2.6779 A_r42b_1=0.4907 B_bvec_2=2.5945 A_r42b_2=0.0787
PAIR 1 B_bvec_1=0.2048 A_r42b_1=0.0780 B_bvec_2=0.1929 A_r42b_2=0.0763
PAIR 2 B_bvec_1=0.0644 A_r42b_1=0.0792 B_bvec_2=0.1942 A_r42b_2=0.0961
PAIR 3 B_bvec_1=0.0391 A_r42b_1=0.0834 B_bvec_2=0.0377 A_r42b_2=0.0967
PAIR 4 B_bvec_1=1.3314 A_r42b_1=0.2365 B_bvec_2=1.4840 A_r42b_2=0.2463
PAIR 5 B_bvec_1=1.0481 A_r42b_1=0.2322 B_bvec_2=1.3320 A_r42b_2=0.2411
PAIR 6 B_bvec_1=1.1843 A_r42b_1=0.2325 B_bvec_2=1.3346 A_r42b_2=0.4788
PAIR 7 B_bvec_1=2.6001 A_r42b_1=0.5079 B_bvec_2=2.5940 A_r42b_2=0.5058
[sclk-post-bench] GPU[3]		: sclk clock level: 1: (1806Mhz)
R42B_BASELINE  median=0.2324 mean=0.2350 stdev=0.1699 n=16
BVEC_CANDIDATE median=1.2578 mean=1.1821 stdev=1.0063 n=16
Welch t (BVEC vs R42B) = +3.712  (positive = BVEC faster)
DELTA_MEDIAN_PCT BVEC_vs_R42B = +441.353%
FP8_REFERENCE  median=0.2244 mean=0.2750 stdev=0.1649 n=8
BVEC/FP8 ratio = 560.56%
R42B/FP8 ratio = 103.55%
R42B_TFLOPS_LIST 0.4907,0.0787,0.0780,0.0763,0.0792,0.0961,0.0834,0.0967,0.2365,0.2463,0.2322,0.2411,0.2325,0.4788,0.5079,0.5058
BVEC_TFLOPS_LIST 2.6779,2.5945,0.2048,0.1929,0.0644,0.1942,0.0391,0.0377,1.3314,1.4840,1.0481,1.3320,1.1843,1.3346,2.6001,2.5940
FP8_TFLOPS_LIST 0.0834,0.0777,0.4326,0.2091,0.2251,0.2237,0.4532,0.4954
