[sclk-pre-preheat] GPU[3]		: sclk clock level: 1: (158Mhz)
[preheat 90.0s] done 16380 iters
[sclk-post-preheat] GPU[3]		: sclk clock level: 1: (2381Mhz)
CORRECTNESS_BVEC_vs_R42B abs_max_err=0.0000e+00 snr_db=inf
[sclk-pre-bench] GPU[3]		: sclk clock level: 1: (2371Mhz)
WARMUP 0 B_bvec=10.2085 A_r42b=1.1195
WARMUP 1 B_bvec=10.2651 A_r42b=1.1200
PAIR 0 B_bvec_1=10.2848 A_r42b_1=1.1215 B_bvec_2=10.2848 A_r42b_2=1.1207
PAIR 1 B_bvec_1=10.2749 A_r42b_1=1.1196 B_bvec_2=10.2966 A_r42b_2=1.1225
PAIR 2 B_bvec_1=10.3006 A_r42b_1=1.1244 B_bvec_2=10.3164 A_r42b_2=1.1248
PAIR 3 B_bvec_1=10.3322 A_r42b_1=1.1284 B_bvec_2=10.3243 A_r42b_2=1.1304
PAIR 4 B_bvec_1=10.3322 A_r42b_1=1.1291 B_bvec_2=10.3442 A_r42b_2=1.1306
PAIR 5 B_bvec_1=10.3363 A_r42b_1=1.1299 B_bvec_2=10.3303 A_r42b_2=1.1294
PAIR 6 B_bvec_1=10.3243 A_r42b_1=1.1280 B_bvec_2=10.3303 A_r42b_2=1.1301
PAIR 7 B_bvec_1=10.3283 A_r42b_1=1.1294 B_bvec_2=10.3322 A_r42b_2=1.1279
[sclk-post-bench] GPU[3]		: sclk clock level: 1: (2410Mhz)
R42B_BASELINE  median=1.1282 mean=1.1267 stdev=0.0038 n=16
BVEC_CANDIDATE median=10.3263 mean=10.3170 stdev=0.0215 n=16
Welch t (BVEC vs R42B) = +1684.299  (positive = BVEC faster)
DELTA_MEDIAN_PCT BVEC_vs_R42B = +815.303%
FP8_REFERENCE  median=1.1389 mean=1.1381 stdev=0.0028 n=8
BVEC/FP8 ratio = 906.67%
R42B/FP8 ratio = 99.06%
R42B_TFLOPS_LIST 1.1215,1.1207,1.1196,1.1225,1.1244,1.1248,1.1284,1.1304,1.1291,1.1306,1.1299,1.1294,1.1280,1.1301,1.1294,1.1279
BVEC_TFLOPS_LIST 10.2848,10.2848,10.2749,10.2966,10.3006,10.3164,10.3322,10.3243,10.3322,10.3442,10.3363,10.3303,10.3243,10.3303,10.3283,10.3322
FP8_TFLOPS_LIST 1.1329,1.1353,1.1373,1.1396,1.1416,1.1399,1.1392,1.1386
