[sclk-pre-preheat] GPU[3]		: sclk clock level: S: (95Mhz)
[preheat 90.0s] done 16380 iters
[sclk-post-preheat] GPU[3]		: sclk clock level: 1: (2269Mhz)
CORRECTNESS_BVEC_vs_R42B abs_max_err=0.0000e+00 snr_db=inf
[sclk-pre-bench] GPU[3]		: sclk clock level: 1: (2380Mhz)
WARMUP 0 B_bvec=3.8881 A_r42b=0.5639
WARMUP 1 B_bvec=3.9034 A_r42b=0.5640
PAIR 0 B_bvec_1=3.9119 A_r42b_1=0.5650 B_bvec_2=3.9130 A_r42b_2=0.5651
PAIR 1 B_bvec_1=3.9210 A_r42b_1=0.5650 B_bvec_2=3.9159 A_r42b_2=0.5648
PAIR 2 B_bvec_1=3.9164 A_r42b_1=0.5645 B_bvec_2=3.9164 A_r42b_2=0.5650
PAIR 3 B_bvec_1=3.8612 A_r42b_1=0.5632 B_bvec_2=3.8701 A_r42b_2=0.5629
PAIR 4 B_bvec_1=3.8590 A_r42b_1=0.5623 B_bvec_2=3.8601 A_r42b_2=0.5626
PAIR 5 B_bvec_1=3.8601 A_r42b_1=0.5617 B_bvec_2=3.8601 A_r42b_2=0.5614
PAIR 6 B_bvec_1=3.8546 A_r42b_1=0.5615 B_bvec_2=3.8612 A_r42b_2=0.5613
PAIR 7 B_bvec_1=3.8590 A_r42b_1=0.5613 B_bvec_2=3.8568 A_r42b_2=0.5615
[sclk-post-bench] GPU[3]		: sclk clock level: 1: (2409Mhz)
R42B_BASELINE  median=0.5628 mean=0.5631 stdev=0.0016 n=16
BVEC_CANDIDATE median=3.8612 mean=3.8811 stdev=0.0280 n=16
Welch t (BVEC vs R42B) = +473.186  (positive = BVEC faster)
DELTA_MEDIAN_PCT BVEC_vs_R42B = +586.129%
FP8_REFERENCE  median=0.5689 mean=0.5686 stdev=0.0015 n=8
BVEC/FP8 ratio = 678.78%
R42B/FP8 ratio = 98.93%
R42B_TFLOPS_LIST 0.5650,0.5651,0.5650,0.5648,0.5645,0.5650,0.5632,0.5629,0.5623,0.5626,0.5617,0.5614,0.5615,0.5613,0.5613,0.5615
BVEC_TFLOPS_LIST 3.9119,3.9130,3.9210,3.9159,3.9164,3.9164,3.8612,3.8701,3.8590,3.8601,3.8601,3.8601,3.8546,3.8612,3.8590,3.8568
FP8_TFLOPS_LIST 0.5703,0.5701,0.5698,0.5687,0.5690,0.5683,0.5666,0.5664
