[sclk-pre-preheat] GPU[3]		: sclk clock level: S: (95Mhz)
[preheat 90.0s] done 17404 iters
[sclk-post-preheat] GPU[3]		: sclk clock level: 1: (2101Mhz)
CORRECTNESS_BVEC_vs_R42B abs_max_err=0.0000e+00 snr_db=inf
[sclk-pre-bench] GPU[3]		: sclk clock level: 1: (2373Mhz)
WARMUP 0 B_bvec=3.9216 A_r42b=0.5642
WARMUP 1 B_bvec=3.9085 A_r42b=0.5645
PAIR 0 B_bvec_1=3.9256 A_r42b_1=0.5648 B_bvec_2=3.9136 A_r42b_2=0.5643
PAIR 1 B_bvec_1=3.9268 A_r42b_1=0.5647 B_bvec_2=3.9107 A_r42b_2=0.5664
PAIR 2 B_bvec_1=3.9325 A_r42b_1=0.5660 B_bvec_2=3.9325 A_r42b_2=0.5659
PAIR 3 B_bvec_1=3.9290 A_r42b_1=0.5662 B_bvec_2=3.9325 A_r42b_2=0.5658
PAIR 4 B_bvec_1=3.9279 A_r42b_1=0.5650 B_bvec_2=3.9279 A_r42b_2=0.5648
PAIR 5 B_bvec_1=3.9279 A_r42b_1=0.5648 B_bvec_2=3.9233 A_r42b_2=0.5646
PAIR 6 B_bvec_1=3.9268 A_r42b_1=0.5633 B_bvec_2=3.9256 A_r42b_2=0.5628
PAIR 7 B_bvec_1=3.9279 A_r42b_1=0.5629 B_bvec_2=3.9233 A_r42b_2=0.5616
[sclk-post-bench] GPU[3]		: sclk clock level: 1: (2411Mhz)
R42B_BASELINE  median=0.5648 mean=0.5646 stdev=0.0014 n=16
BVEC_CANDIDATE median=3.9273 mean=3.9259 stdev=0.0061 n=16
Welch t (BVEC vs R42B) = +2160.937  (positive = BVEC faster)
DELTA_MEDIAN_PCT BVEC_vs_R42B = +595.398%
FP8_REFERENCE  median=0.5691 mean=0.5689 stdev=0.0013 n=8
BVEC/FP8 ratio = 690.10%
R42B/FP8 ratio = 99.24%
R42B_TFLOPS_LIST 0.5648,0.5643,0.5647,0.5664,0.5660,0.5659,0.5662,0.5658,0.5650,0.5648,0.5648,0.5646,0.5633,0.5628,0.5629,0.5616
BVEC_TFLOPS_LIST 3.9256,3.9136,3.9268,3.9107,3.9325,3.9325,3.9290,3.9325,3.9279,3.9279,3.9279,3.9233,3.9268,3.9256,3.9279,3.9233
FP8_TFLOPS_LIST 0.5691,0.5706,0.5702,0.5694,0.5689,0.5690,0.5674,0.5669
