[sclk-pre-preheat] GPU[3]		: sclk clock level: S: (95Mhz)
[preheat 90.0s] done 16380 iters
[sclk-post-preheat] GPU[3]		: sclk clock level: 1: (2203Mhz)
CORRECTNESS_BVEC_vs_R42B abs_max_err=0.0000e+00 snr_db=inf
[sclk-pre-bench] GPU[3]		: sclk clock level: 1: (2353Mhz)
WARMUP 0 B_bvec=3.9056 A_r42b=0.5641
WARMUP 1 B_bvec=3.9176 A_r42b=0.5651
PAIR 0 B_bvec_1=3.9096 A_r42b_1=0.5649 B_bvec_2=3.9142 A_r42b_2=0.5648
PAIR 1 B_bvec_1=3.9204 A_r42b_1=0.5634 B_bvec_2=3.9176 A_r42b_2=0.5640
PAIR 2 B_bvec_1=3.9210 A_r42b_1=0.5632 B_bvec_2=3.9187 A_r42b_2=0.5634
PAIR 3 B_bvec_1=3.9176 A_r42b_1=0.5630 B_bvec_2=3.9205 A_r42b_2=0.5628
PAIR 4 B_bvec_1=3.9199 A_r42b_1=0.5630 B_bvec_2=3.9187 A_r42b_2=0.5626
PAIR 5 B_bvec_1=3.9164 A_r42b_1=0.5627 B_bvec_2=3.9153 A_r42b_2=0.5626
PAIR 6 B_bvec_1=3.9050 A_r42b_1=0.5619 B_bvec_2=3.9056 A_r42b_2=0.5625
PAIR 7 B_bvec_1=3.8960 A_r42b_1=0.5610 B_bvec_2=3.8971 A_r42b_2=0.5625
[sclk-post-bench] GPU[3]		: sclk clock level: 1: (2410Mhz)
R42B_BASELINE  median=0.5629 mean=0.5630 stdev=0.0010 n=16
BVEC_CANDIDATE median=3.9170 mean=3.9133 stdev=0.0082 n=16
Welch t (BVEC vs R42B) = +1614.527  (positive = BVEC faster)
DELTA_MEDIAN_PCT BVEC_vs_R42B = +595.869%
FP8_REFERENCE  median=0.5675 mean=0.5680 stdev=0.0014 n=8
BVEC/FP8 ratio = 690.27%
R42B/FP8 ratio = 99.20%
R42B_TFLOPS_LIST 0.5649,0.5648,0.5634,0.5640,0.5632,0.5634,0.5630,0.5628,0.5630,0.5626,0.5627,0.5626,0.5619,0.5625,0.5610,0.5625
BVEC_TFLOPS_LIST 3.9096,3.9142,3.9204,3.9176,3.9210,3.9187,3.9176,3.9205,3.9199,3.9187,3.9164,3.9153,3.9050,3.9056,3.8960,3.8971
FP8_TFLOPS_LIST 0.5698,0.5700,0.5687,0.5679,0.5670,0.5668,0.5667,0.5667
