[sclk-pre-preheat] GPU[3]		: sclk clock level: 1: (1686Mhz)
[preheat 90.0s] done 12284 iters
[sclk-post-preheat] GPU[3]		: sclk clock level: 1: (2411Mhz)
CORRECTNESS_BVEC_vs_R42B abs_max_err=0.0000e+00 snr_db=inf
[sclk-pre-bench] GPU[3]		: sclk clock level: 1: (2313Mhz)
WARMUP 0 B_bvec=3.5887 A_r42b=0.5440
WARMUP 1 B_bvec=2.5396 A_r42b=0.5428
PAIR 0 B_bvec_1=2.5078 A_r42b_1=0.5205 B_bvec_2=2.1294 A_r42b_2=0.5204
PAIR 1 B_bvec_1=2.5229 A_r42b_1=0.5215 B_bvec_2=2.1318 A_r42b_2=0.5205
PAIR 2 B_bvec_1=2.5257 A_r42b_1=0.5213 B_bvec_2=2.1544 A_r42b_2=0.5200
PAIR 3 B_bvec_1=2.5281 A_r42b_1=0.5210 B_bvec_2=2.1557 A_r42b_2=0.5181
PAIR 4 B_bvec_1=3.5877 A_r42b_1=0.5540 B_bvec_2=3.5848 A_r42b_2=0.5567
PAIR 5 B_bvec_1=3.5849 A_r42b_1=0.5535 B_bvec_2=3.5896 A_r42b_2=0.5565
PAIR 6 B_bvec_1=3.5906 A_r42b_1=0.5540 B_bvec_2=3.5964 A_r42b_2=0.5536
PAIR 7 B_bvec_1=3.5887 A_r42b_1=0.5536 B_bvec_2=3.5925 A_r42b_2=0.5536
[sclk-post-bench] GPU[3]		: sclk clock level: 1: (2409Mhz)
R42B_BASELINE  median=0.5375 mean=0.5374 stdev=0.0176 n=16
BVEC_CANDIDATE median=3.0565 mean=2.9607 stdev=0.6639 n=16
Welch t (BVEC vs R42B) = +14.595  (positive = BVEC faster)
DELTA_MEDIAN_PCT BVEC_vs_R42B = +468.676%
FP8_REFERENCE  median=0.5613 mean=0.4561 stdev=0.1456 n=8
BVEC/FP8 ratio = 544.55%
R42B/FP8 ratio = 95.76%
R42B_TFLOPS_LIST 0.5205,0.5204,0.5215,0.5205,0.5213,0.5200,0.5210,0.5181,0.5540,0.5567,0.5535,0.5565,0.5540,0.5536,0.5536,0.5536
BVEC_TFLOPS_LIST 2.5078,2.1294,2.5229,2.1318,2.5257,2.1544,2.5281,2.1557,3.5877,3.5848,3.5849,3.5896,3.5906,3.5964,3.5887,3.5925
FP8_TFLOPS_LIST 0.2800,0.2807,0.2803,0.5621,0.5616,0.5610,0.5615,0.5615
