[sclk-pre-preheat] GPU[3]		: sclk clock level: S: (95Mhz)
[preheat 90.0s] done 16380 iters
[sclk-post-preheat] GPU[3]		: sclk clock level: 1: (2048Mhz)
CORRECTNESS_BVEC_vs_R42B abs_max_err=0.0000e+00 snr_db=inf
[sclk-pre-bench] GPU[3]		: sclk clock level: 1: (2307Mhz)
WARMUP 0 B_bvec=10.6226 A_r42b=1.1316
WARMUP 1 B_bvec=10.6299 A_r42b=1.1316
PAIR 0 B_bvec_1=10.6479 A_r42b_1=1.1313 B_bvec_2=10.6405 A_r42b_2=1.1306
PAIR 1 B_bvec_1=10.6268 A_r42b_1=1.1292 B_bvec_2=10.6690 A_r42b_2=1.1290
PAIR 2 B_bvec_1=10.6204 A_r42b_1=1.1290 B_bvec_2=10.6278 A_r42b_2=1.1279
PAIR 3 B_bvec_1=10.6152 A_r42b_1=1.1253 B_bvec_2=10.6458 A_r42b_2=1.1253
PAIR 4 B_bvec_1=10.6205 A_r42b_1=1.1249 B_bvec_2=10.6352 A_r42b_2=1.1249
PAIR 5 B_bvec_1=10.6131 A_r42b_1=1.1239 B_bvec_2=10.6236 A_r42b_2=1.1235
PAIR 6 B_bvec_1=10.6057 A_r42b_1=1.1238 B_bvec_2=10.5974 A_r42b_2=1.1246
PAIR 7 B_bvec_1=10.6247 A_r42b_1=1.1254 B_bvec_2=10.6152 A_r42b_2=1.1278
[sclk-post-bench] GPU[3]		: sclk clock level: 1: (2410Mhz)
R42B_BASELINE  median=1.1254 mean=1.1267 stdev=0.0026 n=16
BVEC_CANDIDATE median=10.6242 mean=10.6268 stdev=0.0177 n=16
Welch t (BVEC vs R42B) = +2123.510  (positive = BVEC faster)
DELTA_MEDIAN_PCT BVEC_vs_R42B = +844.041%
FP8_REFERENCE  median=1.1396 mean=1.1390 stdev=0.0023 n=8
BVEC/FP8 ratio = 932.26%
R42B/FP8 ratio = 98.75%
R42B_TFLOPS_LIST 1.1313,1.1306,1.1292,1.1290,1.1290,1.1279,1.1253,1.1253,1.1249,1.1249,1.1239,1.1235,1.1238,1.1246,1.1254,1.1278
BVEC_TFLOPS_LIST 10.6479,10.6405,10.6268,10.6690,10.6204,10.6278,10.6152,10.6458,10.6205,10.6352,10.6131,10.6236,10.6057,10.5974,10.6247,10.6152
FP8_TFLOPS_LIST 1.1399,1.1396,1.1420,1.1396,1.1387,1.1350,1.1362,1.1410
