[sclk-pre-preheat] GPU[3]		: sclk clock level: S: (95Mhz)
[preheat 90.0s] done 16380 iters
[sclk-post-preheat] GPU[3]		: sclk clock level: 1: (2219Mhz)
CORRECTNESS_BVEC_vs_R42B abs_max_err=0.0000e+00 snr_db=inf
[sclk-pre-bench] GPU[3]		: sclk clock level: 1: (2339Mhz)
WARMUP 0 B_bvec=10.2105 A_r42b=1.1220
WARMUP 1 B_bvec=10.2397 A_r42b=1.1249
PAIR 0 B_bvec_1=10.2007 A_r42b_1=1.1248 B_bvec_2=10.2749 A_r42b_2=1.1250
PAIR 1 B_bvec_1=10.2926 A_r42b_1=1.1263 B_bvec_2=10.2926 A_r42b_2=1.1273
PAIR 2 B_bvec_1=10.3402 A_r42b_1=1.1297 B_bvec_2=10.3363 A_r42b_2=1.1297
PAIR 3 B_bvec_1=10.3144 A_r42b_1=1.1281 B_bvec_2=10.3123 A_r42b_2=1.1283
PAIR 4 B_bvec_1=10.3283 A_r42b_1=1.1270 B_bvec_2=10.3283 A_r42b_2=1.1272
PAIR 5 B_bvec_1=10.2867 A_r42b_1=1.1253 B_bvec_2=10.3243 A_r42b_2=1.1255
PAIR 6 B_bvec_1=10.3005 A_r42b_1=1.1247 B_bvec_2=10.2828 A_r42b_2=1.1250
PAIR 7 B_bvec_1=10.2729 A_r42b_1=1.1244 B_bvec_2=10.3065 A_r42b_2=1.1247
[sclk-post-bench] GPU[3]		: sclk clock level: 1: (2410Mhz)
R42B_BASELINE  median=1.1259 mean=1.1264 stdev=0.0018 n=16
BVEC_CANDIDATE median=10.3035 mean=10.2997 stdev=0.0340 n=16
Welch t (BVEC vs R42B) = +1077.882  (positive = BVEC faster)
DELTA_MEDIAN_PCT BVEC_vs_R42B = +815.159%
FP8_REFERENCE  median=1.1397 mean=1.1394 stdev=0.0018 n=8
BVEC/FP8 ratio = 904.08%
R42B/FP8 ratio = 98.79%
R42B_TFLOPS_LIST 1.1248,1.1250,1.1263,1.1273,1.1297,1.1297,1.1281,1.1283,1.1270,1.1272,1.1253,1.1255,1.1247,1.1250,1.1244,1.1247
BVEC_TFLOPS_LIST 10.2007,10.2749,10.2926,10.2926,10.3402,10.3363,10.3144,10.3123,10.3283,10.3283,10.2867,10.3243,10.3005,10.2828,10.2729,10.3065
FP8_TFLOPS_LIST 1.1379,1.1417,1.1411,1.1407,1.1404,1.1389,1.1378,1.1369
