[sclk-pre-preheat] GPU[3]		: sclk clock level: 1: (1674Mhz)
[preheat 90.0s] done 9212 iters
[sclk-post-preheat] GPU[3]		: sclk clock level: 1: (1589Mhz)
CORRECTNESS_BVEC_vs_R42B abs_max_err=0.0000e+00 snr_db=inf
[sclk-pre-bench] GPU[3]		: sclk clock level: 1: (1662Mhz)
WARMUP 0 B_bvec=0.1965 A_r42b=0.0748
WARMUP 1 B_bvec=0.1923 A_r42b=0.0751
PAIR 0 B_bvec_1=0.1942 A_r42b_1=0.0752 B_bvec_2=0.1991 A_r42b_2=0.0751
PAIR 1 B_bvec_1=0.1992 A_r42b_1=0.4264 B_bvec_2=3.5734 A_r42b_2=0.5557
PAIR 2 B_bvec_1=3.6051 A_r42b_1=0.3721 B_bvec_2=1.1809 A_r42b_2=0.2062
PAIR 3 B_bvec_1=1.6056 A_r42b_1=0.2284 B_bvec_2=0.8051 A_r42b_2=0.2416
PAIR 4 B_bvec_1=0.8288 A_r42b_1=0.2288 B_bvec_2=1.5665 A_r42b_2=0.2260
PAIR 5 B_bvec_1=2.5707 A_r42b_1=0.5090 B_bvec_2=2.5761 A_r42b_2=0.4962
PAIR 6 B_bvec_1=2.6122 A_r42b_1=0.4952 B_bvec_2=2.5991 A_r42b_2=0.4982
PAIR 7 B_bvec_1=2.5981 A_r42b_1=0.5022 B_bvec_2=2.6031 A_r42b_2=0.4782
[sclk-post-bench] GPU[3]		: sclk clock level: 1: (1821Mhz)
R42B_BASELINE  median=0.3992 mean=0.3509 stdev=0.1646 n=16
BVEC_CANDIDATE median=2.0882 mean=1.8323 stdev=1.1626 n=16
Welch t (BVEC vs R42B) = +5.046  (positive = BVEC faster)
DELTA_MEDIAN_PCT BVEC_vs_R42B = +423.069%
FP8_REFERENCE  median=0.4776 mean=0.3798 stdev=0.1759 n=8
BVEC/FP8 ratio = 437.18%
R42B/FP8 ratio = 83.58%
R42B_TFLOPS_LIST 0.0752,0.0751,0.4264,0.5557,0.3721,0.2062,0.2284,0.2416,0.2288,0.2260,0.5090,0.4962,0.4952,0.4982,0.5022,0.4782
BVEC_TFLOPS_LIST 0.1942,0.1991,0.1992,3.5734,3.6051,1.1809,1.6056,0.8051,0.8288,1.5665,2.5707,2.5761,2.6122,2.5991,2.5981,2.6031
FP8_TFLOPS_LIST 0.0807,0.5624,0.2202,0.2298,0.4714,0.4887,0.5016,0.4839
