[sclk-pre-preheat] GPU[3]		: sclk clock level: S: (95Mhz)
[preheat 90.0s] done 16380 iters
[sclk-post-preheat] GPU[3]		: sclk clock level: 1: (2335Mhz)
CORRECTNESS_BVEC_vs_R42B abs_max_err=0.0000e+00 snr_db=inf
[sclk-pre-bench] GPU[3]		: sclk clock level: 1: (2385Mhz)
WARMUP 0 B_bvec=9.9714 A_r42b=1.1199
WARMUP 1 B_bvec=9.9789 A_r42b=1.1190
PAIR 0 B_bvec_1=9.9863 A_r42b_1=1.1188 B_bvec_2=10.0012 A_r42b_2=1.1215
PAIR 1 B_bvec_1=10.0385 A_r42b_1=1.1218 B_bvec_2=10.0310 A_r42b_2=1.1223
PAIR 2 B_bvec_1=10.0348 A_r42b_1=1.1236 B_bvec_2=10.0311 A_r42b_2=1.1263
PAIR 3 B_bvec_1=10.0292 A_r42b_1=1.1263 B_bvec_2=10.0498 A_r42b_2=1.1264
PAIR 4 B_bvec_1=10.0461 A_r42b_1=1.1270 B_bvec_2=10.0461 A_r42b_2=1.1259
PAIR 5 B_bvec_1=10.0499 A_r42b_1=1.1256 B_bvec_2=10.0386 A_r42b_2=1.1243
PAIR 6 B_bvec_1=10.0461 A_r42b_1=1.1224 B_bvec_2=10.0460 A_r42b_2=1.1219
PAIR 7 B_bvec_1=10.0386 A_r42b_1=1.1218 B_bvec_2=10.0424 A_r42b_2=1.1214
[sclk-post-bench] GPU[3]		: sclk clock level: 1: (2409Mhz)
R42B_BASELINE  median=1.1230 mean=1.1236 stdev=0.0024 n=16
BVEC_CANDIDATE median=10.0386 mean=10.0348 stdev=0.0175 n=16
Welch t (BVEC vs R42B) = +2015.584  (positive = BVEC faster)
DELTA_MEDIAN_PCT BVEC_vs_R42B = +793.906%
FP8_REFERENCE  median=1.1373 mean=1.1368 stdev=0.0020 n=8
BVEC/FP8 ratio = 882.66%
R42B/FP8 ratio = 98.74%
R42B_TFLOPS_LIST 1.1188,1.1215,1.1218,1.1223,1.1236,1.1263,1.1263,1.1264,1.1270,1.1259,1.1256,1.1243,1.1224,1.1219,1.1218,1.1214
BVEC_TFLOPS_LIST 9.9863,10.0012,10.0385,10.0310,10.0348,10.0311,10.0292,10.0498,10.0461,10.0461,10.0499,10.0386,10.0461,10.0460,10.0386,10.0424
FP8_TFLOPS_LIST 1.1343,1.1343,1.1384,1.1385,1.1389,1.1383,1.1363,1.1350
