[sclk-pre-preheat] GPU[6]		: sclk clock level: S: (96Mhz)
[preheat 90.0s] done 16380 iters
[sclk-post-preheat] GPU[6]		: sclk clock level: 1: (2315Mhz)
CORRECTNESS_BVEC_vs_R42B abs_max_err=0.0000e+00 snr_db=inf
[sclk-pre-bench] GPU[6]		: sclk clock level: 1: (2355Mhz)
WARMUP 0 B_bvec=3.8304 A_r42b=0.5614
WARMUP 1 B_bvec=3.8326 A_r42b=0.5615
PAIR 0 B_bvec_1=3.8315 A_r42b_1=0.5616 B_bvec_2=3.8348 A_r42b_2=0.5620
PAIR 1 B_bvec_1=3.8370 A_r42b_1=0.5633 B_bvec_2=3.8353 A_r42b_2=0.5635
PAIR 2 B_bvec_1=3.8392 A_r42b_1=0.5649 B_bvec_2=3.8380 A_r42b_2=0.5645
PAIR 3 B_bvec_1=3.8392 A_r42b_1=0.5651 B_bvec_2=3.8424 A_r42b_2=0.5649
PAIR 4 B_bvec_1=3.8424 A_r42b_1=0.5646 B_bvec_2=3.8446 A_r42b_2=0.5635
PAIR 5 B_bvec_1=3.8413 A_r42b_1=0.5632 B_bvec_2=3.8397 A_r42b_2=0.5628
PAIR 6 B_bvec_1=3.8397 A_r42b_1=0.5629 B_bvec_2=3.8342 A_r42b_2=0.5627
PAIR 7 B_bvec_1=3.8392 A_r42b_1=0.5610 B_bvec_2=3.8392 A_r42b_2=0.5617
[sclk-post-bench] GPU[6]		: sclk clock level: 1: (2396Mhz)
R42B_BASELINE  median=0.5633 mean=0.5633 stdev=0.0013 n=16
BVEC_CANDIDATE median=3.8392 mean=3.8386 stdev=0.0034 n=16
Welch t (BVEC vs R42B) = +3584.434  (positive = BVEC faster)
DELTA_MEDIAN_PCT BVEC_vs_R42B = +581.581%
FP8_REFERENCE  median=0.5675 mean=0.5677 stdev=0.0009 n=8
BVEC/FP8 ratio = 676.48%
R42B/FP8 ratio = 99.25%
R42B_TFLOPS_LIST 0.5616,0.5620,0.5633,0.5635,0.5649,0.5645,0.5651,0.5649,0.5646,0.5635,0.5632,0.5628,0.5629,0.5627,0.5610,0.5617
BVEC_TFLOPS_LIST 3.8315,3.8348,3.8370,3.8353,3.8392,3.8380,3.8392,3.8424,3.8424,3.8446,3.8413,3.8397,3.8397,3.8342,3.8392,3.8392
FP8_TFLOPS_LIST 0.5677,0.5694,0.5681,0.5682,0.5673,0.5671,0.5667,0.5669
