[sclk-pre-preheat] GPU[6]		: sclk clock level: S: (97Mhz)
[preheat 90.0s] done 16380 iters
[sclk-post-preheat] GPU[6]		: sclk clock level: 1: (2371Mhz)
CORRECTNESS_BVEC_vs_R42B abs_max_err=0.0000e+00 snr_db=inf
[sclk-pre-bench] GPU[6]		: sclk clock level: 1: (2367Mhz)
WARMUP 0 B_bvec=10.5433 A_r42b=1.1314
WARMUP 1 B_bvec=10.5495 A_r42b=1.1337
PAIR 0 B_bvec_1=10.5454 A_r42b_1=1.1340 B_bvec_2=10.5537 A_r42b_2=1.1354
PAIR 1 B_bvec_1=10.5433 A_r42b_1=1.1350 B_bvec_2=10.5558 A_r42b_2=1.1342
PAIR 2 B_bvec_1=10.5485 A_r42b_1=1.1332 B_bvec_2=10.5423 A_r42b_2=1.1326
PAIR 3 B_bvec_1=10.5350 A_r42b_1=1.1310 B_bvec_2=10.5412 A_r42b_2=1.1313
PAIR 4 B_bvec_1=10.5371 A_r42b_1=1.1299 B_bvec_2=10.5412 A_r42b_2=1.1291
PAIR 5 B_bvec_1=10.5309 A_r42b_1=1.1281 B_bvec_2=10.5350 A_r42b_2=1.1274
PAIR 6 B_bvec_1=10.5288 A_r42b_1=1.1265 B_bvec_2=10.5000 A_r42b_2=1.1263
PAIR 7 B_bvec_1=10.5021 A_r42b_1=1.1278 B_bvec_2=10.4928 A_r42b_2=1.1256
[sclk-post-bench] GPU[6]		: sclk clock level: 1: (2397Mhz)
R42B_BASELINE  median=1.1304 mean=1.1305 stdev=0.0033 n=16
BVEC_CANDIDATE median=10.5392 mean=10.5333 stdev=0.0189 n=16
Welch t (BVEC vs R42B) = +1957.746  (positive = BVEC faster)
DELTA_MEDIAN_PCT BVEC_vs_R42B = +832.303%
FP8_REFERENCE  median=1.1406 mean=1.1398 stdev=0.0034 n=8
BVEC/FP8 ratio = 924.03%
R42B/FP8 ratio = 99.11%
R42B_TFLOPS_LIST 1.1340,1.1354,1.1350,1.1342,1.1332,1.1326,1.1310,1.1313,1.1299,1.1291,1.1281,1.1274,1.1265,1.1263,1.1278,1.1256
BVEC_TFLOPS_LIST 10.5454,10.5537,10.5433,10.5558,10.5485,10.5423,10.5350,10.5412,10.5371,10.5412,10.5309,10.5350,10.5288,10.5000,10.5021,10.4928
FP8_TFLOPS_LIST 1.1438,1.1440,1.1415,1.1409,1.1403,1.1371,1.1360,1.1351
