[sclk-pre-preheat] GPU[6]		: sclk clock level: S: (96Mhz)
[preheat 90.0s] done 16380 iters
[sclk-post-preheat] GPU[6]		: sclk clock level: 1: (2358Mhz)
CORRECTNESS_BVEC_vs_R42B abs_max_err=0.0000e+00 snr_db=inf
[sclk-pre-bench] GPU[6]		: sclk clock level: 1: (2370Mhz)
WARMUP 0 B_bvec=10.6299 A_r42b=1.1283
WARMUP 1 B_bvec=10.6152 A_r42b=1.1275
PAIR 0 B_bvec_1=10.6068 A_r42b_1=1.1279 B_bvec_2=10.6247 A_r42b_2=1.1275
PAIR 1 B_bvec_1=10.6289 A_r42b_1=1.1280 B_bvec_2=10.6288 A_r42b_2=1.1273
PAIR 2 B_bvec_1=10.5765 A_r42b_1=1.1270 B_bvec_2=10.6236 A_r42b_2=1.1260
PAIR 3 B_bvec_1=10.5724 A_r42b_1=1.1296 B_bvec_2=10.5901 A_r42b_2=1.1307
PAIR 4 B_bvec_1=10.6299 A_r42b_1=1.1321 B_bvec_2=10.6415 A_r42b_2=1.1329
PAIR 5 B_bvec_1=10.6079 A_r42b_1=1.1326 B_bvec_2=10.6373 A_r42b_2=1.1320
PAIR 6 B_bvec_1=10.6415 A_r42b_1=1.1355 B_bvec_2=10.6352 A_r42b_2=1.1352
PAIR 7 B_bvec_1=10.6310 A_r42b_1=1.1344 B_bvec_2=10.6436 A_r42b_2=1.1337
[sclk-post-bench] GPU[6]		: sclk clock level: 1: (2400Mhz)
R42B_BASELINE  median=1.1314 mean=1.1308 stdev=0.0032 n=16
BVEC_CANDIDATE median=10.6289 mean=10.6200 stdev=0.0228 n=16
Welch t (BVEC vs R42B) = +1648.705  (positive = BVEC faster)
DELTA_MEDIAN_PCT BVEC_vs_R42B = +839.475%
FP8_REFERENCE  median=1.1430 mean=1.1417 stdev=0.0040 n=8
BVEC/FP8 ratio = 929.89%
R42B/FP8 ratio = 98.98%
R42B_TFLOPS_LIST 1.1279,1.1275,1.1280,1.1273,1.1270,1.1260,1.1296,1.1307,1.1321,1.1329,1.1326,1.1320,1.1355,1.1352,1.1344,1.1337
BVEC_TFLOPS_LIST 10.6068,10.6247,10.6289,10.6288,10.5765,10.6236,10.5724,10.5901,10.6299,10.6415,10.6079,10.6373,10.6415,10.6352,10.6310,10.6436
FP8_TFLOPS_LIST 1.1383,1.1365,1.1368,1.1419,1.1445,1.1455,1.1461,1.1442
