[sclk-pre-preheat] GPU[6]		: sclk clock level: S: (108Mhz)
[preheat 90.0s] done 16380 iters
[sclk-post-preheat] GPU[6]		: sclk clock level: 1: (2314Mhz)
CORRECTNESS_BVEC_vs_R42B abs_max_err=0.0000e+00 snr_db=inf
[sclk-pre-bench] GPU[6]		: sclk clock level: 1: (2383Mhz)
WARMUP 0 B_bvec=10.0142 A_r42b=1.1213
WARMUP 1 B_bvec=10.0311 A_r42b=1.1220
PAIR 0 B_bvec_1=10.0348 A_r42b_1=1.1219 B_bvec_2=10.0460 A_r42b_2=1.1213
PAIR 1 B_bvec_1=10.0386 A_r42b_1=1.1240 B_bvec_2=10.0688 A_r42b_2=1.1250
PAIR 2 B_bvec_1=10.0573 A_r42b_1=1.1254 B_bvec_2=10.0649 A_r42b_2=1.1272
PAIR 3 B_bvec_1=10.0650 A_r42b_1=1.1256 B_bvec_2=10.0668 A_r42b_2=1.1273
PAIR 4 B_bvec_1=10.0724 A_r42b_1=1.1268 B_bvec_2=10.0763 A_r42b_2=1.1268
PAIR 5 B_bvec_1=10.0612 A_r42b_1=1.1277 B_bvec_2=10.0725 A_r42b_2=1.1282
PAIR 6 B_bvec_1=10.0763 A_r42b_1=1.1270 B_bvec_2=10.0612 A_r42b_2=1.1266
PAIR 7 B_bvec_1=10.0763 A_r42b_1=1.1251 B_bvec_2=10.0650 A_r42b_2=1.1254
[sclk-post-bench] GPU[6]		: sclk clock level: 1: (2400Mhz)
R42B_BASELINE  median=1.1261 mean=1.1257 stdev=0.0020 n=16
BVEC_CANDIDATE median=10.0650 mean=10.0627 stdev=0.0129 n=16
Welch t (BVEC vs R42B) = +2746.686  (positive = BVEC faster)
DELTA_MEDIAN_PCT BVEC_vs_R42B = +793.805%
FP8_REFERENCE  median=1.1388 mean=1.1386 stdev=0.0019 n=8
BVEC/FP8 ratio = 883.79%
R42B/FP8 ratio = 98.88%
R42B_TFLOPS_LIST 1.1219,1.1213,1.1240,1.1250,1.1254,1.1272,1.1256,1.1273,1.1268,1.1268,1.1277,1.1282,1.1270,1.1266,1.1251,1.1254
BVEC_TFLOPS_LIST 10.0348,10.0460,10.0386,10.0688,10.0573,10.0649,10.0650,10.0668,10.0724,10.0763,10.0612,10.0725,10.0763,10.0612,10.0763,10.0650
FP8_TFLOPS_LIST 1.1352,1.1384,1.1394,1.1391,1.1414,1.1398,1.1385,1.1370
