[sclk-pre-preheat] GPU[6]		: sclk clock level: 1: (1836Mhz)
[preheat 90.0s] done 15356 iters
[sclk-post-preheat] GPU[6]		: sclk clock level: 1: (1798Mhz)
CORRECTNESS_BVEC_vs_R42B abs_max_err=0.0000e+00 snr_db=inf
[sclk-pre-bench] GPU[6]		: sclk clock level: 1: (1829Mhz)
WARMUP 0 B_bvec=2.6415 A_r42b=0.4989
WARMUP 1 B_bvec=2.6504 A_r42b=0.4952
PAIR 0 B_bvec_1=2.6478 A_r42b_1=0.4879 B_bvec_2=2.6462 A_r42b_2=0.4887
PAIR 1 B_bvec_1=2.6447 A_r42b_1=0.4913 B_bvec_2=2.6515 A_r42b_2=0.5019
PAIR 2 B_bvec_1=2.6457 A_r42b_1=0.4964 B_bvec_2=2.6593 A_r42b_2=0.4963
PAIR 3 B_bvec_1=2.6473 A_r42b_1=0.4998 B_bvec_2=2.6535 A_r42b_2=0.4976
PAIR 4 B_bvec_1=2.6410 A_r42b_1=0.4949 B_bvec_2=2.6473 A_r42b_2=0.4968
PAIR 5 B_bvec_1=2.6504 A_r42b_1=0.4894 B_bvec_2=2.6514 A_r42b_2=0.5026
PAIR 6 B_bvec_1=2.6473 A_r42b_1=0.4954 B_bvec_2=2.6317 A_r42b_2=0.5083
PAIR 7 B_bvec_1=2.6441 A_r42b_1=0.5016 B_bvec_2=2.6410 A_r42b_2=0.4894
[sclk-post-bench] GPU[6]		: sclk clock level: 1: (1862Mhz)
R42B_BASELINE  median=0.4963 mean=0.4961 stdev=0.0058 n=16
BVEC_CANDIDATE median=2.6473 mean=2.6469 stdev=0.0062 n=16
Welch t (BVEC vs R42B) = +1016.288  (positive = BVEC faster)
DELTA_MEDIAN_PCT BVEC_vs_R42B = +433.363%
FP8_REFERENCE  median=0.4912 mean=0.4904 stdev=0.0076 n=8
BVEC/FP8 ratio = 538.91%
R42B/FP8 ratio = 101.04%
R42B_TFLOPS_LIST 0.4879,0.4887,0.4913,0.5019,0.4964,0.4963,0.4998,0.4976,0.4949,0.4968,0.4894,0.5026,0.4954,0.5083,0.5016,0.4894
BVEC_TFLOPS_LIST 2.6478,2.6462,2.6447,2.6515,2.6457,2.6593,2.6473,2.6535,2.6410,2.6473,2.6504,2.6514,2.6473,2.6317,2.6441,2.6410
FP8_TFLOPS_LIST 0.4872,0.4920,0.4959,0.5007,0.4842,0.4956,0.4904,0.4768
