[sclk-pre-preheat] GPU[6]		: sclk clock level: 1: (1823Mhz)
[preheat 90.0s] done 15356 iters
[sclk-post-preheat] GPU[6]		: sclk clock level: 1: (1790Mhz)
CORRECTNESS_BVEC_vs_R42B abs_max_err=0.0000e+00 snr_db=inf
[sclk-pre-bench] GPU[6]		: sclk clock level: 1: (1824Mhz)
WARMUP 0 B_bvec=2.6281 A_r42b=0.5006
WARMUP 1 B_bvec=3.6314 A_r42b=0.4890
PAIR 0 B_bvec_1=2.5991 A_r42b_1=0.5587 B_bvec_2=3.6492 A_r42b_2=0.5582
PAIR 1 B_bvec_1=3.6531 A_r42b_1=0.5597 B_bvec_2=3.6571 A_r42b_2=0.5595
PAIR 2 B_bvec_1=3.6551 A_r42b_1=0.5596 B_bvec_2=3.6581 A_r42b_2=0.5592
PAIR 3 B_bvec_1=3.6551 A_r42b_1=0.5593 B_bvec_2=3.6541 A_r42b_2=0.5597
PAIR 4 B_bvec_1=3.6511 A_r42b_1=0.5596 B_bvec_2=3.6541 A_r42b_2=0.5596
PAIR 5 B_bvec_1=3.6531 A_r42b_1=0.5588 B_bvec_2=2.6276 A_r42b_2=0.4957
PAIR 6 B_bvec_1=2.6291 A_r42b_1=0.4967 B_bvec_2=2.6138 A_r42b_2=0.5032
PAIR 7 B_bvec_1=2.6332 A_r42b_1=0.4959 B_bvec_2=2.6358 A_r42b_2=0.4989
[sclk-post-bench] GPU[6]		: sclk clock level: 1: (1946Mhz)
R42B_BASELINE  median=0.5590 mean=0.5402 stdev=0.0293 n=16
BVEC_CANDIDATE median=3.6521 mean=3.2674 stdev=0.5155 n=16
Welch t (BVEC vs R42B) = +21.126  (positive = BVEC faster)
DELTA_MEDIAN_PCT BVEC_vs_R42B = +553.319%
FP8_REFERENCE  median=0.5648 mean=0.5381 stdev=0.0377 n=8
BVEC/FP8 ratio = 646.62%
R42B/FP8 ratio = 98.98%
R42B_TFLOPS_LIST 0.5587,0.5582,0.5597,0.5595,0.5596,0.5592,0.5593,0.5597,0.5596,0.5596,0.5588,0.4957,0.4967,0.5032,0.4959,0.4989
BVEC_TFLOPS_LIST 2.5991,3.6492,3.6531,3.6571,3.6551,3.6581,3.6551,3.6541,3.6511,3.6541,3.6531,2.6276,2.6291,2.6138,2.6332,2.6358
FP8_TFLOPS_LIST 0.5646,0.5650,0.5655,0.5659,0.5655,0.4869,0.4932,0.4978
