[sclk-pre-preheat] GPU[6]		: sclk clock level: S: (96Mhz)
[preheat 90.0s] done 16380 iters
[sclk-post-preheat] GPU[6]		: sclk clock level: 1: (2205Mhz)
CORRECTNESS_BVEC_vs_R42B abs_max_err=0.0000e+00 snr_db=inf
[sclk-pre-bench] GPU[6]		: sclk clock level: 1: (2360Mhz)
WARMUP 0 B_bvec=10.0612 A_r42b=1.1276
WARMUP 1 B_bvec=10.0461 A_r42b=1.1266
PAIR 0 B_bvec_1=10.0442 A_r42b_1=1.1280 B_bvec_2=10.0386 A_r42b_2=1.1284
PAIR 1 B_bvec_1=10.0877 A_r42b_1=1.1287 B_bvec_2=10.0650 A_r42b_2=1.1286
PAIR 2 B_bvec_1=10.0819 A_r42b_1=1.1287 B_bvec_2=10.0537 A_r42b_2=1.1281
PAIR 3 B_bvec_1=10.0744 A_r42b_1=1.1275 B_bvec_2=10.0631 A_r42b_2=1.1264
PAIR 4 B_bvec_1=10.0725 A_r42b_1=1.1254 B_bvec_2=10.0574 A_r42b_2=1.1249
PAIR 5 B_bvec_1=10.0612 A_r42b_1=1.1247 B_bvec_2=10.0688 A_r42b_2=1.1226
PAIR 6 B_bvec_1=10.0725 A_r42b_1=1.1224 B_bvec_2=10.0461 A_r42b_2=1.1247
PAIR 7 B_bvec_1=10.0650 A_r42b_1=1.1240 B_bvec_2=10.0423 A_r42b_2=1.1220
[sclk-post-bench] GPU[6]		: sclk clock level: 1: (2400Mhz)
R42B_BASELINE  median=1.1259 mean=1.1259 stdev=0.0024 n=16
BVEC_CANDIDATE median=10.0640 mean=10.0622 stdev=0.0144 n=16
Welch t (BVEC vs R42B) = +2455.795  (positive = BVEC faster)
DELTA_MEDIAN_PCT BVEC_vs_R42B = +793.861%
FP8_REFERENCE  median=1.1386 mean=1.1377 stdev=0.0017 n=8
BVEC/FP8 ratio = 883.91%
R42B/FP8 ratio = 98.89%
R42B_TFLOPS_LIST 1.1280,1.1284,1.1287,1.1286,1.1287,1.1281,1.1275,1.1264,1.1254,1.1249,1.1247,1.1226,1.1224,1.1247,1.1240,1.1220
BVEC_TFLOPS_LIST 10.0442,10.0386,10.0877,10.0650,10.0819,10.0537,10.0744,10.0631,10.0725,10.0574,10.0612,10.0688,10.0725,10.0461,10.0650,10.0423
FP8_TFLOPS_LIST 1.1387,1.1386,1.1387,1.1370,1.1386,1.1388,1.1375,1.1337
