[sclk-pre-preheat] GPU[6]		: sclk clock level: 1: (186Mhz)
[preheat 90.0s] done 16380 iters
[sclk-post-preheat] GPU[6]		: sclk clock level: 1: (2148Mhz)
CORRECTNESS_BVEC_vs_R42B abs_max_err=0.0000e+00 snr_db=inf
[sclk-pre-bench] GPU[6]		: sclk clock level: 1: (2316Mhz)
WARMUP 0 B_bvec=3.8260 A_r42b=0.5623
WARMUP 1 B_bvec=3.8309 A_r42b=0.5629
PAIR 0 B_bvec_1=3.8353 A_r42b_1=0.5633 B_bvec_2=3.8337 A_r42b_2=0.5638
PAIR 1 B_bvec_1=3.8369 A_r42b_1=0.5642 B_bvec_2=3.8347 A_r42b_2=0.5641
PAIR 2 B_bvec_1=3.8359 A_r42b_1=0.5647 B_bvec_2=3.8359 A_r42b_2=0.5646
PAIR 3 B_bvec_1=3.8336 A_r42b_1=0.5642 B_bvec_2=3.8359 A_r42b_2=0.5648
PAIR 4 B_bvec_1=3.8359 A_r42b_1=0.5633 B_bvec_2=3.8325 A_r42b_2=0.5633
PAIR 5 B_bvec_1=3.8326 A_r42b_1=0.5630 B_bvec_2=3.8348 A_r42b_2=0.5627
PAIR 6 B_bvec_1=3.8348 A_r42b_1=0.5604 B_bvec_2=3.8325 A_r42b_2=0.5611
PAIR 7 B_bvec_1=3.8336 A_r42b_1=0.5609 B_bvec_2=3.8293 A_r42b_2=0.5601
[sclk-post-bench] GPU[6]		: sclk clock level: 1: (2398Mhz)
R42B_BASELINE  median=0.5633 mean=0.5630 stdev=0.0016 n=16
BVEC_CANDIDATE median=3.8348 mean=3.8342 stdev=0.0019 n=16
Welch t (BVEC vs R42B) = +5313.152  (positive = BVEC faster)
DELTA_MEDIAN_PCT BVEC_vs_R42B = +580.743%
FP8_REFERENCE  median=0.5672 mean=0.5675 stdev=0.0010 n=8
BVEC/FP8 ratio = 676.04%
R42B/FP8 ratio = 99.31%
R42B_TFLOPS_LIST 0.5633,0.5638,0.5642,0.5641,0.5647,0.5646,0.5642,0.5648,0.5633,0.5633,0.5630,0.5627,0.5604,0.5611,0.5609,0.5601
BVEC_TFLOPS_LIST 3.8353,3.8337,3.8369,3.8347,3.8359,3.8359,3.8336,3.8359,3.8359,3.8325,3.8326,3.8348,3.8348,3.8325,3.8336,3.8293
FP8_TFLOPS_LIST 0.5686,0.5690,0.5684,0.5677,0.5668,0.5666,0.5665,0.5666
