[sclk-pre-preheat] GPU[6]		: sclk clock level: S: (98Mhz)
[preheat 90.0s] done 16380 iters
[sclk-post-preheat] GPU[6]		: sclk clock level: 1: (2252Mhz)
CORRECTNESS_BVEC_vs_R42B abs_max_err=0.0000e+00 snr_db=inf
[sclk-pre-bench] GPU[6]		: sclk clock level: 1: (2372Mhz)
WARMUP 0 B_bvec=10.4816 A_r42b=1.1287
WARMUP 1 B_bvec=10.4857 A_r42b=1.1278
PAIR 0 B_bvec_1=10.5000 A_r42b_1=1.1276 B_bvec_2=10.5000 A_r42b_2=1.1260
PAIR 1 B_bvec_1=10.4939 A_r42b_1=1.1266 B_bvec_2=10.4816 A_r42b_2=1.1265
PAIR 2 B_bvec_1=10.5062 A_r42b_1=1.1268 B_bvec_2=10.4877 A_r42b_2=1.1256
PAIR 3 B_bvec_1=10.5062 A_r42b_1=1.1260 B_bvec_2=10.4949 A_r42b_2=1.1276
PAIR 4 B_bvec_1=10.5123 A_r42b_1=1.1297 B_bvec_2=10.5175 A_r42b_2=1.1294
PAIR 5 B_bvec_1=10.5330 A_r42b_1=1.1322 B_bvec_2=10.5185 A_r42b_2=1.1316
PAIR 6 B_bvec_1=10.5185 A_r42b_1=1.1331 B_bvec_2=10.5288 A_r42b_2=1.1350
PAIR 7 B_bvec_1=10.5237 A_r42b_1=1.1340 B_bvec_2=10.5319 A_r42b_2=1.1330
[sclk-post-bench] GPU[6]		: sclk clock level: 1: (2400Mhz)
R42B_BASELINE  median=1.1285 mean=1.1294 stdev=0.0033 n=16
BVEC_CANDIDATE median=10.5093 mean=10.5097 stdev=0.0159 n=16
Welch t (BVEC vs R42B) = +2314.985  (positive = BVEC faster)
DELTA_MEDIAN_PCT BVEC_vs_R42B = +831.237%
FP8_REFERENCE  median=1.1407 mean=1.1407 stdev=0.0041 n=8
BVEC/FP8 ratio = 921.29%
R42B/FP8 ratio = 98.93%
R42B_TFLOPS_LIST 1.1276,1.1260,1.1266,1.1265,1.1268,1.1256,1.1260,1.1276,1.1297,1.1294,1.1322,1.1316,1.1331,1.1350,1.1340,1.1330
BVEC_TFLOPS_LIST 10.5000,10.5000,10.4939,10.4816,10.5062,10.4877,10.5062,10.4949,10.5123,10.5175,10.5330,10.5185,10.5185,10.5288,10.5237,10.5319
FP8_TFLOPS_LIST 1.1371,1.1370,1.1359,1.1393,1.1422,1.1454,1.1469,1.1421
