[sclk-pre-preheat] GPU[7]		: sclk clock level: S: (108Mhz)
[preheat 90.0s] done 16380 iters
[sclk-post-preheat] GPU[7]		: sclk clock level: 1: (2224Mhz)
CORRECTNESS_BVEC_vs_R42B abs_max_err=0.0000e+00 snr_db=inf
[sclk-pre-bench] GPU[7]		: sclk clock level: 1: (2379Mhz)
WARMUP 0 B_bvec=10.4367 A_r42b=1.1207
WARMUP 1 B_bvec=10.4510 A_r42b=1.1202
PAIR 0 B_bvec_1=10.4449 A_r42b_1=1.1198 B_bvec_2=10.4367 A_r42b_2=1.1194
PAIR 1 B_bvec_1=10.4693 A_r42b_1=1.1260 B_bvec_2=10.4673 A_r42b_2=1.1273
PAIR 2 B_bvec_1=10.4836 A_r42b_1=1.1264 B_bvec_2=10.5062 A_r42b_2=1.1304
PAIR 3 B_bvec_1=10.4754 A_r42b_1=1.1306 B_bvec_2=10.4836 A_r42b_2=1.1304
PAIR 4 B_bvec_1=10.4754 A_r42b_1=1.1287 B_bvec_2=10.4673 A_r42b_2=1.1303
PAIR 5 B_bvec_1=10.4990 A_r42b_1=1.1300 B_bvec_2=10.4887 A_r42b_2=1.1287
PAIR 6 B_bvec_1=10.5123 A_r42b_1=1.1280 B_bvec_2=10.4713 A_r42b_2=1.1264
PAIR 7 B_bvec_1=10.4826 A_r42b_1=1.1250 B_bvec_2=10.5165 A_r42b_2=1.1234
[sclk-post-bench] GPU[7]		: sclk clock level: 1: (2403Mhz)
R42B_BASELINE  median=1.1276 mean=1.1269 stdev=0.0036 n=16
BVEC_CANDIDATE median=10.4790 mean=10.4800 stdev=0.0219 n=16
Welch t (BVEC vs R42B) = +1686.172  (positive = BVEC faster)
DELTA_MEDIAN_PCT BVEC_vs_R42B = +829.293%
FP8_REFERENCE  median=1.1385 mean=1.1376 stdev=0.0028 n=8
BVEC/FP8 ratio = 920.42%
R42B/FP8 ratio = 99.04%
R42B_TFLOPS_LIST 1.1198,1.1194,1.1260,1.1273,1.1264,1.1304,1.1306,1.1304,1.1287,1.1303,1.1300,1.1287,1.1280,1.1264,1.1250,1.1234
BVEC_TFLOPS_LIST 10.4449,10.4367,10.4693,10.4673,10.4836,10.5062,10.4754,10.4836,10.4754,10.4673,10.4990,10.4887,10.5123,10.4713,10.4826,10.5165
FP8_TFLOPS_LIST 1.1318,1.1378,1.1395,1.1400,1.1394,1.1392,1.1375,1.1356
