[sclk-pre-preheat] GPU[7]		: sclk clock level: S: (96Mhz)
[preheat 90.0s] done 16380 iters
[sclk-post-preheat] GPU[7]		: sclk clock level: 1: (2076Mhz)
CORRECTNESS_BVEC_vs_R42B abs_max_err=0.0000e+00 snr_db=inf
[sclk-pre-bench] GPU[7]		: sclk clock level: 1: (2305Mhz)
WARMUP 0 B_bvec=9.9863 A_r42b=1.1186
WARMUP 1 B_bvec=9.9994 A_r42b=1.1186
PAIR 0 B_bvec_1=9.9919 A_r42b_1=1.1188 B_bvec_2=9.9863 A_r42b_2=1.1182
PAIR 1 B_bvec_1=9.9863 A_r42b_1=1.1181 B_bvec_2=9.9938 A_r42b_2=1.1199
PAIR 2 B_bvec_1=9.9845 A_r42b_1=1.1177 B_bvec_2=10.0124 A_r42b_2=1.1165
PAIR 3 B_bvec_1=10.0124 A_r42b_1=1.1149 B_bvec_2=9.9789 A_r42b_2=1.1158
PAIR 4 B_bvec_1=9.9901 A_r42b_1=1.1142 B_bvec_2=9.9826 A_r42b_2=1.1143
PAIR 5 B_bvec_1=10.0050 A_r42b_1=1.1140 B_bvec_2=9.9623 A_r42b_2=1.1137
PAIR 6 B_bvec_1=9.9678 A_r42b_1=1.1137 B_bvec_2=9.9530 A_r42b_2=1.1141
PAIR 7 B_bvec_1=9.9901 A_r42b_1=1.1163 B_bvec_2=9.9882 A_r42b_2=1.1196
[sclk-post-bench] GPU[7]		: sclk clock level: 1: (2404Mhz)
R42B_BASELINE  median=1.1161 mean=1.1162 stdev=0.0022 n=16
BVEC_CANDIDATE median=9.9873 mean=9.9866 stdev=0.0162 n=16
Welch t (BVEC vs R42B) = +2171.998  (positive = BVEC faster)
DELTA_MEDIAN_PCT BVEC_vs_R42B = +794.875%
FP8_REFERENCE  median=1.1278 mean=1.1274 stdev=0.0018 n=8
BVEC/FP8 ratio = 885.58%
R42B/FP8 ratio = 98.96%
R42B_TFLOPS_LIST 1.1188,1.1182,1.1181,1.1199,1.1177,1.1165,1.1149,1.1158,1.1142,1.1143,1.1140,1.1137,1.1137,1.1141,1.1163,1.1196
BVEC_TFLOPS_LIST 9.9919,9.9863,9.9863,9.9938,9.9845,10.0124,10.0124,9.9789,9.9901,9.9826,10.0050,9.9623,9.9678,9.9530,9.9901,9.9882
FP8_TFLOPS_LIST 1.1271,1.1284,1.1285,1.1283,1.1272,1.1237,1.1262,1.1296
