[sclk-pre-preheat] GPU[7]		: sclk clock level: 1: (1810Mhz)
[preheat 90.0s] done 15356 iters
[sclk-post-preheat] GPU[7]		: sclk clock level: 1: (1800Mhz)
CORRECTNESS_BVEC_vs_R42B abs_max_err=0.0000e+00 snr_db=inf
[sclk-pre-bench] GPU[7]		: sclk clock level: 1: (1810Mhz)
WARMUP 0 B_bvec=2.6183 A_r42b=0.5000
WARMUP 1 B_bvec=2.6245 A_r42b=0.4992
PAIR 0 B_bvec_1=2.6374 A_r42b_1=0.5067 B_bvec_2=2.6322 A_r42b_2=0.4960
PAIR 1 B_bvec_1=2.6296 A_r42b_1=0.4922 B_bvec_2=2.6307 A_r42b_2=0.5058
PAIR 2 B_bvec_1=2.6348 A_r42b_1=0.4969 B_bvec_2=2.6219 A_r42b_2=0.4879
PAIR 3 B_bvec_1=2.6178 A_r42b_1=0.4988 B_bvec_2=2.6265 A_r42b_2=0.4981
PAIR 4 B_bvec_1=2.6306 A_r42b_1=0.4958 B_bvec_2=2.6250 A_r42b_2=0.4974
PAIR 5 B_bvec_1=2.6260 A_r42b_1=0.4905 B_bvec_2=2.6301 A_r42b_2=0.5103
PAIR 6 B_bvec_1=2.6286 A_r42b_1=0.4806 B_bvec_2=2.6265 A_r42b_2=0.4828
PAIR 7 B_bvec_1=2.6338 A_r42b_1=0.4977 B_bvec_2=2.6250 A_r42b_2=0.5158
[sclk-post-bench] GPU[7]		: sclk clock level: 1: (1848Mhz)
R42B_BASELINE  median=0.4972 mean=0.4971 stdev=0.0094 n=16
BVEC_CANDIDATE median=2.6291 mean=2.6285 stdev=0.0050 n=16
Welch t (BVEC vs R42B) = +802.105  (positive = BVEC faster)
DELTA_MEDIAN_PCT BVEC_vs_R42B = +428.835%
FP8_REFERENCE  median=0.4938 mean=0.4927 stdev=0.0141 n=8
BVEC/FP8 ratio = 532.45%
R42B/FP8 ratio = 100.68%
R42B_TFLOPS_LIST 0.5067,0.4960,0.4922,0.5058,0.4969,0.4879,0.4988,0.4981,0.4958,0.4974,0.4905,0.5103,0.4806,0.4828,0.4977,0.5158
BVEC_TFLOPS_LIST 2.6374,2.6322,2.6296,2.6307,2.6348,2.6219,2.6178,2.6265,2.6306,2.6250,2.6260,2.6301,2.6286,2.6265,2.6338,2.6250
FP8_TFLOPS_LIST 0.4773,0.4894,0.5075,0.4732,0.4981,0.4820,0.5081,0.5058
