[sclk-pre-preheat] GPU[7]		: sclk clock level: S: (95Mhz)
[preheat 90.0s] done 16380 iters
[sclk-post-preheat] GPU[7]		: sclk clock level: 1: (2301Mhz)
CORRECTNESS_BVEC_vs_R42B abs_max_err=0.0000e+00 snr_db=inf
[sclk-pre-bench] GPU[7]		: sclk clock level: 1: (2377Mhz)
WARMUP 0 B_bvec=9.9715 A_r42b=1.1182
WARMUP 1 B_bvec=10.0236 A_r42b=1.1186
PAIR 0 B_bvec_1=10.0087 A_r42b_1=1.1190 B_bvec_2=10.0199 A_r42b_2=1.1180
PAIR 1 B_bvec_1=9.9715 A_r42b_1=1.1156 B_bvec_2=9.9975 A_r42b_2=1.1134
PAIR 2 B_bvec_1=10.0012 A_r42b_1=1.1152 B_bvec_2=9.9826 A_r42b_2=1.1156
PAIR 3 B_bvec_1=9.9752 A_r42b_1=1.1151 B_bvec_2=9.9715 A_r42b_2=1.1133
PAIR 4 B_bvec_1=9.9808 A_r42b_1=1.1144 B_bvec_2=9.9901 A_r42b_2=1.1132
PAIR 5 B_bvec_1=9.9752 A_r42b_1=1.1134 B_bvec_2=10.0124 A_r42b_2=1.1149
PAIR 6 B_bvec_1=9.9975 A_r42b_1=1.1213 B_bvec_2=10.0162 A_r42b_2=1.1213
PAIR 7 B_bvec_1=10.0199 A_r42b_1=1.1214 B_bvec_2=10.0124 A_r42b_2=1.1216
[sclk-post-bench] GPU[7]		: sclk clock level: 1: (2409Mhz)
R42B_BASELINE  median=1.1154 mean=1.1167 stdev=0.0032 n=16
BVEC_CANDIDATE median=9.9975 mean=9.9958 stdev=0.0179 n=16
Welch t (BVEC vs R42B) = +1956.058  (positive = BVEC faster)
DELTA_MEDIAN_PCT BVEC_vs_R42B = +796.304%
FP8_REFERENCE  median=1.1287 mean=1.1292 stdev=0.0024 n=8
BVEC/FP8 ratio = 885.72%
R42B/FP8 ratio = 98.82%
R42B_TFLOPS_LIST 1.1190,1.1180,1.1156,1.1134,1.1152,1.1156,1.1151,1.1133,1.1144,1.1132,1.1134,1.1149,1.1213,1.1213,1.1214,1.1216
BVEC_TFLOPS_LIST 10.0087,10.0199,9.9715,9.9975,10.0012,9.9826,9.9752,9.9715,9.9808,9.9901,9.9752,10.0124,9.9975,10.0162,10.0199,10.0124
FP8_TFLOPS_LIST 1.1279,1.1291,1.1284,1.1299,1.1259,1.1276,1.1313,1.1338
