[sclk-pre-preheat] GPU[7]		: sclk clock level: S: (99Mhz)
[preheat 90.0s] done 16380 iters
[sclk-post-preheat] GPU[7]		: sclk clock level: 1: (2334Mhz)
CORRECTNESS_BVEC_vs_R42B abs_max_err=0.0000e+00 snr_db=inf
[sclk-pre-bench] GPU[7]		: sclk clock level: 1: (2373Mhz)
WARMUP 0 B_bvec=9.9826 A_r42b=1.1176
WARMUP 1 B_bvec=10.0050 A_r42b=1.1174
PAIR 0 B_bvec_1=10.0050 A_r42b_1=1.1176 B_bvec_2=10.0142 A_r42b_2=1.1177
PAIR 1 B_bvec_1=9.9863 A_r42b_1=1.1171 B_bvec_2=9.9901 A_r42b_2=1.1175
PAIR 2 B_bvec_1=10.0012 A_r42b_1=1.1171 B_bvec_2=10.0031 A_r42b_2=1.1161
PAIR 3 B_bvec_1=9.9863 A_r42b_1=1.1150 B_bvec_2=9.9826 A_r42b_2=1.1145
PAIR 4 B_bvec_1=9.9882 A_r42b_1=1.1138 B_bvec_2=9.9938 A_r42b_2=1.1137
PAIR 5 B_bvec_1=9.9641 A_r42b_1=1.1139 B_bvec_2=9.9364 A_r42b_2=1.1133
PAIR 6 B_bvec_1=9.9678 A_r42b_1=1.1132 B_bvec_2=10.0068 A_r42b_2=1.1125
PAIR 7 B_bvec_1=9.9901 A_r42b_1=1.1133 B_bvec_2=9.9548 A_r42b_2=1.1130
[sclk-post-bench] GPU[7]		: sclk clock level: 1: (2400Mhz)
R42B_BASELINE  median=1.1142 mean=1.1149 stdev=0.0019 n=16
BVEC_CANDIDATE median=9.9891 mean=9.9857 stdev=0.0208 n=16
Welch t (BVEC vs R42B) = +1701.793  (positive = BVEC faster)
DELTA_MEDIAN_PCT BVEC_vs_R42B = +796.568%
FP8_REFERENCE  median=1.1270 mean=1.1269 stdev=0.0005 n=8
BVEC/FP8 ratio = 886.32%
R42B/FP8 ratio = 98.86%
R42B_TFLOPS_LIST 1.1176,1.1177,1.1171,1.1175,1.1171,1.1161,1.1150,1.1145,1.1138,1.1137,1.1139,1.1133,1.1132,1.1125,1.1133,1.1130
BVEC_TFLOPS_LIST 10.0050,10.0142,9.9863,9.9901,10.0012,10.0031,9.9863,9.9826,9.9882,9.9938,9.9641,9.9364,9.9678,10.0068,9.9901,9.9548
FP8_TFLOPS_LIST 1.1276,1.1271,1.1273,1.1270,1.1270,1.1261,1.1264,1.1270
