[sclk-pre-preheat] GPU[7]		: sclk clock level: S: (101Mhz)
[preheat 90.0s] done 16380 iters
[sclk-post-preheat] GPU[7]		: sclk clock level: 1: (2299Mhz)
CORRECTNESS_BVEC_vs_R42B abs_max_err=0.0000e+00 snr_db=inf
[sclk-pre-bench] GPU[7]		: sclk clock level: 1: (2350Mhz)
WARMUP 0 B_bvec=3.8797 A_r42b=0.5622
WARMUP 1 B_bvec=3.8808 A_r42b=0.5623
PAIR 0 B_bvec_1=3.8892 A_r42b_1=0.5624 B_bvec_2=3.8813 A_r42b_2=0.5623
PAIR 1 B_bvec_1=3.8825 A_r42b_1=0.5616 B_bvec_2=3.8836 A_r42b_2=0.5615
PAIR 2 B_bvec_1=3.8785 A_r42b_1=0.5616 B_bvec_2=3.8813 A_r42b_2=0.5614
PAIR 3 B_bvec_1=3.8802 A_r42b_1=0.5612 B_bvec_2=3.8791 A_r42b_2=0.5613
PAIR 4 B_bvec_1=3.8701 A_r42b_1=0.5613 B_bvec_2=3.8735 A_r42b_2=0.5611
PAIR 5 B_bvec_1=3.8836 A_r42b_1=0.5613 B_bvec_2=3.8824 A_r42b_2=0.5617
PAIR 6 B_bvec_1=3.8892 A_r42b_1=0.5618 B_bvec_2=3.8875 A_r42b_2=0.5616
PAIR 7 B_bvec_1=3.9073 A_r42b_1=0.5630 B_bvec_2=3.9039 A_r42b_2=0.5630
[sclk-post-bench] GPU[7]		: sclk clock level: 1: (2405Mhz)
R42B_BASELINE  median=0.5616 mean=0.5618 stdev=0.0006 n=16
BVEC_CANDIDATE median=3.8824 mean=3.8846 stdev=0.0096 n=16
Welch t (BVEC vs R42B) = +1377.051  (positive = BVEC faster)
DELTA_MEDIAN_PCT BVEC_vs_R42B = +591.328%
FP8_REFERENCE  median=0.5669 mean=0.5671 stdev=0.0006 n=8
BVEC/FP8 ratio = 684.90%
R42B/FP8 ratio = 99.07%
R42B_TFLOPS_LIST 0.5624,0.5623,0.5616,0.5615,0.5616,0.5614,0.5612,0.5613,0.5613,0.5611,0.5613,0.5617,0.5618,0.5616,0.5630,0.5630
BVEC_TFLOPS_LIST 3.8892,3.8813,3.8825,3.8836,3.8785,3.8813,3.8802,3.8791,3.8701,3.8735,3.8836,3.8824,3.8892,3.8875,3.9073,3.9039
FP8_TFLOPS_LIST 0.5669,0.5669,0.5668,0.5668,0.5666,0.5671,0.5682,0.5679
