[sclk-pre-preheat] GPU[7]		: sclk clock level: S: (99Mhz)
[preheat 90.0s] done 16380 iters
[sclk-post-preheat] GPU[7]		: sclk clock level: 1: (2177Mhz)
CORRECTNESS_BVEC_vs_R42B abs_max_err=0.0000e+00 snr_db=inf
[sclk-pre-bench] GPU[7]		: sclk clock level: 1: (2366Mhz)
WARMUP 0 B_bvec=3.8011 A_r42b=0.5606
WARMUP 1 B_bvec=3.8022 A_r42b=0.5604
PAIR 0 B_bvec_1=3.8011 A_r42b_1=0.5600 B_bvec_2=3.7963 A_r42b_2=0.5600
PAIR 1 B_bvec_1=3.8000 A_r42b_1=0.5600 B_bvec_2=3.7989 A_r42b_2=0.5602
PAIR 2 B_bvec_1=3.8033 A_r42b_1=0.5600 B_bvec_2=3.8000 A_r42b_2=0.5601
PAIR 3 B_bvec_1=3.8119 A_r42b_1=0.5601 B_bvec_2=3.8130 A_r42b_2=0.5603
PAIR 4 B_bvec_1=3.8238 A_r42b_1=0.5612 B_bvec_2=3.8173 A_r42b_2=0.5609
PAIR 5 B_bvec_1=3.8216 A_r42b_1=0.5609 B_bvec_2=3.8228 A_r42b_2=0.5608
PAIR 6 B_bvec_1=3.8244 A_r42b_1=0.5608 B_bvec_2=3.8249 A_r42b_2=0.5607
PAIR 7 B_bvec_1=3.8260 A_r42b_1=0.5601 B_bvec_2=3.8304 A_r42b_2=0.5603
[sclk-post-bench] GPU[7]		: sclk clock level: 1: (2406Mhz)
R42B_BASELINE  median=0.5602 mean=0.5604 stdev=0.0004 n=16
BVEC_CANDIDATE median=3.8151 mean=3.8135 stdev=0.0118 n=16
Welch t (BVEC vs R42B) = +1099.526  (positive = BVEC faster)
DELTA_MEDIAN_PCT BVEC_vs_R42B = +580.977%
FP8_REFERENCE  median=0.5660 mean=0.5660 stdev=0.0002 n=8
BVEC/FP8 ratio = 674.04%
R42B/FP8 ratio = 98.98%
R42B_TFLOPS_LIST 0.5600,0.5600,0.5600,0.5602,0.5600,0.5601,0.5601,0.5603,0.5612,0.5609,0.5609,0.5608,0.5608,0.5607,0.5601,0.5603
BVEC_TFLOPS_LIST 3.8011,3.7963,3.8000,3.7989,3.8033,3.8000,3.8119,3.8130,3.8238,3.8173,3.8216,3.8228,3.8244,3.8249,3.8260,3.8304
FP8_TFLOPS_LIST 0.5657,0.5659,0.5661,0.5662,0.5661,0.5661,0.5660,0.5659
