[sclk-pre-preheat] GPU[7]		: sclk clock level: 1: (1813Mhz)
[preheat 90.0s] done 15356 iters
[sclk-post-preheat] GPU[7]		: sclk clock level: 1: (1810Mhz)
CORRECTNESS_BVEC_vs_R42B abs_max_err=0.0000e+00 snr_db=inf
[sclk-pre-bench] GPU[7]		: sclk clock level: 1: (1816Mhz)
WARMUP 0 B_bvec=2.6183 A_r42b=0.5001
WARMUP 1 B_bvec=2.6301 A_r42b=0.5065
PAIR 0 B_bvec_1=3.5868 A_r42b_1=0.4791 B_bvec_2=2.9485 A_r42b_2=0.5544
PAIR 1 B_bvec_1=3.5849 A_r42b_1=0.5548 B_bvec_2=3.5906 A_r42b_2=0.5553
PAIR 2 B_bvec_1=3.5867 A_r42b_1=0.5548 B_bvec_2=3.5887 A_r42b_2=0.5547
PAIR 3 B_bvec_1=3.5848 A_r42b_1=0.5549 B_bvec_2=3.5858 A_r42b_2=0.5547
PAIR 4 B_bvec_1=3.5867 A_r42b_1=0.5546 B_bvec_2=3.5906 A_r42b_2=0.5548
PAIR 5 B_bvec_1=3.5830 A_r42b_1=0.5547 B_bvec_2=3.5887 A_r42b_2=0.5547
PAIR 6 B_bvec_1=3.5753 A_r42b_1=0.4762 B_bvec_2=2.6286 A_r42b_2=0.5057
PAIR 7 B_bvec_1=2.6245 A_r42b_1=0.5110 B_bvec_2=2.6209 A_r42b_2=0.5099
[sclk-post-bench] GPU[7]		: sclk clock level: 1: (1835Mhz)
R42B_BASELINE  median=0.5547 mean=0.5365 stdev=0.0293 n=16
BVEC_CANDIDATE median=3.5853 mean=3.3659 stdev=0.4004 n=16
Welch t (BVEC vs R42B) = +28.193  (positive = BVEC faster)
DELTA_MEDIAN_PCT BVEC_vs_R42B = +546.348%
FP8_REFERENCE  median=0.5618 mean=0.5430 stdev=0.0351 n=8
BVEC/FP8 ratio = 638.15%
R42B/FP8 ratio = 98.73%
R42B_TFLOPS_LIST 0.4791,0.5544,0.5548,0.5553,0.5548,0.5547,0.5549,0.5547,0.5546,0.5548,0.5547,0.5547,0.4762,0.5057,0.5110,0.5099
BVEC_TFLOPS_LIST 3.5868,2.9485,3.5849,3.5906,3.5867,3.5887,3.5848,3.5858,3.5867,3.5906,3.5830,3.5887,3.5753,2.6286,2.6245,2.6209
FP8_TFLOPS_LIST 0.5620,0.5620,0.5619,0.5620,0.5618,0.5618,0.4845,0.4878
