[sclk-pre-preheat] GPU[7]		: sclk clock level: S: (98Mhz)
[preheat 90.0s] done 16380 iters
[sclk-post-preheat] GPU[7]		: sclk clock level: 1: (2216Mhz)
CORRECTNESS_BVEC_vs_R42B abs_max_err=0.0000e+00 snr_db=inf
[sclk-pre-bench] GPU[7]		: sclk clock level: 1: (2370Mhz)
WARMUP 0 B_bvec=3.7925 A_r42b=0.5605
WARMUP 1 B_bvec=3.7957 A_r42b=0.5605
PAIR 0 B_bvec_1=3.7979 A_r42b_1=0.5603 B_bvec_2=3.7968 A_r42b_2=0.5605
PAIR 1 B_bvec_1=3.7968 A_r42b_1=0.5604 B_bvec_2=3.8000 A_r42b_2=0.5605
PAIR 2 B_bvec_1=3.7989 A_r42b_1=0.5601 B_bvec_2=3.7936 A_r42b_2=0.5601
PAIR 3 B_bvec_1=3.7957 A_r42b_1=0.5600 B_bvec_2=3.7946 A_r42b_2=0.5602
PAIR 4 B_bvec_1=3.8124 A_r42b_1=0.5606 B_bvec_2=3.8140 A_r42b_2=0.5606
PAIR 5 B_bvec_1=3.8162 A_r42b_1=0.5618 B_bvec_2=3.8249 A_r42b_2=0.5615
PAIR 6 B_bvec_1=3.8260 A_r42b_1=0.5619 B_bvec_2=3.8260 A_r42b_2=0.5618
PAIR 7 B_bvec_1=3.8293 A_r42b_1=0.5614 B_bvec_2=3.8271 A_r42b_2=0.5614
[sclk-post-bench] GPU[7]		: sclk clock level: 1: (2406Mhz)
R42B_BASELINE  median=0.5606 mean=0.5608 stdev=0.0007 n=16
BVEC_CANDIDATE median=3.8062 mean=3.8094 stdev=0.0139 n=16
Welch t (BVEC vs R42B) = +935.852  (positive = BVEC faster)
DELTA_MEDIAN_PCT BVEC_vs_R42B = +578.981%
FP8_REFERENCE  median=0.5663 mean=0.5663 stdev=0.0001 n=8
BVEC/FP8 ratio = 672.10%
R42B/FP8 ratio = 98.99%
R42B_TFLOPS_LIST 0.5603,0.5605,0.5604,0.5605,0.5601,0.5601,0.5600,0.5602,0.5606,0.5606,0.5618,0.5615,0.5619,0.5618,0.5614,0.5614
BVEC_TFLOPS_LIST 3.7979,3.7968,3.7968,3.8000,3.7989,3.7936,3.7957,3.7946,3.8124,3.8140,3.8162,3.8249,3.8260,3.8260,3.8293,3.8271
FP8_TFLOPS_LIST 0.5663,0.5660,0.5661,0.5664,0.5664,0.5664,0.5662,0.5663
