/opt/rocm/bin/hipcc kernel_fp8_layouts.cpp -DKITTENS_CDNA4 --offload-arch=gfx950 -DHIP_ENABLE_WARP_SYNC_BUILTINS -ffast-math -I/opt/rocm/include/rocrand -std=c++20 -w -DM_DIM=4096 -DN_DIM=8192 -DK_DIM=28672  -L/usr/lib/python3.10/config-3.10-x86_64-linux-gnu -L/usr/lib/x86_64-linux-gnu   -ldl  -lm -lm  -I/shared_nfs/kyle/test/Hipkittens2/include -I/shared_nfs/kyle/test/Hipkittens2/prototype -I/usr/include/python3.10 -I/opt/venv/lib/python3.10/site-packages/pybind11/include -shared -fPIC -Rpass-analysis=kernel-resource-usage -I/shared_nfs/kyle/test/Hipkittens2/include -I/opt/rocm/include/hip  \
    -o tk_fp8_layouts.cpython-310-x86_64-linux-gnu.so 
In file included from kernel_fp8_layouts.cpp:802:
./rcr_exact_8wave_fastpath.inc:95:1: remark: Function Name: _Z22rcr_exact_8wave_kernel23rcr_exact_8wave_globals [-Rpass-analysis=kernel-resource-usage]
   95 | void rcr_exact_8wave_kernel(const rcr_exact_8wave_globals g) {
      | ^
./rcr_exact_8wave_fastpath.inc:95:1: remark:     TotalSGPRs: 36 [-Rpass-analysis=kernel-resource-usage]
./rcr_exact_8wave_fastpath.inc:95:1: remark:     VGPRs: 256 [-Rpass-analysis=kernel-resource-usage]
./rcr_exact_8wave_fastpath.inc:95:1: remark:     AGPRs: 0 [-Rpass-analysis=kernel-resource-usage]
./rcr_exact_8wave_fastpath.inc:95:1: remark:     ScratchSize [bytes/lane]: 0 [-Rpass-analysis=kernel-resource-usage]
./rcr_exact_8wave_fastpath.inc:95:1: remark:     Dynamic Stack: False [-Rpass-analysis=kernel-resource-usage]
./rcr_exact_8wave_fastpath.inc:95:1: remark:     Occupancy [waves/SIMD]: 2 [-Rpass-analysis=kernel-resource-usage]
./rcr_exact_8wave_fastpath.inc:95:1: remark:     SGPRs Spill: 0 [-Rpass-analysis=kernel-resource-usage]
./rcr_exact_8wave_fastpath.inc:95:1: remark:     VGPRs Spill: 0 [-Rpass-analysis=kernel-resource-usage]
./rcr_exact_8wave_fastpath.inc:95:1: remark:     LDS Size [bytes/block]: 131072 [-Rpass-analysis=kernel-resource-usage]
In file included from kernel_fp8_layouts.cpp:803:
./rrr_exact_8wave_fastpath.inc:30:1: remark: Function Name: _Z22rrr_exact_8wave_kernel23rrr_exact_8wave_globals [-Rpass-analysis=kernel-resource-usage]
   30 | void rrr_exact_8wave_kernel(const rrr_exact_8wave_globals g) {
      | ^
./rrr_exact_8wave_fastpath.inc:30:1: remark:     TotalSGPRs: 62 [-Rpass-analysis=kernel-resource-usage]
./rrr_exact_8wave_fastpath.inc:30:1: remark:     VGPRs: 256 [-Rpass-analysis=kernel-resource-usage]
./rrr_exact_8wave_fastpath.inc:30:1: remark:     AGPRs: 0 [-Rpass-analysis=kernel-resource-usage]
./rrr_exact_8wave_fastpath.inc:30:1: remark:     ScratchSize [bytes/lane]: 144 [-Rpass-analysis=kernel-resource-usage]
./rrr_exact_8wave_fastpath.inc:30:1: remark:     Dynamic Stack: False [-Rpass-analysis=kernel-resource-usage]
./rrr_exact_8wave_fastpath.inc:30:1: remark:     Occupancy [waves/SIMD]: 2 [-Rpass-analysis=kernel-resource-usage]
./rrr_exact_8wave_fastpath.inc:30:1: remark:     SGPRs Spill: 0 [-Rpass-analysis=kernel-resource-usage]
./rrr_exact_8wave_fastpath.inc:30:1: remark:     VGPRs Spill: 35 [-Rpass-analysis=kernel-resource-usage]
./rrr_exact_8wave_fastpath.inc:30:1: remark:     LDS Size [bytes/block]: 135168 [-Rpass-analysis=kernel-resource-usage]
In file included from kernel_fp8_layouts.cpp:806:
./crr_exact_8wave_fastpath.inc:131:1: remark: Function Name: _Z22crr_exact_8wave_kernel23crr_exact_8wave_globals [-Rpass-analysis=kernel-resource-usage]
  131 | void crr_exact_8wave_kernel(const crr_exact_8wave_globals g) {
      | ^
./crr_exact_8wave_fastpath.inc:131:1: remark:     TotalSGPRs: 32 [-Rpass-analysis=kernel-resource-usage]
./crr_exact_8wave_fastpath.inc:131:1: remark:     VGPRs: 256 [-Rpass-analysis=kernel-resource-usage]
./crr_exact_8wave_fastpath.inc:131:1: remark:     AGPRs: 0 [-Rpass-analysis=kernel-resource-usage]
./crr_exact_8wave_fastpath.inc:131:1: remark:     ScratchSize [bytes/lane]: 20 [-Rpass-analysis=kernel-resource-usage]
./crr_exact_8wave_fastpath.inc:131:1: remark:     Dynamic Stack: False [-Rpass-analysis=kernel-resource-usage]
./crr_exact_8wave_fastpath.inc:131:1: remark:     Occupancy [waves/SIMD]: 2 [-Rpass-analysis=kernel-resource-usage]
./crr_exact_8wave_fastpath.inc:131:1: remark:     SGPRs Spill: 0 [-Rpass-analysis=kernel-resource-usage]
./crr_exact_8wave_fastpath.inc:131:1: remark:     VGPRs Spill: 4 [-Rpass-analysis=kernel-resource-usage]
./crr_exact_8wave_fastpath.inc:131:1: remark:     LDS Size [bytes/block]: 139264 [-Rpass-analysis=kernel-resource-usage]
kernel_fp8_layouts.cpp:810:1: remark: Function Name: _Z11gemm_kernelIL6Layout0EEv14layout_globals [-Rpass-analysis=kernel-resource-usage]
  810 | void gemm_kernel(const layout_globals g) {
      | ^
kernel_fp8_layouts.cpp:810:1: remark:     TotalSGPRs: 42 [-Rpass-analysis=kernel-resource-usage]
kernel_fp8_layouts.cpp:810:1: remark:     VGPRs: 212 [-Rpass-analysis=kernel-resource-usage]
kernel_fp8_layouts.cpp:810:1: remark:     AGPRs: 0 [-Rpass-analysis=kernel-resource-usage]
kernel_fp8_layouts.cpp:810:1: remark:     ScratchSize [bytes/lane]: 0 [-Rpass-analysis=kernel-resource-usage]
kernel_fp8_layouts.cpp:810:1: remark:     Dynamic Stack: False [-Rpass-analysis=kernel-resource-usage]
kernel_fp8_layouts.cpp:810:1: remark:     Occupancy [waves/SIMD]: 2 [-Rpass-analysis=kernel-resource-usage]
kernel_fp8_layouts.cpp:810:1: remark:     SGPRs Spill: 0 [-Rpass-analysis=kernel-resource-usage]
kernel_fp8_layouts.cpp:810:1: remark:     VGPRs Spill: 0 [-Rpass-analysis=kernel-resource-usage]
kernel_fp8_layouts.cpp:810:1: remark:     LDS Size [bytes/block]: 139264 [-Rpass-analysis=kernel-resource-usage]
kernel_fp8_layouts.cpp:810:1: remark: Function Name: _Z11gemm_kernelIL6Layout1EEv14layout_globals [-Rpass-analysis=kernel-resource-usage]
kernel_fp8_layouts.cpp:810:1: remark:     TotalSGPRs: 40 [-Rpass-analysis=kernel-resource-usage]
kernel_fp8_layouts.cpp:810:1: remark:     VGPRs: 242 [-Rpass-analysis=kernel-resource-usage]
kernel_fp8_layouts.cpp:810:1: remark:     AGPRs: 0 [-Rpass-analysis=kernel-resource-usage]
kernel_fp8_layouts.cpp:810:1: remark:     ScratchSize [bytes/lane]: 0 [-Rpass-analysis=kernel-resource-usage]
kernel_fp8_layouts.cpp:810:1: remark:     Dynamic Stack: False [-Rpass-analysis=kernel-resource-usage]
kernel_fp8_layouts.cpp:810:1: remark:     Occupancy [waves/SIMD]: 2 [-Rpass-analysis=kernel-resource-usage]
kernel_fp8_layouts.cpp:810:1: remark:     SGPRs Spill: 0 [-Rpass-analysis=kernel-resource-usage]
kernel_fp8_layouts.cpp:810:1: remark:     VGPRs Spill: 0 [-Rpass-analysis=kernel-resource-usage]
kernel_fp8_layouts.cpp:810:1: remark:     LDS Size [bytes/block]: 135168 [-Rpass-analysis=kernel-resource-usage]
kernel_fp8_layouts.cpp:810:1: remark: Function Name: _Z11gemm_kernelIL6Layout2EEv14layout_globals [-Rpass-analysis=kernel-resource-usage]
kernel_fp8_layouts.cpp:810:1: remark:     TotalSGPRs: 38 [-Rpass-analysis=kernel-resource-usage]
kernel_fp8_layouts.cpp:810:1: remark:     VGPRs: 230 [-Rpass-analysis=kernel-resource-usage]
kernel_fp8_layouts.cpp:810:1: remark:     AGPRs: 0 [-Rpass-analysis=kernel-resource-usage]
kernel_fp8_layouts.cpp:810:1: remark:     ScratchSize [bytes/lane]: 0 [-Rpass-analysis=kernel-resource-usage]
kernel_fp8_layouts.cpp:810:1: remark:     Dynamic Stack: False [-Rpass-analysis=kernel-resource-usage]
kernel_fp8_layouts.cpp:810:1: remark:     Occupancy [waves/SIMD]: 2 [-Rpass-analysis=kernel-resource-usage]
kernel_fp8_layouts.cpp:810:1: remark:     SGPRs Spill: 0 [-Rpass-analysis=kernel-resource-usage]
kernel_fp8_layouts.cpp:810:1: remark:     VGPRs Spill: 0 [-Rpass-analysis=kernel-resource-usage]
kernel_fp8_layouts.cpp:810:1: remark:     LDS Size [bytes/block]: 139264 [-Rpass-analysis=kernel-resource-usage]
kernel_fp8_layouts.cpp:2198:1: remark: Function Name: _Z16gemm_tail_kernelIL6Layout0EEv14layout_globals [-Rpass-analysis=kernel-resource-usage]
 2198 | __global__ void gemm_tail_kernel(const layout_globals g) {
      | ^
kernel_fp8_layouts.cpp:2198:1: remark:     TotalSGPRs: 26 [-Rpass-analysis=kernel-resource-usage]
kernel_fp8_layouts.cpp:2198:1: remark:     VGPRs: 10 [-Rpass-analysis=kernel-resource-usage]
kernel_fp8_layouts.cpp:2198:1: remark:     AGPRs: 0 [-Rpass-analysis=kernel-resource-usage]
kernel_fp8_layouts.cpp:2198:1: remark:     ScratchSize [bytes/lane]: 0 [-Rpass-analysis=kernel-resource-usage]
kernel_fp8_layouts.cpp:2198:1: remark:     Dynamic Stack: False [-Rpass-analysis=kernel-resource-usage]
kernel_fp8_layouts.cpp:2198:1: remark:     Occupancy [waves/SIMD]: 8 [-Rpass-analysis=kernel-resource-usage]
kernel_fp8_layouts.cpp:2198:1: remark:     SGPRs Spill: 0 [-Rpass-analysis=kernel-resource-usage]
kernel_fp8_layouts.cpp:2198:1: remark:     VGPRs Spill: 0 [-Rpass-analysis=kernel-resource-usage]
kernel_fp8_layouts.cpp:2198:1: remark:     LDS Size [bytes/block]: 0 [-Rpass-analysis=kernel-resource-usage]
kernel_fp8_layouts.cpp:2198:1: remark: Function Name: _Z16gemm_tail_kernelIL6Layout1EEv14layout_globals [-Rpass-analysis=kernel-resource-usage]
kernel_fp8_layouts.cpp:2198:1: remark:     TotalSGPRs: 26 [-Rpass-analysis=kernel-resource-usage]
kernel_fp8_layouts.cpp:2198:1: remark:     VGPRs: 11 [-Rpass-analysis=kernel-resource-usage]
kernel_fp8_layouts.cpp:2198:1: remark:     AGPRs: 0 [-Rpass-analysis=kernel-resource-usage]
kernel_fp8_layouts.cpp:2198:1: remark:     ScratchSize [bytes/lane]: 0 [-Rpass-analysis=kernel-resource-usage]
kernel_fp8_layouts.cpp:2198:1: remark:     Dynamic Stack: False [-Rpass-analysis=kernel-resource-usage]
kernel_fp8_layouts.cpp:2198:1: remark:     Occupancy [waves/SIMD]: 8 [-Rpass-analysis=kernel-resource-usage]
kernel_fp8_layouts.cpp:2198:1: remark:     SGPRs Spill: 0 [-Rpass-analysis=kernel-resource-usage]
kernel_fp8_layouts.cpp:2198:1: remark:     VGPRs Spill: 0 [-Rpass-analysis=kernel-resource-usage]
kernel_fp8_layouts.cpp:2198:1: remark:     LDS Size [bytes/block]: 0 [-Rpass-analysis=kernel-resource-usage]
kernel_fp8_layouts.cpp:2198:1: remark: Function Name: _Z16gemm_tail_kernelIL6Layout2EEv14layout_globals [-Rpass-analysis=kernel-resource-usage]
kernel_fp8_layouts.cpp:2198:1: remark:     TotalSGPRs: 26 [-Rpass-analysis=kernel-resource-usage]
kernel_fp8_layouts.cpp:2198:1: remark:     VGPRs: 10 [-Rpass-analysis=kernel-resource-usage]
kernel_fp8_layouts.cpp:2198:1: remark:     AGPRs: 0 [-Rpass-analysis=kernel-resource-usage]
kernel_fp8_layouts.cpp:2198:1: remark:     ScratchSize [bytes/lane]: 0 [-Rpass-analysis=kernel-resource-usage]
kernel_fp8_layouts.cpp:2198:1: remark:     Dynamic Stack: False [-Rpass-analysis=kernel-resource-usage]
kernel_fp8_layouts.cpp:2198:1: remark:     Occupancy [waves/SIMD]: 8 [-Rpass-analysis=kernel-resource-usage]
kernel_fp8_layouts.cpp:2198:1: remark:     SGPRs Spill: 0 [-Rpass-analysis=kernel-resource-usage]
kernel_fp8_layouts.cpp:2198:1: remark:     VGPRs Spill: 0 [-Rpass-analysis=kernel-resource-usage]
kernel_fp8_layouts.cpp:2198:1: remark:     LDS Size [bytes/block]: 0 [-Rpass-analysis=kernel-resource-usage]
