=== FP8 GEMM Layout Benchmark (native layouts, no preshuffle): M=4096, N=28672, K=8192 ===
Warmup=100, iters=200, correctness=off
Layouts=crr,rcr,rrr

--- RCR Layout: C = A @ B^T ---
  Avg time: 0.6561 ms, TFLOPS: 2932.84

--- RRR Layout: C = A @ B ---
  Avg time: 0.6556 ms, TFLOPS: 2934.78

--- CRR Layout: C = A^T @ B ---
  Avg time: 0.6886 ms, TFLOPS: 2794.17

============================================================
Layout     Time (ms)    TFLOPS     % of RCR  
------------------------------------------------------------
RCR        0.6561       2932.84    100.00%   
RRR        0.6556       2934.78    100.07%
CRR        0.6886       2794.17    95.27%
============================================================

95% target: MET
  RRR: 100.07% of RCR
  CRR: 95.27% of RCR

Results saved to fp8_layout_results_4096x28672x8192.json
