=== FP8 GEMM Layout Benchmark (native layouts, no preshuffle): M=4096, N=8192, K=8192 ===
Warmup=100, iters=200, correctness=off
Layouts=crr,rcr,rrr

--- RCR Layout: C = A @ B^T ---
  Avg time: 0.1822 ms, TFLOPS: 3017.12

--- RRR Layout: C = A @ B ---
  Avg time: 0.1811 ms, TFLOPS: 3035.42

--- CRR Layout: C = A^T @ B ---
  Avg time: 0.1944 ms, TFLOPS: 2827.36

============================================================
Layout     Time (ms)    TFLOPS     % of RCR  
------------------------------------------------------------
RCR        0.1822       3017.12    100.00%   
RRR        0.1811       3035.42    100.61%
CRR        0.1944       2827.36    93.71%
============================================================

95% target: NOT MET
  RRR: 100.61% of RCR
  CRR: 93.71% of RCR

Results saved to fp8_layout_results_4096x8192x8192.json
