=== FP8 GEMM Layout Benchmark (native layouts, no preshuffle): M=4096, N=8192, K=28672 ===
Warmup=100, iters=200, correctness=off
Layouts=crr,rcr,rrr

--- RCR Layout: C = A @ B^T ---
  Avg time: 0.6015 ms, TFLOPS: 3198.99

--- RRR Layout: C = A @ B ---
  Avg time: 0.6943 ms, TFLOPS: 2771.46

--- CRR Layout: C = A^T @ B ---
  Avg time: 0.6434 ms, TFLOPS: 2990.75

============================================================
Layout     Time (ms)    TFLOPS     % of RCR  
------------------------------------------------------------
RCR        0.6015       3198.99    100.00%   
RRR        0.6943       2771.46    86.64%
CRR        0.6434       2990.75    93.49%
============================================================

95% target: NOT MET
  RRR: 86.64% of RCR
  CRR: 93.49% of RCR

Results saved to fp8_layout_results_4096x8192x28672.json
