=== FP8 GEMM Layout Benchmark (native layouts, no preshuffle): M=4096, N=14336, K=4096 ===
Warmup=100, iters=200, correctness=off
Layouts=crr,rcr,rrr

--- RCR Layout: C = A @ B^T ---
  Avg time: 0.1762 ms, TFLOPS: 2729.86

--- RRR Layout: C = A @ B ---
  Avg time: 0.1744 ms, TFLOPS: 2757.65

--- CRR Layout: C = A^T @ B ---
  Avg time: 0.1866 ms, TFLOPS: 2577.52

============================================================
Layout     Time (ms)    TFLOPS     % of RCR  
------------------------------------------------------------
RCR        0.1762       2729.86    100.00%   
RRR        0.1744       2757.65    101.02%
CRR        0.1866       2577.52    94.42%
============================================================

95% target: NOT MET
  RRR: 101.02% of RCR
  CRR: 94.42% of RCR

Results saved to fp8_layout_results_4096x14336x4096.json
