=== MXFP8 GEMM Layout Benchmark (preshuffle-quant): M=4096, N=28672, K=8192 ===
Warmup=100, iters=200, correctness=on
SNR threshold=45.0 dB, determinism_runs=3
Layouts=crr,rcr,rrr

--- RCR Layout: C = A @ B^T ---
  Avg time: 0.6789 ms, TFLOPS: 2834.15
  [RCR] Correctness (rtol=0.1000, atol=3.0):
    Max  abs error: 0.0312, Mean abs error: 0.0022
    Max  rel error: 0.0078, Mean rel error: 0.0017
    SNR: 49.59 dB (threshold 45.0 dB)
    Pass rate: 117440512/117440512 (100.00%)
    Result: PASS
  [RCR] Determinism (3 runs): PASS

--- RRR Layout: C = A @ B ---
  Avg time: 0.6970 ms, TFLOPS: 2760.56
  [RRR] Correctness (rtol=0.1000, atol=3.0):
    Max  abs error: 0.0312, Mean abs error: 0.0022
    Max  rel error: 0.0078, Mean rel error: 0.0017
    SNR: 49.59 dB (threshold 45.0 dB)
    Pass rate: 117440512/117440512 (100.00%)
    Result: PASS
  [RRR] Determinism (3 runs): PASS

--- CRR Layout: C = A^T @ B ---
  Avg time: 0.7785 ms, TFLOPS: 2471.55
  [CRR] Correctness (rtol=0.1000, atol=3.0):
    Max  abs error: 0.0312, Mean abs error: 0.0022
    Max  rel error: 0.0078, Mean rel error: 0.0017
    SNR: 49.60 dB (threshold 45.0 dB)
    Pass rate: 117440512/117440512 (100.00%)
    Result: PASS
  [CRR] Determinism (3 runs): PASS

Results saved to mxfp8_layout_results_4096x28672x8192_pq.json
