=== FP8 GEMM Layout Benchmark (native layouts, no preshuffle): M=4096, N=8192, K=28672 ===
Warmup=100, iters=200, correctness=off
Layouts=crr,rcr,rrr

--- RCR Layout: C = A @ B^T ---
  Avg time: 0.5970 ms, TFLOPS: 3222.86

--- RRR Layout: C = A @ B ---
  Avg time: 0.7073 ms, TFLOPS: 2720.42

--- CRR Layout: C = A^T @ B ---
  Avg time: 0.6446 ms, TFLOPS: 2984.98

============================================================
Layout     Time (ms)    TFLOPS     % of RCR  
------------------------------------------------------------
RCR        0.5970       3222.86    100.00%   
RRR        0.7073       2720.42    84.41%
CRR        0.6446       2984.98    92.62%
============================================================

95% target: NOT MET
  RRR: 84.41% of RCR
  CRR: 92.62% of RCR

Results saved to fp8_layout_results_4096x8192x28672.json
