=== FP8 GEMM Layout Benchmark (native layouts, no preshuffle): M=4096, N=8192, K=8192 ===
Warmup=100, iters=200, correctness=off
Layouts=crr,rcr,rrr

--- RCR Layout: C = A @ B^T ---
  Avg time: 0.1805 ms, TFLOPS: 3045.32

--- RRR Layout: C = A @ B ---
  Avg time: 0.1788 ms, TFLOPS: 3074.95

--- CRR Layout: C = A^T @ B ---
  Avg time: 0.1918 ms, TFLOPS: 2866.59

============================================================
Layout     Time (ms)    TFLOPS     % of RCR  
------------------------------------------------------------
RCR        0.1805       3045.32    100.00%   
RRR        0.1788       3074.95    100.97%
CRR        0.1918       2866.59    94.13%
============================================================

95% target: NOT MET
  RRR: 100.97% of RCR
  CRR: 94.13% of RCR

Results saved to fp8_layout_results_4096x8192x8192.json
