=== MXFP8 GEMM Layout Benchmark (preshuffle-quant): M=4096, N=8192, K=8192 ===
Warmup=100, iters=200, correctness=on
SNR threshold=45.0 dB, determinism_runs=3
Layouts=crr,rcr,rrr

--- RCR Layout: C = A @ B^T ---
  Avg time: 0.1912 ms, TFLOPS: 2875.11
  [RCR] Correctness (rtol=0.1000, atol=3.0):
    Max  abs error: 0.0312, Mean abs error: 0.0022
    Max  rel error: 0.0078, Mean rel error: 0.0017
    SNR: 49.60 dB (threshold 45.0 dB)
    Pass rate: 33554432/33554432 (100.00%)
    Result: PASS
  [RCR] Determinism (3 runs): PASS

--- RRR Layout: C = A @ B ---
  Avg time: 0.1940 ms, TFLOPS: 2833.29
  [RRR] Correctness (rtol=0.1000, atol=3.0):
    Max  abs error: 0.0312, Mean abs error: 0.0022
    Max  rel error: 0.0078, Mean rel error: 0.0017
    SNR: 49.60 dB (threshold 45.0 dB)
    Pass rate: 33554432/33554432 (100.00%)
    Result: PASS
  [RRR] Determinism (3 runs): PASS

--- CRR Layout: C = A^T @ B ---
  Avg time: 0.2056 ms, TFLOPS: 2674.11
  [CRR] Correctness (rtol=0.1000, atol=3.0):
    Max  abs error: 0.0312, Mean abs error: 0.0022
    Max  rel error: 0.0078, Mean rel error: 0.0017
    SNR: 49.60 dB (threshold 45.0 dB)
    Pass rate: 33554432/33554432 (100.00%)
    Result: PASS
  [CRR] Determinism (3 runs): PASS

Results saved to mxfp8_layout_results_4096x8192x8192_pq.json
