=== FP8 GEMM Layout Benchmark (native layouts, no preshuffle): M=4096, N=28672, K=8192 ===
Warmup=100, iters=200, correctness=off
Layouts=crr,rcr,rrr

--- RCR Layout: C = A @ B^T ---
  Avg time: 0.6490 ms, TFLOPS: 2964.78

--- RRR Layout: C = A @ B ---
  Avg time: 0.6531 ms, TFLOPS: 2945.98

--- CRR Layout: C = A^T @ B ---
  Avg time: 0.6889 ms, TFLOPS: 2793.13

============================================================
Layout     Time (ms)    TFLOPS     % of RCR  
------------------------------------------------------------
RCR        0.6490       2964.78    100.00%   
RRR        0.6531       2945.98    99.37%
CRR        0.6889       2793.13    94.21%
============================================================

95% target: NOT MET
  RRR: 99.37% of RCR
  CRR: 94.21% of RCR

Results saved to fp8_layout_results_4096x28672x8192.json
