=== FP8 GEMM Layout Benchmark (native layouts, no preshuffle): M=8192, N=8192, K=8192 ===
Warmup=100, iters=200, correctness=off
Layouts=crr,rcr,rrr

--- RCR Layout: C = A @ B^T ---
  Avg time: 0.3552 ms, TFLOPS: 3095.82

--- RRR Layout: C = A @ B ---
  Avg time: 0.3556 ms, TFLOPS: 3092.03

--- CRR Layout: C = A^T @ B ---
  Avg time: 0.3809 ms, TFLOPS: 2886.33

============================================================
Layout     Time (ms)    TFLOPS     % of RCR  
------------------------------------------------------------
RCR        0.3552       3095.82    100.00%   
RRR        0.3556       3092.03    99.88%
CRR        0.3809       2886.33    93.23%
============================================================

95% target: NOT MET
  RRR: 99.88% of RCR
  CRR: 93.23% of RCR

Results saved to fp8_layout_results_8192.json
