=== MXFP8 GEMM Layout Benchmark (preshuffle-quant): M=4096, N=4096, K=14336 ===
Warmup=100, iters=200, correctness=on
SNR threshold=45.0 dB, determinism_runs=3
Layouts=crr,rcr,rrr

--- RCR Layout: C = A @ B^T ---
  Avg time: 0.1690 ms, TFLOPS: 2845.78
  [RCR] Correctness (rtol=0.1000, atol=3.0):
    Max  abs error: 0.0312, Mean abs error: 0.0029
    Max  rel error: 0.0078, Mean rel error: 0.0020
    SNR: 49.60 dB (threshold 45.0 dB)
    Pass rate: 16777216/16777216 (100.00%)
    Result: PASS
  [RCR] Determinism (3 runs): PASS

--- RRR Layout: C = A @ B ---
  Avg time: 0.1713 ms, TFLOPS: 2808.94
  [RRR] Correctness (rtol=0.1000, atol=3.0):
    Max  abs error: 0.0313, Mean abs error: 0.0029
    Max  rel error: 0.0078, Mean rel error: 0.0020
    SNR: 49.60 dB (threshold 45.0 dB)
    Pass rate: 16777216/16777216 (100.00%)
    Result: PASS
  [RRR] Determinism (3 runs): PASS

--- CRR Layout: C = A^T @ B ---
  Avg time: 0.1811 ms, TFLOPS: 2655.90
  [CRR] Correctness (rtol=0.1000, atol=3.0):
    Max  abs error: 0.0312, Mean abs error: 0.0029
    Max  rel error: 0.0078, Mean rel error: 0.0020
    SNR: 49.60 dB (threshold 45.0 dB)
    Pass rate: 16777216/16777216 (100.00%)
    Result: PASS
  [CRR] Determinism (3 runs): PASS

Results saved to mxfp8_layout_results_4096x4096x14336_pq.json
