=== MXFP8 GEMM Layout Benchmark (preshuffle-quant): M=4096, N=14336, K=4096 ===
Warmup=100, iters=200, correctness=on
SNR threshold=45.0 dB, determinism_runs=3
Layouts=crr,rcr,rrr

--- RCR Layout: C = A @ B^T ---
  Avg time: 0.1884 ms, TFLOPS: 2553.65
  [RCR] Correctness (rtol=0.1000, atol=3.0):
    Max  abs error: 0.0291, Mean abs error: 0.0015
    Max  rel error: 0.0078, Mean rel error: 0.0014
    SNR: 49.61 dB (threshold 45.0 dB)
    Pass rate: 58720256/58720256 (100.00%)
    Result: PASS
  [RCR] Determinism (3 runs): PASS

--- RRR Layout: C = A @ B ---
  Avg time: 0.1929 ms, TFLOPS: 2493.75
  [RRR] Correctness (rtol=0.1000, atol=3.0):
    Max  abs error: 0.0280, Mean abs error: 0.0015
    Max  rel error: 0.0078, Mean rel error: 0.0014
    SNR: 49.61 dB (threshold 45.0 dB)
    Pass rate: 58720256/58720256 (100.00%)
    Result: PASS
  [RRR] Determinism (3 runs): PASS

--- CRR Layout: C = A^T @ B ---
  Avg time: 0.2041 ms, TFLOPS: 2356.78
  [CRR] Correctness (rtol=0.1000, atol=3.0):
    Max  abs error: 0.0283, Mean abs error: 0.0015
    Max  rel error: 0.0078, Mean rel error: 0.0014
    SNR: 49.61 dB (threshold 45.0 dB)
    Pass rate: 58720256/58720256 (100.00%)
    Result: PASS
  [CRR] Determinism (3 runs): PASS

Results saved to mxfp8_layout_results_4096x14336x4096_pq.json
