=== FP8 GEMM Layout Benchmark (native layouts, no preshuffle): M=4096, N=14336, K=4096 ===
Warmup=100, iters=200, correctness=off
Layouts=crr,rcr,rrr

--- RCR Layout: C = A @ B^T ---
  Avg time: 0.1768 ms, TFLOPS: 2721.49

--- RRR Layout: C = A @ B ---
  Avg time: 0.1743 ms, TFLOPS: 2760.15

--- CRR Layout: C = A^T @ B ---
  Avg time: 0.1871 ms, TFLOPS: 2570.45

============================================================
Layout     Time (ms)    TFLOPS     % of RCR  
------------------------------------------------------------
RCR        0.1768       2721.49    100.00%   
RRR        0.1743       2760.15    101.42%
CRR        0.1871       2570.45    94.45%
============================================================

95% target: NOT MET
  RRR: 101.42% of RCR
  CRR: 94.45% of RCR

Results saved to fp8_layout_results_4096x14336x4096.json
