==========
>>> mask=0 shape=4096x14336x4096 (8B_GateUp) Sun Apr 19 10:37:49 UTC 2026
>>> Build done, sleeping 60s rebuild cooldown...
>>> mask=0 run=1 Sun Apr 19 10:38:57 UTC 2026
  Avg time: 0.1886 ms, TFLOPS: 2550.05
>>> mask=0 run=2 Sun Apr 19 10:39:32 UTC 2026
  Avg time: 0.1906 ms, TFLOPS: 2523.90
>>> mask=0 run=3 Sun Apr 19 10:40:06 UTC 2026
  Avg time: 0.1909 ms, TFLOPS: 2519.77
>>> mask=0 run=4 Sun Apr 19 10:40:41 UTC 2026
  Avg time: 0.1906 ms, TFLOPS: 2524.24
>>> mask=0 run=5 Sun Apr 19 10:41:16 UTC 2026
  Avg time: 0.1909 ms, TFLOPS: 2520.08
==========
>>> mask=1 shape=4096x14336x4096 (8B_GateUp) Sun Apr 19 10:41:50 UTC 2026
>>> Build done, sleeping 60s rebuild cooldown...
>>> mask=1 run=1 Sun Apr 19 10:42:57 UTC 2026
  Avg time: 0.1902 ms, TFLOPS: 2528.86
>>> mask=1 run=2 Sun Apr 19 10:43:32 UTC 2026
  Avg time: 0.1910 ms, TFLOPS: 2518.72
>>> mask=1 run=3 Sun Apr 19 10:44:07 UTC 2026
  Avg time: 0.1906 ms, TFLOPS: 2523.83
>>> mask=1 run=4 Sun Apr 19 10:44:41 UTC 2026
  Avg time: 0.1914 ms, TFLOPS: 2513.59
>>> mask=1 run=5 Sun Apr 19 10:45:16 UTC 2026
  Avg time: 0.1908 ms, TFLOPS: 2521.19
==========
>>> mask=2 shape=4096x14336x4096 (8B_GateUp) Sun Apr 19 10:45:51 UTC 2026
>>> Build done, sleeping 60s rebuild cooldown...
>>> mask=2 run=1 Sun Apr 19 10:46:58 UTC 2026
  Avg time: 0.1879 ms, TFLOPS: 2560.59
>>> mask=2 run=2 Sun Apr 19 10:47:32 UTC 2026
  Avg time: 0.1906 ms, TFLOPS: 2523.41
>>> mask=2 run=3 Sun Apr 19 10:48:07 UTC 2026
  Avg time: 0.1909 ms, TFLOPS: 2520.28
>>> mask=2 run=4 Sun Apr 19 10:48:41 UTC 2026
  Avg time: 0.1919 ms, TFLOPS: 2506.05
>>> mask=2 run=5 Sun Apr 19 10:49:16 UTC 2026
  Avg time: 0.1906 ms, TFLOPS: 2524.22
==========
>>> mask=3 shape=4096x14336x4096 (8B_GateUp) Sun Apr 19 10:49:51 UTC 2026
>>> Build done, sleeping 60s rebuild cooldown...
>>> mask=3 run=1 Sun Apr 19 10:50:58 UTC 2026
  Avg time: 0.1909 ms, TFLOPS: 2520.21
>>> mask=3 run=2 Sun Apr 19 10:51:32 UTC 2026
  Avg time: 0.1906 ms, TFLOPS: 2523.37
>>> mask=3 run=3 Sun Apr 19 10:52:07 UTC 2026
  Avg time: 0.1921 ms, TFLOPS: 2504.58
>>> mask=3 run=4 Sun Apr 19 10:52:41 UTC 2026
  Avg time: 0.1909 ms, TFLOPS: 2520.33
>>> mask=3 run=5 Sun Apr 19 10:53:16 UTC 2026
  Avg time: 0.1906 ms, TFLOPS: 2523.55
==========
>>> mask=4 shape=4096x14336x4096 (8B_GateUp) Sun Apr 19 10:53:50 UTC 2026
>>> Build done, sleeping 60s rebuild cooldown...
>>> mask=4 run=1 Sun Apr 19 10:54:58 UTC 2026
  Avg time: 0.1912 ms, TFLOPS: 2515.86
>>> mask=4 run=2 Sun Apr 19 10:55:32 UTC 2026
  Avg time: 0.1905 ms, TFLOPS: 2525.35
>>> mask=4 run=3 Sun Apr 19 10:56:07 UTC 2026
  Avg time: 0.1878 ms, TFLOPS: 2562.00
>>> mask=4 run=4 Sun Apr 19 10:56:41 UTC 2026
  Avg time: 0.1907 ms, TFLOPS: 2522.84
>>> mask=4 run=5 Sun Apr 19 10:57:15 UTC 2026
  Avg time: 0.1913 ms, TFLOPS: 2514.51
ALL DONE Sun Apr 19 10:57:50 UTC 2026
