W20260419 19:34:18.791016 139751127793152 simple_timer.cpp:55] [rocprofv3] tool initialization ::     0.142581 sec
W20260419 19:34:18.791239 139751127793152 simple_timer.cpp:55] [rocprofv3] 'python3 test_mxfp8_python.py 4096 4096 14336' ::     0.000000 sec
=== MXFP8 GEMM Layout Benchmark (preshuffle-quant): M=4096, N=4096, K=14336 ===
Warmup=3, iters=5, correctness=off
Layouts=rcr

--- RCR Layout: C = A @ B^T ---
W20260419 19:34:19.737894 139751127793152 tool.cpp:2420] HSA version 8.19.0 initialized (instance=0)
  Avg time: 543.1379 ms, TFLOPS: 0.89

Results saved to mxfp8_layout_results_4096x4096x14336_pq.json
W20260419 19:34:24.835778 139751127793152 simple_timer.cpp:55] [rocprofv3] 'python3 test_mxfp8_python.py 4096 4096 14336' ::     6.044539 sec
E20260419 19:34:24.924284 139751127793152 output_stream.cpp:111] Opened result file: /shared_nfs/kyle/test/Hipkittens2/analysis/fp8_gemm/mi350x/r54b_pmc_results/8B_Down_mxfp8_rcr_set1/pmc_1/pt-test-2-l7n7x-master-0/2567370_counter_collection.csv
E20260419 19:34:24.993494 139751127793152 output_stream.cpp:111] Opened result file: /shared_nfs/kyle/test/Hipkittens2/analysis/fp8_gemm/mi350x/r54b_pmc_results/8B_Down_mxfp8_rcr_set1/pmc_1/pt-test-2-l7n7x-master-0/2567370_agent_info.csv
W20260419 19:34:24.996483 139751127793152 simple_timer.cpp:55] [rocprofv3] output generation ::     0.147052 sec
W20260419 19:34:24.998085 139751127793152 simple_timer.cpp:55] [rocprofv3] tool finalization ::     0.148662 sec
W20260419 19:34:25.734569 140027095490048 simple_timer.cpp:55] [rocprofv3] tool initialization ::     0.154300 sec
W20260419 19:34:25.734801 140027095490048 simple_timer.cpp:55] [rocprofv3] 'python3 test_mxfp8_python.py 4096 4096 14336' ::     0.000000 sec
=== MXFP8 GEMM Layout Benchmark (preshuffle-quant): M=4096, N=4096, K=14336 ===
Warmup=3, iters=5, correctness=off
Layouts=rcr

--- RCR Layout: C = A @ B^T ---
W20260419 19:34:26.615056 140027095490048 tool.cpp:2420] HSA version 8.19.0 initialized (instance=0)
  Avg time: 542.2378 ms, TFLOPS: 0.89

Results saved to mxfp8_layout_results_4096x4096x14336_pq.json
W20260419 19:34:31.773103 140027095490048 simple_timer.cpp:55] [rocprofv3] 'python3 test_mxfp8_python.py 4096 4096 14336' ::     6.038302 sec
E20260419 19:34:31.878028 140027095490048 output_stream.cpp:111] Opened result file: /shared_nfs/kyle/test/Hipkittens2/analysis/fp8_gemm/mi350x/r54b_pmc_results/8B_Down_mxfp8_rcr_set1/pmc_2/pt-test-2-l7n7x-master-0/2567532_counter_collection.csv
E20260419 19:34:31.944639 140027095490048 output_stream.cpp:111] Opened result file: /shared_nfs/kyle/test/Hipkittens2/analysis/fp8_gemm/mi350x/r54b_pmc_results/8B_Down_mxfp8_rcr_set1/pmc_2/pt-test-2-l7n7x-master-0/2567532_agent_info.csv
W20260419 19:34:31.947900 140027095490048 simple_timer.cpp:55] [rocprofv3] output generation ::     0.161902 sec
W20260419 19:34:31.949497 140027095490048 simple_timer.cpp:55] [rocprofv3] tool finalization ::     0.163507 sec
W20260419 19:34:32.670982 139711838236160 simple_timer.cpp:55] [rocprofv3] tool initialization ::     0.143415 sec
W20260419 19:34:32.671180 139711838236160 simple_timer.cpp:55] [rocprofv3] 'python3 test_mxfp8_python.py 4096 4096 14336' ::     0.000000 sec
=== MXFP8 GEMM Layout Benchmark (preshuffle-quant): M=4096, N=4096, K=14336 ===
Warmup=3, iters=5, correctness=off
Layouts=rcr

--- RCR Layout: C = A @ B^T ---
W20260419 19:34:33.581112 139711838236160 tool.cpp:2420] HSA version 8.19.0 initialized (instance=0)
  Avg time: 542.6222 ms, TFLOPS: 0.89

Results saved to mxfp8_layout_results_4096x4096x14336_pq.json
W20260419 19:34:38.749013 139711838236160 simple_timer.cpp:55] [rocprofv3] 'python3 test_mxfp8_python.py 4096 4096 14336' ::     6.077833 sec
E20260419 19:34:38.841790 139711838236160 output_stream.cpp:111] Opened result file: /shared_nfs/kyle/test/Hipkittens2/analysis/fp8_gemm/mi350x/r54b_pmc_results/8B_Down_mxfp8_rcr_set1/pmc_3/pt-test-2-l7n7x-master-0/2567660_counter_collection.csv
E20260419 19:34:38.886817 139711838236160 output_stream.cpp:111] Opened result file: /shared_nfs/kyle/test/Hipkittens2/analysis/fp8_gemm/mi350x/r54b_pmc_results/8B_Down_mxfp8_rcr_set1/pmc_3/pt-test-2-l7n7x-master-0/2567660_agent_info.csv
W20260419 19:34:38.889953 139711838236160 simple_timer.cpp:55] [rocprofv3] output generation ::     0.127975 sec
W20260419 19:34:38.891411 139711838236160 simple_timer.cpp:55] [rocprofv3] tool finalization ::     0.129441 sec
W20260419 19:34:39.622621 140029381647872 simple_timer.cpp:55] [rocprofv3] tool initialization ::     0.152894 sec
W20260419 19:34:39.622827 140029381647872 simple_timer.cpp:55] [rocprofv3] 'python3 test_mxfp8_python.py 4096 4096 14336' ::     0.000000 sec
=== MXFP8 GEMM Layout Benchmark (preshuffle-quant): M=4096, N=4096, K=14336 ===
Warmup=3, iters=5, correctness=off
Layouts=rcr

--- RCR Layout: C = A @ B^T ---
W20260419 19:34:40.538661 140029381647872 tool.cpp:2420] HSA version 8.19.0 initialized (instance=0)
  Avg time: 542.8044 ms, TFLOPS: 0.89

Results saved to mxfp8_layout_results_4096x4096x14336_pq.json
W20260419 19:34:45.577495 140029381647872 simple_timer.cpp:55] [rocprofv3] 'python3 test_mxfp8_python.py 4096 4096 14336' ::     5.954669 sec
E20260419 19:34:45.662036 140029381647872 output_stream.cpp:111] Opened result file: /shared_nfs/kyle/test/Hipkittens2/analysis/fp8_gemm/mi350x/r54b_pmc_results/8B_Down_mxfp8_rcr_set1/pmc_4/pt-test-2-l7n7x-master-0/2567789_counter_collection.csv
E20260419 19:34:45.724006 140029381647872 output_stream.cpp:111] Opened result file: /shared_nfs/kyle/test/Hipkittens2/analysis/fp8_gemm/mi350x/r54b_pmc_results/8B_Down_mxfp8_rcr_set1/pmc_4/pt-test-2-l7n7x-master-0/2567789_agent_info.csv
W20260419 19:34:45.727354 140029381647872 simple_timer.cpp:55] [rocprofv3] output generation ::     0.136605 sec
W20260419 19:34:45.728820 140029381647872 simple_timer.cpp:55] [rocprofv3] tool finalization ::     0.138081 sec
W20260419 19:34:46.466285 139707787505152 simple_timer.cpp:55] [rocprofv3] tool initialization ::     0.142084 sec
W20260419 19:34:46.466511 139707787505152 simple_timer.cpp:55] [rocprofv3] 'python3 test_mxfp8_python.py 4096 4096 14336' ::     0.000000 sec
=== MXFP8 GEMM Layout Benchmark (preshuffle-quant): M=4096, N=4096, K=14336 ===
Warmup=3, iters=5, correctness=off
Layouts=rcr

--- RCR Layout: C = A @ B^T ---
W20260419 19:34:47.369162 139707787505152 tool.cpp:2420] HSA version 8.19.0 initialized (instance=0)
W20260419 19:34:47.606388 139707787505152 tool.cpp:1189] Unable to find all counters for agent 2 (gpu-0, gfx950) in [ALUStalledByLDS, FetchSize, L2CacheHit, LDSBankConflict, MemUnitBusy, MemUnitStalled, MfmaUtil, VALUBusy]. Found: [FetchSize, LDSBankConflict, MemUnitStalled, MfmaUtil, VALUBusy]. Missing: [ALUStalledByLDS, L2CacheHit, MemUnitBusy]
W20260419 19:34:47.606544 139707787505152 tool.cpp:1189] Unable to find all counters for agent 3 (gpu-1, gfx950) in [ALUStalledByLDS, FetchSize, L2CacheHit, LDSBankConflict, MemUnitBusy, MemUnitStalled, MfmaUtil, VALUBusy]. Found: [FetchSize, LDSBankConflict, MemUnitStalled, MfmaUtil, VALUBusy]. Missing: [ALUStalledByLDS, L2CacheHit, MemUnitBusy]
W20260419 19:34:47.607954 139707787505152 tool.cpp:1189] Unable to find all counters for agent 4 (gpu-2, gfx950) in [ALUStalledByLDS, FetchSize, L2CacheHit, LDSBankConflict, MemUnitBusy, MemUnitStalled, MfmaUtil, VALUBusy]. Found: [FetchSize, LDSBankConflict, MemUnitStalled, MfmaUtil, VALUBusy]. Missing: [ALUStalledByLDS, L2CacheHit, MemUnitBusy]
W20260419 19:34:47.609056 139707787505152 tool.cpp:1189] Unable to find all counters for agent 5 (gpu-3, gfx950) in [ALUStalledByLDS, FetchSize, L2CacheHit, LDSBankConflict, MemUnitBusy, MemUnitStalled, MfmaUtil, VALUBusy]. Found: [FetchSize, LDSBankConflict, MemUnitStalled, MfmaUtil, VALUBusy]. Missing: [ALUStalledByLDS, L2CacheHit, MemUnitBusy]
W20260419 19:34:47.610093 139707787505152 tool.cpp:1189] Unable to find all counters for agent 6 (gpu-4, gfx950) in [ALUStalledByLDS, FetchSize, L2CacheHit, LDSBankConflict, MemUnitBusy, MemUnitStalled, MfmaUtil, VALUBusy]. Found: [FetchSize, LDSBankConflict, MemUnitStalled, MfmaUtil, VALUBusy]. Missing: [ALUStalledByLDS, L2CacheHit, MemUnitBusy]
W20260419 19:34:47.610130 139707787505152 tool.cpp:1189] Unable to find all counters for agent 7 (gpu-5, gfx950) in [ALUStalledByLDS, FetchSize, L2CacheHit, LDSBankConflict, MemUnitBusy, MemUnitStalled, MfmaUtil, VALUBusy]. Found: [FetchSize, LDSBankConflict, MemUnitStalled, MfmaUtil, VALUBusy]. Missing: [ALUStalledByLDS, L2CacheHit, MemUnitBusy]
W20260419 19:34:47.611140 139707787505152 tool.cpp:1189] Unable to find all counters for agent 8 (gpu-6, gfx950) in [ALUStalledByLDS, FetchSize, L2CacheHit, LDSBankConflict, MemUnitBusy, MemUnitStalled, MfmaUtil, VALUBusy]. Found: [FetchSize, LDSBankConflict, MemUnitStalled, MfmaUtil, VALUBusy]. Missing: [ALUStalledByLDS, L2CacheHit, MemUnitBusy]
W20260419 19:34:47.612273 139707787505152 tool.cpp:1189] Unable to find all counters for agent 9 (gpu-7, gfx950) in [ALUStalledByLDS, FetchSize, L2CacheHit, LDSBankConflict, MemUnitBusy, MemUnitStalled, MfmaUtil, VALUBusy]. Found: [FetchSize, LDSBankConflict, MemUnitStalled, MfmaUtil, VALUBusy]. Missing: [ALUStalledByLDS, L2CacheHit, MemUnitBusy]
  Avg time: 543.9008 ms, TFLOPS: 0.88

Results saved to mxfp8_layout_results_4096x4096x14336_pq.json
W20260419 19:34:52.496594 139707787505152 simple_timer.cpp:55] [rocprofv3] 'python3 test_mxfp8_python.py 4096 4096 14336' ::     6.030084 sec
E20260419 19:34:52.584734 139707787505152 output_stream.cpp:111] Opened result file: /shared_nfs/kyle/test/Hipkittens2/analysis/fp8_gemm/mi350x/r54b_pmc_results/8B_Down_mxfp8_rcr_set1/pmc_5/pt-test-2-l7n7x-master-0/2567964_counter_collection.csv
E20260419 19:34:52.631019 139707787505152 output_stream.cpp:111] Opened result file: /shared_nfs/kyle/test/Hipkittens2/analysis/fp8_gemm/mi350x/r54b_pmc_results/8B_Down_mxfp8_rcr_set1/pmc_5/pt-test-2-l7n7x-master-0/2567964_agent_info.csv
W20260419 19:34:52.634159 139707787505152 simple_timer.cpp:55] [rocprofv3] output generation ::     0.124074 sec
W20260419 19:34:52.635685 139707787505152 simple_timer.cpp:55] [rocprofv3] tool finalization ::     0.125609 sec
