===== R43 Phase=3 label=p31_70bkv_b1 gpu=2 N_PAIRS=10 BENCH_KIND=two_so PREHEAT=60 =====
Sat Apr 18 19:58:02 UTC 2026
[two_so] SO_A=/tmp/r42_70bkv_default.so MOD_A=tk_mxfp8_r42_70bkv_default SO_B=/tmp/r42_70bkv_b1.so MOD_B=tk_mxfp8_r42_70bkv_b1 M=4096 N=1024 K=8192
[bench rc=0]
[sclk-pre-preheat] GPU[2]		: sclk clock level: S: (95Mhz)
[preheat 60.0s] done 12284 iters
[sclk-post-preheat] GPU[2]		: sclk clock level: 1: (2213Mhz)
CORRECTNESS_A_default snr_db=49.60 pass_rate_pct=100.00 det_ok=True
CORRECTNESS_B_b1 snr_db=49.60 pass_rate_pct=100.00 det_ok=True
[sclk-pre-bench] GPU[2]		: sclk clock level: 1: (2344Mhz)
WARMUP 0 B_b1=941.65 A_default=772.46
WARMUP 1 B_b1=996.40 A_default=768.56
PAIR 0 B_b1_1=986.76 A_default_1=768.13 B_b1_2=990.98 A_default_2=770.78
PAIR 1 B_b1_1=992.40 A_default_1=769.20 B_b1_2=984.04 A_default_2=766.92
PAIR 2 B_b1_1=985.60 A_default_1=769.82 B_b1_2=987.11 A_default_2=767.83
PAIR 3 B_b1_1=988.19 A_default_1=767.18 B_b1_2=989.37 A_default_2=769.13
PAIR 4 B_b1_1=974.03 A_default_1=768.76 B_b1_2=984.18 A_default_2=766.67
PAIR 5 B_b1_1=985.98 A_default_1=770.47 B_b1_2=988.11 A_default_2=770.90
PAIR 6 B_b1_1=994.05 A_default_1=773.32 B_b1_2=990.42 A_default_2=767.64
PAIR 7 B_b1_1=994.08 A_default_1=768.27 B_b1_2=984.45 A_default_2=768.99
PAIR 8 B_b1_1=988.38 A_default_1=769.40 B_b1_2=993.23 A_default_2=771.03
PAIR 9 B_b1_1=992.09 A_default_1=763.32 B_b1_2=987.25 A_default_2=771.95
[sclk-post-bench] GPU[2]		: sclk clock level: 1: (2395Mhz)
CRR_DEFAULT  median=769.06 mean=768.99 stdev=2.19 n=20
CRR_HBSHRINK median=988.15 mean=988.04 stdev=4.62 n=20
Welch t (DEFAULT vs HBSHRINK) = 191.761  (positive = HBSHRINK faster)
DELTA_MEDIAN_PCT HBSHRINK_vs_DEFAULT = +28.488%
CRR_DEFAULT_TFLOPS_LIST 768.1297,770.7762,769.2025,766.9156,769.8228,767.8274,767.1828,769.1333,768.7618,766.6692,770.4720,770.9007,773.3159,767.6421,768.2738,768.9889,769.4025,771.0322,763.3240,771.9537
CRR_HBSHRINK_TFLOPS_LIST 986.7596,990.9824,992.4024,984.0350,985.6042,987.1108,988.1893,989.3736,974.0262,984.1813,985.9775,988.1098,994.0452,990.4228,994.0797,984.4526,988.3826,993.2283,992.0929,987.2475
--- stderr (head) ---
W20260418 19:58:05.273106 139911528005632 agent.cpp:461] Attempt to enable hip visiblity for agent-2 which is not visible to HSA (ROCR)
[mxfp8_dispatch] crr_v2: shape=(M=4096,N=1024,K=8192) -> ADVISE-V2-RRR-70B-KV (R33C +10.24% min)
[mxfp8_dispatch] crr_v2: shape=(M=4096,N=1024,K=8192) -> CRR-V2-EXACT-8WAVE-DEFAULT
[mxfp8_dispatch] crr_v2: shape=(M=4096,N=1024,K=8192) -> ADVISE-V2-RRR-70B-KV (R33C +10.24% min)
[mxfp8_dispatch] crr_v2: shape=(M=4096,N=1024,K=8192) -> CRR-V2-HBSHRINK-B1-70B-KV (R37AB SHIP)
Sat Apr 18 19:59:30 UTC 2026
DONE label=p31_70bkv_b1 gpu=2
