===== R43 Phase=3 label=p32_8bkv_b1 gpu=3 N_PAIRS=10 BENCH_KIND=two_so PREHEAT=60 =====
Sat Apr 18 19:58:02 UTC 2026
[two_so] SO_A=/tmp/r42_8bkv_default.so MOD_A=tk_mxfp8_r42_8bkv_default SO_B=/tmp/r42_8bkv_b1.so MOD_B=tk_mxfp8_r42_8bkv_b1 M=4096 N=1024 K=4096
[bench rc=0]
[sclk-pre-preheat] GPU[3]		: sclk clock level: 1: (1785Mhz)
[preheat 60.0s] done 11260 iters
[sclk-post-preheat] GPU[3]		: sclk clock level: 1: (1754Mhz)
CORRECTNESS_A_default snr_db=49.61 pass_rate_pct=100.00 det_ok=True
CORRECTNESS_B_b1 snr_db=49.61 pass_rate_pct=100.00 det_ok=True
[sclk-pre-bench] GPU[3]		: sclk clock level: 1: (1779Mhz)
WARMUP 0 B_b1=336.25 A_default=410.27
WARMUP 1 B_b1=487.50 A_default=682.44
PAIR 0 B_b1_1=899.78 A_default_1=697.01 B_b1_2=892.66 A_default_2=686.92
PAIR 1 B_b1_1=880.50 A_default_1=695.04 B_b1_2=895.35 A_default_2=700.72
PAIR 2 B_b1_1=891.23 A_default_1=703.23 B_b1_2=887.29 A_default_2=700.67
PAIR 3 B_b1_1=846.64 A_default_1=700.56 B_b1_2=890.84 A_default_2=702.08
PAIR 4 B_b1_1=829.94 A_default_1=706.98 B_b1_2=893.34 A_default_2=702.69
PAIR 5 B_b1_1=897.30 A_default_1=704.89 B_b1_2=892.97 A_default_2=665.58
PAIR 6 B_b1_1=894.96 A_default_1=701.10 B_b1_2=900.29 A_default_2=704.10
PAIR 7 B_b1_1=893.04 A_default_1=698.99 B_b1_2=890.51 A_default_2=705.31
PAIR 8 B_b1_1=886.59 A_default_1=702.76 B_b1_2=883.27 A_default_2=701.59
PAIR 9 B_b1_1=883.44 A_default_1=702.64 B_b1_2=888.44 A_default_2=702.85
[sclk-post-bench] GPU[3]		: sclk clock level: 1: (2378Mhz)
CRR_DEFAULT  median=701.84 mean=699.29 stdev=9.02 n=20
CRR_HBSHRINK median=891.03 mean=885.92 stdev=17.32 n=20
Welch t (DEFAULT vs HBSHRINK) = 42.731  (positive = HBSHRINK faster)
DELTA_MEDIAN_PCT HBSHRINK_vs_DEFAULT = +26.958%
CRR_DEFAULT_TFLOPS_LIST 697.0123,686.9236,695.0376,700.7204,703.2310,700.6732,700.5600,702.0820,706.9824,702.6914,704.8941,665.5797,701.0975,704.0965,698.9852,705.3102,702.7595,701.5900,702.6350,702.8526
CRR_HBSHRINK_TFLOPS_LIST 899.7796,892.6555,880.5033,895.3519,891.2283,887.2887,846.6401,890.8406,829.9361,893.3415,897.2987,892.9701,894.9615,900.2888,893.0448,890.5081,886.5917,883.2742,883.4373,888.4440
--- stderr (head) ---
W20260418 19:58:05.206187 139793050210304 agent.cpp:461] Attempt to enable hip visiblity for agent-2 which is not visible to HSA (ROCR)
[mxfp8_dispatch] crr_v2: shape=(M=4096,N=1024,K=4096) -> ADVISE-V2-RRR-8B-KV (R33C +8.13% min)
[mxfp8_dispatch] crr_v2: shape=(M=4096,N=1024,K=4096) -> CRR-V2-EXACT-8WAVE-DEFAULT
[mxfp8_dispatch] crr_v2: shape=(M=4096,N=1024,K=4096) -> ADVISE-V2-RRR-8B-KV (R33C +8.13% min)
[mxfp8_dispatch] crr_v2: shape=(M=4096,N=1024,K=4096) -> CRR-V2-HBSHRINK-B1-8B-KV (R38 wrap fix 66ef02d8)
Sat Apr 18 19:59:33 UTC 2026
