===== R43 Phase=3 label=p34_8bgateup gpu=7 N_PAIRS=10 BENCH_KIND=one_so_layout PREHEAT=60 =====
Sat Apr 18 19:58:02 UTC 2026
[one_so_layout] SO=/tmp/r42_8bgateup.so MOD=tk_mxfp8_r42_8bgateup LAYOUT_A=crr LAYOUT_B=rrr M=4096 N=14336 K=4096
[bench rc=0]
[sclk-pre-preheat] GPU[7]		: sclk clock level: S: (105Mhz)
[preheat 60.0s] done 12284 iters
[sclk-post-preheat] GPU[7]		: sclk clock level: 1: (2259Mhz)
CORRECTNESS_CRR snr_db=49.61 pass_rate_pct=100.00 det_ok=True
CORRECTNESS_RRR snr_db=49.61 pass_rate_pct=100.00 det_ok=True
[sclk-pre-bench] GPU[7]		: sclk clock level: 1: (2361Mhz)
WARMUP 0 RRR=2379.91 CRR=2354.88 sclk=GPU[7]		: sclk clock level: 1: (2341Mhz)
WARMUP 1 RRR=2346.67 CRR=2150.56 sclk=GPU[7]		: sclk clock level: 1: (2335Mhz)
PAIR 0 RRR_1=2353.65 CRR_1=2331.35 RRR_2=2458.25 CRR_2=2359.05
PAIR 1 RRR_1=2497.88 CRR_1=2360.16 RRR_2=2443.82 CRR_2=2349.83
PAIR 2 RRR_1=2484.91 CRR_1=2357.25 RRR_2=2495.90 CRR_2=2374.04
PAIR 3 RRR_1=2509.24 CRR_1=2348.33 RRR_2=2469.40 CRR_2=2377.93
PAIR 4 RRR_1=2483.66 CRR_1=2350.35 RRR_2=2452.64 CRR_2=2340.18
PAIR 5 RRR_1=2481.63 CRR_1=2375.49 RRR_2=2480.35 CRR_2=2373.15
PAIR 6 RRR_1=2507.94 CRR_1=2353.66 RRR_2=2503.23 CRR_2=2365.30
PAIR 7 RRR_1=2489.56 CRR_1=2364.10 RRR_2=2484.08 CRR_2=2355.37
PAIR 8 RRR_1=2476.35 CRR_1=2368.96 RRR_2=2465.98 CRR_2=2324.31
PAIR 9 RRR_1=2495.03 CRR_1=2363.23 RRR_2=2456.96 CRR_2=2352.46
[sclk-post-bench] GPU[7]		: sclk clock level: 1: (2360Mhz)
CRR  median=2358.15 mean=2357.23 stdev=14.25 n=20
RRR  median=2482.64 mean=2474.52 stdev=33.93 n=20
Welch t (CRR vs RRR) = 14.254  (positive = RRR faster)
DELTA_MEDIAN_PCT RRR_vs_CRR = +5.279%
CRR_TFLOPS_LIST 2331.3529,2359.0497,2360.1605,2349.8303,2357.2462,2374.0449,2348.3344,2377.9322,2350.3538,2340.1822,2375.4900,2373.1457,2353.6562,2365.3043,2364.1047,2355.3712,2368.9570,2324.3063,2363.2315,2352.4600
RRR_TFLOPS_LIST 2353.6474,2458.2532,2497.8756,2443.8157,2484.9100,2495.8955,2509.2386,2469.3984,2483.6581,2452.6383,2481.6285,2480.3494,2507.9398,2503.2315,2489.5598,2484.0788,2476.3452,2465.9847,2495.0256,2456.9566
--- stderr (head) ---
W20260418 19:58:05.228151 140051351232512 agent.cpp:461] Attempt to enable hip visiblity for agent-2 which is not visible to HSA (ROCR)
[mxfp8_dispatch] crr_v2: shape=(M=4096,N=14336,K=4096) -> ADVISE-V2-RRR-8B-GATEUP (R34B +5.025% min)
[mxfp8_dispatch] crr_v2: shape=(M=4096,N=14336,K=4096) -> CRR-V2-EXACT-8WAVE-DEFAULT
[mxfp8_dispatch] rrr_v2: shape=(M=4096,N=14336,K=4096) -> RRR-V2-EXACT-8WAVE
Sat Apr 18 19:59:32 UTC 2026
