W20260419 19:33:47.153618 140713108430336 simple_timer.cpp:55] [rocprofv3] tool initialization ::     0.143364 sec
W20260419 19:33:47.153819 140713108430336 simple_timer.cpp:55] [rocprofv3] 'python3 test_python.py 4096 4096 14336' ::     0.000000 sec
=== FP8 GEMM Layout Benchmark (native layouts, no preshuffle): M=4096, N=4096, K=14336 ===
Warmup=3, iters=5, correctness=off
Layouts=rcr

--- RCR Layout: C = A @ B^T ---
W20260419 19:33:48.064401 140713108430336 tool.cpp:2420] HSA version 8.19.0 initialized (instance=0)
  Avg time: 0.2779 ms, TFLOPS: 1730.78

============================================================
Layout     Time (ms)    TFLOPS     % of RCR  
------------------------------------------------------------
RCR        0.2779       1730.78    100.00%   
============================================================

Results saved to fp8_layout_results_4096x4096x14336.json
W20260419 19:33:48.544580 140713108430336 simple_timer.cpp:55] [rocprofv3] 'python3 test_python.py 4096 4096 14336' ::     1.390761 sec
E20260419 19:33:48.621418 140713108430336 output_stream.cpp:111] Opened result file: /shared_nfs/kyle/test/Hipkittens2/analysis/fp8_gemm/mi350x/r54b_pmc_results/8B_Down_fp8_rcr_set1/pmc_1/pt-test-2-l7n7x-master-0/2566164_counter_collection.csv
E20260419 19:33:48.661971 140713108430336 output_stream.cpp:111] Opened result file: /shared_nfs/kyle/test/Hipkittens2/analysis/fp8_gemm/mi350x/r54b_pmc_results/8B_Down_fp8_rcr_set1/pmc_1/pt-test-2-l7n7x-master-0/2566164_agent_info.csv
W20260419 19:33:48.665049 140713108430336 simple_timer.cpp:55] [rocprofv3] output generation ::     0.119134 sec
W20260419 19:33:48.665476 140713108430336 simple_timer.cpp:55] [rocprofv3] tool finalization ::     0.119568 sec
W20260419 19:33:49.357159 140204430011904 simple_timer.cpp:55] [rocprofv3] tool initialization ::     0.142960 sec
W20260419 19:33:49.357359 140204430011904 simple_timer.cpp:55] [rocprofv3] 'python3 test_python.py 4096 4096 14336' ::     0.000000 sec
=== FP8 GEMM Layout Benchmark (native layouts, no preshuffle): M=4096, N=4096, K=14336 ===
Warmup=3, iters=5, correctness=off
Layouts=rcr

--- RCR Layout: C = A @ B^T ---
W20260419 19:33:50.288290 140204430011904 tool.cpp:2420] HSA version 8.19.0 initialized (instance=0)
  Avg time: 0.2636 ms, TFLOPS: 1824.91

============================================================
Layout     Time (ms)    TFLOPS     % of RCR  
------------------------------------------------------------
RCR        0.2636       1824.91    100.00%   
============================================================

Results saved to fp8_layout_results_4096x4096x14336.json
W20260419 19:33:50.696439 140204430011904 simple_timer.cpp:55] [rocprofv3] 'python3 test_python.py 4096 4096 14336' ::     1.339080 sec
E20260419 19:33:50.779641 140204430011904 output_stream.cpp:111] Opened result file: /shared_nfs/kyle/test/Hipkittens2/analysis/fp8_gemm/mi350x/r54b_pmc_results/8B_Down_fp8_rcr_set1/pmc_2/pt-test-2-l7n7x-master-0/2566251_counter_collection.csv
E20260419 19:33:50.823601 140204430011904 output_stream.cpp:111] Opened result file: /shared_nfs/kyle/test/Hipkittens2/analysis/fp8_gemm/mi350x/r54b_pmc_results/8B_Down_fp8_rcr_set1/pmc_2/pt-test-2-l7n7x-master-0/2566251_agent_info.csv
W20260419 19:33:50.826923 140204430011904 simple_timer.cpp:55] [rocprofv3] output generation ::     0.129253 sec
W20260419 19:33:50.827440 140204430011904 simple_timer.cpp:55] [rocprofv3] tool finalization ::     0.129777 sec
W20260419 19:33:51.518273 140597069585920 simple_timer.cpp:55] [rocprofv3] tool initialization ::     0.145398 sec
W20260419 19:33:51.518471 140597069585920 simple_timer.cpp:55] [rocprofv3] 'python3 test_python.py 4096 4096 14336' ::     0.000000 sec
=== FP8 GEMM Layout Benchmark (native layouts, no preshuffle): M=4096, N=4096, K=14336 ===
Warmup=3, iters=5, correctness=off
Layouts=rcr

--- RCR Layout: C = A @ B^T ---
W20260419 19:33:52.527043 140597069585920 tool.cpp:2420] HSA version 8.19.0 initialized (instance=0)
  Avg time: 0.5536 ms, TFLOPS: 868.90

============================================================
Layout     Time (ms)    TFLOPS     % of RCR  
------------------------------------------------------------
RCR        0.5536       868.90     100.00%   
============================================================

Results saved to fp8_layout_results_4096x4096x14336.json
W20260419 19:33:52.958391 140597069585920 simple_timer.cpp:55] [rocprofv3] 'python3 test_python.py 4096 4096 14336' ::     1.439920 sec
E20260419 19:33:53.052332 140597069585920 output_stream.cpp:111] Opened result file: /shared_nfs/kyle/test/Hipkittens2/analysis/fp8_gemm/mi350x/r54b_pmc_results/8B_Down_fp8_rcr_set1/pmc_3/pt-test-2-l7n7x-master-0/2566328_counter_collection.csv
E20260419 19:33:53.092718 140597069585920 output_stream.cpp:111] Opened result file: /shared_nfs/kyle/test/Hipkittens2/analysis/fp8_gemm/mi350x/r54b_pmc_results/8B_Down_fp8_rcr_set1/pmc_3/pt-test-2-l7n7x-master-0/2566328_agent_info.csv
W20260419 19:33:53.095981 140597069585920 simple_timer.cpp:55] [rocprofv3] output generation ::     0.136183 sec
W20260419 19:33:53.096449 140597069585920 simple_timer.cpp:55] [rocprofv3] tool finalization ::     0.136659 sec
W20260419 19:33:53.779533 140490917572096 simple_timer.cpp:55] [rocprofv3] tool initialization ::     0.142284 sec
W20260419 19:33:53.779764 140490917572096 simple_timer.cpp:55] [rocprofv3] 'python3 test_python.py 4096 4096 14336' ::     0.000000 sec
=== FP8 GEMM Layout Benchmark (native layouts, no preshuffle): M=4096, N=4096, K=14336 ===
Warmup=3, iters=5, correctness=off
Layouts=rcr

--- RCR Layout: C = A @ B^T ---
W20260419 19:33:54.701892 140490917572096 tool.cpp:2420] HSA version 8.19.0 initialized (instance=0)
  Avg time: 0.3259 ms, TFLOPS: 1476.10

============================================================
Layout     Time (ms)    TFLOPS     % of RCR  
------------------------------------------------------------
RCR        0.3259       1476.10    100.00%   
============================================================

Results saved to fp8_layout_results_4096x4096x14336.json
W20260419 19:33:55.148086 140490917572096 simple_timer.cpp:55] [rocprofv3] 'python3 test_python.py 4096 4096 14336' ::     1.368323 sec
E20260419 19:33:55.231305 140490917572096 output_stream.cpp:111] Opened result file: /shared_nfs/kyle/test/Hipkittens2/analysis/fp8_gemm/mi350x/r54b_pmc_results/8B_Down_fp8_rcr_set1/pmc_4/pt-test-2-l7n7x-master-0/2566405_counter_collection.csv
E20260419 19:33:55.270417 140490917572096 output_stream.cpp:111] Opened result file: /shared_nfs/kyle/test/Hipkittens2/analysis/fp8_gemm/mi350x/r54b_pmc_results/8B_Down_fp8_rcr_set1/pmc_4/pt-test-2-l7n7x-master-0/2566405_agent_info.csv
W20260419 19:33:55.273620 140490917572096 simple_timer.cpp:55] [rocprofv3] output generation ::     0.124274 sec
W20260419 19:33:55.274074 140490917572096 simple_timer.cpp:55] [rocprofv3] tool finalization ::     0.124736 sec
W20260419 19:33:55.969060 140549190196736 simple_timer.cpp:55] [rocprofv3] tool initialization ::     0.152444 sec
W20260419 19:33:55.969312 140549190196736 simple_timer.cpp:55] [rocprofv3] 'python3 test_python.py 4096 4096 14336' ::     0.000000 sec
=== FP8 GEMM Layout Benchmark (native layouts, no preshuffle): M=4096, N=4096, K=14336 ===
Warmup=3, iters=5, correctness=off
Layouts=rcr

--- RCR Layout: C = A @ B^T ---
W20260419 19:33:56.885944 140549190196736 tool.cpp:2420] HSA version 8.19.0 initialized (instance=0)
W20260419 19:33:57.118104 140549190196736 tool.cpp:1189] Unable to find all counters for agent 2 (gpu-0, gfx950) in [ALUStalledByLDS, FetchSize, L2CacheHit, LDSBankConflict, MemUnitBusy, MemUnitStalled, MfmaUtil, VALUBusy]. Found: [FetchSize, LDSBankConflict, MemUnitStalled, MfmaUtil, VALUBusy]. Missing: [ALUStalledByLDS, L2CacheHit, MemUnitBusy]
W20260419 19:33:57.118251 140549190196736 tool.cpp:1189] Unable to find all counters for agent 3 (gpu-1, gfx950) in [ALUStalledByLDS, FetchSize, L2CacheHit, LDSBankConflict, MemUnitBusy, MemUnitStalled, MfmaUtil, VALUBusy]. Found: [FetchSize, LDSBankConflict, MemUnitStalled, MfmaUtil, VALUBusy]. Missing: [ALUStalledByLDS, L2CacheHit, MemUnitBusy]
W20260419 19:33:57.119560 140549190196736 tool.cpp:1189] Unable to find all counters for agent 4 (gpu-2, gfx950) in [ALUStalledByLDS, FetchSize, L2CacheHit, LDSBankConflict, MemUnitBusy, MemUnitStalled, MfmaUtil, VALUBusy]. Found: [FetchSize, LDSBankConflict, MemUnitStalled, MfmaUtil, VALUBusy]. Missing: [ALUStalledByLDS, L2CacheHit, MemUnitBusy]
W20260419 19:33:57.120603 140549190196736 tool.cpp:1189] Unable to find all counters for agent 5 (gpu-3, gfx950) in [ALUStalledByLDS, FetchSize, L2CacheHit, LDSBankConflict, MemUnitBusy, MemUnitStalled, MfmaUtil, VALUBusy]. Found: [FetchSize, LDSBankConflict, MemUnitStalled, MfmaUtil, VALUBusy]. Missing: [ALUStalledByLDS, L2CacheHit, MemUnitBusy]
W20260419 19:33:57.121622 140549190196736 tool.cpp:1189] Unable to find all counters for agent 6 (gpu-4, gfx950) in [ALUStalledByLDS, FetchSize, L2CacheHit, LDSBankConflict, MemUnitBusy, MemUnitStalled, MfmaUtil, VALUBusy]. Found: [FetchSize, LDSBankConflict, MemUnitStalled, MfmaUtil, VALUBusy]. Missing: [ALUStalledByLDS, L2CacheHit, MemUnitBusy]
W20260419 19:33:57.121655 140549190196736 tool.cpp:1189] Unable to find all counters for agent 7 (gpu-5, gfx950) in [ALUStalledByLDS, FetchSize, L2CacheHit, LDSBankConflict, MemUnitBusy, MemUnitStalled, MfmaUtil, VALUBusy]. Found: [FetchSize, LDSBankConflict, MemUnitStalled, MfmaUtil, VALUBusy]. Missing: [ALUStalledByLDS, L2CacheHit, MemUnitBusy]
W20260419 19:33:57.122619 140549190196736 tool.cpp:1189] Unable to find all counters for agent 8 (gpu-6, gfx950) in [ALUStalledByLDS, FetchSize, L2CacheHit, LDSBankConflict, MemUnitBusy, MemUnitStalled, MfmaUtil, VALUBusy]. Found: [FetchSize, LDSBankConflict, MemUnitStalled, MfmaUtil, VALUBusy]. Missing: [ALUStalledByLDS, L2CacheHit, MemUnitBusy]
W20260419 19:33:57.123814 140549190196736 tool.cpp:1189] Unable to find all counters for agent 9 (gpu-7, gfx950) in [ALUStalledByLDS, FetchSize, L2CacheHit, LDSBankConflict, MemUnitBusy, MemUnitStalled, MfmaUtil, VALUBusy]. Found: [FetchSize, LDSBankConflict, MemUnitStalled, MfmaUtil, VALUBusy]. Missing: [ALUStalledByLDS, L2CacheHit, MemUnitBusy]
  Avg time: 0.4588 ms, TFLOPS: 1048.37

============================================================
Layout     Time (ms)    TFLOPS     % of RCR  
------------------------------------------------------------
RCR        0.4588       1048.37    100.00%   
============================================================

Results saved to fp8_layout_results_4096x4096x14336.json
W20260419 19:33:57.295251 140549190196736 simple_timer.cpp:55] [rocprofv3] 'python3 test_python.py 4096 4096 14336' ::     1.325939 sec
E20260419 19:33:57.377805 140549190196736 output_stream.cpp:111] Opened result file: /shared_nfs/kyle/test/Hipkittens2/analysis/fp8_gemm/mi350x/r54b_pmc_results/8B_Down_fp8_rcr_set1/pmc_5/pt-test-2-l7n7x-master-0/2566485_counter_collection.csv
E20260419 19:33:57.419998 140549190196736 output_stream.cpp:111] Opened result file: /shared_nfs/kyle/test/Hipkittens2/analysis/fp8_gemm/mi350x/r54b_pmc_results/8B_Down_fp8_rcr_set1/pmc_5/pt-test-2-l7n7x-master-0/2566485_agent_info.csv
W20260419 19:33:57.423137 140549190196736 simple_timer.cpp:55] [rocprofv3] output generation ::     0.126544 sec
W20260419 19:33:57.423579 140549190196736 simple_timer.cpp:55] [rocprofv3] tool finalization ::     0.126992 sec
