W20260419 17:41:03.871858 140599926857216 simple_timer.cpp:55] [rocprofv3] tool initialization ::     0.153502 sec
W20260419 17:41:03.872081 140599926857216 simple_timer.cpp:55] [rocprofv3] 'python3 test_python.py 4096 8192 28672' ::     0.000000 sec
=== FP8 GEMM Layout Benchmark (native layouts, no preshuffle): M=4096, N=8192, K=28672 ===
Warmup=3, iters=5, correctness=off
Layouts=rrr

--- RRR Layout: C = A @ B ---
W20260419 17:41:04.798623 140599926857216 tool.cpp:2420] HSA version 8.19.0 initialized (instance=0)
  Avg time: 0.8661 ms, TFLOPS: 2221.59

============================================================
Layout     Time (ms)    TFLOPS     % of RCR  
------------------------------------------------------------
RRR        0.8661       2221.59    0.00%
============================================================

95% target: NOT MET
  RRR: 0.00% of RCR

Results saved to fp8_layout_results_4096x8192x28672.json
W20260419 17:41:05.252974 140599926857216 simple_timer.cpp:55] [rocprofv3] 'python3 test_python.py 4096 8192 28672' ::     1.380894 sec
E20260419 17:41:05.357414 140599926857216 output_stream.cpp:111] Opened result file: r53c_pmc_results/fp8_Down_rrr_set1/pmc_1/pt-test-2-l7n7x-master-0/2434729_counter_collection.csv
E20260419 17:41:05.394206 140599926857216 output_stream.cpp:111] Opened result file: r53c_pmc_results/fp8_Down_rrr_set1/pmc_1/pt-test-2-l7n7x-master-0/2434729_agent_info.csv
W20260419 17:41:05.397436 140599926857216 simple_timer.cpp:55] [rocprofv3] output generation ::     0.143129 sec
W20260419 17:41:05.397915 140599926857216 simple_timer.cpp:55] [rocprofv3] tool finalization ::     0.143614 sec
W20260419 17:41:06.016467 140207583731200 simple_timer.cpp:55] [rocprofv3] tool initialization ::     0.145101 sec
W20260419 17:41:06.016665 140207583731200 simple_timer.cpp:55] [rocprofv3] 'python3 test_python.py 4096 8192 28672' ::     0.000000 sec
=== FP8 GEMM Layout Benchmark (native layouts, no preshuffle): M=4096, N=8192, K=28672 ===
Warmup=3, iters=5, correctness=off
Layouts=rrr

--- RRR Layout: C = A @ B ---
W20260419 17:41:06.962739 140207583731200 tool.cpp:2420] HSA version 8.19.0 initialized (instance=0)
  Avg time: 0.8411 ms, TFLOPS: 2287.54

============================================================
Layout     Time (ms)    TFLOPS     % of RCR  
------------------------------------------------------------
RRR        0.8411       2287.54    0.00%
============================================================

95% target: NOT MET
  RRR: 0.00% of RCR

Results saved to fp8_layout_results_4096x8192x28672.json
W20260419 17:41:07.377421 140207583731200 simple_timer.cpp:55] [rocprofv3] 'python3 test_python.py 4096 8192 28672' ::     1.360756 sec
E20260419 17:41:07.459560 140207583731200 output_stream.cpp:111] Opened result file: r53c_pmc_results/fp8_Down_rrr_set1/pmc_2/pt-test-2-l7n7x-master-0/2434805_counter_collection.csv
E20260419 17:41:07.495476 140207583731200 output_stream.cpp:111] Opened result file: r53c_pmc_results/fp8_Down_rrr_set1/pmc_2/pt-test-2-l7n7x-master-0/2434805_agent_info.csv
W20260419 17:41:07.498609 140207583731200 simple_timer.cpp:55] [rocprofv3] output generation ::     0.119773 sec
W20260419 17:41:07.499106 140207583731200 simple_timer.cpp:55] [rocprofv3] tool finalization ::     0.120277 sec
W20260419 17:41:08.132247 139924926692864 simple_timer.cpp:55] [rocprofv3] tool initialization ::     0.140642 sec
W20260419 17:41:08.132463 139924926692864 simple_timer.cpp:55] [rocprofv3] 'python3 test_python.py 4096 8192 28672' ::     0.000000 sec
=== FP8 GEMM Layout Benchmark (native layouts, no preshuffle): M=4096, N=8192, K=28672 ===
Warmup=3, iters=5, correctness=off
Layouts=rrr

--- RRR Layout: C = A @ B ---
W20260419 17:41:09.019864 139924926692864 tool.cpp:2420] HSA version 8.19.0 initialized (instance=0)
  Avg time: 1.1156 ms, TFLOPS: 1724.74

============================================================
Layout     Time (ms)    TFLOPS     % of RCR  
------------------------------------------------------------
RRR        1.1156       1724.74    0.00%
============================================================

95% target: NOT MET
  RRR: 0.00% of RCR

Results saved to fp8_layout_results_4096x8192x28672.json
W20260419 17:41:09.347999 139924926692864 simple_timer.cpp:55] [rocprofv3] 'python3 test_python.py 4096 8192 28672' ::     1.215536 sec
E20260419 17:41:09.451967 139924926692864 output_stream.cpp:111] Opened result file: r53c_pmc_results/fp8_Down_rrr_set1/pmc_3/pt-test-2-l7n7x-master-0/2434878_counter_collection.csv
E20260419 17:41:09.489093 139924926692864 output_stream.cpp:111] Opened result file: r53c_pmc_results/fp8_Down_rrr_set1/pmc_3/pt-test-2-l7n7x-master-0/2434878_agent_info.csv
W20260419 17:41:09.492602 139924926692864 simple_timer.cpp:55] [rocprofv3] output generation ::     0.143257 sec
W20260419 17:41:09.493039 139924926692864 simple_timer.cpp:55] [rocprofv3] tool finalization ::     0.143701 sec
W20260419 17:41:10.096135 139928327347712 simple_timer.cpp:55] [rocprofv3] tool initialization ::     0.145745 sec
W20260419 17:41:10.096345 139928327347712 simple_timer.cpp:55] [rocprofv3] 'python3 test_python.py 4096 8192 28672' ::     0.000000 sec
=== FP8 GEMM Layout Benchmark (native layouts, no preshuffle): M=4096, N=8192, K=28672 ===
Warmup=3, iters=5, correctness=off
Layouts=rrr

--- RRR Layout: C = A @ B ---
W20260419 17:41:11.019390 139928327347712 tool.cpp:2420] HSA version 8.19.0 initialized (instance=0)
  Avg time: 0.9012 ms, TFLOPS: 2135.19

============================================================
Layout     Time (ms)    TFLOPS     % of RCR  
------------------------------------------------------------
RRR        0.9012       2135.19    0.00%
============================================================

95% target: NOT MET
  RRR: 0.00% of RCR

Results saved to fp8_layout_results_4096x8192x28672.json
W20260419 17:41:11.393549 139928327347712 simple_timer.cpp:55] [rocprofv3] 'python3 test_python.py 4096 8192 28672' ::     1.297205 sec
E20260419 17:41:11.472639 139928327347712 output_stream.cpp:111] Opened result file: r53c_pmc_results/fp8_Down_rrr_set1/pmc_4/pt-test-2-l7n7x-master-0/2434954_counter_collection.csv
E20260419 17:41:11.510120 139928327347712 output_stream.cpp:111] Opened result file: r53c_pmc_results/fp8_Down_rrr_set1/pmc_4/pt-test-2-l7n7x-master-0/2434954_agent_info.csv
W20260419 17:41:11.513326 139928327347712 simple_timer.cpp:55] [rocprofv3] output generation ::     0.118525 sec
W20260419 17:41:11.513760 139928327347712 simple_timer.cpp:55] [rocprofv3] tool finalization ::     0.118965 sec
W20260419 17:41:12.121299 140030929600000 simple_timer.cpp:55] [rocprofv3] tool initialization ::     0.139613 sec
W20260419 17:41:12.121517 140030929600000 simple_timer.cpp:55] [rocprofv3] 'python3 test_python.py 4096 8192 28672' ::     0.000000 sec
=== FP8 GEMM Layout Benchmark (native layouts, no preshuffle): M=4096, N=8192, K=28672 ===
Warmup=3, iters=5, correctness=off
Layouts=rrr

--- RRR Layout: C = A @ B ---
W20260419 17:41:13.039266 140030929600000 tool.cpp:2420] HSA version 8.19.0 initialized (instance=0)
W20260419 17:41:13.345624 140030929600000 tool.cpp:1189] Unable to find all counters for agent 2 (gpu-0, gfx950) in [ALUStalledByLDS, FetchSize, L2CacheHit, LDSBankConflict, MemUnitBusy, MemUnitStalled, MfmaUtil, VALUBusy]. Found: [FetchSize, LDSBankConflict, MemUnitStalled, MfmaUtil, VALUBusy]. Missing: [ALUStalledByLDS, L2CacheHit, MemUnitBusy]
W20260419 17:41:13.345754 140030929600000 tool.cpp:1189] Unable to find all counters for agent 3 (gpu-1, gfx950) in [ALUStalledByLDS, FetchSize, L2CacheHit, LDSBankConflict, MemUnitBusy, MemUnitStalled, MfmaUtil, VALUBusy]. Found: [FetchSize, LDSBankConflict, MemUnitStalled, MfmaUtil, VALUBusy]. Missing: [ALUStalledByLDS, L2CacheHit, MemUnitBusy]
W20260419 17:41:13.347181 140030929600000 tool.cpp:1189] Unable to find all counters for agent 4 (gpu-2, gfx950) in [ALUStalledByLDS, FetchSize, L2CacheHit, LDSBankConflict, MemUnitBusy, MemUnitStalled, MfmaUtil, VALUBusy]. Found: [FetchSize, LDSBankConflict, MemUnitStalled, MfmaUtil, VALUBusy]. Missing: [ALUStalledByLDS, L2CacheHit, MemUnitBusy]
W20260419 17:41:13.347216 140030929600000 tool.cpp:1189] Unable to find all counters for agent 5 (gpu-3, gfx950) in [ALUStalledByLDS, FetchSize, L2CacheHit, LDSBankConflict, MemUnitBusy, MemUnitStalled, MfmaUtil, VALUBusy]. Found: [FetchSize, LDSBankConflict, MemUnitStalled, MfmaUtil, VALUBusy]. Missing: [ALUStalledByLDS, L2CacheHit, MemUnitBusy]
W20260419 17:41:13.348325 140030929600000 tool.cpp:1189] Unable to find all counters for agent 6 (gpu-4, gfx950) in [ALUStalledByLDS, FetchSize, L2CacheHit, LDSBankConflict, MemUnitBusy, MemUnitStalled, MfmaUtil, VALUBusy]. Found: [FetchSize, LDSBankConflict, MemUnitStalled, MfmaUtil, VALUBusy]. Missing: [ALUStalledByLDS, L2CacheHit, MemUnitBusy]
W20260419 17:41:13.348357 140030929600000 tool.cpp:1189] Unable to find all counters for agent 7 (gpu-5, gfx950) in [ALUStalledByLDS, FetchSize, L2CacheHit, LDSBankConflict, MemUnitBusy, MemUnitStalled, MfmaUtil, VALUBusy]. Found: [FetchSize, LDSBankConflict, MemUnitStalled, MfmaUtil, VALUBusy]. Missing: [ALUStalledByLDS, L2CacheHit, MemUnitBusy]
W20260419 17:41:13.349681 140030929600000 tool.cpp:1189] Unable to find all counters for agent 8 (gpu-6, gfx950) in [ALUStalledByLDS, FetchSize, L2CacheHit, LDSBankConflict, MemUnitBusy, MemUnitStalled, MfmaUtil, VALUBusy]. Found: [FetchSize, LDSBankConflict, MemUnitStalled, MfmaUtil, VALUBusy]. Missing: [ALUStalledByLDS, L2CacheHit, MemUnitBusy]
W20260419 17:41:13.349712 140030929600000 tool.cpp:1189] Unable to find all counters for agent 9 (gpu-7, gfx950) in [ALUStalledByLDS, FetchSize, L2CacheHit, LDSBankConflict, MemUnitBusy, MemUnitStalled, MfmaUtil, VALUBusy]. Found: [FetchSize, LDSBankConflict, MemUnitStalled, MfmaUtil, VALUBusy]. Missing: [ALUStalledByLDS, L2CacheHit, MemUnitBusy]
  Avg time: 1.0258 ms, TFLOPS: 1875.68

============================================================
Layout     Time (ms)    TFLOPS     % of RCR  
------------------------------------------------------------
RRR        1.0258       1875.68    0.00%
============================================================

95% target: NOT MET
  RRR: 0.00% of RCR

Results saved to fp8_layout_results_4096x8192x28672.json
W20260419 17:41:13.525053 140030929600000 simple_timer.cpp:55] [rocprofv3] 'python3 test_python.py 4096 8192 28672' ::     1.403536 sec
E20260419 17:41:13.620192 140030929600000 output_stream.cpp:111] Opened result file: r53c_pmc_results/fp8_Down_rrr_set1/pmc_5/pt-test-2-l7n7x-master-0/2435026_counter_collection.csv
E20260419 17:41:13.658250 140030929600000 output_stream.cpp:111] Opened result file: r53c_pmc_results/fp8_Down_rrr_set1/pmc_5/pt-test-2-l7n7x-master-0/2435026_agent_info.csv
W20260419 17:41:13.661489 140030929600000 simple_timer.cpp:55] [rocprofv3] output generation ::     0.135094 sec
W20260419 17:41:13.661941 140030929600000 simple_timer.cpp:55] [rocprofv3] tool finalization ::     0.135554 sec
