=== 8B_GateUp 4096x14336x4096 ===
  cached fp8 build for 8B_GateUp
  cached mxfp8 build for 8B_GateUp
  running fp8 8B_GateUp set1
  running fp8 8B_GateUp set3
  running mxfp8 8B_GateUp set1
  running mxfp8 8B_GateUp set3
=== 8B_QO 4096x4096x4096 ===
  running fp8 8B_QO set1
  running fp8 8B_QO set3
  running mxfp8 8B_QO set1
  running mxfp8 8B_QO set3
=== 70B_QO 4096x8192x8192 ===
  running fp8 70B_QO set1
  running fp8 70B_QO set3
  running mxfp8 70B_QO set1
  running mxfp8 70B_QO set3
=== 70B_Down 4096x8192x28672 ===
  running fp8 70B_Down set1
  running fp8 70B_Down set3
  running mxfp8 70B_Down set1
  running mxfp8 70B_Down set3
DONE
