=== MXFP8 GEMM Layout Benchmark (preshuffle-quant): M=4096, N=8192, K=8192 ===
Warmup=100, iters=200, correctness=on
SNR threshold=48.0 dB, determinism_runs=3
Layouts=rcr

--- RCR Layout: C = A @ B^T ---
Memory access fault by GPU node-4 (Agent handle: 0x560fb2ba4be0) on address 0x7ef4c5400000. Reason: Unknown.
GPU core dump created: gpucore.3141248
timeout: the monitored command dumped core
  (timeout)
=== MXFP8 GEMM Layout Benchmark (preshuffle-quant): M=4096, N=8192, K=8192 ===
Warmup=100, iters=200, correctness=on
SNR threshold=48.0 dB, determinism_runs=3
Layouts=rcr

--- RCR Layout: C = A @ B^T ---
Memory access fault by GPU node-4 (Agent handle: 0x55cf6cf1a280) on address 0x7ef35ae00000. Reason: Unknown.
GPU core dump created: gpucore.3141493
timeout: the monitored command dumped core
  (timeout)
=== MXFP8 GEMM Layout Benchmark (preshuffle-quant): M=4096, N=8192, K=8192 ===
Warmup=100, iters=200, correctness=on
SNR threshold=48.0 dB, determinism_runs=3
Layouts=rcr

--- RCR Layout: C = A @ B^T ---
Memory access fault by GPU node-4 (Agent handle: 0x55b6a30b1950) on address 0x7eebfc600000. Reason: Unknown.
GPU core dump created: gpucore.3141874
timeout: the monitored command dumped core
  (timeout)
=== MXFP8 GEMM Layout Benchmark (preshuffle-quant): M=4096, N=8192, K=8192 ===
Warmup=100, iters=200, correctness=on
SNR threshold=48.0 dB, determinism_runs=3
Layouts=rcr

--- RCR Layout: C = A @ B^T ---
Memory access fault by GPU node-4 (Agent handle: 0x556c47736a90) on address 0x7f885da00000. Reason: Unknown.
GPU core dump created: gpucore.3142061
timeout: the monitored command dumped core
  (timeout)
=== MXFP8 GEMM Layout Benchmark (preshuffle-quant): M=4096, N=8192, K=8192 ===
Warmup=100, iters=200, correctness=on
SNR threshold=48.0 dB, determinism_runs=3
Layouts=rcr

--- RCR Layout: C = A @ B^T ---
Memory access fault by GPU node-4 (Agent handle: 0x56447e2abc70) on address 0x7f395c400000. Reason: Unknown.
GPU core dump created: gpucore.3142244
timeout: the monitored command dumped core
  (timeout)
