=== MXFP8 GEMM Layout Benchmark (preshuffle-quant): M=4096, N=8192, K=28672 ===
Warmup=100, iters=200, correctness=on
SNR threshold=48.0 dB, determinism_runs=3
Layouts=rcr

--- RCR Layout: C = A @ B^T ---
  Avg time: 0.6546 ms, TFLOPS: 2939.62
  [RCR] Correctness (rtol=0.1000, atol=3.0):
    Max  abs error: 0.0624, Mean abs error: 0.0040
    Max  rel error: 0.0078, Mean rel error: 0.0022
    SNR: 49.61 dB (threshold 48.0 dB)
    Pass rate: 33554432/33554432 (100.00%)
    Result: PASS
  [RCR] Determinism (3 runs): PASS

Results saved to mxfp8_layout_results_4096x8192x28672_pq.json
=== MXFP8 GEMM Layout Benchmark (preshuffle-quant): M=4096, N=8192, K=28672 ===
Warmup=100, iters=200, correctness=on
SNR threshold=48.0 dB, determinism_runs=3
Layouts=rcr

--- RCR Layout: C = A @ B^T ---
  Avg time: 0.6546 ms, TFLOPS: 2939.64
  [RCR] Correctness (rtol=0.1000, atol=3.0):
    Max  abs error: 0.0624, Mean abs error: 0.0040
    Max  rel error: 0.0078, Mean rel error: 0.0022
    SNR: 49.61 dB (threshold 48.0 dB)
    Pass rate: 33554432/33554432 (100.00%)
    Result: PASS
  [RCR] Determinism (3 runs): PASS

Results saved to mxfp8_layout_results_4096x8192x28672_pq.json
=== MXFP8 GEMM Layout Benchmark (preshuffle-quant): M=4096, N=8192, K=28672 ===
Warmup=100, iters=200, correctness=on
SNR threshold=48.0 dB, determinism_runs=3
Layouts=rcr

--- RCR Layout: C = A @ B^T ---
  Avg time: 0.6519 ms, TFLOPS: 2951.69
  [RCR] Correctness (rtol=0.1000, atol=3.0):
    Max  abs error: 0.0624, Mean abs error: 0.0040
    Max  rel error: 0.0078, Mean rel error: 0.0022
    SNR: 49.61 dB (threshold 48.0 dB)
    Pass rate: 33554432/33554432 (100.00%)
    Result: PASS
  [RCR] Determinism (3 runs): PASS

Results saved to mxfp8_layout_results_4096x8192x28672_pq.json
=== MXFP8 GEMM Layout Benchmark (preshuffle-quant): M=4096, N=8192, K=28672 ===
Warmup=100, iters=200, correctness=on
SNR threshold=48.0 dB, determinism_runs=3
Layouts=rcr

--- RCR Layout: C = A @ B^T ---
  Avg time: 0.6529 ms, TFLOPS: 2947.09
  [RCR] Correctness (rtol=0.1000, atol=3.0):
    Max  abs error: 0.0624, Mean abs error: 0.0040
    Max  rel error: 0.0078, Mean rel error: 0.0022
    SNR: 49.61 dB (threshold 48.0 dB)
    Pass rate: 33554432/33554432 (100.00%)
    Result: PASS
  [RCR] Determinism (3 runs): PASS

Results saved to mxfp8_layout_results_4096x8192x28672_pq.json
=== MXFP8 GEMM Layout Benchmark (preshuffle-quant): M=4096, N=8192, K=28672 ===
Warmup=100, iters=200, correctness=on
SNR threshold=48.0 dB, determinism_runs=3
Layouts=rcr

--- RCR Layout: C = A @ B^T ---
  Avg time: 0.6524 ms, TFLOPS: 2949.55
  [RCR] Correctness (rtol=0.1000, atol=3.0):
    Max  abs error: 0.0624, Mean abs error: 0.0040
    Max  rel error: 0.0078, Mean rel error: 0.0022
    SNR: 49.61 dB (threshold 48.0 dB)
    Pass rate: 33554432/33554432 (100.00%)
    Result: PASS
  [RCR] Determinism (3 runs): PASS

Results saved to mxfp8_layout_results_4096x8192x28672_pq.json
