=== MXFP8 GEMM Layout Benchmark (preshuffle-quant): M=4096, N=8192, K=8192 ===
Warmup=100, iters=200, correctness=on
SNR threshold=48.0 dB, determinism_runs=3
Layouts=rcr

--- RCR Layout: C = A @ B^T ---
Memory access fault by GPU node-4 (Agent handle: 0x55ce26170b30) on address 0x7fb8cf400000. Reason: Unknown.
GPU core dump created: gpucore.3144397
timeout: the monitored command dumped core
  (timeout)
=== MXFP8 GEMM Layout Benchmark (preshuffle-quant): M=4096, N=8192, K=8192 ===
Warmup=100, iters=200, correctness=on
SNR threshold=48.0 dB, determinism_runs=3
Layouts=rcr

--- RCR Layout: C = A @ B^T ---
Memory access fault by GPU node-4 (Agent handle: 0x559081f47240) on address 0x7f8fd3600000. Reason: Unknown.
GPU core dump created: gpucore.3144601
timeout: the monitored command dumped core
  (timeout)
=== MXFP8 GEMM Layout Benchmark (preshuffle-quant): M=4096, N=8192, K=8192 ===
Warmup=100, iters=200, correctness=on
SNR threshold=48.0 dB, determinism_runs=3
Layouts=rcr

--- RCR Layout: C = A @ B^T ---
Memory access fault by GPU node-4 (Agent handle: 0x55bf2466dd70) on address 0x7f424cc00000. Reason: Unknown.
GPU core dump created: gpucore.3144795
timeout: the monitored command dumped core
  (timeout)
=== MXFP8 GEMM Layout Benchmark (preshuffle-quant): M=4096, N=8192, K=8192 ===
Warmup=100, iters=200, correctness=on
SNR threshold=48.0 dB, determinism_runs=3
Layouts=rcr

--- RCR Layout: C = A @ B^T ---
Memory access fault by GPU node-4 (Agent handle: 0x56246378ddf0) on address 0x7f2fc2600000. Reason: Unknown.
GPU core dump created: gpucore.3145139
timeout: the monitored command dumped core
  (timeout)
=== MXFP8 GEMM Layout Benchmark (preshuffle-quant): M=4096, N=8192, K=8192 ===
Warmup=100, iters=200, correctness=on
SNR threshold=48.0 dB, determinism_runs=3
Layouts=rcr

--- RCR Layout: C = A @ B^T ---
Memory access fault by GPU node-4 (Agent handle: 0x564ef3a7da40) on address 0x7f9e6c600000. Reason: Unknown.
GPU core dump created: gpucore.3145319
timeout: the monitored command dumped core
  (timeout)
