=== MXFP8 GEMM Layout Benchmark (preshuffle-quant): M=4096, N=4096, K=14336 ===
Warmup=100, iters=200, correctness=on
SNR threshold=48.0 dB, determinism_runs=3
Layouts=rcr

--- RCR Layout: C = A @ B^T ---
  Avg time: 544.1732 ms, TFLOPS: 0.88
  [RCR] Correctness (rtol=0.1000, atol=3.0):
    Max  abs error: nan, Mean abs error: nan
    Max  rel error: nan, Mean rel error: nan
    SNR: nan dB (threshold 48.0 dB)
    Pass rate: 4275912/16777216 (25.49%)
    Result: FAIL
  [RCR] Determinism (3 runs): FAIL
    Max abs diff across runs: 0.000000

Results saved to mxfp8_layout_results_4096x4096x14336_pq.json
  (timeout)
=== MXFP8 GEMM Layout Benchmark (preshuffle-quant): M=4096, N=4096, K=14336 ===
Warmup=100, iters=200, correctness=on
SNR threshold=48.0 dB, determinism_runs=3
Layouts=rcr

--- RCR Layout: C = A @ B^T ---
  Avg time: 544.2049 ms, TFLOPS: 0.88
  [RCR] Correctness (rtol=0.1000, atol=3.0):
    Max  abs error: nan, Mean abs error: nan
    Max  rel error: nan, Mean rel error: nan
    SNR: nan dB (threshold 48.0 dB)
    Pass rate: 4274256/16777216 (25.48%)
    Result: FAIL
  [RCR] Determinism (3 runs): FAIL
    Max abs diff across runs: 0.000000

Results saved to mxfp8_layout_results_4096x4096x14336_pq.json
  (timeout)
=== MXFP8 GEMM Layout Benchmark (preshuffle-quant): M=4096, N=4096, K=14336 ===
Warmup=100, iters=200, correctness=on
SNR threshold=48.0 dB, determinism_runs=3
Layouts=rcr

--- RCR Layout: C = A @ B^T ---
  Avg time: 544.2996 ms, TFLOPS: 0.88
  [RCR] Correctness (rtol=0.1000, atol=3.0):
    Max  abs error: nan, Mean abs error: nan
    Max  rel error: nan, Mean rel error: nan
    SNR: nan dB (threshold 48.0 dB)
    Pass rate: 4281168/16777216 (25.52%)
    Result: FAIL
  [RCR] Determinism (3 runs): FAIL
    Max abs diff across runs: 0.000000

Results saved to mxfp8_layout_results_4096x4096x14336_pq.json
  (timeout)
=== MXFP8 GEMM Layout Benchmark (preshuffle-quant): M=4096, N=4096, K=14336 ===
Warmup=100, iters=200, correctness=on
SNR threshold=48.0 dB, determinism_runs=3
Layouts=rcr

--- RCR Layout: C = A @ B^T ---
  Avg time: 544.0538 ms, TFLOPS: 0.88
  [RCR] Correctness (rtol=0.1000, atol=3.0):
    Max  abs error: nan, Mean abs error: nan
    Max  rel error: nan, Mean rel error: nan
    SNR: nan dB (threshold 48.0 dB)
    Pass rate: 4275307/16777216 (25.48%)
    Result: FAIL
  [RCR] Determinism (3 runs): FAIL
    Max abs diff across runs: 0.000000

Results saved to mxfp8_layout_results_4096x4096x14336_pq.json
  (timeout)
=== MXFP8 GEMM Layout Benchmark (preshuffle-quant): M=4096, N=4096, K=14336 ===
Warmup=100, iters=200, correctness=on
SNR threshold=48.0 dB, determinism_runs=3
Layouts=rcr

--- RCR Layout: C = A @ B^T ---
  Avg time: 543.9938 ms, TFLOPS: 0.88
  [RCR] Correctness (rtol=0.1000, atol=3.0):
    Max  abs error: nan, Mean abs error: nan
    Max  rel error: nan, Mean rel error: nan
    SNR: nan dB (threshold 48.0 dB)
    Pass rate: 4276272/16777216 (25.49%)
    Result: FAIL
  [RCR] Determinism (3 runs): FAIL
    Max abs diff across runs: 0.000000

Results saved to mxfp8_layout_results_4096x4096x14336_pq.json
  (timeout)
