W20260420 00:39:52.706470 140416000966144 simple_timer.cpp:55] [rocprofv3] tool initialization ::     0.144522 sec
W20260420 00:39:52.706732 140416000966144 simple_timer.cpp:55] [rocprofv3] 'python3 test_mxfp8_python.py 4096 14336 4096' ::     0.000000 sec
=== MXFP8 GEMM Layout Benchmark (preshuffle-quant): M=4096, N=14336, K=4096 ===
Warmup=100, iters=200, correctness=off
Layouts=rrr

--- RRR Layout: C = A @ B ---
W20260420 00:39:53.732919 140416000966144 tool.cpp:2420] HSA version 8.19.0 initialized (instance=0)
  Avg time: 0.2732 ms, TFLOPS: 1761.06

Results saved to mxfp8_layout_results_4096x14336x4096_pq.json
W20260420 00:39:54.604238 140416000966144 simple_timer.cpp:55] [rocprofv3] 'python3 test_mxfp8_python.py 4096 14336 4096' ::     1.897506 sec
E20260420 00:39:54.701150 140416000966144 output_stream.cpp:111] Opened result file: /shared_nfs/kyle/test/Hipkittens2/analysis/fp8_gemm/mi350x/r55f_pmc_results/8B_GateUp_mxfp8_rrr_set1/pmc_1/pt-test-2-l7n7x-master-0/2943470_counter_collection.csv
E20260420 00:39:54.772270 140416000966144 output_stream.cpp:111] Opened result file: /shared_nfs/kyle/test/Hipkittens2/analysis/fp8_gemm/mi350x/r55f_pmc_results/8B_GateUp_mxfp8_rrr_set1/pmc_1/pt-test-2-l7n7x-master-0/2943470_agent_info.csv
W20260420 00:39:54.775622 140416000966144 simple_timer.cpp:55] [rocprofv3] output generation ::     0.158500 sec
W20260420 00:39:54.777105 140416000966144 simple_timer.cpp:55] [rocprofv3] tool finalization ::     0.159992 sec
W20260420 00:39:55.402733 140373915659776 simple_timer.cpp:55] [rocprofv3] tool initialization ::     0.140871 sec
W20260420 00:39:55.402938 140373915659776 simple_timer.cpp:55] [rocprofv3] 'python3 test_mxfp8_python.py 4096 14336 4096' ::     0.000000 sec
=== MXFP8 GEMM Layout Benchmark (preshuffle-quant): M=4096, N=14336, K=4096 ===
Warmup=100, iters=200, correctness=off
Layouts=rrr

--- RRR Layout: C = A @ B ---
W20260420 00:39:56.325303 140373915659776 tool.cpp:2420] HSA version 8.19.0 initialized (instance=0)
  Avg time: 0.2510 ms, TFLOPS: 1916.10

Results saved to mxfp8_layout_results_4096x14336x4096_pq.json
W20260420 00:39:57.242832 140373915659776 simple_timer.cpp:55] [rocprofv3] 'python3 test_mxfp8_python.py 4096 14336 4096' ::     1.839894 sec
E20260420 00:39:57.327234 140373915659776 output_stream.cpp:111] Opened result file: /shared_nfs/kyle/test/Hipkittens2/analysis/fp8_gemm/mi350x/r55f_pmc_results/8B_GateUp_mxfp8_rrr_set1/pmc_2/pt-test-2-l7n7x-master-0/2943562_counter_collection.csv
E20260420 00:39:57.397872 140373915659776 output_stream.cpp:111] Opened result file: /shared_nfs/kyle/test/Hipkittens2/analysis/fp8_gemm/mi350x/r55f_pmc_results/8B_GateUp_mxfp8_rrr_set1/pmc_2/pt-test-2-l7n7x-master-0/2943562_agent_info.csv
W20260420 00:39:57.401129 140373915659776 simple_timer.cpp:55] [rocprofv3] output generation ::     0.145088 sec
W20260420 00:39:57.402559 140373915659776 simple_timer.cpp:55] [rocprofv3] tool finalization ::     0.146526 sec
W20260420 00:39:58.050752 140660666998272 simple_timer.cpp:55] [rocprofv3] tool initialization ::     0.143486 sec
W20260420 00:39:58.050958 140660666998272 simple_timer.cpp:55] [rocprofv3] 'python3 test_mxfp8_python.py 4096 14336 4096' ::     0.000000 sec
=== MXFP8 GEMM Layout Benchmark (preshuffle-quant): M=4096, N=14336, K=4096 ===
Warmup=100, iters=200, correctness=off
Layouts=rrr

--- RRR Layout: C = A @ B ---
W20260420 00:39:58.983194 140660666998272 tool.cpp:2420] HSA version 8.19.0 initialized (instance=0)
  Avg time: 0.3454 ms, TFLOPS: 1392.64

Results saved to mxfp8_layout_results_4096x14336x4096_pq.json
W20260420 00:39:59.917098 140660666998272 simple_timer.cpp:55] [rocprofv3] 'python3 test_mxfp8_python.py 4096 14336 4096' ::     1.866140 sec
E20260420 00:40:00.009036 140660666998272 output_stream.cpp:111] Opened result file: /shared_nfs/kyle/test/Hipkittens2/analysis/fp8_gemm/mi350x/r55f_pmc_results/8B_GateUp_mxfp8_rrr_set1/pmc_3/pt-test-2-l7n7x-master-0/2943642_counter_collection.csv
E20260420 00:40:00.073261 140660666998272 output_stream.cpp:111] Opened result file: /shared_nfs/kyle/test/Hipkittens2/analysis/fp8_gemm/mi350x/r55f_pmc_results/8B_GateUp_mxfp8_rrr_set1/pmc_3/pt-test-2-l7n7x-master-0/2943642_agent_info.csv
W20260420 00:40:00.076544 140660666998272 simple_timer.cpp:55] [rocprofv3] output generation ::     0.146340 sec
W20260420 00:40:00.077957 140660666998272 simple_timer.cpp:55] [rocprofv3] tool finalization ::     0.147760 sec
W20260420 00:40:00.718839 139816110546432 simple_timer.cpp:55] [rocprofv3] tool initialization ::     0.143421 sec
W20260420 00:40:00.719091 139816110546432 simple_timer.cpp:55] [rocprofv3] 'python3 test_mxfp8_python.py 4096 14336 4096' ::     0.000000 sec
=== MXFP8 GEMM Layout Benchmark (preshuffle-quant): M=4096, N=14336, K=4096 ===
Warmup=100, iters=200, correctness=off
Layouts=rrr

--- RRR Layout: C = A @ B ---
W20260420 00:40:01.631966 139816110546432 tool.cpp:2420] HSA version 8.19.0 initialized (instance=0)
  Avg time: 1.9626 ms, TFLOPS: 245.10

Results saved to mxfp8_layout_results_4096x14336x4096_pq.json
W20260420 00:40:02.846529 139816110546432 simple_timer.cpp:55] [rocprofv3] 'python3 test_mxfp8_python.py 4096 14336 4096' ::     2.127439 sec
E20260420 00:40:02.962038 139816110546432 output_stream.cpp:111] Opened result file: /shared_nfs/kyle/test/Hipkittens2/analysis/fp8_gemm/mi350x/r55f_pmc_results/8B_GateUp_mxfp8_rrr_set1/pmc_4/pt-test-2-l7n7x-master-0/2943722_counter_collection.csv
E20260420 00:40:03.038245 139816110546432 output_stream.cpp:111] Opened result file: /shared_nfs/kyle/test/Hipkittens2/analysis/fp8_gemm/mi350x/r55f_pmc_results/8B_GateUp_mxfp8_rrr_set1/pmc_4/pt-test-2-l7n7x-master-0/2943722_agent_info.csv
W20260420 00:40:03.042078 139816110546432 simple_timer.cpp:55] [rocprofv3] output generation ::     0.182642 sec
W20260420 00:40:03.043511 139816110546432 simple_timer.cpp:55] [rocprofv3] tool finalization ::     0.184082 sec
W20260420 00:40:03.699340 140696099491328 simple_timer.cpp:55] [rocprofv3] tool initialization ::     0.144279 sec
W20260420 00:40:03.699550 140696099491328 simple_timer.cpp:55] [rocprofv3] 'python3 test_mxfp8_python.py 4096 14336 4096' ::     0.000001 sec
=== MXFP8 GEMM Layout Benchmark (preshuffle-quant): M=4096, N=14336, K=4096 ===
Warmup=100, iters=200, correctness=off
Layouts=rrr

--- RRR Layout: C = A @ B ---
W20260420 00:40:04.586546 140696099491328 tool.cpp:2420] HSA version 8.19.0 initialized (instance=0)
W20260420 00:40:04.832651 140696099491328 tool.cpp:1189] Unable to find all counters for agent 2 (gpu-0, gfx950) in [ALUStalledByLDS, FetchSize, L2CacheHit, LDSBankConflict, MemUnitBusy, MemUnitStalled, MfmaUtil, VALUBusy]. Found: [FetchSize, LDSBankConflict, MemUnitStalled, MfmaUtil, VALUBusy]. Missing: [ALUStalledByLDS, L2CacheHit, MemUnitBusy]
W20260420 00:40:04.832781 140696099491328 tool.cpp:1189] Unable to find all counters for agent 3 (gpu-1, gfx950) in [ALUStalledByLDS, FetchSize, L2CacheHit, LDSBankConflict, MemUnitBusy, MemUnitStalled, MfmaUtil, VALUBusy]. Found: [FetchSize, LDSBankConflict, MemUnitStalled, MfmaUtil, VALUBusy]. Missing: [ALUStalledByLDS, L2CacheHit, MemUnitBusy]
W20260420 00:40:04.834224 140696099491328 tool.cpp:1189] Unable to find all counters for agent 4 (gpu-2, gfx950) in [ALUStalledByLDS, FetchSize, L2CacheHit, LDSBankConflict, MemUnitBusy, MemUnitStalled, MfmaUtil, VALUBusy]. Found: [FetchSize, LDSBankConflict, MemUnitStalled, MfmaUtil, VALUBusy]. Missing: [ALUStalledByLDS, L2CacheHit, MemUnitBusy]
W20260420 00:40:04.834263 140696099491328 tool.cpp:1189] Unable to find all counters for agent 5 (gpu-3, gfx950) in [ALUStalledByLDS, FetchSize, L2CacheHit, LDSBankConflict, MemUnitBusy, MemUnitStalled, MfmaUtil, VALUBusy]. Found: [FetchSize, LDSBankConflict, MemUnitStalled, MfmaUtil, VALUBusy]. Missing: [ALUStalledByLDS, L2CacheHit, MemUnitBusy]
W20260420 00:40:04.835303 140696099491328 tool.cpp:1189] Unable to find all counters for agent 6 (gpu-4, gfx950) in [ALUStalledByLDS, FetchSize, L2CacheHit, LDSBankConflict, MemUnitBusy, MemUnitStalled, MfmaUtil, VALUBusy]. Found: [FetchSize, LDSBankConflict, MemUnitStalled, MfmaUtil, VALUBusy]. Missing: [ALUStalledByLDS, L2CacheHit, MemUnitBusy]
W20260420 00:40:04.835335 140696099491328 tool.cpp:1189] Unable to find all counters for agent 7 (gpu-5, gfx950) in [ALUStalledByLDS, FetchSize, L2CacheHit, LDSBankConflict, MemUnitBusy, MemUnitStalled, MfmaUtil, VALUBusy]. Found: [FetchSize, LDSBankConflict, MemUnitStalled, MfmaUtil, VALUBusy]. Missing: [ALUStalledByLDS, L2CacheHit, MemUnitBusy]
W20260420 00:40:04.836352 140696099491328 tool.cpp:1189] Unable to find all counters for agent 8 (gpu-6, gfx950) in [ALUStalledByLDS, FetchSize, L2CacheHit, LDSBankConflict, MemUnitBusy, MemUnitStalled, MfmaUtil, VALUBusy]. Found: [FetchSize, LDSBankConflict, MemUnitStalled, MfmaUtil, VALUBusy]. Missing: [ALUStalledByLDS, L2CacheHit, MemUnitBusy]
W20260420 00:40:04.836382 140696099491328 tool.cpp:1189] Unable to find all counters for agent 9 (gpu-7, gfx950) in [ALUStalledByLDS, FetchSize, L2CacheHit, LDSBankConflict, MemUnitBusy, MemUnitStalled, MfmaUtil, VALUBusy]. Found: [FetchSize, LDSBankConflict, MemUnitStalled, MfmaUtil, VALUBusy]. Missing: [ALUStalledByLDS, L2CacheHit, MemUnitBusy]
  Avg time: 0.3189 ms, TFLOPS: 1508.29

Results saved to mxfp8_layout_results_4096x14336x4096_pq.json
W20260420 00:40:05.503812 140696099491328 simple_timer.cpp:55] [rocprofv3] 'python3 test_mxfp8_python.py 4096 14336 4096' ::     1.804263 sec
E20260420 00:40:05.599557 140696099491328 output_stream.cpp:111] Opened result file: /shared_nfs/kyle/test/Hipkittens2/analysis/fp8_gemm/mi350x/r55f_pmc_results/8B_GateUp_mxfp8_rrr_set1/pmc_5/pt-test-2-l7n7x-master-0/2943794_counter_collection.csv
E20260420 00:40:05.656536 140696099491328 output_stream.cpp:111] Opened result file: /shared_nfs/kyle/test/Hipkittens2/analysis/fp8_gemm/mi350x/r55f_pmc_results/8B_GateUp_mxfp8_rrr_set1/pmc_5/pt-test-2-l7n7x-master-0/2943794_agent_info.csv
W20260420 00:40:05.659380 140696099491328 simple_timer.cpp:55] [rocprofv3] output generation ::     0.142692 sec
W20260420 00:40:05.660742 140696099491328 simple_timer.cpp:55] [rocprofv3] tool finalization ::     0.144062 sec
