--- 8B_4kx4k_rrr_FAST ---
[mxfp8_dispatch] rrr_pq: shape=(M=0,N=0,K=0) -> V1-PQ-DEFAULT
[mxfp8_dispatch] rrr_pq_v1: shape=(M=1,N=4096,K=4096) -> RRR-DECODE-M1-FASTPATH (R43B)
R43B_RESULT module=tk_mxfp8_decode_m1rc_8b_4kx4k kind=mxfp8 impl=decode_m1_rrr_crr layout=rrr shape=1x4096x4096 avg_ms=0.106621 tflops=0.3147 snr_db=47.71

--- 8B_4kx4k_crr_FAST ---
[mxfp8_dispatch] crr_pq: shape=(M=0,N=0,K=0) -> V1-PQ-DEFAULT
[mxfp8_dispatch] crr_pq_v1: shape=(M=1,N=4096,K=4096) -> CRR-DECODE-M1-FASTPATH (R43B)
R43B_RESULT module=tk_mxfp8_decode_m1rc_8b_4kx4k kind=mxfp8 impl=decode_m1_rrr_crr layout=crr shape=1x4096x4096 avg_ms=0.106401 tflops=0.3154 snr_db=47.71

--- 8B_4kx4k_rrr_V1 ---
[mxfp8_dispatch] rrr_pq: shape=(M=0,N=0,K=0) -> V1-PQ-DEFAULT
R43B_RESULT module=tk_mxfp8_legacy_8b_4kx4k kind=mxfp8 impl=legacy_v1pq layout=rrr shape=1x4096x4096 avg_ms=1.134671 tflops=0.0296 snr_db=47.71

--- 8B_4kx4k_crr_V1 ---
[mxfp8_dispatch] crr_pq: shape=(M=0,N=0,K=0) -> V1-PQ-DEFAULT
R43B_RESULT module=tk_mxfp8_legacy_8b_4kx4k kind=mxfp8 impl=legacy_v1pq layout=crr shape=1x4096x4096 avg_ms=1.157551 tflops=0.0290 snr_db=47.71

--- 8B_4kx4k_rrr_FP8 ---
R43B_RESULT module=tk_fp8_baseline_8b_4kx4k kind=fp8 impl=fp8_pertensor layout=rrr shape=1x4096x4096 avg_ms=1.009850 tflops=0.0332 snr_db=47.64

--- 8B_4kx4k_crr_FP8 ---
R43B_RESULT module=tk_fp8_baseline_8b_4kx4k kind=fp8 impl=fp8_pertensor layout=crr shape=1x4096x4096 avg_ms=1.042771 tflops=0.0322 snr_db=47.64

--- 70B_8kx8k_rrr_FAST ---
[mxfp8_dispatch] rrr_pq: shape=(M=0,N=0,K=0) -> V1-PQ-DEFAULT
[mxfp8_dispatch] rrr_pq_v1: shape=(M=1,N=8192,K=8192) -> RRR-DECODE-M1-FASTPATH (R43B)
R43B_RESULT module=tk_mxfp8_decode_m1rc_70b_8kx8k kind=mxfp8 impl=decode_m1_rrr_crr layout=rrr shape=1x8192x8192 avg_ms=0.293363 tflops=0.4575 snr_db=48.00

--- 70B_8kx8k_crr_FAST ---
[mxfp8_dispatch] crr_pq: shape=(M=0,N=0,K=0) -> V1-PQ-DEFAULT
[mxfp8_dispatch] crr_pq_v1: shape=(M=1,N=8192,K=8192) -> CRR-DECODE-M1-FASTPATH (R43B)
R43B_RESULT module=tk_mxfp8_decode_m1rc_70b_8kx8k kind=mxfp8 impl=decode_m1_rrr_crr layout=crr shape=1x8192x8192 avg_ms=0.296003 tflops=0.4534 snr_db=48.00

--- 70B_8kx8k_rrr_V1 ---
[mxfp8_dispatch] rrr_pq: shape=(M=0,N=0,K=0) -> V1-PQ-DEFAULT
R43B_RESULT module=tk_mxfp8_legacy_70b_8kx8k kind=mxfp8 impl=legacy_v1pq layout=rrr shape=1x8192x8192 avg_ms=2.592465 tflops=0.0518 snr_db=48.00

--- 70B_8kx8k_crr_V1 ---
[mxfp8_dispatch] crr_pq: shape=(M=0,N=0,K=0) -> V1-PQ-DEFAULT
R43B_RESULT module=tk_mxfp8_legacy_70b_8kx8k kind=mxfp8 impl=legacy_v1pq layout=crr shape=1x8192x8192 avg_ms=3.411994 tflops=0.0393 snr_db=48.00

--- 70B_8kx8k_rrr_FP8 ---
R43B_RESULT module=tk_fp8_baseline_70b_8kx8k kind=fp8 impl=fp8_pertensor layout=rrr shape=1x8192x8192 avg_ms=3.071590 tflops=0.0437 snr_db=48.03

--- 70B_8kx8k_crr_FP8 ---
R43B_RESULT module=tk_fp8_baseline_70b_8kx8k kind=fp8 impl=fp8_pertensor layout=crr shape=1x8192x8192 avg_ms=3.123271 tflops=0.0430 snr_db=48.03

--- 8B_14kx4k_rrr_FAST ---
[mxfp8_dispatch] rrr_pq: shape=(M=0,N=0,K=0) -> V1-PQ-DEFAULT
[mxfp8_dispatch] rrr_pq_v1: shape=(M=1,N=14336,K=4096) -> RRR-DECODE-M1-FASTPATH (R43B)
R43B_RESULT module=tk_mxfp8_decode_m1rc_8b_14kx4k kind=mxfp8 impl=decode_m1_rrr_crr layout=rrr shape=1x14336x4096 avg_ms=0.177961 tflops=0.6599 snr_db=47.85

--- 8B_14kx4k_crr_FAST ---
[mxfp8_dispatch] crr_pq: shape=(M=0,N=0,K=0) -> V1-PQ-DEFAULT
[mxfp8_dispatch] crr_pq_v1: shape=(M=1,N=14336,K=4096) -> CRR-DECODE-M1-FASTPATH (R43B)
R43B_RESULT module=tk_mxfp8_decode_m1rc_8b_14kx4k kind=mxfp8 impl=decode_m1_rrr_crr layout=crr shape=1x14336x4096 avg_ms=0.108041 tflops=1.0870 snr_db=47.85

--- 8B_14kx4k_rrr_V1 ---
[mxfp8_dispatch] rrr_pq: shape=(M=0,N=0,K=0) -> V1-PQ-DEFAULT
R43B_RESULT module=tk_mxfp8_legacy_8b_14kx4k kind=mxfp8 impl=legacy_v1pq layout=rrr shape=1x14336x4096 avg_ms=1.740877 tflops=0.0675 snr_db=47.85

--- 8B_14kx4k_crr_V1 ---
[mxfp8_dispatch] crr_pq: shape=(M=0,N=0,K=0) -> V1-PQ-DEFAULT
R43B_RESULT module=tk_mxfp8_legacy_8b_14kx4k kind=mxfp8 impl=legacy_v1pq layout=crr shape=1x14336x4096 avg_ms=1.734717 tflops=0.0677 snr_db=47.85

--- 8B_14kx4k_rrr_FP8 ---
R43B_RESULT module=tk_fp8_baseline_8b_14kx4k kind=fp8 impl=fp8_pertensor layout=rrr shape=1x14336x4096 avg_ms=1.119232 tflops=0.1049 snr_db=47.80

--- 8B_14kx4k_crr_FP8 ---
R43B_RESULT module=tk_fp8_baseline_8b_14kx4k kind=fp8 impl=fp8_pertensor layout=crr shape=1x14336x4096 avg_ms=1.163412 tflops=0.1009 snr_db=47.80

--- 8B_4kx14k_rrr_FAST ---
[mxfp8_dispatch] rrr_pq: shape=(M=0,N=0,K=0) -> V1-PQ-DEFAULT
[mxfp8_dispatch] rrr_pq_v1: shape=(M=1,N=4096,K=14336) -> RRR-DECODE-M1-FASTPATH (R43B)
R43B_RESULT module=tk_mxfp8_decode_m1rc_8b_4kx14k kind=mxfp8 impl=decode_m1_rrr_crr layout=rrr shape=1x4096x14336 avg_ms=0.346463 tflops=0.3390 snr_db=47.88

--- 8B_4kx14k_crr_FAST ---
[mxfp8_dispatch] crr_pq: shape=(M=0,N=0,K=0) -> V1-PQ-DEFAULT
[mxfp8_dispatch] crr_pq_v1: shape=(M=1,N=4096,K=14336) -> CRR-DECODE-M1-FASTPATH (R43B)
R43B_RESULT module=tk_mxfp8_decode_m1rc_8b_4kx14k kind=mxfp8 impl=decode_m1_rrr_crr layout=crr shape=1x4096x14336 avg_ms=0.348164 tflops=0.3373 snr_db=47.88

--- 8B_4kx14k_rrr_V1 ---
[mxfp8_dispatch] rrr_pq: shape=(M=0,N=0,K=0) -> V1-PQ-DEFAULT
R43B_RESULT module=tk_mxfp8_legacy_8b_4kx14k kind=mxfp8 impl=legacy_v1pq layout=rrr shape=1x4096x14336 avg_ms=3.947599 tflops=0.0297 snr_db=47.88

--- 8B_4kx14k_crr_V1 ---
[mxfp8_dispatch] crr_pq: shape=(M=0,N=0,K=0) -> V1-PQ-DEFAULT
R43B_RESULT module=tk_mxfp8_legacy_8b_4kx14k kind=mxfp8 impl=legacy_v1pq layout=crr shape=1x4096x14336 avg_ms=4.009660 tflops=0.0293 snr_db=47.88

--- 8B_4kx14k_rrr_FP8 ---
R43B_RESULT module=tk_fp8_baseline_8b_4kx14k kind=fp8 impl=fp8_pertensor layout=rrr shape=1x4096x14336 avg_ms=3.510275 tflops=0.0335 snr_db=47.78

--- 8B_4kx14k_crr_FP8 ---
R43B_RESULT module=tk_fp8_baseline_8b_4kx14k kind=fp8 impl=fp8_pertensor layout=crr shape=1x4096x14336 avg_ms=5.486254 tflops=0.0214 snr_db=47.78

