W20260419 17:38:56.662571 139657473351168 simple_timer.cpp:55] [rocprofv3] tool initialization ::     0.144196 sec
W20260419 17:38:56.662802 139657473351168 simple_timer.cpp:55] [rocprofv3] 'python3 test_mxfp8_python.py 4096 8192 8192' ::     0.000000 sec
=== MXFP8 GEMM Layout Benchmark (preshuffle-quant): M=4096, N=8192, K=8192 ===
Warmup=3, iters=5, correctness=off
Layouts=crr

--- CRR Layout: C = A^T @ B ---
W20260419 17:38:57.575953 139657473351168 tool.cpp:2420] HSA version 8.19.0 initialized (instance=0)
  Avg time: 0.3390 ms, TFLOPS: 1621.88

Results saved to mxfp8_layout_results_4096x8192x8192_pq.json
W20260419 17:38:58.308914 139657473351168 simple_timer.cpp:55] [rocprofv3] 'python3 test_mxfp8_python.py 4096 8192 8192' ::     1.646113 sec
E20260419 17:38:58.407962 139657473351168 output_stream.cpp:111] Opened result file: r53c_pmc_results/QO_crr_set1/pmc_1/pt-test-2-l7n7x-master-0/2432165_counter_collection.csv
E20260419 17:38:58.489346 139657473351168 output_stream.cpp:111] Opened result file: r53c_pmc_results/QO_crr_set1/pmc_1/pt-test-2-l7n7x-master-0/2432165_agent_info.csv
W20260419 17:38:58.492472 139657473351168 simple_timer.cpp:55] [rocprofv3] output generation ::     0.169824 sec
W20260419 17:38:58.494098 139657473351168 simple_timer.cpp:55] [rocprofv3] tool finalization ::     0.171457 sec
W20260419 17:38:59.149571 140692424543744 simple_timer.cpp:55] [rocprofv3] tool initialization ::     0.142730 sec
W20260419 17:38:59.149793 140692424543744 simple_timer.cpp:55] [rocprofv3] 'python3 test_mxfp8_python.py 4096 8192 8192' ::     0.000000 sec
=== MXFP8 GEMM Layout Benchmark (preshuffle-quant): M=4096, N=8192, K=8192 ===
Warmup=3, iters=5, correctness=off
Layouts=crr

--- CRR Layout: C = A^T @ B ---
W20260419 17:39:00.093136 140692424543744 tool.cpp:2420] HSA version 8.19.0 initialized (instance=0)
  Avg time: 0.3278 ms, TFLOPS: 1676.93

Results saved to mxfp8_layout_results_4096x8192x8192_pq.json
W20260419 17:39:00.844104 140692424543744 simple_timer.cpp:55] [rocprofv3] 'python3 test_mxfp8_python.py 4096 8192 8192' ::     1.694311 sec
E20260419 17:39:00.947821 140692424543744 output_stream.cpp:111] Opened result file: r53c_pmc_results/QO_crr_set1/pmc_2/pt-test-2-l7n7x-master-0/2432321_counter_collection.csv
E20260419 17:39:01.000747 140692424543744 output_stream.cpp:111] Opened result file: r53c_pmc_results/QO_crr_set1/pmc_2/pt-test-2-l7n7x-master-0/2432321_agent_info.csv
W20260419 17:39:01.003764 140692424543744 simple_timer.cpp:55] [rocprofv3] output generation ::     0.146046 sec
W20260419 17:39:01.005958 140692424543744 simple_timer.cpp:55] [rocprofv3] tool finalization ::     0.148247 sec
W20260419 17:39:01.712243 140649751506432 simple_timer.cpp:55] [rocprofv3] tool initialization ::     0.142960 sec
W20260419 17:39:01.712461 140649751506432 simple_timer.cpp:55] [rocprofv3] 'python3 test_mxfp8_python.py 4096 8192 8192' ::     0.000000 sec
=== MXFP8 GEMM Layout Benchmark (preshuffle-quant): M=4096, N=8192, K=8192 ===
Warmup=3, iters=5, correctness=off
Layouts=crr

--- CRR Layout: C = A^T @ B ---
W20260419 17:39:02.636972 140649751506432 tool.cpp:2420] HSA version 8.19.0 initialized (instance=0)
  Avg time: 0.6081 ms, TFLOPS: 904.10

Results saved to mxfp8_layout_results_4096x8192x8192_pq.json
W20260419 17:39:03.410788 140649751506432 simple_timer.cpp:55] [rocprofv3] 'python3 test_mxfp8_python.py 4096 8192 8192' ::     1.698326 sec
E20260419 17:39:03.488784 140649751506432 output_stream.cpp:111] Opened result file: r53c_pmc_results/QO_crr_set1/pmc_3/pt-test-2-l7n7x-master-0/2432401_counter_collection.csv
E20260419 17:39:03.505933 140649751506432 output_stream.cpp:111] Opened result file: r53c_pmc_results/QO_crr_set1/pmc_3/pt-test-2-l7n7x-master-0/2432401_agent_info.csv
W20260419 17:39:03.509172 140649751506432 simple_timer.cpp:55] [rocprofv3] output generation ::     0.085184 sec
W20260419 17:39:03.510619 140649751506432 simple_timer.cpp:55] [rocprofv3] tool finalization ::     0.086639 sec
W20260419 17:39:04.155837 139983405346304 simple_timer.cpp:55] [rocprofv3] tool initialization ::     0.145665 sec
W20260419 17:39:04.156061 139983405346304 simple_timer.cpp:55] [rocprofv3] 'python3 test_mxfp8_python.py 4096 8192 8192' ::     0.000000 sec
=== MXFP8 GEMM Layout Benchmark (preshuffle-quant): M=4096, N=8192, K=8192 ===
Warmup=3, iters=5, correctness=off
Layouts=crr

--- CRR Layout: C = A^T @ B ---
W20260419 17:39:05.075859 139983405346304 tool.cpp:2420] HSA version 8.19.0 initialized (instance=0)
  Avg time: 0.4050 ms, TFLOPS: 1357.33

Results saved to mxfp8_layout_results_4096x8192x8192_pq.json
W20260419 17:39:05.934249 139983405346304 simple_timer.cpp:55] [rocprofv3] 'python3 test_mxfp8_python.py 4096 8192 8192' ::     1.778188 sec
E20260419 17:39:06.021083 139983405346304 output_stream.cpp:111] Opened result file: r53c_pmc_results/QO_crr_set1/pmc_4/pt-test-2-l7n7x-master-0/2432474_counter_collection.csv
E20260419 17:39:06.075113 139983405346304 output_stream.cpp:111] Opened result file: r53c_pmc_results/QO_crr_set1/pmc_4/pt-test-2-l7n7x-master-0/2432474_agent_info.csv
W20260419 17:39:06.078126 139983405346304 simple_timer.cpp:55] [rocprofv3] output generation ::     0.130380 sec
W20260419 17:39:06.079694 139983405346304 simple_timer.cpp:55] [rocprofv3] tool finalization ::     0.131956 sec
W20260419 17:39:06.732367 140167373032960 simple_timer.cpp:55] [rocprofv3] tool initialization ::     0.144657 sec
W20260419 17:39:06.732586 140167373032960 simple_timer.cpp:55] [rocprofv3] 'python3 test_mxfp8_python.py 4096 8192 8192' ::     0.000000 sec
=== MXFP8 GEMM Layout Benchmark (preshuffle-quant): M=4096, N=8192, K=8192 ===
Warmup=3, iters=5, correctness=off
Layouts=crr

--- CRR Layout: C = A^T @ B ---
W20260419 17:39:07.653975 140167373032960 tool.cpp:2420] HSA version 8.19.0 initialized (instance=0)
W20260419 17:39:07.991579 140167373032960 tool.cpp:1189] Unable to find all counters for agent 2 (gpu-0, gfx950) in [ALUStalledByLDS, FetchSize, L2CacheHit, LDSBankConflict, MemUnitBusy, MemUnitStalled, MfmaUtil, VALUBusy]. Found: [FetchSize, LDSBankConflict, MemUnitStalled, MfmaUtil, VALUBusy]. Missing: [ALUStalledByLDS, L2CacheHit, MemUnitBusy]
W20260419 17:39:07.991708 140167373032960 tool.cpp:1189] Unable to find all counters for agent 3 (gpu-1, gfx950) in [ALUStalledByLDS, FetchSize, L2CacheHit, LDSBankConflict, MemUnitBusy, MemUnitStalled, MfmaUtil, VALUBusy]. Found: [FetchSize, LDSBankConflict, MemUnitStalled, MfmaUtil, VALUBusy]. Missing: [ALUStalledByLDS, L2CacheHit, MemUnitBusy]
W20260419 17:39:07.993292 140167373032960 tool.cpp:1189] Unable to find all counters for agent 4 (gpu-2, gfx950) in [ALUStalledByLDS, FetchSize, L2CacheHit, LDSBankConflict, MemUnitBusy, MemUnitStalled, MfmaUtil, VALUBusy]. Found: [FetchSize, LDSBankConflict, MemUnitStalled, MfmaUtil, VALUBusy]. Missing: [ALUStalledByLDS, L2CacheHit, MemUnitBusy]
W20260419 17:39:07.993328 140167373032960 tool.cpp:1189] Unable to find all counters for agent 5 (gpu-3, gfx950) in [ALUStalledByLDS, FetchSize, L2CacheHit, LDSBankConflict, MemUnitBusy, MemUnitStalled, MfmaUtil, VALUBusy]. Found: [FetchSize, LDSBankConflict, MemUnitStalled, MfmaUtil, VALUBusy]. Missing: [ALUStalledByLDS, L2CacheHit, MemUnitBusy]
W20260419 17:39:07.994441 140167373032960 tool.cpp:1189] Unable to find all counters for agent 6 (gpu-4, gfx950) in [ALUStalledByLDS, FetchSize, L2CacheHit, LDSBankConflict, MemUnitBusy, MemUnitStalled, MfmaUtil, VALUBusy]. Found: [FetchSize, LDSBankConflict, MemUnitStalled, MfmaUtil, VALUBusy]. Missing: [ALUStalledByLDS, L2CacheHit, MemUnitBusy]
W20260419 17:39:07.994474 140167373032960 tool.cpp:1189] Unable to find all counters for agent 7 (gpu-5, gfx950) in [ALUStalledByLDS, FetchSize, L2CacheHit, LDSBankConflict, MemUnitBusy, MemUnitStalled, MfmaUtil, VALUBusy]. Found: [FetchSize, LDSBankConflict, MemUnitStalled, MfmaUtil, VALUBusy]. Missing: [ALUStalledByLDS, L2CacheHit, MemUnitBusy]
W20260419 17:39:07.995551 140167373032960 tool.cpp:1189] Unable to find all counters for agent 8 (gpu-6, gfx950) in [ALUStalledByLDS, FetchSize, L2CacheHit, LDSBankConflict, MemUnitBusy, MemUnitStalled, MfmaUtil, VALUBusy]. Found: [FetchSize, LDSBankConflict, MemUnitStalled, MfmaUtil, VALUBusy]. Missing: [ALUStalledByLDS, L2CacheHit, MemUnitBusy]
W20260419 17:39:07.995586 140167373032960 tool.cpp:1189] Unable to find all counters for agent 9 (gpu-7, gfx950) in [ALUStalledByLDS, FetchSize, L2CacheHit, LDSBankConflict, MemUnitBusy, MemUnitStalled, MfmaUtil, VALUBusy]. Found: [FetchSize, LDSBankConflict, MemUnitStalled, MfmaUtil, VALUBusy]. Missing: [ALUStalledByLDS, L2CacheHit, MemUnitBusy]
  Avg time: 0.5068 ms, TFLOPS: 1084.75

Results saved to mxfp8_layout_results_4096x8192x8192_pq.json
W20260419 17:39:08.534363 140167373032960 simple_timer.cpp:55] [rocprofv3] 'python3 test_mxfp8_python.py 4096 8192 8192' ::     1.801777 sec
E20260419 17:39:08.647785 140167373032960 output_stream.cpp:111] Opened result file: r53c_pmc_results/QO_crr_set1/pmc_5/pt-test-2-l7n7x-master-0/2432664_counter_collection.csv
E20260419 17:39:08.689628 140167373032960 output_stream.cpp:111] Opened result file: r53c_pmc_results/QO_crr_set1/pmc_5/pt-test-2-l7n7x-master-0/2432664_agent_info.csv
W20260419 17:39:08.692565 140167373032960 simple_timer.cpp:55] [rocprofv3] output generation ::     0.144785 sec
W20260419 17:39:08.694103 140167373032960 simple_timer.cpp:55] [rocprofv3] tool finalization ::     0.146331 sec
