=== MXFP8 GEMM Layout Benchmark (preshuffle-quant): M=4096, N=8192, K=8192 ===
Warmup=50, iters=100, correctness=off
Layouts=rcr

--- RCR Layout: C = A @ B^T ---
[R55B-DEBUG-3] dispatch_pq_v2 entry: L=0 g.m=0 g.n=0 g.k=0 a.cols=8192 c.rows=4096 c.cols=8192
[R55B-DEBUG-2] dispatch_pq_v2<RCR>: g.m=4096 g.n=8192 g.k=8192 M_DIM=4096 N_DIM=8192 K_DIM=8192 FAST_ENABLE=1
[R55B-DEBUG] rcr_can_use_exact_8wave_scaled: g.m=4096 g.n=8192 g.k=8192 M_DIM=4096 N_DIM=8192 K_DIM=8192
  Avg time: 0.1888 ms, TFLOPS: 2912.48

Results saved to mxfp8_layout_results_4096x8192x8192_pq.json
=== MXFP8 GEMM Layout Benchmark (preshuffle-quant): M=4096, N=8192, K=8192 ===
Warmup=50, iters=100, correctness=off
Layouts=rcr

--- RCR Layout: C = A @ B^T ---
[R55B-DEBUG-3] dispatch_pq_v2 entry: L=0 g.m=0 g.n=0 g.k=0 a.cols=8192 c.rows=4096 c.cols=8192
[R55B-DEBUG-2] dispatch_pq_v2<RCR>: g.m=4096 g.n=8192 g.k=8192 M_DIM=4096 N_DIM=8192 K_DIM=8192 FAST_ENABLE=1
[R55B-DEBUG] rcr_can_use_exact_8wave_scaled: g.m=4096 g.n=8192 g.k=8192 M_DIM=4096 N_DIM=8192 K_DIM=8192
  Avg time: 0.1886 ms, TFLOPS: 2914.73

Results saved to mxfp8_layout_results_4096x8192x8192_pq.json
=== MXFP8 GEMM Layout Benchmark (preshuffle-quant): M=4096, N=8192, K=8192 ===
Warmup=50, iters=100, correctness=off
Layouts=rcr

--- RCR Layout: C = A @ B^T ---
[R55B-DEBUG-3] dispatch_pq_v2 entry: L=0 g.m=0 g.n=0 g.k=0 a.cols=8192 c.rows=4096 c.cols=8192
[R55B-DEBUG-2] dispatch_pq_v2<RCR>: g.m=4096 g.n=8192 g.k=8192 M_DIM=4096 N_DIM=8192 K_DIM=8192 FAST_ENABLE=1
[R55B-DEBUG] rcr_can_use_exact_8wave_scaled: g.m=4096 g.n=8192 g.k=8192 M_DIM=4096 N_DIM=8192 K_DIM=8192
  Avg time: 0.1900 ms, TFLOPS: 2893.47

Results saved to mxfp8_layout_results_4096x8192x8192_pq.json
=== MXFP8 GEMM Layout Benchmark (preshuffle-quant): M=4096, N=8192, K=8192 ===
Warmup=50, iters=100, correctness=off
Layouts=rcr

--- RCR Layout: C = A @ B^T ---
[R55B-DEBUG-3] dispatch_pq_v2 entry: L=0 g.m=0 g.n=0 g.k=0 a.cols=8192 c.rows=4096 c.cols=8192
[R55B-DEBUG-2] dispatch_pq_v2<RCR>: g.m=4096 g.n=8192 g.k=8192 M_DIM=4096 N_DIM=8192 K_DIM=8192 FAST_ENABLE=1
[R55B-DEBUG] rcr_can_use_exact_8wave_scaled: g.m=4096 g.n=8192 g.k=8192 M_DIM=4096 N_DIM=8192 K_DIM=8192
  Avg time: 0.1884 ms, TFLOPS: 2918.47

Results saved to mxfp8_layout_results_4096x8192x8192_pq.json
=== MXFP8 GEMM Layout Benchmark (preshuffle-quant): M=4096, N=8192, K=8192 ===
Warmup=50, iters=100, correctness=off
Layouts=rcr

--- RCR Layout: C = A @ B^T ---
[R55B-DEBUG-3] dispatch_pq_v2 entry: L=0 g.m=0 g.n=0 g.k=0 a.cols=8192 c.rows=4096 c.cols=8192
[R55B-DEBUG-2] dispatch_pq_v2<RCR>: g.m=4096 g.n=8192 g.k=8192 M_DIM=4096 N_DIM=8192 K_DIM=8192 FAST_ENABLE=1
[R55B-DEBUG] rcr_can_use_exact_8wave_scaled: g.m=4096 g.n=8192 g.k=8192 M_DIM=4096 N_DIM=8192 K_DIM=8192
  Avg time: 0.1887 ms, TFLOPS: 2913.25

Results saved to mxfp8_layout_results_4096x8192x8192_pq.json
