=== MXFP8 GEMM Layout Benchmark (preshuffle-quant): M=4096, N=8192, K=28672 ===
Warmup=50, iters=100, correctness=off
Layouts=rcr

--- RCR Layout: C = A @ B^T ---
[R55B-DEBUG-3] dispatch_pq_v2 entry: L=0 g.m=0 g.n=0 g.k=0 a.cols=28672 c.rows=4096 c.cols=8192
[R55B-DEBUG-2] dispatch_pq_v2<RCR>: g.m=4096 g.n=8192 g.k=28672 M_DIM=4096 N_DIM=8192 K_DIM=28672 FAST_ENABLE=1
[R55B-DEBUG] rcr_can_use_exact_8wave_scaled: g.m=4096 g.n=8192 g.k=28672 M_DIM=4096 N_DIM=8192 K_DIM=28672
  Avg time: 0.6445 ms, TFLOPS: 2985.42

Results saved to mxfp8_layout_results_4096x8192x28672_pq.json
=== MXFP8 GEMM Layout Benchmark (preshuffle-quant): M=4096, N=8192, K=28672 ===
Warmup=50, iters=100, correctness=off
Layouts=rcr

--- RCR Layout: C = A @ B^T ---
[R55B-DEBUG-3] dispatch_pq_v2 entry: L=0 g.m=0 g.n=0 g.k=0 a.cols=28672 c.rows=4096 c.cols=8192
[R55B-DEBUG-2] dispatch_pq_v2<RCR>: g.m=4096 g.n=8192 g.k=28672 M_DIM=4096 N_DIM=8192 K_DIM=28672 FAST_ENABLE=1
[R55B-DEBUG] rcr_can_use_exact_8wave_scaled: g.m=4096 g.n=8192 g.k=28672 M_DIM=4096 N_DIM=8192 K_DIM=28672
  Avg time: 0.6435 ms, TFLOPS: 2990.19

Results saved to mxfp8_layout_results_4096x8192x28672_pq.json
=== MXFP8 GEMM Layout Benchmark (preshuffle-quant): M=4096, N=8192, K=28672 ===
Warmup=50, iters=100, correctness=off
Layouts=rcr

--- RCR Layout: C = A @ B^T ---
[R55B-DEBUG-3] dispatch_pq_v2 entry: L=0 g.m=0 g.n=0 g.k=0 a.cols=28672 c.rows=4096 c.cols=8192
[R55B-DEBUG-2] dispatch_pq_v2<RCR>: g.m=4096 g.n=8192 g.k=28672 M_DIM=4096 N_DIM=8192 K_DIM=28672 FAST_ENABLE=1
[R55B-DEBUG] rcr_can_use_exact_8wave_scaled: g.m=4096 g.n=8192 g.k=28672 M_DIM=4096 N_DIM=8192 K_DIM=28672
  Avg time: 0.6415 ms, TFLOPS: 2999.40

Results saved to mxfp8_layout_results_4096x8192x28672_pq.json
=== MXFP8 GEMM Layout Benchmark (preshuffle-quant): M=4096, N=8192, K=28672 ===
Warmup=50, iters=100, correctness=off
Layouts=rcr

--- RCR Layout: C = A @ B^T ---
[R55B-DEBUG-3] dispatch_pq_v2 entry: L=0 g.m=0 g.n=0 g.k=0 a.cols=28672 c.rows=4096 c.cols=8192
[R55B-DEBUG-2] dispatch_pq_v2<RCR>: g.m=4096 g.n=8192 g.k=28672 M_DIM=4096 N_DIM=8192 K_DIM=28672 FAST_ENABLE=1
[R55B-DEBUG] rcr_can_use_exact_8wave_scaled: g.m=4096 g.n=8192 g.k=28672 M_DIM=4096 N_DIM=8192 K_DIM=28672
  Avg time: 0.6428 ms, TFLOPS: 2993.21

Results saved to mxfp8_layout_results_4096x8192x28672_pq.json
=== MXFP8 GEMM Layout Benchmark (preshuffle-quant): M=4096, N=8192, K=28672 ===
Warmup=50, iters=100, correctness=off
Layouts=rcr

--- RCR Layout: C = A @ B^T ---
[R55B-DEBUG-3] dispatch_pq_v2 entry: L=0 g.m=0 g.n=0 g.k=0 a.cols=28672 c.rows=4096 c.cols=8192
[R55B-DEBUG-2] dispatch_pq_v2<RCR>: g.m=4096 g.n=8192 g.k=28672 M_DIM=4096 N_DIM=8192 K_DIM=28672 FAST_ENABLE=1
[R55B-DEBUG] rcr_can_use_exact_8wave_scaled: g.m=4096 g.n=8192 g.k=28672 M_DIM=4096 N_DIM=8192 K_DIM=28672
  Avg time: 0.6405 ms, TFLOPS: 3004.29

Results saved to mxfp8_layout_results_4096x8192x28672_pq.json
