=== MXFP8 GEMM Layout Benchmark (preshuffle-quant): M=4096, N=4096, K=14336 ===
Warmup=50, iters=100, correctness=off
Layouts=rcr

--- RCR Layout: C = A @ B^T ---
[R55B-DEBUG-3] dispatch_pq_v2 entry: L=0 g.m=0 g.n=0 g.k=0 a.cols=14336 c.rows=4096 c.cols=4096
[R55B-DEBUG-2] dispatch_pq_v2<RCR>: g.m=4096 g.n=4096 g.k=14336 M_DIM=4096 N_DIM=4096 K_DIM=14336 FAST_ENABLE=1
[R55B-DEBUG] rcr_can_use_exact_8wave_scaled: g.m=4096 g.n=4096 g.k=14336 M_DIM=4096 N_DIM=4096 K_DIM=14336
  Avg time: 0.1609 ms, TFLOPS: 2989.70

Results saved to mxfp8_layout_results_4096x4096x14336_pq.json
=== MXFP8 GEMM Layout Benchmark (preshuffle-quant): M=4096, N=4096, K=14336 ===
Warmup=50, iters=100, correctness=off
Layouts=rcr

--- RCR Layout: C = A @ B^T ---
[R55B-DEBUG-3] dispatch_pq_v2 entry: L=0 g.m=0 g.n=0 g.k=0 a.cols=14336 c.rows=4096 c.cols=4096
[R55B-DEBUG-2] dispatch_pq_v2<RCR>: g.m=4096 g.n=4096 g.k=14336 M_DIM=4096 N_DIM=4096 K_DIM=14336 FAST_ENABLE=1
[R55B-DEBUG] rcr_can_use_exact_8wave_scaled: g.m=4096 g.n=4096 g.k=14336 M_DIM=4096 N_DIM=4096 K_DIM=14336
  Avg time: 0.1605 ms, TFLOPS: 2997.36

Results saved to mxfp8_layout_results_4096x4096x14336_pq.json
=== MXFP8 GEMM Layout Benchmark (preshuffle-quant): M=4096, N=4096, K=14336 ===
Warmup=50, iters=100, correctness=off
Layouts=rcr

--- RCR Layout: C = A @ B^T ---
[R55B-DEBUG-3] dispatch_pq_v2 entry: L=0 g.m=0 g.n=0 g.k=0 a.cols=14336 c.rows=4096 c.cols=4096
[R55B-DEBUG-2] dispatch_pq_v2<RCR>: g.m=4096 g.n=4096 g.k=14336 M_DIM=4096 N_DIM=4096 K_DIM=14336 FAST_ENABLE=1
[R55B-DEBUG] rcr_can_use_exact_8wave_scaled: g.m=4096 g.n=4096 g.k=14336 M_DIM=4096 N_DIM=4096 K_DIM=14336
  Avg time: 0.1628 ms, TFLOPS: 2954.49

Results saved to mxfp8_layout_results_4096x4096x14336_pq.json
=== MXFP8 GEMM Layout Benchmark (preshuffle-quant): M=4096, N=4096, K=14336 ===
Warmup=50, iters=100, correctness=off
Layouts=rcr

--- RCR Layout: C = A @ B^T ---
[R55B-DEBUG-3] dispatch_pq_v2 entry: L=0 g.m=0 g.n=0 g.k=0 a.cols=14336 c.rows=4096 c.cols=4096
[R55B-DEBUG-2] dispatch_pq_v2<RCR>: g.m=4096 g.n=4096 g.k=14336 M_DIM=4096 N_DIM=4096 K_DIM=14336 FAST_ENABLE=1
[R55B-DEBUG] rcr_can_use_exact_8wave_scaled: g.m=4096 g.n=4096 g.k=14336 M_DIM=4096 N_DIM=4096 K_DIM=14336
  Avg time: 0.1612 ms, TFLOPS: 2984.65

Results saved to mxfp8_layout_results_4096x4096x14336_pq.json
=== MXFP8 GEMM Layout Benchmark (preshuffle-quant): M=4096, N=4096, K=14336 ===
Warmup=50, iters=100, correctness=off
Layouts=rcr

--- RCR Layout: C = A @ B^T ---
[R55B-DEBUG-3] dispatch_pq_v2 entry: L=0 g.m=0 g.n=0 g.k=0 a.cols=14336 c.rows=4096 c.cols=4096
[R55B-DEBUG-2] dispatch_pq_v2<RCR>: g.m=4096 g.n=4096 g.k=14336 M_DIM=4096 N_DIM=4096 K_DIM=14336 FAST_ENABLE=1
[R55B-DEBUG] rcr_can_use_exact_8wave_scaled: g.m=4096 g.n=4096 g.k=14336 M_DIM=4096 N_DIM=4096 K_DIM=14336
  Avg time: 0.1650 ms, TFLOPS: 2915.33

Results saved to mxfp8_layout_results_4096x4096x14336_pq.json
