===== R44 Phase=3 label=p31_70bkv_b1 gpu=2 N_PAIRS=10 BENCH_KIND=two_so PREHEAT=60 MAX_RETRIES=3 =====
Sat Apr 18 21:01:33 UTC 2026
[bench attempt 1/3]
[gate gpu=2 att=1 rc=0 G1=0 G2A=1 preMhz=2063 benchMhz=2395]
[bench attempt 2/3]
[gate gpu=2 att=2 rc=0 G1=1 G2A=1 preMhz=2261 benchMhz=2393]
[orchestrate] PASS G1+G2a at att=2
[sclk-pre-preheat] GPU[2]		: sclk clock level: S: (110Mhz)
[preheat 60.0s] done 12284 iters
[sclk-post-preheat] GPU[2]		: sclk clock level: 1: (2261Mhz)
CORRECTNESS_A_default snr_db=49.60 pass_rate_pct=100.00 det_ok=True
CORRECTNESS_B_b1 snr_db=49.60 pass_rate_pct=100.00 det_ok=True
[sclk-pre-bench] GPU[2]		: sclk clock level: 1: (2375Mhz)
WARMUP 0 B_b1=974.66 A_default=793.64
WARMUP 1 B_b1=1012.25 A_default=783.63
PAIR 0 B_b1_1=1010.77 A_default_1=786.20 B_b1_2=1018.10 A_default_2=790.76
PAIR 1 B_b1_1=1022.88 A_default_1=788.49 B_b1_2=1022.31 A_default_2=790.42
PAIR 2 B_b1_1=1021.87 A_default_1=788.99 B_b1_2=1023.96 A_default_2=790.72
PAIR 3 B_b1_1=1026.36 A_default_1=794.04 B_b1_2=1021.23 A_default_2=793.14
PAIR 4 B_b1_1=1029.46 A_default_1=792.73 B_b1_2=1022.09 A_default_2=792.31
PAIR 5 B_b1_1=1020.97 A_default_1=790.58 B_b1_2=1026.99 A_default_2=792.41
PAIR 6 B_b1_1=1023.04 A_default_1=790.90 B_b1_2=1029.06 A_default_2=791.79
PAIR 7 B_b1_1=1014.40 A_default_1=790.79 B_b1_2=1025.68 A_default_2=790.71
PAIR 8 B_b1_1=1019.20 A_default_1=791.41 B_b1_2=1019.41 A_default_2=789.83
PAIR 9 B_b1_1=1017.52 A_default_1=792.89 B_b1_2=1024.82 A_default_2=791.98
[sclk-post-bench] GPU[2]		: sclk clock level: 1: (2393Mhz)
CRR_DEFAULT  median=790.84 mean=791.06 stdev=1.80 n=20
CRR_HBSHRINK median=1022.20 mean=1022.01 stdev=4.66 n=20
Welch t (DEFAULT vs HBSHRINK) = 206.951  (positive = HBSHRINK faster)
DELTA_MEDIAN_PCT HBSHRINK_vs_DEFAULT = +29.254%
CRR_DEFAULT_TFLOPS_LIST 786.2048,790.7571,788.4927,790.4227,788.9850,790.7210,794.0395,793.1375,792.7347,792.3110,790.5757,792.4131,790.8956,791.7926,790.7935,790.7134,791.4131,789.8336,792.8887,791.9823
CRR_HBSHRINK_TFLOPS_LIST 1010.7720,1018.1031,1022.8801,1022.3079,1021.8698,1023.9647,1026.3630,1021.2259,1029.4633,1022.0887,1020.9710,1026.9891,1023.0381,1029.0557,1014.4000,1025.6764,1019.2021,1019.4086,1017.5242,1024.8201
--- stderr (head) ---
W20260418 21:03:10.246195 140483176648704 agent.cpp:461] Attempt to enable hip visiblity for agent-2 which is not visible to HSA (ROCR)
[mxfp8_dispatch] crr_v2: shape=(M=4096,N=1024,K=8192) -> ADVISE-V2-RRR-70B-KV (R33C +10.24% min)
[mxfp8_dispatch] crr_v2: shape=(M=4096,N=1024,K=8192) -> CRR-V2-EXACT-8WAVE-DEFAULT
[mxfp8_dispatch] crr_v2: shape=(M=4096,N=1024,K=8192) -> ADVISE-V2-RRR-70B-KV (R33C +10.24% min)
[mxfp8_dispatch] crr_v2: shape=(M=4096,N=1024,K=8192) -> CRR-V2-HBSHRINK-B1-70B-KV (R37AB SHIP)
Sat Apr 18 21:04:36 UTC 2026
