===== R44 Phase=3 label=p32_8bkv_b1 gpu=3 N_PAIRS=10 BENCH_KIND=two_so PREHEAT=60 MAX_RETRIES=3 =====
Sat Apr 18 21:01:33 UTC 2026
[bench attempt 1/3]
[gate gpu=3 att=1 rc=0 G1=0 G2A=1 preMhz=2080 benchMhz=2403]
[bench attempt 2/3]
[gate gpu=3 att=2 rc=0 G1=1 G2A=1 preMhz=2253 benchMhz=2408]
[orchestrate] PASS G1+G2a at att=2
[sclk-pre-preheat] GPU[3]		: sclk clock level: S: (95Mhz)
[preheat 60.0s] done 12284 iters
[sclk-post-preheat] GPU[3]		: sclk clock level: 1: (2253Mhz)
CORRECTNESS_A_default snr_db=49.61 pass_rate_pct=100.00 det_ok=True
CORRECTNESS_B_b1 snr_db=49.61 pass_rate_pct=100.00 det_ok=True
[sclk-pre-bench] GPU[3]		: sclk clock level: 1: (2374Mhz)
WARMUP 0 B_b1=851.14 A_default=702.05
WARMUP 1 B_b1=882.82 A_default=703.70
PAIR 0 B_b1_1=887.64 A_default_1=703.88 B_b1_2=878.29 A_default_2=701.92
PAIR 1 B_b1_1=875.92 A_default_1=705.03 B_b1_2=883.11 A_default_2=706.09
PAIR 2 B_b1_1=886.30 A_default_1=701.84 B_b1_2=887.21 A_default_2=708.50
PAIR 3 B_b1_1=885.60 A_default_1=704.84 B_b1_2=883.36 A_default_2=699.51
PAIR 4 B_b1_1=883.47 A_default_1=709.87 B_b1_2=885.50 A_default_2=705.68
PAIR 5 B_b1_1=879.82 A_default_1=706.27 B_b1_2=882.75 A_default_2=707.64
PAIR 6 B_b1_1=876.60 A_default_1=708.66 B_b1_2=884.95 A_default_2=701.93
PAIR 7 B_b1_1=879.06 A_default_1=708.30 B_b1_2=883.00 A_default_2=708.78
PAIR 8 B_b1_1=877.37 A_default_1=705.51 B_b1_2=887.31 A_default_2=697.49
PAIR 9 B_b1_1=888.19 A_default_1=706.84 B_b1_2=884.29 A_default_2=704.69
[sclk-post-bench] GPU[3]		: sclk clock level: 1: (2408Mhz)
CRR_DEFAULT  median=705.60 mean=705.16 stdev=3.28 n=20
CRR_HBSHRINK median=883.42 mean=882.99 stdev=3.87 n=20
Welch t (DEFAULT vs HBSHRINK) = 156.645  (positive = HBSHRINK faster)
DELTA_MEDIAN_PCT HBSHRINK_vs_DEFAULT = +25.202%
CRR_DEFAULT_TFLOPS_LIST 703.8772,701.9214,705.0330,706.0874,701.8411,708.4982,704.8357,699.5101,709.8691,705.6822,706.2738,707.6352,708.6618,701.9337,708.2998,708.7797,705.5081,697.4869,706.8427,704.6856
CRR_HBSHRINK_TFLOPS_LIST 887.6366,878.2886,875.9242,883.1108,886.3004,887.2140,885.6045,883.3632,883.4732,885.4959,879.8179,882.7473,876.6027,884.9481,879.0616,883.0023,877.3736,887.3079,888.1873,884.2931
--- stderr (head) ---
W20260418 21:03:10.181826 139820308303872 agent.cpp:461] Attempt to enable hip visiblity for agent-2 which is not visible to HSA (ROCR)
[mxfp8_dispatch] crr_v2: shape=(M=4096,N=1024,K=4096) -> ADVISE-V2-RRR-8B-KV (R33C +8.13% min)
[mxfp8_dispatch] crr_v2: shape=(M=4096,N=1024,K=4096) -> CRR-V2-EXACT-8WAVE-DEFAULT
[mxfp8_dispatch] crr_v2: shape=(M=4096,N=1024,K=4096) -> ADVISE-V2-RRR-8B-KV (R33C +8.13% min)
[mxfp8_dispatch] crr_v2: shape=(M=4096,N=1024,K=4096) -> CRR-V2-HBSHRINK-B1-8B-KV (R38 wrap fix 66ef02d8)
Sat Apr 18 21:04:35 UTC 2026
