===== R44 Phase=3 label=p33_8bdown gpu=6 N_PAIRS=10 BENCH_KIND=one_so_layout PREHEAT=60 MAX_RETRIES=3 =====
Sat Apr 18 21:01:33 UTC 2026
[bench attempt 1/3]
[gate gpu=6 att=1 rc=0 G1=1 G2A=1 preMhz=2221 benchMhz=2262]
[orchestrate] PASS G1+G2a at att=1
[sclk-pre-preheat] GPU[6]		: sclk clock level: S: (109Mhz)
[preheat 60.0s] done 12284 iters
[sclk-post-preheat] GPU[6]		: sclk clock level: 1: (2221Mhz)
CORRECTNESS_CRR snr_db=49.61 pass_rate_pct=100.00 det_ok=True
CORRECTNESS_RRR snr_db=49.61 pass_rate_pct=100.00 det_ok=True
[sclk-pre-bench] GPU[6]		: sclk clock level: 1: (2351Mhz)
WARMUP 0 RRR=2731.13 CRR=2705.25 sclk=GPU[6]		: sclk clock level: 1: (2319Mhz)
WARMUP 1 RRR=2741.68 CRR=2684.41 sclk=GPU[6]		: sclk clock level: 1: (2305Mhz)
PAIR 0 RRR_1=2697.17 CRR_1=2672.72 RRR_2=2929.93 CRR_2=2694.88
PAIR 1 RRR_1=2943.30 CRR_1=2730.70 RRR_2=2957.24 CRR_2=2746.25
PAIR 2 RRR_1=2973.34 CRR_1=2762.42 RRR_2=2968.73 CRR_2=2723.55
PAIR 3 RRR_1=2925.33 CRR_1=2717.63 RRR_2=2948.95 CRR_2=2704.56
PAIR 4 RRR_1=2948.04 CRR_1=2741.53 RRR_2=2936.69 CRR_2=2704.55
PAIR 5 RRR_1=2981.89 CRR_1=2759.95 RRR_2=2995.32 CRR_2=2721.28
PAIR 6 RRR_1=2972.44 CRR_1=2728.58 RRR_2=2941.71 CRR_2=2668.54
PAIR 7 RRR_1=2948.90 CRR_1=2710.50 RRR_2=2980.79 CRR_2=2798.82
PAIR 8 RRR_1=3004.00 CRR_1=2722.61 RRR_2=2981.32 CRR_2=2712.38
PAIR 9 RRR_1=2965.60 CRR_1=2747.22 RRR_2=2988.02 CRR_2=2703.44
[sclk-post-bench] GPU[6]		: sclk clock level: 1: (2262Mhz)
CRR  median=2721.95 mean=2723.61 stdev=30.67 n=20
RRR  median=2961.42 mean=2949.44 stdev=63.36 n=20
Welch t (CRR vs RRR) = 14.347  (positive = RRR faster)
DELTA_MEDIAN_PCT RRR_vs_CRR = +8.798%
CRR_TFLOPS_LIST 2672.7181,2694.8787,2730.7015,2746.2538,2762.4153,2723.5509,2717.6310,2704.5639,2741.5327,2704.5512,2759.9548,2721.2832,2728.5816,2668.5422,2710.5009,2798.8165,2722.6140,2712.3832,2747.2190,2703.4443
RRR_TFLOPS_LIST 2697.1743,2929.9266,2943.3021,2957.2383,2973.3374,2968.7257,2925.3342,2948.9512,2948.0400,2936.6857,2981.8925,2995.3169,2972.4423,2941.7113,2948.8977,2980.7883,3004.0018,2981.3178,2965.5978,2988.0242
--- stderr (head) ---
W20260418 21:01:36.746048 139667184308224 agent.cpp:461] Attempt to enable hip visiblity for agent-2 which is not visible to HSA (ROCR)
[mxfp8_dispatch] crr_v2: shape=(M=4096,N=4096,K=14336) -> ADVISE-V2-RRR-8B-DOWN (R36B +9.51%)
[mxfp8_dispatch] crr_v2: shape=(M=4096,N=4096,K=14336) -> CRR-V2-EXACT-8WAVE-DEFAULT
[mxfp8_dispatch] rrr_v2: shape=(M=4096,N=4096,K=14336) -> RRR-V2-EXACT-8WAVE
Sat Apr 18 21:03:03 UTC 2026
