===== R44 Phase=3 label=p34_8bgateup gpu=7 N_PAIRS=10 BENCH_KIND=one_so_layout PREHEAT=60 MAX_RETRIES=3 =====
Sat Apr 18 21:01:33 UTC 2026
[bench attempt 1/3]
[gate gpu=7 att=1 rc=0 G1=0 G2A=1 preMhz=2085 benchMhz=2323]
[bench attempt 2/3]
[gate gpu=7 att=2 rc=0 G1=1 G2A=1 preMhz=2280 benchMhz=2311]
[orchestrate] PASS G1+G2a at att=2
[sclk-pre-preheat] GPU[7]		: sclk clock level: 1: (162Mhz)
[preheat 60.0s] done 12284 iters
[sclk-post-preheat] GPU[7]		: sclk clock level: 1: (2280Mhz)
CORRECTNESS_CRR snr_db=49.61 pass_rate_pct=100.00 det_ok=True
CORRECTNESS_RRR snr_db=49.61 pass_rate_pct=100.00 det_ok=True
[sclk-pre-bench] GPU[7]		: sclk clock level: 1: (2340Mhz)
WARMUP 0 RRR=2352.24 CRR=2371.37 sclk=GPU[7]		: sclk clock level: 1: (2358Mhz)
WARMUP 1 RRR=2349.77 CRR=2385.55 sclk=GPU[7]		: sclk clock level: 1: (2356Mhz)
PAIR 0 RRR_1=2356.99 CRR_1=2383.85 RRR_2=2524.95 CRR_2=2378.07
PAIR 1 RRR_1=2499.12 CRR_1=2402.24 RRR_2=2508.70 CRR_2=2404.09
PAIR 2 RRR_1=2509.08 CRR_1=2412.90 RRR_2=2530.97 CRR_2=2409.64
PAIR 3 RRR_1=2522.77 CRR_1=2397.28 RRR_2=2495.12 CRR_2=2404.94
PAIR 4 RRR_1=2524.05 CRR_1=2381.68 RRR_2=2539.48 CRR_2=2357.77
PAIR 5 RRR_1=2485.91 CRR_1=2382.39 RRR_2=2533.76 CRR_2=2399.10
PAIR 6 RRR_1=2535.46 CRR_1=2388.56 RRR_2=2533.22 CRR_2=2367.67
PAIR 7 RRR_1=2502.88 CRR_1=2416.89 RRR_2=2518.39 CRR_2=2392.38
PAIR 8 RRR_1=2528.99 CRR_1=2363.40 RRR_2=2516.82 CRR_2=2401.82
PAIR 9 RRR_1=2531.89 CRR_1=2411.06 RRR_2=2535.30 CRR_2=2363.59
[sclk-post-bench] GPU[7]		: sclk clock level: 1: (2311Mhz)
CRR  median=2394.83 mean=2390.97 stdev=18.01 n=20
RRR  median=2523.41 mean=2511.69 stdev=39.45 n=20
Welch t (CRR vs RRR) = 12.450  (positive = RRR faster)
DELTA_MEDIAN_PCT RRR_vs_CRR = +5.369%
CRR_TFLOPS_LIST 2383.8529,2378.0724,2402.2430,2404.0873,2412.9049,2409.6366,2397.2824,2404.9431,2381.6812,2357.7728,2382.3884,2399.0995,2388.5590,2367.6693,2416.8908,2392.3796,2363.3982,2401.8213,2411.0562,2363.5933
RRR_TFLOPS_LIST 2356.9865,2524.9483,2499.1206,2508.7041,2509.0807,2530.9749,2522.7663,2495.1187,2524.0479,2539.4830,2485.9055,2533.7585,2535.4568,2533.2248,2502.8775,2518.3920,2528.9942,2516.8205,2531.8912,2535.2964
--- stderr (head) ---
W20260418 21:03:11.733759 140300761620480 agent.cpp:461] Attempt to enable hip visiblity for agent-2 which is not visible to HSA (ROCR)
[mxfp8_dispatch] crr_v2: shape=(M=4096,N=14336,K=4096) -> ADVISE-V2-RRR-8B-GATEUP (R34B +5.025% min)
[mxfp8_dispatch] crr_v2: shape=(M=4096,N=14336,K=4096) -> CRR-V2-EXACT-8WAVE-DEFAULT
[mxfp8_dispatch] rrr_v2: shape=(M=4096,N=14336,K=4096) -> RRR-V2-EXACT-8WAVE
Sat Apr 18 21:04:38 UTC 2026
