W20260420 02:03:15.002541 139784432770560 simple_timer.cpp:55] [rocprofv3] tool initialization ::     0.150663 sec
W20260420 02:03:15.002748 139784432770560 simple_timer.cpp:55] [rocprofv3] 'python3 test_python.py 4096 8192 8192' ::     0.000000 sec
=== FP8 GEMM Layout Benchmark (native layouts, no preshuffle): M=4096, N=8192, K=8192 ===
Warmup=100, iters=200, correctness=off
Layouts=crr

--- CRR Layout: C = A^T @ B ---
W20260420 02:03:15.984606 139784432770560 tool.cpp:2420] HSA version 8.19.0 initialized (instance=0)
  Avg time: 0.2809 ms, TFLOPS: 1956.98

============================================================
Layout     Time (ms)    TFLOPS     % of RCR  
------------------------------------------------------------
CRR        0.2809       1956.98    0.00%
============================================================

95% target: NOT MET
  CRR: 0.00% of RCR

Results saved to fp8_layout_results_4096x8192x8192.json
W20260420 02:03:16.519192 139784432770560 simple_timer.cpp:55] [rocprofv3] 'python3 test_python.py 4096 8192 8192' ::     1.516444 sec
E20260420 02:03:16.614111 139784432770560 output_stream.cpp:111] Opened result file: /shared_nfs/kyle/test/Hipkittens2/analysis/fp8_gemm/mi350x/r56b_pmc_results/70B_QO_fp8_crr_set1/pmc_1/pt-test-2-l7n7x-master-0/3043540_counter_collection.csv
E20260420 02:03:16.686237 139784432770560 output_stream.cpp:111] Opened result file: /shared_nfs/kyle/test/Hipkittens2/analysis/fp8_gemm/mi350x/r56b_pmc_results/70B_QO_fp8_crr_set1/pmc_1/pt-test-2-l7n7x-master-0/3043540_agent_info.csv
W20260420 02:03:16.690950 139784432770560 simple_timer.cpp:55] [rocprofv3] output generation ::     0.170431 sec
W20260420 02:03:16.691406 139784432770560 simple_timer.cpp:55] [rocprofv3] tool finalization ::     0.170894 sec
W20260420 02:03:17.390232 139762422488576 simple_timer.cpp:55] [rocprofv3] tool initialization ::     0.143248 sec
W20260420 02:03:17.390511 139762422488576 simple_timer.cpp:55] [rocprofv3] 'python3 test_python.py 4096 8192 8192' ::     0.000000 sec
=== FP8 GEMM Layout Benchmark (native layouts, no preshuffle): M=4096, N=8192, K=8192 ===
Warmup=100, iters=200, correctness=off
Layouts=crr

--- CRR Layout: C = A^T @ B ---
W20260420 02:03:18.327118 139762422488576 tool.cpp:2420] HSA version 8.19.0 initialized (instance=0)
  Avg time: 0.3206 ms, TFLOPS: 1714.71

============================================================
Layout     Time (ms)    TFLOPS     % of RCR  
------------------------------------------------------------
CRR        0.3206       1714.71    0.00%
============================================================

95% target: NOT MET
  CRR: 0.00% of RCR

Results saved to fp8_layout_results_4096x8192x8192.json
W20260420 02:03:18.924556 139762422488576 simple_timer.cpp:55] [rocprofv3] 'python3 test_python.py 4096 8192 8192' ::     1.534046 sec
E20260420 02:03:19.005084 139762422488576 output_stream.cpp:111] Opened result file: /shared_nfs/kyle/test/Hipkittens2/analysis/fp8_gemm/mi350x/r56b_pmc_results/70B_QO_fp8_crr_set1/pmc_2/pt-test-2-l7n7x-master-0/3043713_counter_collection.csv
E20260420 02:03:19.075619 139762422488576 output_stream.cpp:111] Opened result file: /shared_nfs/kyle/test/Hipkittens2/analysis/fp8_gemm/mi350x/r56b_pmc_results/70B_QO_fp8_crr_set1/pmc_2/pt-test-2-l7n7x-master-0/3043713_agent_info.csv
W20260420 02:03:19.079834 139762422488576 simple_timer.cpp:55] [rocprofv3] output generation ::     0.153868 sec
W20260420 02:03:19.080572 139762422488576 simple_timer.cpp:55] [rocprofv3] tool finalization ::     0.154613 sec
W20260420 02:03:19.683484 140340521577984 simple_timer.cpp:55] [rocprofv3] tool initialization ::     0.141044 sec
W20260420 02:03:19.683723 140340521577984 simple_timer.cpp:55] [rocprofv3] 'python3 test_python.py 4096 8192 8192' ::     0.000000 sec
=== FP8 GEMM Layout Benchmark (native layouts, no preshuffle): M=4096, N=8192, K=8192 ===
Warmup=100, iters=200, correctness=off
Layouts=crr

--- CRR Layout: C = A^T @ B ---
W20260420 02:03:20.630056 140340521577984 tool.cpp:2420] HSA version 8.19.0 initialized (instance=0)
  Avg time: 0.4136 ms, TFLOPS: 1329.16

============================================================
Layout     Time (ms)    TFLOPS     % of RCR  
------------------------------------------------------------
CRR        0.4136       1329.16    0.00%
============================================================

95% target: NOT MET
  CRR: 0.00% of RCR

Results saved to fp8_layout_results_4096x8192x8192.json
W20260420 02:03:21.232169 140340521577984 simple_timer.cpp:55] [rocprofv3] 'python3 test_python.py 4096 8192 8192' ::     1.548446 sec
E20260420 02:03:21.327874 140340521577984 output_stream.cpp:111] Opened result file: /shared_nfs/kyle/test/Hipkittens2/analysis/fp8_gemm/mi350x/r56b_pmc_results/70B_QO_fp8_crr_set1/pmc_3/pt-test-2-l7n7x-master-0/3043868_counter_collection.csv
E20260420 02:03:21.392137 140340521577984 output_stream.cpp:111] Opened result file: /shared_nfs/kyle/test/Hipkittens2/analysis/fp8_gemm/mi350x/r56b_pmc_results/70B_QO_fp8_crr_set1/pmc_3/pt-test-2-l7n7x-master-0/3043868_agent_info.csv
W20260420 02:03:21.396061 140340521577984 simple_timer.cpp:55] [rocprofv3] output generation ::     0.162497 sec
W20260420 02:03:21.396506 140340521577984 simple_timer.cpp:55] [rocprofv3] tool finalization ::     0.162949 sec
W20260420 02:03:22.080776 139664405208576 simple_timer.cpp:55] [rocprofv3] tool initialization ::     0.143824 sec
W20260420 02:03:22.081005 139664405208576 simple_timer.cpp:55] [rocprofv3] 'python3 test_python.py 4096 8192 8192' ::     0.000000 sec
=== FP8 GEMM Layout Benchmark (native layouts, no preshuffle): M=4096, N=8192, K=8192 ===
Warmup=100, iters=200, correctness=off
Layouts=crr

--- CRR Layout: C = A^T @ B ---
W20260420 02:03:23.044365 139664405208576 tool.cpp:2420] HSA version 8.19.0 initialized (instance=0)
  Avg time: 0.3630 ms, TFLOPS: 1514.68

============================================================
Layout     Time (ms)    TFLOPS     % of RCR  
------------------------------------------------------------
CRR        0.3630       1514.68    0.00%
============================================================

95% target: NOT MET
  CRR: 0.00% of RCR

Results saved to fp8_layout_results_4096x8192x8192.json
W20260420 02:03:23.639373 139664405208576 simple_timer.cpp:55] [rocprofv3] 'python3 test_python.py 4096 8192 8192' ::     1.558368 sec
E20260420 02:03:23.727307 139664405208576 output_stream.cpp:111] Opened result file: /shared_nfs/kyle/test/Hipkittens2/analysis/fp8_gemm/mi350x/r56b_pmc_results/70B_QO_fp8_crr_set1/pmc_4/pt-test-2-l7n7x-master-0/3044005_counter_collection.csv
E20260420 02:03:23.796533 139664405208576 output_stream.cpp:111] Opened result file: /shared_nfs/kyle/test/Hipkittens2/analysis/fp8_gemm/mi350x/r56b_pmc_results/70B_QO_fp8_crr_set1/pmc_4/pt-test-2-l7n7x-master-0/3044005_agent_info.csv
W20260420 02:03:23.801357 139664405208576 simple_timer.cpp:55] [rocprofv3] output generation ::     0.160555 sec
W20260420 02:03:23.801866 139664405208576 simple_timer.cpp:55] [rocprofv3] tool finalization ::     0.161072 sec
W20260420 02:03:24.502366 140621313039872 simple_timer.cpp:55] [rocprofv3] tool initialization ::     0.142639 sec
W20260420 02:03:24.502587 140621313039872 simple_timer.cpp:55] [rocprofv3] 'python3 test_python.py 4096 8192 8192' ::     0.000000 sec
=== FP8 GEMM Layout Benchmark (native layouts, no preshuffle): M=4096, N=8192, K=8192 ===
Warmup=100, iters=200, correctness=off
Layouts=crr

--- CRR Layout: C = A^T @ B ---
W20260420 02:03:25.438798 140621313039872 tool.cpp:2420] HSA version 8.19.0 initialized (instance=0)
W20260420 02:03:25.681905 140621313039872 tool.cpp:1189] Unable to find all counters for agent 2 (gpu-0, gfx950) in [ALUStalledByLDS, FetchSize, L2CacheHit, LDSBankConflict, MemUnitBusy, MemUnitStalled, MfmaUtil, VALUBusy]. Found: [FetchSize, LDSBankConflict, MemUnitStalled, MfmaUtil, VALUBusy]. Missing: [ALUStalledByLDS, L2CacheHit, MemUnitBusy]
W20260420 02:03:25.682055 140621313039872 tool.cpp:1189] Unable to find all counters for agent 3 (gpu-1, gfx950) in [ALUStalledByLDS, FetchSize, L2CacheHit, LDSBankConflict, MemUnitBusy, MemUnitStalled, MfmaUtil, VALUBusy]. Found: [FetchSize, LDSBankConflict, MemUnitStalled, MfmaUtil, VALUBusy]. Missing: [ALUStalledByLDS, L2CacheHit, MemUnitBusy]
W20260420 02:03:25.683341 140621313039872 tool.cpp:1189] Unable to find all counters for agent 4 (gpu-2, gfx950) in [ALUStalledByLDS, FetchSize, L2CacheHit, LDSBankConflict, MemUnitBusy, MemUnitStalled, MfmaUtil, VALUBusy]. Found: [FetchSize, LDSBankConflict, MemUnitStalled, MfmaUtil, VALUBusy]. Missing: [ALUStalledByLDS, L2CacheHit, MemUnitBusy]
W20260420 02:03:25.683379 140621313039872 tool.cpp:1189] Unable to find all counters for agent 5 (gpu-3, gfx950) in [ALUStalledByLDS, FetchSize, L2CacheHit, LDSBankConflict, MemUnitBusy, MemUnitStalled, MfmaUtil, VALUBusy]. Found: [FetchSize, LDSBankConflict, MemUnitStalled, MfmaUtil, VALUBusy]. Missing: [ALUStalledByLDS, L2CacheHit, MemUnitBusy]
W20260420 02:03:25.684373 140621313039872 tool.cpp:1189] Unable to find all counters for agent 6 (gpu-4, gfx950) in [ALUStalledByLDS, FetchSize, L2CacheHit, LDSBankConflict, MemUnitBusy, MemUnitStalled, MfmaUtil, VALUBusy]. Found: [FetchSize, LDSBankConflict, MemUnitStalled, MfmaUtil, VALUBusy]. Missing: [ALUStalledByLDS, L2CacheHit, MemUnitBusy]
W20260420 02:03:25.685733 140621313039872 tool.cpp:1189] Unable to find all counters for agent 7 (gpu-5, gfx950) in [ALUStalledByLDS, FetchSize, L2CacheHit, LDSBankConflict, MemUnitBusy, MemUnitStalled, MfmaUtil, VALUBusy]. Found: [FetchSize, LDSBankConflict, MemUnitStalled, MfmaUtil, VALUBusy]. Missing: [ALUStalledByLDS, L2CacheHit, MemUnitBusy]
W20260420 02:03:25.686757 140621313039872 tool.cpp:1189] Unable to find all counters for agent 8 (gpu-6, gfx950) in [ALUStalledByLDS, FetchSize, L2CacheHit, LDSBankConflict, MemUnitBusy, MemUnitStalled, MfmaUtil, VALUBusy]. Found: [FetchSize, LDSBankConflict, MemUnitStalled, MfmaUtil, VALUBusy]. Missing: [ALUStalledByLDS, L2CacheHit, MemUnitBusy]
W20260420 02:03:25.688081 140621313039872 tool.cpp:1189] Unable to find all counters for agent 9 (gpu-7, gfx950) in [ALUStalledByLDS, FetchSize, L2CacheHit, LDSBankConflict, MemUnitBusy, MemUnitStalled, MfmaUtil, VALUBusy]. Found: [FetchSize, LDSBankConflict, MemUnitStalled, MfmaUtil, VALUBusy]. Missing: [ALUStalledByLDS, L2CacheHit, MemUnitBusy]
  Avg time: 0.3711 ms, TFLOPS: 1481.61

============================================================
Layout     Time (ms)    TFLOPS     % of RCR  
------------------------------------------------------------
CRR        0.3711       1481.61    0.00%
============================================================

95% target: NOT MET
  CRR: 0.00% of RCR

Results saved to fp8_layout_results_4096x8192x8192.json
W20260420 02:03:26.038469 140621313039872 simple_timer.cpp:55] [rocprofv3] 'python3 test_python.py 4096 8192 8192' ::     1.535883 sec
E20260420 02:03:26.123097 140621313039872 output_stream.cpp:111] Opened result file: /shared_nfs/kyle/test/Hipkittens2/analysis/fp8_gemm/mi350x/r56b_pmc_results/70B_QO_fp8_crr_set1/pmc_5/pt-test-2-l7n7x-master-0/3044099_counter_collection.csv
E20260420 02:03:26.188353 140621313039872 output_stream.cpp:111] Opened result file: /shared_nfs/kyle/test/Hipkittens2/analysis/fp8_gemm/mi350x/r56b_pmc_results/70B_QO_fp8_crr_set1/pmc_5/pt-test-2-l7n7x-master-0/3044099_agent_info.csv
W20260420 02:03:26.194169 140621313039872 simple_timer.cpp:55] [rocprofv3] output generation ::     0.154374 sec
W20260420 02:03:26.194635 140621313039872 simple_timer.cpp:55] [rocprofv3] tool finalization ::     0.154848 sec
