===== R38 Dev D orchestrate cell=70b_kv_crr_contended gpu=4 layout=crr M=4096 N=1024 K=8192 =====
[r38_orchestrate] G1+G2a+G2b primary; G1' fallback (bench_mhz>=2200 AND median>500)
[r38_orchestrate] N_PAIRS=2 BASE_SO=/tmp/r37a_baseline_70bkv.so PROD_SO=/tmp/r37a_prod_70bkv.so
Sat Apr 18 15:17:13 UTC 2026
[pre-orchestrate sclk check]
GPU[4]		: sclk clock level: 1: (1743Mhz)
[prod rep=0 att=1 md5=ac1b12be rc=0 med=671.93 cv=0.194003 G1=0 G2A=0 G2B=0 G1P=0 preMhz=1732 benchMhz=1737]
[prod rep=0 att=2 md5=ac1b12be rc=0 med=682.53 cv=0.258639 G1=0 G2A=0 G2B=0 G1P=0 preMhz=1737 benchMhz=1724]
[prod rep=0 att=3 md5=ac1b12be rc=0 med=689.91 cv=0.198493 G1=0 G2A=0 G2B=0 G1P=0 preMhz=1731 benchMhz=1729]
  -> EXHAUSTED (gate_path=EXHAUSTED) — no acceptable run after 3 attempts
[base rep=1 att=1 md5=b912c51d rc=0 med=540.66 cv=0.298244 G1=0 G2A=0 G2B=0 G1P=0 preMhz=1735 benchMhz=1730]
[base rep=1 att=2 md5=b912c51d rc=0 med=12.55 cv=0.577965 G1=0 G2A=0 G2B=0 G1P=0 preMhz=1705 benchMhz=1707]
[base rep=1 att=3 md5=b912c51d rc=0 med=532.19 cv=0.166435 G1=0 G2A=0 G2B=0 G1P=0 preMhz=1725 benchMhz=1731]
  -> EXHAUSTED (gate_path=EXHAUSTED) — no acceptable run after 3 attempts
[prod rep=2 att=1 md5=ac1b12be rc=0 med=669.07 cv=0.193973 G1=0 G2A=0 G2B=0 G1P=0 preMhz=1732 benchMhz=1723]
[prod rep=2 att=2 md5=ac1b12be rc=0 med=984.19 cv=0.011652 G1=1 G2A=1 G2B=0 G1P=1 preMhz=2250 benchMhz=2384]
[prod rep=2 att=3 md5=ac1b12be rc=0 med=987.80 cv=0.011402 G1=0 G2A=1 G2B=0 G1P=1 preMhz=2142 benchMhz=2385]
  -> EXHAUSTED (gate_path=EXHAUSTED) — no acceptable run after 3 attempts
[base rep=3 att=1 md5=b912c51d rc=0 med=793.50 cv=0.004124 G1=1 G2A=1 G2B=1 G1P=1 preMhz=2356 benchMhz=2385]
  -> ACCEPT (gate_path=G1+G2a+G2b, attempt=1)
[done gpu=4] G1+G2a+G2b=1  G1'_fallback=0  EXHAUSTED=3
Sat Apr 18 15:28:39 UTC 2026
