W20260420 02:08:30.736944 140042896997888 simple_timer.cpp:55] [rocprofv3] tool initialization ::     0.142607 sec
W20260420 02:08:30.737155 140042896997888 simple_timer.cpp:55] [rocprofv3] 'python3 test_mxfp8_python.py 4096 8192 28672' ::     0.000000 sec
=== MXFP8 GEMM Layout Benchmark (preshuffle-quant): M=4096, N=8192, K=28672 ===
Warmup=100, iters=200, correctness=off
Layouts=crr

--- CRR Layout: C = A^T @ B ---
W20260420 02:08:31.674949 140042896997888 tool.cpp:2420] HSA version 8.19.0 initialized (instance=0)
[R55B-DEBUG-3] dispatch_pq_v2 entry: L=2 g.m=0 g.n=0 g.k=0 a.cols=4096 c.rows=4096 c.cols=8192
  Avg time: 0.8280 ms, TFLOPS: 2323.82

Results saved to mxfp8_layout_results_4096x8192x28672_pq.json
W20260420 02:08:32.874629 140042896997888 simple_timer.cpp:55] [rocprofv3] 'python3 test_mxfp8_python.py 4096 8192 28672' ::     2.137475 sec
E20260420 02:08:32.961894 140042896997888 output_stream.cpp:111] Opened result file: /shared_nfs/kyle/test/Hipkittens2/analysis/fp8_gemm/mi350x/r56b_pmc_results/70B_Down_mxfp8_crr_set3/pmc_1/pt-test-2-l7n7x-master-0/3059188_counter_collection.csv
E20260420 02:08:33.018315 140042896997888 output_stream.cpp:111] Opened result file: /shared_nfs/kyle/test/Hipkittens2/analysis/fp8_gemm/mi350x/r56b_pmc_results/70B_Down_mxfp8_crr_set3/pmc_1/pt-test-2-l7n7x-master-0/3059188_agent_info.csv
W20260420 02:08:33.021672 140042896997888 simple_timer.cpp:55] [rocprofv3] output generation ::     0.133479 sec
W20260420 02:08:33.023165 140042896997888 simple_timer.cpp:55] [rocprofv3] tool finalization ::     0.134980 sec
W20260420 02:08:33.736863 140259730345472 simple_timer.cpp:55] [rocprofv3] tool initialization ::     0.144174 sec
W20260420 02:08:33.737081 140259730345472 simple_timer.cpp:55] [rocprofv3] 'python3 test_mxfp8_python.py 4096 8192 28672' ::     0.000000 sec
=== MXFP8 GEMM Layout Benchmark (preshuffle-quant): M=4096, N=8192, K=28672 ===
Warmup=100, iters=200, correctness=off
Layouts=crr

--- CRR Layout: C = A^T @ B ---
W20260420 02:08:34.666063 140259730345472 tool.cpp:2420] HSA version 8.19.0 initialized (instance=0)
[R55B-DEBUG-3] dispatch_pq_v2 entry: L=2 g.m=0 g.n=0 g.k=0 a.cols=4096 c.rows=4096 c.cols=8192
  Avg time: 0.8283 ms, TFLOPS: 2323.10

Results saved to mxfp8_layout_results_4096x8192x28672_pq.json
W20260420 02:08:35.723567 140259730345472 simple_timer.cpp:55] [rocprofv3] 'python3 test_mxfp8_python.py 4096 8192 28672' ::     1.986486 sec
E20260420 02:08:35.821286 140259730345472 output_stream.cpp:111] Opened result file: /shared_nfs/kyle/test/Hipkittens2/analysis/fp8_gemm/mi350x/r56b_pmc_results/70B_Down_mxfp8_crr_set3/pmc_2/pt-test-2-l7n7x-master-0/3059268_counter_collection.csv
E20260420 02:08:35.882413 140259730345472 output_stream.cpp:111] Opened result file: /shared_nfs/kyle/test/Hipkittens2/analysis/fp8_gemm/mi350x/r56b_pmc_results/70B_Down_mxfp8_crr_set3/pmc_2/pt-test-2-l7n7x-master-0/3059268_agent_info.csv
W20260420 02:08:35.885735 140259730345472 simple_timer.cpp:55] [rocprofv3] output generation ::     0.148488 sec
W20260420 02:08:35.887335 140259730345472 simple_timer.cpp:55] [rocprofv3] tool finalization ::     0.150096 sec
W20260420 02:08:36.625806 139646138224128 simple_timer.cpp:55] [rocprofv3] tool initialization ::     0.146764 sec
W20260420 02:08:36.626036 139646138224128 simple_timer.cpp:55] [rocprofv3] 'python3 test_mxfp8_python.py 4096 8192 28672' ::     0.000000 sec
=== MXFP8 GEMM Layout Benchmark (preshuffle-quant): M=4096, N=8192, K=28672 ===
Warmup=100, iters=200, correctness=off
Layouts=crr

--- CRR Layout: C = A^T @ B ---
W20260420 02:08:37.557342 139646138224128 tool.cpp:2420] HSA version 8.19.0 initialized (instance=0)
[R55B-DEBUG-3] dispatch_pq_v2 entry: L=2 g.m=0 g.n=0 g.k=0 a.cols=4096 c.rows=4096 c.cols=8192
  Avg time: 0.8068 ms, TFLOPS: 2384.86

Results saved to mxfp8_layout_results_4096x8192x28672_pq.json
W20260420 02:08:38.690353 139646138224128 simple_timer.cpp:55] [rocprofv3] 'python3 test_mxfp8_python.py 4096 8192 28672' ::     2.064317 sec
E20260420 02:08:38.779108 139646138224128 output_stream.cpp:111] Opened result file: /shared_nfs/kyle/test/Hipkittens2/analysis/fp8_gemm/mi350x/r56b_pmc_results/70B_Down_mxfp8_crr_set3/pmc_3/pt-test-2-l7n7x-master-0/3059399_counter_collection.csv
E20260420 02:08:38.825634 139646138224128 output_stream.cpp:111] Opened result file: /shared_nfs/kyle/test/Hipkittens2/analysis/fp8_gemm/mi350x/r56b_pmc_results/70B_Down_mxfp8_crr_set3/pmc_3/pt-test-2-l7n7x-master-0/3059399_agent_info.csv
W20260420 02:08:38.828962 139646138224128 simple_timer.cpp:55] [rocprofv3] output generation ::     0.125002 sec
W20260420 02:08:38.830450 139646138224128 simple_timer.cpp:55] [rocprofv3] tool finalization ::     0.126497 sec
W20260420 02:08:39.582929 140504504892928 simple_timer.cpp:55] [rocprofv3] tool initialization ::     0.142671 sec
W20260420 02:08:39.583189 140504504892928 simple_timer.cpp:55] [rocprofv3] 'python3 test_mxfp8_python.py 4096 8192 28672' ::     0.000000 sec
=== MXFP8 GEMM Layout Benchmark (preshuffle-quant): M=4096, N=8192, K=28672 ===
Warmup=100, iters=200, correctness=off
Layouts=crr

--- CRR Layout: C = A^T @ B ---
W20260420 02:08:40.549758 140504504892928 tool.cpp:2420] HSA version 8.19.0 initialized (instance=0)
[R55B-DEBUG-3] dispatch_pq_v2 entry: L=2 g.m=0 g.n=0 g.k=0 a.cols=4096 c.rows=4096 c.cols=8192
  Avg time: 0.8295 ms, TFLOPS: 2319.60

Results saved to mxfp8_layout_results_4096x8192x28672_pq.json
W20260420 02:08:41.626374 140504504892928 simple_timer.cpp:55] [rocprofv3] 'python3 test_mxfp8_python.py 4096 8192 28672' ::     2.043185 sec
E20260420 02:08:41.701940 140504504892928 output_stream.cpp:111] Opened result file: /shared_nfs/kyle/test/Hipkittens2/analysis/fp8_gemm/mi350x/r56b_pmc_results/70B_Down_mxfp8_crr_set3/pmc_4/pt-test-2-l7n7x-master-0/3059480_counter_collection.csv
E20260420 02:08:41.753496 140504504892928 output_stream.cpp:111] Opened result file: /shared_nfs/kyle/test/Hipkittens2/analysis/fp8_gemm/mi350x/r56b_pmc_results/70B_Down_mxfp8_crr_set3/pmc_4/pt-test-2-l7n7x-master-0/3059480_agent_info.csv
W20260420 02:08:41.756819 140504504892928 simple_timer.cpp:55] [rocprofv3] output generation ::     0.117001 sec
W20260420 02:08:41.758357 140504504892928 simple_timer.cpp:55] [rocprofv3] tool finalization ::     0.118547 sec
W20260420 02:08:42.622203 140712502586880 simple_timer.cpp:55] [rocprofv3] tool initialization ::     0.142018 sec
W20260420 02:08:42.622446 140712502586880 simple_timer.cpp:55] [rocprofv3] 'python3 test_mxfp8_python.py 4096 8192 28672' ::     0.000000 sec
=== MXFP8 GEMM Layout Benchmark (preshuffle-quant): M=4096, N=8192, K=28672 ===
Warmup=100, iters=200, correctness=off
Layouts=crr

--- CRR Layout: C = A^T @ B ---
W20260420 02:08:43.534268 140712502586880 tool.cpp:2420] HSA version 8.19.0 initialized (instance=0)
[R55B-DEBUG-3] dispatch_pq_v2 entry: L=2 g.m=0 g.n=0 g.k=0 a.cols=4096 c.rows=4096 c.cols=8192
  Avg time: 0.7924 ms, TFLOPS: 2428.32

Results saved to mxfp8_layout_results_4096x8192x28672_pq.json
W20260420 02:08:44.507054 140712502586880 simple_timer.cpp:55] [rocprofv3] 'python3 test_mxfp8_python.py 4096 8192 28672' ::     1.884609 sec
E20260420 02:08:44.602029 140712502586880 output_stream.cpp:111] Opened result file: /shared_nfs/kyle/test/Hipkittens2/analysis/fp8_gemm/mi350x/r56b_pmc_results/70B_Down_mxfp8_crr_set3/pmc_5/pt-test-2-l7n7x-master-0/3059833_counter_collection.csv
E20260420 02:08:44.658489 140712502586880 output_stream.cpp:111] Opened result file: /shared_nfs/kyle/test/Hipkittens2/analysis/fp8_gemm/mi350x/r56b_pmc_results/70B_Down_mxfp8_crr_set3/pmc_5/pt-test-2-l7n7x-master-0/3059833_agent_info.csv
W20260420 02:08:44.661802 140712502586880 simple_timer.cpp:55] [rocprofv3] output generation ::     0.141223 sec
W20260420 02:08:44.663366 140712502586880 simple_timer.cpp:55] [rocprofv3] tool finalization ::     0.142795 sec
