./crr_mxfp8_exact_8wave_fastpath.inc:457:1: remark: Function Name: _Z29crr_exact_8wave_scaled_kernelILb0ELi1EEv14layout_globals [-Rpass-analysis=kernel-resource-usage]
  457 | {
      | ^
./crr_mxfp8_exact_8wave_fastpath.inc:457:1: remark:     TotalSGPRs: 50 [-Rpass-analysis=kernel-resource-usage]
./crr_mxfp8_exact_8wave_fastpath.inc:457:1: remark:     VGPRs: 256 [-Rpass-analysis=kernel-resource-usage]
./crr_mxfp8_exact_8wave_fastpath.inc:457:1: remark:     AGPRs: 0 [-Rpass-analysis=kernel-resource-usage]
./crr_mxfp8_exact_8wave_fastpath.inc:457:1: remark:     ScratchSize [bytes/lane]: 56 [-Rpass-analysis=kernel-resource-usage]
./crr_mxfp8_exact_8wave_fastpath.inc:457:1: remark:     Dynamic Stack: False [-Rpass-analysis=kernel-resource-usage]
./crr_mxfp8_exact_8wave_fastpath.inc:457:1: remark:     Occupancy [waves/SIMD]: 2 [-Rpass-analysis=kernel-resource-usage]
./crr_mxfp8_exact_8wave_fastpath.inc:457:1: remark:     SGPRs Spill: 0 [-Rpass-analysis=kernel-resource-usage]
./crr_mxfp8_exact_8wave_fastpath.inc:457:1: remark:     VGPRs Spill: 13 [-Rpass-analysis=kernel-resource-usage]
./crr_mxfp8_exact_8wave_fastpath.inc:457:1: remark:     LDS Size [bytes/block]: 139264 [-Rpass-analysis=kernel-resource-usage]
kernel_mxfp8_layouts.cpp:2415:1: remark: Function Name: _Z29rcr_exact_8wave_scaled_kernelILb1ELi1EEv14layout_globals [-Rpass-analysis=kernel-resource-usage]
 2415 | void rcr_exact_8wave_scaled_kernel(const layout_globals g) {
      | ^
kernel_mxfp8_layouts.cpp:2415:1: remark:     TotalSGPRs: 72 [-Rpass-analysis=kernel-resource-usage]
kernel_mxfp8_layouts.cpp:2415:1: remark:     VGPRs: 256 [-Rpass-analysis=kernel-resource-usage]
kernel_mxfp8_layouts.cpp:2415:1: remark:     AGPRs: 0 [-Rpass-analysis=kernel-resource-usage]
kernel_mxfp8_layouts.cpp:2415:1: remark:     ScratchSize [bytes/lane]: 0 [-Rpass-analysis=kernel-resource-usage]
kernel_mxfp8_layouts.cpp:2415:1: remark:     Dynamic Stack: False [-Rpass-analysis=kernel-resource-usage]
kernel_mxfp8_layouts.cpp:2415:1: remark:     Occupancy [waves/SIMD]: 2 [-Rpass-analysis=kernel-resource-usage]
kernel_mxfp8_layouts.cpp:2415:1: remark:     SGPRs Spill: 0 [-Rpass-analysis=kernel-resource-usage]
kernel_mxfp8_layouts.cpp:2415:1: remark:     VGPRs Spill: 0 [-Rpass-analysis=kernel-resource-usage]
kernel_mxfp8_layouts.cpp:2415:1: remark:     LDS Size [bytes/block]: 131072 [-Rpass-analysis=kernel-resource-usage]
In file included from kernel_mxfp8_layouts.cpp:3848:
./rrr_mxfp8_exact_8wave_fastpath.inc:263:1: remark: Function Name: _Z29rrr_exact_8wave_scaled_kernelILb1ELi1EEv14layout_globals [-Rpass-analysis=kernel-resource-usage]
  263 | void rrr_exact_8wave_scaled_kernel(const layout_globals g) {
      | ^
./rrr_mxfp8_exact_8wave_fastpath.inc:263:1: remark:     TotalSGPRs: 41 [-Rpass-analysis=kernel-resource-usage]
./rrr_mxfp8_exact_8wave_fastpath.inc:263:1: remark:     VGPRs: 256 [-Rpass-analysis=kernel-resource-usage]
./rrr_mxfp8_exact_8wave_fastpath.inc:263:1: remark:     AGPRs: 0 [-Rpass-analysis=kernel-resource-usage]
./rrr_mxfp8_exact_8wave_fastpath.inc:263:1: remark:     ScratchSize [bytes/lane]: 68 [-Rpass-analysis=kernel-resource-usage]
./rrr_mxfp8_exact_8wave_fastpath.inc:263:1: remark:     Dynamic Stack: False [-Rpass-analysis=kernel-resource-usage]
./rrr_mxfp8_exact_8wave_fastpath.inc:263:1: remark:     Occupancy [waves/SIMD]: 2 [-Rpass-analysis=kernel-resource-usage]
./rrr_mxfp8_exact_8wave_fastpath.inc:263:1: remark:     SGPRs Spill: 0 [-Rpass-analysis=kernel-resource-usage]
./rrr_mxfp8_exact_8wave_fastpath.inc:263:1: remark:     VGPRs Spill: 16 [-Rpass-analysis=kernel-resource-usage]
./rrr_mxfp8_exact_8wave_fastpath.inc:263:1: remark:     LDS Size [bytes/block]: 135168 [-Rpass-analysis=kernel-resource-usage]
In file included from kernel_mxfp8_layouts.cpp:3849:
./crr_mxfp8_exact_8wave_fastpath.inc:457:1: remark: Function Name: _Z29crr_exact_8wave_scaled_kernelILb1ELi1EEv14layout_globals [-Rpass-analysis=kernel-resource-usage]
  457 | {
      | ^
./crr_mxfp8_exact_8wave_fastpath.inc:457:1: remark:     TotalSGPRs: 64 [-Rpass-analysis=kernel-resource-usage]
./crr_mxfp8_exact_8wave_fastpath.inc:457:1: remark:     VGPRs: 225 [-Rpass-analysis=kernel-resource-usage]
./crr_mxfp8_exact_8wave_fastpath.inc:457:1: remark:     AGPRs: 0 [-Rpass-analysis=kernel-resource-usage]
./crr_mxfp8_exact_8wave_fastpath.inc:457:1: remark:     ScratchSize [bytes/lane]: 0 [-Rpass-analysis=kernel-resource-usage]
./crr_mxfp8_exact_8wave_fastpath.inc:457:1: remark:     Dynamic Stack: False [-Rpass-analysis=kernel-resource-usage]
./crr_mxfp8_exact_8wave_fastpath.inc:457:1: remark:     Occupancy [waves/SIMD]: 2 [-Rpass-analysis=kernel-resource-usage]
./crr_mxfp8_exact_8wave_fastpath.inc:457:1: remark:     SGPRs Spill: 0 [-Rpass-analysis=kernel-resource-usage]
./crr_mxfp8_exact_8wave_fastpath.inc:457:1: remark:     VGPRs Spill: 0 [-Rpass-analysis=kernel-resource-usage]
./crr_mxfp8_exact_8wave_fastpath.inc:457:1: remark:     LDS Size [bytes/block]: 139264 [-Rpass-analysis=kernel-resource-usage]
