W20260420 02:00:45.974137 139764126379520 simple_timer.cpp:55] [rocprofv3] tool initialization ::     0.144097 sec
W20260420 02:00:45.974345 139764126379520 simple_timer.cpp:55] [rocprofv3] 'python3 test_python.py 4096 28672 8192' ::     0.000000 sec
=== FP8 GEMM Layout Benchmark (native layouts, no preshuffle): M=4096, N=28672, K=8192 ===
Warmup=100, iters=200, correctness=off
Layouts=crr

--- CRR Layout: C = A^T @ B ---
W20260420 02:00:46.932455 139764126379520 tool.cpp:2420] HSA version 8.19.0 initialized (instance=0)
  Avg time: 0.7737 ms, TFLOPS: 2486.98

============================================================
Layout     Time (ms)    TFLOPS     % of RCR  
------------------------------------------------------------
CRR        0.7737       2486.98    0.00%
============================================================

95% target: NOT MET
  CRR: 0.00% of RCR

Results saved to fp8_layout_results_4096x28672x8192.json
W20260420 02:00:47.696903 139764126379520 simple_timer.cpp:55] [rocprofv3] 'python3 test_python.py 4096 28672 8192' ::     1.722558 sec
E20260420 02:00:47.781157 139764126379520 output_stream.cpp:111] Opened result file: /shared_nfs/kyle/test/Hipkittens2/analysis/fp8_gemm/mi350x/r56b_pmc_results/70B_GateUp_fp8_crr_set3/pmc_1/pt-test-2-l7n7x-master-0/3036355_counter_collection.csv
E20260420 02:00:47.838722 139764126379520 output_stream.cpp:111] Opened result file: /shared_nfs/kyle/test/Hipkittens2/analysis/fp8_gemm/mi350x/r56b_pmc_results/70B_GateUp_fp8_crr_set3/pmc_1/pt-test-2-l7n7x-master-0/3036355_agent_info.csv
W20260420 02:00:47.844361 139764126379520 simple_timer.cpp:55] [rocprofv3] output generation ::     0.146164 sec
W20260420 02:00:47.844865 139764126379520 simple_timer.cpp:55] [rocprofv3] tool finalization ::     0.146676 sec
W20260420 02:00:48.571918 140529871089152 simple_timer.cpp:55] [rocprofv3] tool initialization ::     0.143837 sec
W20260420 02:00:48.572120 140529871089152 simple_timer.cpp:55] [rocprofv3] 'python3 test_python.py 4096 28672 8192' ::     0.000000 sec
=== FP8 GEMM Layout Benchmark (native layouts, no preshuffle): M=4096, N=28672, K=8192 ===
Warmup=100, iters=200, correctness=off
Layouts=crr

--- CRR Layout: C = A^T @ B ---
W20260420 02:00:49.545839 140529871089152 tool.cpp:2420] HSA version 8.19.0 initialized (instance=0)
  Avg time: 0.7726 ms, TFLOPS: 2490.56

============================================================
Layout     Time (ms)    TFLOPS     % of RCR  
------------------------------------------------------------
CRR        0.7726       2490.56    0.00%
============================================================

95% target: NOT MET
  CRR: 0.00% of RCR

Results saved to fp8_layout_results_4096x28672x8192.json
W20260420 02:00:50.292479 140529871089152 simple_timer.cpp:55] [rocprofv3] 'python3 test_python.py 4096 28672 8192' ::     1.720359 sec
E20260420 02:00:50.363736 140529871089152 output_stream.cpp:111] Opened result file: /shared_nfs/kyle/test/Hipkittens2/analysis/fp8_gemm/mi350x/r56b_pmc_results/70B_GateUp_fp8_crr_set3/pmc_2/pt-test-2-l7n7x-master-0/3036436_counter_collection.csv
E20260420 02:00:50.419646 140529871089152 output_stream.cpp:111] Opened result file: /shared_nfs/kyle/test/Hipkittens2/analysis/fp8_gemm/mi350x/r56b_pmc_results/70B_GateUp_fp8_crr_set3/pmc_2/pt-test-2-l7n7x-master-0/3036436_agent_info.csv
W20260420 02:00:50.422918 140529871089152 simple_timer.cpp:55] [rocprofv3] output generation ::     0.128839 sec
W20260420 02:00:50.423558 140529871089152 simple_timer.cpp:55] [rocprofv3] tool finalization ::     0.129485 sec
W20260420 02:00:51.021014 139684761595392 simple_timer.cpp:55] [rocprofv3] tool initialization ::     0.141998 sec
W20260420 02:00:51.021231 139684761595392 simple_timer.cpp:55] [rocprofv3] 'python3 test_python.py 4096 28672 8192' ::     0.000000 sec
=== FP8 GEMM Layout Benchmark (native layouts, no preshuffle): M=4096, N=28672, K=8192 ===
Warmup=100, iters=200, correctness=off
Layouts=crr

--- CRR Layout: C = A^T @ B ---
W20260420 02:00:52.282568 139684761595392 tool.cpp:2420] HSA version 8.19.0 initialized (instance=0)
  Avg time: 0.7765 ms, TFLOPS: 2478.01

============================================================
Layout     Time (ms)    TFLOPS     % of RCR  
------------------------------------------------------------
CRR        0.7765       2478.01    0.00%
============================================================

95% target: NOT MET
  CRR: 0.00% of RCR

Results saved to fp8_layout_results_4096x28672x8192.json
W20260420 02:00:52.984058 139684761595392 simple_timer.cpp:55] [rocprofv3] 'python3 test_python.py 4096 28672 8192' ::     1.962827 sec
E20260420 02:00:53.088500 139684761595392 output_stream.cpp:111] Opened result file: /shared_nfs/kyle/test/Hipkittens2/analysis/fp8_gemm/mi350x/r56b_pmc_results/70B_GateUp_fp8_crr_set3/pmc_3/pt-test-2-l7n7x-master-0/3036649_counter_collection.csv
E20260420 02:00:53.151753 139684761595392 output_stream.cpp:111] Opened result file: /shared_nfs/kyle/test/Hipkittens2/analysis/fp8_gemm/mi350x/r56b_pmc_results/70B_GateUp_fp8_crr_set3/pmc_3/pt-test-2-l7n7x-master-0/3036649_agent_info.csv
W20260420 02:00:53.156004 139684761595392 simple_timer.cpp:55] [rocprofv3] output generation ::     0.170669 sec
W20260420 02:00:53.156512 139684761595392 simple_timer.cpp:55] [rocprofv3] tool finalization ::     0.171186 sec
W20260420 02:00:53.965032 140075146313216 simple_timer.cpp:55] [rocprofv3] tool initialization ::     0.142710 sec
W20260420 02:00:53.965255 140075146313216 simple_timer.cpp:55] [rocprofv3] 'python3 test_python.py 4096 28672 8192' ::     0.000000 sec
=== FP8 GEMM Layout Benchmark (native layouts, no preshuffle): M=4096, N=28672, K=8192 ===
Warmup=100, iters=200, correctness=off
Layouts=crr

--- CRR Layout: C = A^T @ B ---
W20260420 02:00:55.470554 140075146313216 tool.cpp:2420] HSA version 8.19.0 initialized (instance=0)
  Avg time: 0.7497 ms, TFLOPS: 2566.68

============================================================
Layout     Time (ms)    TFLOPS     % of RCR  
------------------------------------------------------------
CRR        0.7497       2566.68    0.00%
============================================================

95% target: NOT MET
  CRR: 0.00% of RCR

Results saved to fp8_layout_results_4096x28672x8192.json
W20260420 02:00:56.148568 140075146313216 simple_timer.cpp:55] [rocprofv3] 'python3 test_python.py 4096 28672 8192' ::     2.183313 sec
E20260420 02:00:56.242392 140075146313216 output_stream.cpp:111] Opened result file: /shared_nfs/kyle/test/Hipkittens2/analysis/fp8_gemm/mi350x/r56b_pmc_results/70B_GateUp_fp8_crr_set3/pmc_4/pt-test-2-l7n7x-master-0/3036893_counter_collection.csv
E20260420 02:00:56.307446 140075146313216 output_stream.cpp:111] Opened result file: /shared_nfs/kyle/test/Hipkittens2/analysis/fp8_gemm/mi350x/r56b_pmc_results/70B_GateUp_fp8_crr_set3/pmc_4/pt-test-2-l7n7x-master-0/3036893_agent_info.csv
W20260420 02:00:56.311295 140075146313216 simple_timer.cpp:55] [rocprofv3] output generation ::     0.161519 sec
W20260420 02:00:56.311813 140075146313216 simple_timer.cpp:55] [rocprofv3] tool finalization ::     0.162043 sec
W20260420 02:00:56.976209 139742876253696 simple_timer.cpp:55] [rocprofv3] tool initialization ::     0.144739 sec
W20260420 02:00:56.976450 139742876253696 simple_timer.cpp:55] [rocprofv3] 'python3 test_python.py 4096 28672 8192' ::     0.000000 sec
=== FP8 GEMM Layout Benchmark (native layouts, no preshuffle): M=4096, N=28672, K=8192 ===
Warmup=100, iters=200, correctness=off
Layouts=crr

--- CRR Layout: C = A^T @ B ---
W20260420 02:00:58.054271 139742876253696 tool.cpp:2420] HSA version 8.19.0 initialized (instance=0)
  Avg time: 0.7195 ms, TFLOPS: 2674.18

============================================================
Layout     Time (ms)    TFLOPS     % of RCR  
------------------------------------------------------------
CRR        0.7195       2674.18    0.00%
============================================================

95% target: NOT MET
  CRR: 0.00% of RCR

Results saved to fp8_layout_results_4096x28672x8192.json
W20260420 02:00:58.752158 139742876253696 simple_timer.cpp:55] [rocprofv3] 'python3 test_python.py 4096 28672 8192' ::     1.775708 sec
E20260420 02:00:58.862241 139742876253696 output_stream.cpp:111] Opened result file: /shared_nfs/kyle/test/Hipkittens2/analysis/fp8_gemm/mi350x/r56b_pmc_results/70B_GateUp_fp8_crr_set3/pmc_5/pt-test-2-l7n7x-master-0/3037014_counter_collection.csv
E20260420 02:00:58.962191 139742876253696 output_stream.cpp:111] Opened result file: /shared_nfs/kyle/test/Hipkittens2/analysis/fp8_gemm/mi350x/r56b_pmc_results/70B_GateUp_fp8_crr_set3/pmc_5/pt-test-2-l7n7x-master-0/3037014_agent_info.csv
W20260420 02:00:58.966141 139742876253696 simple_timer.cpp:55] [rocprofv3] output generation ::     0.212520 sec
W20260420 02:00:58.966623 139742876253696 simple_timer.cpp:55] [rocprofv3] tool finalization ::     0.213011 sec
