=== MXFP8 GEMM Layout Benchmark (preshuffle-quant): M=4096, N=14336, K=4096 ===
Warmup=100, iters=200, correctness=off
Layouts=rrr

--- RRR Layout: C = A @ B ---
[R55B-DEBUG-3] dispatch_pq_v2 entry: L=1 g.m=0 g.n=0 g.k=0 a.cols=4096 c.rows=4096 c.cols=14336
  Avg time: 0.2140 ms, TFLOPS: 2247.44

Results saved to mxfp8_layout_results_4096x14336x4096_pq.json
=== MXFP8 GEMM Layout Benchmark (preshuffle-quant): M=4096, N=14336, K=4096 ===
Warmup=100, iters=200, correctness=off
Layouts=rrr

--- RRR Layout: C = A @ B ---
[R55B-DEBUG-3] dispatch_pq_v2 entry: L=1 g.m=0 g.n=0 g.k=0 a.cols=4096 c.rows=4096 c.cols=14336
  Avg time: 0.2141 ms, TFLOPS: 2247.10

Results saved to mxfp8_layout_results_4096x14336x4096_pq.json
=== MXFP8 GEMM Layout Benchmark (preshuffle-quant): M=4096, N=14336, K=4096 ===
Warmup=100, iters=200, correctness=off
Layouts=rrr

--- RRR Layout: C = A @ B ---
[R55B-DEBUG-3] dispatch_pq_v2 entry: L=1 g.m=0 g.n=0 g.k=0 a.cols=4096 c.rows=4096 c.cols=14336
  Avg time: 0.2144 ms, TFLOPS: 2243.18

Results saved to mxfp8_layout_results_4096x14336x4096_pq.json
=== MXFP8 GEMM Layout Benchmark (preshuffle-quant): M=4096, N=14336, K=4096 ===
Warmup=100, iters=200, correctness=off
Layouts=rrr

--- RRR Layout: C = A @ B ---
[R55B-DEBUG-3] dispatch_pq_v2 entry: L=1 g.m=0 g.n=0 g.k=0 a.cols=4096 c.rows=4096 c.cols=14336
  Avg time: 0.2133 ms, TFLOPS: 2255.37

Results saved to mxfp8_layout_results_4096x14336x4096_pq.json
=== MXFP8 GEMM Layout Benchmark (preshuffle-quant): M=4096, N=14336, K=4096 ===
Warmup=100, iters=200, correctness=off
Layouts=rrr

--- RRR Layout: C = A @ B ---
[R55B-DEBUG-3] dispatch_pq_v2 entry: L=1 g.m=0 g.n=0 g.k=0 a.cols=4096 c.rows=4096 c.cols=14336
  Avg time: 0.2137 ms, TFLOPS: 2251.13

Results saved to mxfp8_layout_results_4096x14336x4096_pq.json
