===== R42 Phase=3 label=p31_70bkv_b1 gpu=6 N_PAIRS=10 BENCH_KIND=two_so PREHEAT=45 =====
Sat Apr 18 18:33:05 UTC 2026
[two_so] SO_A=/tmp/r42_70bkv_default.so MOD_A=tk_mxfp8_r42_70bkv_default SO_B=/tmp/r42_70bkv_b1.so MOD_B=tk_mxfp8_r42_70bkv_b1 M=4096 N=1024 K=8192
[bench rc=0]
[sclk-pre-preheat] GPU[6]		: sclk clock level: 1: (1732Mhz)
[preheat 45.0s] done 9212 iters
[sclk-post-preheat] GPU[6]		: sclk clock level: 1: (2296Mhz)
CORRECTNESS_A_default snr_db=49.60 pass_rate_pct=100.00 det_ok=True
CORRECTNESS_B_b1 snr_db=49.60 pass_rate_pct=100.00 det_ok=True
[sclk-pre-bench] GPU[6]		: sclk clock level: 1: (2373Mhz)
WARMUP 0 B_b1=932.68 A_default=765.51
WARMUP 1 B_b1=986.70 A_default=764.19
PAIR 0 B_b1_1=988.20 A_default_1=766.43 B_b1_2=991.05 A_default_2=767.80
PAIR 1 B_b1_1=980.99 A_default_1=768.86 B_b1_2=980.62 A_default_2=767.58
PAIR 2 B_b1_1=991.11 A_default_1=768.89 B_b1_2=986.18 A_default_2=768.36
PAIR 3 B_b1_1=979.83 A_default_1=759.06 B_b1_2=981.97 A_default_2=767.87
PAIR 4 B_b1_1=987.09 A_default_1=766.83 B_b1_2=990.11 A_default_2=768.04
PAIR 5 B_b1_1=984.64 A_default_1=765.69 B_b1_2=982.28 A_default_2=768.68
PAIR 6 B_b1_1=989.71 A_default_1=769.76 B_b1_2=980.95 A_default_2=767.30
PAIR 7 B_b1_1=983.60 A_default_1=769.30 B_b1_2=984.87 A_default_2=768.24
PAIR 8 B_b1_1=986.55 A_default_1=770.45 B_b1_2=980.09 A_default_2=769.67
PAIR 9 B_b1_1=986.95 A_default_1=768.45 B_b1_2=984.27 A_default_2=768.58
[sclk-post-bench] GPU[6]		: sclk clock level: 1: (2397Mhz)
CRR_DEFAULT  median=768.30 mean=767.79 stdev=2.35 n=20
CRR_HBSHRINK median=984.76 mean=985.05 stdev=3.74 n=20
Welch t (DEFAULT vs HBSHRINK) = 219.768  (positive = HBSHRINK faster)
DELTA_MEDIAN_PCT HBSHRINK_vs_DEFAULT = +28.173%
CRR_DEFAULT_TFLOPS_LIST 766.4308,767.8005,768.8591,767.5811,768.8929,768.3640,759.0620,767.8694,766.8273,768.0407,765.6925,768.6801,769.7617,767.3000,769.2993,768.2401,770.4521,769.6721,768.4463,768.5771
CRR_HBSHRINK_TFLOPS_LIST 988.2010,991.0530,980.9873,980.6214,991.1053,986.1835,979.8272,981.9691,987.0890,990.1146,984.6439,982.2810,989.7133,980.9476,983.6040,984.8699,986.5468,980.0950,986.9492,984.2721
--- stderr (head) ---
W20260418 18:33:08.935944 140147738062848 agent.cpp:461] Attempt to enable hip visiblity for agent-2 which is not visible to HSA (ROCR)
[mxfp8_dispatch] crr_v2: shape=(M=4096,N=1024,K=8192) -> ADVISE-V2-RRR-70B-KV (R33C +10.24% min)
[mxfp8_dispatch] crr_v2: shape=(M=4096,N=1024,K=8192) -> CRR-V2-EXACT-8WAVE-DEFAULT
[mxfp8_dispatch] crr_v2: shape=(M=4096,N=1024,K=8192) -> ADVISE-V2-RRR-70B-KV (R33C +10.24% min)
[mxfp8_dispatch] crr_v2: shape=(M=4096,N=1024,K=8192) -> CRR-V2-HBSHRINK-B1-70B-KV (R37AB SHIP)
Sat Apr 18 18:34:24 UTC 2026
