===== R42 Phase=3 label=p32_8bkv_b1 gpu=7 N_PAIRS=10 BENCH_KIND=two_so PREHEAT=45 =====
Sat Apr 18 18:33:05 UTC 2026
[two_so] SO_A=/tmp/r42_8bkv_default.so MOD_A=tk_mxfp8_r42_8bkv_default SO_B=/tmp/r42_8bkv_b1.so MOD_B=tk_mxfp8_r42_8bkv_b1 M=4096 N=1024 K=4096
[bench rc=0]
[sclk-pre-preheat] GPU[7]		: sclk clock level: S: (95Mhz)
[preheat 45.0s] done 10236 iters
[sclk-post-preheat] GPU[7]		: sclk clock level: 1: (2189Mhz)
CORRECTNESS_A_default snr_db=49.61 pass_rate_pct=100.00 det_ok=True
CORRECTNESS_B_b1 snr_db=49.61 pass_rate_pct=100.00 det_ok=True
[sclk-pre-bench] GPU[7]		: sclk clock level: 1: (2376Mhz)
WARMUP 0 B_b1=796.31 A_default=658.36
WARMUP 1 B_b1=810.45 A_default=659.95
PAIR 0 B_b1_1=829.63 A_default_1=662.12 B_b1_2=831.30 A_default_2=658.00
PAIR 1 B_b1_1=811.73 A_default_1=659.80 B_b1_2=817.68 A_default_2=655.47
PAIR 2 B_b1_1=819.03 A_default_1=661.19 B_b1_2=827.91 A_default_2=659.88
PAIR 3 B_b1_1=799.78 A_default_1=651.55 B_b1_2=804.87 A_default_2=656.93
PAIR 4 B_b1_1=818.67 A_default_1=661.96 B_b1_2=833.04 A_default_2=662.24
PAIR 5 B_b1_1=831.88 A_default_1=660.74 B_b1_2=820.58 A_default_2=664.14
PAIR 6 B_b1_1=828.24 A_default_1=661.08 B_b1_2=822.85 A_default_2=663.19
PAIR 7 B_b1_1=824.76 A_default_1=660.33 B_b1_2=817.08 A_default_2=661.43
PAIR 8 B_b1_1=818.92 A_default_1=661.70 B_b1_2=832.93 A_default_2=666.05
PAIR 9 B_b1_1=816.60 A_default_1=663.08 B_b1_2=825.85 A_default_2=660.95
[sclk-post-bench] GPU[7]		: sclk clock level: 1: (2405Mhz)
CRR_DEFAULT  median=661.14 mean=660.59 stdev=3.20 n=20
CRR_HBSHRINK median=821.71 mean=821.67 stdev=9.10 n=20
Welch t (DEFAULT vs HBSHRINK) = 74.657  (positive = HBSHRINK faster)
DELTA_MEDIAN_PCT HBSHRINK_vs_DEFAULT = +24.288%
CRR_DEFAULT_TFLOPS_LIST 662.1226,658.0041,659.8034,655.4733,661.1947,659.8845,651.5547,656.9270,661.9595,662.2448,660.7365,664.1398,661.0830,663.1858,660.3309,661.4292,661.7043,666.0550,663.0827,660.9505
CRR_HBSHRINK_TFLOPS_LIST 829.6320,831.3028,811.7262,817.6751,819.0328,827.9056,799.7846,804.8651,818.6734,833.0433,831.8828,820.5808,828.2413,822.8455,824.7566,817.0844,818.9239,832.9302,816.6032,825.8516
--- stderr (head) ---
W20260418 18:33:08.953911 139889230319616 agent.cpp:461] Attempt to enable hip visiblity for agent-2 which is not visible to HSA (ROCR)
[mxfp8_dispatch] crr_v2: shape=(M=4096,N=1024,K=4096) -> ADVISE-V2-RRR-8B-KV (R33C +8.13% min)
[mxfp8_dispatch] crr_v2: shape=(M=4096,N=1024,K=4096) -> CRR-V2-EXACT-8WAVE-DEFAULT
[mxfp8_dispatch] crr_v2: shape=(M=4096,N=1024,K=4096) -> ADVISE-V2-RRR-8B-KV (R33C +8.13% min)
[mxfp8_dispatch] crr_v2: shape=(M=4096,N=1024,K=4096) -> CRR-V2-HBSHRINK-B1-8B-KV (R38 wrap fix 66ef02d8)
Sat Apr 18 18:34:21 UTC 2026
