===== R42 Phase=3 label=p33_8bdown gpu=6 N_PAIRS=10 BENCH_KIND=one_so_layout PREHEAT=45 =====
Sat Apr 18 18:37:26 UTC 2026
[one_so_layout] SO=/tmp/r42_8bdown.so MOD=tk_mxfp8_r42_8bdown LAYOUT_A=crr LAYOUT_B=rrr M=4096 N=4096 K=14336
[bench rc=0]
[sclk-pre-preheat] GPU[6]		: sclk clock level: 1: (2397Mhz)
[preheat 45.0s] done 9212 iters
[sclk-post-preheat] GPU[6]		: sclk clock level: 1: (1826Mhz)
CORRECTNESS_CRR snr_db=49.61 pass_rate_pct=100.00 det_ok=True
CORRECTNESS_RRR snr_db=49.61 pass_rate_pct=100.00 det_ok=True
[sclk-pre-bench] GPU[6]		: sclk clock level: 1: (1832Mhz)
WARMUP 0 RRR=478.22 CRR=466.52 sclk=GPU[6]		: sclk clock level: 1: (1835Mhz)
WARMUP 1 RRR=477.99 CRR=467.11 sclk=GPU[6]		: sclk clock level: 1: (1834Mhz)
PAIR 0 RRR_1=478.78 CRR_1=465.92 RRR_2=478.19 CRR_2=466.38
PAIR 1 RRR_1=477.56 CRR_1=466.28 RRR_2=478.82 CRR_2=466.59
PAIR 2 RRR_1=477.65 CRR_1=473.53 RRR_2=477.32 CRR_2=467.15
PAIR 3 RRR_1=477.49 CRR_1=467.80 RRR_2=477.95 CRR_2=467.46
PAIR 4 RRR_1=477.01 CRR_1=467.00 RRR_2=476.76 CRR_2=466.88
PAIR 5 RRR_1=478.50 CRR_1=467.97 RRR_2=478.76 CRR_2=468.05
PAIR 6 RRR_1=478.08 CRR_1=466.48 RRR_2=477.45 CRR_2=487.66
PAIR 7 RRR_1=477.84 CRR_1=467.20 RRR_2=477.97 CRR_2=466.96
PAIR 8 RRR_1=500.08 CRR_1=467.06 RRR_2=500.92 CRR_2=467.41
PAIR 9 RRR_1=478.03 CRR_1=465.64 RRR_2=465.01 CRR_2=468.11
[sclk-post-bench] GPU[6]		: sclk clock level: 1: (1831Mhz)
CRR  median=467.11 mean=468.38 stdev=4.81 n=20
RRR  median=477.96 mean=479.51 stdev=7.75 n=20
Welch t (CRR vs RRR) = 5.456  (positive = RRR faster)
DELTA_MEDIAN_PCT RRR_vs_CRR = +2.323%
CRR_TFLOPS_LIST 465.9174,466.3782,466.2813,466.5949,473.5266,467.1511,467.8005,467.4594,466.9972,466.8844,467.9654,468.0463,466.4752,487.6565,467.1953,466.9632,467.0625,467.4092,465.6378,468.1076
RRR_TFLOPS_LIST 478.7750,478.1941,477.5635,478.8167,477.6508,477.3216,477.4904,477.9472,477.0077,476.7619,478.5012,478.7632,478.0788,477.4502,477.8390,477.9701,500.0755,500.9238,478.0321,465.0119
--- stderr (head) ---
W20260418 18:37:29.186775 140411677319168 agent.cpp:461] Attempt to enable hip visiblity for agent-2 which is not visible to HSA (ROCR)
[mxfp8_dispatch] crr_v2: shape=(M=4096,N=4096,K=14336) -> ADVISE-V2-RRR-8B-DOWN (R36B +9.51%)
[mxfp8_dispatch] crr_v2: shape=(M=4096,N=4096,K=14336) -> CRR-V2-EXACT-8WAVE-DEFAULT
[mxfp8_dispatch] rrr_v2: shape=(M=4096,N=4096,K=14336) -> RRR-V2-EXACT-8WAVE
Sat Apr 18 18:38:59 UTC 2026
