===== R42 Phase=3 label=p34_8bgateup gpu=7 N_PAIRS=10 BENCH_KIND=one_so_layout PREHEAT=45 =====
Sat Apr 18 18:37:26 UTC 2026
[one_so_layout] SO=/tmp/r42_8bgateup.so MOD=tk_mxfp8_r42_8bgateup LAYOUT_A=crr LAYOUT_B=rrr M=4096 N=14336 K=4096
[bench rc=0]
[sclk-pre-preheat] GPU[7]		: sclk clock level: 1: (219Mhz)
[preheat 45.0s] done 10236 iters
[sclk-post-preheat] GPU[7]		: sclk clock level: 1: (2411Mhz)
CORRECTNESS_CRR snr_db=49.61 pass_rate_pct=100.00 det_ok=True
CORRECTNESS_RRR snr_db=49.61 pass_rate_pct=100.00 det_ok=True
[sclk-pre-bench] GPU[7]		: sclk clock level: 1: (2411Mhz)
WARMUP 0 RRR=2364.18 CRR=2358.44 sclk=GPU[7]		: sclk clock level: 1: (2409Mhz)
WARMUP 1 RRR=2368.51 CRR=2325.17 sclk=GPU[7]		: sclk clock level: 1: (2410Mhz)
PAIR 0 RRR_1=2356.89 CRR_1=2329.63 RRR_2=2472.75 CRR_2=2358.89
PAIR 1 RRR_1=2490.80 CRR_1=2349.63 RRR_2=2478.49 CRR_2=2350.83
PAIR 2 RRR_1=2451.99 CRR_1=2364.09 RRR_2=2479.35 CRR_2=2359.91
PAIR 3 RRR_1=2484.15 CRR_1=2360.51 RRR_2=2461.76 CRR_2=2335.56
PAIR 4 RRR_1=2497.19 CRR_1=2358.43 RRR_2=2494.41 CRR_2=2361.14
PAIR 5 RRR_1=2455.58 CRR_1=2355.26 RRR_2=2478.03 CRR_2=2351.22
PAIR 6 RRR_1=2497.91 CRR_1=2352.42 RRR_2=2483.93 CRR_2=2325.44
PAIR 7 RRR_1=2479.74 CRR_1=2368.47 RRR_2=2472.83 CRR_2=2377.49
PAIR 8 RRR_1=2487.67 CRR_1=2356.41 RRR_2=2481.50 CRR_2=2370.25
PAIR 9 RRR_1=2494.59 CRR_1=2369.26 RRR_2=2500.53 CRR_2=2367.96
[sclk-post-bench] GPU[7]		: sclk clock level: 1: (2411Mhz)
CRR  median=2358.66 mean=2356.14 stdev=13.44 n=20
RRR  median=2480.62 mean=2475.00 stdev=30.91 n=20
Welch t (CRR vs RRR) = 15.772  (positive = RRR faster)
DELTA_MEDIAN_PCT RRR_vs_CRR = +5.171%
CRR_TFLOPS_LIST 2329.6295,2358.8938,2349.6315,2350.8344,2364.0891,2359.9133,2360.5067,2335.5580,2358.4321,2361.1356,2355.2633,2351.2205,2352.4156,2325.4416,2368.4655,2377.4932,2356.4071,2370.2473,2369.2590,2367.9609
RRR_TFLOPS_LIST 2356.8881,2472.7521,2490.8012,2478.4907,2451.9904,2479.3492,2484.1532,2461.7578,2497.1933,2494.4074,2455.5752,2478.0306,2497.9091,2483.9272,2479.7377,2472.8337,2487.6678,2481.4982,2494.5931,2500.5273
--- stderr (head) ---
W20260418 18:37:29.257834 140459152252928 agent.cpp:461] Attempt to enable hip visiblity for agent-2 which is not visible to HSA (ROCR)
[mxfp8_dispatch] crr_v2: shape=(M=4096,N=14336,K=4096) -> ADVISE-V2-RRR-8B-GATEUP (R34B +5.025% min)
[mxfp8_dispatch] crr_v2: shape=(M=4096,N=14336,K=4096) -> CRR-V2-EXACT-8WAVE-DEFAULT
[mxfp8_dispatch] rrr_v2: shape=(M=4096,N=14336,K=4096) -> RRR-V2-EXACT-8WAVE
Sat Apr 18 18:38:47 UTC 2026
