W20260419 19:35:43.419302 140333777460736 simple_timer.cpp:55] [rocprofv3] tool initialization ::     0.142546 sec
W20260419 19:35:43.419518 140333777460736 simple_timer.cpp:55] [rocprofv3] 'python3 test_python.py 4096 8192 8192' ::     0.000000 sec
=== FP8 GEMM Layout Benchmark (native layouts, no preshuffle): M=4096, N=8192, K=8192 ===
Warmup=3, iters=5, correctness=off
Layouts=rcr

--- RCR Layout: C = A @ B^T ---
W20260419 19:35:44.281834 140333777460736 tool.cpp:2420] HSA version 8.19.0 initialized (instance=0)
  Avg time: 0.3127 ms, TFLOPS: 1758.10

============================================================
Layout     Time (ms)    TFLOPS     % of RCR  
------------------------------------------------------------
RCR        0.3127       1758.10    100.00%   
============================================================

Results saved to fp8_layout_results_4096x8192x8192.json
W20260419 19:35:44.764423 140333777460736 simple_timer.cpp:55] [rocprofv3] 'python3 test_python.py 4096 8192 8192' ::     1.344905 sec
E20260419 19:35:44.841216 140333777460736 output_stream.cpp:111] Opened result file: /shared_nfs/kyle/test/Hipkittens2/analysis/fp8_gemm/mi350x/r54b_pmc_results/70B_QO_fp8_rcr_set1/pmc_1/pt-test-2-l7n7x-master-0/2568953_counter_collection.csv
E20260419 19:35:44.891624 140333777460736 output_stream.cpp:111] Opened result file: /shared_nfs/kyle/test/Hipkittens2/analysis/fp8_gemm/mi350x/r54b_pmc_results/70B_QO_fp8_rcr_set1/pmc_1/pt-test-2-l7n7x-master-0/2568953_agent_info.csv
W20260419 19:35:44.895100 140333777460736 simple_timer.cpp:55] [rocprofv3] output generation ::     0.129268 sec
W20260419 19:35:44.895567 140333777460736 simple_timer.cpp:55] [rocprofv3] tool finalization ::     0.129742 sec
W20260419 19:35:45.594195 140584948956672 simple_timer.cpp:55] [rocprofv3] tool initialization ::     0.143029 sec
W20260419 19:35:45.594417 140584948956672 simple_timer.cpp:55] [rocprofv3] 'python3 test_python.py 4096 8192 8192' ::     0.000000 sec
=== FP8 GEMM Layout Benchmark (native layouts, no preshuffle): M=4096, N=8192, K=8192 ===
Warmup=3, iters=5, correctness=off
Layouts=rcr

--- RCR Layout: C = A @ B^T ---
W20260419 19:35:46.471479 140584948956672 tool.cpp:2420] HSA version 8.19.0 initialized (instance=0)
  Avg time: 0.3017 ms, TFLOPS: 1822.06

============================================================
Layout     Time (ms)    TFLOPS     % of RCR  
------------------------------------------------------------
RCR        0.3017       1822.06    100.00%   
============================================================

Results saved to fp8_layout_results_4096x8192x8192.json
W20260419 19:35:46.893446 140584948956672 simple_timer.cpp:55] [rocprofv3] 'python3 test_python.py 4096 8192 8192' ::     1.299030 sec
E20260419 19:35:46.993321 140584948956672 output_stream.cpp:111] Opened result file: /shared_nfs/kyle/test/Hipkittens2/analysis/fp8_gemm/mi350x/r54b_pmc_results/70B_QO_fp8_rcr_set1/pmc_2/pt-test-2-l7n7x-master-0/2569067_counter_collection.csv
E20260419 19:35:47.029853 140584948956672 output_stream.cpp:111] Opened result file: /shared_nfs/kyle/test/Hipkittens2/analysis/fp8_gemm/mi350x/r54b_pmc_results/70B_QO_fp8_rcr_set1/pmc_2/pt-test-2-l7n7x-master-0/2569067_agent_info.csv
W20260419 19:35:47.033648 140584948956672 simple_timer.cpp:55] [rocprofv3] output generation ::     0.138784 sec
W20260419 19:35:47.034130 140584948956672 simple_timer.cpp:55] [rocprofv3] tool finalization ::     0.139273 sec
W20260419 19:35:47.734449 140669491547648 simple_timer.cpp:55] [rocprofv3] tool initialization ::     0.145124 sec
W20260419 19:35:47.734663 140669491547648 simple_timer.cpp:55] [rocprofv3] 'python3 test_python.py 4096 8192 8192' ::     0.000000 sec
=== FP8 GEMM Layout Benchmark (native layouts, no preshuffle): M=4096, N=8192, K=8192 ===
Warmup=3, iters=5, correctness=off
Layouts=rcr

--- RCR Layout: C = A @ B^T ---
W20260419 19:35:48.646809 140669491547648 tool.cpp:2420] HSA version 8.19.0 initialized (instance=0)
  Avg time: 0.5912 ms, TFLOPS: 929.87

============================================================
Layout     Time (ms)    TFLOPS     % of RCR  
------------------------------------------------------------
RCR        0.5912       929.87     100.00%   
============================================================

Results saved to fp8_layout_results_4096x8192x8192.json
W20260419 19:35:49.096658 140669491547648 simple_timer.cpp:55] [rocprofv3] 'python3 test_python.py 4096 8192 8192' ::     1.361995 sec
E20260419 19:35:49.181467 140669491547648 output_stream.cpp:111] Opened result file: /shared_nfs/kyle/test/Hipkittens2/analysis/fp8_gemm/mi350x/r54b_pmc_results/70B_QO_fp8_rcr_set1/pmc_3/pt-test-2-l7n7x-master-0/2569177_counter_collection.csv
E20260419 19:35:49.221944 140669491547648 output_stream.cpp:111] Opened result file: /shared_nfs/kyle/test/Hipkittens2/analysis/fp8_gemm/mi350x/r54b_pmc_results/70B_QO_fp8_rcr_set1/pmc_3/pt-test-2-l7n7x-master-0/2569177_agent_info.csv
W20260419 19:35:49.224904 140669491547648 simple_timer.cpp:55] [rocprofv3] output generation ::     0.126847 sec
W20260419 19:35:49.225373 140669491547648 simple_timer.cpp:55] [rocprofv3] tool finalization ::     0.127325 sec
W20260419 19:35:49.920337 140242909171200 simple_timer.cpp:55] [rocprofv3] tool initialization ::     0.142768 sec
W20260419 19:35:49.920563 140242909171200 simple_timer.cpp:55] [rocprofv3] 'python3 test_python.py 4096 8192 8192' ::     0.000000 sec
=== FP8 GEMM Layout Benchmark (native layouts, no preshuffle): M=4096, N=8192, K=8192 ===
Warmup=3, iters=5, correctness=off
Layouts=rcr

--- RCR Layout: C = A @ B^T ---
W20260419 19:35:50.826539 140242909171200 tool.cpp:2420] HSA version 8.19.0 initialized (instance=0)
  Avg time: 0.3644 ms, TFLOPS: 1508.55

============================================================
Layout     Time (ms)    TFLOPS     % of RCR  
------------------------------------------------------------
RCR        0.3644       1508.55    100.00%   
============================================================

Results saved to fp8_layout_results_4096x8192x8192.json
W20260419 19:35:51.180006 140242909171200 simple_timer.cpp:55] [rocprofv3] 'python3 test_python.py 4096 8192 8192' ::     1.259444 sec
E20260419 19:35:51.269536 140242909171200 output_stream.cpp:111] Opened result file: /shared_nfs/kyle/test/Hipkittens2/analysis/fp8_gemm/mi350x/r54b_pmc_results/70B_QO_fp8_rcr_set1/pmc_4/pt-test-2-l7n7x-master-0/2569257_counter_collection.csv
E20260419 19:35:51.305583 140242909171200 output_stream.cpp:111] Opened result file: /shared_nfs/kyle/test/Hipkittens2/analysis/fp8_gemm/mi350x/r54b_pmc_results/70B_QO_fp8_rcr_set1/pmc_4/pt-test-2-l7n7x-master-0/2569257_agent_info.csv
W20260419 19:35:51.308661 140242909171200 simple_timer.cpp:55] [rocprofv3] output generation ::     0.127223 sec
W20260419 19:35:51.309114 140242909171200 simple_timer.cpp:55] [rocprofv3] tool finalization ::     0.127684 sec
W20260419 19:35:51.998992 140380903214592 simple_timer.cpp:55] [rocprofv3] tool initialization ::     0.141026 sec
W20260419 19:35:51.999247 140380903214592 simple_timer.cpp:55] [rocprofv3] 'python3 test_python.py 4096 8192 8192' ::     0.000000 sec
=== FP8 GEMM Layout Benchmark (native layouts, no preshuffle): M=4096, N=8192, K=8192 ===
Warmup=3, iters=5, correctness=off
Layouts=rcr

--- RCR Layout: C = A @ B^T ---
W20260419 19:35:53.149603 140380903214592 tool.cpp:2420] HSA version 8.19.0 initialized (instance=0)
W20260419 19:35:53.392469 140380903214592 tool.cpp:1189] Unable to find all counters for agent 2 (gpu-0, gfx950) in [ALUStalledByLDS, FetchSize, L2CacheHit, LDSBankConflict, MemUnitBusy, MemUnitStalled, MfmaUtil, VALUBusy]. Found: [FetchSize, LDSBankConflict, MemUnitStalled, MfmaUtil, VALUBusy]. Missing: [ALUStalledByLDS, L2CacheHit, MemUnitBusy]
W20260419 19:35:53.392621 140380903214592 tool.cpp:1189] Unable to find all counters for agent 3 (gpu-1, gfx950) in [ALUStalledByLDS, FetchSize, L2CacheHit, LDSBankConflict, MemUnitBusy, MemUnitStalled, MfmaUtil, VALUBusy]. Found: [FetchSize, LDSBankConflict, MemUnitStalled, MfmaUtil, VALUBusy]. Missing: [ALUStalledByLDS, L2CacheHit, MemUnitBusy]
W20260419 19:35:53.393705 140380903214592 tool.cpp:1189] Unable to find all counters for agent 4 (gpu-2, gfx950) in [ALUStalledByLDS, FetchSize, L2CacheHit, LDSBankConflict, MemUnitBusy, MemUnitStalled, MfmaUtil, VALUBusy]. Found: [FetchSize, LDSBankConflict, MemUnitStalled, MfmaUtil, VALUBusy]. Missing: [ALUStalledByLDS, L2CacheHit, MemUnitBusy]
W20260419 19:35:53.393745 140380903214592 tool.cpp:1189] Unable to find all counters for agent 5 (gpu-3, gfx950) in [ALUStalledByLDS, FetchSize, L2CacheHit, LDSBankConflict, MemUnitBusy, MemUnitStalled, MfmaUtil, VALUBusy]. Found: [FetchSize, LDSBankConflict, MemUnitStalled, MfmaUtil, VALUBusy]. Missing: [ALUStalledByLDS, L2CacheHit, MemUnitBusy]
W20260419 19:35:53.394883 140380903214592 tool.cpp:1189] Unable to find all counters for agent 6 (gpu-4, gfx950) in [ALUStalledByLDS, FetchSize, L2CacheHit, LDSBankConflict, MemUnitBusy, MemUnitStalled, MfmaUtil, VALUBusy]. Found: [FetchSize, LDSBankConflict, MemUnitStalled, MfmaUtil, VALUBusy]. Missing: [ALUStalledByLDS, L2CacheHit, MemUnitBusy]
W20260419 19:35:53.395856 140380903214592 tool.cpp:1189] Unable to find all counters for agent 7 (gpu-5, gfx950) in [ALUStalledByLDS, FetchSize, L2CacheHit, LDSBankConflict, MemUnitBusy, MemUnitStalled, MfmaUtil, VALUBusy]. Found: [FetchSize, LDSBankConflict, MemUnitStalled, MfmaUtil, VALUBusy]. Missing: [ALUStalledByLDS, L2CacheHit, MemUnitBusy]
W20260419 19:35:53.397120 140380903214592 tool.cpp:1189] Unable to find all counters for agent 8 (gpu-6, gfx950) in [ALUStalledByLDS, FetchSize, L2CacheHit, LDSBankConflict, MemUnitBusy, MemUnitStalled, MfmaUtil, VALUBusy]. Found: [FetchSize, LDSBankConflict, MemUnitStalled, MfmaUtil, VALUBusy]. Missing: [ALUStalledByLDS, L2CacheHit, MemUnitBusy]
W20260419 19:35:53.397152 140380903214592 tool.cpp:1189] Unable to find all counters for agent 9 (gpu-7, gfx950) in [ALUStalledByLDS, FetchSize, L2CacheHit, LDSBankConflict, MemUnitBusy, MemUnitStalled, MfmaUtil, VALUBusy]. Found: [FetchSize, LDSBankConflict, MemUnitStalled, MfmaUtil, VALUBusy]. Missing: [ALUStalledByLDS, L2CacheHit, MemUnitBusy]
  Avg time: 0.4938 ms, TFLOPS: 1113.22

============================================================
Layout     Time (ms)    TFLOPS     % of RCR  
------------------------------------------------------------
RCR        0.4938       1113.22    100.00%   
============================================================

Results saved to fp8_layout_results_4096x8192x8192.json
W20260419 19:35:53.573890 140380903214592 simple_timer.cpp:55] [rocprofv3] 'python3 test_python.py 4096 8192 8192' ::     1.574643 sec
E20260419 19:35:53.660732 140380903214592 output_stream.cpp:111] Opened result file: /shared_nfs/kyle/test/Hipkittens2/analysis/fp8_gemm/mi350x/r54b_pmc_results/70B_QO_fp8_rcr_set1/pmc_5/pt-test-2-l7n7x-master-0/2569364_counter_collection.csv
E20260419 19:35:53.700137 140380903214592 output_stream.cpp:111] Opened result file: /shared_nfs/kyle/test/Hipkittens2/analysis/fp8_gemm/mi350x/r54b_pmc_results/70B_QO_fp8_rcr_set1/pmc_5/pt-test-2-l7n7x-master-0/2569364_agent_info.csv
W20260419 19:35:53.703263 140380903214592 simple_timer.cpp:55] [rocprofv3] output generation ::     0.127971 sec
W20260419 19:35:53.703724 140380903214592 simple_timer.cpp:55] [rocprofv3] tool finalization ::     0.128440 sec
