W20260419 17:35:05.737256 139885875084800 simple_timer.cpp:55] [rocprofv3] tool initialization ::     0.140794 sec
W20260419 17:35:05.737472 139885875084800 simple_timer.cpp:55] [rocprofv3] 'python3 test_mxfp8_python.py 4096 8192 28672' ::     0.000000 sec
=== MXFP8 GEMM Layout Benchmark (preshuffle-quant): M=4096, N=8192, K=28672 ===
Warmup=3, iters=5, correctness=off
Layouts=crr

--- CRR Layout: C = A^T @ B ---
W20260419 17:35:06.664147 139885875084800 tool.cpp:2420] HSA version 8.19.0 initialized (instance=0)
  Avg time: 0.9872 ms, TFLOPS: 1949.05

Results saved to mxfp8_layout_results_4096x8192x28672_pq.json
W20260419 17:35:07.447633 139885875084800 simple_timer.cpp:55] [rocprofv3] 'python3 test_mxfp8_python.py 4096 8192 28672' ::     1.710162 sec
E20260419 17:35:07.537988 139885875084800 output_stream.cpp:111] Opened result file: r53c_pmc_results/crr_set3/pmc_1/pt-test-2-l7n7x-master-0/2428425_counter_collection.csv
E20260419 17:35:07.579525 139885875084800 output_stream.cpp:111] Opened result file: r53c_pmc_results/crr_set3/pmc_1/pt-test-2-l7n7x-master-0/2428425_agent_info.csv
W20260419 17:35:07.582742 139885875084800 simple_timer.cpp:55] [rocprofv3] output generation ::     0.121580 sec
W20260419 17:35:07.584202 139885875084800 simple_timer.cpp:55] [rocprofv3] tool finalization ::     0.123047 sec
W20260419 17:35:08.247536 140661501103616 simple_timer.cpp:55] [rocprofv3] tool initialization ::     0.144348 sec
W20260419 17:35:08.247757 140661501103616 simple_timer.cpp:55] [rocprofv3] 'python3 test_mxfp8_python.py 4096 8192 28672' ::     0.000000 sec
=== MXFP8 GEMM Layout Benchmark (preshuffle-quant): M=4096, N=8192, K=28672 ===
Warmup=3, iters=5, correctness=off
Layouts=crr

--- CRR Layout: C = A^T @ B ---
W20260419 17:35:09.185911 140661501103616 tool.cpp:2420] HSA version 8.19.0 initialized (instance=0)
  Avg time: 0.9911 ms, TFLOPS: 1941.51

Results saved to mxfp8_layout_results_4096x8192x28672_pq.json
W20260419 17:35:09.926241 140661501103616 simple_timer.cpp:55] [rocprofv3] 'python3 test_mxfp8_python.py 4096 8192 28672' ::     1.678484 sec
E20260419 17:35:10.009861 140661501103616 output_stream.cpp:111] Opened result file: r53c_pmc_results/crr_set3/pmc_2/pt-test-2-l7n7x-master-0/2428520_counter_collection.csv
E20260419 17:35:10.048709 140661501103616 output_stream.cpp:111] Opened result file: r53c_pmc_results/crr_set3/pmc_2/pt-test-2-l7n7x-master-0/2428520_agent_info.csv
W20260419 17:35:10.051838 140661501103616 simple_timer.cpp:55] [rocprofv3] output generation ::     0.111564 sec
W20260419 17:35:10.053482 140661501103616 simple_timer.cpp:55] [rocprofv3] tool finalization ::     0.113215 sec
W20260419 17:35:10.690195 140019877850624 simple_timer.cpp:55] [rocprofv3] tool initialization ::     0.143681 sec
W20260419 17:35:10.690408 140019877850624 simple_timer.cpp:55] [rocprofv3] 'python3 test_mxfp8_python.py 4096 8192 28672' ::     0.000000 sec
=== MXFP8 GEMM Layout Benchmark (preshuffle-quant): M=4096, N=8192, K=28672 ===
Warmup=3, iters=5, correctness=off
Layouts=crr

--- CRR Layout: C = A^T @ B ---
W20260419 17:35:11.646871 140019877850624 tool.cpp:2420] HSA version 8.19.0 initialized (instance=0)
  Avg time: 0.9243 ms, TFLOPS: 2081.72

Results saved to mxfp8_layout_results_4096x8192x28672_pq.json
W20260419 17:35:12.443576 140019877850624 simple_timer.cpp:55] [rocprofv3] 'python3 test_mxfp8_python.py 4096 8192 28672' ::     1.753168 sec
E20260419 17:35:12.519559 140019877850624 output_stream.cpp:111] Opened result file: r53c_pmc_results/crr_set3/pmc_3/pt-test-2-l7n7x-master-0/2428678_counter_collection.csv
E20260419 17:35:12.557488 140019877850624 output_stream.cpp:111] Opened result file: r53c_pmc_results/crr_set3/pmc_3/pt-test-2-l7n7x-master-0/2428678_agent_info.csv
W20260419 17:35:12.560759 140019877850624 simple_timer.cpp:55] [rocprofv3] output generation ::     0.103989 sec
W20260419 17:35:12.562280 140019877850624 simple_timer.cpp:55] [rocprofv3] tool finalization ::     0.105518 sec
W20260419 17:35:13.264448 140532829224448 simple_timer.cpp:55] [rocprofv3] tool initialization ::     0.140819 sec
W20260419 17:35:13.264671 140532829224448 simple_timer.cpp:55] [rocprofv3] 'python3 test_mxfp8_python.py 4096 8192 28672' ::     0.000000 sec
=== MXFP8 GEMM Layout Benchmark (preshuffle-quant): M=4096, N=8192, K=28672 ===
Warmup=3, iters=5, correctness=off
Layouts=crr

--- CRR Layout: C = A^T @ B ---
W20260419 17:35:14.141851 140532829224448 tool.cpp:2420] HSA version 8.19.0 initialized (instance=0)
  Avg time: 0.9760 ms, TFLOPS: 1971.49

Results saved to mxfp8_layout_results_4096x8192x28672_pq.json
W20260419 17:35:14.808549 140532829224448 simple_timer.cpp:55] [rocprofv3] 'python3 test_mxfp8_python.py 4096 8192 28672' ::     1.543878 sec
E20260419 17:35:14.890586 140532829224448 output_stream.cpp:111] Opened result file: r53c_pmc_results/crr_set3/pmc_4/pt-test-2-l7n7x-master-0/2428774_counter_collection.csv
E20260419 17:35:14.930567 140532829224448 output_stream.cpp:111] Opened result file: r53c_pmc_results/crr_set3/pmc_4/pt-test-2-l7n7x-master-0/2428774_agent_info.csv
W20260419 17:35:14.934022 140532829224448 simple_timer.cpp:55] [rocprofv3] output generation ::     0.112518 sec
W20260419 17:35:14.935525 140532829224448 simple_timer.cpp:55] [rocprofv3] tool finalization ::     0.114029 sec
W20260419 17:35:15.591547 140506632908288 simple_timer.cpp:55] [rocprofv3] tool initialization ::     0.142216 sec
W20260419 17:35:15.591782 140506632908288 simple_timer.cpp:55] [rocprofv3] 'python3 test_mxfp8_python.py 4096 8192 28672' ::     0.000000 sec
=== MXFP8 GEMM Layout Benchmark (preshuffle-quant): M=4096, N=8192, K=28672 ===
Warmup=3, iters=5, correctness=off
Layouts=crr

--- CRR Layout: C = A^T @ B ---
W20260419 17:35:16.541631 140506632908288 tool.cpp:2420] HSA version 8.19.0 initialized (instance=0)
  Avg time: 0.9124 ms, TFLOPS: 2108.77

Results saved to mxfp8_layout_results_4096x8192x28672_pq.json
W20260419 17:35:17.405056 140506632908288 simple_timer.cpp:55] [rocprofv3] 'python3 test_mxfp8_python.py 4096 8192 28672' ::     1.813274 sec
E20260419 17:35:17.498246 140506632908288 output_stream.cpp:111] Opened result file: r53c_pmc_results/crr_set3/pmc_5/pt-test-2-l7n7x-master-0/2428850_counter_collection.csv
E20260419 17:35:17.547228 140506632908288 output_stream.cpp:111] Opened result file: r53c_pmc_results/crr_set3/pmc_5/pt-test-2-l7n7x-master-0/2428850_agent_info.csv
W20260419 17:35:17.550305 140506632908288 simple_timer.cpp:55] [rocprofv3] output generation ::     0.131729 sec
W20260419 17:35:17.551898 140506632908288 simple_timer.cpp:55] [rocprofv3] tool finalization ::     0.133329 sec
