W20260419 17:34:30.505924 140140213718528 simple_timer.cpp:55] [rocprofv3] tool initialization ::     0.153408 sec
W20260419 17:34:30.506182 140140213718528 simple_timer.cpp:55] [rocprofv3] 'python3 test_mxfp8_python.py 4096 8192 28672' ::     0.000001 sec
=== MXFP8 GEMM Layout Benchmark (preshuffle-quant): M=4096, N=8192, K=28672 ===
Warmup=3, iters=5, correctness=off
Layouts=rrr

--- RRR Layout: C = A @ B ---
W20260419 17:34:31.441680 140140213718528 tool.cpp:2420] HSA version 8.19.0 initialized (instance=0)
  Avg time: 0.8927 ms, TFLOPS: 2155.45

Results saved to mxfp8_layout_results_4096x8192x28672_pq.json
W20260419 17:34:32.136631 140140213718528 simple_timer.cpp:55] [rocprofv3] 'python3 test_mxfp8_python.py 4096 8192 28672' ::     1.630449 sec
E20260419 17:34:32.228358 140140213718528 output_stream.cpp:111] Opened result file: r53c_pmc_results/rrr_set3/pmc_1/pt-test-2-l7n7x-master-0/2426983_counter_collection.csv
E20260419 17:34:32.268722 140140213718528 output_stream.cpp:111] Opened result file: r53c_pmc_results/rrr_set3/pmc_1/pt-test-2-l7n7x-master-0/2426983_agent_info.csv
W20260419 17:34:32.271816 140140213718528 simple_timer.cpp:55] [rocprofv3] output generation ::     0.121571 sec
W20260419 17:34:32.273270 140140213718528 simple_timer.cpp:55] [rocprofv3] tool finalization ::     0.123032 sec
W20260419 17:34:32.997247 140335300132352 simple_timer.cpp:55] [rocprofv3] tool initialization ::     0.140018 sec
W20260419 17:34:32.997468 140335300132352 simple_timer.cpp:55] [rocprofv3] 'python3 test_mxfp8_python.py 4096 8192 28672' ::     0.000000 sec
=== MXFP8 GEMM Layout Benchmark (preshuffle-quant): M=4096, N=8192, K=28672 ===
Warmup=3, iters=5, correctness=off
Layouts=rrr

--- RRR Layout: C = A @ B ---
W20260419 17:34:33.931550 140335300132352 tool.cpp:2420] HSA version 8.19.0 initialized (instance=0)
  Avg time: 0.8959 ms, TFLOPS: 2147.82

Results saved to mxfp8_layout_results_4096x8192x28672_pq.json
W20260419 17:34:34.690672 140335300132352 simple_timer.cpp:55] [rocprofv3] 'python3 test_mxfp8_python.py 4096 8192 28672' ::     1.693204 sec
E20260419 17:34:34.792762 140335300132352 output_stream.cpp:111] Opened result file: r53c_pmc_results/rrr_set3/pmc_2/pt-test-2-l7n7x-master-0/2427130_counter_collection.csv
E20260419 17:34:34.832451 140335300132352 output_stream.cpp:111] Opened result file: r53c_pmc_results/rrr_set3/pmc_2/pt-test-2-l7n7x-master-0/2427130_agent_info.csv
W20260419 17:34:34.835440 140335300132352 simple_timer.cpp:55] [rocprofv3] output generation ::     0.130111 sec
W20260419 17:34:34.837486 140335300132352 simple_timer.cpp:55] [rocprofv3] tool finalization ::     0.132164 sec
W20260419 17:34:35.589857 140299670507008 simple_timer.cpp:55] [rocprofv3] tool initialization ::     0.139605 sec
W20260419 17:34:35.590111 140299670507008 simple_timer.cpp:55] [rocprofv3] 'python3 test_mxfp8_python.py 4096 8192 28672' ::     0.000000 sec
=== MXFP8 GEMM Layout Benchmark (preshuffle-quant): M=4096, N=8192, K=28672 ===
Warmup=3, iters=5, correctness=off
Layouts=rrr

--- RRR Layout: C = A @ B ---
W20260419 17:34:36.516003 140299670507008 tool.cpp:2420] HSA version 8.19.0 initialized (instance=0)
  Avg time: 0.8521 ms, TFLOPS: 2258.09

Results saved to mxfp8_layout_results_4096x8192x28672_pq.json
W20260419 17:34:37.366963 140299670507008 simple_timer.cpp:55] [rocprofv3] 'python3 test_mxfp8_python.py 4096 8192 28672' ::     1.776852 sec
E20260419 17:34:37.436075 140299670507008 output_stream.cpp:111] Opened result file: r53c_pmc_results/rrr_set3/pmc_3/pt-test-2-l7n7x-master-0/2427217_counter_collection.csv
E20260419 17:34:37.476738 140299670507008 output_stream.cpp:111] Opened result file: r53c_pmc_results/rrr_set3/pmc_3/pt-test-2-l7n7x-master-0/2427217_agent_info.csv
W20260419 17:34:37.479903 140299670507008 simple_timer.cpp:55] [rocprofv3] output generation ::     0.099431 sec
W20260419 17:34:37.481532 140299670507008 simple_timer.cpp:55] [rocprofv3] tool finalization ::     0.101066 sec
W20260419 17:34:38.155666 139824553135616 simple_timer.cpp:55] [rocprofv3] tool initialization ::     0.143434 sec
W20260419 17:34:38.155885 139824553135616 simple_timer.cpp:55] [rocprofv3] 'python3 test_mxfp8_python.py 4096 8192 28672' ::     0.000000 sec
=== MXFP8 GEMM Layout Benchmark (preshuffle-quant): M=4096, N=8192, K=28672 ===
Warmup=3, iters=5, correctness=off
Layouts=rrr

--- RRR Layout: C = A @ B ---
W20260419 17:34:39.084844 139824553135616 tool.cpp:2420] HSA version 8.19.0 initialized (instance=0)
  Avg time: 0.9053 ms, TFLOPS: 2125.36

Results saved to mxfp8_layout_results_4096x8192x28672_pq.json
W20260419 17:34:39.826309 139824553135616 simple_timer.cpp:55] [rocprofv3] 'python3 test_mxfp8_python.py 4096 8192 28672' ::     1.670425 sec
E20260419 17:34:39.905247 139824553135616 output_stream.cpp:111] Opened result file: r53c_pmc_results/rrr_set3/pmc_4/pt-test-2-l7n7x-master-0/2427291_counter_collection.csv
E20260419 17:34:39.945114 139824553135616 output_stream.cpp:111] Opened result file: r53c_pmc_results/rrr_set3/pmc_4/pt-test-2-l7n7x-master-0/2427291_agent_info.csv
W20260419 17:34:39.948249 139824553135616 simple_timer.cpp:55] [rocprofv3] output generation ::     0.108189 sec
W20260419 17:34:39.949883 139824553135616 simple_timer.cpp:55] [rocprofv3] tool finalization ::     0.109831 sec
W20260419 17:34:40.602962 139702331809280 simple_timer.cpp:55] [rocprofv3] tool initialization ::     0.141797 sec
W20260419 17:34:40.603192 139702331809280 simple_timer.cpp:55] [rocprofv3] 'python3 test_mxfp8_python.py 4096 8192 28672' ::     0.000000 sec
=== MXFP8 GEMM Layout Benchmark (preshuffle-quant): M=4096, N=8192, K=28672 ===
Warmup=3, iters=5, correctness=off
Layouts=rrr

--- RRR Layout: C = A @ B ---
W20260419 17:34:41.521708 139702331809280 tool.cpp:2420] HSA version 8.19.0 initialized (instance=0)
  Avg time: 0.8418 ms, TFLOPS: 2285.67

Results saved to mxfp8_layout_results_4096x8192x28672_pq.json
W20260419 17:34:42.299379 139702331809280 simple_timer.cpp:55] [rocprofv3] 'python3 test_mxfp8_python.py 4096 8192 28672' ::     1.696187 sec
E20260419 17:34:42.381460 139702331809280 output_stream.cpp:111] Opened result file: r53c_pmc_results/rrr_set3/pmc_5/pt-test-2-l7n7x-master-0/2427438_counter_collection.csv
E20260419 17:34:42.432087 139702331809280 output_stream.cpp:111] Opened result file: r53c_pmc_results/rrr_set3/pmc_5/pt-test-2-l7n7x-master-0/2427438_agent_info.csv
W20260419 17:34:42.435301 139702331809280 simple_timer.cpp:55] [rocprofv3] output generation ::     0.122731 sec
W20260419 17:34:42.436859 139702331809280 simple_timer.cpp:55] [rocprofv3] tool finalization ::     0.124296 sec
