===== R40 Dev D V2-RCR QO 4-GPU STRICT-promote cell=qo_8b M=4096 N=4096 K=4096 phys_gpu=4 =====
[orchestrate] N_PAIRS=20 WARMUP=30 ITERS=50 PREHEAT=120s WARMUP_PAIRS=2
[orchestrate] R36/R38 3-gate: G1 sclk-post-preheat>=2200 G2a sclk-post-bench>=2200 G2b stdev/mean<=0.01, MAX_RETRIES=3, G1P_MIN_MEDIAN_TF=500
Sat Apr 18 16:44:13 UTC 2026
[pre-orchestrate sclk check]
GPU[4]		: sclk clock level: 1: (157Mhz)
[build qo_8b md5=37157e13194ac804eb4fdb42b1a70de6 (cached)]
[bench attempt 1/3]
[bench rc=0]
[sclk-pre-preheat] GPU[4]		: sclk clock level: 1: (157Mhz)
[preheat 120.0s] done 21500 iters
[sclk-post-preheat] GPU[4]		: sclk clock level: 1: (2262Mhz)
CORRECTNESS_CRR snr_db=49.61 pass_rate_pct=100.00 det_ok=True
CORRECTNESS_RCR snr_db=49.61 pass_rate_pct=100.00 det_ok=True
[sclk-pre-bench] GPU[4]		: sclk clock level: 1: (2347Mhz)
WARMUP 0 RCR=2171.54 CRR=2180.85 sclk=GPU[4]		: sclk clock level: 1: (2373Mhz)
WARMUP 1 RCR=2244.39 CRR=2219.62 sclk=GPU[4]		: sclk clock level: 1: (2365Mhz)
PAIR 0 RCR_1=2146.73 CRR_1=2198.04 RCR_2=2440.16 CRR_2=2298.19
PAIR 1 RCR_1=2481.39 CRR_1=2313.63 RCR_2=2530.36 CRR_2=2348.97
PAIR 2 RCR_1=2502.17 CRR_1=2351.25 RCR_2=2549.63 CRR_2=2347.46
PAIR 3 RCR_1=2527.87 CRR_1=2357.32 RCR_2=2520.72 CRR_2=2354.77
PAIR 4 RCR_1=2539.49 CRR_1=2341.64 RCR_2=2533.69 CRR_2=2342.09
PAIR 5 RCR_1=2552.43 CRR_1=2370.92 RCR_2=2540.62 CRR_2=2350.87
PAIR 6 RCR_1=2526.79 CRR_1=2351.28 RCR_2=2517.54 CRR_2=2365.76
PAIR 7 RCR_1=2528.54 CRR_1=2363.22 RCR_2=2551.56 CRR_2=2373.67
PAIR 8 RCR_1=2549.29 CRR_1=2361.66 RCR_2=2537.96 CRR_2=2365.76
PAIR 9 RCR_1=2542.58 CRR_1=2358.00 RCR_2=2528.99 CRR_2=2376.85
PAIR 10 RCR_1=2535.48 CRR_1=2333.79 RCR_2=2538.52 CRR_2=2352.90
PAIR 11 RCR_1=2524.52 CRR_1=2347.40 RCR_2=2550.88 CRR_2=2367.91
PAIR 12 RCR_1=2550.20 CRR_1=2358.74 RCR_2=2538.30 CRR_2=2344.48
PAIR 13 RCR_1=2559.58 CRR_1=2368.86 RCR_2=2540.25 CRR_2=2366.44
PAIR 14 RCR_1=2535.63 CRR_1=2355.57 RCR_2=2540.80 CRR_2=2377.22
PAIR 15 RCR_1=2549.48 CRR_1=2353.41 RCR_2=2551.64 CRR_2=2354.73
PAIR 16 RCR_1=2529.92 CRR_1=2334.54 RCR_2=2529.21 CRR_2=2361.08
PAIR 17 RCR_1=2538.71 CRR_1=2370.13 RCR_2=2532.64 CRR_2=2339.35
PAIR 18 RCR_1=2539.72 CRR_1=2353.15 RCR_2=2552.09 CRR_2=2317.54
PAIR 19 RCR_1=2527.91 CRR_1=2359.46 RCR_2=2544.87 CRR_2=2370.20
[sclk-post-bench] GPU[4]		: sclk clock level: 1: (2310Mhz)
CRR  median=2354.75 mean=2349.46 stdev=29.73 n=40
RCR  median=2538.13 mean=2523.97 stdev=64.65 n=40
Welch t (CRR vs RCR) = 15.512  (positive = RCR faster)
DELTA_MEDIAN_PCT RCR_vs_CRR = +7.788%
CRR_TFLOPS_LIST 2198.0421,2298.1904,2313.6336,2348.9719,2351.2544,2347.4617,2357.3197,2354.7672,2341.6416,2342.0853,2370.9191,2350.8683,2351.2841,2365.7597,2363.2189,2373.6674,2361.6637,2365.7597,2358.0008,2376.8546,2333.7854,2352.8967,2347.3976,2367.9086,2358.7414,2344.4832,2368.8579,2366.4449,2355.5735,2377.2163,2353.4100,2354.7317,2334.5417,2361.0770,2370.1332,2339.3450,2353.1529,2317.5389,2359.4573,2370.1970
RCR_TFLOPS_LIST 2146.7330,2440.1551,2481.3895,2530.3622,2502.1738,2549.6295,2527.8742,2520.7167,2539.4886,2533.6863,2552.4317,2540.6181,2526.7904,2517.5391,2528.5439,2551.5646,2549.2890,2537.9561,2542.5762,2528.9896,2535.4803,2538.5177,2524.5245,2550.8807,2550.1972,2538.2955,2559.5838,2540.2453,2535.6328,2540.8041,2549.4773,2551.6375,2529.9216,2529.2140,2538.7081,2532.6377,2539.7176,2552.0914,2527.9095,2544.8680
--- stderr ---
W20260418 16:44:16.958140 140421864525824 agent.cpp:461] Attempt to enable hip visiblity for agent-2 which is not visible to HSA (ROCR)
[mxfp8_dispatch] crr_v2: shape=(M=4096,N=4096,K=4096) -> ADVISE-V2-RCR-8B-QO (R36C +5.83-7.05%)
[mxfp8_dispatch] crr_v2: shape=(M=4096,N=4096,K=4096) -> CRR-V2-EXACT-8WAVE-DEFAULT
[mxfp8_dispatch] rcr_v2: shape=(M=4096,N=4096,K=4096) -> RCR-V2-EXACT-8WAVE
[orchestrate] attempt=1 rc=0 G1 sclk-post-preheat=2262MHz (gate=2200) G2a sclk-post-bench=2310MHz (gate=2200) G2b stdev/mean CRR=0.012626 RCR=0.025472 (gate=0.01 pass=0)
[orchestrate] PASS G1+G2a+G2b at attempt=1; using as final.
[orchestrate] gate_path=G1+G2a+G2b
DONE gpu=4 cell=qo_8b attempts=1
Sat Apr 18 16:46:48 UTC 2026
