===== R40 Dev D V2-RCR QO 4-GPU STRICT-promote cell=qo_70b M=4096 N=8192 K=8192 phys_gpu=1 =====
[orchestrate] N_PAIRS=20 WARMUP=30 ITERS=50 PREHEAT=120s WARMUP_PAIRS=2
[orchestrate] R36/R38 3-gate: G1 sclk-post-preheat>=2200 G2a sclk-post-bench>=2200 G2b stdev/mean<=0.01, MAX_RETRIES=3, G1P_MIN_MEDIAN_TF=500
Sat Apr 18 16:44:20 UTC 2026
[pre-orchestrate sclk check]
GPU[1]		: sclk clock level: 1: (2394Mhz)
[build qo_70b md5=9809f924cd45782781f46c8dcfcdf89c (cached)]
[bench attempt 1/3]
[bench rc=0]
[sclk-pre-preheat] GPU[1]		: sclk clock level: 1: (2383Mhz)
[preheat 120.0s] done 18428 iters
[sclk-post-preheat] GPU[1]		: sclk clock level: 1: (2310Mhz)
CORRECTNESS_CRR snr_db=49.59 pass_rate_pct=100.00 det_ok=True
CORRECTNESS_RCR snr_db=49.60 pass_rate_pct=100.00 det_ok=True
[sclk-pre-bench] GPU[1]		: sclk clock level: 1: (2386Mhz)
WARMUP 0 RCR=1765.53 CRR=1623.83 sclk=GPU[1]		: sclk clock level: 1: (2363Mhz)
WARMUP 1 RCR=1772.81 CRR=1613.22 sclk=GPU[1]		: sclk clock level: 1: (2360Mhz)
PAIR 0 RCR_1=1766.25 CRR_1=1618.13 RCR_2=1809.97 CRR_2=1626.74
PAIR 1 RCR_1=1798.96 CRR_1=1621.51 RCR_2=1808.00 CRR_2=1622.41
PAIR 2 RCR_1=1799.82 CRR_1=1446.79 RCR_2=1798.83 CRR_2=1529.27
PAIR 3 RCR_1=1838.84 CRR_1=1652.69 RCR_2=1854.94 CRR_2=1643.19
PAIR 4 RCR_1=1843.30 CRR_1=1639.29 RCR_2=1832.78 CRR_2=1639.06
PAIR 5 RCR_1=1830.48 CRR_1=1653.14 RCR_2=1853.24 CRR_2=1646.73
PAIR 6 RCR_1=1840.16 CRR_1=1641.09 RCR_2=1835.65 CRR_2=1653.25
PAIR 7 RCR_1=1840.12 CRR_1=1647.56 RCR_2=1842.88 CRR_2=1535.57
PAIR 8 RCR_1=1828.21 CRR_1=1641.80 RCR_2=1690.47 CRR_2=1635.59
PAIR 9 RCR_1=1807.44 CRR_1=1617.66 RCR_2=1801.90 CRR_2=1627.90
PAIR 10 RCR_1=1797.97 CRR_1=1627.12 RCR_2=1824.76 CRR_2=1631.86
PAIR 11 RCR_1=1817.79 CRR_1=1630.61 RCR_2=1793.09 CRR_2=1626.40
PAIR 12 RCR_1=1818.10 CRR_1=1627.13 RCR_2=1817.06 CRR_2=1632.83
PAIR 13 RCR_1=1794.01 CRR_1=1628.11 RCR_2=1814.80 CRR_2=1617.88
PAIR 14 RCR_1=1792.18 CRR_1=1629.93 RCR_2=1800.36 CRR_2=1628.58
PAIR 15 RCR_1=1809.23 CRR_1=1637.77 RCR_2=1808.23 CRR_2=1634.04
PAIR 16 RCR_1=1805.80 CRR_1=1624.24 RCR_2=1802.35 CRR_2=1629.37
PAIR 17 RCR_1=1797.64 CRR_1=1627.24 RCR_2=1823.14 CRR_2=1626.55
PAIR 18 RCR_1=1797.66 CRR_1=1623.25 RCR_2=1801.90 CRR_2=1633.30
PAIR 19 RCR_1=1848.37 CRR_1=1633.00 RCR_2=1824.24 CRR_2=1633.07
[sclk-post-bench] GPU[1]		: sclk clock level: 1: (2346Mhz)
CRR  median=1629.65 mean=1623.04 stdev=37.33 n=40
RCR  median=1809.60 mean=1812.77 stdev=28.10 n=40
Welch t (CRR vs RCR) = 25.684  (positive = RCR faster)
DELTA_MEDIAN_PCT RCR_vs_CRR = +11.042%
CRR_TFLOPS_LIST 1618.1285,1626.7434,1621.5112,1622.4073,1446.7944,1529.2674,1652.6860,1643.1934,1639.2853,1639.0585,1653.1352,1646.7294,1641.0859,1653.2505,1647.5622,1535.5748,1641.7960,1635.5868,1617.6560,1627.9031,1627.1171,1631.8622,1630.6108,1626.4008,1627.1288,1632.8271,1628.1111,1617.8807,1629.9342,1628.5822,1637.7656,1634.0424,1624.2402,1629.3739,1627.2403,1626.5545,1623.2503,1633.2973,1632.9979,1633.0718
RCR_TFLOPS_LIST 1766.2533,1809.9729,1798.9617,1808.0007,1799.8221,1798.8279,1838.8428,1854.9354,1843.3020,1832.7808,1830.4829,1853.2440,1840.1634,1835.6460,1840.1236,1842.8813,1828.2071,1690.4737,1807.4353,1801.8954,1797.9680,1824.7617,1817.7898,1793.0921,1818.0980,1817.0603,1794.0140,1814.8002,1792.1777,1800.3646,1809.2250,1808.2253,1805.8049,1802.3494,1797.6389,1823.1445,1797.6614,1801.8987,1848.3746,1824.2429
--- stderr ---
W20260418 16:44:23.398142 139700857868288 agent.cpp:461] Attempt to enable hip visiblity for agent-2 which is not visible to HSA (ROCR)
[mxfp8_dispatch] crr_v2: shape=(M=4096,N=8192,K=8192) -> ADVISE-V2-RCR-70B-QO (R36C +8.20-8.32%)
[mxfp8_dispatch] crr_v2: shape=(M=4096,N=8192,K=8192) -> CRR-V2-EXACT-8WAVE-DEFAULT
[mxfp8_dispatch] rcr_v2: shape=(M=4096,N=8192,K=8192) -> RCR-V2-EXACT-8WAVE
[orchestrate] attempt=1 rc=0 G1 sclk-post-preheat=2310MHz (gate=2200) G2a sclk-post-bench=2346MHz (gate=2200) G2b stdev/mean CRR=0.022907 RCR=0.015528 (gate=0.01 pass=0)
[orchestrate] PASS G1+G2a+G2b at attempt=1; using as final.
[orchestrate] gate_path=G1+G2a+G2b
DONE gpu=1 cell=qo_70b attempts=1
Sat Apr 18 16:47:08 UTC 2026
