===== R40 Dev D V2-RCR QO 4-GPU STRICT-promote cell=qo_8b M=4096 N=4096 K=4096 phys_gpu=0 =====
[orchestrate] N_PAIRS=20 WARMUP=30 ITERS=50 PREHEAT=120s WARMUP_PAIRS=2
[orchestrate] R36/R38 3-gate: G1 sclk-post-preheat>=2200 G2a sclk-post-bench>=2200 G2b stdev/mean<=0.01, MAX_RETRIES=3, G1P_MIN_MEDIAN_TF=500
Sat Apr 18 16:35:25 UTC 2026
[pre-orchestrate sclk check]
GPU[0]		: sclk clock level: 1: (2356Mhz)
[build qo_8b md5=37157e13194ac804eb4fdb42b1a70de6 (cached)]
[bench attempt 1/3]
[bench rc=0]
[sclk-pre-preheat] GPU[0]		: sclk clock level: 1: (157Mhz)
[preheat 120.0s] done 20476 iters
[sclk-post-preheat] GPU[0]		: sclk clock level: 1: (2162Mhz)
CORRECTNESS_CRR snr_db=49.61 pass_rate_pct=100.00 det_ok=True
CORRECTNESS_RCR snr_db=49.61 pass_rate_pct=100.00 det_ok=True
[sclk-pre-bench] GPU[0]		: sclk clock level: 1: (2333Mhz)
WARMUP 0 RCR=2119.33 CRR=2130.63 sclk=GPU[0]		: sclk clock level: 1: (2369Mhz)
WARMUP 1 RCR=2121.71 CRR=2098.23 sclk=GPU[0]		: sclk clock level: 1: (2366Mhz)
PAIR 0 RCR_1=2101.08 CRR_1=2027.87 RCR_2=2287.24 CRR_2=2176.32
PAIR 1 RCR_1=2370.03 CRR_1=2227.34 RCR_2=2408.87 CRR_2=2267.94
PAIR 2 RCR_1=2413.12 CRR_1=2268.54 RCR_2=2438.71 CRR_2=2282.44
PAIR 3 RCR_1=2415.88 CRR_1=2279.29 RCR_2=2448.48 CRR_2=2271.06
PAIR 4 RCR_1=2429.82 CRR_1=2272.35 RCR_2=2422.47 CRR_2=2263.55
PAIR 5 RCR_1=2436.54 CRR_1=2267.53 RCR_2=2414.44 CRR_2=2300.93
PAIR 6 RCR_1=2420.01 CRR_1=2287.33 RCR_2=2451.22 CRR_2=2292.06
PAIR 7 RCR_1=2433.19 CRR_1=2283.90 RCR_2=2425.66 CRR_2=2258.67
PAIR 8 RCR_1=2444.32 CRR_1=2278.02 RCR_2=2431.37 CRR_2=2279.37
PAIR 9 RCR_1=2437.64 CRR_1=2274.01 RCR_2=2434.94 CRR_2=2289.00
PAIR 10 RCR_1=2445.47 CRR_1=2281.95 RCR_2=2442.55 CRR_2=2260.69
PAIR 11 RCR_1=2456.22 CRR_1=2271.21 RCR_2=2439.84 CRR_2=2287.55
PAIR 12 RCR_1=2414.56 CRR_1=2277.99 RCR_2=2439.19 CRR_2=2287.76
PAIR 13 RCR_1=2447.56 CRR_1=2279.53 RCR_2=2433.62 CRR_2=2284.93
PAIR 14 RCR_1=2444.29 CRR_1=2286.78 RCR_2=2417.78 CRR_2=2270.67
PAIR 15 RCR_1=2442.75 CRR_1=2298.10 RCR_2=2430.76 CRR_2=2287.03
PAIR 16 RCR_1=2446.02 CRR_1=2271.75 RCR_2=2433.61 CRR_2=2271.15
PAIR 17 RCR_1=2447.88 CRR_1=2296.16 RCR_2=2434.77 CRR_2=2242.11
PAIR 18 RCR_1=2428.59 CRR_1=2276.87 RCR_2=2435.89 CRR_2=2290.44
PAIR 19 RCR_1=2427.56 CRR_1=2285.84 RCR_2=2449.79 CRR_2=2260.54
[sclk-post-bench] GPU[0]		: sclk clock level: 1: (2325Mhz)
CRR  median=2278.00 mean=2267.91 stdev=44.38 n=40
RCR  median=2434.20 mean=2420.59 stdev=58.74 n=40
Welch t (CRR vs RCR) = 13.116  (positive = RCR faster)
DELTA_MEDIAN_PCT RCR_vs_CRR = +6.857%
CRR_TFLOPS_LIST 2027.8674,2176.3220,2227.3386,2267.9418,2268.5438,2282.4370,2279.2855,2271.0621,2272.3530,2263.5507,2267.5258,2300.9282,2287.3288,2292.0619,2283.8980,2258.6687,2278.0154,2279.3739,2274.0050,2289.0042,2281.9497,2260.6898,2271.2129,2287.5458,2277.9889,2287.7567,2279.5312,2284.9278,2286.7838,2270.6696,2298.0997,2287.0258,2271.7490,2271.1499,2296.1623,2242.1061,2276.8741,2290.4408,2285.8375,2260.5403
RCR_TFLOPS_LIST 2101.0781,2287.2382,2370.0310,2408.8735,2413.1173,2438.7098,2415.8804,2448.4834,2429.8213,2422.4712,2436.5360,2414.4391,2420.0058,2451.2179,2433.1938,2425.6650,2444.3230,2431.3696,2437.6449,2434.9371,2445.4747,2442.5506,2456.2188,2439.8449,2414.5562,2439.1902,2447.5625,2433.6212,2444.2943,2417.7844,2442.7512,2430.7573,2446.0161,2433.6117,2447.8842,2434.7723,2428.5899,2435.8883,2427.5613,2449.7935
--- stderr ---
[mxfp8_dispatch] crr_v2: shape=(M=4096,N=4096,K=4096) -> ADVISE-V2-RCR-8B-QO (R36C +5.83-7.05%)
[mxfp8_dispatch] crr_v2: shape=(M=4096,N=4096,K=4096) -> CRR-V2-EXACT-8WAVE-DEFAULT
[mxfp8_dispatch] rcr_v2: shape=(M=4096,N=4096,K=4096) -> RCR-V2-EXACT-8WAVE
[orchestrate] attempt=1 rc=0 G1 sclk-post-preheat=2162MHz (gate=2200) G2a sclk-post-bench=2325MHz (gate=2200) G2b stdev/mean CRR=0.019482 RCR=0.024131 (gate=0.01 pass=0)
[orchestrate] attempt=1 FAILED gates; retry after 5s...
[bench attempt 2/3]
[bench rc=0]
[sclk-pre-preheat] GPU[0]		: sclk clock level: 1: (1859Mhz)
[preheat 120.0s] done 20476 iters
[sclk-post-preheat] GPU[0]		: sclk clock level: 1: (2330Mhz)
CORRECTNESS_CRR snr_db=49.61 pass_rate_pct=100.00 det_ok=True
CORRECTNESS_RCR snr_db=49.61 pass_rate_pct=100.00 det_ok=True
[sclk-pre-bench] GPU[0]		: sclk clock level: 1: (2342Mhz)
WARMUP 0 RCR=2098.33 CRR=2093.78 sclk=GPU[0]		: sclk clock level: 1: (2348Mhz)
WARMUP 1 RCR=2112.21 CRR=2105.25 sclk=GPU[0]		: sclk clock level: 1: (2352Mhz)
PAIR 0 RCR_1=2046.15 CRR_1=2128.91 RCR_2=2351.06 CRR_2=2219.51
PAIR 1 RCR_1=2397.89 CRR_1=2277.14 RCR_2=2434.96 CRR_2=2290.04
PAIR 2 RCR_1=2438.48 CRR_1=2303.71 RCR_2=2465.57 CRR_2=2292.52
PAIR 3 RCR_1=2461.08 CRR_1=2290.90 RCR_2=2456.29 CRR_2=2318.16
PAIR 4 RCR_1=2456.36 CRR_1=2309.25 RCR_2=2454.68 CRR_2=2298.96
PAIR 5 RCR_1=2450.34 CRR_1=2309.12 RCR_2=2468.45 CRR_2=2275.12
PAIR 6 RCR_1=2472.07 CRR_1=2301.55 RCR_2=2438.27 CRR_2=2315.07
PAIR 7 RCR_1=2460.37 CRR_1=2267.11 RCR_2=2470.03 CRR_2=2322.61
PAIR 8 RCR_1=2427.64 CRR_1=2297.73 RCR_2=2466.77 CRR_2=2291.81
PAIR 9 RCR_1=2438.27 CRR_1=2282.53 RCR_2=2456.71 CRR_2=2301.95
PAIR 10 RCR_1=2457.27 CRR_1=2316.35 RCR_2=2457.70 CRR_2=2322.65
PAIR 11 RCR_1=2476.73 CRR_1=2293.62 RCR_2=2458.97 CRR_2=2302.51
PAIR 12 RCR_1=2472.31 CRR_1=2304.57 RCR_2=2465.86 CRR_2=2298.75
PAIR 13 RCR_1=2458.65 CRR_1=2299.61 RCR_2=2466.91 CRR_2=2306.40
PAIR 14 RCR_1=2455.91 CRR_1=2303.61 RCR_2=2445.77 CRR_2=2309.50
PAIR 15 RCR_1=2462.49 CRR_1=2299.57 RCR_2=2460.50 CRR_2=2290.96
PAIR 16 RCR_1=2452.62 CRR_1=2284.17 RCR_2=2457.73 CRR_2=2311.33
PAIR 17 RCR_1=2452.25 CRR_1=2287.30 RCR_2=2453.95 CRR_2=2321.58
PAIR 18 RCR_1=2488.35 CRR_1=2292.15 RCR_2=2451.56 CRR_2=2299.11
PAIR 19 RCR_1=2490.17 CRR_1=2306.52 RCR_2=2445.67 CRR_2=2309.03
[sclk-post-bench] GPU[0]		: sclk clock level: 1: (2367Mhz)
CRR  median=2299.59 mean=2293.82 stdev=32.26 n=40
RCR  median=2456.99 mean=2443.57 stdev=68.45 n=40
Welch t (CRR vs RCR) = 12.515  (positive = RCR faster)
DELTA_MEDIAN_PCT RCR_vs_CRR = +6.845%
CRR_TFLOPS_LIST 2128.9116,2219.5102,2277.1420,2290.0401,2303.7074,2292.5176,2290.8966,2318.1604,2309.2494,2298.9584,2309.1245,2275.1200,2301.5463,2315.0678,2267.1053,2322.6130,2297.7293,2291.8135,2282.5265,2301.9479,2316.3491,2322.6468,2293.6195,2302.5071,2304.5734,2298.7454,2299.6085,2306.3989,2303.6132,2309.4994,2299.5739,2290.9562,2284.1675,2311.3326,2287.2998,2321.5757,2292.1506,2299.1115,2306.5219,2309.0330
RCR_TFLOPS_LIST 2046.1488,2351.0565,2397.8942,2434.9604,2438.4831,2465.5708,2461.0816,2456.2935,2456.3637,2454.6791,2450.3386,2468.4474,2472.0659,2438.2720,2460.3740,2470.0258,2427.6384,2466.7683,2438.2702,2456.7150,2457.2728,2457.6990,2476.7319,2458.9654,2472.3060,2465.8557,2458.6487,2466.9135,2455.9142,2445.7680,2462.4909,2460.4965,2452.6176,2457.7342,2452.2535,2453.9489,2488.3485,2451.5616,2490.1672,2445.6705
--- stderr ---
[mxfp8_dispatch] crr_v2: shape=(M=4096,N=4096,K=4096) -> ADVISE-V2-RCR-8B-QO (R36C +5.83-7.05%)
[mxfp8_dispatch] crr_v2: shape=(M=4096,N=4096,K=4096) -> CRR-V2-EXACT-8WAVE-DEFAULT
[mxfp8_dispatch] rcr_v2: shape=(M=4096,N=4096,K=4096) -> RCR-V2-EXACT-8WAVE
[orchestrate] attempt=2 rc=0 G1 sclk-post-preheat=2330MHz (gate=2200) G2a sclk-post-bench=2367MHz (gate=2200) G2b stdev/mean CRR=0.014029 RCR=0.027859 (gate=0.01 pass=0)
[orchestrate] PASS G1+G2a+G2b at attempt=2; using as final.
[orchestrate] gate_path=G1+G2a+G2b
DONE gpu=0 cell=qo_8b attempts=2
Sat Apr 18 16:40:32 UTC 2026
