===== R40 Dev D V2-RCR QO 4-GPU STRICT-promote cell=qo_70b M=4096 N=8192 K=8192 phys_gpu=0 =====
[orchestrate] N_PAIRS=20 WARMUP=30 ITERS=50 PREHEAT=120s WARMUP_PAIRS=2
[orchestrate] R36/R38 3-gate: G1 sclk-post-preheat>=2200 G2a sclk-post-bench>=2200 G2b stdev/mean<=0.01, MAX_RETRIES=3, G1P_MIN_MEDIAN_TF=500
Sat Apr 18 16:44:17 UTC 2026
[pre-orchestrate sclk check]
GPU[0]		: sclk clock level: 1: (157Mhz)
[build qo_70b md5=9809f924cd45782781f46c8dcfcdf89c (cached)]
[bench attempt 1/3]
[bench rc=0]
[sclk-pre-preheat] GPU[0]		: sclk clock level: 1: (1177Mhz)
[preheat 120.0s] done 20476 iters
[sclk-post-preheat] GPU[0]		: sclk clock level: 1: (1879Mhz)
CORRECTNESS_CRR snr_db=49.59 pass_rate_pct=100.00 det_ok=True
CORRECTNESS_RCR snr_db=49.60 pass_rate_pct=100.00 det_ok=True
[sclk-pre-bench] GPU[0]		: sclk clock level: 1: (2354Mhz)
WARMUP 0 RCR=2801.56 CRR=2530.32 sclk=GPU[0]		: sclk clock level: 1: (2337Mhz)
WARMUP 1 RCR=2777.82 CRR=2756.32 sclk=GPU[0]		: sclk clock level: 1: (2331Mhz)
PAIR 0 RCR_1=2804.39 CRR_1=2718.55 RCR_2=2984.89 CRR_2=2761.45
PAIR 1 RCR_1=3004.53 CRR_1=2750.62 RCR_2=2991.93 CRR_2=2763.46
PAIR 2 RCR_1=3020.45 CRR_1=2790.04 RCR_2=2998.45 CRR_2=2799.34
PAIR 3 RCR_1=2994.64 CRR_1=2752.93 RCR_2=2986.15 CRR_2=2825.58
PAIR 4 RCR_1=3034.82 CRR_1=2786.20 RCR_2=2982.18 CRR_2=2774.76
PAIR 5 RCR_1=2990.32 CRR_1=2780.21 RCR_2=3048.36 CRR_2=2756.94
PAIR 6 RCR_1=3005.69 CRR_1=2837.73 RCR_2=3049.85 CRR_2=2795.06
PAIR 7 RCR_1=3032.53 CRR_1=2783.70 RCR_2=3048.69 CRR_2=2743.14
PAIR 8 RCR_1=3017.50 CRR_1=2840.66 RCR_2=3039.60 CRR_2=2772.45
PAIR 9 RCR_1=3022.82 CRR_1=2749.66 RCR_2=2948.50 CRR_2=2731.44
PAIR 10 RCR_1=2980.27 CRR_1=2766.23 RCR_2=3020.52 CRR_2=2780.04
PAIR 11 RCR_1=3013.21 CRR_1=2744.90 RCR_2=3023.56 CRR_2=2748.74
PAIR 12 RCR_1=3038.36 CRR_1=2816.97 RCR_2=2999.23 CRR_2=2784.49
PAIR 13 RCR_1=3015.31 CRR_1=2784.69 RCR_2=2987.09 CRR_2=2830.96
PAIR 14 RCR_1=3024.58 CRR_1=2791.37 RCR_2=3019.19 CRR_2=2844.29
PAIR 15 RCR_1=3020.57 CRR_1=2822.68 RCR_2=2967.18 CRR_2=2835.22
PAIR 16 RCR_1=3052.56 CRR_1=2743.23 RCR_2=2994.46 CRR_2=2713.35
PAIR 17 RCR_1=2993.34 CRR_1=2745.28 RCR_2=3041.36 CRR_2=2781.52
PAIR 18 RCR_1=3010.95 CRR_1=2748.65 RCR_2=3027.91 CRR_2=2733.23
PAIR 19 RCR_1=3000.15 CRR_1=2781.14 RCR_2=3013.55 CRR_2=2802.94
[sclk-post-bench] GPU[0]		: sclk clock level: 1: (2320Mhz)
CRR  median=2780.12 mean=2777.85 stdev=34.77 n=40
RCR  median=3013.38 mean=3006.24 stdev=40.55 n=40
Welch t (CRR vs RCR) = 27.043  (positive = RCR faster)
DELTA_MEDIAN_PCT RCR_vs_CRR = +8.390%
CRR_TFLOPS_LIST 2718.5501,2761.4500,2750.6170,2763.4608,2790.0396,2799.3368,2752.9316,2825.5803,2786.2045,2774.7636,2780.2079,2756.9418,2837.7274,2795.0560,2783.6989,2743.1400,2840.6594,2772.4458,2749.6595,2731.4410,2766.2296,2780.0398,2744.9035,2748.7362,2816.9738,2784.4893,2784.6921,2830.9581,2791.3658,2844.2924,2822.6788,2835.2216,2743.2276,2713.3535,2745.2772,2781.5249,2748.6485,2733.2335,2781.1418,2802.9437
RCR_TFLOPS_LIST 2804.3858,2984.8876,3004.5294,2991.9319,3020.4548,2998.4452,2994.6432,2986.1463,3034.8210,2982.1816,2990.3178,3048.3644,3005.6852,3049.8533,3032.5312,3048.6900,3017.4968,3039.6018,3022.8201,2948.5033,2980.2658,3020.5218,3013.2106,3023.5649,3038.3640,2999.2320,3015.3131,2987.0929,3024.5762,3019.1944,3020.5746,2967.1792,3052.5624,2994.4602,2993.3394,3041.3631,3010.9523,3027.9080,3000.1473,3013.5548
--- stderr ---
[mxfp8_dispatch] crr_v2: shape=(M=4096,N=8192,K=8192) -> ADVISE-V2-RCR-70B-QO (R36C +8.20-8.32%)
[mxfp8_dispatch] crr_v2: shape=(M=4096,N=8192,K=8192) -> CRR-V2-EXACT-8WAVE-DEFAULT
[mxfp8_dispatch] rcr_v2: shape=(M=4096,N=8192,K=8192) -> RCR-V2-EXACT-8WAVE
[orchestrate] attempt=1 rc=0 G1 sclk-post-preheat=1879MHz (gate=2200) G2a sclk-post-bench=2320MHz (gate=2200) G2b stdev/mean CRR=0.012507 RCR=0.013457 (gate=0.01 pass=0)
[orchestrate] attempt=1 FAILED gates; retry after 5s...
[bench attempt 2/3]
[bench rc=0]
[sclk-pre-preheat] GPU[0]		: sclk clock level: 1: (157Mhz)
[preheat 120.0s] done 20476 iters
[sclk-post-preheat] GPU[0]		: sclk clock level: 1: (1852Mhz)
CORRECTNESS_CRR snr_db=49.59 pass_rate_pct=100.00 det_ok=True
CORRECTNESS_RCR snr_db=49.60 pass_rate_pct=100.00 det_ok=True
[sclk-pre-bench] GPU[0]		: sclk clock level: 1: (2330Mhz)
WARMUP 0 RCR=2750.07 CRR=2653.87 sclk=GPU[0]		: sclk clock level: 1: (2357Mhz)
WARMUP 1 RCR=2775.85 CRR=2680.82 sclk=GPU[0]		: sclk clock level: 1: (2330Mhz)
PAIR 0 RCR_1=2734.46 CRR_1=2697.65 RCR_2=2970.36 CRR_2=2761.93
PAIR 1 RCR_1=2933.80 CRR_1=2716.83 RCR_2=2948.07 CRR_2=2735.53
PAIR 2 RCR_1=2903.56 CRR_1=2720.80 RCR_2=2915.28 CRR_2=2672.13
PAIR 3 RCR_1=2946.59 CRR_1=2679.82 RCR_2=2959.96 CRR_2=2756.93
PAIR 4 RCR_1=2920.15 CRR_1=2682.30 RCR_2=2974.58 CRR_2=2706.32
PAIR 5 RCR_1=2920.48 CRR_1=2759.21 RCR_2=2935.99 CRR_2=2674.76
PAIR 6 RCR_1=2910.12 CRR_1=2720.14 RCR_2=2936.22 CRR_2=2676.06
PAIR 7 RCR_1=2971.50 CRR_1=2666.52 RCR_2=2903.56 CRR_2=2694.98
PAIR 8 RCR_1=2983.27 CRR_1=2782.17 RCR_2=2982.43 CRR_2=2753.38
PAIR 9 RCR_1=2930.11 CRR_1=2691.40 RCR_2=2949.01 CRR_2=2763.59
PAIR 10 RCR_1=2971.33 CRR_1=2713.78 RCR_2=2958.24 CRR_2=2772.86
PAIR 11 RCR_1=2953.51 CRR_1=2717.85 RCR_2=2968.43 CRR_2=2746.09
PAIR 12 RCR_1=2974.06 CRR_1=2731.35 RCR_2=2915.08 CRR_2=2734.82
PAIR 13 RCR_1=2953.47 CRR_1=2766.28 RCR_2=2955.90 CRR_2=2705.85
PAIR 14 RCR_1=2950.22 CRR_1=2703.12 RCR_2=2956.71 CRR_2=2672.06
PAIR 15 RCR_1=2919.32 CRR_1=2662.66 RCR_2=2965.80 CRR_2=2733.86
PAIR 16 RCR_1=2933.76 CRR_1=2668.06 RCR_2=2928.93 CRR_2=2732.35
PAIR 17 RCR_1=2957.49 CRR_1=2758.26 RCR_2=2945.71 CRR_2=2688.44
PAIR 18 RCR_1=2946.14 CRR_1=2755.52 RCR_2=2966.78 CRR_2=2683.13
PAIR 19 RCR_1=2938.50 CRR_1=2708.36 RCR_2=2920.87 CRR_2=2709.26
[sclk-post-bench] GPU[0]		: sclk clock level: 1: (2320Mhz)
CRR  median=2715.31 mean=2716.91 stdev=34.40 n=40
RCR  median=2947.33 mean=2940.24 stdev=39.98 n=40
Welch t (CRR vs RCR) = 26.780  (positive = RCR faster)
DELTA_MEDIAN_PCT RCR_vs_CRR = +8.545%
CRR_TFLOPS_LIST 2697.6539,2761.9258,2716.8292,2735.5290,2720.7979,2672.1324,2679.8208,2756.9296,2682.3025,2706.3220,2759.2097,2674.7625,2720.1414,2676.0637,2666.5230,2694.9766,2782.1665,2753.3833,2691.3971,2763.5919,2713.7837,2772.8577,2717.8505,2746.0887,2731.3530,2734.8225,2766.2836,2705.8545,2703.1180,2672.0581,2662.6565,2733.8634,2668.0640,2732.3530,2758.2573,2688.4405,2755.5246,2683.1278,2708.3587,2709.2572
RCR_TFLOPS_LIST 2734.4606,2970.3589,2933.7985,2948.0707,2903.5649,2915.2791,2946.5924,2959.9582,2920.1473,2974.5768,2920.4818,2935.9920,2910.1184,2936.2172,2971.5027,2903.5643,2983.2675,2982.4256,2930.1082,2949.0088,2971.3347,2958.2370,2953.5073,2968.4343,2974.0609,2915.0809,2953.4693,2955.8954,2950.2229,2956.7097,2919.3156,2965.7955,2933.7603,2928.9337,2957.4853,2945.7079,2946.1373,2966.7808,2938.5032,2920.8672
--- stderr ---
[mxfp8_dispatch] crr_v2: shape=(M=4096,N=8192,K=8192) -> ADVISE-V2-RCR-70B-QO (R36C +8.20-8.32%)
[mxfp8_dispatch] crr_v2: shape=(M=4096,N=8192,K=8192) -> CRR-V2-EXACT-8WAVE-DEFAULT
[mxfp8_dispatch] rcr_v2: shape=(M=4096,N=8192,K=8192) -> RCR-V2-EXACT-8WAVE
[orchestrate] attempt=2 rc=0 G1 sclk-post-preheat=1852MHz (gate=2200) G2a sclk-post-bench=2320MHz (gate=2200) G2b stdev/mean CRR=0.012669 RCR=0.013565 (gate=0.01 pass=0)
[orchestrate] attempt=2 FAILED gates; retry after 5s...
[bench attempt 3/3]
[bench rc=0]
[sclk-pre-preheat] GPU[0]		: sclk clock level: 1: (158Mhz)
[preheat 120.0s] done 20476 iters
[sclk-post-preheat] GPU[0]		: sclk clock level: 1: (2117Mhz)
CORRECTNESS_CRR snr_db=49.59 pass_rate_pct=100.00 det_ok=True
CORRECTNESS_RCR snr_db=49.60 pass_rate_pct=100.00 det_ok=True
[sclk-pre-bench] GPU[0]		: sclk clock level: 1: (2302Mhz)
WARMUP 0 RCR=2799.28 CRR=2608.57 sclk=GPU[0]		: sclk clock level: 1: (2282Mhz)
WARMUP 1 RCR=2695.06 CRR=2684.82 sclk=GPU[0]		: sclk clock level: 1: (2322Mhz)
PAIR 0 RCR_1=2741.16 CRR_1=2622.53 RCR_2=2920.16 CRR_2=2693.55
PAIR 1 RCR_1=2976.96 CRR_1=2746.79 RCR_2=2933.15 CRR_2=2733.57
PAIR 2 RCR_1=2920.62 CRR_1=2702.12 RCR_2=2948.63 CRR_2=2679.63
PAIR 3 RCR_1=2957.71 CRR_1=2685.37 RCR_2=2925.21 CRR_2=2691.38
PAIR 4 RCR_1=2918.58 CRR_1=2719.60 RCR_2=2964.12 CRR_2=2749.59
PAIR 5 RCR_1=2927.15 CRR_1=2740.85 RCR_2=2962.61 CRR_2=2700.65
PAIR 6 RCR_1=2952.14 CRR_1=2735.33 RCR_2=2938.58 CRR_2=2684.23
PAIR 7 RCR_1=2913.09 CRR_1=2682.39 RCR_2=2952.63 CRR_2=2764.19
PAIR 8 RCR_1=2968.19 CRR_1=2681.60 RCR_2=2971.26 CRR_2=2741.16
PAIR 9 RCR_1=2965.67 CRR_1=2704.84 RCR_2=2918.23 CRR_2=2764.76
PAIR 10 RCR_1=2933.17 CRR_1=2712.52 RCR_2=2926.17 CRR_2=2696.62
PAIR 11 RCR_1=2931.52 CRR_1=2716.08 RCR_2=2927.08 CRR_2=2672.11
PAIR 12 RCR_1=2935.57 CRR_1=2727.44 RCR_2=2936.33 CRR_2=2754.49
PAIR 13 RCR_1=2934.52 CRR_1=2659.71 RCR_2=2929.96 CRR_2=2704.55
PAIR 14 RCR_1=2943.16 CRR_1=2757.64 RCR_2=2987.77 CRR_2=2724.13
PAIR 15 RCR_1=2971.35 CRR_1=2724.31 RCR_2=2970.03 CRR_2=2727.88
PAIR 16 RCR_1=2954.22 CRR_1=2704.03 RCR_2=2955.18 CRR_2=2689.73
PAIR 17 RCR_1=2915.66 CRR_1=2725.14 RCR_2=2929.51 CRR_2=2679.84
PAIR 18 RCR_1=2948.12 CRR_1=2724.31 RCR_2=2933.29 CRR_2=2687.15
PAIR 19 RCR_1=2960.49 CRR_1=2719.99 RCR_2=2920.10 CRR_2=2743.40
[sclk-post-bench] GPU[0]		: sclk clock level: 1: (2277Mhz)
CRR  median=2714.30 mean=2711.88 stdev=30.87 n=40
RCR  median=2935.95 mean=2937.98 stdev=37.45 n=40
Welch t (CRR vs RCR) = 29.465  (positive = RCR faster)
DELTA_MEDIAN_PCT RCR_vs_CRR = +8.166%
CRR_TFLOPS_LIST 2622.5282,2693.5510,2746.7888,2733.5709,2702.1197,2679.6343,2685.3718,2691.3769,2719.6026,2749.5932,2740.8525,2700.6532,2735.3327,2684.2282,2682.3949,2764.1928,2681.6004,2741.1578,2704.8403,2764.7605,2712.5186,2696.6160,2716.0764,2672.1111,2727.4399,2754.4872,2659.7097,2704.5547,2757.6369,2724.1314,2724.3136,2727.8835,2704.0325,2689.7340,2725.1366,2679.8428,2724.3053,2687.1451,2719.9917,2743.4023
RCR_TFLOPS_LIST 2741.1578,2920.1594,2976.9607,2933.1467,2920.6186,2948.6286,2957.7144,2925.2077,2918.5844,2964.1200,2927.1502,2962.6121,2952.1374,2938.5783,2913.0917,2952.6323,2968.1907,2971.2579,2965.6672,2918.2252,2933.1724,2926.1656,2931.5216,2927.0764,2935.5653,2936.3311,2934.5245,2929.9583,2943.1598,2987.7679,2971.3485,2970.0255,2954.2181,2955.1839,2915.6619,2929.5093,2948.1216,2933.2857,2960.4925,2920.0977
--- stderr ---
[mxfp8_dispatch] crr_v2: shape=(M=4096,N=8192,K=8192) -> ADVISE-V2-RCR-70B-QO (R36C +8.20-8.32%)
[mxfp8_dispatch] crr_v2: shape=(M=4096,N=8192,K=8192) -> CRR-V2-EXACT-8WAVE-DEFAULT
[mxfp8_dispatch] rcr_v2: shape=(M=4096,N=8192,K=8192) -> RCR-V2-EXACT-8WAVE
[orchestrate] attempt=3 rc=0 G1 sclk-post-preheat=2117MHz (gate=2200) G2a sclk-post-bench=2277MHz (gate=2200) G2b stdev/mean CRR=0.011373 RCR=0.012756 (gate=0.01 pass=0)
[orchestrate] attempt=3 FAILED gates; retry after 5s...
[orchestrate] EXHAUSTED 3 retries; using last attempt.
[orchestrate] gate_path=EXHAUSTED
DONE gpu=0 cell=qo_70b attempts=4
Sat Apr 18 16:52:08 UTC 2026
