===== R40 Dev D V2-RCR QO 4-GPU STRICT-promote cell=qo_70b M=4096 N=8192 K=8192 phys_gpu=4 =====
[orchestrate] N_PAIRS=20 WARMUP=30 ITERS=50 PREHEAT=120s WARMUP_PAIRS=2
[orchestrate] R36/R38 3-gate: G1 sclk-post-preheat>=2200 G2a sclk-post-bench>=2200 G2b stdev/mean<=0.01, MAX_RETRIES=3, G1P_MIN_MEDIAN_TF=500
Sat Apr 18 16:50:31 UTC 2026
[pre-orchestrate sclk check]
GPU[4]		: sclk clock level: 1: (157Mhz)
[build qo_70b md5=9809f924cd45782781f46c8dcfcdf89c (cached)]
[bench attempt 1/3]
[bench rc=0]
[sclk-pre-preheat] GPU[4]		: sclk clock level: 1: (156Mhz)
[preheat 120.0s] done 21500 iters
[sclk-post-preheat] GPU[4]		: sclk clock level: 1: (2166Mhz)
CORRECTNESS_CRR snr_db=49.59 pass_rate_pct=100.00 det_ok=True
CORRECTNESS_RCR snr_db=49.60 pass_rate_pct=100.00 det_ok=True
[sclk-pre-bench] GPU[4]		: sclk clock level: 1: (2316Mhz)
WARMUP 0 RCR=2702.09 CRR=2661.54 sclk=GPU[4]		: sclk clock level: 1: (2306Mhz)
WARMUP 1 RCR=2711.40 CRR=2628.35 sclk=GPU[4]		: sclk clock level: 1: (2316Mhz)
PAIR 0 RCR_1=2747.26 CRR_1=2659.20 RCR_2=2909.18 CRR_2=2685.64
PAIR 1 RCR_1=2972.40 CRR_1=2757.70 RCR_2=2988.37 CRR_2=2775.32
PAIR 2 RCR_1=2996.03 CRR_1=2759.11 RCR_2=3001.59 CRR_2=2763.46
PAIR 3 RCR_1=2987.20 CRR_1=2756.37 RCR_2=3000.38 CRR_2=2759.52
PAIR 4 RCR_1=3003.46 CRR_1=2754.36 RCR_2=2986.43 CRR_2=2732.19
PAIR 5 RCR_1=3000.22 CRR_1=2745.06 RCR_2=3000.26 CRR_2=2756.73
PAIR 6 RCR_1=2993.69 CRR_1=2770.40 RCR_2=2981.44 CRR_2=2775.34
PAIR 7 RCR_1=3015.15 CRR_1=2762.26 RCR_2=3001.97 CRR_2=2784.57
PAIR 8 RCR_1=3005.37 CRR_1=2763.56 RCR_2=3011.10 CRR_2=2763.53
PAIR 9 RCR_1=2992.48 CRR_1=2770.35 RCR_2=3002.27 CRR_2=2776.57
PAIR 10 RCR_1=2984.80 CRR_1=2773.75 RCR_2=2967.27 CRR_2=2774.73
PAIR 11 RCR_1=2954.80 CRR_1=2778.13 RCR_2=3007.53 CRR_2=2778.61
PAIR 12 RCR_1=2994.15 CRR_1=2676.23 RCR_2=2971.95 CRR_2=2697.79
PAIR 13 RCR_1=2944.98 CRR_1=2774.85 RCR_2=2995.79 CRR_2=2767.69
PAIR 14 RCR_1=3001.21 CRR_1=2759.70 RCR_2=2988.00 CRR_2=2727.09
PAIR 15 RCR_1=2958.82 CRR_1=2779.95 RCR_2=2947.63 CRR_2=2767.19
PAIR 16 RCR_1=2990.42 CRR_1=2770.14 RCR_2=2992.03 CRR_2=2734.78
PAIR 17 RCR_1=2986.51 CRR_1=2758.87 RCR_2=2991.23 CRR_2=2766.73
PAIR 18 RCR_1=3007.22 CRR_1=2753.48 RCR_2=2967.32 CRR_2=2742.08
PAIR 19 RCR_1=2958.29 CRR_1=2753.34 RCR_2=2983.34 CRR_2=2776.79
[sclk-post-bench] GPU[4]		: sclk clock level: 1: (2290Mhz)
CRR  median=2762.86 mean=2754.58 stdev=28.84 n=40
RCR  median=2990.82 mean=2979.74 stdev=43.33 n=40
Welch t (CRR vs RCR) = 27.360  (positive = RCR faster)
DELTA_MEDIAN_PCT RCR_vs_CRR = +8.251%
CRR_TFLOPS_LIST 2659.2040,2685.6441,2757.7038,2775.3231,2759.1092,2763.4591,2756.3748,2759.5194,2754.3649,2732.1879,2745.0570,2756.7287,2770.3998,2775.3446,2762.2603,2784.5660,2763.5591,2763.5255,2770.3549,2776.5672,2773.7542,2774.7283,2778.1275,2778.6108,2676.2315,2697.7895,2774.8513,2767.6887,2759.6967,2727.0938,2779.9490,2767.1864,2770.1418,2734.7768,2758.8655,2766.7293,2753.4837,2742.0763,2753.3392,2776.7916
RCR_TFLOPS_LIST 2747.2629,2909.1818,2972.4014,2988.3662,2996.0265,3001.5881,2987.1958,3000.3828,3003.4635,2986.4299,3000.2249,3000.2642,2993.6898,2981.4415,3015.1534,3001.9681,3005.3687,3011.0968,2992.4771,3002.2694,2984.7958,2967.2663,2954.8030,3007.5252,2994.1464,2971.9515,2944.9751,2995.7910,3001.2070,2988.0018,2958.8233,2947.6288,2990.4200,2992.0348,2986.5078,2991.2267,3007.2228,2967.3182,2958.2877,2983.3435
--- stderr ---
W20260418 16:50:35.173693 139949891268608 agent.cpp:461] Attempt to enable hip visiblity for agent-2 which is not visible to HSA (ROCR)
[mxfp8_dispatch] crr_v2: shape=(M=4096,N=8192,K=8192) -> ADVISE-V2-RCR-70B-QO (R36C +8.20-8.32%)
[mxfp8_dispatch] crr_v2: shape=(M=4096,N=8192,K=8192) -> CRR-V2-EXACT-8WAVE-DEFAULT
[mxfp8_dispatch] rcr_v2: shape=(M=4096,N=8192,K=8192) -> RCR-V2-EXACT-8WAVE
[orchestrate] attempt=1 rc=0 G1 sclk-post-preheat=2166MHz (gate=2200) G2a sclk-post-bench=2290MHz (gate=2200) G2b stdev/mean CRR=0.010438 RCR=0.014488 (gate=0.01 pass=0)
[orchestrate] attempt=1 FAILED gates; retry after 5s...
[bench attempt 2/3]
[bench rc=0]
[sclk-pre-preheat] GPU[4]		: sclk clock level: 1: (185Mhz)
[preheat 120.0s] done 20476 iters
[sclk-post-preheat] GPU[4]		: sclk clock level: 1: (2294Mhz)
CORRECTNESS_CRR snr_db=49.59 pass_rate_pct=100.00 det_ok=True
CORRECTNESS_RCR snr_db=49.60 pass_rate_pct=100.00 det_ok=True
[sclk-pre-bench] GPU[4]		: sclk clock level: 1: (2359Mhz)
WARMUP 0 RCR=2796.51 CRR=2720.88 sclk=GPU[4]		: sclk clock level: 1: (2343Mhz)
WARMUP 1 RCR=2747.81 CRR=2694.23 sclk=GPU[4]		: sclk clock level: 1: (2314Mhz)
PAIR 0 RCR_1=2776.19 CRR_1=2679.16 RCR_2=2982.34 CRR_2=2735.26
PAIR 1 RCR_1=3015.66 CRR_1=2817.39 RCR_2=3013.09 CRR_2=2797.33
PAIR 2 RCR_1=3053.08 CRR_1=2816.96 RCR_2=3052.40 CRR_2=2804.28
PAIR 3 RCR_1=3050.26 CRR_1=2788.11 RCR_2=3049.11 CRR_2=2811.94
PAIR 4 RCR_1=3049.57 CRR_1=2811.53 RCR_2=3053.95 CRR_2=2827.60
PAIR 5 RCR_1=3038.32 CRR_1=2823.62 RCR_2=3057.27 CRR_2=2808.53
PAIR 6 RCR_1=3063.97 CRR_1=2798.10 RCR_2=3049.43 CRR_2=2809.26
PAIR 7 RCR_1=3054.07 CRR_1=2815.08 RCR_2=3014.80 CRR_2=2794.54
PAIR 8 RCR_1=2784.54 CRR_1=2580.26 RCR_2=3045.46 CRR_2=2803.99
PAIR 9 RCR_1=3053.96 CRR_1=2583.46 RCR_2=3033.67 CRR_2=2811.00
PAIR 10 RCR_1=3040.98 CRR_1=2822.55 RCR_2=3058.73 CRR_2=2814.00
PAIR 11 RCR_1=3056.25 CRR_1=2811.72 RCR_2=3055.85 CRR_2=2799.94
PAIR 12 RCR_1=3041.83 CRR_1=2814.37 RCR_2=3057.18 CRR_2=2816.05
PAIR 13 RCR_1=3050.92 CRR_1=2826.15 RCR_2=3032.95 CRR_2=2817.67
PAIR 14 RCR_1=3058.09 CRR_1=2817.63 RCR_2=3049.36 CRR_2=2812.69
PAIR 15 RCR_1=3045.66 CRR_1=2829.29 RCR_2=3061.51 CRR_2=2774.56
PAIR 16 RCR_1=3056.87 CRR_1=2804.14 RCR_2=3063.02 CRR_2=2807.32
PAIR 17 RCR_1=3039.88 CRR_1=2825.77 RCR_2=3067.74 CRR_2=2820.08
PAIR 18 RCR_1=3052.06 CRR_1=2760.08 RCR_2=3053.74 CRR_2=2811.74
PAIR 19 RCR_1=3027.39 CRR_1=2832.58 RCR_2=3043.00 CRR_2=2820.49
[sclk-post-bench] GPU[4]		: sclk clock level: 1: (2237Mhz)
CRR  median=2811.73 mean=2793.91 stdev=56.39 n=40
RCR  median=3049.91 mean=3032.60 stdev=60.87 n=40
Welch t (CRR vs RCR) = 18.194  (positive = RCR faster)
DELTA_MEDIAN_PCT RCR_vs_CRR = +8.471%
CRR_TFLOPS_LIST 2679.1629,2735.2576,2817.3893,2797.3304,2816.9614,2804.2834,2788.1149,2811.9371,2811.5339,2827.6027,2823.6171,2808.5343,2798.1043,2809.2576,2815.0807,2794.5436,2580.2588,2803.9856,2583.4623,2811.0046,2822.5504,2813.9977,2811.7177,2799.9390,2814.3653,2816.0503,2826.1489,2817.6668,2817.6316,2812.6852,2829.2911,2774.5617,2804.1441,2807.3167,2825.7659,2820.0826,2760.0841,2811.7407,2832.5792,2820.4883
RCR_TFLOPS_LIST 2776.1870,2982.3360,3015.6552,3013.0910,3053.0768,3052.3984,3050.2577,3049.1076,3049.5670,3053.9452,3038.3231,3057.2743,3063.9676,3049.4330,3054.0673,3014.7962,2784.5358,3045.4588,3053.9590,3033.6681,3040.9846,3058.7300,3056.2541,3055.8468,3041.8332,3057.1783,3050.9219,3032.9458,3058.0906,3049.3647,3045.6626,3061.5102,3056.8663,3063.0242,3039.8818,3067.7424,3052.0598,3053.7416,3027.3868,3043.0048
--- stderr ---
W20260418 16:53:15.957980 140673596162048 agent.cpp:461] Attempt to enable hip visiblity for agent-2 which is not visible to HSA (ROCR)
[mxfp8_dispatch] crr_v2: shape=(M=4096,N=8192,K=8192) -> ADVISE-V2-RCR-70B-QO (R36C +8.20-8.32%)
[mxfp8_dispatch] crr_v2: shape=(M=4096,N=8192,K=8192) -> CRR-V2-EXACT-8WAVE-DEFAULT
[mxfp8_dispatch] rcr_v2: shape=(M=4096,N=8192,K=8192) -> RCR-V2-EXACT-8WAVE
[orchestrate] attempt=2 rc=0 G1 sclk-post-preheat=2294MHz (gate=2200) G2a sclk-post-bench=2237MHz (gate=2200) G2b stdev/mean CRR=0.020055 RCR=0.019958 (gate=0.01 pass=0)
[orchestrate] PASS G1+G2a+G2b at attempt=2; using as final.
[orchestrate] gate_path=G1+G2a+G2b
DONE gpu=4 cell=qo_70b attempts=2
Sat Apr 18 16:55:41 UTC 2026
