===== R40 Dev D V2-RCR QO 4-GPU STRICT-promote cell=qo_8b M=4096 N=4096 K=4096 phys_gpu=5 =====
[orchestrate] N_PAIRS=20 WARMUP=30 ITERS=50 PREHEAT=120s WARMUP_PAIRS=2
[orchestrate] R36/R38 3-gate: G1 sclk-post-preheat>=2200 G2a sclk-post-bench>=2200 G2b stdev/mean<=0.01, MAX_RETRIES=3, G1P_MIN_MEDIAN_TF=500
Sat Apr 18 16:35:36 UTC 2026
[pre-orchestrate sclk check]
GPU[5]		: sclk clock level: 1: (2396Mhz)
[build qo_8b md5=37157e13194ac804eb4fdb42b1a70de6 (cached)]
[bench attempt 1/3]
[bench rc=0]
[sclk-pre-preheat] GPU[5]		: sclk clock level: 1: (2396Mhz)
[preheat 120.0s] done 16380 iters
[sclk-post-preheat] GPU[5]		: sclk clock level: 1: (1723Mhz)
CORRECTNESS_CRR snr_db=49.61 pass_rate_pct=100.00 det_ok=True
CORRECTNESS_RCR snr_db=49.61 pass_rate_pct=100.00 det_ok=True
[sclk-pre-bench] GPU[5]		: sclk clock level: 1: (1861Mhz)
WARMUP 0 RCR=97.90 CRR=120.16 sclk=GPU[5]		: sclk clock level: 1: (1834Mhz)
WARMUP 1 RCR=97.88 CRR=116.79 sclk=GPU[5]		: sclk clock level: 1: (1830Mhz)
PAIR 0 RCR_1=97.83 CRR_1=113.88 RCR_2=97.98 CRR_2=120.23
PAIR 1 RCR_1=97.94 CRR_1=120.33 RCR_2=97.73 CRR_2=120.05
PAIR 2 RCR_1=98.02 CRR_1=116.77 RCR_2=97.86 CRR_2=116.64
PAIR 3 RCR_1=98.10 CRR_1=112.62 RCR_2=97.73 CRR_2=118.44
PAIR 4 RCR_1=97.72 CRR_1=120.38 RCR_2=97.82 CRR_2=113.75
PAIR 5 RCR_1=141.61 CRR_1=2118.99 RCR_2=2282.47 CRR_2=2133.86
PAIR 6 RCR_1=2343.46 CRR_1=2218.05 RCR_2=2406.65 CRR_2=2247.24
PAIR 7 RCR_1=2446.37 CRR_1=2220.60 RCR_2=2444.06 CRR_2=2284.41
PAIR 8 RCR_1=2449.47 CRR_1=2251.36 RCR_2=2431.09 CRR_2=2282.01
PAIR 9 RCR_1=2422.60 CRR_1=2247.65 RCR_2=2440.86 CRR_2=2252.27
PAIR 10 RCR_1=2445.53 CRR_1=2295.61 RCR_2=2441.42 CRR_2=2299.48
PAIR 11 RCR_1=2416.67 CRR_1=2279.01 RCR_2=2455.70 CRR_2=2257.39
PAIR 12 RCR_1=2443.61 CRR_1=2289.31 RCR_2=2423.06 CRR_2=2265.22
PAIR 13 RCR_1=2436.89 CRR_1=2279.07 RCR_2=2435.82 CRR_2=2239.27
PAIR 14 RCR_1=2431.23 CRR_1=2262.12 RCR_2=2441.77 CRR_2=2282.68
PAIR 15 RCR_1=2431.12 CRR_1=2225.83 RCR_2=2435.65 CRR_2=2289.98
PAIR 16 RCR_1=2459.03 CRR_1=2239.65 RCR_2=2396.07 CRR_2=1711.98
PAIR 17 RCR_1=2405.30 CRR_1=1704.60 RCR_2=2383.94 CRR_2=1781.33
PAIR 18 RCR_1=2426.94 CRR_1=2263.40 RCR_2=2429.31 CRR_2=2258.28
PAIR 19 RCR_1=2418.90 CRR_1=2211.28 RCR_2=2435.10 CRR_2=2256.65
[sclk-post-bench] GPU[5]		: sclk clock level: 1: (2357Mhz)
CRR  median=2239.46 mean=1678.04 stdev=923.39 n=40
RCR  median=2422.83 mean=1784.51 stdev=1049.98 n=40
Welch t (CRR vs RCR) = 0.482  (positive = RCR faster)
DELTA_MEDIAN_PCT RCR_vs_CRR = +8.188%
CRR_TFLOPS_LIST 113.8817,120.2303,120.3255,120.0521,116.7703,116.6421,112.6192,118.4425,120.3823,113.7464,2118.9853,2133.8563,2218.0488,2247.2364,2220.5975,2284.4082,2251.3615,2282.0126,2247.6502,2252.2742,2295.6124,2299.4815,2279.0148,2257.3948,2289.3138,2265.2214,2279.0738,2239.2677,2262.1201,2282.6811,2225.8330,2289.9813,2239.6450,1711.9770,1704.6015,1781.3310,2263.4002,2258.2798,2211.2819,2256.6542
RCR_TFLOPS_LIST 97.8328,97.9784,97.9422,97.7290,98.0182,97.8613,98.0960,97.7333,97.7195,97.8175,141.6057,2282.4658,2343.4567,2406.6548,2446.3749,2444.0631,2449.4669,2431.0909,2422.6019,2440.8563,2445.5251,2441.4242,2416.6680,2455.6975,2443.6103,2423.0640,2436.8937,2435.8183,2431.2346,2441.7704,2431.1202,2435.6508,2459.0252,2396.0749,2405.2961,2383.9424,2426.9440,2429.3059,2418.8976,2435.0993
--- stderr ---
W20260418 16:35:39.385924 140345343537152 agent.cpp:461] Attempt to enable hip visiblity for agent-2 which is not visible to HSA (ROCR)
[mxfp8_dispatch] crr_v2: shape=(M=4096,N=4096,K=4096) -> ADVISE-V2-RCR-8B-QO (R36C +5.83-7.05%)
[mxfp8_dispatch] crr_v2: shape=(M=4096,N=4096,K=4096) -> CRR-V2-EXACT-8WAVE-DEFAULT
[mxfp8_dispatch] rcr_v2: shape=(M=4096,N=4096,K=4096) -> RCR-V2-EXACT-8WAVE
[orchestrate] attempt=1 rc=0 G1 sclk-post-preheat=1723MHz (gate=2200) G2a sclk-post-bench=2357MHz (gate=2200) G2b stdev/mean CRR=0.412327 RCR=0.433369 (gate=0.01 pass=0)
[orchestrate] attempt=1 FAILED gates; retry after 5s...
[bench attempt 2/3]
[bench rc=0]
[sclk-pre-preheat] GPU[5]		: sclk clock level: 1: (1865Mhz)
[preheat 120.0s] done 16380 iters
[sclk-post-preheat] GPU[5]		: sclk clock level: 1: (2073Mhz)
CORRECTNESS_CRR snr_db=49.61 pass_rate_pct=100.00 det_ok=True
CORRECTNESS_RCR snr_db=49.61 pass_rate_pct=100.00 det_ok=True
[sclk-pre-bench] GPU[5]		: sclk clock level: 1: (2305Mhz)
WARMUP 0 RCR=2062.24 CRR=2076.62 sclk=GPU[5]		: sclk clock level: 1: (2332Mhz)
WARMUP 1 RCR=2056.21 CRR=2060.95 sclk=GPU[5]		: sclk clock level: 1: (2350Mhz)
PAIR 0 RCR_1=2097.69 CRR_1=2099.61 RCR_2=2290.04 CRR_2=2199.81
PAIR 1 RCR_1=2382.23 CRR_1=2245.77 RCR_2=2406.29 CRR_2=2251.06
PAIR 2 RCR_1=2402.98 CRR_1=2281.92 RCR_2=2437.31 CRR_2=2265.37
PAIR 3 RCR_1=2416.79 CRR_1=2272.36 RCR_2=2421.78 CRR_2=2298.28
PAIR 4 RCR_1=2441.07 CRR_1=2268.75 RCR_2=2439.57 CRR_2=2276.99
PAIR 5 RCR_1=2426.19 CRR_1=2267.07 RCR_2=2423.22 CRR_2=2264.41
PAIR 6 RCR_1=2437.70 CRR_1=2276.03 RCR_2=2423.26 CRR_2=2278.68
PAIR 7 RCR_1=2440.09 CRR_1=2236.82 RCR_2=2435.00 CRR_2=2261.82
PAIR 8 RCR_1=2449.06 CRR_1=2282.35 RCR_2=2433.90 CRR_2=2282.74
PAIR 9 RCR_1=2444.23 CRR_1=2305.90 RCR_2=2385.46 CRR_2=2279.10
PAIR 10 RCR_1=2431.76 CRR_1=2282.80 RCR_2=2436.56 CRR_2=2284.26
PAIR 11 RCR_1=2430.31 CRR_1=2290.14 RCR_2=2442.40 CRR_2=2280.10
PAIR 12 RCR_1=2429.31 CRR_1=2282.98 RCR_2=2427.91 CRR_2=2281.98
PAIR 13 RCR_1=2425.11 CRR_1=2280.22 RCR_2=2444.51 CRR_2=2258.40
PAIR 14 RCR_1=2433.42 CRR_1=2272.08 RCR_2=2436.22 CRR_2=2249.65
PAIR 15 RCR_1=2431.28 CRR_1=2265.46 RCR_2=2433.93 CRR_2=2279.47
PAIR 16 RCR_1=2444.46 CRR_1=2249.74 RCR_2=2442.07 CRR_2=2274.73
PAIR 17 RCR_1=2428.43 CRR_1=2270.61 RCR_2=2429.39 CRR_2=2266.57
PAIR 18 RCR_1=2425.27 CRR_1=2285.65 RCR_2=2430.45 CRR_2=2244.39
PAIR 19 RCR_1=2452.47 CRR_1=2279.89 RCR_2=2421.16 CRR_2=2253.48
[sclk-post-bench] GPU[5]		: sclk clock level: 1: (2360Mhz)
CRR  median=2273.54 mean=2265.69 stdev=32.76 n=40
RCR  median=2430.87 mean=2417.76 stdev=58.27 n=40
Welch t (CRR vs RCR) = 14.387  (positive = RCR faster)
DELTA_MEDIAN_PCT RCR_vs_CRR = +6.920%
CRR_TFLOPS_LIST 2099.6138,2199.8124,2245.7705,2251.0620,2281.9216,2265.3707,2272.3552,2298.2849,2268.7527,2276.9896,2267.0724,2264.4145,2276.0265,2278.6846,2236.8172,2261.8216,2282.3461,2282.7395,2305.9012,2279.1048,2282.8010,2284.2564,2290.1355,2280.1037,2282.9837,2281.9822,2280.2248,2258.4022,2272.0840,2249.6479,2265.4618,2279.4692,2249.7385,2274.7314,2270.6111,2266.5662,2285.6543,2244.3886,2279.8919,2253.4833
RCR_TFLOPS_LIST 2097.6910,2290.0447,2382.2309,2406.2916,2402.9755,2437.3086,2416.7861,2421.7814,2441.0695,2439.5669,2426.1925,2423.2221,2437.7046,2423.2631,2440.0884,2434.9958,2449.0636,2433.8971,2444.2256,2385.4618,2431.7602,2436.5550,2430.3120,2442.4048,2429.3128,2427.9086,2425.1069,2444.5082,2433.4153,2436.2173,2431.2836,2433.9315,2444.4560,2442.0672,2428.4277,2429.3866,2425.2660,2430.4529,2452.4671,2421.1645
--- stderr ---
W20260418 16:38:25.530046 139747387449344 agent.cpp:461] Attempt to enable hip visiblity for agent-2 which is not visible to HSA (ROCR)
[mxfp8_dispatch] crr_v2: shape=(M=4096,N=4096,K=4096) -> ADVISE-V2-RCR-8B-QO (R36C +5.83-7.05%)
[mxfp8_dispatch] crr_v2: shape=(M=4096,N=4096,K=4096) -> CRR-V2-EXACT-8WAVE-DEFAULT
[mxfp8_dispatch] rcr_v2: shape=(M=4096,N=4096,K=4096) -> RCR-V2-EXACT-8WAVE
[orchestrate] attempt=2 rc=0 G1 sclk-post-preheat=2073MHz (gate=2200) G2a sclk-post-bench=2360MHz (gate=2200) G2b stdev/mean CRR=0.014409 RCR=0.023971 (gate=0.01 pass=0)
[orchestrate] attempt=2 FAILED gates; retry after 5s...
[bench attempt 3/3]
[bench rc=0]
[sclk-pre-preheat] GPU[5]		: sclk clock level: 1: (1836Mhz)
[preheat 120.0s] done 16380 iters
[sclk-post-preheat] GPU[5]		: sclk clock level: 1: (2320Mhz)
CORRECTNESS_CRR snr_db=49.61 pass_rate_pct=100.00 det_ok=True
CORRECTNESS_RCR snr_db=49.61 pass_rate_pct=100.00 det_ok=True
[sclk-pre-bench] GPU[5]		: sclk clock level: 1: (2349Mhz)
WARMUP 0 RCR=2055.60 CRR=2087.09 sclk=GPU[5]		: sclk clock level: 1: (2348Mhz)
WARMUP 1 RCR=2132.82 CRR=2077.55 sclk=GPU[5]		: sclk clock level: 1: (2352Mhz)
PAIR 0 RCR_1=2051.16 CRR_1=2073.41 RCR_2=2266.63 CRR_2=2142.08
PAIR 1 RCR_1=2354.02 CRR_1=2237.31 RCR_2=2407.16 CRR_2=2252.54
PAIR 2 RCR_1=2422.68 CRR_1=2283.38 RCR_2=2399.42 CRR_2=2295.15
PAIR 3 RCR_1=2424.15 CRR_1=2258.14 RCR_2=2439.74 CRR_2=2271.60
PAIR 4 RCR_1=2429.48 CRR_1=2257.54 RCR_2=2444.56 CRR_2=2294.72
PAIR 5 RCR_1=2457.07 CRR_1=2271.81 RCR_2=2423.62 CRR_2=2273.37
PAIR 6 RCR_1=2420.41 CRR_1=2297.15 RCR_2=2432.48 CRR_2=2279.68
PAIR 7 RCR_1=2434.49 CRR_1=2298.43 RCR_2=2426.72 CRR_2=2268.00
PAIR 8 RCR_1=2434.76 CRR_1=2243.10 RCR_2=2433.04 CRR_2=2277.93
PAIR 9 RCR_1=2429.14 CRR_1=2279.86 RCR_2=2446.94 CRR_2=2249.97
PAIR 10 RCR_1=2439.26 CRR_1=2269.26 RCR_2=2444.25 CRR_2=2303.55
PAIR 11 RCR_1=2443.13 CRR_1=2289.13 RCR_2=2439.67 CRR_2=2301.02
PAIR 12 RCR_1=2437.18 CRR_1=2275.15 RCR_2=2424.93 CRR_2=2274.31
PAIR 13 RCR_1=2437.08 CRR_1=2278.32 RCR_2=2430.21 CRR_2=2274.97
PAIR 14 RCR_1=2423.57 CRR_1=2297.05 RCR_2=2445.30 CRR_2=2271.72
PAIR 15 RCR_1=2432.28 CRR_1=2283.74 RCR_2=2411.38 CRR_2=2299.18
PAIR 16 RCR_1=2437.81 CRR_1=2299.51 RCR_2=2441.34 CRR_2=2242.75
PAIR 17 RCR_1=2426.14 CRR_1=2294.57 RCR_2=2428.98 CRR_2=2272.65
PAIR 18 RCR_1=2441.64 CRR_1=2274.31 RCR_2=2438.59 CRR_2=2295.33
PAIR 19 RCR_1=2429.53 CRR_1=2269.71 RCR_2=2432.39 CRR_2=2300.13
[sclk-post-bench] GPU[5]		: sclk clock level: 1: (2336Mhz)
CRR  median=2275.06 mean=2269.29 stdev=42.12 n=40
RCR  median=2432.34 mean=2416.56 stdev=66.71 n=40
Welch t (CRR vs RCR) = 11.806  (positive = RCR faster)
DELTA_MEDIAN_PCT RCR_vs_CRR = +6.913%
CRR_TFLOPS_LIST 2073.4123,2142.0762,2237.3139,2252.5422,2283.3752,2295.1515,2258.1366,2271.6041,2257.5438,2294.7208,2271.8136,2273.3746,2297.1471,2279.6787,2298.4333,2268.0025,2243.0963,2277.9285,2279.8624,2249.9734,2269.2599,2303.5537,2289.1285,2301.0230,2275.1479,2274.3083,2278.3205,2274.9709,2297.0549,2271.7205,2283.7424,2299.1753,2299.5131,2242.7486,2294.5683,2272.6521,2274.3098,2295.3348,2269.7111,2300.1281
RCR_TFLOPS_LIST 2051.1568,2266.6260,2354.0235,2407.1648,2422.6788,2399.4214,2424.1530,2439.7410,2429.4846,2444.5595,2457.0725,2423.6246,2420.4132,2432.4790,2434.4868,2426.7160,2434.7585,2433.0448,2429.1410,2446.9367,2439.2621,2444.2482,2443.1333,2439.6700,2437.1850,2424.9280,2437.0761,2430.2097,2423.5708,2445.3032,2432.2835,2411.3806,2437.8057,2441.3384,2426.1403,2428.9813,2441.6403,2438.5930,2429.5335,2432.3868
--- stderr ---
W20260418 16:40:58.878979 139657975037952 agent.cpp:461] Attempt to enable hip visiblity for agent-2 which is not visible to HSA (ROCR)
[mxfp8_dispatch] crr_v2: shape=(M=4096,N=4096,K=4096) -> ADVISE-V2-RCR-8B-QO (R36C +5.83-7.05%)
[mxfp8_dispatch] crr_v2: shape=(M=4096,N=4096,K=4096) -> CRR-V2-EXACT-8WAVE-DEFAULT
[mxfp8_dispatch] rcr_v2: shape=(M=4096,N=4096,K=4096) -> RCR-V2-EXACT-8WAVE
[orchestrate] attempt=3 rc=0 G1 sclk-post-preheat=2320MHz (gate=2200) G2a sclk-post-bench=2336MHz (gate=2200) G2b stdev/mean CRR=0.018514 RCR=0.027426 (gate=0.01 pass=0)
[orchestrate] PASS G1+G2a+G2b at attempt=3; using as final.
[orchestrate] gate_path=G1+G2a+G2b
DONE gpu=5 cell=qo_8b attempts=3
Sat Apr 18 16:43:31 UTC 2026
