===== R40 Dev D V2-RCR QO 4-GPU STRICT-promote cell=qo_70b M=4096 N=8192 K=8192 phys_gpu=5 =====
[orchestrate] N_PAIRS=20 WARMUP=30 ITERS=50 PREHEAT=180s WARMUP_PAIRS=2
[orchestrate] R36/R38 3-gate: G1 sclk-post-preheat>=2200 G2a sclk-post-bench>=2200 G2b stdev/mean<=0.01, MAX_RETRIES=3, G1P_MIN_MEDIAN_TF=500
Sat Apr 18 16:57:24 UTC 2026
[pre-orchestrate sclk check]
GPU[5]		: sclk clock level: 1: (2394Mhz)
[build qo_70b md5=9809f924cd45782781f46c8dcfcdf89c (cached)]
[bench attempt 1/3]
[bench rc=0]
[sclk-pre-preheat] GPU[5]		: sclk clock level: 1: (2394Mhz)
[preheat 180.0s] done 19452 iters
[sclk-post-preheat] GPU[5]		: sclk clock level: 1: (2316Mhz)
CORRECTNESS_CRR snr_db=49.59 pass_rate_pct=100.00 det_ok=True
CORRECTNESS_RCR snr_db=49.60 pass_rate_pct=100.00 det_ok=True
[sclk-pre-bench] GPU[5]		: sclk clock level: 1: (2391Mhz)
WARMUP 0 RCR=2172.66 CRR=2031.42 sclk=GPU[5]		: sclk clock level: 1: (2372Mhz)
WARMUP 1 RCR=2180.14 CRR=2027.63 sclk=GPU[5]		: sclk clock level: 1: (2373Mhz)
PAIR 0 RCR_1=2183.21 CRR_1=2033.33 RCR_2=2233.64 CRR_2=2041.55
PAIR 1 RCR_1=2240.66 CRR_1=2045.17 RCR_2=2233.27 CRR_2=2047.54
PAIR 2 RCR_1=2238.29 CRR_1=2044.33 RCR_2=2236.88 CRR_2=2047.81
PAIR 3 RCR_1=2240.88 CRR_1=2044.48 RCR_2=2233.94 CRR_2=2046.88
PAIR 4 RCR_1=2240.05 CRR_1=2043.91 RCR_2=2227.84 CRR_2=2045.41
PAIR 5 RCR_1=2225.67 CRR_1=2045.59 RCR_2=2074.02 CRR_2=2057.30
PAIR 6 RCR_1=2266.88 CRR_1=2057.85 RCR_2=2244.62 CRR_2=2055.38
PAIR 7 RCR_1=2243.74 CRR_1=2047.59 RCR_2=2246.98 CRR_2=2053.93
PAIR 8 RCR_1=2251.91 CRR_1=2058.07 RCR_2=2241.36 CRR_2=2053.30
PAIR 9 RCR_1=2235.01 CRR_1=2059.43 RCR_2=2254.45 CRR_2=2051.08
PAIR 10 RCR_1=2245.42 CRR_1=2063.59 RCR_2=2252.22 CRR_2=2058.04
PAIR 11 RCR_1=2237.05 CRR_1=2059.19 RCR_2=2246.60 CRR_2=2057.71
PAIR 12 RCR_1=2238.34 CRR_1=2058.31 RCR_2=2231.40 CRR_2=2055.48
PAIR 13 RCR_1=2241.18 CRR_1=2060.04 RCR_2=2242.49 CRR_2=2061.48
PAIR 14 RCR_1=2237.19 CRR_1=2059.36 RCR_2=2244.64 CRR_2=2060.63
PAIR 15 RCR_1=2250.63 CRR_1=2057.91 RCR_2=2256.60 CRR_2=2059.60
PAIR 16 RCR_1=2251.18 CRR_1=2059.10 RCR_2=2246.68 CRR_2=2053.20
PAIR 17 RCR_1=2251.66 CRR_1=2055.68 RCR_2=2246.80 CRR_2=2055.12
PAIR 18 RCR_1=2242.89 CRR_1=2059.22 RCR_2=2254.75 CRR_2=2058.56
PAIR 19 RCR_1=2246.89 CRR_1=2056.20 RCR_2=2247.92 CRR_2=2060.72
[sclk-post-bench] GPU[5]		: sclk clock level: 1: (2355Mhz)
CRR  median=2055.94 mean=2053.73 stdev=6.89 n=40
RCR  median=2242.69 mean=2237.65 stdev=29.37 n=40
Welch t (CRR vs RCR) = 38.555  (positive = RCR faster)
DELTA_MEDIAN_PCT RCR_vs_CRR = +9.084%
CRR_TFLOPS_LIST 2033.3259,2041.5477,2045.1684,2047.5393,2044.3297,2047.8140,2044.4812,2046.8806,2043.9095,2045.4065,2045.5889,2057.3044,2057.8467,2055.3784,2047.5945,2053.9286,2058.0683,2053.3027,2059.4315,2051.0777,2063.5934,2058.0436,2059.1910,2057.7109,2058.3089,2055.4831,2060.0365,2061.4764,2059.3638,2060.6296,2057.9144,2059.5982,2059.0981,2053.2045,2055.6796,2055.1203,2059.2154,2058.5617,2056.2027,2060.7162
RCR_TFLOPS_LIST 2183.2093,2233.6355,2240.6566,2233.2655,2238.2922,2236.8782,2240.8756,2233.9408,2240.0504,2227.8424,2225.6713,2074.0215,2266.8819,2244.6163,2243.7370,2246.9796,2251.9133,2241.3586,2235.0091,2254.4469,2245.4234,2252.2159,2237.0532,2246.6049,2238.3436,2231.4020,2241.1753,2242.4921,2237.1917,2244.6381,2250.6298,2256.6011,2251.1826,2246.6785,2251.6617,2246.8036,2242.8946,2254.7500,2246.8912,2247.9207
--- stderr ---
W20260418 16:57:27.969290 140379618410496 agent.cpp:461] Attempt to enable hip visiblity for agent-2 which is not visible to HSA (ROCR)
[mxfp8_dispatch] crr_v2: shape=(M=4096,N=8192,K=8192) -> ADVISE-V2-RCR-70B-QO (R36C +8.20-8.32%)
[mxfp8_dispatch] crr_v2: shape=(M=4096,N=8192,K=8192) -> CRR-V2-EXACT-8WAVE-DEFAULT
[mxfp8_dispatch] rcr_v2: shape=(M=4096,N=8192,K=8192) -> RCR-V2-EXACT-8WAVE
[orchestrate] attempt=1 rc=0 G1 sclk-post-preheat=2316MHz (gate=2200) G2a sclk-post-bench=2355MHz (gate=2200) G2b stdev/mean CRR=0.003351 RCR=0.013096 (gate=0.01 pass=0)
[orchestrate] PASS G1+G2a+G2b at attempt=1; using as final.
[orchestrate] gate_path=G1+G2a+G2b
DONE gpu=5 cell=qo_70b attempts=1
Sat Apr 18 17:01:20 UTC 2026
