===== R40 Dev D V2-RCR QO 4-GPU STRICT-promote cell=qo_70b M=4096 N=8192 K=8192 phys_gpu=0 =====
[orchestrate] N_PAIRS=20 WARMUP=30 ITERS=50 PREHEAT=180s WARMUP_PAIRS=2
[orchestrate] R36/R38 3-gate: G1 sclk-post-preheat>=2200 G2a sclk-post-bench>=2200 G2b stdev/mean<=0.01, MAX_RETRIES=3, G1P_MIN_MEDIAN_TF=500
Sat Apr 18 17:08:57 UTC 2026
[pre-orchestrate sclk check]
GPU[0]		: sclk clock level: 1: (289Mhz)
[build qo_70b md5=9809f924cd45782781f46c8dcfcdf89c (cached)]
[bench attempt 1/3]
[bench rc=0]
[sclk-pre-preheat] GPU[0]		: sclk clock level: 1: (1970Mhz)
[preheat 180.0s] done 29692 iters
[sclk-post-preheat] GPU[0]		: sclk clock level: 1: (1949Mhz)
CORRECTNESS_CRR snr_db=49.59 pass_rate_pct=100.00 det_ok=True
CORRECTNESS_RCR snr_db=49.60 pass_rate_pct=100.00 det_ok=True
[sclk-pre-bench] GPU[0]		: sclk clock level: 1: (2281Mhz)
WARMUP 0 RCR=2756.63 CRR=2646.92 sclk=GPU[0]		: sclk clock level: 1: (2339Mhz)
WARMUP 1 RCR=2780.62 CRR=2683.76 sclk=GPU[0]		: sclk clock level: 1: (2344Mhz)
PAIR 0 RCR_1=2585.23 CRR_1=2633.52 RCR_2=2881.31 CRR_2=2762.69
PAIR 1 RCR_1=3003.57 CRR_1=2750.27 RCR_2=2984.06 CRR_2=2799.31
PAIR 2 RCR_1=3004.91 CRR_1=2703.29 RCR_2=2947.51 CRR_2=2677.57
PAIR 3 RCR_1=2957.15 CRR_1=2723.79 RCR_2=2975.56 CRR_2=2767.15
PAIR 4 RCR_1=2960.79 CRR_1=2708.03 RCR_2=2950.38 CRR_2=2737.20
PAIR 5 RCR_1=2911.91 CRR_1=2809.25 RCR_2=2968.59 CRR_2=2731.03
PAIR 6 RCR_1=2943.63 CRR_1=2674.09 RCR_2=2960.79 CRR_2=2722.95
PAIR 7 RCR_1=2910.10 CRR_1=2754.54 RCR_2=2963.29 CRR_2=2756.94
PAIR 8 RCR_1=2990.44 CRR_1=2652.12 RCR_2=2994.66 CRR_2=2712.01
PAIR 9 RCR_1=2916.01 CRR_1=2658.33 RCR_2=2936.35 CRR_2=2740.56
PAIR 10 RCR_1=2967.20 CRR_1=2740.90 RCR_2=2959.80 CRR_2=2742.21
PAIR 11 RCR_1=2970.93 CRR_1=2674.76 RCR_2=2932.20 CRR_2=2701.79
PAIR 12 RCR_1=2937.28 CRR_1=2710.84 RCR_2=2974.95 CRR_2=2723.23
PAIR 13 RCR_1=2950.96 CRR_1=2688.33 RCR_2=2920.61 CRR_2=2777.30
PAIR 14 RCR_1=2938.96 CRR_1=2700.55 RCR_2=2972.25 CRR_2=2762.67
PAIR 15 RCR_1=2952.53 CRR_1=2728.82 RCR_2=2930.79 CRR_2=2753.03
PAIR 16 RCR_1=2972.89 CRR_1=2792.65 RCR_2=3003.22 CRR_2=2747.41
PAIR 17 RCR_1=2976.85 CRR_1=2726.36 RCR_2=2988.15 CRR_2=2694.91
PAIR 18 RCR_1=2969.23 CRR_1=2754.91 RCR_2=2941.89 CRR_2=2726.76
PAIR 19 RCR_1=2964.84 CRR_1=2699.27 RCR_2=2952.48 CRR_2=2732.63
[sclk-post-bench] GPU[0]		: sclk clock level: 1: (2259Mhz)
CRR  median=2727.79 mean=2726.35 stdev=39.52 n=40
RCR  median=2960.29 mean=2948.11 stdev=64.88 n=40
Welch t (CRR vs RCR) = 18.461  (positive = RCR faster)
DELTA_MEDIAN_PCT RCR_vs_CRR = +8.523%
CRR_TFLOPS_LIST 2633.5179,2762.6859,2750.2692,2799.3063,2703.2911,2677.5702,2723.7897,2767.1460,2708.0316,2737.2004,2809.2504,2731.0314,2674.0893,2722.9470,2754.5355,2756.9438,2652.1179,2712.0088,2658.3253,2740.5610,2740.9014,2742.2139,2674.7557,2701.7930,2710.8425,2723.2281,2688.3277,2777.3011,2700.5507,2762.6739,2728.8186,2753.0344,2792.6505,2747.4098,2726.3618,2694.9071,2754.9107,2726.7618,2699.2678,2732.6287
RCR_TFLOPS_LIST 2585.2338,2881.3134,3003.5734,2984.0629,3004.9134,2947.5061,2957.1461,2975.5589,2960.7909,2950.3803,2911.9107,2968.5930,2943.6297,2960.7903,2910.0980,2963.2914,2990.4378,2994.6608,2916.0130,2936.3470,2967.1962,2959.7953,2970.9291,2932.2005,2937.2761,2974.9541,2950.9619,2920.6109,2938.9607,2972.2523,2952.5343,2930.7868,2972.8949,3003.2190,2976.8489,2988.1492,2969.2337,2941.8916,2964.8397,2952.4839
--- stderr ---
[mxfp8_dispatch] crr_v2: shape=(M=4096,N=8192,K=8192) -> ADVISE-V2-RCR-70B-QO (R36C +8.20-8.32%)
[mxfp8_dispatch] crr_v2: shape=(M=4096,N=8192,K=8192) -> CRR-V2-EXACT-8WAVE-DEFAULT
[mxfp8_dispatch] rcr_v2: shape=(M=4096,N=8192,K=8192) -> RCR-V2-EXACT-8WAVE
[orchestrate] attempt=1 rc=0 G1 sclk-post-preheat=1949MHz (gate=2200) G2a sclk-post-bench=2259MHz (gate=2200) G2b stdev/mean CRR=0.014488 RCR=0.021917 (gate=0.01 pass=0)
[orchestrate] attempt=1 FAILED gates; retry after 5s...
[bench attempt 2/3]
[bench rc=0]
[sclk-pre-preheat] GPU[0]		: sclk clock level: 1: (157Mhz)
[preheat 180.0s] done 29692 iters
[sclk-post-preheat] GPU[0]		: sclk clock level: 1: (2263Mhz)
CORRECTNESS_CRR snr_db=49.59 pass_rate_pct=100.00 det_ok=True
CORRECTNESS_RCR snr_db=49.60 pass_rate_pct=100.00 det_ok=True
[sclk-pre-bench] GPU[0]		: sclk clock level: 1: (2358Mhz)
WARMUP 0 RCR=2704.56 CRR=2644.73 sclk=GPU[0]		: sclk clock level: 1: (2336Mhz)
WARMUP 1 RCR=2766.28 CRR=2691.05 sclk=GPU[0]		: sclk clock level: 1: (2321Mhz)
PAIR 0 RCR_1=2795.23 CRR_1=2627.66 RCR_2=2901.60 CRR_2=2667.97
PAIR 1 RCR_1=2881.15 CRR_1=2757.62 RCR_2=2975.41 CRR_2=2670.85
PAIR 2 RCR_1=2951.14 CRR_1=2732.14 RCR_2=2915.42 CRR_2=2673.23
PAIR 3 RCR_1=2949.51 CRR_1=2774.35 RCR_2=2920.69 CRR_2=2668.32
PAIR 4 RCR_1=2880.86 CRR_1=2696.92 RCR_2=2921.47 CRR_2=2715.81
PAIR 5 RCR_1=2939.85 CRR_1=2710.90 RCR_2=2963.47 CRR_2=2700.54
PAIR 6 RCR_1=2954.52 CRR_1=2712.13 RCR_2=2952.66 CRR_2=2732.80
PAIR 7 RCR_1=2959.69 CRR_1=2743.54 RCR_2=2966.31 CRR_2=2769.85
PAIR 8 RCR_1=2931.24 CRR_1=2756.93 RCR_2=2964.21 CRR_2=2698.78
PAIR 9 RCR_1=2930.24 CRR_1=2685.67 RCR_2=2990.00 CRR_2=2677.73
PAIR 10 RCR_1=2907.60 CRR_1=2769.84 RCR_2=2965.44 CRR_2=2662.32
PAIR 11 RCR_1=2917.05 CRR_1=2666.78 RCR_2=2907.12 CRR_2=2710.22
PAIR 12 RCR_1=2965.99 CRR_1=2772.29 RCR_2=2958.37 CRR_2=2655.27
PAIR 13 RCR_1=2936.73 CRR_1=2696.87 RCR_2=2916.26 CRR_2=2734.42
PAIR 14 RCR_1=2927.39 CRR_1=2697.52 RCR_2=2963.40 CRR_2=2688.54
PAIR 15 RCR_1=2938.62 CRR_1=2717.25 RCR_2=2961.40 CRR_2=2753.47
PAIR 16 RCR_1=2929.88 CRR_1=2746.13 RCR_2=2933.73 CRR_2=2718.75
PAIR 17 RCR_1=2896.45 CRR_1=2687.83 RCR_2=2954.25 CRR_2=2752.97
PAIR 18 RCR_1=2909.95 CRR_1=2663.91 RCR_2=2899.59 CRR_2=2666.88
PAIR 19 RCR_1=2906.84 CRR_1=2718.05 RCR_2=2911.01 CRR_2=2717.22
[sclk-post-bench] GPU[0]		: sclk clock level: 1: (2310Mhz)
CRR  median=2710.56 mean=2709.26 stdev=37.65 n=40
RCR  median=2932.48 mean=2931.29 stdev=34.78 n=40
Welch t (CRR vs RCR) = 27.397  (positive = RCR faster)
DELTA_MEDIAN_PCT RCR_vs_CRR = +8.187%
CRR_TFLOPS_LIST 2627.6587,2667.9749,2757.6200,2670.8483,2732.1390,2673.2272,2774.3528,2668.3168,2696.9168,2715.8134,2710.8965,2700.5412,2712.1274,2732.8026,2743.5387,2769.8471,2756.9338,2698.7812,2685.6696,2677.7261,2769.8354,2662.3225,2666.7845,2710.2221,2772.2934,2655.2654,2696.8748,2734.4223,2697.5195,2688.5389,2717.2535,2753.4655,2746.1258,2718.7472,2687.8338,2752.9685,2663.9109,2666.8787,2718.0477,2717.2196
RCR_TFLOPS_LIST 2795.2305,2901.5951,2881.1458,2975.4059,2951.1412,2915.4204,2949.5075,2920.6869,2880.8560,2921.4682,2939.8537,2963.4729,2954.5162,2952.6618,2959.6949,2966.3121,2931.2384,2964.2140,2930.2391,2989.9958,2907.5991,2965.4423,2917.0537,2907.1191,2965.9917,2958.3695,2936.7251,2916.2608,2927.3925,2963.3959,2938.6220,2961.4031,2929.8768,2933.7290,2896.4466,2954.2479,2909.9511,2899.5881,2906.8363,2911.0109
--- stderr ---
[mxfp8_dispatch] crr_v2: shape=(M=4096,N=8192,K=8192) -> ADVISE-V2-RCR-70B-QO (R36C +8.20-8.32%)
[mxfp8_dispatch] crr_v2: shape=(M=4096,N=8192,K=8192) -> CRR-V2-EXACT-8WAVE-DEFAULT
[mxfp8_dispatch] rcr_v2: shape=(M=4096,N=8192,K=8192) -> RCR-V2-EXACT-8WAVE
[orchestrate] attempt=2 rc=0 G1 sclk-post-preheat=2263MHz (gate=2200) G2a sclk-post-bench=2310MHz (gate=2200) G2b stdev/mean CRR=0.013890 RCR=0.011860 (gate=0.01 pass=0)
[orchestrate] PASS G1+G2a+G2b at attempt=2; using as final.
[orchestrate] gate_path=G1+G2a+G2b
DONE gpu=0 cell=qo_70b attempts=2
Sat Apr 18 17:16:07 UTC 2026
