===== R40 Dev D V2-RCR QO 4-GPU STRICT-promote cell=qo_70b M=4096 N=8192 K=8192 phys_gpu=0 =====
[orchestrate] N_PAIRS=20 WARMUP=30 ITERS=50 PREHEAT=180s WARMUP_PAIRS=2
[orchestrate] R36/R38 3-gate: G1 sclk-post-preheat>=2200 G2a sclk-post-bench>=2200 G2b stdev/mean<=0.01, MAX_RETRIES=3, G1P_MIN_MEDIAN_TF=500
Sat Apr 18 16:57:19 UTC 2026
[pre-orchestrate sclk check]
GPU[0]		: sclk clock level: 1: (157Mhz)
[build qo_70b md5=9809f924cd45782781f46c8dcfcdf89c (cached)]
[bench attempt 1/3]
[bench rc=0]
[sclk-pre-preheat] GPU[0]		: sclk clock level: 1: (158Mhz)
[preheat 180.0s] done 29692 iters
[sclk-post-preheat] GPU[0]		: sclk clock level: 1: (2121Mhz)
CORRECTNESS_CRR snr_db=49.59 pass_rate_pct=100.00 det_ok=True
CORRECTNESS_RCR snr_db=49.60 pass_rate_pct=100.00 det_ok=True
[sclk-pre-bench] GPU[0]		: sclk clock level: 1: (2328Mhz)
WARMUP 0 RCR=2722.37 CRR=2727.67 sclk=GPU[0]		: sclk clock level: 1: (2325Mhz)
WARMUP 1 RCR=2640.60 CRR=2689.20 sclk=GPU[0]		: sclk clock level: 1: (2350Mhz)
PAIR 0 RCR_1=2806.20 CRR_1=2720.15 RCR_2=2990.50 CRR_2=2762.22
PAIR 1 RCR_1=2982.59 CRR_1=2760.74 RCR_2=3025.43 CRR_2=2755.88
PAIR 2 RCR_1=2963.88 CRR_1=2695.57 RCR_2=3004.00 CRR_2=2785.57
PAIR 3 RCR_1=2960.61 CRR_1=2749.29 RCR_2=2986.28 CRR_2=2727.55
PAIR 4 RCR_1=2972.01 CRR_1=2716.47 RCR_2=3017.67 CRR_2=2775.93
PAIR 5 RCR_1=3020.36 CRR_1=2752.54 RCR_2=2969.76 CRR_2=2726.07
PAIR 6 RCR_1=2982.84 CRR_1=2765.33 RCR_2=3003.03 CRR_2=2751.79
PAIR 7 RCR_1=3031.90 CRR_1=2777.81 RCR_2=3013.08 CRR_2=2762.25
PAIR 8 RCR_1=3006.44 CRR_1=2770.67 RCR_2=3006.32 CRR_2=2746.75
PAIR 9 RCR_1=2986.54 CRR_1=2823.19 RCR_2=2981.53 CRR_2=2735.06
PAIR 10 RCR_1=2986.96 CRR_1=2759.89 RCR_2=3006.67 CRR_2=2790.18
PAIR 11 RCR_1=2970.09 CRR_1=2786.39 RCR_2=2998.54 CRR_2=2769.46
PAIR 12 RCR_1=2995.73 CRR_1=2783.16 RCR_2=3006.03 CRR_2=2763.15
PAIR 13 RCR_1=3006.40 CRR_1=2768.05 RCR_2=2997.90 CRR_2=2721.06
PAIR 14 RCR_1=2997.69 CRR_1=2670.15 RCR_2=2956.99 CRR_2=2786.38
PAIR 15 RCR_1=3025.86 CRR_1=2762.22 RCR_2=3022.29 CRR_2=2742.04
PAIR 16 RCR_1=2979.34 CRR_1=2809.07 RCR_2=2979.68 CRR_2=2757.45
PAIR 17 RCR_1=3008.83 CRR_1=2773.70 RCR_2=2979.04 CRR_2=2770.11
PAIR 18 RCR_1=2996.07 CRR_1=2747.21 RCR_2=2950.07 CRR_2=2795.65
PAIR 19 RCR_1=2931.62 CRR_1=2685.41 RCR_2=2904.99 CRR_2=2712.38
[sclk-post-bench] GPU[0]		: sclk clock level: 1: (2353Mhz)
CRR  median=2761.48 mean=2755.35 stdev=32.14 n=40
RCR  median=2993.11 mean=2985.29 stdev=39.00 n=40
Welch t (CRR vs RCR) = 28.776  (positive = RCR faster)
DELTA_MEDIAN_PCT RCR_vs_CRR = +8.388%
CRR_TFLOPS_LIST 2720.1543,2762.2162,2760.7405,2755.8815,2695.5696,2785.5740,2749.2855,2727.5494,2716.4651,2775.9299,2752.5354,2726.0666,2765.3285,2751.7856,2777.8144,2762.2500,2770.6685,2746.7489,2823.1893,2735.0608,2759.8865,2790.1769,2786.3866,2769.4636,2783.1592,2763.1497,2768.0463,2721.0586,2670.1498,2786.3753,2762.2172,2742.0361,2809.0655,2757.4499,2773.6999,2770.1109,2747.2085,2795.6478,2685.4051,2712.3798
RCR_TFLOPS_LIST 2806.1961,2990.5000,2982.5945,3025.4298,2963.8781,3004.0044,2960.6092,2986.2774,2972.0052,3017.6714,3020.3632,2969.7572,2982.8418,3003.0333,3031.9030,3013.0795,3006.4354,3006.3180,2986.5350,2981.5343,2986.9634,3006.6725,2970.0906,2998.5375,2995.7283,3006.0283,3006.3966,2997.8971,2997.6882,2956.9911,3025.8551,3022.2893,2979.3372,2979.6843,3008.8315,2979.0398,2996.0673,2950.0729,2931.6229,2904.9900
--- stderr ---
[mxfp8_dispatch] crr_v2: shape=(M=4096,N=8192,K=8192) -> ADVISE-V2-RCR-70B-QO (R36C +8.20-8.32%)
[mxfp8_dispatch] crr_v2: shape=(M=4096,N=8192,K=8192) -> CRR-V2-EXACT-8WAVE-DEFAULT
[mxfp8_dispatch] rcr_v2: shape=(M=4096,N=8192,K=8192) -> RCR-V2-EXACT-8WAVE
[orchestrate] attempt=1 rc=0 G1 sclk-post-preheat=2121MHz (gate=2200) G2a sclk-post-bench=2353MHz (gate=2200) G2b stdev/mean CRR=0.011639 RCR=0.013030 (gate=0.01 pass=0)
[orchestrate] attempt=1 FAILED gates; retry after 5s...
[bench attempt 2/3]
[bench rc=0]
[sclk-pre-preheat] GPU[0]		: sclk clock level: 1: (240Mhz)
[preheat 180.0s] done 29692 iters
[sclk-post-preheat] GPU[0]		: sclk clock level: 1: (2085Mhz)
CORRECTNESS_CRR snr_db=49.59 pass_rate_pct=100.00 det_ok=True
CORRECTNESS_RCR snr_db=49.60 pass_rate_pct=100.00 det_ok=True
[sclk-pre-bench] GPU[0]		: sclk clock level: 1: (2339Mhz)
WARMUP 0 RCR=2812.10 CRR=2617.36 sclk=GPU[0]		: sclk clock level: 1: (2325Mhz)
WARMUP 1 RCR=2768.69 CRR=2709.50 sclk=GPU[0]		: sclk clock level: 1: (2307Mhz)
PAIR 0 RCR_1=2745.57 CRR_1=2626.38 RCR_2=2912.92 CRR_2=2657.81
PAIR 1 RCR_1=2953.56 CRR_1=2669.63 RCR_2=2983.38 CRR_2=2768.79
PAIR 2 RCR_1=2962.93 CRR_1=2683.42 RCR_2=2992.22 CRR_2=2689.49
PAIR 3 RCR_1=2930.20 CRR_1=2662.03 RCR_2=2915.22 CRR_2=2789.95
PAIR 4 RCR_1=2959.40 CRR_1=2736.37 RCR_2=2982.22 CRR_2=2688.73
PAIR 5 RCR_1=2985.43 CRR_1=2721.58 RCR_2=2974.77 CRR_2=2722.37
PAIR 6 RCR_1=2967.97 CRR_1=2733.04 RCR_2=2964.61 CRR_2=2792.89
PAIR 7 RCR_1=2986.52 CRR_1=2702.03 RCR_2=2965.49 CRR_2=2683.32
PAIR 8 RCR_1=2928.17 CRR_1=2688.43 RCR_2=2956.50 CRR_2=2728.41
PAIR 9 RCR_1=2970.90 CRR_1=2772.73 RCR_2=2973.33 CRR_2=2756.88
PAIR 10 RCR_1=2990.38 CRR_1=2739.00 RCR_2=2984.33 CRR_2=2711.67
PAIR 11 RCR_1=2929.32 CRR_1=2698.60 RCR_2=2932.41 CRR_2=2720.93
PAIR 12 RCR_1=2967.74 CRR_1=2735.00 RCR_2=2939.61 CRR_2=2529.92
PAIR 13 RCR_1=2703.74 CRR_1=2751.86 RCR_2=2931.83 CRR_2=2432.79
PAIR 14 RCR_1=2960.00 CRR_1=2651.17 RCR_2=2893.55 CRR_2=2733.70
PAIR 15 RCR_1=2920.16 CRR_1=2711.02 RCR_2=2907.55 CRR_2=2691.16
PAIR 16 RCR_1=2931.49 CRR_1=2693.01 RCR_2=2940.23 CRR_2=2754.32
PAIR 17 RCR_1=2949.36 CRR_1=2692.26 RCR_2=2966.18 CRR_2=2700.32
PAIR 18 RCR_1=2949.54 CRR_1=2738.86 RCR_2=2930.27 CRR_2=2716.10
PAIR 19 RCR_1=2959.21 CRR_1=2769.22 RCR_2=2923.96 CRR_2=2696.48
[sclk-post-bench] GPU[0]		: sclk clock level: 1: (2331Mhz)
CRR  median=2711.35 mean=2703.54 stdev=64.82 n=40
RCR  median=2955.03 mean=2940.55 stdev=56.31 n=40
Welch t (CRR vs RCR) = 17.459  (positive = RCR faster)
DELTA_MEDIAN_PCT RCR_vs_CRR = +8.987%
CRR_TFLOPS_LIST 2626.3805,2657.8079,2669.6307,2768.7941,2683.4224,2689.4932,2662.0307,2789.9498,2736.3677,2688.7348,2721.5758,2722.3731,2733.0384,2792.8860,2702.0344,2683.3171,2688.4308,2728.4055,2772.7263,2756.8755,2738.9967,2711.6728,2698.5968,2720.9293,2734.9955,2529.9174,2751.8625,2432.7916,2651.1737,2733.7011,2711.0216,2691.1568,2693.0122,2754.3230,2692.2647,2700.3250,2738.8551,2716.1000,2769.2170,2696.4792
RCR_TFLOPS_LIST 2745.5747,2912.9185,2953.5581,2983.3850,2962.9315,2992.2191,2930.1969,2915.2191,2959.3982,2982.2201,2985.4332,2974.7709,2967.9737,2964.6072,2986.5230,2965.4890,2928.1727,2956.4957,2970.9008,2973.3287,2990.3816,2984.3308,2929.3217,2932.4110,2967.7437,2939.6107,2703.7380,2931.8346,2959.9964,2893.5534,2920.1610,2907.5453,2931.4854,2940.2251,2949.3645,2966.1812,2949.5417,2930.2725,2959.2071,2923.9634
--- stderr ---
[mxfp8_dispatch] crr_v2: shape=(M=4096,N=8192,K=8192) -> ADVISE-V2-RCR-70B-QO (R36C +8.20-8.32%)
[mxfp8_dispatch] crr_v2: shape=(M=4096,N=8192,K=8192) -> CRR-V2-EXACT-8WAVE-DEFAULT
[mxfp8_dispatch] rcr_v2: shape=(M=4096,N=8192,K=8192) -> RCR-V2-EXACT-8WAVE
[orchestrate] attempt=2 rc=0 G1 sclk-post-preheat=2085MHz (gate=2200) G2a sclk-post-bench=2331MHz (gate=2200) G2b stdev/mean CRR=0.023907 RCR=0.019056 (gate=0.01 pass=0)
[orchestrate] attempt=2 FAILED gates; retry after 5s...
[bench attempt 3/3]
[bench rc=0]
[sclk-pre-preheat] GPU[0]		: sclk clock level: 1: (160Mhz)
[preheat 180.0s] done 29692 iters
[sclk-post-preheat] GPU[0]		: sclk clock level: 1: (2214Mhz)
CORRECTNESS_CRR snr_db=49.59 pass_rate_pct=100.00 det_ok=True
CORRECTNESS_RCR snr_db=49.60 pass_rate_pct=100.00 det_ok=True
[sclk-pre-bench] GPU[0]		: sclk clock level: 1: (2331Mhz)
WARMUP 0 RCR=2814.46 CRR=2740.28 sclk=GPU[0]		: sclk clock level: 1: (2261Mhz)
WARMUP 1 RCR=2793.26 CRR=2637.89 sclk=GPU[0]		: sclk clock level: 1: (2067Mhz)
PAIR 0 RCR_1=1556.18 CRR_1=1426.48 RCR_2=1560.37 CRR_2=1365.93
PAIR 1 RCR_1=1564.22 CRR_1=1363.31 RCR_2=1578.78 CRR_2=1454.73
PAIR 2 RCR_1=1572.15 CRR_1=1457.87 RCR_2=1561.33 CRR_2=1446.08
PAIR 3 RCR_1=1585.35 CRR_1=1459.52 RCR_2=1569.41 CRR_2=1451.48
PAIR 4 RCR_1=1659.63 CRR_1=2726.16 RCR_2=2935.89 CRR_2=2698.65
PAIR 5 RCR_1=2934.20 CRR_1=2760.92 RCR_2=2971.99 CRR_2=2718.22
PAIR 6 RCR_1=2943.98 CRR_1=2789.55 RCR_2=2952.95 CRR_2=2800.71
PAIR 7 RCR_1=2988.22 CRR_1=2761.70 RCR_2=2957.98 CRR_2=2748.16
PAIR 8 RCR_1=2976.51 CRR_1=2780.20 RCR_2=2948.05 CRR_2=2765.28
PAIR 9 RCR_1=2993.51 CRR_1=2475.80 RCR_2=2971.76 CRR_2=2778.32
PAIR 10 RCR_1=2978.25 CRR_1=2750.32 RCR_2=2966.12 CRR_2=2511.69
PAIR 11 RCR_1=2982.45 CRR_1=2707.10 RCR_2=2963.67 CRR_2=2739.12
PAIR 12 RCR_1=2942.72 CRR_1=2784.98 RCR_2=2994.91 CRR_2=2690.65
PAIR 13 RCR_1=2970.63 CRR_1=2664.00 RCR_2=2684.42 CRR_2=2746.02
PAIR 14 RCR_1=2944.41 CRR_1=2674.16 RCR_2=2989.65 CRR_2=2690.36
PAIR 15 RCR_1=2961.54 CRR_1=2713.09 RCR_2=2974.15 CRR_2=2706.28
PAIR 16 RCR_1=2687.45 CRR_1=2753.58 RCR_2=2936.35 CRR_2=2738.25
PAIR 17 RCR_1=2717.37 CRR_1=2719.41 RCR_2=2918.77 CRR_2=2720.09
PAIR 18 RCR_1=2970.12 CRR_1=2746.13 RCR_2=2939.35 CRR_2=2668.30
PAIR 19 RCR_1=2943.78 CRR_1=2695.78 RCR_2=2945.38 CRR_2=2722.12
[sclk-post-bench] GPU[0]		: sclk clock level: 1: (2353Mhz)
CRR  median=2715.65 mean=2459.26 stdev=525.99 n=40
RCR  median=2944.20 mean=2629.85 stdev=578.30 n=40
Welch t (CRR vs RCR) = 1.380  (positive = RCR faster)
DELTA_MEDIAN_PCT RCR_vs_CRR = +8.416%
CRR_TFLOPS_LIST 1426.4803,1365.9280,1363.3094,1454.7304,1457.8667,1446.0787,1459.5196,1451.4764,2726.1650,2698.6506,2760.9186,2718.2174,2789.5531,2800.7072,2761.6955,2748.1552,2780.1984,2765.2839,2475.7967,2778.3204,2750.3214,2511.6874,2707.1021,2739.1176,2784.9757,2690.6534,2664.0007,2746.0243,2674.1609,2690.3569,2713.0879,2706.2815,2753.5833,2738.2549,2719.4108,2720.0897,2746.1343,2668.3046,2695.7816,2722.1151
RCR_TFLOPS_LIST 1556.1758,1560.3740,1564.2236,1578.7787,1572.1545,1561.3346,1585.3492,1569.4076,1659.6314,2935.8926,2934.2015,2971.9930,2943.9809,2952.9514,2988.2249,2957.9846,2976.5113,2948.0483,2993.5095,2971.7616,2978.2529,2966.1165,2982.4540,2963.6748,2942.7212,2994.9058,2970.6305,2684.4151,2944.4110,2989.6540,2961.5412,2974.1536,2687.4499,2936.3467,2717.3730,2918.7725,2970.1163,2939.3463,2943.7791,2945.3828
--- stderr ---
[mxfp8_dispatch] crr_v2: shape=(M=4096,N=8192,K=8192) -> ADVISE-V2-RCR-70B-QO (R36C +8.20-8.32%)
[mxfp8_dispatch] crr_v2: shape=(M=4096,N=8192,K=8192) -> CRR-V2-EXACT-8WAVE-DEFAULT
[mxfp8_dispatch] rcr_v2: shape=(M=4096,N=8192,K=8192) -> RCR-V2-EXACT-8WAVE
[orchestrate] attempt=3 rc=0 G1 sclk-post-preheat=2214MHz (gate=2200) G2a sclk-post-bench=2353MHz (gate=2200) G2b stdev/mean CRR=0.193688 RCR=0.196420 (gate=0.01 pass=0)
[orchestrate] PASS G1+G2a+G2b at attempt=3; using as final.
[orchestrate] gate_path=G1+G2a+G2b
DONE gpu=0 cell=qo_70b attempts=3
Sat Apr 18 17:08:13 UTC 2026
