===== R40 Dev D V2-RCR QO 4-GPU STRICT-promote cell=qo_70b M=4096 N=8192 K=8192 phys_gpu=5 =====
[orchestrate] N_PAIRS=20 WARMUP=30 ITERS=50 PREHEAT=120s WARMUP_PAIRS=2
[orchestrate] R36/R38 3-gate: G1 sclk-post-preheat>=2200 G2a sclk-post-bench>=2200 G2b stdev/mean<=0.01, MAX_RETRIES=3, G1P_MIN_MEDIAN_TF=500
Sat Apr 18 16:44:23 UTC 2026
[pre-orchestrate sclk check]
GPU[5]		: sclk clock level: 1: (1866Mhz)
[build qo_70b md5=9809f924cd45782781f46c8dcfcdf89c (cached)]
[bench attempt 1/3]
[bench rc=0]
[sclk-pre-preheat] GPU[5]		: sclk clock level: 1: (162Mhz)
[preheat 120.0s] done 16380 iters
[sclk-post-preheat] GPU[5]		: sclk clock level: 1: (1792Mhz)
CORRECTNESS_CRR snr_db=49.59 pass_rate_pct=100.00 det_ok=True
CORRECTNESS_RCR snr_db=49.60 pass_rate_pct=100.00 det_ok=True
[sclk-pre-bench] GPU[5]		: sclk clock level: 1: (1863Mhz)
WARMUP 0 RCR=367.57 CRR=337.95 sclk=GPU[5]		: sclk clock level: 1: (1929Mhz)
WARMUP 1 RCR=2769.55 CRR=2754.92 sclk=GPU[5]		: sclk clock level: 1: (2179Mhz)
PAIR 0 RCR_1=2778.99 CRR_1=2721.05 RCR_2=2976.05 CRR_2=2760.35
PAIR 1 RCR_1=2914.49 CRR_1=2695.97 RCR_2=2943.15 CRR_2=2789.19
PAIR 2 RCR_1=2997.07 CRR_1=2769.91 RCR_2=2993.73 CRR_2=2768.50
PAIR 3 RCR_1=2987.11 CRR_1=2481.78 RCR_2=2718.34 CRR_2=2740.01
PAIR 4 RCR_1=2944.79 CRR_1=2717.85 RCR_2=2936.07 CRR_2=2714.81
PAIR 5 RCR_1=2938.37 CRR_1=2770.87 RCR_2=2976.50 CRR_2=2815.17
PAIR 6 RCR_1=3020.97 CRR_1=2770.71 RCR_2=2961.60 CRR_2=2739.38
PAIR 7 RCR_1=2972.02 CRR_1=2728.35 RCR_2=2918.00 CRR_2=2714.98
PAIR 8 RCR_1=2949.84 CRR_1=2762.90 RCR_2=3010.76 CRR_2=2683.47
PAIR 9 RCR_1=2949.98 CRR_1=2721.72 RCR_2=2930.70 CRR_2=2736.87
PAIR 10 RCR_1=2935.14 CRR_1=2781.48 RCR_2=2989.71 CRR_2=2785.56
PAIR 11 RCR_1=2972.99 CRR_1=2687.57 RCR_2=2926.10 CRR_2=2744.36
PAIR 12 RCR_1=2963.28 CRR_1=2720.99 RCR_2=3026.59 CRR_2=2708.74
PAIR 13 RCR_1=2969.97 CRR_1=2734.63 RCR_2=2957.28 CRR_2=2742.54
PAIR 14 RCR_1=2998.84 CRR_1=2723.23 RCR_2=2934.11 CRR_2=2697.46
PAIR 15 RCR_1=2956.93 CRR_1=2756.96 RCR_2=2967.85 CRR_2=2795.70
PAIR 16 RCR_1=2991.12 CRR_1=2733.83 RCR_2=2982.55 CRR_2=2707.29
PAIR 17 RCR_1=2949.96 CRR_1=2747.47 RCR_2=2924.06 CRR_2=2717.43
PAIR 18 RCR_1=2983.60 CRR_1=2798.96 RCR_2=2998.98 CRR_2=2752.49
PAIR 19 RCR_1=3001.20 CRR_1=2738.95 RCR_2=2987.48 CRR_2=2765.14
[sclk-post-bench] GPU[5]		: sclk clock level: 1: (2303Mhz)
CRR  median=2739.17 mean=2736.12 stdev=52.08 n=40
RCR  median=2965.56 mean=2955.91 stdev=56.43 n=40
Welch t (CRR vs RCR) = 18.103  (positive = RCR faster)
DELTA_MEDIAN_PCT RCR_vs_CRR = +8.265%
CRR_TFLOPS_LIST 2721.0464,2760.3510,2695.9720,2789.1905,2769.9093,2768.5030,2481.7753,2740.0119,2717.8507,2714.8114,2770.8701,2815.1741,2770.7132,2739.3792,2728.3497,2714.9840,2762.9044,2683.4746,2721.7151,2736.8698,2781.4793,2785.5610,2687.5673,2744.3563,2720.9939,2708.7441,2734.6257,2742.5376,2723.2254,2697.4636,2756.9628,2795.7044,2733.8318,2707.2933,2747.4726,2717.4319,2798.9602,2752.4905,2738.9528,2765.1390
RCR_TFLOPS_LIST 2778.9934,2976.0457,2914.4887,2943.1478,2997.0724,2993.7309,2987.1059,2718.3442,2944.7893,2936.0682,2938.3654,2976.4962,3020.9736,2961.6031,2972.0171,2918.0028,2949.8430,3010.7551,2949.9833,2930.6965,2935.1399,2989.7057,2972.9943,2926.1042,2963.2761,3026.5881,2969.9745,2957.2826,2998.8381,2934.1116,2956.9272,2967.8456,2991.1235,2982.5547,2949.9582,2924.0626,2983.6042,2998.9820,3001.1952,2987.4825
--- stderr ---
W20260418 16:44:26.697669 140488320167936 agent.cpp:461] Attempt to enable hip visiblity for agent-2 which is not visible to HSA (ROCR)
[mxfp8_dispatch] crr_v2: shape=(M=4096,N=8192,K=8192) -> ADVISE-V2-RCR-70B-QO (R36C +8.20-8.32%)
[mxfp8_dispatch] crr_v2: shape=(M=4096,N=8192,K=8192) -> CRR-V2-EXACT-8WAVE-DEFAULT
[mxfp8_dispatch] rcr_v2: shape=(M=4096,N=8192,K=8192) -> RCR-V2-EXACT-8WAVE
[orchestrate] attempt=1 rc=0 G1 sclk-post-preheat=1792MHz (gate=2200) G2a sclk-post-bench=2303MHz (gate=2200) G2b stdev/mean CRR=0.019013 RCR=0.019028 (gate=0.01 pass=0)
[orchestrate] attempt=1 FAILED gates; retry after 5s...
[bench attempt 2/3]
[bench rc=0]
[sclk-pre-preheat] GPU[5]		: sclk clock level: 1: (1855Mhz)
[preheat 120.0s] done 15356 iters
[sclk-post-preheat] GPU[5]		: sclk clock level: 1: (2181Mhz)
CORRECTNESS_CRR snr_db=49.59 pass_rate_pct=100.00 det_ok=True
CORRECTNESS_RCR snr_db=49.60 pass_rate_pct=100.00 det_ok=True
[sclk-pre-bench] GPU[5]		: sclk clock level: 1: (2329Mhz)
WARMUP 0 RCR=2561.64 CRR=2671.57 sclk=GPU[5]		: sclk clock level: 1: (2306Mhz)
WARMUP 1 RCR=2765.15 CRR=2675.51 sclk=GPU[5]		: sclk clock level: 1: (2306Mhz)
PAIR 0 RCR_1=2763.14 CRR_1=2681.02 RCR_2=2936.56 CRR_2=2686.18
PAIR 1 RCR_1=2934.65 CRR_1=2670.50 RCR_2=2709.13 CRR_2=2423.31
PAIR 2 RCR_1=2927.00 CRR_1=2731.61 RCR_2=2935.69 CRR_2=2499.94
PAIR 3 RCR_1=2954.18 CRR_1=2732.02 RCR_2=2957.40 CRR_2=2700.21
PAIR 4 RCR_1=3010.09 CRR_1=2724.40 RCR_2=2943.19 CRR_2=2723.95
PAIR 5 RCR_1=2973.08 CRR_1=2738.66 RCR_2=2966.09 CRR_2=2752.07
PAIR 6 RCR_1=2965.76 CRR_1=2715.15 RCR_2=2939.76 CRR_2=2709.16
PAIR 7 RCR_1=2960.53 CRR_1=2735.11 RCR_2=2961.35 CRR_2=2707.13
PAIR 8 RCR_1=2941.75 CRR_1=2770.48 RCR_2=3035.65 CRR_2=2768.56
PAIR 9 RCR_1=2998.20 CRR_1=2753.48 RCR_2=2996.88 CRR_2=2728.91
PAIR 10 RCR_1=2960.44 CRR_1=2715.92 RCR_2=2986.53 CRR_2=2718.50
PAIR 11 RCR_1=2968.56 CRR_1=2701.43 RCR_2=2968.32 CRR_2=2722.68
PAIR 12 RCR_1=2988.92 CRR_1=2745.86 RCR_2=2981.54 CRR_2=2799.15
PAIR 13 RCR_1=3025.84 CRR_1=2797.91 RCR_2=3019.61 CRR_2=2706.48
PAIR 14 RCR_1=2949.16 CRR_1=2716.68 RCR_2=2967.28 CRR_2=2714.59
PAIR 15 RCR_1=2981.14 CRR_1=2780.36 RCR_2=2952.06 CRR_2=2687.70
PAIR 16 RCR_1=2953.58 CRR_1=2736.92 RCR_2=2952.02 CRR_2=2479.27
PAIR 17 RCR_1=2922.36 CRR_1=2766.72 RCR_2=2943.89 CRR_2=2715.90
PAIR 18 RCR_1=2973.89 CRR_1=2760.27 RCR_2=2976.59 CRR_2=2689.61
PAIR 19 RCR_1=2955.93 CRR_1=2757.97 RCR_2=2986.04 CRR_2=2690.17
[sclk-post-bench] GPU[5]		: sclk clock level: 1: (2231Mhz)
CRR  median=2720.59 mean=2708.90 stdev=76.62 n=40
RCR  median=2960.94 mean=2955.59 stdev=57.69 n=40
Welch t (CRR vs RCR) = 16.267  (positive = RCR faster)
DELTA_MEDIAN_PCT RCR_vs_CRR = +8.834%
CRR_TFLOPS_LIST 2681.0227,2686.1803,2670.5019,2423.3131,2731.6144,2499.9373,2732.0162,2700.2072,2724.4006,2723.9468,2738.6570,2752.0708,2715.1538,2709.1598,2735.1136,2707.1336,2770.4772,2768.5593,2753.4826,2728.9131,2715.9162,2718.4958,2701.4290,2722.6840,2745.8583,2799.1540,2797.9112,2706.4819,2716.6799,2714.5864,2780.3643,2687.7026,2736.9230,2479.2696,2766.7188,2715.8961,2760.2737,2689.6064,2757.9689,2690.1750
RCR_TFLOPS_LIST 2763.1366,2936.5566,2934.6511,2709.1259,2927.0019,2935.6913,2954.1806,2957.3978,3010.0944,2943.1859,2973.0827,2966.0900,2965.7558,2939.7616,2960.5310,2961.3466,2941.7480,3035.6515,2998.1970,2996.8757,2960.4418,2986.5341,2968.5619,2968.3186,2988.9239,2981.5450,3025.8398,3019.6050,2949.1597,2967.2810,2981.1447,2952.0606,2953.5832,2952.0219,2922.3565,2943.8917,2973.8942,2976.5865,2955.9339,2986.0409
--- stderr ---
W20260418 16:47:17.096673 140255120871424 agent.cpp:461] Attempt to enable hip visiblity for agent-2 which is not visible to HSA (ROCR)
[mxfp8_dispatch] crr_v2: shape=(M=4096,N=8192,K=8192) -> ADVISE-V2-RCR-70B-QO (R36C +8.20-8.32%)
[mxfp8_dispatch] crr_v2: shape=(M=4096,N=8192,K=8192) -> CRR-V2-EXACT-8WAVE-DEFAULT
[mxfp8_dispatch] rcr_v2: shape=(M=4096,N=8192,K=8192) -> RCR-V2-EXACT-8WAVE
[orchestrate] attempt=2 rc=0 G1 sclk-post-preheat=2181MHz (gate=2200) G2a sclk-post-bench=2231MHz (gate=2200) G2b stdev/mean CRR=0.028163 RCR=0.019484 (gate=0.01 pass=0)
[orchestrate] attempt=2 FAILED gates; retry after 5s...
[bench attempt 3/3]
[bench rc=0]
[sclk-pre-preheat] GPU[5]		: sclk clock level: 1: (157Mhz)
[preheat 120.0s] done 15356 iters
[sclk-post-preheat] GPU[5]		: sclk clock level: 1: (1787Mhz)
CORRECTNESS_CRR snr_db=49.59 pass_rate_pct=100.00 det_ok=True
CORRECTNESS_RCR snr_db=49.60 pass_rate_pct=100.00 det_ok=True
[sclk-pre-bench] GPU[5]		: sclk clock level: 1: (1836Mhz)
WARMUP 0 RCR=378.71 CRR=324.36 sclk=GPU[5]		: sclk clock level: 1: (1783Mhz)
WARMUP 1 RCR=356.33 CRR=333.00 sclk=GPU[5]		: sclk clock level: 1: (1788Mhz)
PAIR 0 RCR_1=365.01 CRR_1=341.08 RCR_2=354.35 CRR_2=345.90
PAIR 1 RCR_1=354.19 CRR_1=332.81 RCR_2=346.33 CRR_2=349.60
PAIR 2 RCR_1=367.59 CRR_1=329.50 RCR_2=359.75 CRR_2=349.07
PAIR 3 RCR_1=342.80 CRR_1=332.25 RCR_2=354.99 CRR_2=2686.29
PAIR 4 RCR_1=2907.20 CRR_1=2697.99 RCR_2=2894.89 CRR_2=2659.41
PAIR 5 RCR_1=2915.71 CRR_1=2720.37 RCR_2=2933.22 CRR_2=2709.69
PAIR 6 RCR_1=2944.11 CRR_1=2645.82 RCR_2=2888.30 CRR_2=2684.18
PAIR 7 RCR_1=2940.12 CRR_1=2680.29 RCR_2=2902.42 CRR_2=2694.88
PAIR 8 RCR_1=2945.03 CRR_1=2697.23 RCR_2=2933.71 CRR_2=2483.93
PAIR 9 RCR_1=2664.70 CRR_1=2646.27 RCR_2=2908.63 CRR_2=2698.39
PAIR 10 RCR_1=2883.70 CRR_1=2664.66 RCR_2=2927.85 CRR_2=2641.75
PAIR 11 RCR_1=2900.12 CRR_1=2680.04 RCR_2=2939.29 CRR_2=2664.17
PAIR 12 RCR_1=2890.45 CRR_1=2735.61 RCR_2=2966.27 CRR_2=2695.54
PAIR 13 RCR_1=2915.46 CRR_1=2731.79 RCR_2=2911.08 CRR_2=2663.30
PAIR 14 RCR_1=2904.62 CRR_1=2675.17 RCR_2=2908.74 CRR_2=2702.13
PAIR 15 RCR_1=2966.99 CRR_1=2760.35 RCR_2=2960.81 CRR_2=2663.77
PAIR 16 RCR_1=2884.11 CRR_1=2651.18 RCR_2=2927.56 CRR_2=2672.48
PAIR 17 RCR_1=2901.20 CRR_1=2702.60 RCR_2=2918.29 CRR_2=2725.99
PAIR 18 RCR_1=2953.36 CRR_1=2696.79 RCR_2=2907.08 CRR_2=2701.69
PAIR 19 RCR_1=2918.61 CRR_1=2661.60 RCR_2=2904.52 CRR_2=2653.24
[sclk-post-bench] GPU[5]		: sclk clock level: 1: (2266Mhz)
CRR  median=2673.83 mean=2270.72 stdev=901.48 n=40
RCR  median=2907.14 mean=2400.33 stdev=1036.37 n=40
Welch t (CRR vs RCR) = 0.597  (positive = RCR faster)
DELTA_MEDIAN_PCT RCR_vs_CRR = +8.726%
CRR_TFLOPS_LIST 341.0770,345.8982,332.8089,349.5960,329.4966,349.0709,332.2541,2686.2943,2697.9918,2659.4109,2720.3670,2709.6936,2645.8250,2684.1763,2680.2917,2694.8814,2697.2286,2483.9318,2646.2730,2698.3933,2664.6615,2641.7466,2680.0398,2664.1750,2735.6145,2695.5360,2731.7873,2663.2963,2675.1676,2702.1300,2760.3510,2663.7720,2651.1834,2672.4834,2702.5974,2725.9890,2696.7946,2701.6939,2661.6043,2653.2404
RCR_TFLOPS_LIST 365.0056,354.3529,354.1947,346.3314,367.5881,359.7479,342.7994,354.9904,2907.1996,2894.8927,2915.7127,2933.2225,2944.1051,2888.2974,2940.1247,2902.4238,2945.0268,2933.7099,2664.7024,2908.6276,2883.7035,2927.8483,2900.1204,2939.2947,2890.4486,2966.2685,2915.4643,2911.0799,2904.6192,2908.7391,2966.9867,2960.8120,2884.1147,2927.5605,2901.1994,2918.2872,2953.3550,2907.0770,2918.6101,2904.5212
--- stderr ---
W20260418 16:50:01.559645 139630516305920 agent.cpp:461] Attempt to enable hip visiblity for agent-2 which is not visible to HSA (ROCR)
[mxfp8_dispatch] crr_v2: shape=(M=4096,N=8192,K=8192) -> ADVISE-V2-RCR-70B-QO (R36C +8.20-8.32%)
[mxfp8_dispatch] crr_v2: shape=(M=4096,N=8192,K=8192) -> CRR-V2-EXACT-8WAVE-DEFAULT
[mxfp8_dispatch] rcr_v2: shape=(M=4096,N=8192,K=8192) -> RCR-V2-EXACT-8WAVE
[orchestrate] attempt=3 rc=0 G1 sclk-post-preheat=1787MHz (gate=2200) G2a sclk-post-bench=2266MHz (gate=2200) G2b stdev/mean CRR=0.337149 RCR=0.356491 (gate=0.01 pass=0)
[orchestrate] attempt=3 FAILED gates; retry after 5s...
[orchestrate] EXHAUSTED 3 retries; using last attempt.
[orchestrate] gate_path=EXHAUSTED
DONE gpu=5 cell=qo_70b attempts=4
Sat Apr 18 16:52:45 UTC 2026
