===== R40 Dev D V2-RCR QO 4-GPU STRICT-promote cell=qo_8b M=4096 N=4096 K=4096 phys_gpu=4 =====
[orchestrate] N_PAIRS=20 WARMUP=30 ITERS=50 PREHEAT=120s WARMUP_PAIRS=2
[orchestrate] R36/R38 3-gate: G1 sclk-post-preheat>=2200 G2a sclk-post-bench>=2200 G2b stdev/mean<=0.01, MAX_RETRIES=3, G1P_MIN_MEDIAN_TF=500
Sat Apr 18 16:35:32 UTC 2026
[pre-orchestrate sclk check]
GPU[4]		: sclk clock level: 1: (209Mhz)
[build qo_8b md5=37157e13194ac804eb4fdb42b1a70de6 (cached)]
[bench attempt 1/3]
[bench rc=0]
[sclk-pre-preheat] GPU[4]		: sclk clock level: 1: (156Mhz)
[preheat 120.0s] done 21500 iters
[sclk-post-preheat] GPU[4]		: sclk clock level: 1: (2359Mhz)
CORRECTNESS_CRR snr_db=49.61 pass_rate_pct=100.00 det_ok=True
CORRECTNESS_RCR snr_db=49.61 pass_rate_pct=100.00 det_ok=True
[sclk-pre-bench] GPU[4]		: sclk clock level: 1: (2363Mhz)
WARMUP 0 RCR=2062.29 CRR=2130.02 sclk=GPU[4]		: sclk clock level: 1: (2374Mhz)
WARMUP 1 RCR=2145.29 CRR=2155.70 sclk=GPU[4]		: sclk clock level: 1: (2367Mhz)
PAIR 0 RCR_1=2125.28 CRR_1=2101.18 RCR_2=2315.29 CRR_2=2203.29
PAIR 1 RCR_1=2355.64 CRR_1=2243.95 RCR_2=2386.79 CRR_2=2240.58
PAIR 2 RCR_1=2384.81 CRR_1=2237.55 RCR_2=2419.85 CRR_2=2255.11
PAIR 3 RCR_1=2413.90 CRR_1=2237.34 RCR_2=2406.27 CRR_2=2250.06
PAIR 4 RCR_1=2401.42 CRR_1=2255.35 RCR_2=2392.21 CRR_2=2246.18
PAIR 5 RCR_1=2389.89 CRR_1=2252.45 RCR_2=2396.68 CRR_2=2257.37
PAIR 6 RCR_1=2422.43 CRR_1=2241.67 RCR_2=2415.44 CRR_2=2243.28
PAIR 7 RCR_1=2420.67 CRR_1=2254.67 RCR_2=2402.56 CRR_2=2249.38
PAIR 8 RCR_1=2400.26 CRR_1=2248.27 RCR_2=2397.00 CRR_2=2256.92
PAIR 9 RCR_1=2421.75 CRR_1=2256.95 RCR_2=2403.02 CRR_2=2262.78
PAIR 10 RCR_1=2412.57 CRR_1=2246.06 RCR_2=2411.29 CRR_2=2245.80
PAIR 11 RCR_1=2403.45 CRR_1=2259.68 RCR_2=2413.55 CRR_2=2233.94
PAIR 12 RCR_1=2397.52 CRR_1=2244.12 RCR_2=2402.19 CRR_2=2257.22
PAIR 13 RCR_1=2421.64 CRR_1=2250.74 RCR_2=2402.11 CRR_2=2263.91
PAIR 14 RCR_1=2380.92 CRR_1=2253.81 RCR_2=2404.98 CRR_2=2249.94
PAIR 15 RCR_1=2402.81 CRR_1=2246.53 RCR_2=2407.01 CRR_2=639.56
PAIR 16 RCR_1=549.55 CRR_1=2164.97 RCR_2=2313.57 CRR_2=2176.87
PAIR 17 RCR_1=2450.19 CRR_1=2342.63 RCR_2=2525.38 CRR_2=2362.34
PAIR 18 RCR_1=2543.40 CRR_1=2374.53 RCR_2=2559.32 CRR_2=2380.21
PAIR 19 RCR_1=2541.64 CRR_1=2356.32 RCR_2=2569.64 CRR_2=2346.40
[sclk-post-bench] GPU[4]		: sclk clock level: 1: (2322Mhz)
CRR  median=2250.00 mean=2217.25 stdev=261.33 n=40
RCR  median=2403.23 mean=2364.60 stdev=303.12 n=40
Welch t (CRR vs RCR) = 2.329  (positive = RCR faster)
DELTA_MEDIAN_PCT RCR_vs_CRR = +6.810%
CRR_TFLOPS_LIST 2101.1815,2203.2853,2243.9489,2240.5841,2237.5470,2255.1132,2237.3438,2250.0618,2255.3493,2246.1772,2252.4521,2257.3659,2241.6673,2243.2750,2254.6663,2249.3835,2248.2671,2256.9210,2256.9499,2262.7764,2246.0619,2245.7969,2259.6811,2233.9385,2244.1226,2257.2168,2250.7406,2263.9102,2253.8099,2249.9447,2246.5311,639.5627,2164.9692,2176.8735,2342.6306,2362.3448,2374.5254,2380.2135,2356.3182,2346.4045
RCR_TFLOPS_LIST 2125.2758,2315.2901,2355.6397,2386.7866,2384.8061,2419.8507,2413.9040,2406.2705,2401.4229,2392.2072,2389.8861,2396.6766,2422.4260,2415.4388,2420.6656,2402.5554,2400.2595,2397.0001,2421.7550,2403.0167,2412.5658,2411.2901,2403.4520,2413.5521,2397.5178,2402.1893,2421.6363,2402.1062,2380.9169,2404.9779,2402.8125,2407.0148,549.5459,2313.5721,2450.1857,2525.3762,2543.4043,2559.3188,2541.6357,2569.6431
--- stderr ---
W20260418 16:35:35.349983 140195010396160 agent.cpp:461] Attempt to enable hip visiblity for agent-2 which is not visible to HSA (ROCR)
[mxfp8_dispatch] crr_v2: shape=(M=4096,N=4096,K=4096) -> ADVISE-V2-RCR-8B-QO (R36C +5.83-7.05%)
[mxfp8_dispatch] crr_v2: shape=(M=4096,N=4096,K=4096) -> CRR-V2-EXACT-8WAVE-DEFAULT
[mxfp8_dispatch] rcr_v2: shape=(M=4096,N=4096,K=4096) -> RCR-V2-EXACT-8WAVE
[orchestrate] attempt=1 rc=0 G1 sclk-post-preheat=2359MHz (gate=2200) G2a sclk-post-bench=2322MHz (gate=2200) G2b stdev/mean CRR=0.116147 RCR=0.126130 (gate=0.01 pass=0)
[orchestrate] PASS G1+G2a+G2b at attempt=1; using as final.
[orchestrate] gate_path=G1+G2a+G2b
DONE gpu=4 cell=qo_8b attempts=1
Sat Apr 18 16:38:07 UTC 2026
