===== R40 Dev D V2-RCR QO 4-GPU STRICT-promote cell=qo_8b M=4096 N=4096 K=4096 phys_gpu=1 =====
[orchestrate] N_PAIRS=20 WARMUP=30 ITERS=50 PREHEAT=120s WARMUP_PAIRS=2
[orchestrate] R36/R38 3-gate: G1 sclk-post-preheat>=2200 G2a sclk-post-bench>=2200 G2b stdev/mean<=0.01, MAX_RETRIES=3, G1P_MIN_MEDIAN_TF=500
Sat Apr 18 16:35:28 UTC 2026
[pre-orchestrate sclk check]
GPU[1]		: sclk clock level: 1: (157Mhz)
[build qo_8b md5=37157e13194ac804eb4fdb42b1a70de6 (cached)]
[bench attempt 1/3]
[bench rc=0]
[sclk-pre-preheat] GPU[1]		: sclk clock level: 1: (196Mhz)
[preheat 120.0s] done 19452 iters
[sclk-post-preheat] GPU[1]		: sclk clock level: 1: (2176Mhz)
CORRECTNESS_CRR snr_db=49.61 pass_rate_pct=100.00 det_ok=True
CORRECTNESS_RCR snr_db=49.61 pass_rate_pct=100.00 det_ok=True
[sclk-pre-bench] GPU[1]		: sclk clock level: 1: (2367Mhz)
WARMUP 0 RCR=2119.33 CRR=2028.78 sclk=GPU[1]		: sclk clock level: 1: (2377Mhz)
WARMUP 1 RCR=2112.00 CRR=2069.47 sclk=GPU[1]		: sclk clock level: 1: (2362Mhz)
PAIR 0 RCR_1=2024.83 CRR_1=2020.19 RCR_2=2265.73 CRR_2=2172.97
PAIR 1 RCR_1=2351.35 CRR_1=2216.65 RCR_2=2363.83 CRR_2=2247.62
PAIR 2 RCR_1=2407.63 CRR_1=2245.68 RCR_2=2407.77 CRR_2=2238.04
PAIR 3 RCR_1=2424.58 CRR_1=2233.56 RCR_2=2381.36 CRR_2=2253.93
PAIR 4 RCR_1=2399.89 CRR_1=2235.04 RCR_2=2403.21 CRR_2=2247.85
PAIR 5 RCR_1=2397.67 CRR_1=2241.99 RCR_2=2424.13 CRR_2=2252.87
PAIR 6 RCR_1=2405.87 CRR_1=2245.68 RCR_2=2423.68 CRR_2=2268.45
PAIR 7 RCR_1=2390.19 CRR_1=2240.26 RCR_2=2437.27 CRR_2=2263.22
PAIR 8 RCR_1=2428.21 CRR_1=2259.50 RCR_2=2421.30 CRR_2=2236.53
PAIR 9 RCR_1=2423.41 CRR_1=2252.30 RCR_2=2422.85 CRR_2=2267.19
PAIR 10 RCR_1=2431.54 CRR_1=2248.59 RCR_2=2428.22 CRR_2=2271.93
PAIR 11 RCR_1=2396.84 CRR_1=2276.18 RCR_2=2421.78 CRR_2=2237.93
PAIR 12 RCR_1=2406.50 CRR_1=2262.74 RCR_2=2412.52 CRR_2=2261.82
PAIR 13 RCR_1=2427.14 CRR_1=2249.80 RCR_2=2424.24 CRR_2=2250.33
PAIR 14 RCR_1=2411.27 CRR_1=2263.97 RCR_2=2391.90 CRR_2=2279.22
PAIR 15 RCR_1=2395.49 CRR_1=2250.92 RCR_2=2416.64 CRR_2=2258.64
PAIR 16 RCR_1=2414.39 CRR_1=2275.18 RCR_2=2417.08 CRR_2=2265.28
PAIR 17 RCR_1=2431.34 CRR_1=2252.86 RCR_2=2433.95 CRR_2=2254.55
PAIR 18 RCR_1=2422.39 CRR_1=2252.24 RCR_2=2382.48 CRR_2=2268.69
PAIR 19 RCR_1=2426.02 CRR_1=2241.64 RCR_2=2427.08 CRR_2=2274.22
[sclk-post-bench] GPU[1]		: sclk clock level: 1: (2344Mhz)
CRR  median=2252.27 mean=2245.91 stdev=41.07 n=40
RCR  median=2415.51 mean=2398.09 stdev=67.47 n=40
Welch t (CRR vs RCR) = 12.186  (positive = RCR faster)
DELTA_MEDIAN_PCT RCR_vs_CRR = +7.248%
CRR_TFLOPS_LIST 2020.1872,2172.9657,2216.6451,2247.6222,2245.6758,2238.0447,2233.5631,2253.9282,2235.0443,2247.8509,2241.9898,2252.8657,2245.6773,2268.4539,2240.2605,2263.2242,2259.5050,2236.5275,2252.3038,2267.1928,2248.5879,2271.9345,2276.1765,2237.9274,2262.7436,2261.8201,2249.7981,2250.3293,2263.9721,2279.2235,2250.9168,2258.6390,2275.1810,2265.2833,2252.8634,2254.5479,2252.2425,2268.6906,2241.6351,2274.2195
RCR_TFLOPS_LIST 2024.8302,2265.7270,2351.3525,2363.8303,2407.6295,2407.7704,2424.5815,2381.3559,2399.8856,2403.2108,2397.6742,2424.1299,2405.8704,2423.6836,2390.1928,2437.2671,2428.2149,2421.2993,2423.4126,2422.8521,2431.5408,2428.2200,2396.8446,2421.7797,2406.5014,2412.5218,2427.1385,2424.2402,2411.2715,2391.9049,2395.4886,2416.6391,2414.3882,2417.0777,2431.3421,2433.9522,2422.3901,2382.4795,2426.0169,2427.0760
--- stderr ---
W20260418 16:35:31.625857 140297473409024 agent.cpp:461] Attempt to enable hip visiblity for agent-2 which is not visible to HSA (ROCR)
[mxfp8_dispatch] crr_v2: shape=(M=4096,N=4096,K=4096) -> ADVISE-V2-RCR-8B-QO (R36C +5.83-7.05%)
[mxfp8_dispatch] crr_v2: shape=(M=4096,N=4096,K=4096) -> CRR-V2-EXACT-8WAVE-DEFAULT
[mxfp8_dispatch] rcr_v2: shape=(M=4096,N=4096,K=4096) -> RCR-V2-EXACT-8WAVE
[orchestrate] attempt=1 rc=0 G1 sclk-post-preheat=2176MHz (gate=2200) G2a sclk-post-bench=2344MHz (gate=2200) G2b stdev/mean CRR=0.018235 RCR=0.027932 (gate=0.01 pass=0)
[orchestrate] attempt=1 FAILED gates; retry after 5s...
[bench attempt 2/3]
[bench rc=0]
[sclk-pre-preheat] GPU[1]		: sclk clock level: 1: (179Mhz)
[preheat 120.0s] done 19452 iters
[sclk-post-preheat] GPU[1]		: sclk clock level: 1: (2075Mhz)
CORRECTNESS_CRR snr_db=49.61 pass_rate_pct=100.00 det_ok=True
CORRECTNESS_RCR snr_db=49.61 pass_rate_pct=100.00 det_ok=True
[sclk-pre-bench] GPU[1]		: sclk clock level: 1: (2310Mhz)
WARMUP 0 RCR=2101.21 CRR=2065.21 sclk=GPU[1]		: sclk clock level: 1: (2336Mhz)
WARMUP 1 RCR=2025.48 CRR=2077.80 sclk=GPU[1]		: sclk clock level: 1: (2347Mhz)
PAIR 0 RCR_1=2064.89 CRR_1=2127.46 RCR_2=2317.32 CRR_2=2181.52
PAIR 1 RCR_1=2385.80 CRR_1=2251.65 RCR_2=2398.70 CRR_2=2242.95
PAIR 2 RCR_1=2406.31 CRR_1=2244.98 RCR_2=2399.27 CRR_2=2248.29
PAIR 3 RCR_1=2410.09 CRR_1=2267.08 RCR_2=2403.72 CRR_2=2259.41
PAIR 4 RCR_1=2429.13 CRR_1=2276.00 RCR_2=2406.51 CRR_2=2282.32
PAIR 5 RCR_1=2415.37 CRR_1=2269.32 RCR_2=2413.46 CRR_2=2264.71
PAIR 6 RCR_1=2423.03 CRR_1=2259.83 RCR_2=2422.55 CRR_2=2278.53
PAIR 7 RCR_1=2414.70 CRR_1=2252.19 RCR_2=2421.74 CRR_2=2265.49
PAIR 8 RCR_1=2418.80 CRR_1=2274.58 RCR_2=2421.58 CRR_2=2255.59
PAIR 9 RCR_1=2437.96 CRR_1=2266.90 RCR_2=2429.23 CRR_2=2274.19
PAIR 10 RCR_1=2439.73 CRR_1=2226.62 RCR_2=2409.65 CRR_2=2275.51
PAIR 11 RCR_1=2429.12 CRR_1=2283.31 RCR_2=2435.30 CRR_2=2215.19
PAIR 12 RCR_1=2418.41 CRR_1=2273.95 RCR_2=2404.81 CRR_2=2254.49
PAIR 13 RCR_1=2431.79 CRR_1=2256.24 RCR_2=2421.33 CRR_2=2246.30
PAIR 14 RCR_1=2418.93 CRR_1=2267.91 RCR_2=2441.70 CRR_2=2235.22
PAIR 15 RCR_1=2403.65 CRR_1=2274.88 RCR_2=2418.64 CRR_2=2274.70
PAIR 16 RCR_1=2437.86 CRR_1=2284.44 RCR_2=2434.12 CRR_2=2262.98
PAIR 17 RCR_1=2414.88 CRR_1=2291.48 RCR_2=2419.28 CRR_2=2238.13
PAIR 18 RCR_1=2423.55 CRR_1=2263.49 RCR_2=2441.32 CRR_2=2264.38
PAIR 19 RCR_1=2434.78 CRR_1=2261.08 RCR_2=2426.57 CRR_2=2260.42
[sclk-post-bench] GPU[1]		: sclk clock level: 1: (2311Mhz)
CRR  median=2263.24 mean=2256.34 stdev=29.22 n=40
RCR  median=2419.11 mean=2408.64 stdev=59.50 n=40
Welch t (CRR vs RCR) = 14.530  (positive = RCR faster)
DELTA_MEDIAN_PCT RCR_vs_CRR = +6.887%
CRR_TFLOPS_LIST 2127.4616,2181.5187,2251.6536,2242.9528,2244.9759,2248.2936,2267.0754,2259.4114,2275.9964,2282.3172,2269.3214,2264.7122,2259.8274,2278.5327,2252.1856,2265.4909,2274.5801,2255.5876,2266.8959,2274.1871,2226.6155,2275.5125,2283.3137,2215.1902,2273.9456,2254.4909,2256.2378,2246.2954,2267.9126,2235.2210,2274.8828,2274.7028,2284.4378,2262.9842,2291.4787,2238.1300,2263.4919,2264.3846,2261.0796,2260.4214
RCR_TFLOPS_LIST 2064.8906,2317.3169,2385.8038,2398.7045,2406.3076,2399.2714,2410.0859,2403.7219,2429.1342,2406.5140,2415.3726,2413.4580,2423.0350,2422.5549,2414.7047,2421.7387,2418.8014,2421.5775,2437.9562,2429.2338,2439.7254,2409.6532,2429.1187,2435.2978,2418.4064,2404.8087,2431.7869,2421.3317,2418.9342,2441.7010,2403.6504,2418.6396,2437.8620,2434.1177,2414.8846,2419.2833,2423.5511,2441.3210,2434.7775,2426.5660
--- stderr ---
W20260418 16:38:08.193931 140119923761152 agent.cpp:461] Attempt to enable hip visiblity for agent-2 which is not visible to HSA (ROCR)
[mxfp8_dispatch] crr_v2: shape=(M=4096,N=4096,K=4096) -> ADVISE-V2-RCR-8B-QO (R36C +5.83-7.05%)
[mxfp8_dispatch] crr_v2: shape=(M=4096,N=4096,K=4096) -> CRR-V2-EXACT-8WAVE-DEFAULT
[mxfp8_dispatch] rcr_v2: shape=(M=4096,N=4096,K=4096) -> RCR-V2-EXACT-8WAVE
[orchestrate] attempt=2 rc=0 G1 sclk-post-preheat=2075MHz (gate=2200) G2a sclk-post-bench=2311MHz (gate=2200) G2b stdev/mean CRR=0.012911 RCR=0.024596 (gate=0.01 pass=0)
[orchestrate] attempt=2 FAILED gates; retry after 5s...
[bench attempt 3/3]
[bench rc=0]
[sclk-pre-preheat] GPU[1]		: sclk clock level: S: (94Mhz)
[preheat 120.0s] done 19452 iters
[sclk-post-preheat] GPU[1]		: sclk clock level: 1: (2330Mhz)
CORRECTNESS_CRR snr_db=49.61 pass_rate_pct=100.00 det_ok=True
CORRECTNESS_RCR snr_db=49.61 pass_rate_pct=100.00 det_ok=True
[sclk-pre-bench] GPU[1]		: sclk clock level: 1: (2375Mhz)
WARMUP 0 RCR=2114.34 CRR=2078.78 sclk=GPU[1]		: sclk clock level: 1: (2368Mhz)
WARMUP 1 RCR=2112.29 CRR=2074.09 sclk=GPU[1]		: sclk clock level: 1: (2378Mhz)
PAIR 0 RCR_1=2111.54 CRR_1=2122.13 RCR_2=2338.46 CRR_2=2217.91
PAIR 1 RCR_1=2375.87 CRR_1=2223.53 RCR_2=2399.07 CRR_2=2251.98
PAIR 2 RCR_1=2408.56 CRR_1=2256.89 RCR_2=2415.33 CRR_2=2246.35
PAIR 3 RCR_1=2383.47 CRR_1=2260.01 RCR_2=2414.12 CRR_2=2253.87
PAIR 4 RCR_1=2402.38 CRR_1=2283.83 RCR_2=2414.44 CRR_2=2265.40
PAIR 5 RCR_1=2402.12 CRR_1=2259.59 RCR_2=2419.77 CRR_2=2265.01
PAIR 6 RCR_1=2437.21 CRR_1=2249.56 RCR_2=2388.91 CRR_2=2261.79
PAIR 7 RCR_1=2415.09 CRR_1=2262.98 RCR_2=2421.53 CRR_2=2263.73
PAIR 8 RCR_1=2415.37 CRR_1=2271.12 RCR_2=2433.44 CRR_2=2240.35
PAIR 9 RCR_1=2403.42 CRR_1=2249.27 RCR_2=2394.51 CRR_2=2251.48
PAIR 10 RCR_1=2405.47 CRR_1=2255.29 RCR_2=2428.09 CRR_2=2264.36
PAIR 11 RCR_1=2421.44 CRR_1=2275.48 RCR_2=2427.05 CRR_2=2260.24
PAIR 12 RCR_1=2406.51 CRR_1=2245.97 RCR_2=2349.51 CRR_2=2250.68
PAIR 13 RCR_1=2415.38 CRR_1=2254.82 RCR_2=2435.65 CRR_2=2263.55
PAIR 14 RCR_1=2413.17 CRR_1=2262.89 RCR_2=2416.24 CRR_2=2260.13
PAIR 15 RCR_1=2416.11 CRR_1=2268.54 RCR_2=2404.29 CRR_2=2260.96
PAIR 16 RCR_1=2419.52 CRR_1=2248.27 RCR_2=2422.16 CRR_2=2259.80
PAIR 17 RCR_1=2422.36 CRR_1=2285.20 RCR_2=2407.77 CRR_2=2254.46
PAIR 18 RCR_1=2429.26 CRR_1=2256.12 RCR_2=2431.91 CRR_2=2241.55
PAIR 19 RCR_1=2428.80 CRR_1=2257.40 RCR_2=2439.54 CRR_2=2260.90
[sclk-post-bench] GPU[1]		: sclk clock level: 1: (2334Mhz)
CRR  median=2258.49 mean=2253.58 stdev=24.84 n=40
RCR  median=2415.21 mean=2403.37 stdev=51.80 n=40
Welch t (CRR vs RCR) = 16.490  (positive = RCR faster)
DELTA_MEDIAN_PCT RCR_vs_CRR = +6.939%
CRR_TFLOPS_LIST 2122.1262,2217.9078,2223.5312,2251.9790,2256.8899,2246.3534,2260.0073,2253.8721,2283.8312,2265.4036,2259.5911,2265.0131,2249.5580,2261.7925,2262.9820,2263.7289,2271.1214,2240.3475,2249.2665,2251.4751,2255.2937,2264.3578,2275.4839,2260.2437,2245.9723,2250.6787,2254.8157,2263.5515,2262.8941,2260.1255,2268.5423,2260.9613,2248.2657,2259.7999,2285.1990,2254.4614,2256.1200,2241.5466,2257.3955,2260.8981
RCR_TFLOPS_LIST 2111.5386,2338.4550,2375.8660,2399.0671,2408.5586,2415.3293,2383.4728,2414.1236,2402.3841,2414.4383,2402.1221,2419.7663,2437.2144,2388.9090,2415.0908,2421.5339,2415.3658,2433.4368,2403.4176,2394.5070,2405.4746,2428.0853,2421.4375,2427.0477,2406.5140,2349.5099,2415.3811,2435.6508,2413.1724,2416.2448,2416.1140,2404.2912,2419.5150,2422.1587,2422.3568,2407.7729,2429.2570,2431.9082,2428.8028,2439.5392
--- stderr ---
W20260418 16:40:42.541597 140132949344256 agent.cpp:461] Attempt to enable hip visiblity for agent-2 which is not visible to HSA (ROCR)
[mxfp8_dispatch] crr_v2: shape=(M=4096,N=4096,K=4096) -> ADVISE-V2-RCR-8B-QO (R36C +5.83-7.05%)
[mxfp8_dispatch] crr_v2: shape=(M=4096,N=4096,K=4096) -> CRR-V2-EXACT-8WAVE-DEFAULT
[mxfp8_dispatch] rcr_v2: shape=(M=4096,N=4096,K=4096) -> RCR-V2-EXACT-8WAVE
[orchestrate] attempt=3 rc=0 G1 sclk-post-preheat=2330MHz (gate=2200) G2a sclk-post-bench=2334MHz (gate=2200) G2b stdev/mean CRR=0.010998 RCR=0.021447 (gate=0.01 pass=0)
[orchestrate] PASS G1+G2a+G2b at attempt=3; using as final.
[orchestrate] gate_path=G1+G2a+G2b
DONE gpu=1 cell=qo_8b attempts=3
Sat Apr 18 16:43:23 UTC 2026
