W20260420 02:03:56.919322 140198739168768 simple_timer.cpp:55] [rocprofv3] tool initialization ::     0.143107 sec
W20260420 02:03:56.919550 140198739168768 simple_timer.cpp:55] [rocprofv3] 'python3 test_python.py 4096 8192 8192' ::     0.000000 sec
=== FP8 GEMM Layout Benchmark (native layouts, no preshuffle): M=4096, N=8192, K=8192 ===
Warmup=100, iters=200, correctness=off
Layouts=crr

--- CRR Layout: C = A^T @ B ---
W20260420 02:03:57.879567 140198739168768 tool.cpp:2420] HSA version 8.19.0 initialized (instance=0)
  Avg time: 0.3110 ms, TFLOPS: 1767.93

============================================================
Layout     Time (ms)    TFLOPS     % of RCR  
------------------------------------------------------------
CRR        0.3110       1767.93    0.00%
============================================================

95% target: NOT MET
  CRR: 0.00% of RCR

Results saved to fp8_layout_results_4096x8192x8192.json
W20260420 02:03:58.500869 140198739168768 simple_timer.cpp:55] [rocprofv3] 'python3 test_python.py 4096 8192 8192' ::     1.581319 sec
E20260420 02:03:58.593214 140198739168768 output_stream.cpp:111] Opened result file: /shared_nfs/kyle/test/Hipkittens2/analysis/fp8_gemm/mi350x/r56b_pmc_results/70B_QO_fp8_crr_set3/pmc_1/pt-test-2-l7n7x-master-0/3045350_counter_collection.csv
E20260420 02:03:58.648668 140198739168768 output_stream.cpp:111] Opened result file: /shared_nfs/kyle/test/Hipkittens2/analysis/fp8_gemm/mi350x/r56b_pmc_results/70B_QO_fp8_crr_set3/pmc_1/pt-test-2-l7n7x-master-0/3045350_agent_info.csv
W20260420 02:03:58.652539 140198739168768 simple_timer.cpp:55] [rocprofv3] output generation ::     0.150446 sec
W20260420 02:03:58.653000 140198739168768 simple_timer.cpp:55] [rocprofv3] tool finalization ::     0.150916 sec
W20260420 02:03:59.375756 140281892060672 simple_timer.cpp:55] [rocprofv3] tool initialization ::     0.143365 sec
W20260420 02:03:59.375964 140281892060672 simple_timer.cpp:55] [rocprofv3] 'python3 test_python.py 4096 8192 8192' ::     0.000000 sec
=== FP8 GEMM Layout Benchmark (native layouts, no preshuffle): M=4096, N=8192, K=8192 ===
Warmup=100, iters=200, correctness=off
Layouts=crr

--- CRR Layout: C = A^T @ B ---
W20260420 02:04:00.334695 140281892060672 tool.cpp:2420] HSA version 8.19.0 initialized (instance=0)
  Avg time: 0.3080 ms, TFLOPS: 1784.81

============================================================
Layout     Time (ms)    TFLOPS     % of RCR  
------------------------------------------------------------
CRR        0.3080       1784.81    0.00%
============================================================

95% target: NOT MET
  CRR: 0.00% of RCR

Results saved to fp8_layout_results_4096x8192x8192.json
W20260420 02:04:00.908010 140281892060672 simple_timer.cpp:55] [rocprofv3] 'python3 test_python.py 4096 8192 8192' ::     1.532046 sec
E20260420 02:04:00.993133 140281892060672 output_stream.cpp:111] Opened result file: /shared_nfs/kyle/test/Hipkittens2/analysis/fp8_gemm/mi350x/r56b_pmc_results/70B_QO_fp8_crr_set3/pmc_2/pt-test-2-l7n7x-master-0/3045434_counter_collection.csv
E20260420 02:04:01.055660 140281892060672 output_stream.cpp:111] Opened result file: /shared_nfs/kyle/test/Hipkittens2/analysis/fp8_gemm/mi350x/r56b_pmc_results/70B_QO_fp8_crr_set3/pmc_2/pt-test-2-l7n7x-master-0/3045434_agent_info.csv
W20260420 02:04:01.062132 140281892060672 simple_timer.cpp:55] [rocprofv3] output generation ::     0.152813 sec
W20260420 02:04:01.062647 140281892060672 simple_timer.cpp:55] [rocprofv3] tool finalization ::     0.153335 sec
W20260420 02:04:01.778654 140014927896064 simple_timer.cpp:55] [rocprofv3] tool initialization ::     0.145402 sec
W20260420 02:04:01.778903 140014927896064 simple_timer.cpp:55] [rocprofv3] 'python3 test_python.py 4096 8192 8192' ::     0.000000 sec
=== FP8 GEMM Layout Benchmark (native layouts, no preshuffle): M=4096, N=8192, K=8192 ===
Warmup=100, iters=200, correctness=off
Layouts=crr

--- CRR Layout: C = A^T @ B ---
W20260420 02:04:02.747351 140014927896064 tool.cpp:2420] HSA version 8.19.0 initialized (instance=0)
  Avg time: 0.3106 ms, TFLOPS: 1770.19

============================================================
Layout     Time (ms)    TFLOPS     % of RCR  
------------------------------------------------------------
CRR        0.3106       1770.19    0.00%
============================================================

95% target: NOT MET
  CRR: 0.00% of RCR

Results saved to fp8_layout_results_4096x8192x8192.json
W20260420 02:04:03.268453 140014927896064 simple_timer.cpp:55] [rocprofv3] 'python3 test_python.py 4096 8192 8192' ::     1.489549 sec
E20260420 02:04:03.353041 140014927896064 output_stream.cpp:111] Opened result file: /shared_nfs/kyle/test/Hipkittens2/analysis/fp8_gemm/mi350x/r56b_pmc_results/70B_QO_fp8_crr_set3/pmc_3/pt-test-2-l7n7x-master-0/3045637_counter_collection.csv
E20260420 02:04:03.424827 140014927896064 output_stream.cpp:111] Opened result file: /shared_nfs/kyle/test/Hipkittens2/analysis/fp8_gemm/mi350x/r56b_pmc_results/70B_QO_fp8_crr_set3/pmc_3/pt-test-2-l7n7x-master-0/3045637_agent_info.csv
W20260420 02:04:03.430851 140014927896064 simple_timer.cpp:55] [rocprofv3] output generation ::     0.160816 sec
W20260420 02:04:03.431393 140014927896064 simple_timer.cpp:55] [rocprofv3] tool finalization ::     0.161366 sec
W20260420 02:04:04.114924 140022096866816 simple_timer.cpp:55] [rocprofv3] tool initialization ::     0.140125 sec
W20260420 02:04:04.115141 140022096866816 simple_timer.cpp:55] [rocprofv3] 'python3 test_python.py 4096 8192 8192' ::     0.000000 sec
=== FP8 GEMM Layout Benchmark (native layouts, no preshuffle): M=4096, N=8192, K=8192 ===
Warmup=100, iters=200, correctness=off
Layouts=crr

--- CRR Layout: C = A^T @ B ---
W20260420 02:04:05.050516 140022096866816 tool.cpp:2420] HSA version 8.19.0 initialized (instance=0)
  Avg time: 0.3110 ms, TFLOPS: 1767.43

============================================================
Layout     Time (ms)    TFLOPS     % of RCR  
------------------------------------------------------------
CRR        0.3110       1767.43    0.00%
============================================================

95% target: NOT MET
  CRR: 0.00% of RCR

Results saved to fp8_layout_results_4096x8192x8192.json
W20260420 02:04:05.629628 140022096866816 simple_timer.cpp:55] [rocprofv3] 'python3 test_python.py 4096 8192 8192' ::     1.514488 sec
E20260420 02:04:05.737007 140022096866816 output_stream.cpp:111] Opened result file: /shared_nfs/kyle/test/Hipkittens2/analysis/fp8_gemm/mi350x/r56b_pmc_results/70B_QO_fp8_crr_set3/pmc_4/pt-test-2-l7n7x-master-0/3045880_counter_collection.csv
E20260420 02:04:05.796121 140022096866816 output_stream.cpp:111] Opened result file: /shared_nfs/kyle/test/Hipkittens2/analysis/fp8_gemm/mi350x/r56b_pmc_results/70B_QO_fp8_crr_set3/pmc_4/pt-test-2-l7n7x-master-0/3045880_agent_info.csv
W20260420 02:04:05.800014 140022096866816 simple_timer.cpp:55] [rocprofv3] output generation ::     0.169120 sec
W20260420 02:04:05.800523 140022096866816 simple_timer.cpp:55] [rocprofv3] tool finalization ::     0.169638 sec
W20260420 02:04:06.500853 140434024136192 simple_timer.cpp:55] [rocprofv3] tool initialization ::     0.141667 sec
W20260420 02:04:06.501104 140434024136192 simple_timer.cpp:55] [rocprofv3] 'python3 test_python.py 4096 8192 8192' ::     0.000000 sec
=== FP8 GEMM Layout Benchmark (native layouts, no preshuffle): M=4096, N=8192, K=8192 ===
Warmup=100, iters=200, correctness=off
Layouts=crr

--- CRR Layout: C = A^T @ B ---
W20260420 02:04:07.442229 140434024136192 tool.cpp:2420] HSA version 8.19.0 initialized (instance=0)
  Avg time: 0.6547 ms, TFLOPS: 839.73

============================================================
Layout     Time (ms)    TFLOPS     % of RCR  
------------------------------------------------------------
CRR        0.6547       839.73     0.00%
============================================================

95% target: NOT MET
  CRR: 0.00% of RCR

Results saved to fp8_layout_results_4096x8192x8192.json
W20260420 02:04:08.032061 140434024136192 simple_timer.cpp:55] [rocprofv3] 'python3 test_python.py 4096 8192 8192' ::     1.530957 sec
E20260420 02:04:08.136013 140434024136192 output_stream.cpp:111] Opened result file: /shared_nfs/kyle/test/Hipkittens2/analysis/fp8_gemm/mi350x/r56b_pmc_results/70B_QO_fp8_crr_set3/pmc_5/pt-test-2-l7n7x-master-0/3045983_counter_collection.csv
E20260420 02:04:08.200773 140434024136192 output_stream.cpp:111] Opened result file: /shared_nfs/kyle/test/Hipkittens2/analysis/fp8_gemm/mi350x/r56b_pmc_results/70B_QO_fp8_crr_set3/pmc_5/pt-test-2-l7n7x-master-0/3045983_agent_info.csv
W20260420 02:04:08.206263 140434024136192 simple_timer.cpp:55] [rocprofv3] output generation ::     0.172934 sec
W20260420 02:04:08.206757 140434024136192 simple_timer.cpp:55] [rocprofv3] tool finalization ::     0.173436 sec
