W20260420 02:06:21.030909 140549326777856 simple_timer.cpp:55] [rocprofv3] tool initialization ::     0.141970 sec
W20260420 02:06:21.031139 140549326777856 simple_timer.cpp:55] [rocprofv3] 'python3 test_python.py 4096 8192 28672' ::     0.000000 sec
=== FP8 GEMM Layout Benchmark (native layouts, no preshuffle): M=4096, N=8192, K=28672 ===
Warmup=100, iters=200, correctness=off
Layouts=crr

--- CRR Layout: C = A^T @ B ---
W20260420 02:06:21.958518 140549326777856 tool.cpp:2420] HSA version 8.19.0 initialized (instance=0)
  Avg time: 0.7247 ms, TFLOPS: 2655.23

============================================================
Layout     Time (ms)    TFLOPS     % of RCR  
------------------------------------------------------------
CRR        0.7247       2655.23    0.00%
============================================================

95% target: NOT MET
  CRR: 0.00% of RCR

Results saved to fp8_layout_results_4096x8192x28672.json
W20260420 02:06:22.663051 140549326777856 simple_timer.cpp:55] [rocprofv3] 'python3 test_python.py 4096 8192 28672' ::     1.631912 sec
E20260420 02:06:22.749316 140549326777856 output_stream.cpp:111] Opened result file: /shared_nfs/kyle/test/Hipkittens2/analysis/fp8_gemm/mi350x/r56b_pmc_results/70B_Down_fp8_crr_set1/pmc_1/pt-test-2-l7n7x-master-0/3052741_counter_collection.csv
E20260420 02:06:22.811881 140549326777856 output_stream.cpp:111] Opened result file: /shared_nfs/kyle/test/Hipkittens2/analysis/fp8_gemm/mi350x/r56b_pmc_results/70B_Down_fp8_crr_set1/pmc_1/pt-test-2-l7n7x-master-0/3052741_agent_info.csv
W20260420 02:06:22.816223 140549326777856 simple_timer.cpp:55] [rocprofv3] output generation ::     0.151808 sec
W20260420 02:06:22.816718 140549326777856 simple_timer.cpp:55] [rocprofv3] tool finalization ::     0.152310 sec
W20260420 02:06:23.533554 139834755259904 simple_timer.cpp:55] [rocprofv3] tool initialization ::     0.152101 sec
W20260420 02:06:23.533755 139834755259904 simple_timer.cpp:55] [rocprofv3] 'python3 test_python.py 4096 8192 28672' ::     0.000000 sec
=== FP8 GEMM Layout Benchmark (native layouts, no preshuffle): M=4096, N=8192, K=28672 ===
Warmup=100, iters=200, correctness=off
Layouts=crr

--- CRR Layout: C = A^T @ B ---
W20260420 02:06:24.479475 139834755259904 tool.cpp:2420] HSA version 8.19.0 initialized (instance=0)
  Avg time: 0.7061 ms, TFLOPS: 2725.16

============================================================
Layout     Time (ms)    TFLOPS     % of RCR  
------------------------------------------------------------
CRR        0.7061       2725.16    0.00%
============================================================

95% target: NOT MET
  CRR: 0.00% of RCR

Results saved to fp8_layout_results_4096x8192x28672.json
W20260420 02:06:25.182795 139834755259904 simple_timer.cpp:55] [rocprofv3] 'python3 test_python.py 4096 8192 28672' ::     1.649041 sec
E20260420 02:06:25.266547 139834755259904 output_stream.cpp:111] Opened result file: /shared_nfs/kyle/test/Hipkittens2/analysis/fp8_gemm/mi350x/r56b_pmc_results/70B_Down_fp8_crr_set1/pmc_2/pt-test-2-l7n7x-master-0/3052915_counter_collection.csv
E20260420 02:06:25.357994 139834755259904 output_stream.cpp:111] Opened result file: /shared_nfs/kyle/test/Hipkittens2/analysis/fp8_gemm/mi350x/r56b_pmc_results/70B_Down_fp8_crr_set1/pmc_2/pt-test-2-l7n7x-master-0/3052915_agent_info.csv
W20260420 02:06:25.361323 139834755259904 simple_timer.cpp:55] [rocprofv3] output generation ::     0.177350 sec
W20260420 02:06:25.361781 139834755259904 simple_timer.cpp:55] [rocprofv3] tool finalization ::     0.177816 sec
W20260420 02:06:26.057663 140204536266240 simple_timer.cpp:55] [rocprofv3] tool initialization ::     0.140463 sec
W20260420 02:06:26.057900 140204536266240 simple_timer.cpp:55] [rocprofv3] 'python3 test_python.py 4096 8192 28672' ::     0.000000 sec
=== FP8 GEMM Layout Benchmark (native layouts, no preshuffle): M=4096, N=8192, K=28672 ===
Warmup=100, iters=200, correctness=off
Layouts=crr

--- CRR Layout: C = A^T @ B ---
W20260420 02:06:27.018124 140204536266240 tool.cpp:2420] HSA version 8.19.0 initialized (instance=0)
  Avg time: 0.7731 ms, TFLOPS: 2488.97

============================================================
Layout     Time (ms)    TFLOPS     % of RCR  
------------------------------------------------------------
CRR        0.7731       2488.97    0.00%
============================================================

95% target: NOT MET
  CRR: 0.00% of RCR

Results saved to fp8_layout_results_4096x8192x28672.json
W20260420 02:06:27.835093 140204536266240 simple_timer.cpp:55] [rocprofv3] 'python3 test_python.py 4096 8192 28672' ::     1.777194 sec
E20260420 02:06:27.921672 140204536266240 output_stream.cpp:111] Opened result file: /shared_nfs/kyle/test/Hipkittens2/analysis/fp8_gemm/mi350x/r56b_pmc_results/70B_Down_fp8_crr_set1/pmc_3/pt-test-2-l7n7x-master-0/3053149_counter_collection.csv
E20260420 02:06:27.971931 140204536266240 output_stream.cpp:111] Opened result file: /shared_nfs/kyle/test/Hipkittens2/analysis/fp8_gemm/mi350x/r56b_pmc_results/70B_Down_fp8_crr_set1/pmc_3/pt-test-2-l7n7x-master-0/3053149_agent_info.csv
W20260420 02:06:27.975464 140204536266240 simple_timer.cpp:55] [rocprofv3] output generation ::     0.138921 sec
W20260420 02:06:27.975933 140204536266240 simple_timer.cpp:55] [rocprofv3] tool finalization ::     0.139396 sec
W20260420 02:06:28.648649 139665602006528 simple_timer.cpp:55] [rocprofv3] tool initialization ::     0.146679 sec
W20260420 02:06:28.648901 139665602006528 simple_timer.cpp:55] [rocprofv3] 'python3 test_python.py 4096 8192 28672' ::     0.000000 sec
=== FP8 GEMM Layout Benchmark (native layouts, no preshuffle): M=4096, N=8192, K=28672 ===
Warmup=100, iters=200, correctness=off
Layouts=crr

--- CRR Layout: C = A^T @ B ---
W20260420 02:06:29.675979 139665602006528 tool.cpp:2420] HSA version 8.19.0 initialized (instance=0)
  Avg time: 1.3533 ms, TFLOPS: 1421.84

============================================================
Layout     Time (ms)    TFLOPS     % of RCR  
------------------------------------------------------------
CRR        1.3533       1421.84    0.00%
============================================================

95% target: NOT MET
  CRR: 0.00% of RCR

Results saved to fp8_layout_results_4096x8192x28672.json
W20260420 02:06:30.381579 139665602006528 simple_timer.cpp:55] [rocprofv3] 'python3 test_python.py 4096 8192 28672' ::     1.732679 sec
E20260420 02:06:30.603390 139665602006528 output_stream.cpp:111] Opened result file: /shared_nfs/kyle/test/Hipkittens2/analysis/fp8_gemm/mi350x/r56b_pmc_results/70B_Down_fp8_crr_set1/pmc_4/pt-test-2-l7n7x-master-0/3053239_counter_collection.csv
E20260420 02:06:30.677308 139665602006528 output_stream.cpp:111] Opened result file: /shared_nfs/kyle/test/Hipkittens2/analysis/fp8_gemm/mi350x/r56b_pmc_results/70B_Down_fp8_crr_set1/pmc_4/pt-test-2-l7n7x-master-0/3053239_agent_info.csv
W20260420 02:06:30.680500 139665602006528 simple_timer.cpp:55] [rocprofv3] output generation ::     0.129338 sec
W20260420 02:06:30.680981 139665602006528 simple_timer.cpp:55] [rocprofv3] tool finalization ::     0.129833 sec
W20260420 02:06:31.303011 140053526887936 simple_timer.cpp:55] [rocprofv3] tool initialization ::     0.144439 sec
W20260420 02:06:31.303221 140053526887936 simple_timer.cpp:55] [rocprofv3] 'python3 test_python.py 4096 8192 28672' ::     0.000000 sec
=== FP8 GEMM Layout Benchmark (native layouts, no preshuffle): M=4096, N=8192, K=28672 ===
Warmup=100, iters=200, correctness=off
Layouts=crr

--- CRR Layout: C = A^T @ B ---
W20260420 02:06:32.274190 140053526887936 tool.cpp:2420] HSA version 8.19.0 initialized (instance=0)
W20260420 02:06:32.482242 140053526887936 tool.cpp:1189] Unable to find all counters for agent 2 (gpu-0, gfx950) in [ALUStalledByLDS, FetchSize, L2CacheHit, LDSBankConflict, MemUnitBusy, MemUnitStalled, MfmaUtil, VALUBusy]. Found: [FetchSize, LDSBankConflict, MemUnitStalled, MfmaUtil, VALUBusy]. Missing: [ALUStalledByLDS, L2CacheHit, MemUnitBusy]
W20260420 02:06:32.482400 140053526887936 tool.cpp:1189] Unable to find all counters for agent 3 (gpu-1, gfx950) in [ALUStalledByLDS, FetchSize, L2CacheHit, LDSBankConflict, MemUnitBusy, MemUnitStalled, MfmaUtil, VALUBusy]. Found: [FetchSize, LDSBankConflict, MemUnitStalled, MfmaUtil, VALUBusy]. Missing: [ALUStalledByLDS, L2CacheHit, MemUnitBusy]
W20260420 02:06:32.483778 140053526887936 tool.cpp:1189] Unable to find all counters for agent 4 (gpu-2, gfx950) in [ALUStalledByLDS, FetchSize, L2CacheHit, LDSBankConflict, MemUnitBusy, MemUnitStalled, MfmaUtil, VALUBusy]. Found: [FetchSize, LDSBankConflict, MemUnitStalled, MfmaUtil, VALUBusy]. Missing: [ALUStalledByLDS, L2CacheHit, MemUnitBusy]
W20260420 02:06:32.484851 140053526887936 tool.cpp:1189] Unable to find all counters for agent 5 (gpu-3, gfx950) in [ALUStalledByLDS, FetchSize, L2CacheHit, LDSBankConflict, MemUnitBusy, MemUnitStalled, MfmaUtil, VALUBusy]. Found: [FetchSize, LDSBankConflict, MemUnitStalled, MfmaUtil, VALUBusy]. Missing: [ALUStalledByLDS, L2CacheHit, MemUnitBusy]
W20260420 02:06:32.485870 140053526887936 tool.cpp:1189] Unable to find all counters for agent 6 (gpu-4, gfx950) in [ALUStalledByLDS, FetchSize, L2CacheHit, LDSBankConflict, MemUnitBusy, MemUnitStalled, MfmaUtil, VALUBusy]. Found: [FetchSize, LDSBankConflict, MemUnitStalled, MfmaUtil, VALUBusy]. Missing: [ALUStalledByLDS, L2CacheHit, MemUnitBusy]
W20260420 02:06:32.485907 140053526887936 tool.cpp:1189] Unable to find all counters for agent 7 (gpu-5, gfx950) in [ALUStalledByLDS, FetchSize, L2CacheHit, LDSBankConflict, MemUnitBusy, MemUnitStalled, MfmaUtil, VALUBusy]. Found: [FetchSize, LDSBankConflict, MemUnitStalled, MfmaUtil, VALUBusy]. Missing: [ALUStalledByLDS, L2CacheHit, MemUnitBusy]
W20260420 02:06:32.486872 140053526887936 tool.cpp:1189] Unable to find all counters for agent 8 (gpu-6, gfx950) in [ALUStalledByLDS, FetchSize, L2CacheHit, LDSBankConflict, MemUnitBusy, MemUnitStalled, MfmaUtil, VALUBusy]. Found: [FetchSize, LDSBankConflict, MemUnitStalled, MfmaUtil, VALUBusy]. Missing: [ALUStalledByLDS, L2CacheHit, MemUnitBusy]
W20260420 02:06:32.487864 140053526887936 tool.cpp:1189] Unable to find all counters for agent 9 (gpu-7, gfx950) in [ALUStalledByLDS, FetchSize, L2CacheHit, LDSBankConflict, MemUnitBusy, MemUnitStalled, MfmaUtil, VALUBusy]. Found: [FetchSize, LDSBankConflict, MemUnitStalled, MfmaUtil, VALUBusy]. Missing: [ALUStalledByLDS, L2CacheHit, MemUnitBusy]
  Avg time: 0.7710 ms, TFLOPS: 2495.63

============================================================
Layout     Time (ms)    TFLOPS     % of RCR  
------------------------------------------------------------
CRR        0.7710       2495.63    0.00%
============================================================

95% target: NOT MET
  CRR: 0.00% of RCR

Results saved to fp8_layout_results_4096x8192x28672.json
W20260420 02:06:32.973836 140053526887936 simple_timer.cpp:55] [rocprofv3] 'python3 test_python.py 4096 8192 28672' ::     1.670616 sec
E20260420 02:06:33.062214 140053526887936 output_stream.cpp:111] Opened result file: /shared_nfs/kyle/test/Hipkittens2/analysis/fp8_gemm/mi350x/r56b_pmc_results/70B_Down_fp8_crr_set1/pmc_5/pt-test-2-l7n7x-master-0/3053454_counter_collection.csv
E20260420 02:06:33.122043 140053526887936 output_stream.cpp:111] Opened result file: /shared_nfs/kyle/test/Hipkittens2/analysis/fp8_gemm/mi350x/r56b_pmc_results/70B_Down_fp8_crr_set1/pmc_5/pt-test-2-l7n7x-master-0/3053454_agent_info.csv
W20260420 02:06:33.126691 140053526887936 simple_timer.cpp:55] [rocprofv3] output generation ::     0.151371 sec
W20260420 02:06:33.127220 140053526887936 simple_timer.cpp:55] [rocprofv3] tool finalization ::     0.151908 sec
