W20260419 19:30:47.950899 140069728890368 simple_timer.cpp:55] [rocprofv3] tool initialization ::     0.144457 sec
W20260419 19:30:47.951106 140069728890368 simple_timer.cpp:55] [rocprofv3] 'python3 test_python.py 4096 8192 28672' ::     0.000000 sec
=== FP8 GEMM Layout Benchmark (native layouts, no preshuffle): M=4096, N=8192, K=28672 ===
Warmup=3, iters=5, correctness=off
Layouts=rcr

--- RCR Layout: C = A @ B^T ---
W20260419 19:30:48.846841 140069728890368 tool.cpp:2420] HSA version 8.19.0 initialized (instance=0)
  Avg time: 0.8672 ms, TFLOPS: 2218.87

============================================================
Layout     Time (ms)    TFLOPS     % of RCR  
------------------------------------------------------------
RCR        0.8672       2218.87    100.00%   
============================================================

Results saved to fp8_layout_results_4096x8192x28672.json
W20260419 19:30:49.204826 140069728890368 simple_timer.cpp:55] [rocprofv3] 'python3 test_python.py 4096 8192 28672' ::     1.253720 sec
E20260419 19:30:49.285216 140069728890368 output_stream.cpp:111] Opened result file: /shared_nfs/kyle/test/Hipkittens2/analysis/fp8_gemm/mi350x/r54b_pmc_results/70B_Down_fp8_rcr_set3/pmc_1/pt-test-2-l7n7x-master-0/2563165_counter_collection.csv
E20260419 19:30:49.320064 140069728890368 output_stream.cpp:111] Opened result file: /shared_nfs/kyle/test/Hipkittens2/analysis/fp8_gemm/mi350x/r54b_pmc_results/70B_Down_fp8_rcr_set3/pmc_1/pt-test-2-l7n7x-master-0/2563165_agent_info.csv
W20260419 19:30:49.322936 140069728890368 simple_timer.cpp:55] [rocprofv3] output generation ::     0.116658 sec
W20260419 19:30:49.323412 140069728890368 simple_timer.cpp:55] [rocprofv3] tool finalization ::     0.117141 sec
W20260419 19:30:50.017913 140283017076224 simple_timer.cpp:55] [rocprofv3] tool initialization ::     0.145501 sec
W20260419 19:30:50.018141 140283017076224 simple_timer.cpp:55] [rocprofv3] 'python3 test_python.py 4096 8192 28672' ::     0.000000 sec
=== FP8 GEMM Layout Benchmark (native layouts, no preshuffle): M=4096, N=8192, K=28672 ===
Warmup=3, iters=5, correctness=off
Layouts=rcr

--- RCR Layout: C = A @ B^T ---
W20260419 19:30:50.899087 140283017076224 tool.cpp:2420] HSA version 8.19.0 initialized (instance=0)
  Avg time: 0.8620 ms, TFLOPS: 2232.15

============================================================
Layout     Time (ms)    TFLOPS     % of RCR  
------------------------------------------------------------
RCR        0.8620       2232.15    100.00%   
============================================================

Results saved to fp8_layout_results_4096x8192x28672.json
W20260419 19:30:51.257561 140283017076224 simple_timer.cpp:55] [rocprofv3] 'python3 test_python.py 4096 8192 28672' ::     1.239420 sec
E20260419 19:30:51.340418 140283017076224 output_stream.cpp:111] Opened result file: /shared_nfs/kyle/test/Hipkittens2/analysis/fp8_gemm/mi350x/r54b_pmc_results/70B_Down_fp8_rcr_set3/pmc_2/pt-test-2-l7n7x-master-0/2563243_counter_collection.csv
E20260419 19:30:51.377436 140283017076224 output_stream.cpp:111] Opened result file: /shared_nfs/kyle/test/Hipkittens2/analysis/fp8_gemm/mi350x/r54b_pmc_results/70B_Down_fp8_rcr_set3/pmc_2/pt-test-2-l7n7x-master-0/2563243_agent_info.csv
W20260419 19:30:51.380682 140283017076224 simple_timer.cpp:55] [rocprofv3] output generation ::     0.121662 sec
W20260419 19:30:51.381154 140283017076224 simple_timer.cpp:55] [rocprofv3] tool finalization ::     0.122141 sec
W20260419 19:30:52.070352 140213934005760 simple_timer.cpp:55] [rocprofv3] tool initialization ::     0.142029 sec
W20260419 19:30:52.070565 140213934005760 simple_timer.cpp:55] [rocprofv3] 'python3 test_python.py 4096 8192 28672' ::     0.000000 sec
=== FP8 GEMM Layout Benchmark (native layouts, no preshuffle): M=4096, N=8192, K=28672 ===
Warmup=3, iters=5, correctness=off
Layouts=rcr

--- RCR Layout: C = A @ B^T ---
W20260419 19:30:53.236769 140213934005760 tool.cpp:2420] HSA version 8.19.0 initialized (instance=0)
  Avg time: 0.8234 ms, TFLOPS: 2336.83

============================================================
Layout     Time (ms)    TFLOPS     % of RCR  
------------------------------------------------------------
RCR        0.8234       2336.83    100.00%   
============================================================

Results saved to fp8_layout_results_4096x8192x28672.json
W20260419 19:30:53.599225 140213934005760 simple_timer.cpp:55] [rocprofv3] 'python3 test_python.py 4096 8192 28672' ::     1.528660 sec
E20260419 19:30:53.689716 140213934005760 output_stream.cpp:111] Opened result file: /shared_nfs/kyle/test/Hipkittens2/analysis/fp8_gemm/mi350x/r54b_pmc_results/70B_Down_fp8_rcr_set3/pmc_3/pt-test-2-l7n7x-master-0/2563316_counter_collection.csv
E20260419 19:30:53.722189 140213934005760 output_stream.cpp:111] Opened result file: /shared_nfs/kyle/test/Hipkittens2/analysis/fp8_gemm/mi350x/r54b_pmc_results/70B_Down_fp8_rcr_set3/pmc_3/pt-test-2-l7n7x-master-0/2563316_agent_info.csv
W20260419 19:30:53.726518 140213934005760 simple_timer.cpp:55] [rocprofv3] output generation ::     0.126108 sec
W20260419 19:30:53.726986 140213934005760 simple_timer.cpp:55] [rocprofv3] tool finalization ::     0.126583 sec
W20260419 19:30:54.475300 139784710897152 simple_timer.cpp:55] [rocprofv3] tool initialization ::     0.142853 sec
W20260419 19:30:54.475549 139784710897152 simple_timer.cpp:55] [rocprofv3] 'python3 test_python.py 4096 8192 28672' ::     0.000000 sec
=== FP8 GEMM Layout Benchmark (native layouts, no preshuffle): M=4096, N=8192, K=28672 ===
Warmup=3, iters=5, correctness=off
Layouts=rcr

--- RCR Layout: C = A @ B^T ---
W20260419 19:30:55.733021 139784710897152 tool.cpp:2420] HSA version 8.19.0 initialized (instance=0)
  Avg time: 0.8529 ms, TFLOPS: 2256.10

============================================================
Layout     Time (ms)    TFLOPS     % of RCR  
------------------------------------------------------------
RCR        0.8529       2256.10    100.00%   
============================================================

Results saved to fp8_layout_results_4096x8192x28672.json
W20260419 19:30:56.133483 139784710897152 simple_timer.cpp:55] [rocprofv3] 'python3 test_python.py 4096 8192 28672' ::     1.657934 sec
E20260419 19:30:56.217643 139784710897152 output_stream.cpp:111] Opened result file: /shared_nfs/kyle/test/Hipkittens2/analysis/fp8_gemm/mi350x/r54b_pmc_results/70B_Down_fp8_rcr_set3/pmc_4/pt-test-2-l7n7x-master-0/2563465_counter_collection.csv
E20260419 19:30:56.252533 139784710897152 output_stream.cpp:111] Opened result file: /shared_nfs/kyle/test/Hipkittens2/analysis/fp8_gemm/mi350x/r54b_pmc_results/70B_Down_fp8_rcr_set3/pmc_4/pt-test-2-l7n7x-master-0/2563465_agent_info.csv
W20260419 19:30:56.255993 139784710897152 simple_timer.cpp:55] [rocprofv3] output generation ::     0.121139 sec
W20260419 19:30:56.256478 139784710897152 simple_timer.cpp:55] [rocprofv3] tool finalization ::     0.121632 sec
W20260419 19:30:56.944758 140460160388608 simple_timer.cpp:55] [rocprofv3] tool initialization ::     0.142191 sec
W20260419 19:30:56.944961 140460160388608 simple_timer.cpp:55] [rocprofv3] 'python3 test_python.py 4096 8192 28672' ::     0.000000 sec
=== FP8 GEMM Layout Benchmark (native layouts, no preshuffle): M=4096, N=8192, K=28672 ===
Warmup=3, iters=5, correctness=off
Layouts=rcr

--- RCR Layout: C = A @ B^T ---
W20260419 19:30:57.874517 140460160388608 tool.cpp:2420] HSA version 8.19.0 initialized (instance=0)
  Avg time: 0.8048 ms, TFLOPS: 2390.77

============================================================
Layout     Time (ms)    TFLOPS     % of RCR  
------------------------------------------------------------
RCR        0.8048       2390.77    100.00%   
============================================================

Results saved to fp8_layout_results_4096x8192x28672.json
W20260419 19:30:58.312081 140460160388608 simple_timer.cpp:55] [rocprofv3] 'python3 test_python.py 4096 8192 28672' ::     1.367121 sec
E20260419 19:30:58.410738 140460160388608 output_stream.cpp:111] Opened result file: /shared_nfs/kyle/test/Hipkittens2/analysis/fp8_gemm/mi350x/r54b_pmc_results/70B_Down_fp8_rcr_set3/pmc_5/pt-test-2-l7n7x-master-0/2563550_counter_collection.csv
E20260419 19:30:58.448314 140460160388608 output_stream.cpp:111] Opened result file: /shared_nfs/kyle/test/Hipkittens2/analysis/fp8_gemm/mi350x/r54b_pmc_results/70B_Down_fp8_rcr_set3/pmc_5/pt-test-2-l7n7x-master-0/2563550_agent_info.csv
W20260419 19:30:58.451519 140460160388608 simple_timer.cpp:55] [rocprofv3] output generation ::     0.137995 sec
W20260419 19:30:58.452005 140460160388608 simple_timer.cpp:55] [rocprofv3] tool finalization ::     0.138488 sec
