W20260420 00:43:39.148534 140059556847104 simple_timer.cpp:55] [rocprofv3] tool initialization ::     0.142968 sec
W20260420 00:43:39.148750 140059556847104 simple_timer.cpp:55] [rocprofv3] 'python3 test_mxfp8_python.py 4096 4096 4096' ::     0.000000 sec
=== MXFP8 GEMM Layout Benchmark (preshuffle-quant): M=4096, N=4096, K=4096 ===
Warmup=100, iters=200, correctness=off
Layouts=rrr

--- RRR Layout: C = A @ B ---
W20260420 00:43:40.081615 140059556847104 tool.cpp:2420] HSA version 8.19.0 initialized (instance=0)
  Avg time: 0.1562 ms, TFLOPS: 879.87

Results saved to mxfp8_layout_results_4096_pq.json
W20260420 00:43:40.975630 140059556847104 simple_timer.cpp:55] [rocprofv3] 'python3 test_mxfp8_python.py 4096 4096 4096' ::     1.826880 sec
E20260420 00:43:41.069999 140059556847104 output_stream.cpp:111] Opened result file: /shared_nfs/kyle/test/Hipkittens2/analysis/fp8_gemm/mi350x/r55f_pmc_results/8B_QO_mxfp8_rrr_set3/pmc_1/pt-test-2-l7n7x-master-0/2947964_counter_collection.csv
E20260420 00:43:41.124654 140059556847104 output_stream.cpp:111] Opened result file: /shared_nfs/kyle/test/Hipkittens2/analysis/fp8_gemm/mi350x/r55f_pmc_results/8B_QO_mxfp8_rrr_set3/pmc_1/pt-test-2-l7n7x-master-0/2947964_agent_info.csv
W20260420 00:43:41.127911 140059556847104 simple_timer.cpp:55] [rocprofv3] output generation ::     0.138924 sec
W20260420 00:43:41.129418 140059556847104 simple_timer.cpp:55] [rocprofv3] tool finalization ::     0.140439 sec
W20260420 00:43:41.795939 140490975534592 simple_timer.cpp:55] [rocprofv3] tool initialization ::     0.151107 sec
W20260420 00:43:41.796156 140490975534592 simple_timer.cpp:55] [rocprofv3] 'python3 test_mxfp8_python.py 4096 4096 4096' ::     0.000000 sec
=== MXFP8 GEMM Layout Benchmark (preshuffle-quant): M=4096, N=4096, K=4096 ===
Warmup=100, iters=200, correctness=off
Layouts=rrr

--- RRR Layout: C = A @ B ---
W20260420 00:43:42.736774 140490975534592 tool.cpp:2420] HSA version 8.19.0 initialized (instance=0)
  Avg time: 0.1564 ms, TFLOPS: 878.62

Results saved to mxfp8_layout_results_4096_pq.json
W20260420 00:43:43.625524 140490975534592 simple_timer.cpp:55] [rocprofv3] 'python3 test_mxfp8_python.py 4096 4096 4096' ::     1.829369 sec
E20260420 00:43:43.714584 140490975534592 output_stream.cpp:111] Opened result file: /shared_nfs/kyle/test/Hipkittens2/analysis/fp8_gemm/mi350x/r55f_pmc_results/8B_QO_mxfp8_rrr_set3/pmc_2/pt-test-2-l7n7x-master-0/2948038_counter_collection.csv
E20260420 00:43:43.767935 140490975534592 output_stream.cpp:111] Opened result file: /shared_nfs/kyle/test/Hipkittens2/analysis/fp8_gemm/mi350x/r55f_pmc_results/8B_QO_mxfp8_rrr_set3/pmc_2/pt-test-2-l7n7x-master-0/2948038_agent_info.csv
W20260420 00:43:43.771568 140490975534592 simple_timer.cpp:55] [rocprofv3] output generation ::     0.133254 sec
W20260420 00:43:43.773022 140490975534592 simple_timer.cpp:55] [rocprofv3] tool finalization ::     0.134714 sec
W20260420 00:43:44.413185 140094601760256 simple_timer.cpp:55] [rocprofv3] tool initialization ::     0.144191 sec
W20260420 00:43:44.413399 140094601760256 simple_timer.cpp:55] [rocprofv3] 'python3 test_mxfp8_python.py 4096 4096 4096' ::     0.000000 sec
=== MXFP8 GEMM Layout Benchmark (preshuffle-quant): M=4096, N=4096, K=4096 ===
Warmup=100, iters=200, correctness=off
Layouts=rrr

--- RRR Layout: C = A @ B ---
W20260420 00:43:45.355312 140094601760256 tool.cpp:2420] HSA version 8.19.0 initialized (instance=0)
  Avg time: 0.1296 ms, TFLOPS: 1060.35

Results saved to mxfp8_layout_results_4096_pq.json
W20260420 00:43:46.245448 140094601760256 simple_timer.cpp:55] [rocprofv3] 'python3 test_mxfp8_python.py 4096 4096 4096' ::     1.832049 sec
E20260420 00:43:46.332502 140094601760256 output_stream.cpp:111] Opened result file: /shared_nfs/kyle/test/Hipkittens2/analysis/fp8_gemm/mi350x/r55f_pmc_results/8B_QO_mxfp8_rrr_set3/pmc_3/pt-test-2-l7n7x-master-0/2948127_counter_collection.csv
E20260420 00:43:46.382876 140094601760256 output_stream.cpp:111] Opened result file: /shared_nfs/kyle/test/Hipkittens2/analysis/fp8_gemm/mi350x/r55f_pmc_results/8B_QO_mxfp8_rrr_set3/pmc_3/pt-test-2-l7n7x-master-0/2948127_agent_info.csv
W20260420 00:43:46.386247 140094601760256 simple_timer.cpp:55] [rocprofv3] output generation ::     0.127903 sec
W20260420 00:43:46.387677 140094601760256 simple_timer.cpp:55] [rocprofv3] tool finalization ::     0.129340 sec
W20260420 00:43:47.035543 139999950835200 simple_timer.cpp:55] [rocprofv3] tool initialization ::     0.145111 sec
W20260420 00:43:47.035772 139999950835200 simple_timer.cpp:55] [rocprofv3] 'python3 test_mxfp8_python.py 4096 4096 4096' ::     0.000000 sec
=== MXFP8 GEMM Layout Benchmark (preshuffle-quant): M=4096, N=4096, K=4096 ===
Warmup=100, iters=200, correctness=off
Layouts=rrr

--- RRR Layout: C = A @ B ---
W20260420 00:43:47.962562 139999950835200 tool.cpp:2420] HSA version 8.19.0 initialized (instance=0)
  Avg time: 0.1559 ms, TFLOPS: 881.31

Results saved to mxfp8_layout_results_4096_pq.json
W20260420 00:43:48.836655 139999950835200 simple_timer.cpp:55] [rocprofv3] 'python3 test_mxfp8_python.py 4096 4096 4096' ::     1.800883 sec
E20260420 00:43:48.925595 139999950835200 output_stream.cpp:111] Opened result file: /shared_nfs/kyle/test/Hipkittens2/analysis/fp8_gemm/mi350x/r55f_pmc_results/8B_QO_mxfp8_rrr_set3/pmc_4/pt-test-2-l7n7x-master-0/2948214_counter_collection.csv
E20260420 00:43:48.985004 139999950835200 output_stream.cpp:111] Opened result file: /shared_nfs/kyle/test/Hipkittens2/analysis/fp8_gemm/mi350x/r55f_pmc_results/8B_QO_mxfp8_rrr_set3/pmc_4/pt-test-2-l7n7x-master-0/2948214_agent_info.csv
W20260420 00:43:48.988212 139999950835200 simple_timer.cpp:55] [rocprofv3] output generation ::     0.138671 sec
W20260420 00:43:48.989689 139999950835200 simple_timer.cpp:55] [rocprofv3] tool finalization ::     0.140155 sec
W20260420 00:43:49.633356 140423963299328 simple_timer.cpp:55] [rocprofv3] tool initialization ::     0.144214 sec
W20260420 00:43:49.633582 140423963299328 simple_timer.cpp:55] [rocprofv3] 'python3 test_mxfp8_python.py 4096 4096 4096' ::     0.000000 sec
=== MXFP8 GEMM Layout Benchmark (preshuffle-quant): M=4096, N=4096, K=4096 ===
Warmup=100, iters=200, correctness=off
Layouts=rrr

--- RRR Layout: C = A @ B ---
W20260420 00:43:50.549534 140423963299328 tool.cpp:2420] HSA version 8.19.0 initialized (instance=0)
  Avg time: 0.4466 ms, TFLOPS: 307.73

Results saved to mxfp8_layout_results_4096_pq.json
W20260420 00:43:51.433612 140423963299328 simple_timer.cpp:55] [rocprofv3] 'python3 test_mxfp8_python.py 4096 4096 4096' ::     1.800030 sec
E20260420 00:43:51.527985 140423963299328 output_stream.cpp:111] Opened result file: /shared_nfs/kyle/test/Hipkittens2/analysis/fp8_gemm/mi350x/r55f_pmc_results/8B_QO_mxfp8_rrr_set3/pmc_5/pt-test-2-l7n7x-master-0/2948306_counter_collection.csv
E20260420 00:43:51.588132 140423963299328 output_stream.cpp:111] Opened result file: /shared_nfs/kyle/test/Hipkittens2/analysis/fp8_gemm/mi350x/r55f_pmc_results/8B_QO_mxfp8_rrr_set3/pmc_5/pt-test-2-l7n7x-master-0/2948306_agent_info.csv
W20260420 00:43:51.591285 140423963299328 simple_timer.cpp:55] [rocprofv3] output generation ::     0.144553 sec
W20260420 00:43:51.592670 140423963299328 simple_timer.cpp:55] [rocprofv3] tool finalization ::     0.145946 sec
