===== R42 Phase=2 label=qo_70b gpu=3 N_PAIRS=10 BENCH_KIND=one_so_layout PREHEAT=60 =====
Sat Apr 18 18:33:05 UTC 2026
[one_so_layout] SO=/tmp/r42_qo_70b.so MOD=tk_mxfp8_r42_qo_70b LAYOUT_A=crr LAYOUT_B=rcr M=4096 N=8192 K=8192
[bench rc=0]
[sclk-pre-preheat] GPU[3]		: sclk clock level: 1: (193Mhz)
[preheat 60.0s] done 12284 iters
[sclk-post-preheat] GPU[3]		: sclk clock level: 1: (2316Mhz)
CORRECTNESS_CRR snr_db=49.59 pass_rate_pct=100.00 det_ok=True
CORRECTNESS_RCR snr_db=49.60 pass_rate_pct=100.00 det_ok=True
[sclk-pre-bench] GPU[3]		: sclk clock level: 1: (2353Mhz)
WARMUP 0 RCR=2783.25 CRR=2607.43 sclk=GPU[3]		: sclk clock level: 1: (2343Mhz)
WARMUP 1 RCR=2701.25 CRR=2668.84 sclk=GPU[3]		: sclk clock level: 1: (2348Mhz)
PAIR 0 RCR_1=2748.17 CRR_1=2664.84 RCR_2=2917.08 CRR_2=2704.68
PAIR 1 RCR_1=2944.70 CRR_1=2684.30 RCR_2=2926.81 CRR_2=2643.00
PAIR 2 RCR_1=2912.63 CRR_1=2635.55 RCR_2=2883.43 CRR_2=2743.35
PAIR 3 RCR_1=2877.04 CRR_1=2720.22 RCR_2=2923.61 CRR_2=2672.66
PAIR 4 RCR_1=2921.24 CRR_1=2645.87 RCR_2=2902.16 CRR_2=2635.19
PAIR 5 RCR_1=2904.92 CRR_1=2692.37 RCR_2=2901.97 CRR_2=2655.38
PAIR 6 RCR_1=2923.52 CRR_1=2770.97 RCR_2=2960.36 CRR_2=2650.82
PAIR 7 RCR_1=2877.24 CRR_1=2650.42 RCR_2=2927.37 CRR_2=2657.51
PAIR 8 RCR_1=2929.86 CRR_1=2694.56 RCR_2=2886.48 CRR_2=2674.11
PAIR 9 RCR_1=2934.43 CRR_1=2635.11 RCR_2=2924.27 CRR_2=2665.86
[sclk-post-bench] GPU[3]		: sclk clock level: 1: (2261Mhz)
CRR  median=2665.35 mean=2674.84 stdev=37.17 n=20
RCR  median=2919.16 mean=2906.36 stdev=43.27 n=20
Welch t (CRR vs RCR) = 18.152  (positive = RCR faster)
DELTA_MEDIAN_PCT RCR_vs_CRR = +9.523%
CRR_TFLOPS_LIST 2664.8408,2704.6761,2684.2956,2642.9981,2635.5485,2743.3522,2720.2208,2672.6551,2645.8683,2635.1852,2692.3725,2655.3775,2770.9740,2650.8189,2650.4206,2657.5129,2694.5573,2674.1120,2635.1140,2665.8643
RCR_TFLOPS_LIST 2748.1684,2917.0781,2944.7031,2926.8058,2912.6275,2883.4297,2877.0440,2923.6057,2921.2447,2902.1597,2904.9191,2901.9749,2923.5193,2960.3567,2877.2364,2927.3675,2929.8627,2886.4825,2934.4296,2924.2654
--- stderr (head) ---
W20260418 18:33:08.949963 140445562683392 agent.cpp:461] Attempt to enable hip visiblity for agent-2 which is not visible to HSA (ROCR)
[mxfp8_dispatch] crr_v2: shape=(M=4096,N=8192,K=8192) -> ADVISE-V2-RCR-70B-QO (R36C +8.20-8.32%)
[mxfp8_dispatch] crr_v2: shape=(M=4096,N=8192,K=8192) -> CRR-V2-EXACT-8WAVE-DEFAULT
[mxfp8_dispatch] rcr_v2: shape=(M=4096,N=8192,K=8192) -> RCR-V2-EXACT-8WAVE
Sat Apr 18 18:34:35 UTC 2026
