===== R42 Phase=2 label=qo_8b gpu=2 N_PAIRS=10 BENCH_KIND=one_so_layout PREHEAT=60 =====
Sat Apr 18 18:33:05 UTC 2026
[one_so_layout] SO=/tmp/r42_qo_8b.so MOD=tk_mxfp8_r42_qo_8b LAYOUT_A=crr LAYOUT_B=rcr M=4096 N=4096 K=4096
[bench rc=0]
[sclk-pre-preheat] GPU[2]		: sclk clock level: S: (95Mhz)
[preheat 60.0s] done 12284 iters
[sclk-post-preheat] GPU[2]		: sclk clock level: 1: (2305Mhz)
CORRECTNESS_CRR snr_db=49.61 pass_rate_pct=100.00 det_ok=True
CORRECTNESS_RCR snr_db=49.61 pass_rate_pct=100.00 det_ok=True
[sclk-pre-bench] GPU[2]		: sclk clock level: 1: (2355Mhz)
WARMUP 0 RCR=2196.29 CRR=2169.79 sclk=GPU[2]		: sclk clock level: 1: (2373Mhz)
WARMUP 1 RCR=2157.02 CRR=2121.32 sclk=GPU[2]		: sclk clock level: 1: (2370Mhz)
PAIR 0 RCR_1=2206.99 CRR_1=2098.28 RCR_2=2393.91 CRR_2=2275.83
PAIR 1 RCR_1=2458.15 CRR_1=2298.84 RCR_2=2508.57 CRR_2=2340.47
PAIR 2 RCR_1=2527.65 CRR_1=2348.37 RCR_2=2516.32 CRR_2=2358.23
PAIR 3 RCR_1=2493.82 CRR_1=2331.38 RCR_2=2503.23 CRR_2=2340.47
PAIR 4 RCR_1=2530.52 CRR_1=2345.54 RCR_2=2513.82 CRR_2=2326.33
PAIR 5 RCR_1=2516.69 CRR_1=2340.66 RCR_2=2505.02 CRR_2=2319.46
PAIR 6 RCR_1=2523.16 CRR_1=2341.68 RCR_2=2530.15 CRR_2=2356.29
PAIR 7 RCR_1=2532.94 CRR_1=2341.78 RCR_2=2529.40 CRR_2=2350.77
PAIR 8 RCR_1=2518.10 CRR_1=2356.77 RCR_2=2512.42 CRR_2=2347.04
PAIR 9 RCR_1=2536.98 CRR_1=2319.69 RCR_2=2529.88 CRR_2=2348.40
[sclk-post-bench] GPU[2]		: sclk clock level: 1: (2346Mhz)
CRR  median=2341.17 mean=2324.31 stdev=56.96 n=20
RCR  median=2516.51 mean=2494.39 stdev=75.03 n=20
Welch t (CRR vs RCR) = 8.075  (positive = RCR faster)
DELTA_MEDIAN_PCT RCR_vs_CRR = +7.489%
CRR_TFLOPS_LIST 2098.2835,2275.8343,2298.8354,2340.4700,2348.3690,2358.2306,2331.3832,2340.4676,2345.5371,2326.3321,2340.6598,2319.4561,2341.6767,2356.2948,2341.7772,2350.7694,2356.7700,2347.0440,2319.6941,2348.4027
RCR_TFLOPS_LIST 2206.9903,2393.9131,2458.1456,2508.5713,2527.6492,2516.3222,2493.8190,2503.2339,2530.5169,2513.8203,2516.6936,2505.0214,2523.1610,2530.1452,2532.9429,2529.3983,2518.0972,2512.4215,2536.9845,2529.8844
--- stderr (head) ---
W20260418 18:33:08.904009 140263524601856 agent.cpp:461] Attempt to enable hip visiblity for agent-2 which is not visible to HSA (ROCR)
[mxfp8_dispatch] crr_v2: shape=(M=4096,N=4096,K=4096) -> ADVISE-V2-RCR-8B-QO (R36C +5.83-7.05%)
[mxfp8_dispatch] crr_v2: shape=(M=4096,N=4096,K=4096) -> CRR-V2-EXACT-8WAVE-DEFAULT
[mxfp8_dispatch] rcr_v2: shape=(M=4096,N=4096,K=4096) -> RCR-V2-EXACT-8WAVE
Sat Apr 18 18:34:34 UTC 2026
