===== R42 Phase=2 label=qo_8b_n20_retry gpu=6 N_PAIRS=20 BENCH_KIND=one_so_layout PREHEAT=120 =====
Sat Apr 18 18:41:25 UTC 2026
[one_so_layout] SO=/tmp/r42_qo_8b.so MOD=tk_mxfp8_r42_qo_8b LAYOUT_A=crr LAYOUT_B=rcr M=4096 N=4096 K=4096
[bench rc=0]
[sclk-pre-preheat] GPU[6]		: sclk clock level: 1: (158Mhz)
[preheat 120.0s] done 21500 iters
[sclk-post-preheat] GPU[6]		: sclk clock level: 1: (2331Mhz)
CORRECTNESS_CRR snr_db=49.61 pass_rate_pct=100.00 det_ok=True
CORRECTNESS_RCR snr_db=49.61 pass_rate_pct=100.00 det_ok=True
[sclk-pre-bench] GPU[6]		: sclk clock level: 1: (2388Mhz)
WARMUP 0 RCR=2104.09 CRR=2062.73 sclk=GPU[6]		: sclk clock level: 1: (2386Mhz)
WARMUP 1 RCR=2113.77 CRR=2147.59 sclk=GPU[6]		: sclk clock level: 1: (2380Mhz)
PAIR 0 RCR_1=2134.84 CRR_1=2089.30 RCR_2=2207.67 CRR_2=2103.42
PAIR 1 RCR_1=2334.16 CRR_1=2179.91 RCR_2=2369.95 CRR_2=2218.54
PAIR 2 RCR_1=2388.89 CRR_1=2258.14 RCR_2=2384.03 CRR_2=2249.83
PAIR 3 RCR_1=2401.76 CRR_1=2273.29 RCR_2=2403.65 CRR_2=2252.93
PAIR 4 RCR_1=2415.20 CRR_1=2252.39 RCR_2=2404.79 CRR_2=2265.13
PAIR 5 RCR_1=2413.78 CRR_1=2271.66 RCR_2=2420.13 CRR_2=2260.87
PAIR 6 RCR_1=2423.41 CRR_1=2255.20 RCR_2=2390.04 CRR_2=2255.68
PAIR 7 RCR_1=2420.44 CRR_1=2267.79 RCR_2=2423.29 CRR_2=2242.08
PAIR 8 RCR_1=2438.51 CRR_1=2263.17 RCR_2=2427.01 CRR_2=2256.74
PAIR 9 RCR_1=2435.49 CRR_1=2235.98 RCR_2=2429.27 CRR_2=2257.99
PAIR 10 RCR_1=2374.13 CRR_1=2260.19 RCR_2=2428.15 CRR_2=2252.99
PAIR 11 RCR_1=2424.72 CRR_1=2263.34 RCR_2=2421.01 CRR_2=2262.68
PAIR 12 RCR_1=2431.12 CRR_1=2250.53 RCR_2=2421.36 CRR_2=2267.58
PAIR 13 RCR_1=2419.15 CRR_1=2239.53 RCR_2=1855.43 CRR_2=2197.51
PAIR 14 RCR_1=2424.20 CRR_1=2250.71 RCR_2=1908.28 CRR_2=2267.47
PAIR 15 RCR_1=2430.10 CRR_1=2264.65 RCR_2=2419.87 CRR_2=2261.11
PAIR 16 RCR_1=2422.89 CRR_1=2257.93 RCR_2=2429.64 CRR_2=2267.28
PAIR 17 RCR_1=2403.81 CRR_1=2252.72 RCR_2=2421.54 CRR_2=2254.40
PAIR 18 RCR_1=2420.55 CRR_1=2233.45 RCR_2=2427.04 CRR_2=2274.04
PAIR 19 RCR_1=2415.78 CRR_1=2259.44 RCR_2=2443.51 CRR_2=2272.20
[sclk-post-bench] GPU[6]		: sclk clock level: 1: (2364Mhz)
CRR  median=2257.33 mean=2245.49 stdev=39.50 n=40
RCR  median=2420.29 mean=2375.21 stdev=128.59 n=40
Welch t (CRR vs RCR) = 6.099  (positive = RCR faster)
DELTA_MEDIAN_PCT RCR_vs_CRR = +7.219%
CRR_TFLOPS_LIST 2089.2986,2103.4196,2179.9147,2218.5364,2258.1351,2249.8254,2273.2866,2252.9262,2252.3938,2265.1288,2271.6627,2260.8713,2255.1983,2255.6765,2267.7906,2242.0769,2263.1661,2256.7380,2235.9759,2257.9882,2260.1879,2252.9868,2263.3435,2262.6847,2250.5320,2267.5819,2239.5341,2197.5078,2250.7081,2267.4666,2264.6533,2261.1079,2257.9266,2267.2834,2252.7180,2254.4007,2233.4491,2274.0381,2259.4418,2272.2050
RCR_TFLOPS_LIST 2134.8367,2207.6724,2334.1603,2369.9518,2388.8924,2384.0326,2401.7645,2403.6538,2415.2011,2404.7885,2413.7759,2420.1345,2423.4118,2390.0448,2420.4413,2423.2870,2438.5125,2427.0065,2435.4920,2429.2716,2374.1308,2428.1463,2424.7166,2421.0101,2431.1210,2421.3565,2419.1471,1855.4277,2424.1983,1908.2791,2430.1005,2419.8695,2422.8915,2429.6357,2403.8144,2421.5356,2420.5522,2427.0408,2415.7802,2443.5069
--- stderr (head) ---
W20260418 18:41:28.517731 140687793451008 agent.cpp:461] Attempt to enable hip visiblity for agent-2 which is not visible to HSA (ROCR)
[mxfp8_dispatch] crr_v2: shape=(M=4096,N=4096,K=4096) -> ADVISE-V2-RCR-8B-QO (R36C +5.83-7.05%)
[mxfp8_dispatch] crr_v2: shape=(M=4096,N=4096,K=4096) -> CRR-V2-EXACT-8WAVE-DEFAULT
[mxfp8_dispatch] rcr_v2: shape=(M=4096,N=4096,K=4096) -> RCR-V2-EXACT-8WAVE
Sat Apr 18 18:43:58 UTC 2026
