W20260420 00:38:11.009951 139651469135360 simple_timer.cpp:55] [rocprofv3] tool initialization ::     0.142873 sec
W20260420 00:38:11.010182 139651469135360 simple_timer.cpp:55] [rocprofv3] 'python3 test_python.py 4096 14336 4096' ::     0.000000 sec
=== FP8 GEMM Layout Benchmark (native layouts, no preshuffle): M=4096, N=14336, K=4096 ===
Warmup=100, iters=200, correctness=off
Layouts=rrr

--- RRR Layout: C = A @ B ---
W20260420 00:38:12.320415 139651469135360 tool.cpp:2420] HSA version 8.19.0 initialized (instance=0)
  Avg time: 0.2486 ms, TFLOPS: 1935.13

============================================================
Layout     Time (ms)    TFLOPS     % of RCR  
------------------------------------------------------------
RRR        0.2486       1935.13    0.00%
============================================================

95% target: NOT MET
  RRR: 0.00% of RCR

Results saved to fp8_layout_results_4096x14336x4096.json
W20260420 00:38:24.748231 139651469135360 simple_timer.cpp:55] [rocprofv3] 'python3 test_python.py 4096 14336 4096' ::    13.738049 sec
E20260420 00:38:24.799167 139651469135360 output_stream.cpp:111] Opened result file: /shared_nfs/kyle/test/Hipkittens2/analysis/fp8_gemm/mi350x/r55f_pmc_results/8B_GateUp_fp8_rrr_set1/pmc_1/pt-test-2-l7n7x-master-0/2941080_counter_collection.csv
E20260420 00:38:24.868003 139651469135360 output_stream.cpp:111] Opened result file: /shared_nfs/kyle/test/Hipkittens2/analysis/fp8_gemm/mi350x/r55f_pmc_results/8B_GateUp_fp8_rrr_set1/pmc_1/pt-test-2-l7n7x-master-0/2941080_agent_info.csv
W20260420 00:38:24.871384 139651469135360 simple_timer.cpp:55] [rocprofv3] output generation ::     0.121903 sec
W20260420 00:38:24.871791 139651469135360 simple_timer.cpp:55] [rocprofv3] tool finalization ::     0.122317 sec
W20260420 00:38:25.493933 140662416256512 simple_timer.cpp:55] [rocprofv3] tool initialization ::     0.157818 sec
W20260420 00:38:25.494157 140662416256512 simple_timer.cpp:55] [rocprofv3] 'python3 test_python.py 4096 14336 4096' ::     0.000000 sec
=== FP8 GEMM Layout Benchmark (native layouts, no preshuffle): M=4096, N=14336, K=4096 ===
Warmup=100, iters=200, correctness=off
Layouts=rrr

--- RRR Layout: C = A @ B ---
W20260420 00:38:26.499022 140662416256512 tool.cpp:2420] HSA version 8.19.0 initialized (instance=0)
  Avg time: 0.2751 ms, TFLOPS: 1748.33

============================================================
Layout     Time (ms)    TFLOPS     % of RCR  
------------------------------------------------------------
RRR        0.2751       1748.33    0.00%
============================================================

95% target: NOT MET
  RRR: 0.00% of RCR

Results saved to fp8_layout_results_4096x14336x4096.json
W20260420 00:38:27.384367 140662416256512 simple_timer.cpp:55] [rocprofv3] 'python3 test_python.py 4096 14336 4096' ::     1.890211 sec
E20260420 00:38:27.605821 140662416256512 output_stream.cpp:111] Opened result file: /shared_nfs/kyle/test/Hipkittens2/analysis/fp8_gemm/mi350x/r55f_pmc_results/8B_GateUp_fp8_rrr_set1/pmc_2/pt-test-2-l7n7x-master-0/2941493_counter_collection.csv
E20260420 00:38:27.657661 140662416256512 output_stream.cpp:111] Opened result file: /shared_nfs/kyle/test/Hipkittens2/analysis/fp8_gemm/mi350x/r55f_pmc_results/8B_GateUp_fp8_rrr_set1/pmc_2/pt-test-2-l7n7x-master-0/2941493_agent_info.csv
W20260420 00:38:27.660785 140662416256512 simple_timer.cpp:55] [rocprofv3] output generation ::     0.275292 sec
W20260420 00:38:27.661238 140662416256512 simple_timer.cpp:55] [rocprofv3] tool finalization ::     0.275752 sec
W20260420 00:38:29.635378 139937552547328 simple_timer.cpp:55] [rocprofv3] tool initialization ::     0.142387 sec
W20260420 00:38:29.635591 139937552547328 simple_timer.cpp:55] [rocprofv3] 'python3 test_python.py 4096 14336 4096' ::     0.000000 sec
=== FP8 GEMM Layout Benchmark (native layouts, no preshuffle): M=4096, N=14336, K=4096 ===
Warmup=100, iters=200, correctness=off
Layouts=rrr

--- RRR Layout: C = A @ B ---
W20260420 00:38:32.127025 139937552547328 tool.cpp:2420] HSA version 8.19.0 initialized (instance=0)
  Avg time: 0.3560 ms, TFLOPS: 1351.32

============================================================
Layout     Time (ms)    TFLOPS     % of RCR  
------------------------------------------------------------
RRR        0.3560       1351.32    0.00%
============================================================

95% target: NOT MET
  RRR: 0.00% of RCR

Results saved to fp8_layout_results_4096x14336x4096.json
W20260420 00:38:32.886454 139937552547328 simple_timer.cpp:55] [rocprofv3] 'python3 test_python.py 4096 14336 4096' ::     3.250863 sec
E20260420 00:38:34.599859 139937552547328 output_stream.cpp:111] Opened result file: /shared_nfs/kyle/test/Hipkittens2/analysis/fp8_gemm/mi350x/r55f_pmc_results/8B_GateUp_fp8_rrr_set1/pmc_3/pt-test-2-l7n7x-master-0/2941574_counter_collection.csv
E20260420 00:38:34.651293 139937552547328 output_stream.cpp:111] Opened result file: /shared_nfs/kyle/test/Hipkittens2/analysis/fp8_gemm/mi350x/r55f_pmc_results/8B_GateUp_fp8_rrr_set1/pmc_3/pt-test-2-l7n7x-master-0/2941574_agent_info.csv
W20260420 00:38:34.654316 139937552547328 simple_timer.cpp:55] [rocprofv3] output generation ::     1.766345 sec
W20260420 00:38:34.654840 139937552547328 simple_timer.cpp:55] [rocprofv3] tool finalization ::     1.766875 sec
W20260420 00:38:35.364405 140662542605824 simple_timer.cpp:55] [rocprofv3] tool initialization ::     0.143664 sec
W20260420 00:38:35.364604 140662542605824 simple_timer.cpp:55] [rocprofv3] 'python3 test_python.py 4096 14336 4096' ::     0.000000 sec
=== FP8 GEMM Layout Benchmark (native layouts, no preshuffle): M=4096, N=14336, K=4096 ===
Warmup=100, iters=200, correctness=off
Layouts=rrr

--- RRR Layout: C = A @ B ---
W20260420 00:38:37.761742 140662542605824 tool.cpp:2420] HSA version 8.19.0 initialized (instance=0)
  Avg time: 0.3394 ms, TFLOPS: 1417.13

============================================================
Layout     Time (ms)    TFLOPS     % of RCR  
------------------------------------------------------------
RRR        0.3394       1417.13    0.00%
============================================================

95% target: NOT MET
  RRR: 0.00% of RCR

Results saved to fp8_layout_results_4096x14336x4096.json
W20260420 00:38:38.419781 140662542605824 simple_timer.cpp:55] [rocprofv3] 'python3 test_python.py 4096 14336 4096' ::     3.055177 sec
E20260420 00:38:38.490539 140662542605824 output_stream.cpp:111] Opened result file: /shared_nfs/kyle/test/Hipkittens2/analysis/fp8_gemm/mi350x/r55f_pmc_results/8B_GateUp_fp8_rrr_set1/pmc_4/pt-test-2-l7n7x-master-0/2941722_counter_collection.csv
E20260420 00:38:38.558757 140662542605824 output_stream.cpp:111] Opened result file: /shared_nfs/kyle/test/Hipkittens2/analysis/fp8_gemm/mi350x/r55f_pmc_results/8B_GateUp_fp8_rrr_set1/pmc_4/pt-test-2-l7n7x-master-0/2941722_agent_info.csv
W20260420 00:38:38.562198 140662542605824 simple_timer.cpp:55] [rocprofv3] output generation ::     0.140984 sec
W20260420 00:38:38.562681 140662542605824 simple_timer.cpp:55] [rocprofv3] tool finalization ::     0.141474 sec
W20260420 00:38:39.226250 140374830358016 simple_timer.cpp:55] [rocprofv3] tool initialization ::     0.157722 sec
W20260420 00:38:39.226496 140374830358016 simple_timer.cpp:55] [rocprofv3] 'python3 test_python.py 4096 14336 4096' ::     0.000000 sec
=== FP8 GEMM Layout Benchmark (native layouts, no preshuffle): M=4096, N=14336, K=4096 ===
Warmup=100, iters=200, correctness=off
Layouts=rrr

--- RRR Layout: C = A @ B ---
W20260420 00:38:40.123457 140374830358016 tool.cpp:2420] HSA version 8.19.0 initialized (instance=0)
W20260420 00:38:40.331785 140374830358016 tool.cpp:1189] Unable to find all counters for agent 2 (gpu-0, gfx950) in [ALUStalledByLDS, FetchSize, L2CacheHit, LDSBankConflict, MemUnitBusy, MemUnitStalled, MfmaUtil, VALUBusy]. Found: [FetchSize, LDSBankConflict, MemUnitStalled, MfmaUtil, VALUBusy]. Missing: [ALUStalledByLDS, L2CacheHit, MemUnitBusy]
W20260420 00:38:40.331915 140374830358016 tool.cpp:1189] Unable to find all counters for agent 3 (gpu-1, gfx950) in [ALUStalledByLDS, FetchSize, L2CacheHit, LDSBankConflict, MemUnitBusy, MemUnitStalled, MfmaUtil, VALUBusy]. Found: [FetchSize, LDSBankConflict, MemUnitStalled, MfmaUtil, VALUBusy]. Missing: [ALUStalledByLDS, L2CacheHit, MemUnitBusy]
W20260420 00:38:40.333331 140374830358016 tool.cpp:1189] Unable to find all counters for agent 4 (gpu-2, gfx950) in [ALUStalledByLDS, FetchSize, L2CacheHit, LDSBankConflict, MemUnitBusy, MemUnitStalled, MfmaUtil, VALUBusy]. Found: [FetchSize, LDSBankConflict, MemUnitStalled, MfmaUtil, VALUBusy]. Missing: [ALUStalledByLDS, L2CacheHit, MemUnitBusy]
W20260420 00:38:40.334402 140374830358016 tool.cpp:1189] Unable to find all counters for agent 5 (gpu-3, gfx950) in [ALUStalledByLDS, FetchSize, L2CacheHit, LDSBankConflict, MemUnitBusy, MemUnitStalled, MfmaUtil, VALUBusy]. Found: [FetchSize, LDSBankConflict, MemUnitStalled, MfmaUtil, VALUBusy]. Missing: [ALUStalledByLDS, L2CacheHit, MemUnitBusy]
W20260420 00:38:40.334570 140374830358016 tool.cpp:1189] Unable to find all counters for agent 6 (gpu-4, gfx950) in [ALUStalledByLDS, FetchSize, L2CacheHit, LDSBankConflict, MemUnitBusy, MemUnitStalled, MfmaUtil, VALUBusy]. Found: [FetchSize, LDSBankConflict, MemUnitStalled, MfmaUtil, VALUBusy]. Missing: [ALUStalledByLDS, L2CacheHit, MemUnitBusy]
W20260420 00:38:40.335435 140374830358016 tool.cpp:1189] Unable to find all counters for agent 7 (gpu-5, gfx950) in [ALUStalledByLDS, FetchSize, L2CacheHit, LDSBankConflict, MemUnitBusy, MemUnitStalled, MfmaUtil, VALUBusy]. Found: [FetchSize, LDSBankConflict, MemUnitStalled, MfmaUtil, VALUBusy]. Missing: [ALUStalledByLDS, L2CacheHit, MemUnitBusy]
W20260420 00:38:40.336455 140374830358016 tool.cpp:1189] Unable to find all counters for agent 8 (gpu-6, gfx950) in [ALUStalledByLDS, FetchSize, L2CacheHit, LDSBankConflict, MemUnitBusy, MemUnitStalled, MfmaUtil, VALUBusy]. Found: [FetchSize, LDSBankConflict, MemUnitStalled, MfmaUtil, VALUBusy]. Missing: [ALUStalledByLDS, L2CacheHit, MemUnitBusy]
W20260420 00:38:40.336491 140374830358016 tool.cpp:1189] Unable to find all counters for agent 9 (gpu-7, gfx950) in [ALUStalledByLDS, FetchSize, L2CacheHit, LDSBankConflict, MemUnitBusy, MemUnitStalled, MfmaUtil, VALUBusy]. Found: [FetchSize, LDSBankConflict, MemUnitStalled, MfmaUtil, VALUBusy]. Missing: [ALUStalledByLDS, L2CacheHit, MemUnitBusy]
  Avg time: 0.4580 ms, TFLOPS: 1050.39

============================================================
Layout     Time (ms)    TFLOPS     % of RCR  
------------------------------------------------------------
RRR        0.4580       1050.39    0.00%
============================================================

95% target: NOT MET
  RRR: 0.00% of RCR

Results saved to fp8_layout_results_4096x14336x4096.json
W20260420 00:38:40.727553 140374830358016 simple_timer.cpp:55] [rocprofv3] 'python3 test_python.py 4096 14336 4096' ::     1.501057 sec
E20260420 00:38:40.795800 140374830358016 output_stream.cpp:111] Opened result file: /shared_nfs/kyle/test/Hipkittens2/analysis/fp8_gemm/mi350x/r55f_pmc_results/8B_GateUp_fp8_rrr_set1/pmc_5/pt-test-2-l7n7x-master-0/2941799_counter_collection.csv
E20260420 00:38:40.844700 140374830358016 output_stream.cpp:111] Opened result file: /shared_nfs/kyle/test/Hipkittens2/analysis/fp8_gemm/mi350x/r55f_pmc_results/8B_GateUp_fp8_rrr_set1/pmc_5/pt-test-2-l7n7x-master-0/2941799_agent_info.csv
W20260420 00:38:40.847840 140374830358016 simple_timer.cpp:55] [rocprofv3] output generation ::     0.118981 sec
W20260420 00:38:40.848261 140374830358016 simple_timer.cpp:55] [rocprofv3] tool finalization ::     0.119410 sec
