W20260420 02:07:46.159911 140654957796864 simple_timer.cpp:55] [rocprofv3] tool initialization ::     0.147148 sec
W20260420 02:07:46.160134 140654957796864 simple_timer.cpp:55] [rocprofv3] 'python3 test_mxfp8_python.py 4096 8192 28672' ::     0.000000 sec
=== MXFP8 GEMM Layout Benchmark (preshuffle-quant): M=4096, N=8192, K=28672 ===
Warmup=100, iters=200, correctness=off
Layouts=crr

--- CRR Layout: C = A^T @ B ---
W20260420 02:07:47.124782 140654957796864 tool.cpp:2420] HSA version 8.19.0 initialized (instance=0)
[R55B-DEBUG-3] dispatch_pq_v2 entry: L=2 g.m=0 g.n=0 g.k=0 a.cols=4096 c.rows=4096 c.cols=8192
  Avg time: 0.8198 ms, TFLOPS: 2347.05

Results saved to mxfp8_layout_results_4096x8192x28672_pq.json
W20260420 02:07:48.110391 140654957796864 simple_timer.cpp:55] [rocprofv3] 'python3 test_mxfp8_python.py 4096 8192 28672' ::     1.950258 sec
E20260420 02:07:48.200277 140654957796864 output_stream.cpp:111] Opened result file: /shared_nfs/kyle/test/Hipkittens2/analysis/fp8_gemm/mi350x/r56b_pmc_results/70B_Down_mxfp8_crr_set1/pmc_1/pt-test-2-l7n7x-master-0/3057188_counter_collection.csv
E20260420 02:07:48.269530 140654957796864 output_stream.cpp:111] Opened result file: /shared_nfs/kyle/test/Hipkittens2/analysis/fp8_gemm/mi350x/r56b_pmc_results/70B_Down_mxfp8_crr_set1/pmc_1/pt-test-2-l7n7x-master-0/3057188_agent_info.csv
W20260420 02:07:48.273083 140654957796864 simple_timer.cpp:55] [rocprofv3] output generation ::     0.149104 sec
W20260420 02:07:48.274738 140654957796864 simple_timer.cpp:55] [rocprofv3] tool finalization ::     0.150766 sec
W20260420 02:07:49.008876 139904667409920 simple_timer.cpp:55] [rocprofv3] tool initialization ::     0.141605 sec
W20260420 02:07:49.009113 139904667409920 simple_timer.cpp:55] [rocprofv3] 'python3 test_mxfp8_python.py 4096 8192 28672' ::     0.000000 sec
=== MXFP8 GEMM Layout Benchmark (preshuffle-quant): M=4096, N=8192, K=28672 ===
Warmup=100, iters=200, correctness=off
Layouts=crr

--- CRR Layout: C = A^T @ B ---
W20260420 02:07:49.919397 139904667409920 tool.cpp:2420] HSA version 8.19.0 initialized (instance=0)
[R55B-DEBUG-3] dispatch_pq_v2 entry: L=2 g.m=0 g.n=0 g.k=0 a.cols=4096 c.rows=4096 c.cols=8192
  Avg time: 0.8196 ms, TFLOPS: 2347.65

Results saved to mxfp8_layout_results_4096x8192x28672_pq.json
W20260420 02:07:50.928202 139904667409920 simple_timer.cpp:55] [rocprofv3] 'python3 test_mxfp8_python.py 4096 8192 28672' ::     1.919090 sec
E20260420 02:07:51.019529 139904667409920 output_stream.cpp:111] Opened result file: /shared_nfs/kyle/test/Hipkittens2/analysis/fp8_gemm/mi350x/r56b_pmc_results/70B_Down_mxfp8_crr_set1/pmc_2/pt-test-2-l7n7x-master-0/3057339_counter_collection.csv
E20260420 02:07:51.090158 139904667409920 output_stream.cpp:111] Opened result file: /shared_nfs/kyle/test/Hipkittens2/analysis/fp8_gemm/mi350x/r56b_pmc_results/70B_Down_mxfp8_crr_set1/pmc_2/pt-test-2-l7n7x-master-0/3057339_agent_info.csv
W20260420 02:07:51.094394 139904667409920 simple_timer.cpp:55] [rocprofv3] output generation ::     0.152873 sec
W20260420 02:07:51.095956 139904667409920 simple_timer.cpp:55] [rocprofv3] tool finalization ::     0.154442 sec
W20260420 02:07:51.852233 140073661009408 simple_timer.cpp:55] [rocprofv3] tool initialization ::     0.142113 sec
W20260420 02:07:51.852437 140073661009408 simple_timer.cpp:55] [rocprofv3] 'python3 test_mxfp8_python.py 4096 8192 28672' ::     0.000000 sec
=== MXFP8 GEMM Layout Benchmark (preshuffle-quant): M=4096, N=8192, K=28672 ===
Warmup=100, iters=200, correctness=off
Layouts=crr

--- CRR Layout: C = A^T @ B ---
W20260420 02:07:52.945337 140073661009408 tool.cpp:2420] HSA version 8.19.0 initialized (instance=0)
[R55B-DEBUG-3] dispatch_pq_v2 entry: L=2 g.m=0 g.n=0 g.k=0 a.cols=4096 c.rows=4096 c.cols=8192
  Avg time: 0.9086 ms, TFLOPS: 2117.60

Results saved to mxfp8_layout_results_4096x8192x28672_pq.json
W20260420 02:07:54.077864 140073661009408 simple_timer.cpp:55] [rocprofv3] 'python3 test_mxfp8_python.py 4096 8192 28672' ::     2.225427 sec
E20260420 02:07:54.142451 140073661009408 output_stream.cpp:111] Opened result file: /shared_nfs/kyle/test/Hipkittens2/analysis/fp8_gemm/mi350x/r56b_pmc_results/70B_Down_mxfp8_crr_set1/pmc_3/pt-test-2-l7n7x-master-0/3057415_counter_collection.csv
E20260420 02:07:54.196595 140073661009408 output_stream.cpp:111] Opened result file: /shared_nfs/kyle/test/Hipkittens2/analysis/fp8_gemm/mi350x/r56b_pmc_results/70B_Down_mxfp8_crr_set1/pmc_3/pt-test-2-l7n7x-master-0/3057415_agent_info.csv
W20260420 02:07:54.201661 140073661009408 simple_timer.cpp:55] [rocprofv3] output generation ::     0.110262 sec
W20260420 02:07:54.205196 140073661009408 simple_timer.cpp:55] [rocprofv3] tool finalization ::     0.113805 sec
W20260420 02:07:54.888811 139898618760704 simple_timer.cpp:55] [rocprofv3] tool initialization ::     0.143129 sec
W20260420 02:07:54.889037 139898618760704 simple_timer.cpp:55] [rocprofv3] 'python3 test_mxfp8_python.py 4096 8192 28672' ::     0.000000 sec
=== MXFP8 GEMM Layout Benchmark (preshuffle-quant): M=4096, N=8192, K=28672 ===
Warmup=100, iters=200, correctness=off
Layouts=crr

--- CRR Layout: C = A^T @ B ---
W20260420 02:07:55.878698 139898618760704 tool.cpp:2420] HSA version 8.19.0 initialized (instance=0)
[R55B-DEBUG-3] dispatch_pq_v2 entry: L=2 g.m=0 g.n=0 g.k=0 a.cols=4096 c.rows=4096 c.cols=8192
  Avg time: 0.8032 ms, TFLOPS: 2395.47

Results saved to mxfp8_layout_results_4096x8192x28672_pq.json
W20260420 02:07:56.912291 139898618760704 simple_timer.cpp:55] [rocprofv3] 'python3 test_mxfp8_python.py 4096 8192 28672' ::     2.023254 sec
E20260420 02:07:56.981860 139898618760704 output_stream.cpp:111] Opened result file: /shared_nfs/kyle/test/Hipkittens2/analysis/fp8_gemm/mi350x/r56b_pmc_results/70B_Down_mxfp8_crr_set1/pmc_4/pt-test-2-l7n7x-master-0/3057622_counter_collection.csv
E20260420 02:07:57.045715 139898618760704 output_stream.cpp:111] Opened result file: /shared_nfs/kyle/test/Hipkittens2/analysis/fp8_gemm/mi350x/r56b_pmc_results/70B_Down_mxfp8_crr_set1/pmc_4/pt-test-2-l7n7x-master-0/3057622_agent_info.csv
W20260420 02:07:57.048849 139898618760704 simple_timer.cpp:55] [rocprofv3] output generation ::     0.123353 sec
W20260420 02:07:57.050413 139898618760704 simple_timer.cpp:55] [rocprofv3] tool finalization ::     0.124924 sec
W20260420 02:07:57.766256 139790591331840 simple_timer.cpp:55] [rocprofv3] tool initialization ::     0.141577 sec
W20260420 02:07:57.766467 139790591331840 simple_timer.cpp:55] [rocprofv3] 'python3 test_mxfp8_python.py 4096 8192 28672' ::     0.000000 sec
=== MXFP8 GEMM Layout Benchmark (preshuffle-quant): M=4096, N=8192, K=28672 ===
Warmup=100, iters=200, correctness=off
Layouts=crr

--- CRR Layout: C = A^T @ B ---
W20260420 02:07:58.704147 139790591331840 tool.cpp:2420] HSA version 8.19.0 initialized (instance=0)
W20260420 02:07:58.906009 139790591331840 tool.cpp:1189] Unable to find all counters for agent 2 (gpu-0, gfx950) in [ALUStalledByLDS, FetchSize, L2CacheHit, LDSBankConflict, MemUnitBusy, MemUnitStalled, MfmaUtil, VALUBusy]. Found: [FetchSize, LDSBankConflict, MemUnitStalled, MfmaUtil, VALUBusy]. Missing: [ALUStalledByLDS, L2CacheHit, MemUnitBusy]
W20260420 02:07:58.906162 139790591331840 tool.cpp:1189] Unable to find all counters for agent 3 (gpu-1, gfx950) in [ALUStalledByLDS, FetchSize, L2CacheHit, LDSBankConflict, MemUnitBusy, MemUnitStalled, MfmaUtil, VALUBusy]. Found: [FetchSize, LDSBankConflict, MemUnitStalled, MfmaUtil, VALUBusy]. Missing: [ALUStalledByLDS, L2CacheHit, MemUnitBusy]
W20260420 02:07:58.907424 139790591331840 tool.cpp:1189] Unable to find all counters for agent 4 (gpu-2, gfx950) in [ALUStalledByLDS, FetchSize, L2CacheHit, LDSBankConflict, MemUnitBusy, MemUnitStalled, MfmaUtil, VALUBusy]. Found: [FetchSize, LDSBankConflict, MemUnitStalled, MfmaUtil, VALUBusy]. Missing: [ALUStalledByLDS, L2CacheHit, MemUnitBusy]
W20260420 02:07:58.908464 139790591331840 tool.cpp:1189] Unable to find all counters for agent 5 (gpu-3, gfx950) in [ALUStalledByLDS, FetchSize, L2CacheHit, LDSBankConflict, MemUnitBusy, MemUnitStalled, MfmaUtil, VALUBusy]. Found: [FetchSize, LDSBankConflict, MemUnitStalled, MfmaUtil, VALUBusy]. Missing: [ALUStalledByLDS, L2CacheHit, MemUnitBusy]
W20260420 02:07:58.909532 139790591331840 tool.cpp:1189] Unable to find all counters for agent 6 (gpu-4, gfx950) in [ALUStalledByLDS, FetchSize, L2CacheHit, LDSBankConflict, MemUnitBusy, MemUnitStalled, MfmaUtil, VALUBusy]. Found: [FetchSize, LDSBankConflict, MemUnitStalled, MfmaUtil, VALUBusy]. Missing: [ALUStalledByLDS, L2CacheHit, MemUnitBusy]
W20260420 02:07:58.909569 139790591331840 tool.cpp:1189] Unable to find all counters for agent 7 (gpu-5, gfx950) in [ALUStalledByLDS, FetchSize, L2CacheHit, LDSBankConflict, MemUnitBusy, MemUnitStalled, MfmaUtil, VALUBusy]. Found: [FetchSize, LDSBankConflict, MemUnitStalled, MfmaUtil, VALUBusy]. Missing: [ALUStalledByLDS, L2CacheHit, MemUnitBusy]
W20260420 02:07:58.910576 139790591331840 tool.cpp:1189] Unable to find all counters for agent 8 (gpu-6, gfx950) in [ALUStalledByLDS, FetchSize, L2CacheHit, LDSBankConflict, MemUnitBusy, MemUnitStalled, MfmaUtil, VALUBusy]. Found: [FetchSize, LDSBankConflict, MemUnitStalled, MfmaUtil, VALUBusy]. Missing: [ALUStalledByLDS, L2CacheHit, MemUnitBusy]
W20260420 02:07:58.911528 139790591331840 tool.cpp:1189] Unable to find all counters for agent 9 (gpu-7, gfx950) in [ALUStalledByLDS, FetchSize, L2CacheHit, LDSBankConflict, MemUnitBusy, MemUnitStalled, MfmaUtil, VALUBusy]. Found: [FetchSize, LDSBankConflict, MemUnitStalled, MfmaUtil, VALUBusy]. Missing: [ALUStalledByLDS, L2CacheHit, MemUnitBusy]
[R55B-DEBUG-3] dispatch_pq_v2 entry: L=2 g.m=0 g.n=0 g.k=0 a.cols=4096 c.rows=4096 c.cols=8192
  Avg time: 0.8881 ms, TFLOPS: 2166.51

Results saved to mxfp8_layout_results_4096x8192x28672_pq.json
W20260420 02:07:59.809776 139790591331840 simple_timer.cpp:55] [rocprofv3] 'python3 test_mxfp8_python.py 4096 8192 28672' ::     2.043309 sec
E20260420 02:07:59.898941 139790591331840 output_stream.cpp:111] Opened result file: /shared_nfs/kyle/test/Hipkittens2/analysis/fp8_gemm/mi350x/r56b_pmc_results/70B_Down_mxfp8_crr_set1/pmc_5/pt-test-2-l7n7x-master-0/3057861_counter_collection.csv
E20260420 02:07:59.953323 139790591331840 output_stream.cpp:111] Opened result file: /shared_nfs/kyle/test/Hipkittens2/analysis/fp8_gemm/mi350x/r56b_pmc_results/70B_Down_mxfp8_crr_set1/pmc_5/pt-test-2-l7n7x-master-0/3057861_agent_info.csv
W20260420 02:07:59.956533 139790591331840 simple_timer.cpp:55] [rocprofv3] output generation ::     0.133239 sec
W20260420 02:07:59.958003 139790591331840 simple_timer.cpp:55] [rocprofv3] tool finalization ::     0.134716 sec
