===== R45D variance label=p32_8bkv_b1 gpu=5 N_REPS=5 BENCH_KIND=two_so PREHEAT=60 MAX_RETRIES=3 =====
Sat Apr 18 21:27:08 UTC 2026
----- rep 1 / 5 -----
[gate rep=1 att=1 rc=0 G1=1 G2A=1 preMhz=2247 benchMhz=2394]
[clean rep=1] DELTA_MEDIAN_PCT HBSHRINK_vs_DEFAULT = +23.357%
----- rep 2 / 5 -----
[gate rep=2 att=1 rc=0 G1=1 G2A=1 preMhz=2397 benchMhz=2350]
[clean rep=2] DELTA_MEDIAN_PCT HBSHRINK_vs_DEFAULT = +23.687%
----- rep 3 / 5 -----
[gate rep=3 att=1 rc=0 G1=0 G2A=1 preMhz=2185 benchMhz=2397]
[gate rep=3 att=2 rc=0 G1=1 G2A=1 preMhz=2308 benchMhz=2391]
[clean rep=3] DELTA_MEDIAN_PCT HBSHRINK_vs_DEFAULT = +24.718%
----- rep 4 / 5 -----
[gate rep=4 att=1 rc=0 G1=1 G2A=1 preMhz=2328 benchMhz=2391]
[clean rep=4] DELTA_MEDIAN_PCT HBSHRINK_vs_DEFAULT = +23.708%
----- rep 5 / 5 -----
[gate rep=5 att=1 rc=0 G1=1 G2A=1 preMhz=2325 benchMhz=2393]
[clean rep=5] DELTA_MEDIAN_PCT HBSHRINK_vs_DEFAULT = +25.280%
Sat Apr 18 21:36:52 UTC 2026
DONE label=p32_8bkv_b1 gpu=5
