  pair 1/10: base=0.8829 smallm=1.1358 fp8=1.1448
  pair 2/10: base=0.8851 smallm=1.1345 fp8=1.1461
  pair 3/10: base=0.8845 smallm=1.1359 fp8=1.1460
  pair 4/10: base=0.8852 smallm=1.1372 fp8=1.1468
  pair 5/10: base=0.8843 smallm=1.1364 fp8=1.1448
  pair 6/10: base=0.8839 smallm=1.1356 fp8=1.1432
  pair 7/10: base=0.8838 smallm=1.1352 fp8=1.1442
  pair 8/10: base=0.8844 smallm=1.1363 fp8=1.1453
  pair 9/10: base=0.8847 smallm=1.1355 fp8=1.1471
  pair 10/10: base=0.8845 smallm=1.1358 fp8=1.1469

R42B_PAIRED M=128 N=8192 K=8192 n_pairs=10
  base_med = 0.8844 TF
  smallm_med = 1.1358 TF
  fp8_med = 1.1457 TF
  delta_pct (smallm vs base) = +28.42%
  welch_t (smallm vs base) = +815.13
  ratio smallm/fp8 = 99.14%
  ratio base/fp8 = 77.20%
R42B_VERDICT PASS_95 (smallm/fp8 = 99.14% >= 95%)
R42B_VERDICT PASS_DELTA (delta = +28.42% >= +25%)
