  pair 1/10: base=0.8752 smallm=1.1241 fp8=1.1325
  pair 2/10: base=0.8767 smallm=1.1225 fp8=1.1318
  pair 3/10: base=0.8755 smallm=1.1262 fp8=1.1323
  pair 4/10: base=0.8759 smallm=1.1249 fp8=1.1334
  pair 5/10: base=0.8758 smallm=1.1257 fp8=1.1332
  pair 6/10: base=0.8757 smallm=1.1256 fp8=1.1343
  pair 7/10: base=0.8756 smallm=1.1259 fp8=1.1346
  pair 8/10: base=0.8764 smallm=1.1279 fp8=1.1351
  pair 9/10: base=0.8771 smallm=1.1285 fp8=1.1353
  pair 10/10: base=0.8772 smallm=1.1283 fp8=1.1377

R42B_PAIRED M=32 N=4096 K=4096 n_pairs=10
  base_med = 0.8758 TF
  smallm_med = 1.1258 TF
  fp8_med = 1.1338 TF
  delta_pct (smallm vs base) = +28.54%
  welch_t (smallm vs base) = +390.57
  ratio smallm/fp8 = 99.29%
  ratio base/fp8 = 77.24%
R42B_VERDICT PASS_95 (smallm/fp8 = 99.29% >= 95%)
R42B_VERDICT PASS_DELTA (delta = +28.54% >= +25%)
