  pair 1/10: base=0.8864 smallm=1.1343 fp8=1.1457
  pair 2/10: base=0.8870 smallm=1.1350 fp8=1.1443
  pair 3/10: base=0.8872 smallm=1.1336 fp8=1.1423
  pair 4/10: base=0.3619 smallm=0.4606 fp8=0.4670
  pair 5/10: base=0.3583 smallm=0.4629 fp8=0.4656
  pair 6/10: base=0.3579 smallm=0.5161 fp8=0.5240
  pair 7/10: base=0.3569 smallm=0.4700 fp8=0.4788
  pair 8/10: base=0.3578 smallm=0.4671 fp8=0.4729
  pair 9/10: base=0.3625 smallm=0.4797 fp8=0.4883
  pair 10/10: base=0.3575 smallm=0.4502 fp8=0.4535

R42B_PAIRED M=32 N=8192 K=8192 n_pairs=10
  base_med = 0.3601 TF
  smallm_med = 0.4748 TF
  fp8_med = 0.4835 TF
  delta_pct (smallm vs base) = +31.86%
  welch_t (smallm vs base) = +1.19
  ratio smallm/fp8 = 98.21%
  ratio base/fp8 = 74.48%
R42B_VERDICT PASS_95 (smallm/fp8 = 98.21% >= 95%)
R42B_VERDICT PASS_DELTA (delta = +31.86% >= +25%)
