  pair 1/10: base=0.8872 smallm=1.1394 fp8=1.1487
  pair 2/10: base=0.8876 smallm=1.1381 fp8=1.1495
  pair 3/10: base=0.8897 smallm=1.1404 fp8=1.1504
  pair 4/10: base=0.8891 smallm=1.1391 fp8=1.1499
  pair 5/10: base=0.8886 smallm=1.1391 fp8=1.1491
  pair 6/10: base=0.8871 smallm=1.1386 fp8=1.1493
  pair 7/10: base=0.8869 smallm=1.1386 fp8=1.1475
  pair 8/10: base=0.8868 smallm=1.1393 fp8=1.1495
  pair 9/10: base=0.8873 smallm=1.1377 fp8=1.1521
  pair 10/10: base=0.8890 smallm=1.1406 fp8=1.1517

R42B_PAIRED M=128 N=8192 K=8192 n_pairs=10
  base_med = 0.8875 TF
  smallm_med = 1.1391 TF
  fp8_med = 1.1495 TF
  delta_pct (smallm vs base) = +28.36%
  welch_t (smallm vs base) = +568.67
  ratio smallm/fp8 = 99.09%
  ratio base/fp8 = 77.20%
R42B_VERDICT PASS_95 (smallm/fp8 = 99.09% >= 95%)
R42B_VERDICT PASS_DELTA (delta = +28.36% >= +25%)
