  pair 1/10: base=0.8859 smallm=1.1375 fp8=1.1463
  pair 2/10: base=0.8859 smallm=1.1379 fp8=1.1462
  pair 3/10: base=0.8860 smallm=1.1334 fp8=1.1467
  pair 4/10: base=0.8857 smallm=1.1366 fp8=1.1466
  pair 5/10: base=0.8862 smallm=1.1340 fp8=1.1464
  pair 6/10: base=0.8859 smallm=1.1338 fp8=1.1443
  pair 7/10: base=0.8855 smallm=1.1328 fp8=1.1437
  pair 8/10: base=0.8847 smallm=1.1323 fp8=1.1427
  pair 9/10: base=0.8844 smallm=1.1329 fp8=1.1426
  pair 10/10: base=0.8851 smallm=1.1326 fp8=1.1419

R42B_PAIRED M=128 N=4096 K=4096 n_pairs=10
  base_med = 0.8858 TF
  smallm_med = 1.1336 TF
  fp8_med = 1.1453 TF
  delta_pct (smallm vs base) = +27.97%
  welch_t (smallm vs base) = +357.72
  ratio smallm/fp8 = 98.98%
  ratio base/fp8 = 77.34%
R42B_VERDICT PASS_95 (smallm/fp8 = 98.98% >= 95%)
R42B_VERDICT PASS_DELTA (delta = +27.97% >= +25%)
