  pair 1/10: base=0.4299 smallm=0.5598 fp8=0.4913
  pair 2/10: base=0.3961 smallm=0.4823 fp8=0.4882
  pair 3/10: base=0.3709 smallm=0.4813 fp8=0.4891
  pair 4/10: base=0.3710 smallm=0.4820 fp8=0.4886
  pair 5/10: base=0.3882 smallm=0.4827 fp8=0.4890
  pair 6/10: base=0.3852 smallm=0.4832 fp8=0.4881
  pair 7/10: base=0.3734 smallm=0.4824 fp8=0.4877
  pair 8/10: base=0.3901 smallm=0.4823 fp8=0.4878
  pair 9/10: base=0.4046 smallm=0.4713 fp8=0.4729
  pair 10/10: base=0.3637 smallm=0.4700 fp8=0.4761

R42B_PAIRED M=32 N=4096 K=4096 n_pairs=10
  base_med = 0.3867 TF
  smallm_med = 0.4823 TF
  fp8_med = 0.4881 TF
  delta_pct (smallm vs base) = +24.73%
  welch_t (smallm vs base) = +9.79
  ratio smallm/fp8 = 98.80%
  ratio base/fp8 = 79.22%
R42B_VERDICT PASS_95 (smallm/fp8 = 98.80% >= 95%)
R42B_VERDICT FAIL_DELTA (delta = +24.73% < +25%)
