  pair 1/10: base=0.8834 smallm=1.1352 fp8=1.1446
  pair 2/10: base=0.8832 smallm=1.1333 fp8=1.1460
  pair 3/10: base=0.8837 smallm=1.1334 fp8=1.1470
  pair 4/10: base=0.8835 smallm=1.1322 fp8=1.1430
  pair 5/10: base=0.8827 smallm=1.1333 fp8=1.1441
  pair 6/10: base=0.8830 smallm=1.1359 fp8=1.1441
  pair 7/10: base=0.8842 smallm=1.1363 fp8=1.1441
  pair 8/10: base=0.8834 smallm=1.1340 fp8=1.1444
  pair 9/10: base=0.8834 smallm=1.1337 fp8=1.1458
  pair 10/10: base=0.8833 smallm=1.1332 fp8=1.1438

R42B_PAIRED M=128 N=8192 K=8192 n_pairs=10
  base_med = 0.8834 TF
  smallm_med = 1.1336 TF
  fp8_med = 1.1443 TF
  delta_pct (smallm vs base) = +28.32%
  welch_t (smallm vs base) = +582.13
  ratio smallm/fp8 = 99.06%
  ratio base/fp8 = 77.20%
R42B_VERDICT PASS_95 (smallm/fp8 = 99.06% >= 95%)
R42B_VERDICT PASS_DELTA (delta = +28.32% >= +25%)
