===== R43 Phase=4 label=qo_8b_n10 gpu=2 N_PAIRS=10 BENCH_KIND=one_so_layout PREHEAT=60 =====
Sat Apr 18 20:00:30 UTC 2026
[one_so_layout] SO=/tmp/r42_qo_8b.so MOD=tk_mxfp8_r42_qo_8b LAYOUT_A=crr LAYOUT_B=rcr M=4096 N=4096 K=4096
[bench rc=0]
[sclk-pre-preheat] GPU[2]		: sclk clock level: 1: (178Mhz)
[preheat 60.0s] done 12284 iters
[sclk-post-preheat] GPU[2]		: sclk clock level: 1: (2360Mhz)
CORRECTNESS_CRR snr_db=49.61 pass_rate_pct=100.00 det_ok=True
CORRECTNESS_RCR snr_db=49.61 pass_rate_pct=100.00 det_ok=True
[sclk-pre-bench] GPU[2]		: sclk clock level: 1: (1799Mhz)
WARMUP 0 RCR=2200.49 CRR=2236.00 sclk=GPU[2]		: sclk clock level: 1: (2225Mhz)
WARMUP 1 RCR=2201.59 CRR=2208.53 sclk=GPU[2]		: sclk clock level: 1: (2333Mhz)
PAIR 0 RCR_1=2261.88 CRR_1=2223.02 RCR_2=2427.19 CRR_2=2289.56
PAIR 1 RCR_1=2498.97 CRR_1=2319.51 RCR_2=2504.07 CRR_2=2354.09
PAIR 2 RCR_1=2519.24 CRR_1=2322.93 RCR_2=2520.53 CRR_2=2324.47
PAIR 3 RCR_1=2494.26 CRR_1=2340.78 RCR_2=2508.53 CRR_2=2348.01
PAIR 4 RCR_1=2525.86 CRR_1=2347.27 RCR_2=2521.75 CRR_2=2349.58
PAIR 5 RCR_1=2529.40 CRR_1=2343.30 RCR_2=2525.42 CRR_2=2328.63
PAIR 6 RCR_1=2547.14 CRR_1=2366.31 RCR_2=2531.00 CRR_2=2357.84
PAIR 7 RCR_1=2527.58 CRR_1=2355.41 RCR_2=2534.47 CRR_2=2356.03
PAIR 8 RCR_1=2529.03 CRR_1=2350.48 RCR_2=2497.44 CRR_2=2356.71
PAIR 9 RCR_1=2535.64 CRR_1=2346.24 RCR_2=2517.68 CRR_2=2348.71
[sclk-post-bench] GPU[2]		: sclk clock level: 1: (2354Mhz)
CRR  median=2347.64 mean=2336.44 stdev=32.03 n=20
RCR  median=2521.14 mean=2502.85 stdev=61.97 n=20
Welch t (CRR vs RCR) = 10.669  (positive = RCR faster)
DELTA_MEDIAN_PCT RCR_vs_CRR = +7.390%
CRR_TFLOPS_LIST 2223.0155,2289.5571,2319.5070,2354.0896,2322.9263,2324.4679,2340.7762,2348.0087,2347.2701,2349.5822,2343.3000,2328.6252,2366.3145,2357.8374,2355.4121,2356.0258,2350.4815,2356.7053,2346.2427,2348.7141
RCR_TFLOPS_LIST 2261.8826,2427.1926,2498.9682,2504.0703,2519.2354,2520.5263,2494.2571,2508.5301,2525.8645,2521.7509,2529.3955,2525.4189,2547.1422,2530.9969,2527.5776,2534.4694,2529.0269,2497.4406,2535.6356,2517.6848
--- stderr (head) ---
W20260418 20:00:33.166034 139862893432832 agent.cpp:461] Attempt to enable hip visiblity for agent-2 which is not visible to HSA (ROCR)
[mxfp8_dispatch] crr_v2: shape=(M=4096,N=4096,K=4096) -> ADVISE-V2-RCR-8B-QO (R36C +5.83-7.05%)
[mxfp8_dispatch] crr_v2: shape=(M=4096,N=4096,K=4096) -> CRR-V2-EXACT-8WAVE-DEFAULT
[mxfp8_dispatch] rcr_v2: shape=(M=4096,N=4096,K=4096) -> RCR-V2-EXACT-8WAVE
Sat Apr 18 20:01:59 UTC 2026
