===== R43 Phase=4 label=qo_8b_n10 gpu=7 N_PAIRS=10 BENCH_KIND=one_so_layout PREHEAT=60 =====
Sat Apr 18 20:00:30 UTC 2026
[one_so_layout] SO=/tmp/r42_qo_8b.so MOD=tk_mxfp8_r42_qo_8b LAYOUT_A=crr LAYOUT_B=rcr M=4096 N=4096 K=4096
[bench rc=0]
[sclk-pre-preheat] GPU[7]		: sclk clock level: S: (104Mhz)
[preheat 60.0s] done 12284 iters
[sclk-post-preheat] GPU[7]		: sclk clock level: 1: (2209Mhz)
CORRECTNESS_CRR snr_db=49.61 pass_rate_pct=100.00 det_ok=True
CORRECTNESS_RCR snr_db=49.61 pass_rate_pct=100.00 det_ok=True
[sclk-pre-bench] GPU[7]		: sclk clock level: 1: (2378Mhz)
WARMUP 0 RCR=2135.10 CRR=2141.73 sclk=GPU[7]		: sclk clock level: 1: (2377Mhz)
WARMUP 1 RCR=2207.67 CRR=2174.81 sclk=GPU[7]		: sclk clock level: 1: (2375Mhz)
PAIR 0 RCR_1=2193.10 CRR_1=2127.07 RCR_2=2344.52 CRR_2=2277.02
PAIR 1 RCR_1=2442.97 CRR_1=2308.91 RCR_2=2470.86 CRR_2=2338.04
PAIR 2 RCR_1=2509.42 CRR_1=2298.77 RCR_2=2486.64 CRR_2=2333.05
PAIR 3 RCR_1=2503.74 CRR_1=2355.90 RCR_2=2536.20 CRR_2=2322.68
PAIR 4 RCR_1=2478.10 CRR_1=2360.49 RCR_2=2541.74 CRR_2=2327.62
PAIR 5 RCR_1=2500.28 CRR_1=2321.77 RCR_2=2439.74 CRR_2=2336.96
PAIR 6 RCR_1=2510.51 CRR_1=2311.83 RCR_2=2512.53 CRR_2=2334.26
PAIR 7 RCR_1=2488.11 CRR_1=2319.20 RCR_2=2479.64 CRR_2=2326.14
PAIR 8 RCR_1=2494.25 CRR_1=2304.91 RCR_2=2482.08 CRR_2=2326.61
PAIR 9 RCR_1=2484.55 CRR_1=2330.17 RCR_2=2492.45 CRR_2=2333.18
[sclk-post-bench] GPU[7]		: sclk clock level: 1: (2308Mhz)
CRR  median=2326.37 mean=2314.73 stdev=47.97 n=20
RCR  median=2487.38 mean=2469.57 stdev=77.07 n=20
Welch t (CRR vs RCR) = 7.628  (positive = RCR faster)
DELTA_MEDIAN_PCT RCR_vs_CRR = +6.921%
CRR_TFLOPS_LIST 2127.0651,2277.0197,2308.9081,2338.0389,2298.7739,2333.0532,2355.8966,2322.6766,2360.4939,2327.6156,2321.7663,2336.9560,2311.8287,2334.2578,2319.1954,2326.1368,2304.9113,2326.6077,2330.1728,2333.1792
RCR_TFLOPS_LIST 2193.1029,2344.5168,2442.9683,2470.8633,2509.4159,2486.6377,2503.7419,2536.1952,2478.0975,2541.7448,2500.2775,2439.7384,2510.5124,2512.5290,2488.1125,2479.6364,2494.2526,2482.0760,2484.5501,2492.4451
--- stderr (head) ---
W20260418 20:00:33.082148 140436508917760 agent.cpp:461] Attempt to enable hip visiblity for agent-2 which is not visible to HSA (ROCR)
[mxfp8_dispatch] crr_v2: shape=(M=4096,N=4096,K=4096) -> ADVISE-V2-RCR-8B-QO (R36C +5.83-7.05%)
[mxfp8_dispatch] crr_v2: shape=(M=4096,N=4096,K=4096) -> CRR-V2-EXACT-8WAVE-DEFAULT
[mxfp8_dispatch] rcr_v2: shape=(M=4096,N=4096,K=4096) -> RCR-V2-EXACT-8WAVE
Sat Apr 18 20:01:59 UTC 2026
