===== R43 Phase=4 label=qo_8b_n10 gpu=6 N_PAIRS=10 BENCH_KIND=one_so_layout PREHEAT=60 =====
Sat Apr 18 20:00:30 UTC 2026
[one_so_layout] SO=/tmp/r42_qo_8b.so MOD=tk_mxfp8_r42_qo_8b LAYOUT_A=crr LAYOUT_B=rcr M=4096 N=4096 K=4096
[bench rc=0]
[sclk-pre-preheat] GPU[6]		: sclk clock level: 1: (204Mhz)
[preheat 60.0s] done 12284 iters
[sclk-post-preheat] GPU[6]		: sclk clock level: 1: (2079Mhz)
CORRECTNESS_CRR snr_db=49.61 pass_rate_pct=100.00 det_ok=True
CORRECTNESS_RCR snr_db=49.61 pass_rate_pct=100.00 det_ok=True
[sclk-pre-bench] GPU[6]		: sclk clock level: 1: (2361Mhz)
WARMUP 0 RCR=2170.30 CRR=2166.72 sclk=GPU[6]		: sclk clock level: 1: (2374Mhz)
WARMUP 1 RCR=2243.89 CRR=2186.79 sclk=GPU[6]		: sclk clock level: 1: (2367Mhz)
PAIR 0 RCR_1=2165.95 CRR_1=2133.17 RCR_2=2344.45 CRR_2=2240.56
PAIR 1 RCR_1=2436.56 CRR_1=2305.28 RCR_2=2492.62 CRR_2=2299.76
PAIR 2 RCR_1=2483.72 CRR_1=2344.39 RCR_2=2501.85 CRR_2=2328.09
PAIR 3 RCR_1=2489.41 CRR_1=2323.08 RCR_2=2523.34 CRR_2=2337.59
PAIR 4 RCR_1=2507.54 CRR_1=2332.71 RCR_2=2465.87 CRR_2=2319.57
PAIR 5 RCR_1=2504.25 CRR_1=2313.04 RCR_2=2506.70 CRR_2=2330.96
PAIR 6 RCR_1=2495.12 CRR_1=2329.98 RCR_2=2522.05 CRR_2=2373.60
PAIR 7 RCR_1=2522.16 CRR_1=2332.26 RCR_2=2472.00 CRR_2=2346.21
PAIR 8 RCR_1=1961.12 CRR_1=2263.34 RCR_2=1949.26 CRR_2=2313.60
PAIR 9 RCR_1=2502.79 CRR_1=2295.21 RCR_2=2532.94 CRR_2=2346.41
[sclk-post-bench] GPU[6]		: sclk clock level: 1: (2332Mhz)
CRR  median=2325.59 mean=2310.44 stdev=51.14 n=20
RCR  median=2493.87 mean=2418.98 stdev=178.80 n=20
Welch t (CRR vs RCR) = 2.610  (positive = RCR faster)
DELTA_MEDIAN_PCT RCR_vs_CRR = +7.236%
CRR_TFLOPS_LIST 2133.1694,2240.5571,2305.2824,2299.7609,2344.3881,2328.0888,2323.0849,2337.5928,2332.7064,2319.5688,2313.0441,2330.9617,2329.9840,2373.6035,2332.2598,2346.2122,2263.3405,2313.6048,2295.2136,2346.4069
RCR_TFLOPS_LIST 2165.9511,2344.4512,2436.5550,2492.6250,2483.7249,2501.8468,2489.4059,2523.3426,2507.5415,2465.8663,2504.2510,2506.6973,2495.1220,2522.0498,2522.1572,2472.0019,1961.1174,1949.2570,2502.7935,2532.9355
--- stderr (head) ---
W20260418 20:00:33.146752 140512627728384 agent.cpp:461] Attempt to enable hip visiblity for agent-2 which is not visible to HSA (ROCR)
[mxfp8_dispatch] crr_v2: shape=(M=4096,N=4096,K=4096) -> ADVISE-V2-RCR-8B-QO (R36C +5.83-7.05%)
[mxfp8_dispatch] crr_v2: shape=(M=4096,N=4096,K=4096) -> CRR-V2-EXACT-8WAVE-DEFAULT
[mxfp8_dispatch] rcr_v2: shape=(M=4096,N=4096,K=4096) -> RCR-V2-EXACT-8WAVE
Sat Apr 18 20:01:59 UTC 2026
