===== R43 Phase=4 label=qo_8b_n10_retry gpu=3 N_PAIRS=10 BENCH_KIND=one_so_layout PREHEAT=120 =====
Sat Apr 18 20:05:20 UTC 2026
[one_so_layout] SO=/tmp/r42_qo_8b.so MOD=tk_mxfp8_r42_qo_8b LAYOUT_A=crr LAYOUT_B=rcr M=4096 N=4096 K=4096
[bench rc=0]
[sclk-pre-preheat] GPU[3]		: sclk clock level: 1: (1787Mhz)
[preheat 120.0s] done 19452 iters
[sclk-post-preheat] GPU[3]		: sclk clock level: 1: (1729Mhz)
CORRECTNESS_CRR snr_db=49.61 pass_rate_pct=100.00 det_ok=True
CORRECTNESS_RCR snr_db=49.61 pass_rate_pct=100.00 det_ok=True
[sclk-pre-bench] GPU[3]		: sclk clock level: 1: (1781Mhz)
WARMUP 0 RCR=157.29 CRR=155.52 sclk=GPU[3]		: sclk clock level: 1: (1786Mhz)
WARMUP 1 RCR=156.96 CRR=155.59 sclk=GPU[3]		: sclk clock level: 1: (1786Mhz)
PAIR 0 RCR_1=157.27 CRR_1=155.42 RCR_2=157.03 CRR_2=155.64
PAIR 1 RCR_1=156.77 CRR_1=155.69 RCR_2=156.64 CRR_2=155.26
PAIR 2 RCR_1=156.91 CRR_1=155.10 RCR_2=156.55 CRR_2=155.28
PAIR 3 RCR_1=156.54 CRR_1=155.40 RCR_2=156.87 CRR_2=155.32
PAIR 4 RCR_1=156.83 CRR_1=155.14 RCR_2=156.34 CRR_2=155.17
PAIR 5 RCR_1=150.17 CRR_1=155.91 RCR_2=156.31 CRR_2=155.31
PAIR 6 RCR_1=2396.05 CRR_1=2248.18 RCR_2=2501.62 CRR_2=2353.25
PAIR 7 RCR_1=2511.75 CRR_1=2352.96 RCR_2=2581.93 CRR_2=2356.83
PAIR 8 RCR_1=2566.12 CRR_1=2395.95 RCR_2=2570.04 CRR_2=2372.85
PAIR 9 RCR_1=2558.55 CRR_1=2416.20 RCR_2=2579.96 CRR_2=2396.02
[sclk-post-bench] GPU[3]		: sclk clock level: 1: (2287Mhz)
CRR  median=155.66 mean=1037.84 stdev=1109.30 n=20
RCR  median=156.97 mean=1107.01 stdev=1195.39 n=20
Welch t (CRR vs RCR) = 0.190  (positive = RCR faster)
DELTA_MEDIAN_PCT RCR_vs_CRR = +0.841%
CRR_TFLOPS_LIST 155.4195,155.6363,155.6875,155.2643,155.0962,155.2783,155.4000,155.3225,155.1372,155.1723,155.9110,155.3091,2248.1774,2353.2512,2352.9603,2356.8322,2395.9496,2372.8495,2416.1989,2396.0165
RCR_TFLOPS_LIST 157.2690,157.0338,156.7691,156.6363,156.9090,156.5530,156.5424,156.8730,156.8324,156.3447,150.1708,156.3130,2396.0482,2501.6237,2511.7539,2581.9345,2566.1234,2570.0409,2558.5518,2579.9570
--- stderr (head) ---
W20260418 20:05:23.417749 140102523793408 agent.cpp:461] Attempt to enable hip visiblity for agent-2 which is not visible to HSA (ROCR)
[mxfp8_dispatch] crr_v2: shape=(M=4096,N=4096,K=4096) -> ADVISE-V2-RCR-8B-QO (R36C +5.83-7.05%)
[mxfp8_dispatch] crr_v2: shape=(M=4096,N=4096,K=4096) -> CRR-V2-EXACT-8WAVE-DEFAULT
[mxfp8_dispatch] rcr_v2: shape=(M=4096,N=4096,K=4096) -> RCR-V2-EXACT-8WAVE
Sat Apr 18 20:07:59 UTC 2026
