===== R43 Phase=4 label=qo_8b_n20 gpu=2 N_PAIRS=20 BENCH_KIND=one_so_layout PREHEAT=120 =====
Sat Apr 18 20:02:08 UTC 2026
[one_so_layout] SO=/tmp/r42_qo_8b.so MOD=tk_mxfp8_r42_qo_8b LAYOUT_A=crr LAYOUT_B=rcr M=4096 N=4096 K=4096
[bench rc=0]
[sclk-pre-preheat] GPU[2]		: sclk clock level: 1: (158Mhz)
[preheat 120.0s] done 21500 iters
[sclk-post-preheat] GPU[2]		: sclk clock level: 1: (2316Mhz)
CORRECTNESS_CRR snr_db=49.61 pass_rate_pct=100.00 det_ok=True
CORRECTNESS_RCR snr_db=49.61 pass_rate_pct=100.00 det_ok=True
[sclk-pre-bench] GPU[2]		: sclk clock level: 1: (2381Mhz)
WARMUP 0 RCR=2202.83 CRR=2182.29 sclk=GPU[2]		: sclk clock level: 1: (2387Mhz)
WARMUP 1 RCR=2170.93 CRR=2159.47 sclk=GPU[2]		: sclk clock level: 1: (2384Mhz)
PAIR 0 RCR_1=2216.82 CRR_1=2178.36 RCR_2=2413.49 CRR_2=2281.98
PAIR 1 RCR_1=2487.68 CRR_1=2337.02 RCR_2=2508.39 CRR_2=2358.03
PAIR 2 RCR_1=2515.25 CRR_1=2359.46 RCR_2=2535.37 CRR_2=2358.42
PAIR 3 RCR_1=2508.79 CRR_1=2345.79 RCR_2=2522.01 CRR_2=2335.69
PAIR 4 RCR_1=2516.69 CRR_1=2358.10 RCR_2=2520.04 CRR_2=2352.86
PAIR 5 RCR_1=2528.80 CRR_1=2326.23 RCR_2=2525.94 CRR_2=2363.93
PAIR 6 RCR_1=2522.38 CRR_1=2331.72 RCR_2=2514.22 CRR_2=2341.38
PAIR 7 RCR_1=2525.57 CRR_1=2342.47 RCR_2=2518.94 CRR_2=2350.23
PAIR 8 RCR_1=2536.76 CRR_1=2352.35 RCR_2=2514.66 CRR_2=2349.29
PAIR 9 RCR_1=2511.54 CRR_1=2356.71 RCR_2=2513.70 CRR_2=2328.56
PAIR 10 RCR_1=2516.98 CRR_1=2334.10 RCR_2=2536.04 CRR_2=2354.60
PAIR 11 RCR_1=2536.46 CRR_1=2359.59 RCR_2=2534.54 CRR_2=2365.89
PAIR 12 RCR_1=2514.41 CRR_1=2350.42 RCR_2=2509.74 CRR_2=2356.93
PAIR 13 RCR_1=2533.32 CRR_1=2375.11 RCR_2=2511.57 CRR_2=2360.11
PAIR 14 RCR_1=2532.04 CRR_1=2360.46 RCR_2=2524.46 CRR_2=2357.97
PAIR 15 RCR_1=2526.65 CRR_1=2334.26 RCR_2=2524.23 CRR_2=2361.08
PAIR 16 RCR_1=2521.08 CRR_1=2358.64 RCR_2=2525.94 CRR_2=2338.01
PAIR 17 RCR_1=2514.29 CRR_1=2352.96 RCR_2=2528.80 CRR_2=2352.80
PAIR 18 RCR_1=2503.34 CRR_1=2356.87 RCR_2=2533.61 CRR_2=2355.51
PAIR 19 RCR_1=2509.00 CRR_1=2352.51 RCR_2=2538.07 CRR_2=2361.27
[sclk-post-bench] GPU[2]		: sclk clock level: 1: (2340Mhz)
CRR  median=2352.91 mean=2345.19 stdev=31.20 n=40
RCR  median=2520.56 mean=2510.79 stdev=51.76 n=40
Welch t (CRR vs RCR) = 17.330  (positive = RCR faster)
DELTA_MEDIAN_PCT RCR_vs_CRR = +7.125%
CRR_TFLOPS_LIST 2178.3640,2281.9823,2337.0212,2358.0324,2359.4581,2358.4184,2345.7950,2335.6875,2358.0971,2352.8620,2326.2281,2363.9343,2331.7209,2341.3839,2342.4709,2350.2259,2352.3482,2349.2939,2356.7069,2328.5645,2334.0985,2354.6042,2359.5877,2365.8876,2350.4172,2356.9300,2375.1138,2360.1056,2360.4606,2357.9660,2334.2586,2361.0794,2358.6434,2338.0063,2352.9603,2352.8000,2356.8686,2355.5098,2352.5092,2361.2717
RCR_TFLOPS_LIST 2216.8174,2413.4868,2487.6801,2508.3864,2515.2548,2535.3708,2508.7893,2522.0054,2516.6890,2520.0447,2528.7998,2525.9350,2522.3831,2514.2223,2525.5702,2518.9390,2536.7579,2514.6620,2511.5363,2513.7036,2516.9821,2536.0398,2536.4573,2534.5433,2514.4071,2509.7385,2533.3165,2511.5721,2532.0423,2524.4568,2526.6464,2524.2306,2521.0802,2525.9406,2514.2940,2528.8044,2503.3424,2533.6107,2509.0036,2538.0667
--- stderr (head) ---
W20260418 20:02:10.866020 139633962975232 agent.cpp:461] Attempt to enable hip visiblity for agent-2 which is not visible to HSA (ROCR)
[mxfp8_dispatch] crr_v2: shape=(M=4096,N=4096,K=4096) -> ADVISE-V2-RCR-8B-QO (R36C +5.83-7.05%)
[mxfp8_dispatch] crr_v2: shape=(M=4096,N=4096,K=4096) -> CRR-V2-EXACT-8WAVE-DEFAULT
[mxfp8_dispatch] rcr_v2: shape=(M=4096,N=4096,K=4096) -> RCR-V2-EXACT-8WAVE
Sat Apr 18 20:04:39 UTC 2026
