W20260419 19:30:31.995253 140053067341312 simple_timer.cpp:55] [rocprofv3] tool initialization ::     0.155582 sec
W20260419 19:30:31.995448 140053067341312 simple_timer.cpp:55] [rocprofv3] 'python3 test_python.py 4096 8192 28672' ::     0.000000 sec
=== FP8 GEMM Layout Benchmark (native layouts, no preshuffle): M=4096, N=8192, K=28672 ===
Warmup=3, iters=5, correctness=off
Layouts=rcr

--- RCR Layout: C = A @ B^T ---
W20260419 19:30:32.931271 140053067341312 tool.cpp:2420] HSA version 8.19.0 initialized (instance=0)
  Avg time: 0.8339 ms, TFLOPS: 2307.53

============================================================
Layout     Time (ms)    TFLOPS     % of RCR  
------------------------------------------------------------
RCR        0.8339       2307.53    100.00%   
============================================================

Results saved to fp8_layout_results_4096x8192x28672.json
W20260419 19:30:33.316327 140053067341312 simple_timer.cpp:55] [rocprofv3] 'python3 test_python.py 4096 8192 28672' ::     1.320879 sec
E20260419 19:30:33.401044 140053067341312 output_stream.cpp:111] Opened result file: /shared_nfs/kyle/test/Hipkittens2/analysis/fp8_gemm/mi350x/r54b_pmc_results/70B_Down_fp8_rcr_set1/pmc_1/pt-test-2-l7n7x-master-0/2562595_counter_collection.csv
E20260419 19:30:33.451759 140053067341312 output_stream.cpp:111] Opened result file: /shared_nfs/kyle/test/Hipkittens2/analysis/fp8_gemm/mi350x/r54b_pmc_results/70B_Down_fp8_rcr_set1/pmc_1/pt-test-2-l7n7x-master-0/2562595_agent_info.csv
W20260419 19:30:33.455156 140053067341312 simple_timer.cpp:55] [rocprofv3] output generation ::     0.137549 sec
W20260419 19:30:33.455608 140053067341312 simple_timer.cpp:55] [rocprofv3] tool finalization ::     0.138009 sec
W20260419 19:30:34.140176 140698046963200 simple_timer.cpp:55] [rocprofv3] tool initialization ::     0.146489 sec
W20260419 19:30:34.140397 140698046963200 simple_timer.cpp:55] [rocprofv3] 'python3 test_python.py 4096 8192 28672' ::     0.000000 sec
=== FP8 GEMM Layout Benchmark (native layouts, no preshuffle): M=4096, N=8192, K=28672 ===
Warmup=3, iters=5, correctness=off
Layouts=rcr

--- RCR Layout: C = A @ B^T ---
W20260419 19:30:35.069571 140698046963200 tool.cpp:2420] HSA version 8.19.0 initialized (instance=0)
  Avg time: 0.8200 ms, TFLOPS: 2346.48

============================================================
Layout     Time (ms)    TFLOPS     % of RCR  
------------------------------------------------------------
RCR        0.8200       2346.48    100.00%   
============================================================

Results saved to fp8_layout_results_4096x8192x28672.json
W20260419 19:30:35.508371 140698046963200 simple_timer.cpp:55] [rocprofv3] 'python3 test_python.py 4096 8192 28672' ::     1.367975 sec
E20260419 19:30:35.590058 140698046963200 output_stream.cpp:111] Opened result file: /shared_nfs/kyle/test/Hipkittens2/analysis/fp8_gemm/mi350x/r54b_pmc_results/70B_Down_fp8_rcr_set1/pmc_2/pt-test-2-l7n7x-master-0/2562676_counter_collection.csv
E20260419 19:30:35.626412 140698046963200 output_stream.cpp:111] Opened result file: /shared_nfs/kyle/test/Hipkittens2/analysis/fp8_gemm/mi350x/r54b_pmc_results/70B_Down_fp8_rcr_set1/pmc_2/pt-test-2-l7n7x-master-0/2562676_agent_info.csv
W20260419 19:30:35.630604 140698046963200 simple_timer.cpp:55] [rocprofv3] output generation ::     0.120967 sec
W20260419 19:30:35.631132 140698046963200 simple_timer.cpp:55] [rocprofv3] tool finalization ::     0.121502 sec
W20260419 19:30:36.349840 139944912231936 simple_timer.cpp:55] [rocprofv3] tool initialization ::     0.155776 sec
W20260419 19:30:36.350042 139944912231936 simple_timer.cpp:55] [rocprofv3] 'python3 test_python.py 4096 8192 28672' ::     0.000000 sec
=== FP8 GEMM Layout Benchmark (native layouts, no preshuffle): M=4096, N=8192, K=28672 ===
Warmup=3, iters=5, correctness=off
Layouts=rcr

--- RCR Layout: C = A @ B^T ---
W20260419 19:30:37.309665 139944912231936 tool.cpp:2420] HSA version 8.19.0 initialized (instance=0)
  Avg time: 1.0211 ms, TFLOPS: 1884.42

============================================================
Layout     Time (ms)    TFLOPS     % of RCR  
------------------------------------------------------------
RCR        1.0211       1884.42    100.00%   
============================================================

Results saved to fp8_layout_results_4096x8192x28672.json
W20260419 19:30:37.718107 139944912231936 simple_timer.cpp:55] [rocprofv3] 'python3 test_python.py 4096 8192 28672' ::     1.368065 sec
E20260419 19:30:37.808943 139944912231936 output_stream.cpp:111] Opened result file: /shared_nfs/kyle/test/Hipkittens2/analysis/fp8_gemm/mi350x/r54b_pmc_results/70B_Down_fp8_rcr_set1/pmc_3/pt-test-2-l7n7x-master-0/2562819_counter_collection.csv
E20260419 19:30:37.848375 139944912231936 output_stream.cpp:111] Opened result file: /shared_nfs/kyle/test/Hipkittens2/analysis/fp8_gemm/mi350x/r54b_pmc_results/70B_Down_fp8_rcr_set1/pmc_3/pt-test-2-l7n7x-master-0/2562819_agent_info.csv
W20260419 19:30:37.851479 139944912231936 simple_timer.cpp:55] [rocprofv3] output generation ::     0.132027 sec
W20260419 19:30:37.851929 139944912231936 simple_timer.cpp:55] [rocprofv3] tool finalization ::     0.132486 sec
W20260419 19:30:38.546968 139726580645376 simple_timer.cpp:55] [rocprofv3] tool initialization ::     0.142728 sec
W20260419 19:30:38.547195 139726580645376 simple_timer.cpp:55] [rocprofv3] 'python3 test_python.py 4096 8192 28672' ::     0.000000 sec
=== FP8 GEMM Layout Benchmark (native layouts, no preshuffle): M=4096, N=8192, K=28672 ===
Warmup=3, iters=5, correctness=off
Layouts=rcr

--- RCR Layout: C = A @ B^T ---
W20260419 19:30:39.455137 139726580645376 tool.cpp:2420] HSA version 8.19.0 initialized (instance=0)
  Avg time: 0.8363 ms, TFLOPS: 2300.91

============================================================
Layout     Time (ms)    TFLOPS     % of RCR  
------------------------------------------------------------
RCR        0.8363       2300.91    100.00%   
============================================================

Results saved to fp8_layout_results_4096x8192x28672.json
W20260419 19:30:39.850723 139726580645376 simple_timer.cpp:55] [rocprofv3] 'python3 test_python.py 4096 8192 28672' ::     1.303529 sec
E20260419 19:30:39.949701 139726580645376 output_stream.cpp:111] Opened result file: /shared_nfs/kyle/test/Hipkittens2/analysis/fp8_gemm/mi350x/r54b_pmc_results/70B_Down_fp8_rcr_set1/pmc_4/pt-test-2-l7n7x-master-0/2562915_counter_collection.csv
E20260419 19:30:40.000985 139726580645376 output_stream.cpp:111] Opened result file: /shared_nfs/kyle/test/Hipkittens2/analysis/fp8_gemm/mi350x/r54b_pmc_results/70B_Down_fp8_rcr_set1/pmc_4/pt-test-2-l7n7x-master-0/2562915_agent_info.csv
W20260419 19:30:40.004083 139726580645376 simple_timer.cpp:55] [rocprofv3] output generation ::     0.152120 sec
W20260419 19:30:40.004571 139726580645376 simple_timer.cpp:55] [rocprofv3] tool finalization ::     0.152615 sec
W20260419 19:30:40.693608 139971720904192 simple_timer.cpp:55] [rocprofv3] tool initialization ::     0.144078 sec
W20260419 19:30:40.693811 139971720904192 simple_timer.cpp:55] [rocprofv3] 'python3 test_python.py 4096 8192 28672' ::     0.000000 sec
=== FP8 GEMM Layout Benchmark (native layouts, no preshuffle): M=4096, N=8192, K=28672 ===
Warmup=3, iters=5, correctness=off
Layouts=rcr

--- RCR Layout: C = A @ B^T ---
W20260419 19:30:41.618239 139971720904192 tool.cpp:2420] HSA version 8.19.0 initialized (instance=0)
W20260419 19:30:41.912564 139971720904192 tool.cpp:1189] Unable to find all counters for agent 2 (gpu-0, gfx950) in [ALUStalledByLDS, FetchSize, L2CacheHit, LDSBankConflict, MemUnitBusy, MemUnitStalled, MfmaUtil, VALUBusy]. Found: [FetchSize, LDSBankConflict, MemUnitStalled, MfmaUtil, VALUBusy]. Missing: [ALUStalledByLDS, L2CacheHit, MemUnitBusy]
W20260419 19:30:41.912721 139971720904192 tool.cpp:1189] Unable to find all counters for agent 3 (gpu-1, gfx950) in [ALUStalledByLDS, FetchSize, L2CacheHit, LDSBankConflict, MemUnitBusy, MemUnitStalled, MfmaUtil, VALUBusy]. Found: [FetchSize, LDSBankConflict, MemUnitStalled, MfmaUtil, VALUBusy]. Missing: [ALUStalledByLDS, L2CacheHit, MemUnitBusy]
W20260419 19:30:41.914064 139971720904192 tool.cpp:1189] Unable to find all counters for agent 4 (gpu-2, gfx950) in [ALUStalledByLDS, FetchSize, L2CacheHit, LDSBankConflict, MemUnitBusy, MemUnitStalled, MfmaUtil, VALUBusy]. Found: [FetchSize, LDSBankConflict, MemUnitStalled, MfmaUtil, VALUBusy]. Missing: [ALUStalledByLDS, L2CacheHit, MemUnitBusy]
W20260419 19:30:41.915345 139971720904192 tool.cpp:1189] Unable to find all counters for agent 5 (gpu-3, gfx950) in [ALUStalledByLDS, FetchSize, L2CacheHit, LDSBankConflict, MemUnitBusy, MemUnitStalled, MfmaUtil, VALUBusy]. Found: [FetchSize, LDSBankConflict, MemUnitStalled, MfmaUtil, VALUBusy]. Missing: [ALUStalledByLDS, L2CacheHit, MemUnitBusy]
W20260419 19:30:41.916388 139971720904192 tool.cpp:1189] Unable to find all counters for agent 6 (gpu-4, gfx950) in [ALUStalledByLDS, FetchSize, L2CacheHit, LDSBankConflict, MemUnitBusy, MemUnitStalled, MfmaUtil, VALUBusy]. Found: [FetchSize, LDSBankConflict, MemUnitStalled, MfmaUtil, VALUBusy]. Missing: [ALUStalledByLDS, L2CacheHit, MemUnitBusy]
W20260419 19:30:41.916423 139971720904192 tool.cpp:1189] Unable to find all counters for agent 7 (gpu-5, gfx950) in [ALUStalledByLDS, FetchSize, L2CacheHit, LDSBankConflict, MemUnitBusy, MemUnitStalled, MfmaUtil, VALUBusy]. Found: [FetchSize, LDSBankConflict, MemUnitStalled, MfmaUtil, VALUBusy]. Missing: [ALUStalledByLDS, L2CacheHit, MemUnitBusy]
W20260419 19:30:41.917491 139971720904192 tool.cpp:1189] Unable to find all counters for agent 8 (gpu-6, gfx950) in [ALUStalledByLDS, FetchSize, L2CacheHit, LDSBankConflict, MemUnitBusy, MemUnitStalled, MfmaUtil, VALUBusy]. Found: [FetchSize, LDSBankConflict, MemUnitStalled, MfmaUtil, VALUBusy]. Missing: [ALUStalledByLDS, L2CacheHit, MemUnitBusy]
W20260419 19:30:41.918461 139971720904192 tool.cpp:1189] Unable to find all counters for agent 9 (gpu-7, gfx950) in [ALUStalledByLDS, FetchSize, L2CacheHit, LDSBankConflict, MemUnitBusy, MemUnitStalled, MfmaUtil, VALUBusy]. Found: [FetchSize, LDSBankConflict, MemUnitStalled, MfmaUtil, VALUBusy]. Missing: [ALUStalledByLDS, L2CacheHit, MemUnitBusy]
  Avg time: 0.9420 ms, TFLOPS: 2042.67

============================================================
Layout     Time (ms)    TFLOPS     % of RCR  
------------------------------------------------------------
RCR        0.9420       2042.67    100.00%   
============================================================

Results saved to fp8_layout_results_4096x8192x28672.json
W20260419 19:30:42.094837 139971720904192 simple_timer.cpp:55] [rocprofv3] 'python3 test_python.py 4096 8192 28672' ::     1.401027 sec
E20260419 19:30:42.188637 139971720904192 output_stream.cpp:111] Opened result file: /shared_nfs/kyle/test/Hipkittens2/analysis/fp8_gemm/mi350x/r54b_pmc_results/70B_Down_fp8_rcr_set1/pmc_5/pt-test-2-l7n7x-master-0/2562991_counter_collection.csv
E20260419 19:30:42.231415 139971720904192 output_stream.cpp:111] Opened result file: /shared_nfs/kyle/test/Hipkittens2/analysis/fp8_gemm/mi350x/r54b_pmc_results/70B_Down_fp8_rcr_set1/pmc_5/pt-test-2-l7n7x-master-0/2562991_agent_info.csv
W20260419 19:30:42.235723 139971720904192 simple_timer.cpp:55] [rocprofv3] output generation ::     0.139467 sec
W20260419 19:30:42.236213 139971720904192 simple_timer.cpp:55] [rocprofv3] tool finalization ::     0.139964 sec
