W20260419 17:42:00.379750 140322942529024 simple_timer.cpp:55] [rocprofv3] tool initialization ::     0.141669 sec
W20260419 17:42:00.379961 140322942529024 simple_timer.cpp:55] [rocprofv3] 'python3 test_python.py 4096 8192 8192' ::     0.000000 sec
=== FP8 GEMM Layout Benchmark (native layouts, no preshuffle): M=4096, N=8192, K=8192 ===
Warmup=3, iters=5, correctness=off
Layouts=rrr

--- RRR Layout: C = A @ B ---
W20260419 17:42:01.272640 140322942529024 tool.cpp:2420] HSA version 8.19.0 initialized (instance=0)
  Avg time: 0.3392 ms, TFLOPS: 1620.84

============================================================
Layout     Time (ms)    TFLOPS     % of RCR  
------------------------------------------------------------
RRR        0.3392       1620.84    0.00%
============================================================

95% target: NOT MET
  RRR: 0.00% of RCR

Results saved to fp8_layout_results_4096x8192x8192.json
W20260419 17:42:01.669061 140322942529024 simple_timer.cpp:55] [rocprofv3] 'python3 test_python.py 4096 8192 8192' ::     1.289100 sec
E20260419 17:42:01.759561 140322942529024 output_stream.cpp:111] Opened result file: r53c_pmc_results/fp8_QO_rrr_set1/pmc_1/pt-test-2-l7n7x-master-0/2437633_counter_collection.csv
E20260419 17:42:01.796933 140322942529024 output_stream.cpp:111] Opened result file: r53c_pmc_results/fp8_QO_rrr_set1/pmc_1/pt-test-2-l7n7x-master-0/2437633_agent_info.csv
W20260419 17:42:01.799667 140322942529024 simple_timer.cpp:55] [rocprofv3] output generation ::     0.128782 sec
W20260419 17:42:01.800265 140322942529024 simple_timer.cpp:55] [rocprofv3] tool finalization ::     0.129385 sec
W20260419 17:42:02.456770 139766233751040 simple_timer.cpp:55] [rocprofv3] tool initialization ::     0.158067 sec
W20260419 17:42:02.456989 139766233751040 simple_timer.cpp:55] [rocprofv3] 'python3 test_python.py 4096 8192 8192' ::     0.000000 sec
=== FP8 GEMM Layout Benchmark (native layouts, no preshuffle): M=4096, N=8192, K=8192 ===
Warmup=3, iters=5, correctness=off
Layouts=rrr

--- RRR Layout: C = A @ B ---
W20260419 17:42:03.420488 139766233751040 tool.cpp:2420] HSA version 8.19.0 initialized (instance=0)
  Avg time: 0.3023 ms, TFLOPS: 1818.63

============================================================
Layout     Time (ms)    TFLOPS     % of RCR  
------------------------------------------------------------
RRR        0.3023       1818.63    0.00%
============================================================

95% target: NOT MET
  RRR: 0.00% of RCR

Results saved to fp8_layout_results_4096x8192x8192.json
W20260419 17:42:03.843613 139766233751040 simple_timer.cpp:55] [rocprofv3] 'python3 test_python.py 4096 8192 8192' ::     1.386624 sec
E20260419 17:42:03.916068 139766233751040 output_stream.cpp:111] Opened result file: r53c_pmc_results/fp8_QO_rrr_set1/pmc_2/pt-test-2-l7n7x-master-0/2437774_counter_collection.csv
E20260419 17:42:03.951068 139766233751040 output_stream.cpp:111] Opened result file: r53c_pmc_results/fp8_QO_rrr_set1/pmc_2/pt-test-2-l7n7x-master-0/2437774_agent_info.csv
W20260419 17:42:03.953991 139766233751040 simple_timer.cpp:55] [rocprofv3] output generation ::     0.108956 sec
W20260419 17:42:03.954480 139766233751040 simple_timer.cpp:55] [rocprofv3] tool finalization ::     0.109452 sec
W20260419 17:42:04.645262 140226329316864 simple_timer.cpp:55] [rocprofv3] tool initialization ::     0.141120 sec
W20260419 17:42:04.645485 140226329316864 simple_timer.cpp:55] [rocprofv3] 'python3 test_python.py 4096 8192 8192' ::     0.000000 sec
=== FP8 GEMM Layout Benchmark (native layouts, no preshuffle): M=4096, N=8192, K=8192 ===
Warmup=3, iters=5, correctness=off
Layouts=rrr

--- RRR Layout: C = A @ B ---
W20260419 17:42:05.653426 140226329316864 tool.cpp:2420] HSA version 8.19.0 initialized (instance=0)
  Avg time: 0.3455 ms, TFLOPS: 1591.20

============================================================
Layout     Time (ms)    TFLOPS     % of RCR  
------------------------------------------------------------
RRR        0.3455       1591.20    0.00%
============================================================

95% target: NOT MET
  RRR: 0.00% of RCR

Results saved to fp8_layout_results_4096x8192x8192.json
W20260419 17:42:06.022302 140226329316864 simple_timer.cpp:55] [rocprofv3] 'python3 test_python.py 4096 8192 8192' ::     1.376817 sec
E20260419 17:42:06.111451 140226329316864 output_stream.cpp:111] Opened result file: r53c_pmc_results/fp8_QO_rrr_set1/pmc_3/pt-test-2-l7n7x-master-0/2437944_counter_collection.csv
E20260419 17:42:06.149105 140226329316864 output_stream.cpp:111] Opened result file: r53c_pmc_results/fp8_QO_rrr_set1/pmc_3/pt-test-2-l7n7x-master-0/2437944_agent_info.csv
W20260419 17:42:06.152319 140226329316864 simple_timer.cpp:55] [rocprofv3] output generation ::     0.128627 sec
W20260419 17:42:06.152800 140226329316864 simple_timer.cpp:55] [rocprofv3] tool finalization ::     0.129113 sec
W20260419 17:42:06.746569 140420246461952 simple_timer.cpp:55] [rocprofv3] tool initialization ::     0.162951 sec
W20260419 17:42:06.746834 140420246461952 simple_timer.cpp:55] [rocprofv3] 'python3 test_python.py 4096 8192 8192' ::     0.000000 sec
=== FP8 GEMM Layout Benchmark (native layouts, no preshuffle): M=4096, N=8192, K=8192 ===
Warmup=3, iters=5, correctness=off
Layouts=rrr

--- RRR Layout: C = A @ B ---
W20260419 17:42:07.685833 140420246461952 tool.cpp:2420] HSA version 8.19.0 initialized (instance=0)
  Avg time: 0.4070 ms, TFLOPS: 1350.79

============================================================
Layout     Time (ms)    TFLOPS     % of RCR  
------------------------------------------------------------
RRR        0.4070       1350.79    0.00%
============================================================

95% target: NOT MET
  RRR: 0.00% of RCR

Results saved to fp8_layout_results_4096x8192x8192.json
W20260419 17:42:08.182833 140420246461952 simple_timer.cpp:55] [rocprofv3] 'python3 test_python.py 4096 8192 8192' ::     1.436000 sec
E20260419 17:42:08.267668 140420246461952 output_stream.cpp:111] Opened result file: r53c_pmc_results/fp8_QO_rrr_set1/pmc_4/pt-test-2-l7n7x-master-0/2438176_counter_collection.csv
E20260419 17:42:08.306324 140420246461952 output_stream.cpp:111] Opened result file: r53c_pmc_results/fp8_QO_rrr_set1/pmc_4/pt-test-2-l7n7x-master-0/2438176_agent_info.csv
W20260419 17:42:08.310056 140420246461952 simple_timer.cpp:55] [rocprofv3] output generation ::     0.125934 sec
W20260419 17:42:08.310511 140420246461952 simple_timer.cpp:55] [rocprofv3] tool finalization ::     0.126396 sec
W20260419 17:42:08.991244 140630106676736 simple_timer.cpp:55] [rocprofv3] tool initialization ::     0.141008 sec
W20260419 17:42:08.991465 140630106676736 simple_timer.cpp:55] [rocprofv3] 'python3 test_python.py 4096 8192 8192' ::     0.000000 sec
=== FP8 GEMM Layout Benchmark (native layouts, no preshuffle): M=4096, N=8192, K=8192 ===
Warmup=3, iters=5, correctness=off
Layouts=rrr

--- RRR Layout: C = A @ B ---
W20260419 17:42:09.955481 140630106676736 tool.cpp:2420] HSA version 8.19.0 initialized (instance=0)
W20260419 17:42:10.127066 140630106676736 tool.cpp:1189] Unable to find all counters for agent 2 (gpu-0, gfx950) in [ALUStalledByLDS, FetchSize, L2CacheHit, LDSBankConflict, MemUnitBusy, MemUnitStalled, MfmaUtil, VALUBusy]. Found: [FetchSize, LDSBankConflict, MemUnitStalled, MfmaUtil, VALUBusy]. Missing: [ALUStalledByLDS, L2CacheHit, MemUnitBusy]
W20260419 17:42:10.127230 140630106676736 tool.cpp:1189] Unable to find all counters for agent 3 (gpu-1, gfx950) in [ALUStalledByLDS, FetchSize, L2CacheHit, LDSBankConflict, MemUnitBusy, MemUnitStalled, MfmaUtil, VALUBusy]. Found: [FetchSize, LDSBankConflict, MemUnitStalled, MfmaUtil, VALUBusy]. Missing: [ALUStalledByLDS, L2CacheHit, MemUnitBusy]
W20260419 17:42:10.128537 140630106676736 tool.cpp:1189] Unable to find all counters for agent 4 (gpu-2, gfx950) in [ALUStalledByLDS, FetchSize, L2CacheHit, LDSBankConflict, MemUnitBusy, MemUnitStalled, MfmaUtil, VALUBusy]. Found: [FetchSize, LDSBankConflict, MemUnitStalled, MfmaUtil, VALUBusy]. Missing: [ALUStalledByLDS, L2CacheHit, MemUnitBusy]
W20260419 17:42:10.129623 140630106676736 tool.cpp:1189] Unable to find all counters for agent 5 (gpu-3, gfx950) in [ALUStalledByLDS, FetchSize, L2CacheHit, LDSBankConflict, MemUnitBusy, MemUnitStalled, MfmaUtil, VALUBusy]. Found: [FetchSize, LDSBankConflict, MemUnitStalled, MfmaUtil, VALUBusy]. Missing: [ALUStalledByLDS, L2CacheHit, MemUnitBusy]
W20260419 17:42:10.130688 140630106676736 tool.cpp:1189] Unable to find all counters for agent 6 (gpu-4, gfx950) in [ALUStalledByLDS, FetchSize, L2CacheHit, LDSBankConflict, MemUnitBusy, MemUnitStalled, MfmaUtil, VALUBusy]. Found: [FetchSize, LDSBankConflict, MemUnitStalled, MfmaUtil, VALUBusy]. Missing: [ALUStalledByLDS, L2CacheHit, MemUnitBusy]
W20260419 17:42:10.131911 140630106676736 tool.cpp:1189] Unable to find all counters for agent 7 (gpu-5, gfx950) in [ALUStalledByLDS, FetchSize, L2CacheHit, LDSBankConflict, MemUnitBusy, MemUnitStalled, MfmaUtil, VALUBusy]. Found: [FetchSize, LDSBankConflict, MemUnitStalled, MfmaUtil, VALUBusy]. Missing: [ALUStalledByLDS, L2CacheHit, MemUnitBusy]
W20260419 17:42:10.132850 140630106676736 tool.cpp:1189] Unable to find all counters for agent 8 (gpu-6, gfx950) in [ALUStalledByLDS, FetchSize, L2CacheHit, LDSBankConflict, MemUnitBusy, MemUnitStalled, MfmaUtil, VALUBusy]. Found: [FetchSize, LDSBankConflict, MemUnitStalled, MfmaUtil, VALUBusy]. Missing: [ALUStalledByLDS, L2CacheHit, MemUnitBusy]
W20260419 17:42:10.133940 140630106676736 tool.cpp:1189] Unable to find all counters for agent 9 (gpu-7, gfx950) in [ALUStalledByLDS, FetchSize, L2CacheHit, LDSBankConflict, MemUnitBusy, MemUnitStalled, MfmaUtil, VALUBusy]. Found: [FetchSize, LDSBankConflict, MemUnitStalled, MfmaUtil, VALUBusy]. Missing: [ALUStalledByLDS, L2CacheHit, MemUnitBusy]
  Avg time: 0.4028 ms, TFLOPS: 1364.74

============================================================
Layout     Time (ms)    TFLOPS     % of RCR  
------------------------------------------------------------
RRR        0.4028       1364.74    0.00%
============================================================

95% target: NOT MET
  RRR: 0.00% of RCR

Results saved to fp8_layout_results_4096x8192x8192.json
W20260419 17:42:10.317802 140630106676736 simple_timer.cpp:55] [rocprofv3] 'python3 test_python.py 4096 8192 8192' ::     1.326338 sec
E20260419 17:42:10.399921 140630106676736 output_stream.cpp:111] Opened result file: r53c_pmc_results/fp8_QO_rrr_set1/pmc_5/pt-test-2-l7n7x-master-0/2438391_counter_collection.csv
E20260419 17:42:10.438032 140630106676736 output_stream.cpp:111] Opened result file: r53c_pmc_results/fp8_QO_rrr_set1/pmc_5/pt-test-2-l7n7x-master-0/2438391_agent_info.csv
W20260419 17:42:10.441211 140630106676736 simple_timer.cpp:55] [rocprofv3] output generation ::     0.122129 sec
W20260419 17:42:10.441666 140630106676736 simple_timer.cpp:55] [rocprofv3] tool finalization ::     0.122592 sec
