W20260419 17:38:21.346279 139763544403456 simple_timer.cpp:55] [rocprofv3] tool initialization ::     0.142745 sec
W20260419 17:38:21.346511 139763544403456 simple_timer.cpp:55] [rocprofv3] 'python3 test_mxfp8_python.py 4096 8192 8192' ::     0.000000 sec
=== MXFP8 GEMM Layout Benchmark (preshuffle-quant): M=4096, N=8192, K=8192 ===
Warmup=3, iters=5, correctness=off
Layouts=rrr

--- RRR Layout: C = A @ B ---
W20260419 17:38:22.301576 139763544403456 tool.cpp:2420] HSA version 8.19.0 initialized (instance=0)
  Avg time: 0.3169 ms, TFLOPS: 1735.06

Results saved to mxfp8_layout_results_4096x8192x8192_pq.json
W20260419 17:38:23.169349 139763544403456 simple_timer.cpp:55] [rocprofv3] 'python3 test_mxfp8_python.py 4096 8192 8192' ::     1.822838 sec
E20260419 17:38:23.266779 139763544403456 output_stream.cpp:111] Opened result file: r53c_pmc_results/QO_rrr_set1/pmc_1/pt-test-2-l7n7x-master-0/2431126_counter_collection.csv
E20260419 17:38:23.325523 139763544403456 output_stream.cpp:111] Opened result file: r53c_pmc_results/QO_rrr_set1/pmc_1/pt-test-2-l7n7x-master-0/2431126_agent_info.csv
W20260419 17:38:23.328591 139763544403456 simple_timer.cpp:55] [rocprofv3] output generation ::     0.145778 sec
W20260419 17:38:23.330245 139763544403456 simple_timer.cpp:55] [rocprofv3] tool finalization ::     0.147440 sec
W20260419 17:38:23.992672 140201916591616 simple_timer.cpp:55] [rocprofv3] tool initialization ::     0.140899 sec
W20260419 17:38:23.992918 140201916591616 simple_timer.cpp:55] [rocprofv3] 'python3 test_mxfp8_python.py 4096 8192 8192' ::     0.000000 sec
=== MXFP8 GEMM Layout Benchmark (preshuffle-quant): M=4096, N=8192, K=8192 ===
Warmup=3, iters=5, correctness=off
Layouts=rrr

--- RRR Layout: C = A @ B ---
W20260419 17:38:24.934269 140201916591616 tool.cpp:2420] HSA version 8.19.0 initialized (instance=0)
  Avg time: 0.3014 ms, TFLOPS: 1824.09

Results saved to mxfp8_layout_results_4096x8192x8192_pq.json
W20260419 17:38:25.664857 140201916591616 simple_timer.cpp:55] [rocprofv3] 'python3 test_mxfp8_python.py 4096 8192 8192' ::     1.671939 sec
E20260419 17:38:25.755779 140201916591616 output_stream.cpp:111] Opened result file: r53c_pmc_results/QO_rrr_set1/pmc_2/pt-test-2-l7n7x-master-0/2431271_counter_collection.csv
E20260419 17:38:25.810425 140201916591616 output_stream.cpp:111] Opened result file: r53c_pmc_results/QO_rrr_set1/pmc_2/pt-test-2-l7n7x-master-0/2431271_agent_info.csv
W20260419 17:38:25.813476 140201916591616 simple_timer.cpp:55] [rocprofv3] output generation ::     0.135014 sec
W20260419 17:38:25.815027 140201916591616 simple_timer.cpp:55] [rocprofv3] tool finalization ::     0.136572 sec
W20260419 17:38:26.471585 140134614695424 simple_timer.cpp:55] [rocprofv3] tool initialization ::     0.141408 sec
W20260419 17:38:26.471797 140134614695424 simple_timer.cpp:55] [rocprofv3] 'python3 test_mxfp8_python.py 4096 8192 8192' ::     0.000000 sec
=== MXFP8 GEMM Layout Benchmark (preshuffle-quant): M=4096, N=8192, K=8192 ===
Warmup=3, iters=5, correctness=off
Layouts=rrr

--- RRR Layout: C = A @ B ---
W20260419 17:38:27.394720 140134614695424 tool.cpp:2420] HSA version 8.19.0 initialized (instance=0)
  Avg time: 0.5873 ms, TFLOPS: 936.02

Results saved to mxfp8_layout_results_4096x8192x8192_pq.json
W20260419 17:38:28.200843 140134614695424 simple_timer.cpp:55] [rocprofv3] 'python3 test_mxfp8_python.py 4096 8192 8192' ::     1.729046 sec
E20260419 17:38:28.297396 140134614695424 output_stream.cpp:111] Opened result file: r53c_pmc_results/QO_rrr_set1/pmc_3/pt-test-2-l7n7x-master-0/2431350_counter_collection.csv
E20260419 17:38:28.338954 140134614695424 output_stream.cpp:111] Opened result file: r53c_pmc_results/QO_rrr_set1/pmc_3/pt-test-2-l7n7x-master-0/2431350_agent_info.csv
W20260419 17:38:28.342237 140134614695424 simple_timer.cpp:55] [rocprofv3] output generation ::     0.128326 sec
W20260419 17:38:28.343800 140134614695424 simple_timer.cpp:55] [rocprofv3] tool finalization ::     0.129896 sec
W20260419 17:38:28.996406 140496473591296 simple_timer.cpp:55] [rocprofv3] tool initialization ::     0.141984 sec
W20260419 17:38:28.996645 140496473591296 simple_timer.cpp:55] [rocprofv3] 'python3 test_mxfp8_python.py 4096 8192 8192' ::     0.000000 sec
=== MXFP8 GEMM Layout Benchmark (preshuffle-quant): M=4096, N=8192, K=8192 ===
Warmup=3, iters=5, correctness=off
Layouts=rrr

--- RRR Layout: C = A @ B ---
W20260419 17:38:29.900715 140496473591296 tool.cpp:2420] HSA version 8.19.0 initialized (instance=0)
  Avg time: 0.3831 ms, TFLOPS: 1434.90

Results saved to mxfp8_layout_results_4096x8192x8192_pq.json
W20260419 17:38:30.668826 140496473591296 simple_timer.cpp:55] [rocprofv3] 'python3 test_mxfp8_python.py 4096 8192 8192' ::     1.672181 sec
E20260419 17:38:30.769347 140496473591296 output_stream.cpp:111] Opened result file: r53c_pmc_results/QO_rrr_set1/pmc_4/pt-test-2-l7n7x-master-0/2431422_counter_collection.csv
E20260419 17:38:30.838003 140496473591296 output_stream.cpp:111] Opened result file: r53c_pmc_results/QO_rrr_set1/pmc_4/pt-test-2-l7n7x-master-0/2431422_agent_info.csv
W20260419 17:38:30.841173 140496473591296 simple_timer.cpp:55] [rocprofv3] output generation ::     0.159161 sec
W20260419 17:38:30.842869 140496473591296 simple_timer.cpp:55] [rocprofv3] tool finalization ::     0.160864 sec
W20260419 17:38:31.500135 140663516462592 simple_timer.cpp:55] [rocprofv3] tool initialization ::     0.141214 sec
W20260419 17:38:31.500371 140663516462592 simple_timer.cpp:55] [rocprofv3] 'python3 test_mxfp8_python.py 4096 8192 8192' ::     0.000000 sec
=== MXFP8 GEMM Layout Benchmark (preshuffle-quant): M=4096, N=8192, K=8192 ===
Warmup=3, iters=5, correctness=off
Layouts=rrr

--- RRR Layout: C = A @ B ---
W20260419 17:38:32.408047 140663516462592 tool.cpp:2420] HSA version 8.19.0 initialized (instance=0)
W20260419 17:38:32.671706 140663516462592 tool.cpp:1189] Unable to find all counters for agent 2 (gpu-0, gfx950) in [ALUStalledByLDS, FetchSize, L2CacheHit, LDSBankConflict, MemUnitBusy, MemUnitStalled, MfmaUtil, VALUBusy]. Found: [FetchSize, LDSBankConflict, MemUnitStalled, MfmaUtil, VALUBusy]. Missing: [ALUStalledByLDS, L2CacheHit, MemUnitBusy]
W20260419 17:38:32.671839 140663516462592 tool.cpp:1189] Unable to find all counters for agent 3 (gpu-1, gfx950) in [ALUStalledByLDS, FetchSize, L2CacheHit, LDSBankConflict, MemUnitBusy, MemUnitStalled, MfmaUtil, VALUBusy]. Found: [FetchSize, LDSBankConflict, MemUnitStalled, MfmaUtil, VALUBusy]. Missing: [ALUStalledByLDS, L2CacheHit, MemUnitBusy]
W20260419 17:38:32.673230 140663516462592 tool.cpp:1189] Unable to find all counters for agent 4 (gpu-2, gfx950) in [ALUStalledByLDS, FetchSize, L2CacheHit, LDSBankConflict, MemUnitBusy, MemUnitStalled, MfmaUtil, VALUBusy]. Found: [FetchSize, LDSBankConflict, MemUnitStalled, MfmaUtil, VALUBusy]. Missing: [ALUStalledByLDS, L2CacheHit, MemUnitBusy]
W20260419 17:38:32.674425 140663516462592 tool.cpp:1189] Unable to find all counters for agent 5 (gpu-3, gfx950) in [ALUStalledByLDS, FetchSize, L2CacheHit, LDSBankConflict, MemUnitBusy, MemUnitStalled, MfmaUtil, VALUBusy]. Found: [FetchSize, LDSBankConflict, MemUnitStalled, MfmaUtil, VALUBusy]. Missing: [ALUStalledByLDS, L2CacheHit, MemUnitBusy]
W20260419 17:38:32.674458 140663516462592 tool.cpp:1189] Unable to find all counters for agent 6 (gpu-4, gfx950) in [ALUStalledByLDS, FetchSize, L2CacheHit, LDSBankConflict, MemUnitBusy, MemUnitStalled, MfmaUtil, VALUBusy]. Found: [FetchSize, LDSBankConflict, MemUnitStalled, MfmaUtil, VALUBusy]. Missing: [ALUStalledByLDS, L2CacheHit, MemUnitBusy]
W20260419 17:38:32.675559 140663516462592 tool.cpp:1189] Unable to find all counters for agent 7 (gpu-5, gfx950) in [ALUStalledByLDS, FetchSize, L2CacheHit, LDSBankConflict, MemUnitBusy, MemUnitStalled, MfmaUtil, VALUBusy]. Found: [FetchSize, LDSBankConflict, MemUnitStalled, MfmaUtil, VALUBusy]. Missing: [ALUStalledByLDS, L2CacheHit, MemUnitBusy]
W20260419 17:38:32.676615 140663516462592 tool.cpp:1189] Unable to find all counters for agent 8 (gpu-6, gfx950) in [ALUStalledByLDS, FetchSize, L2CacheHit, LDSBankConflict, MemUnitBusy, MemUnitStalled, MfmaUtil, VALUBusy]. Found: [FetchSize, LDSBankConflict, MemUnitStalled, MfmaUtil, VALUBusy]. Missing: [ALUStalledByLDS, L2CacheHit, MemUnitBusy]
W20260419 17:38:32.677688 140663516462592 tool.cpp:1189] Unable to find all counters for agent 9 (gpu-7, gfx950) in [ALUStalledByLDS, FetchSize, L2CacheHit, LDSBankConflict, MemUnitBusy, MemUnitStalled, MfmaUtil, VALUBusy]. Found: [FetchSize, LDSBankConflict, MemUnitStalled, MfmaUtil, VALUBusy]. Missing: [ALUStalledByLDS, L2CacheHit, MemUnitBusy]
  Avg time: 0.5006 ms, TFLOPS: 1098.11

Results saved to mxfp8_layout_results_4096x8192x8192_pq.json
W20260419 17:38:33.216811 140663516462592 simple_timer.cpp:55] [rocprofv3] 'python3 test_mxfp8_python.py 4096 8192 8192' ::     1.716441 sec
E20260419 17:38:33.317466 140663516462592 output_stream.cpp:111] Opened result file: r53c_pmc_results/QO_rrr_set1/pmc_5/pt-test-2-l7n7x-master-0/2431496_counter_collection.csv
E20260419 17:38:33.359735 140663516462592 output_stream.cpp:111] Opened result file: r53c_pmc_results/QO_rrr_set1/pmc_5/pt-test-2-l7n7x-master-0/2431496_agent_info.csv
W20260419 17:38:33.362820 140663516462592 simple_timer.cpp:55] [rocprofv3] output generation ::     0.132656 sec
W20260419 17:38:33.364266 140663516462592 simple_timer.cpp:55] [rocprofv3] tool finalization ::     0.134109 sec
