W20260420 02:04:38.950716 140326205816320 simple_timer.cpp:55] [rocprofv3] tool initialization ::     0.143498 sec
W20260420 02:04:38.950962 140326205816320 simple_timer.cpp:55] [rocprofv3] 'python3 test_mxfp8_python.py 4096 8192 8192' ::     0.000000 sec
=== MXFP8 GEMM Layout Benchmark (preshuffle-quant): M=4096, N=8192, K=8192 ===
Warmup=100, iters=200, correctness=off
Layouts=crr

--- CRR Layout: C = A^T @ B ---
W20260420 02:04:40.075092 140326205816320 tool.cpp:2420] HSA version 8.19.0 initialized (instance=0)
[R55B-DEBUG-3] dispatch_pq_v2 entry: L=2 g.m=0 g.n=0 g.k=0 a.cols=4096 c.rows=4096 c.cols=8192
  Avg time: 0.3069 ms, TFLOPS: 1791.15

Results saved to mxfp8_layout_results_4096x8192x8192_pq.json
W20260420 02:04:41.032647 140326205816320 simple_timer.cpp:55] [rocprofv3] 'python3 test_mxfp8_python.py 4096 8192 8192' ::     2.081685 sec
E20260420 02:04:41.124000 140326205816320 output_stream.cpp:111] Opened result file: /shared_nfs/kyle/test/Hipkittens2/analysis/fp8_gemm/mi350x/r56b_pmc_results/70B_QO_mxfp8_crr_set1/pmc_1/pt-test-2-l7n7x-master-0/3047353_counter_collection.csv
E20260420 02:04:41.230212 140326205816320 output_stream.cpp:111] Opened result file: /shared_nfs/kyle/test/Hipkittens2/analysis/fp8_gemm/mi350x/r56b_pmc_results/70B_QO_mxfp8_crr_set1/pmc_1/pt-test-2-l7n7x-master-0/3047353_agent_info.csv
W20260420 02:04:41.236404 140326205816320 simple_timer.cpp:55] [rocprofv3] output generation ::     0.190382 sec
W20260420 02:04:41.237937 140326205816320 simple_timer.cpp:55] [rocprofv3] tool finalization ::     0.191925 sec
W20260420 02:04:41.972868 140689741622784 simple_timer.cpp:55] [rocprofv3] tool initialization ::     0.142568 sec
W20260420 02:04:41.973081 140689741622784 simple_timer.cpp:55] [rocprofv3] 'python3 test_mxfp8_python.py 4096 8192 8192' ::     0.000000 sec
=== MXFP8 GEMM Layout Benchmark (preshuffle-quant): M=4096, N=8192, K=8192 ===
Warmup=100, iters=200, correctness=off
Layouts=crr

--- CRR Layout: C = A^T @ B ---
W20260420 02:04:42.904646 140689741622784 tool.cpp:2420] HSA version 8.19.0 initialized (instance=0)
[R55B-DEBUG-3] dispatch_pq_v2 entry: L=2 g.m=0 g.n=0 g.k=0 a.cols=4096 c.rows=4096 c.cols=8192
  Avg time: 0.2920 ms, TFLOPS: 1882.71

Results saved to mxfp8_layout_results_4096x8192x8192_pq.json
W20260420 02:04:43.735479 140689741622784 simple_timer.cpp:55] [rocprofv3] 'python3 test_mxfp8_python.py 4096 8192 8192' ::     1.762398 sec
E20260420 02:04:43.836669 140689741622784 output_stream.cpp:111] Opened result file: /shared_nfs/kyle/test/Hipkittens2/analysis/fp8_gemm/mi350x/r56b_pmc_results/70B_QO_mxfp8_crr_set1/pmc_2/pt-test-2-l7n7x-master-0/3047756_counter_collection.csv
E20260420 02:04:43.920173 140689741622784 output_stream.cpp:111] Opened result file: /shared_nfs/kyle/test/Hipkittens2/analysis/fp8_gemm/mi350x/r56b_pmc_results/70B_QO_mxfp8_crr_set1/pmc_2/pt-test-2-l7n7x-master-0/3047756_agent_info.csv
W20260420 02:04:43.923606 140689741622784 simple_timer.cpp:55] [rocprofv3] output generation ::     0.174654 sec
W20260420 02:04:43.925108 140689741622784 simple_timer.cpp:55] [rocprofv3] tool finalization ::     0.176164 sec
W20260420 02:04:44.704245 139772227173888 simple_timer.cpp:55] [rocprofv3] tool initialization ::     0.145820 sec
W20260420 02:04:44.704460 139772227173888 simple_timer.cpp:55] [rocprofv3] 'python3 test_mxfp8_python.py 4096 8192 8192' ::     0.000000 sec
=== MXFP8 GEMM Layout Benchmark (preshuffle-quant): M=4096, N=8192, K=8192 ===
Warmup=100, iters=200, correctness=off
Layouts=crr

--- CRR Layout: C = A^T @ B ---
W20260420 02:04:45.652246 139772227173888 tool.cpp:2420] HSA version 8.19.0 initialized (instance=0)
[R55B-DEBUG-3] dispatch_pq_v2 entry: L=2 g.m=0 g.n=0 g.k=0 a.cols=4096 c.rows=4096 c.cols=8192
  Avg time: 0.3861 ms, TFLOPS: 1424.04

Results saved to mxfp8_layout_results_4096x8192x8192_pq.json
W20260420 02:04:46.701036 139772227173888 simple_timer.cpp:55] [rocprofv3] 'python3 test_mxfp8_python.py 4096 8192 8192' ::     1.996576 sec
E20260420 02:04:46.792064 139772227173888 output_stream.cpp:111] Opened result file: /shared_nfs/kyle/test/Hipkittens2/analysis/fp8_gemm/mi350x/r56b_pmc_results/70B_QO_mxfp8_crr_set1/pmc_3/pt-test-2-l7n7x-master-0/3047864_counter_collection.csv
E20260420 02:04:46.852435 139772227173888 output_stream.cpp:111] Opened result file: /shared_nfs/kyle/test/Hipkittens2/analysis/fp8_gemm/mi350x/r56b_pmc_results/70B_QO_mxfp8_crr_set1/pmc_3/pt-test-2-l7n7x-master-0/3047864_agent_info.csv
W20260420 02:04:46.858132 139772227173888 simple_timer.cpp:55] [rocprofv3] output generation ::     0.143420 sec
W20260420 02:04:46.859606 139772227173888 simple_timer.cpp:55] [rocprofv3] tool finalization ::     0.144903 sec
W20260420 02:04:47.595209 140459938520576 simple_timer.cpp:55] [rocprofv3] tool initialization ::     0.143707 sec
W20260420 02:04:47.595425 140459938520576 simple_timer.cpp:55] [rocprofv3] 'python3 test_mxfp8_python.py 4096 8192 8192' ::     0.000000 sec
=== MXFP8 GEMM Layout Benchmark (preshuffle-quant): M=4096, N=8192, K=8192 ===
Warmup=100, iters=200, correctness=off
Layouts=crr

--- CRR Layout: C = A^T @ B ---
W20260420 02:04:48.616535 140459938520576 tool.cpp:2420] HSA version 8.19.0 initialized (instance=0)
[R55B-DEBUG-3] dispatch_pq_v2 entry: L=2 g.m=0 g.n=0 g.k=0 a.cols=4096 c.rows=4096 c.cols=8192
  Avg time: 0.5838 ms, TFLOPS: 941.62

Results saved to mxfp8_layout_results_4096x8192x8192_pq.json
W20260420 02:04:49.694477 140459938520576 simple_timer.cpp:55] [rocprofv3] 'python3 test_mxfp8_python.py 4096 8192 8192' ::     2.099052 sec
E20260420 02:04:49.814604 140459938520576 output_stream.cpp:111] Opened result file: /shared_nfs/kyle/test/Hipkittens2/analysis/fp8_gemm/mi350x/r56b_pmc_results/70B_QO_mxfp8_crr_set1/pmc_4/pt-test-2-l7n7x-master-0/3048068_counter_collection.csv
E20260420 02:04:49.906274 140459938520576 output_stream.cpp:111] Opened result file: /shared_nfs/kyle/test/Hipkittens2/analysis/fp8_gemm/mi350x/r56b_pmc_results/70B_QO_mxfp8_crr_set1/pmc_4/pt-test-2-l7n7x-master-0/3048068_agent_info.csv
W20260420 02:04:49.912679 140459938520576 simple_timer.cpp:55] [rocprofv3] output generation ::     0.204097 sec
W20260420 02:04:49.914595 140459938520576 simple_timer.cpp:55] [rocprofv3] tool finalization ::     0.206023 sec
W20260420 02:04:50.665888 139747158199808 simple_timer.cpp:55] [rocprofv3] tool initialization ::     0.142462 sec
W20260420 02:04:50.666112 139747158199808 simple_timer.cpp:55] [rocprofv3] 'python3 test_mxfp8_python.py 4096 8192 8192' ::     0.000000 sec
=== MXFP8 GEMM Layout Benchmark (preshuffle-quant): M=4096, N=8192, K=8192 ===
Warmup=100, iters=200, correctness=off
Layouts=crr

--- CRR Layout: C = A^T @ B ---
W20260420 02:04:51.754754 139747158199808 tool.cpp:2420] HSA version 8.19.0 initialized (instance=0)
W20260420 02:04:51.944586 139747158199808 tool.cpp:1189] Unable to find all counters for agent 2 (gpu-0, gfx950) in [ALUStalledByLDS, FetchSize, L2CacheHit, LDSBankConflict, MemUnitBusy, MemUnitStalled, MfmaUtil, VALUBusy]. Found: [FetchSize, LDSBankConflict, MemUnitStalled, MfmaUtil, VALUBusy]. Missing: [ALUStalledByLDS, L2CacheHit, MemUnitBusy]
W20260420 02:04:51.944744 139747158199808 tool.cpp:1189] Unable to find all counters for agent 3 (gpu-1, gfx950) in [ALUStalledByLDS, FetchSize, L2CacheHit, LDSBankConflict, MemUnitBusy, MemUnitStalled, MfmaUtil, VALUBusy]. Found: [FetchSize, LDSBankConflict, MemUnitStalled, MfmaUtil, VALUBusy]. Missing: [ALUStalledByLDS, L2CacheHit, MemUnitBusy]
W20260420 02:04:51.946390 139747158199808 tool.cpp:1189] Unable to find all counters for agent 4 (gpu-2, gfx950) in [ALUStalledByLDS, FetchSize, L2CacheHit, LDSBankConflict, MemUnitBusy, MemUnitStalled, MfmaUtil, VALUBusy]. Found: [FetchSize, LDSBankConflict, MemUnitStalled, MfmaUtil, VALUBusy]. Missing: [ALUStalledByLDS, L2CacheHit, MemUnitBusy]
W20260420 02:04:51.947523 139747158199808 tool.cpp:1189] Unable to find all counters for agent 5 (gpu-3, gfx950) in [ALUStalledByLDS, FetchSize, L2CacheHit, LDSBankConflict, MemUnitBusy, MemUnitStalled, MfmaUtil, VALUBusy]. Found: [FetchSize, LDSBankConflict, MemUnitStalled, MfmaUtil, VALUBusy]. Missing: [ALUStalledByLDS, L2CacheHit, MemUnitBusy]
W20260420 02:04:51.949919 139747158199808 tool.cpp:1189] Unable to find all counters for agent 6 (gpu-4, gfx950) in [ALUStalledByLDS, FetchSize, L2CacheHit, LDSBankConflict, MemUnitBusy, MemUnitStalled, MfmaUtil, VALUBusy]. Found: [FetchSize, LDSBankConflict, MemUnitStalled, MfmaUtil, VALUBusy]. Missing: [ALUStalledByLDS, L2CacheHit, MemUnitBusy]
W20260420 02:04:51.950970 139747158199808 tool.cpp:1189] Unable to find all counters for agent 7 (gpu-5, gfx950) in [ALUStalledByLDS, FetchSize, L2CacheHit, LDSBankConflict, MemUnitBusy, MemUnitStalled, MfmaUtil, VALUBusy]. Found: [FetchSize, LDSBankConflict, MemUnitStalled, MfmaUtil, VALUBusy]. Missing: [ALUStalledByLDS, L2CacheHit, MemUnitBusy]
W20260420 02:04:51.952535 139747158199808 tool.cpp:1189] Unable to find all counters for agent 8 (gpu-6, gfx950) in [ALUStalledByLDS, FetchSize, L2CacheHit, LDSBankConflict, MemUnitBusy, MemUnitStalled, MfmaUtil, VALUBusy]. Found: [FetchSize, LDSBankConflict, MemUnitStalled, MfmaUtil, VALUBusy]. Missing: [ALUStalledByLDS, L2CacheHit, MemUnitBusy]
W20260420 02:04:51.952570 139747158199808 tool.cpp:1189] Unable to find all counters for agent 9 (gpu-7, gfx950) in [ALUStalledByLDS, FetchSize, L2CacheHit, LDSBankConflict, MemUnitBusy, MemUnitStalled, MfmaUtil, VALUBusy]. Found: [FetchSize, LDSBankConflict, MemUnitStalled, MfmaUtil, VALUBusy]. Missing: [ALUStalledByLDS, L2CacheHit, MemUnitBusy]
[R55B-DEBUG-3] dispatch_pq_v2 entry: L=2 g.m=0 g.n=0 g.k=0 a.cols=4096 c.rows=4096 c.cols=8192
  Avg time: 0.3629 ms, TFLOPS: 1515.05

Results saved to mxfp8_layout_results_4096x8192x8192_pq.json
W20260420 02:04:52.663921 139747158199808 simple_timer.cpp:55] [rocprofv3] 'python3 test_mxfp8_python.py 4096 8192 8192' ::     1.997809 sec
E20260420 02:04:52.771360 139747158199808 output_stream.cpp:111] Opened result file: /shared_nfs/kyle/test/Hipkittens2/analysis/fp8_gemm/mi350x/r56b_pmc_results/70B_QO_mxfp8_crr_set1/pmc_5/pt-test-2-l7n7x-master-0/3048328_counter_collection.csv
E20260420 02:04:52.836574 139747158199808 output_stream.cpp:111] Opened result file: /shared_nfs/kyle/test/Hipkittens2/analysis/fp8_gemm/mi350x/r56b_pmc_results/70B_QO_mxfp8_crr_set1/pmc_5/pt-test-2-l7n7x-master-0/3048328_agent_info.csv
W20260420 02:04:52.841744 139747158199808 simple_timer.cpp:55] [rocprofv3] output generation ::     0.164691 sec
W20260420 02:04:52.843347 139747158199808 simple_timer.cpp:55] [rocprofv3] tool finalization ::     0.166302 sec
