W20260420 00:49:05.204532 139680303607296 simple_timer.cpp:55] [rocprofv3] tool initialization ::     0.142169 sec
W20260420 00:49:05.204756 139680303607296 simple_timer.cpp:55] [rocprofv3] 'python3 test_mxfp8_python.py 4096 8192 28672' ::     0.000000 sec
=== MXFP8 GEMM Layout Benchmark (preshuffle-quant): M=4096, N=8192, K=28672 ===
Warmup=100, iters=200, correctness=off
Layouts=rrr

--- RRR Layout: C = A @ B ---
W20260420 00:49:06.116835 139680303607296 tool.cpp:2420] HSA version 8.19.0 initialized (instance=0)
  Avg time: 0.7077 ms, TFLOPS: 2719.01

Results saved to mxfp8_layout_results_4096x8192x28672_pq.json
W20260420 00:49:07.218859 139680303607296 simple_timer.cpp:55] [rocprofv3] 'python3 test_mxfp8_python.py 4096 8192 28672' ::     2.014103 sec
E20260420 00:49:07.329734 139680303607296 output_stream.cpp:111] Opened result file: /shared_nfs/kyle/test/Hipkittens2/analysis/fp8_gemm/mi350x/r55f_pmc_results/70B_Down_mxfp8_rrr_set1/pmc_1/pt-test-2-l7n7x-master-0/2953777_counter_collection.csv
E20260420 00:49:07.396058 139680303607296 output_stream.cpp:111] Opened result file: /shared_nfs/kyle/test/Hipkittens2/analysis/fp8_gemm/mi350x/r55f_pmc_results/70B_Down_mxfp8_rrr_set1/pmc_1/pt-test-2-l7n7x-master-0/2953777_agent_info.csv
W20260420 00:49:07.400435 139680303607296 simple_timer.cpp:55] [rocprofv3] output generation ::     0.167887 sec
W20260420 00:49:07.402088 139680303607296 simple_timer.cpp:55] [rocprofv3] tool finalization ::     0.169548 sec
W20260420 00:49:08.064081 139739792481792 simple_timer.cpp:55] [rocprofv3] tool initialization ::     0.153430 sec
W20260420 00:49:08.064287 139739792481792 simple_timer.cpp:55] [rocprofv3] 'python3 test_mxfp8_python.py 4096 8192 28672' ::     0.000001 sec
=== MXFP8 GEMM Layout Benchmark (preshuffle-quant): M=4096, N=8192, K=28672 ===
Warmup=100, iters=200, correctness=off
Layouts=rrr

--- RRR Layout: C = A @ B ---
W20260420 00:49:08.977376 139739792481792 tool.cpp:2420] HSA version 8.19.0 initialized (instance=0)
  Avg time: 0.6996 ms, TFLOPS: 2750.49

Results saved to mxfp8_layout_results_4096x8192x28672_pq.json
W20260420 00:49:10.000538 139739792481792 simple_timer.cpp:55] [rocprofv3] 'python3 test_mxfp8_python.py 4096 8192 28672' ::     1.936252 sec
E20260420 00:49:10.093272 139739792481792 output_stream.cpp:111] Opened result file: /shared_nfs/kyle/test/Hipkittens2/analysis/fp8_gemm/mi350x/r55f_pmc_results/70B_Down_mxfp8_rrr_set1/pmc_2/pt-test-2-l7n7x-master-0/2953853_counter_collection.csv
E20260420 00:49:10.154794 139739792481792 output_stream.cpp:111] Opened result file: /shared_nfs/kyle/test/Hipkittens2/analysis/fp8_gemm/mi350x/r55f_pmc_results/70B_Down_mxfp8_rrr_set1/pmc_2/pt-test-2-l7n7x-master-0/2953853_agent_info.csv
W20260420 00:49:10.158609 139739792481792 simple_timer.cpp:55] [rocprofv3] output generation ::     0.144576 sec
W20260420 00:49:10.160165 139739792481792 simple_timer.cpp:55] [rocprofv3] tool finalization ::     0.146139 sec
W20260420 00:49:10.824676 139627131035136 simple_timer.cpp:55] [rocprofv3] tool initialization ::     0.156743 sec
W20260420 00:49:10.824902 139627131035136 simple_timer.cpp:55] [rocprofv3] 'python3 test_mxfp8_python.py 4096 8192 28672' ::     0.000000 sec
=== MXFP8 GEMM Layout Benchmark (preshuffle-quant): M=4096, N=8192, K=28672 ===
Warmup=100, iters=200, correctness=off
Layouts=rrr

--- RRR Layout: C = A @ B ---
W20260420 00:49:11.743731 139627131035136 tool.cpp:2420] HSA version 8.19.0 initialized (instance=0)
  Avg time: 0.7939 ms, TFLOPS: 2423.59

Results saved to mxfp8_layout_results_4096x8192x28672_pq.json
W20260420 00:49:12.898656 139627131035136 simple_timer.cpp:55] [rocprofv3] 'python3 test_mxfp8_python.py 4096 8192 28672' ::     2.073754 sec
E20260420 00:49:12.988745 139627131035136 output_stream.cpp:111] Opened result file: /shared_nfs/kyle/test/Hipkittens2/analysis/fp8_gemm/mi350x/r55f_pmc_results/70B_Down_mxfp8_rrr_set1/pmc_3/pt-test-2-l7n7x-master-0/2953938_counter_collection.csv
E20260420 00:49:13.045019 139627131035136 output_stream.cpp:111] Opened result file: /shared_nfs/kyle/test/Hipkittens2/analysis/fp8_gemm/mi350x/r55f_pmc_results/70B_Down_mxfp8_rrr_set1/pmc_3/pt-test-2-l7n7x-master-0/2953938_agent_info.csv
W20260420 00:49:13.048589 139627131035136 simple_timer.cpp:55] [rocprofv3] output generation ::     0.136179 sec
W20260420 00:49:13.050163 139627131035136 simple_timer.cpp:55] [rocprofv3] tool finalization ::     0.137760 sec
W20260420 00:49:13.737746 139862942301696 simple_timer.cpp:55] [rocprofv3] tool initialization ::     0.139971 sec
W20260420 00:49:13.737984 139862942301696 simple_timer.cpp:55] [rocprofv3] 'python3 test_mxfp8_python.py 4096 8192 28672' ::     0.000000 sec
=== MXFP8 GEMM Layout Benchmark (preshuffle-quant): M=4096, N=8192, K=28672 ===
Warmup=100, iters=200, correctness=off
Layouts=rrr

--- RRR Layout: C = A @ B ---
W20260420 00:49:14.670468 139862942301696 tool.cpp:2420] HSA version 8.19.0 initialized (instance=0)
  Avg time: 2.4707 ms, TFLOPS: 778.79

Results saved to mxfp8_layout_results_4096x8192x28672_pq.json
W20260420 00:49:16.194173 139862942301696 simple_timer.cpp:55] [rocprofv3] 'python3 test_mxfp8_python.py 4096 8192 28672' ::     2.456189 sec
E20260420 00:49:16.286978 139862942301696 output_stream.cpp:111] Opened result file: /shared_nfs/kyle/test/Hipkittens2/analysis/fp8_gemm/mi350x/r55f_pmc_results/70B_Down_mxfp8_rrr_set1/pmc_4/pt-test-2-l7n7x-master-0/2954010_counter_collection.csv
E20260420 00:49:16.357556 139862942301696 output_stream.cpp:111] Opened result file: /shared_nfs/kyle/test/Hipkittens2/analysis/fp8_gemm/mi350x/r55f_pmc_results/70B_Down_mxfp8_rrr_set1/pmc_4/pt-test-2-l7n7x-master-0/2954010_agent_info.csv
W20260420 00:49:16.361770 139862942301696 simple_timer.cpp:55] [rocprofv3] output generation ::     0.153815 sec
W20260420 00:49:16.363574 139862942301696 simple_timer.cpp:55] [rocprofv3] tool finalization ::     0.155628 sec
W20260420 00:49:17.044811 140666726608384 simple_timer.cpp:55] [rocprofv3] tool initialization ::     0.143654 sec
W20260420 00:49:17.045076 140666726608384 simple_timer.cpp:55] [rocprofv3] 'python3 test_mxfp8_python.py 4096 8192 28672' ::     0.000000 sec
=== MXFP8 GEMM Layout Benchmark (preshuffle-quant): M=4096, N=8192, K=28672 ===
Warmup=100, iters=200, correctness=off
Layouts=rrr

--- RRR Layout: C = A @ B ---
W20260420 00:49:17.954293 140666726608384 tool.cpp:2420] HSA version 8.19.0 initialized (instance=0)
W20260420 00:49:18.111272 140666726608384 tool.cpp:1189] Unable to find all counters for agent 2 (gpu-0, gfx950) in [ALUStalledByLDS, FetchSize, L2CacheHit, LDSBankConflict, MemUnitBusy, MemUnitStalled, MfmaUtil, VALUBusy]. Found: [FetchSize, LDSBankConflict, MemUnitStalled, MfmaUtil, VALUBusy]. Missing: [ALUStalledByLDS, L2CacheHit, MemUnitBusy]
W20260420 00:49:18.111405 140666726608384 tool.cpp:1189] Unable to find all counters for agent 3 (gpu-1, gfx950) in [ALUStalledByLDS, FetchSize, L2CacheHit, LDSBankConflict, MemUnitBusy, MemUnitStalled, MfmaUtil, VALUBusy]. Found: [FetchSize, LDSBankConflict, MemUnitStalled, MfmaUtil, VALUBusy]. Missing: [ALUStalledByLDS, L2CacheHit, MemUnitBusy]
W20260420 00:49:18.112730 140666726608384 tool.cpp:1189] Unable to find all counters for agent 4 (gpu-2, gfx950) in [ALUStalledByLDS, FetchSize, L2CacheHit, LDSBankConflict, MemUnitBusy, MemUnitStalled, MfmaUtil, VALUBusy]. Found: [FetchSize, LDSBankConflict, MemUnitStalled, MfmaUtil, VALUBusy]. Missing: [ALUStalledByLDS, L2CacheHit, MemUnitBusy]
W20260420 00:49:18.113758 140666726608384 tool.cpp:1189] Unable to find all counters for agent 5 (gpu-3, gfx950) in [ALUStalledByLDS, FetchSize, L2CacheHit, LDSBankConflict, MemUnitBusy, MemUnitStalled, MfmaUtil, VALUBusy]. Found: [FetchSize, LDSBankConflict, MemUnitStalled, MfmaUtil, VALUBusy]. Missing: [ALUStalledByLDS, L2CacheHit, MemUnitBusy]
W20260420 00:49:18.113796 140666726608384 tool.cpp:1189] Unable to find all counters for agent 6 (gpu-4, gfx950) in [ALUStalledByLDS, FetchSize, L2CacheHit, LDSBankConflict, MemUnitBusy, MemUnitStalled, MfmaUtil, VALUBusy]. Found: [FetchSize, LDSBankConflict, MemUnitStalled, MfmaUtil, VALUBusy]. Missing: [ALUStalledByLDS, L2CacheHit, MemUnitBusy]
W20260420 00:49:18.114777 140666726608384 tool.cpp:1189] Unable to find all counters for agent 7 (gpu-5, gfx950) in [ALUStalledByLDS, FetchSize, L2CacheHit, LDSBankConflict, MemUnitBusy, MemUnitStalled, MfmaUtil, VALUBusy]. Found: [FetchSize, LDSBankConflict, MemUnitStalled, MfmaUtil, VALUBusy]. Missing: [ALUStalledByLDS, L2CacheHit, MemUnitBusy]
W20260420 00:49:18.115821 140666726608384 tool.cpp:1189] Unable to find all counters for agent 8 (gpu-6, gfx950) in [ALUStalledByLDS, FetchSize, L2CacheHit, LDSBankConflict, MemUnitBusy, MemUnitStalled, MfmaUtil, VALUBusy]. Found: [FetchSize, LDSBankConflict, MemUnitStalled, MfmaUtil, VALUBusy]. Missing: [ALUStalledByLDS, L2CacheHit, MemUnitBusy]
W20260420 00:49:18.116819 140666726608384 tool.cpp:1189] Unable to find all counters for agent 9 (gpu-7, gfx950) in [ALUStalledByLDS, FetchSize, L2CacheHit, LDSBankConflict, MemUnitBusy, MemUnitStalled, MfmaUtil, VALUBusy]. Found: [FetchSize, LDSBankConflict, MemUnitStalled, MfmaUtil, VALUBusy]. Missing: [ALUStalledByLDS, L2CacheHit, MemUnitBusy]
  Avg time: 0.7574 ms, TFLOPS: 2540.52

Results saved to mxfp8_layout_results_4096x8192x28672_pq.json
W20260420 00:49:18.973075 140666726608384 simple_timer.cpp:55] [rocprofv3] 'python3 test_mxfp8_python.py 4096 8192 28672' ::     1.927999 sec
E20260420 00:49:19.067392 140666726608384 output_stream.cpp:111] Opened result file: /shared_nfs/kyle/test/Hipkittens2/analysis/fp8_gemm/mi350x/r55f_pmc_results/70B_Down_mxfp8_rrr_set1/pmc_5/pt-test-2-l7n7x-master-0/2954095_counter_collection.csv
E20260420 00:49:19.122097 140666726608384 output_stream.cpp:111] Opened result file: /shared_nfs/kyle/test/Hipkittens2/analysis/fp8_gemm/mi350x/r55f_pmc_results/70B_Down_mxfp8_rrr_set1/pmc_5/pt-test-2-l7n7x-master-0/2954095_agent_info.csv
W20260420 00:49:19.125391 140666726608384 simple_timer.cpp:55] [rocprofv3] output generation ::     0.138874 sec
W20260420 00:49:19.126910 140666726608384 simple_timer.cpp:55] [rocprofv3] tool finalization ::     0.140401 sec
