W20260419 17:38:39.058639 140527679233536 simple_timer.cpp:55] [rocprofv3] tool initialization ::     0.155880 sec
W20260419 17:38:39.058859 140527679233536 simple_timer.cpp:55] [rocprofv3] 'python3 test_mxfp8_python.py 4096 8192 8192' ::     0.000000 sec
=== MXFP8 GEMM Layout Benchmark (preshuffle-quant): M=4096, N=8192, K=8192 ===
Warmup=3, iters=5, correctness=off
Layouts=rrr

--- RRR Layout: C = A @ B ---
W20260419 17:38:39.921951 140527679233536 tool.cpp:2420] HSA version 8.19.0 initialized (instance=0)
  Avg time: 0.4147 ms, TFLOPS: 1325.78

Results saved to mxfp8_layout_results_4096x8192x8192_pq.json
W20260419 17:38:40.658373 140527679233536 simple_timer.cpp:55] [rocprofv3] 'python3 test_mxfp8_python.py 4096 8192 8192' ::     1.599514 sec
E20260419 17:38:40.745867 140527679233536 output_stream.cpp:111] Opened result file: r53c_pmc_results/QO_rrr_set3/pmc_1/pt-test-2-l7n7x-master-0/2431668_counter_collection.csv
E20260419 17:38:40.784131 140527679233536 output_stream.cpp:111] Opened result file: r53c_pmc_results/QO_rrr_set3/pmc_1/pt-test-2-l7n7x-master-0/2431668_agent_info.csv
W20260419 17:38:40.787112 140527679233536 simple_timer.cpp:55] [rocprofv3] output generation ::     0.115257 sec
W20260419 17:38:40.788700 140527679233536 simple_timer.cpp:55] [rocprofv3] tool finalization ::     0.116851 sec
W20260419 17:38:41.468337 139789086039552 simple_timer.cpp:55] [rocprofv3] tool initialization ::     0.154030 sec
W20260419 17:38:41.468548 139789086039552 simple_timer.cpp:55] [rocprofv3] 'python3 test_mxfp8_python.py 4096 8192 8192' ::     0.000000 sec
=== MXFP8 GEMM Layout Benchmark (preshuffle-quant): M=4096, N=8192, K=8192 ===
Warmup=3, iters=5, correctness=off
Layouts=rrr

--- RRR Layout: C = A @ B ---
W20260419 17:38:42.360954 139789086039552 tool.cpp:2420] HSA version 8.19.0 initialized (instance=0)
  Avg time: 0.4142 ms, TFLOPS: 1327.18

Results saved to mxfp8_layout_results_4096x8192x8192_pq.json
W20260419 17:38:43.138370 139789086039552 simple_timer.cpp:55] [rocprofv3] 'python3 test_mxfp8_python.py 4096 8192 8192' ::     1.669823 sec
E20260419 17:38:43.240875 139789086039552 output_stream.cpp:111] Opened result file: r53c_pmc_results/QO_rrr_set3/pmc_2/pt-test-2-l7n7x-master-0/2431744_counter_collection.csv
E20260419 17:38:43.279267 139789086039552 output_stream.cpp:111] Opened result file: r53c_pmc_results/QO_rrr_set3/pmc_2/pt-test-2-l7n7x-master-0/2431744_agent_info.csv
W20260419 17:38:43.282368 139789086039552 simple_timer.cpp:55] [rocprofv3] output generation ::     0.130749 sec
W20260419 17:38:43.284009 139789086039552 simple_timer.cpp:55] [rocprofv3] tool finalization ::     0.132397 sec
W20260419 17:38:43.923608 140634656849408 simple_timer.cpp:55] [rocprofv3] tool initialization ::     0.141638 sec
W20260419 17:38:43.923828 140634656849408 simple_timer.cpp:55] [rocprofv3] 'python3 test_mxfp8_python.py 4096 8192 8192' ::     0.000001 sec
=== MXFP8 GEMM Layout Benchmark (preshuffle-quant): M=4096, N=8192, K=8192 ===
Warmup=3, iters=5, correctness=off
Layouts=rrr

--- RRR Layout: C = A @ B ---
W20260419 17:38:44.854038 140634656849408 tool.cpp:2420] HSA version 8.19.0 initialized (instance=0)
  Avg time: 0.3270 ms, TFLOPS: 1681.41

Results saved to mxfp8_layout_results_4096x8192x8192_pq.json
W20260419 17:38:45.701129 140634656849408 simple_timer.cpp:55] [rocprofv3] 'python3 test_mxfp8_python.py 4096 8192 8192' ::     1.777302 sec
E20260419 17:38:45.805930 140634656849408 output_stream.cpp:111] Opened result file: r53c_pmc_results/QO_rrr_set3/pmc_3/pt-test-2-l7n7x-master-0/2431834_counter_collection.csv
E20260419 17:38:45.846199 140634656849408 output_stream.cpp:111] Opened result file: r53c_pmc_results/QO_rrr_set3/pmc_3/pt-test-2-l7n7x-master-0/2431834_agent_info.csv
W20260419 17:38:45.849391 140634656849408 simple_timer.cpp:55] [rocprofv3] output generation ::     0.134669 sec
W20260419 17:38:45.851054 140634656849408 simple_timer.cpp:55] [rocprofv3] tool finalization ::     0.136341 sec
W20260419 17:38:46.507770 140619822874112 simple_timer.cpp:55] [rocprofv3] tool initialization ::     0.142759 sec
W20260419 17:38:46.507973 140619822874112 simple_timer.cpp:55] [rocprofv3] 'python3 test_mxfp8_python.py 4096 8192 8192' ::     0.000000 sec
=== MXFP8 GEMM Layout Benchmark (preshuffle-quant): M=4096, N=8192, K=8192 ===
Warmup=3, iters=5, correctness=off
Layouts=rrr

--- RRR Layout: C = A @ B ---
W20260419 17:38:47.426626 140619822874112 tool.cpp:2420] HSA version 8.19.0 initialized (instance=0)
  Avg time: 0.3993 ms, TFLOPS: 1376.83

Results saved to mxfp8_layout_results_4096x8192x8192_pq.json
W20260419 17:38:48.256043 140619822874112 simple_timer.cpp:55] [rocprofv3] 'python3 test_mxfp8_python.py 4096 8192 8192' ::     1.748070 sec
E20260419 17:38:48.362633 140619822874112 output_stream.cpp:111] Opened result file: r53c_pmc_results/QO_rrr_set3/pmc_4/pt-test-2-l7n7x-master-0/2431913_counter_collection.csv
E20260419 17:38:48.402527 140619822874112 output_stream.cpp:111] Opened result file: r53c_pmc_results/QO_rrr_set3/pmc_4/pt-test-2-l7n7x-master-0/2431913_agent_info.csv
W20260419 17:38:48.405692 140619822874112 simple_timer.cpp:55] [rocprofv3] output generation ::     0.135761 sec
W20260419 17:38:48.407395 140619822874112 simple_timer.cpp:55] [rocprofv3] tool finalization ::     0.137471 sec
W20260419 17:38:49.073546 140169591221760 simple_timer.cpp:55] [rocprofv3] tool initialization ::     0.144801 sec
W20260419 17:38:49.073771 140169591221760 simple_timer.cpp:55] [rocprofv3] 'python3 test_mxfp8_python.py 4096 8192 8192' ::     0.000000 sec
=== MXFP8 GEMM Layout Benchmark (preshuffle-quant): M=4096, N=8192, K=8192 ===
Warmup=3, iters=5, correctness=off
Layouts=rrr

--- RRR Layout: C = A @ B ---
W20260419 17:38:50.009227 140169591221760 tool.cpp:2420] HSA version 8.19.0 initialized (instance=0)
  Avg time: 0.2760 ms, TFLOPS: 1992.09

Results saved to mxfp8_layout_results_4096x8192x8192_pq.json
W20260419 17:38:50.808352 140169591221760 simple_timer.cpp:55] [rocprofv3] 'python3 test_mxfp8_python.py 4096 8192 8192' ::     1.734581 sec
E20260419 17:38:50.914020 140169591221760 output_stream.cpp:111] Opened result file: r53c_pmc_results/QO_rrr_set3/pmc_5/pt-test-2-l7n7x-master-0/2431987_counter_collection.csv
E20260419 17:38:50.967462 140169591221760 output_stream.cpp:111] Opened result file: r53c_pmc_results/QO_rrr_set3/pmc_5/pt-test-2-l7n7x-master-0/2431987_agent_info.csv
W20260419 17:38:50.970477 140169591221760 simple_timer.cpp:55] [rocprofv3] output generation ::     0.148823 sec
W20260419 17:38:50.972029 140169591221760 simple_timer.cpp:55] [rocprofv3] tool finalization ::     0.150384 sec
