/opt/rocm/bin/hipcc kernel_mxfp8_layouts.cpp -DKITTENS_CDNA4 --offload-arch=gfx950 -DHIP_ENABLE_WARP_SYNC_BUILTINS -ffast-math -I/opt/rocm/include/rocrand -std=c++20 -w -DM_DIM=4096 -DN_DIM=4096 -DK_DIM=14336   -L/usr/lib/python3.10/config-3.10-x86_64-linux-gnu -L/usr/lib/x86_64-linux-gnu   -ldl  -lm -lm  -I/shared_nfs/kyle/test/Hipkittens2/include -I/shared_nfs/kyle/test/Hipkittens2/prototype -I/usr/include/python3.10 -I/opt/venv/lib/python3.10/site-packages/pybind11/include -shared -fPIC -Rpass-analysis=kernel-resource-usage -I/shared_nfs/kyle/test/Hipkittens2/include -I/opt/rocm/include/hip  \
    -o tk_mxfp8_layouts.cpython-310-x86_64-linux-gnu.so 
kernel_mxfp8_layouts.cpp:3843:1: remark: Function Name: _Z11gemm_kernelIL6Layout0ELb0EEv14layout_globals [-Rpass-analysis=kernel-resource-usage]
 3843 | void gemm_kernel(const layout_globals g) {
      | ^
kernel_mxfp8_layouts.cpp:3843:1: remark:     TotalSGPRs: 42 [-Rpass-analysis=kernel-resource-usage]
kernel_mxfp8_layouts.cpp:3843:1: remark:     VGPRs: 212 [-Rpass-analysis=kernel-resource-usage]
kernel_mxfp8_layouts.cpp:3843:1: remark:     AGPRs: 0 [-Rpass-analysis=kernel-resource-usage]
kernel_mxfp8_layouts.cpp:3843:1: remark:     ScratchSize [bytes/lane]: 0 [-Rpass-analysis=kernel-resource-usage]
kernel_mxfp8_layouts.cpp:3843:1: remark:     Dynamic Stack: False [-Rpass-analysis=kernel-resource-usage]
kernel_mxfp8_layouts.cpp:3843:1: remark:     Occupancy [waves/SIMD]: 2 [-Rpass-analysis=kernel-resource-usage]
kernel_mxfp8_layouts.cpp:3843:1: remark:     SGPRs Spill: 0 [-Rpass-analysis=kernel-resource-usage]
kernel_mxfp8_layouts.cpp:3843:1: remark:     VGPRs Spill: 0 [-Rpass-analysis=kernel-resource-usage]
kernel_mxfp8_layouts.cpp:3843:1: remark:     LDS Size [bytes/block]: 139264 [-Rpass-analysis=kernel-resource-usage]
kernel_mxfp8_layouts.cpp:3843:1: remark: Function Name: _Z11gemm_kernelIL6Layout0ELb1EEv14layout_globals [-Rpass-analysis=kernel-resource-usage]
kernel_mxfp8_layouts.cpp:3843:1: remark:     TotalSGPRs: 42 [-Rpass-analysis=kernel-resource-usage]
kernel_mxfp8_layouts.cpp:3843:1: remark:     VGPRs: 212 [-Rpass-analysis=kernel-resource-usage]
kernel_mxfp8_layouts.cpp:3843:1: remark:     AGPRs: 0 [-Rpass-analysis=kernel-resource-usage]
kernel_mxfp8_layouts.cpp:3843:1: remark:     ScratchSize [bytes/lane]: 0 [-Rpass-analysis=kernel-resource-usage]
kernel_mxfp8_layouts.cpp:3843:1: remark:     Dynamic Stack: False [-Rpass-analysis=kernel-resource-usage]
kernel_mxfp8_layouts.cpp:3843:1: remark:     Occupancy [waves/SIMD]: 2 [-Rpass-analysis=kernel-resource-usage]
kernel_mxfp8_layouts.cpp:3843:1: remark:     SGPRs Spill: 0 [-Rpass-analysis=kernel-resource-usage]
kernel_mxfp8_layouts.cpp:3843:1: remark:     VGPRs Spill: 0 [-Rpass-analysis=kernel-resource-usage]
kernel_mxfp8_layouts.cpp:3843:1: remark:     LDS Size [bytes/block]: 139264 [-Rpass-analysis=kernel-resource-usage]
kernel_mxfp8_layouts.cpp:2370:1: remark: Function Name: _Z29rcr_exact_8wave_scaled_kernelILb1ELi2EEv14layout_globals [-Rpass-analysis=kernel-resource-usage]
 2370 | void rcr_exact_8wave_scaled_kernel(const layout_globals g) {
      | ^
kernel_mxfp8_layouts.cpp:2370:1: remark:     TotalSGPRs: 54 [-Rpass-analysis=kernel-resource-usage]
kernel_mxfp8_layouts.cpp:2370:1: remark:     VGPRs: 254 [-Rpass-analysis=kernel-resource-usage]
kernel_mxfp8_layouts.cpp:2370:1: remark:     AGPRs: 0 [-Rpass-analysis=kernel-resource-usage]
kernel_mxfp8_layouts.cpp:2370:1: remark:     ScratchSize [bytes/lane]: 0 [-Rpass-analysis=kernel-resource-usage]
kernel_mxfp8_layouts.cpp:2370:1: remark:     Dynamic Stack: False [-Rpass-analysis=kernel-resource-usage]
kernel_mxfp8_layouts.cpp:2370:1: remark:     Occupancy [waves/SIMD]: 2 [-Rpass-analysis=kernel-resource-usage]
kernel_mxfp8_layouts.cpp:2370:1: remark:     SGPRs Spill: 0 [-Rpass-analysis=kernel-resource-usage]
kernel_mxfp8_layouts.cpp:2370:1: remark:     VGPRs Spill: 0 [-Rpass-analysis=kernel-resource-usage]
kernel_mxfp8_layouts.cpp:2370:1: remark:     LDS Size [bytes/block]: 131072 [-Rpass-analysis=kernel-resource-usage]
In file included from kernel_mxfp8_layouts.cpp:3759:
./rrr_mxfp8_exact_8wave_fastpath.inc:39:1: remark: Function Name: _Z29rrr_exact_8wave_scaled_kernelILb1ELi2EEv14layout_globals [-Rpass-analysis=kernel-resource-usage]
   39 | void rrr_exact_8wave_scaled_kernel(const layout_globals g) {
      | ^
./rrr_mxfp8_exact_8wave_fastpath.inc:39:1: remark:     TotalSGPRs: 46 [-Rpass-analysis=kernel-resource-usage]
./rrr_mxfp8_exact_8wave_fastpath.inc:39:1: remark:     VGPRs: 254 [-Rpass-analysis=kernel-resource-usage]
./rrr_mxfp8_exact_8wave_fastpath.inc:39:1: remark:     AGPRs: 0 [-Rpass-analysis=kernel-resource-usage]
./rrr_mxfp8_exact_8wave_fastpath.inc:39:1: remark:     ScratchSize [bytes/lane]: 0 [-Rpass-analysis=kernel-resource-usage]
./rrr_mxfp8_exact_8wave_fastpath.inc:39:1: remark:     Dynamic Stack: False [-Rpass-analysis=kernel-resource-usage]
./rrr_mxfp8_exact_8wave_fastpath.inc:39:1: remark:     Occupancy [waves/SIMD]: 2 [-Rpass-analysis=kernel-resource-usage]
./rrr_mxfp8_exact_8wave_fastpath.inc:39:1: remark:     SGPRs Spill: 0 [-Rpass-analysis=kernel-resource-usage]
./rrr_mxfp8_exact_8wave_fastpath.inc:39:1: remark:     VGPRs Spill: 0 [-Rpass-analysis=kernel-resource-usage]
./rrr_mxfp8_exact_8wave_fastpath.inc:39:1: remark:     LDS Size [bytes/block]: 135168 [-Rpass-analysis=kernel-resource-usage]
In file included from kernel_mxfp8_layouts.cpp:3760:
./crr_mxfp8_exact_8wave_fastpath.inc:246:1: remark: Function Name: _Z29crr_exact_8wave_scaled_kernelILb1ELi2EEv14layout_globals [-Rpass-analysis=kernel-resource-usage]
  246 | {
      | ^
./crr_mxfp8_exact_8wave_fastpath.inc:246:1: remark:     TotalSGPRs: 52 [-Rpass-analysis=kernel-resource-usage]
./crr_mxfp8_exact_8wave_fastpath.inc:246:1: remark:     VGPRs: 234 [-Rpass-analysis=kernel-resource-usage]
./crr_mxfp8_exact_8wave_fastpath.inc:246:1: remark:     AGPRs: 0 [-Rpass-analysis=kernel-resource-usage]
./crr_mxfp8_exact_8wave_fastpath.inc:246:1: remark:     ScratchSize [bytes/lane]: 0 [-Rpass-analysis=kernel-resource-usage]
./crr_mxfp8_exact_8wave_fastpath.inc:246:1: remark:     Dynamic Stack: False [-Rpass-analysis=kernel-resource-usage]
./crr_mxfp8_exact_8wave_fastpath.inc:246:1: remark:     Occupancy [waves/SIMD]: 2 [-Rpass-analysis=kernel-resource-usage]
./crr_mxfp8_exact_8wave_fastpath.inc:246:1: remark:     SGPRs Spill: 0 [-Rpass-analysis=kernel-resource-usage]
./crr_mxfp8_exact_8wave_fastpath.inc:246:1: remark:     VGPRs Spill: 0 [-Rpass-analysis=kernel-resource-usage]
./crr_mxfp8_exact_8wave_fastpath.inc:246:1: remark:     LDS Size [bytes/block]: 139264 [-Rpass-analysis=kernel-resource-usage]
kernel_mxfp8_layouts.cpp:3843:1: remark: Function Name: _Z11gemm_kernelIL6Layout1ELb0EEv14layout_globals [-Rpass-analysis=kernel-resource-usage]
 3843 | void gemm_kernel(const layout_globals g) {
      | ^
kernel_mxfp8_layouts.cpp:3843:1: remark:     TotalSGPRs: 40 [-Rpass-analysis=kernel-resource-usage]
kernel_mxfp8_layouts.cpp:3843:1: remark:     VGPRs: 242 [-Rpass-analysis=kernel-resource-usage]
kernel_mxfp8_layouts.cpp:3843:1: remark:     AGPRs: 0 [-Rpass-analysis=kernel-resource-usage]
kernel_mxfp8_layouts.cpp:3843:1: remark:     ScratchSize [bytes/lane]: 0 [-Rpass-analysis=kernel-resource-usage]
kernel_mxfp8_layouts.cpp:3843:1: remark:     Dynamic Stack: False [-Rpass-analysis=kernel-resource-usage]
kernel_mxfp8_layouts.cpp:3843:1: remark:     Occupancy [waves/SIMD]: 2 [-Rpass-analysis=kernel-resource-usage]
kernel_mxfp8_layouts.cpp:3843:1: remark:     SGPRs Spill: 0 [-Rpass-analysis=kernel-resource-usage]
kernel_mxfp8_layouts.cpp:3843:1: remark:     VGPRs Spill: 0 [-Rpass-analysis=kernel-resource-usage]
kernel_mxfp8_layouts.cpp:3843:1: remark:     LDS Size [bytes/block]: 135168 [-Rpass-analysis=kernel-resource-usage]
kernel_mxfp8_layouts.cpp:3843:1: remark: Function Name: _Z11gemm_kernelIL6Layout1ELb1EEv14layout_globals [-Rpass-analysis=kernel-resource-usage]
kernel_mxfp8_layouts.cpp:3843:1: remark:     TotalSGPRs: 40 [-Rpass-analysis=kernel-resource-usage]
kernel_mxfp8_layouts.cpp:3843:1: remark:     VGPRs: 242 [-Rpass-analysis=kernel-resource-usage]
kernel_mxfp8_layouts.cpp:3843:1: remark:     AGPRs: 0 [-Rpass-analysis=kernel-resource-usage]
kernel_mxfp8_layouts.cpp:3843:1: remark:     ScratchSize [bytes/lane]: 0 [-Rpass-analysis=kernel-resource-usage]
kernel_mxfp8_layouts.cpp:3843:1: remark:     Dynamic Stack: False [-Rpass-analysis=kernel-resource-usage]
kernel_mxfp8_layouts.cpp:3843:1: remark:     Occupancy [waves/SIMD]: 2 [-Rpass-analysis=kernel-resource-usage]
kernel_mxfp8_layouts.cpp:3843:1: remark:     SGPRs Spill: 0 [-Rpass-analysis=kernel-resource-usage]
kernel_mxfp8_layouts.cpp:3843:1: remark:     VGPRs Spill: 0 [-Rpass-analysis=kernel-resource-usage]
kernel_mxfp8_layouts.cpp:3843:1: remark:     LDS Size [bytes/block]: 135168 [-Rpass-analysis=kernel-resource-usage]
kernel_mxfp8_layouts.cpp:3843:1: remark: Function Name: _Z11gemm_kernelIL6Layout2ELb0EEv14layout_globals [-Rpass-analysis=kernel-resource-usage]
kernel_mxfp8_layouts.cpp:3843:1: remark:     TotalSGPRs: 38 [-Rpass-analysis=kernel-resource-usage]
kernel_mxfp8_layouts.cpp:3843:1: remark:     VGPRs: 230 [-Rpass-analysis=kernel-resource-usage]
kernel_mxfp8_layouts.cpp:3843:1: remark:     AGPRs: 0 [-Rpass-analysis=kernel-resource-usage]
kernel_mxfp8_layouts.cpp:3843:1: remark:     ScratchSize [bytes/lane]: 0 [-Rpass-analysis=kernel-resource-usage]
kernel_mxfp8_layouts.cpp:3843:1: remark:     Dynamic Stack: False [-Rpass-analysis=kernel-resource-usage]
kernel_mxfp8_layouts.cpp:3843:1: remark:     Occupancy [waves/SIMD]: 2 [-Rpass-analysis=kernel-resource-usage]
kernel_mxfp8_layouts.cpp:3843:1: remark:     SGPRs Spill: 0 [-Rpass-analysis=kernel-resource-usage]
kernel_mxfp8_layouts.cpp:3843:1: remark:     VGPRs Spill: 0 [-Rpass-analysis=kernel-resource-usage]
kernel_mxfp8_layouts.cpp:3843:1: remark:     LDS Size [bytes/block]: 139264 [-Rpass-analysis=kernel-resource-usage]
kernel_mxfp8_layouts.cpp:3843:1: remark: Function Name: _Z11gemm_kernelIL6Layout2ELb1EEv14layout_globals [-Rpass-analysis=kernel-resource-usage]
kernel_mxfp8_layouts.cpp:3843:1: remark:     TotalSGPRs: 38 [-Rpass-analysis=kernel-resource-usage]
kernel_mxfp8_layouts.cpp:3843:1: remark:     VGPRs: 230 [-Rpass-analysis=kernel-resource-usage]
kernel_mxfp8_layouts.cpp:3843:1: remark:     AGPRs: 0 [-Rpass-analysis=kernel-resource-usage]
kernel_mxfp8_layouts.cpp:3843:1: remark:     ScratchSize [bytes/lane]: 0 [-Rpass-analysis=kernel-resource-usage]
kernel_mxfp8_layouts.cpp:3843:1: remark:     Dynamic Stack: False [-Rpass-analysis=kernel-resource-usage]
kernel_mxfp8_layouts.cpp:3843:1: remark:     Occupancy [waves/SIMD]: 2 [-Rpass-analysis=kernel-resource-usage]
kernel_mxfp8_layouts.cpp:3843:1: remark:     SGPRs Spill: 0 [-Rpass-analysis=kernel-resource-usage]
kernel_mxfp8_layouts.cpp:3843:1: remark:     VGPRs Spill: 0 [-Rpass-analysis=kernel-resource-usage]
kernel_mxfp8_layouts.cpp:3843:1: remark:     LDS Size [bytes/block]: 139264 [-Rpass-analysis=kernel-resource-usage]
kernel_mxfp8_layouts.cpp:5443:1: remark: Function Name: _Z16gemm_tail_kernelIL6Layout0ELb0EEv14layout_globals [-Rpass-analysis=kernel-resource-usage]
 5443 | __global__ void gemm_tail_kernel(const layout_globals g) {
      | ^
kernel_mxfp8_layouts.cpp:5443:1: remark:     TotalSGPRs: 31 [-Rpass-analysis=kernel-resource-usage]
kernel_mxfp8_layouts.cpp:5443:1: remark:     VGPRs: 19 [-Rpass-analysis=kernel-resource-usage]
kernel_mxfp8_layouts.cpp:5443:1: remark:     AGPRs: 0 [-Rpass-analysis=kernel-resource-usage]
kernel_mxfp8_layouts.cpp:5443:1: remark:     ScratchSize [bytes/lane]: 0 [-Rpass-analysis=kernel-resource-usage]
kernel_mxfp8_layouts.cpp:5443:1: remark:     Dynamic Stack: False [-Rpass-analysis=kernel-resource-usage]
kernel_mxfp8_layouts.cpp:5443:1: remark:     Occupancy [waves/SIMD]: 8 [-Rpass-analysis=kernel-resource-usage]
kernel_mxfp8_layouts.cpp:5443:1: remark:     SGPRs Spill: 0 [-Rpass-analysis=kernel-resource-usage]
kernel_mxfp8_layouts.cpp:5443:1: remark:     VGPRs Spill: 0 [-Rpass-analysis=kernel-resource-usage]
kernel_mxfp8_layouts.cpp:5443:1: remark:     LDS Size [bytes/block]: 0 [-Rpass-analysis=kernel-resource-usage]
kernel_mxfp8_layouts.cpp:5443:1: remark: Function Name: _Z16gemm_tail_kernelIL6Layout0ELb1EEv14layout_globals [-Rpass-analysis=kernel-resource-usage]
kernel_mxfp8_layouts.cpp:5443:1: remark:     TotalSGPRs: 31 [-Rpass-analysis=kernel-resource-usage]
kernel_mxfp8_layouts.cpp:5443:1: remark:     VGPRs: 18 [-Rpass-analysis=kernel-resource-usage]
kernel_mxfp8_layouts.cpp:5443:1: remark:     AGPRs: 0 [-Rpass-analysis=kernel-resource-usage]
kernel_mxfp8_layouts.cpp:5443:1: remark:     ScratchSize [bytes/lane]: 0 [-Rpass-analysis=kernel-resource-usage]
kernel_mxfp8_layouts.cpp:5443:1: remark:     Dynamic Stack: False [-Rpass-analysis=kernel-resource-usage]
kernel_mxfp8_layouts.cpp:5443:1: remark:     Occupancy [waves/SIMD]: 8 [-Rpass-analysis=kernel-resource-usage]
kernel_mxfp8_layouts.cpp:5443:1: remark:     SGPRs Spill: 0 [-Rpass-analysis=kernel-resource-usage]
kernel_mxfp8_layouts.cpp:5443:1: remark:     VGPRs Spill: 0 [-Rpass-analysis=kernel-resource-usage]
kernel_mxfp8_layouts.cpp:5443:1: remark:     LDS Size [bytes/block]: 0 [-Rpass-analysis=kernel-resource-usage]
kernel_mxfp8_layouts.cpp:5443:1: remark: Function Name: _Z16gemm_tail_kernelIL6Layout1ELb0EEv14layout_globals [-Rpass-analysis=kernel-resource-usage]
kernel_mxfp8_layouts.cpp:5443:1: remark:     TotalSGPRs: 30 [-Rpass-analysis=kernel-resource-usage]
kernel_mxfp8_layouts.cpp:5443:1: remark:     VGPRs: 18 [-Rpass-analysis=kernel-resource-usage]
kernel_mxfp8_layouts.cpp:5443:1: remark:     AGPRs: 0 [-Rpass-analysis=kernel-resource-usage]
kernel_mxfp8_layouts.cpp:5443:1: remark:     ScratchSize [bytes/lane]: 0 [-Rpass-analysis=kernel-resource-usage]
kernel_mxfp8_layouts.cpp:5443:1: remark:     Dynamic Stack: False [-Rpass-analysis=kernel-resource-usage]
kernel_mxfp8_layouts.cpp:5443:1: remark:     Occupancy [waves/SIMD]: 8 [-Rpass-analysis=kernel-resource-usage]
kernel_mxfp8_layouts.cpp:5443:1: remark:     SGPRs Spill: 0 [-Rpass-analysis=kernel-resource-usage]
kernel_mxfp8_layouts.cpp:5443:1: remark:     VGPRs Spill: 0 [-Rpass-analysis=kernel-resource-usage]
kernel_mxfp8_layouts.cpp:5443:1: remark:     LDS Size [bytes/block]: 0 [-Rpass-analysis=kernel-resource-usage]
kernel_mxfp8_layouts.cpp:5443:1: remark: Function Name: _Z16gemm_tail_kernelIL6Layout1ELb1EEv14layout_globals [-Rpass-analysis=kernel-resource-usage]
kernel_mxfp8_layouts.cpp:5443:1: remark:     TotalSGPRs: 31 [-Rpass-analysis=kernel-resource-usage]
kernel_mxfp8_layouts.cpp:5443:1: remark:     VGPRs: 17 [-Rpass-analysis=kernel-resource-usage]
kernel_mxfp8_layouts.cpp:5443:1: remark:     AGPRs: 0 [-Rpass-analysis=kernel-resource-usage]
kernel_mxfp8_layouts.cpp:5443:1: remark:     ScratchSize [bytes/lane]: 0 [-Rpass-analysis=kernel-resource-usage]
kernel_mxfp8_layouts.cpp:5443:1: remark:     Dynamic Stack: False [-Rpass-analysis=kernel-resource-usage]
kernel_mxfp8_layouts.cpp:5443:1: remark:     Occupancy [waves/SIMD]: 8 [-Rpass-analysis=kernel-resource-usage]
kernel_mxfp8_layouts.cpp:5443:1: remark:     SGPRs Spill: 0 [-Rpass-analysis=kernel-resource-usage]
kernel_mxfp8_layouts.cpp:5443:1: remark:     VGPRs Spill: 0 [-Rpass-analysis=kernel-resource-usage]
kernel_mxfp8_layouts.cpp:5443:1: remark:     LDS Size [bytes/block]: 0 [-Rpass-analysis=kernel-resource-usage]
kernel_mxfp8_layouts.cpp:5443:1: remark: Function Name: _Z16gemm_tail_kernelIL6Layout2ELb0EEv14layout_globals [-Rpass-analysis=kernel-resource-usage]
kernel_mxfp8_layouts.cpp:5443:1: remark:     TotalSGPRs: 30 [-Rpass-analysis=kernel-resource-usage]
kernel_mxfp8_layouts.cpp:5443:1: remark:     VGPRs: 17 [-Rpass-analysis=kernel-resource-usage]
kernel_mxfp8_layouts.cpp:5443:1: remark:     AGPRs: 0 [-Rpass-analysis=kernel-resource-usage]
kernel_mxfp8_layouts.cpp:5443:1: remark:     ScratchSize [bytes/lane]: 0 [-Rpass-analysis=kernel-resource-usage]
kernel_mxfp8_layouts.cpp:5443:1: remark:     Dynamic Stack: False [-Rpass-analysis=kernel-resource-usage]
kernel_mxfp8_layouts.cpp:5443:1: remark:     Occupancy [waves/SIMD]: 8 [-Rpass-analysis=kernel-resource-usage]
kernel_mxfp8_layouts.cpp:5443:1: remark:     SGPRs Spill: 0 [-Rpass-analysis=kernel-resource-usage]
kernel_mxfp8_layouts.cpp:5443:1: remark:     VGPRs Spill: 0 [-Rpass-analysis=kernel-resource-usage]
kernel_mxfp8_layouts.cpp:5443:1: remark:     LDS Size [bytes/block]: 0 [-Rpass-analysis=kernel-resource-usage]
kernel_mxfp8_layouts.cpp:5443:1: remark: Function Name: _Z16gemm_tail_kernelIL6Layout2ELb1EEv14layout_globals [-Rpass-analysis=kernel-resource-usage]
kernel_mxfp8_layouts.cpp:5443:1: remark:     TotalSGPRs: 31 [-Rpass-analysis=kernel-resource-usage]
kernel_mxfp8_layouts.cpp:5443:1: remark:     VGPRs: 16 [-Rpass-analysis=kernel-resource-usage]
kernel_mxfp8_layouts.cpp:5443:1: remark:     AGPRs: 0 [-Rpass-analysis=kernel-resource-usage]
kernel_mxfp8_layouts.cpp:5443:1: remark:     ScratchSize [bytes/lane]: 0 [-Rpass-analysis=kernel-resource-usage]
kernel_mxfp8_layouts.cpp:5443:1: remark:     Dynamic Stack: False [-Rpass-analysis=kernel-resource-usage]
kernel_mxfp8_layouts.cpp:5443:1: remark:     Occupancy [waves/SIMD]: 8 [-Rpass-analysis=kernel-resource-usage]
kernel_mxfp8_layouts.cpp:5443:1: remark:     SGPRs Spill: 0 [-Rpass-analysis=kernel-resource-usage]
kernel_mxfp8_layouts.cpp:5443:1: remark:     VGPRs Spill: 0 [-Rpass-analysis=kernel-resource-usage]
kernel_mxfp8_layouts.cpp:5443:1: remark:     LDS Size [bytes/block]: 0 [-Rpass-analysis=kernel-resource-usage]
kernel_mxfp8_layouts.cpp:6189:1: remark: Function Name: _Z26diag_load_transpose_kernelN7kittens2glI14__hip_fp8_e4m3Lin1ELin1ELin1ELin1EJEEEPS1_ [-Rpass-analysis=kernel-resource-usage]
 6189 | {
      | ^
kernel_mxfp8_layouts.cpp:6189:1: remark:     TotalSGPRs: 14 [-Rpass-analysis=kernel-resource-usage]
kernel_mxfp8_layouts.cpp:6189:1: remark:     VGPRs: 9 [-Rpass-analysis=kernel-resource-usage]
kernel_mxfp8_layouts.cpp:6189:1: remark:     AGPRs: 0 [-Rpass-analysis=kernel-resource-usage]
kernel_mxfp8_layouts.cpp:6189:1: remark:     ScratchSize [bytes/lane]: 0 [-Rpass-analysis=kernel-resource-usage]
kernel_mxfp8_layouts.cpp:6189:1: remark:     Dynamic Stack: False [-Rpass-analysis=kernel-resource-usage]
kernel_mxfp8_layouts.cpp:6189:1: remark:     Occupancy [waves/SIMD]: 8 [-Rpass-analysis=kernel-resource-usage]
kernel_mxfp8_layouts.cpp:6189:1: remark:     SGPRs Spill: 0 [-Rpass-analysis=kernel-resource-usage]
kernel_mxfp8_layouts.cpp:6189:1: remark:     VGPRs Spill: 0 [-Rpass-analysis=kernel-resource-usage]
kernel_mxfp8_layouts.cpp:6189:1: remark:     LDS Size [bytes/block]: 16384 [-Rpass-analysis=kernel-resource-usage]
kernel_mxfp8_layouts.cpp:2370:1: remark: Function Name: _Z29rcr_exact_8wave_scaled_kernelILb0ELi1EEv14layout_globals [-Rpass-analysis=kernel-resource-usage]
 2370 | void rcr_exact_8wave_scaled_kernel(const layout_globals g) {
      | ^
kernel_mxfp8_layouts.cpp:2370:1: remark:     TotalSGPRs: 51 [-Rpass-analysis=kernel-resource-usage]
kernel_mxfp8_layouts.cpp:2370:1: remark:     VGPRs: 256 [-Rpass-analysis=kernel-resource-usage]
kernel_mxfp8_layouts.cpp:2370:1: remark:     AGPRs: 0 [-Rpass-analysis=kernel-resource-usage]
kernel_mxfp8_layouts.cpp:2370:1: remark:     ScratchSize [bytes/lane]: 168 [-Rpass-analysis=kernel-resource-usage]
kernel_mxfp8_layouts.cpp:2370:1: remark:     Dynamic Stack: False [-Rpass-analysis=kernel-resource-usage]
kernel_mxfp8_layouts.cpp:2370:1: remark:     Occupancy [waves/SIMD]: 2 [-Rpass-analysis=kernel-resource-usage]
kernel_mxfp8_layouts.cpp:2370:1: remark:     SGPRs Spill: 0 [-Rpass-analysis=kernel-resource-usage]
kernel_mxfp8_layouts.cpp:2370:1: remark:     VGPRs Spill: 41 [-Rpass-analysis=kernel-resource-usage]
kernel_mxfp8_layouts.cpp:2370:1: remark:     LDS Size [bytes/block]: 131072 [-Rpass-analysis=kernel-resource-usage]
In file included from kernel_mxfp8_layouts.cpp:3759:
./rrr_mxfp8_exact_8wave_fastpath.inc:39:1: remark: Function Name: _Z29rrr_exact_8wave_scaled_kernelILb0ELi1EEv14layout_globals [-Rpass-analysis=kernel-resource-usage]
   39 | void rrr_exact_8wave_scaled_kernel(const layout_globals g) {
      | ^
./rrr_mxfp8_exact_8wave_fastpath.inc:39:1: remark:     TotalSGPRs: 43 [-Rpass-analysis=kernel-resource-usage]
./rrr_mxfp8_exact_8wave_fastpath.inc:39:1: remark:     VGPRs: 256 [-Rpass-analysis=kernel-resource-usage]
./rrr_mxfp8_exact_8wave_fastpath.inc:39:1: remark:     AGPRs: 0 [-Rpass-analysis=kernel-resource-usage]
./rrr_mxfp8_exact_8wave_fastpath.inc:39:1: remark:     ScratchSize [bytes/lane]: 204 [-Rpass-analysis=kernel-resource-usage]
./rrr_mxfp8_exact_8wave_fastpath.inc:39:1: remark:     Dynamic Stack: False [-Rpass-analysis=kernel-resource-usage]
./rrr_mxfp8_exact_8wave_fastpath.inc:39:1: remark:     Occupancy [waves/SIMD]: 2 [-Rpass-analysis=kernel-resource-usage]
./rrr_mxfp8_exact_8wave_fastpath.inc:39:1: remark:     SGPRs Spill: 0 [-Rpass-analysis=kernel-resource-usage]
./rrr_mxfp8_exact_8wave_fastpath.inc:39:1: remark:     VGPRs Spill: 50 [-Rpass-analysis=kernel-resource-usage]
./rrr_mxfp8_exact_8wave_fastpath.inc:39:1: remark:     LDS Size [bytes/block]: 135168 [-Rpass-analysis=kernel-resource-usage]
In file included from kernel_mxfp8_layouts.cpp:3760:
./crr_mxfp8_exact_8wave_fastpath.inc:246:1: remark: Function Name: _Z29crr_exact_8wave_scaled_kernelILb0ELi1EEv14layout_globals [-Rpass-analysis=kernel-resource-usage]
  246 | {
      | ^
./crr_mxfp8_exact_8wave_fastpath.inc:246:1: remark:     TotalSGPRs: 51 [-Rpass-analysis=kernel-resource-usage]
./crr_mxfp8_exact_8wave_fastpath.inc:246:1: remark:     VGPRs: 256 [-Rpass-analysis=kernel-resource-usage]
./crr_mxfp8_exact_8wave_fastpath.inc:246:1: remark:     AGPRs: 0 [-Rpass-analysis=kernel-resource-usage]
./crr_mxfp8_exact_8wave_fastpath.inc:246:1: remark:     ScratchSize [bytes/lane]: 56 [-Rpass-analysis=kernel-resource-usage]
./crr_mxfp8_exact_8wave_fastpath.inc:246:1: remark:     Dynamic Stack: False [-Rpass-analysis=kernel-resource-usage]
./crr_mxfp8_exact_8wave_fastpath.inc:246:1: remark:     Occupancy [waves/SIMD]: 2 [-Rpass-analysis=kernel-resource-usage]
./crr_mxfp8_exact_8wave_fastpath.inc:246:1: remark:     SGPRs Spill: 0 [-Rpass-analysis=kernel-resource-usage]
./crr_mxfp8_exact_8wave_fastpath.inc:246:1: remark:     VGPRs Spill: 13 [-Rpass-analysis=kernel-resource-usage]
./crr_mxfp8_exact_8wave_fastpath.inc:246:1: remark:     LDS Size [bytes/block]: 139264 [-Rpass-analysis=kernel-resource-usage]
kernel_mxfp8_layouts.cpp:2370:1: remark: Function Name: _Z29rcr_exact_8wave_scaled_kernelILb1ELi1EEv14layout_globals [-Rpass-analysis=kernel-resource-usage]
 2370 | void rcr_exact_8wave_scaled_kernel(const layout_globals g) {
      | ^
kernel_mxfp8_layouts.cpp:2370:1: remark:     TotalSGPRs: 72 [-Rpass-analysis=kernel-resource-usage]
kernel_mxfp8_layouts.cpp:2370:1: remark:     VGPRs: 256 [-Rpass-analysis=kernel-resource-usage]
kernel_mxfp8_layouts.cpp:2370:1: remark:     AGPRs: 0 [-Rpass-analysis=kernel-resource-usage]
kernel_mxfp8_layouts.cpp:2370:1: remark:     ScratchSize [bytes/lane]: 0 [-Rpass-analysis=kernel-resource-usage]
kernel_mxfp8_layouts.cpp:2370:1: remark:     Dynamic Stack: False [-Rpass-analysis=kernel-resource-usage]
kernel_mxfp8_layouts.cpp:2370:1: remark:     Occupancy [waves/SIMD]: 2 [-Rpass-analysis=kernel-resource-usage]
kernel_mxfp8_layouts.cpp:2370:1: remark:     SGPRs Spill: 0 [-Rpass-analysis=kernel-resource-usage]
kernel_mxfp8_layouts.cpp:2370:1: remark:     VGPRs Spill: 0 [-Rpass-analysis=kernel-resource-usage]
kernel_mxfp8_layouts.cpp:2370:1: remark:     LDS Size [bytes/block]: 131072 [-Rpass-analysis=kernel-resource-usage]
In file included from kernel_mxfp8_layouts.cpp:3759:
./rrr_mxfp8_exact_8wave_fastpath.inc:39:1: remark: Function Name: _Z29rrr_exact_8wave_scaled_kernelILb1ELi1EEv14layout_globals [-Rpass-analysis=kernel-resource-usage]
   39 | void rrr_exact_8wave_scaled_kernel(const layout_globals g) {
      | ^
./rrr_mxfp8_exact_8wave_fastpath.inc:39:1: remark:     TotalSGPRs: 41 [-Rpass-analysis=kernel-resource-usage]
./rrr_mxfp8_exact_8wave_fastpath.inc:39:1: remark:     VGPRs: 256 [-Rpass-analysis=kernel-resource-usage]
./rrr_mxfp8_exact_8wave_fastpath.inc:39:1: remark:     AGPRs: 0 [-Rpass-analysis=kernel-resource-usage]
./rrr_mxfp8_exact_8wave_fastpath.inc:39:1: remark:     ScratchSize [bytes/lane]: 68 [-Rpass-analysis=kernel-resource-usage]
./rrr_mxfp8_exact_8wave_fastpath.inc:39:1: remark:     Dynamic Stack: False [-Rpass-analysis=kernel-resource-usage]
./rrr_mxfp8_exact_8wave_fastpath.inc:39:1: remark:     Occupancy [waves/SIMD]: 2 [-Rpass-analysis=kernel-resource-usage]
./rrr_mxfp8_exact_8wave_fastpath.inc:39:1: remark:     SGPRs Spill: 0 [-Rpass-analysis=kernel-resource-usage]
./rrr_mxfp8_exact_8wave_fastpath.inc:39:1: remark:     VGPRs Spill: 16 [-Rpass-analysis=kernel-resource-usage]
./rrr_mxfp8_exact_8wave_fastpath.inc:39:1: remark:     LDS Size [bytes/block]: 135168 [-Rpass-analysis=kernel-resource-usage]
In file included from kernel_mxfp8_layouts.cpp:3760:
./crr_mxfp8_exact_8wave_fastpath.inc:246:1: remark: Function Name: _Z29crr_exact_8wave_scaled_kernelILb1ELi1EEv14layout_globals [-Rpass-analysis=kernel-resource-usage]
  246 | {
      | ^
./crr_mxfp8_exact_8wave_fastpath.inc:246:1: remark:     TotalSGPRs: 66 [-Rpass-analysis=kernel-resource-usage]
./crr_mxfp8_exact_8wave_fastpath.inc:246:1: remark:     VGPRs: 232 [-Rpass-analysis=kernel-resource-usage]
./crr_mxfp8_exact_8wave_fastpath.inc:246:1: remark:     AGPRs: 0 [-Rpass-analysis=kernel-resource-usage]
./crr_mxfp8_exact_8wave_fastpath.inc:246:1: remark:     ScratchSize [bytes/lane]: 0 [-Rpass-analysis=kernel-resource-usage]
./crr_mxfp8_exact_8wave_fastpath.inc:246:1: remark:     Dynamic Stack: False [-Rpass-analysis=kernel-resource-usage]
./crr_mxfp8_exact_8wave_fastpath.inc:246:1: remark:     Occupancy [waves/SIMD]: 2 [-Rpass-analysis=kernel-resource-usage]
./crr_mxfp8_exact_8wave_fastpath.inc:246:1: remark:     SGPRs Spill: 0 [-Rpass-analysis=kernel-resource-usage]
./crr_mxfp8_exact_8wave_fastpath.inc:246:1: remark:     VGPRs Spill: 0 [-Rpass-analysis=kernel-resource-usage]
./crr_mxfp8_exact_8wave_fastpath.inc:246:1: remark:     LDS Size [bytes/block]: 139264 [-Rpass-analysis=kernel-resource-usage]
