W20260419 17:39:14.359729 139709354954240 simple_timer.cpp:55] [rocprofv3] tool initialization ::     0.141188 sec
W20260419 17:39:14.360094 139709354954240 simple_timer.cpp:55] [rocprofv3] 'python3 test_mxfp8_python.py 4096 8192 8192' ::     0.000000 sec
=== MXFP8 GEMM Layout Benchmark (preshuffle-quant): M=4096, N=8192, K=8192 ===
Warmup=3, iters=5, correctness=off
Layouts=crr

--- CRR Layout: C = A^T @ B ---
W20260419 17:39:15.285848 139709354954240 tool.cpp:2420] HSA version 8.19.0 initialized (instance=0)
  Avg time: 0.4296 ms, TFLOPS: 1279.61

Results saved to mxfp8_layout_results_4096x8192x8192_pq.json
W20260419 17:39:16.073934 139709354954240 simple_timer.cpp:55] [rocprofv3] 'python3 test_mxfp8_python.py 4096 8192 8192' ::     1.713840 sec
E20260419 17:39:16.190197 139709354954240 output_stream.cpp:111] Opened result file: r53c_pmc_results/QO_crr_set3/pmc_1/pt-test-2-l7n7x-master-0/2432836_counter_collection.csv
E20260419 17:39:16.228051 139709354954240 output_stream.cpp:111] Opened result file: r53c_pmc_results/QO_crr_set3/pmc_1/pt-test-2-l7n7x-master-0/2432836_agent_info.csv
W20260419 17:39:16.231184 139709354954240 simple_timer.cpp:55] [rocprofv3] output generation ::     0.143976 sec
W20260419 17:39:16.232911 139709354954240 simple_timer.cpp:55] [rocprofv3] tool finalization ::     0.145711 sec
W20260419 17:39:16.891392 140533405007360 simple_timer.cpp:55] [rocprofv3] tool initialization ::     0.142186 sec
W20260419 17:39:16.891607 140533405007360 simple_timer.cpp:55] [rocprofv3] 'python3 test_mxfp8_python.py 4096 8192 8192' ::     0.000001 sec
=== MXFP8 GEMM Layout Benchmark (preshuffle-quant): M=4096, N=8192, K=8192 ===
Warmup=3, iters=5, correctness=off
Layouts=crr

--- CRR Layout: C = A^T @ B ---
W20260419 17:39:17.806185 140533405007360 tool.cpp:2420] HSA version 8.19.0 initialized (instance=0)
  Avg time: 0.4323 ms, TFLOPS: 1271.70

Results saved to mxfp8_layout_results_4096x8192x8192_pq.json
W20260419 17:39:18.654527 140533405007360 simple_timer.cpp:55] [rocprofv3] 'python3 test_mxfp8_python.py 4096 8192 8192' ::     1.762921 sec
E20260419 17:39:18.741085 140533405007360 output_stream.cpp:111] Opened result file: r53c_pmc_results/QO_crr_set3/pmc_2/pt-test-2-l7n7x-master-0/2432913_counter_collection.csv
E20260419 17:39:18.778669 140533405007360 output_stream.cpp:111] Opened result file: r53c_pmc_results/QO_crr_set3/pmc_2/pt-test-2-l7n7x-master-0/2432913_agent_info.csv
W20260419 17:39:18.781517 140533405007360 simple_timer.cpp:55] [rocprofv3] output generation ::     0.113677 sec
W20260419 17:39:18.783105 140533405007360 simple_timer.cpp:55] [rocprofv3] tool finalization ::     0.115272 sec
W20260419 17:39:19.433199 140430597639680 simple_timer.cpp:55] [rocprofv3] tool initialization ::     0.145285 sec
W20260419 17:39:19.433434 140430597639680 simple_timer.cpp:55] [rocprofv3] 'python3 test_mxfp8_python.py 4096 8192 8192' ::     0.000000 sec
=== MXFP8 GEMM Layout Benchmark (preshuffle-quant): M=4096, N=8192, K=8192 ===
Warmup=3, iters=5, correctness=off
Layouts=crr

--- CRR Layout: C = A^T @ B ---
W20260419 17:39:20.350594 140430597639680 tool.cpp:2420] HSA version 8.19.0 initialized (instance=0)
  Avg time: 0.3500 ms, TFLOPS: 1570.75

Results saved to mxfp8_layout_results_4096x8192x8192_pq.json
W20260419 17:39:21.040562 140430597639680 simple_timer.cpp:55] [rocprofv3] 'python3 test_mxfp8_python.py 4096 8192 8192' ::     1.607129 sec
E20260419 17:39:21.141756 140430597639680 output_stream.cpp:111] Opened result file: r53c_pmc_results/QO_crr_set3/pmc_3/pt-test-2-l7n7x-master-0/2433041_counter_collection.csv
E20260419 17:39:21.181021 140430597639680 output_stream.cpp:111] Opened result file: r53c_pmc_results/QO_crr_set3/pmc_3/pt-test-2-l7n7x-master-0/2433041_agent_info.csv
W20260419 17:39:21.184117 140430597639680 simple_timer.cpp:55] [rocprofv3] output generation ::     0.129872 sec
W20260419 17:39:21.185744 140430597639680 simple_timer.cpp:55] [rocprofv3] tool finalization ::     0.131508 sec
W20260419 17:39:21.838028 140481410526720 simple_timer.cpp:55] [rocprofv3] tool initialization ::     0.141224 sec
W20260419 17:39:21.838262 140481410526720 simple_timer.cpp:55] [rocprofv3] 'python3 test_mxfp8_python.py 4096 8192 8192' ::     0.000001 sec
=== MXFP8 GEMM Layout Benchmark (preshuffle-quant): M=4096, N=8192, K=8192 ===
Warmup=3, iters=5, correctness=off
Layouts=crr

--- CRR Layout: C = A^T @ B ---
W20260419 17:39:22.786524 140481410526720 tool.cpp:2420] HSA version 8.19.0 initialized (instance=0)
  Avg time: 0.4228 ms, TFLOPS: 1300.24

Results saved to mxfp8_layout_results_4096x8192x8192_pq.json
W20260419 17:39:23.736947 140481410526720 simple_timer.cpp:55] [rocprofv3] 'python3 test_mxfp8_python.py 4096 8192 8192' ::     1.898685 sec
E20260419 17:39:23.832100 140481410526720 output_stream.cpp:111] Opened result file: r53c_pmc_results/QO_crr_set3/pmc_4/pt-test-2-l7n7x-master-0/2433122_counter_collection.csv
E20260419 17:39:23.869156 140481410526720 output_stream.cpp:111] Opened result file: r53c_pmc_results/QO_crr_set3/pmc_4/pt-test-2-l7n7x-master-0/2433122_agent_info.csv
W20260419 17:39:23.872240 140481410526720 simple_timer.cpp:55] [rocprofv3] output generation ::     0.121707 sec
W20260419 17:39:23.873696 140481410526720 simple_timer.cpp:55] [rocprofv3] tool finalization ::     0.123170 sec
W20260419 17:39:24.540129 140380784446976 simple_timer.cpp:55] [rocprofv3] tool initialization ::     0.150524 sec
W20260419 17:39:24.540341 140380784446976 simple_timer.cpp:55] [rocprofv3] 'python3 test_mxfp8_python.py 4096 8192 8192' ::     0.000000 sec
=== MXFP8 GEMM Layout Benchmark (preshuffle-quant): M=4096, N=8192, K=8192 ===
Warmup=3, iters=5, correctness=off
Layouts=crr

--- CRR Layout: C = A^T @ B ---
W20260419 17:39:25.476826 140380784446976 tool.cpp:2420] HSA version 8.19.0 initialized (instance=0)
  Avg time: 0.2837 ms, TFLOPS: 1937.66

Results saved to mxfp8_layout_results_4096x8192x8192_pq.json
W20260419 17:39:26.256853 140380784446976 simple_timer.cpp:55] [rocprofv3] 'python3 test_mxfp8_python.py 4096 8192 8192' ::     1.716512 sec
E20260419 17:39:26.365249 140380784446976 output_stream.cpp:111] Opened result file: r53c_pmc_results/QO_crr_set3/pmc_5/pt-test-2-l7n7x-master-0/2433216_counter_collection.csv
E20260419 17:39:26.415915 140380784446976 output_stream.cpp:111] Opened result file: r53c_pmc_results/QO_crr_set3/pmc_5/pt-test-2-l7n7x-master-0/2433216_agent_info.csv
W20260419 17:39:26.419176 140380784446976 simple_timer.cpp:55] [rocprofv3] output generation ::     0.148743 sec
W20260419 17:39:26.420762 140380784446976 simple_timer.cpp:55] [rocprofv3] tool finalization ::     0.150337 sec
