W20260420 00:39:11.480157 140054058470912 simple_timer.cpp:55] [rocprofv3] tool initialization ::     0.146503 sec
W20260420 00:39:11.480403 140054058470912 simple_timer.cpp:55] [rocprofv3] 'python3 test_python.py 4096 14336 4096' ::     0.000001 sec
=== FP8 GEMM Layout Benchmark (native layouts, no preshuffle): M=4096, N=14336, K=4096 ===
Warmup=100, iters=200, correctness=off
Layouts=rrr

--- RRR Layout: C = A @ B ---
W20260420 00:39:12.395266 140054058470912 tool.cpp:2420] HSA version 8.19.0 initialized (instance=0)
  Avg time: 0.2787 ms, TFLOPS: 1725.86

============================================================
Layout     Time (ms)    TFLOPS     % of RCR  
------------------------------------------------------------
RRR        0.2787       1725.86    0.00%
============================================================

95% target: NOT MET
  RRR: 0.00% of RCR

Results saved to fp8_layout_results_4096x14336x4096.json
W20260420 00:39:13.001132 140054058470912 simple_timer.cpp:55] [rocprofv3] 'python3 test_python.py 4096 14336 4096' ::     1.520730 sec
E20260420 00:39:13.084128 140054058470912 output_stream.cpp:111] Opened result file: /shared_nfs/kyle/test/Hipkittens2/analysis/fp8_gemm/mi350x/r55f_pmc_results/8B_GateUp_fp8_rrr_set3/pmc_1/pt-test-2-l7n7x-master-0/2942331_counter_collection.csv
E20260420 00:39:13.138630 140054058470912 output_stream.cpp:111] Opened result file: /shared_nfs/kyle/test/Hipkittens2/analysis/fp8_gemm/mi350x/r55f_pmc_results/8B_GateUp_fp8_rrr_set3/pmc_1/pt-test-2-l7n7x-master-0/2942331_agent_info.csv
W20260420 00:39:13.142100 140054058470912 simple_timer.cpp:55] [rocprofv3] output generation ::     0.139874 sec
W20260420 00:39:13.142541 140054058470912 simple_timer.cpp:55] [rocprofv3] tool finalization ::     0.140322 sec
W20260420 00:39:13.744607 140459582955008 simple_timer.cpp:55] [rocprofv3] tool initialization ::     0.154109 sec
W20260420 00:39:13.744822 140459582955008 simple_timer.cpp:55] [rocprofv3] 'python3 test_python.py 4096 14336 4096' ::     0.000000 sec
=== FP8 GEMM Layout Benchmark (native layouts, no preshuffle): M=4096, N=14336, K=4096 ===
Warmup=100, iters=200, correctness=off
Layouts=rrr

--- RRR Layout: C = A @ B ---
W20260420 00:39:14.640895 140459582955008 tool.cpp:2420] HSA version 8.19.0 initialized (instance=0)
  Avg time: 0.2811 ms, TFLOPS: 1711.42

============================================================
Layout     Time (ms)    TFLOPS     % of RCR  
------------------------------------------------------------
RRR        0.2811       1711.42    0.00%
============================================================

95% target: NOT MET
  RRR: 0.00% of RCR

Results saved to fp8_layout_results_4096x14336x4096.json
W20260420 00:39:15.281120 140459582955008 simple_timer.cpp:55] [rocprofv3] 'python3 test_python.py 4096 14336 4096' ::     1.536298 sec
E20260420 00:39:15.363781 140459582955008 output_stream.cpp:111] Opened result file: /shared_nfs/kyle/test/Hipkittens2/analysis/fp8_gemm/mi350x/r55f_pmc_results/8B_GateUp_fp8_rrr_set3/pmc_2/pt-test-2-l7n7x-master-0/2942451_counter_collection.csv
E20260420 00:39:15.418782 140459582955008 output_stream.cpp:111] Opened result file: /shared_nfs/kyle/test/Hipkittens2/analysis/fp8_gemm/mi350x/r55f_pmc_results/8B_GateUp_fp8_rrr_set3/pmc_2/pt-test-2-l7n7x-master-0/2942451_agent_info.csv
W20260420 00:39:15.422165 140459582955008 simple_timer.cpp:55] [rocprofv3] output generation ::     0.139855 sec
W20260420 00:39:15.422624 140459582955008 simple_timer.cpp:55] [rocprofv3] tool finalization ::     0.140321 sec
W20260420 00:39:16.040557 139731797200384 simple_timer.cpp:55] [rocprofv3] tool initialization ::     0.140665 sec
W20260420 00:39:16.040776 139731797200384 simple_timer.cpp:55] [rocprofv3] 'python3 test_python.py 4096 14336 4096' ::     0.000000 sec
=== FP8 GEMM Layout Benchmark (native layouts, no preshuffle): M=4096, N=14336, K=4096 ===
Warmup=100, iters=200, correctness=off
Layouts=rrr

--- RRR Layout: C = A @ B ---
W20260420 00:39:16.949726 139731797200384 tool.cpp:2420] HSA version 8.19.0 initialized (instance=0)
  Avg time: 0.2756 ms, TFLOPS: 1745.49

============================================================
Layout     Time (ms)    TFLOPS     % of RCR  
------------------------------------------------------------
RRR        0.2756       1745.49    0.00%
============================================================

95% target: NOT MET
  RRR: 0.00% of RCR

Results saved to fp8_layout_results_4096x14336x4096.json
W20260420 00:39:17.511449 139731797200384 simple_timer.cpp:55] [rocprofv3] 'python3 test_python.py 4096 14336 4096' ::     1.470673 sec
E20260420 00:39:17.580603 139731797200384 output_stream.cpp:111] Opened result file: /shared_nfs/kyle/test/Hipkittens2/analysis/fp8_gemm/mi350x/r55f_pmc_results/8B_GateUp_fp8_rrr_set3/pmc_3/pt-test-2-l7n7x-master-0/2942551_counter_collection.csv
E20260420 00:39:17.632909 139731797200384 output_stream.cpp:111] Opened result file: /shared_nfs/kyle/test/Hipkittens2/analysis/fp8_gemm/mi350x/r55f_pmc_results/8B_GateUp_fp8_rrr_set3/pmc_3/pt-test-2-l7n7x-master-0/2942551_agent_info.csv
W20260420 00:39:17.636249 139731797200384 simple_timer.cpp:55] [rocprofv3] output generation ::     0.123548 sec
W20260420 00:39:17.636716 139731797200384 simple_timer.cpp:55] [rocprofv3] tool finalization ::     0.124024 sec
W20260420 00:39:18.245906 139782177906176 simple_timer.cpp:55] [rocprofv3] tool initialization ::     0.142931 sec
W20260420 00:39:18.246157 139782177906176 simple_timer.cpp:55] [rocprofv3] 'python3 test_python.py 4096 14336 4096' ::     0.000001 sec
=== FP8 GEMM Layout Benchmark (native layouts, no preshuffle): M=4096, N=14336, K=4096 ===
Warmup=100, iters=200, correctness=off
Layouts=rrr

--- RRR Layout: C = A @ B ---
W20260420 00:39:19.174509 139782177906176 tool.cpp:2420] HSA version 8.19.0 initialized (instance=0)
  Avg time: 0.2797 ms, TFLOPS: 1719.94

============================================================
Layout     Time (ms)    TFLOPS     % of RCR  
------------------------------------------------------------
RRR        0.2797       1719.94    0.00%
============================================================

95% target: NOT MET
  RRR: 0.00% of RCR

Results saved to fp8_layout_results_4096x14336x4096.json
W20260420 00:39:19.707569 139782177906176 simple_timer.cpp:55] [rocprofv3] 'python3 test_python.py 4096 14336 4096' ::     1.461413 sec
E20260420 00:39:19.786812 139782177906176 output_stream.cpp:111] Opened result file: /shared_nfs/kyle/test/Hipkittens2/analysis/fp8_gemm/mi350x/r55f_pmc_results/8B_GateUp_fp8_rrr_set3/pmc_4/pt-test-2-l7n7x-master-0/2942650_counter_collection.csv
E20260420 00:39:19.835744 139782177906176 output_stream.cpp:111] Opened result file: /shared_nfs/kyle/test/Hipkittens2/analysis/fp8_gemm/mi350x/r55f_pmc_results/8B_GateUp_fp8_rrr_set3/pmc_4/pt-test-2-l7n7x-master-0/2942650_agent_info.csv
W20260420 00:39:19.839143 139782177906176 simple_timer.cpp:55] [rocprofv3] output generation ::     0.130396 sec
W20260420 00:39:19.839593 139782177906176 simple_timer.cpp:55] [rocprofv3] tool finalization ::     0.130852 sec
W20260420 00:39:20.430894 140688700345856 simple_timer.cpp:55] [rocprofv3] tool initialization ::     0.142431 sec
W20260420 00:39:20.431118 140688700345856 simple_timer.cpp:55] [rocprofv3] 'python3 test_python.py 4096 14336 4096' ::     0.000000 sec
=== FP8 GEMM Layout Benchmark (native layouts, no preshuffle): M=4096, N=14336, K=4096 ===
Warmup=100, iters=200, correctness=off
Layouts=rrr

--- RRR Layout: C = A @ B ---
W20260420 00:39:21.340952 140688700345856 tool.cpp:2420] HSA version 8.19.0 initialized (instance=0)
  Avg time: 0.2341 ms, TFLOPS: 2054.43

============================================================
Layout     Time (ms)    TFLOPS     % of RCR  
------------------------------------------------------------
RRR        0.2341       2054.43    0.00%
============================================================

95% target: NOT MET
  RRR: 0.00% of RCR

Results saved to fp8_layout_results_4096x14336x4096.json
W20260420 00:39:21.902128 140688700345856 simple_timer.cpp:55] [rocprofv3] 'python3 test_python.py 4096 14336 4096' ::     1.471010 sec
E20260420 00:39:22.000163 140688700345856 output_stream.cpp:111] Opened result file: /shared_nfs/kyle/test/Hipkittens2/analysis/fp8_gemm/mi350x/r55f_pmc_results/8B_GateUp_fp8_rrr_set3/pmc_5/pt-test-2-l7n7x-master-0/2942735_counter_collection.csv
E20260420 00:39:22.058872 140688700345856 output_stream.cpp:111] Opened result file: /shared_nfs/kyle/test/Hipkittens2/analysis/fp8_gemm/mi350x/r55f_pmc_results/8B_GateUp_fp8_rrr_set3/pmc_5/pt-test-2-l7n7x-master-0/2942735_agent_info.csv
W20260420 00:39:22.062325 140688700345856 simple_timer.cpp:55] [rocprofv3] output generation ::     0.158859 sec
W20260420 00:39:22.062766 140688700345856 simple_timer.cpp:55] [rocprofv3] tool finalization ::     0.159308 sec
