----- run 1 -----
=== MXFP8 GEMM Layout Benchmark (preshuffle-quant): M=4096, N=28672, K=8192 ===
Warmup=100, iters=200, correctness=on
SNR threshold=48.0 dB, determinism_runs=3
Layouts=crr

--- CRR Layout: C = A^T @ B ---
[R55B-DEBUG-3] dispatch_pq_v2 entry: L=2 g.m=0 g.n=0 g.k=0 a.cols=4096 c.rows=4096 c.cols=28672
  Avg time: 0.7767 ms, TFLOPS: 2477.29
  [CRR] Correctness (rtol=0.1000, atol=3.0):
    Max  abs error: 0.0312, Mean abs error: 0.0022
    Max  rel error: 0.0078, Mean rel error: 0.0017
    SNR: 49.60 dB (threshold 48.0 dB)
    Pass rate: 117440512/117440512 (100.00%)
    Result: PASS
  [CRR] Determinism (3 runs): PASS

Results saved to mxfp8_layout_results_4096x28672x8192_pq.json
----- run 2 -----
=== MXFP8 GEMM Layout Benchmark (preshuffle-quant): M=4096, N=28672, K=8192 ===
Warmup=100, iters=200, correctness=on
SNR threshold=48.0 dB, determinism_runs=3
Layouts=crr

--- CRR Layout: C = A^T @ B ---
[R55B-DEBUG-3] dispatch_pq_v2 entry: L=2 g.m=0 g.n=0 g.k=0 a.cols=4096 c.rows=4096 c.cols=28672
  Avg time: 0.7783 ms, TFLOPS: 2472.34
  [CRR] Correctness (rtol=0.1000, atol=3.0):
    Max  abs error: 0.0312, Mean abs error: 0.0022
    Max  rel error: 0.0078, Mean rel error: 0.0017
    SNR: 49.60 dB (threshold 48.0 dB)
    Pass rate: 117440512/117440512 (100.00%)
    Result: PASS
  [CRR] Determinism (3 runs): PASS

Results saved to mxfp8_layout_results_4096x28672x8192_pq.json
----- run 3 -----
=== MXFP8 GEMM Layout Benchmark (preshuffle-quant): M=4096, N=28672, K=8192 ===
Warmup=100, iters=200, correctness=on
SNR threshold=48.0 dB, determinism_runs=3
Layouts=crr

--- CRR Layout: C = A^T @ B ---
[R55B-DEBUG-3] dispatch_pq_v2 entry: L=2 g.m=0 g.n=0 g.k=0 a.cols=4096 c.rows=4096 c.cols=28672
  Avg time: 0.7789 ms, TFLOPS: 2470.35
  [CRR] Correctness (rtol=0.1000, atol=3.0):
    Max  abs error: 0.0312, Mean abs error: 0.0022
    Max  rel error: 0.0078, Mean rel error: 0.0017
    SNR: 49.60 dB (threshold 48.0 dB)
    Pass rate: 117440512/117440512 (100.00%)
    Result: PASS
  [CRR] Determinism (3 runs): PASS

Results saved to mxfp8_layout_results_4096x28672x8192_pq.json
----- run 4 -----
=== MXFP8 GEMM Layout Benchmark (preshuffle-quant): M=4096, N=28672, K=8192 ===
Warmup=100, iters=200, correctness=on
SNR threshold=48.0 dB, determinism_runs=3
Layouts=crr

--- CRR Layout: C = A^T @ B ---
[R55B-DEBUG-3] dispatch_pq_v2 entry: L=2 g.m=0 g.n=0 g.k=0 a.cols=4096 c.rows=4096 c.cols=28672
  Avg time: 0.7794 ms, TFLOPS: 2468.82
  [CRR] Correctness (rtol=0.1000, atol=3.0):
    Max  abs error: 0.0312, Mean abs error: 0.0022
    Max  rel error: 0.0078, Mean rel error: 0.0017
    SNR: 49.60 dB (threshold 48.0 dB)
    Pass rate: 117440512/117440512 (100.00%)
    Result: PASS
  [CRR] Determinism (3 runs): PASS

Results saved to mxfp8_layout_results_4096x28672x8192_pq.json
----- run 5 -----
=== MXFP8 GEMM Layout Benchmark (preshuffle-quant): M=4096, N=28672, K=8192 ===
Warmup=100, iters=200, correctness=on
SNR threshold=48.0 dB, determinism_runs=3
Layouts=crr

--- CRR Layout: C = A^T @ B ---
[R55B-DEBUG-3] dispatch_pq_v2 entry: L=2 g.m=0 g.n=0 g.k=0 a.cols=4096 c.rows=4096 c.cols=28672
  Avg time: 0.7845 ms, TFLOPS: 2452.77
  [CRR] Correctness (rtol=0.1000, atol=3.0):
    Max  abs error: 0.0312, Mean abs error: 0.0022
    Max  rel error: 0.0078, Mean rel error: 0.0017
    SNR: 49.60 dB (threshold 48.0 dB)
    Pass rate: 117440512/117440512 (100.00%)
    Result: PASS
  [CRR] Determinism (3 runs): PASS

Results saved to mxfp8_layout_results_4096x28672x8192_pq.json
