W20260419 17:42:16.164468 140598628949504 simple_timer.cpp:55] [rocprofv3] tool initialization ::     0.143262 sec
W20260419 17:42:16.164701 140598628949504 simple_timer.cpp:55] [rocprofv3] 'python3 test_python.py 4096 8192 8192' ::     0.000000 sec
=== FP8 GEMM Layout Benchmark (native layouts, no preshuffle): M=4096, N=8192, K=8192 ===
Warmup=3, iters=5, correctness=off
Layouts=crr

--- CRR Layout: C = A^T @ B ---
W20260419 17:42:17.142833 140598628949504 tool.cpp:2420] HSA version 8.19.0 initialized (instance=0)
  Avg time: 0.4631 ms, TFLOPS: 1187.24

============================================================
Layout     Time (ms)    TFLOPS     % of RCR  
------------------------------------------------------------
CRR        0.4631       1187.24    0.00%
============================================================

95% target: NOT MET
  CRR: 0.00% of RCR

Results saved to fp8_layout_results_4096x8192x8192.json
W20260419 17:42:17.535684 140598628949504 simple_timer.cpp:55] [rocprofv3] 'python3 test_python.py 4096 8192 8192' ::     1.370983 sec
E20260419 17:42:17.610171 140598628949504 output_stream.cpp:111] Opened result file: r53c_pmc_results/fp8_QO_crr_set1/pmc_1/pt-test-2-l7n7x-master-0/2438907_counter_collection.csv
E20260419 17:42:17.648382 140598628949504 output_stream.cpp:111] Opened result file: r53c_pmc_results/fp8_QO_crr_set1/pmc_1/pt-test-2-l7n7x-master-0/2438907_agent_info.csv
W20260419 17:42:17.651473 140598628949504 simple_timer.cpp:55] [rocprofv3] output generation ::     0.114512 sec
W20260419 17:42:17.651919 140598628949504 simple_timer.cpp:55] [rocprofv3] tool finalization ::     0.114965 sec
W20260419 17:42:18.363533 140258652925440 simple_timer.cpp:55] [rocprofv3] tool initialization ::     0.149123 sec
W20260419 17:42:18.363768 140258652925440 simple_timer.cpp:55] [rocprofv3] 'python3 test_python.py 4096 8192 8192' ::     0.000000 sec
=== FP8 GEMM Layout Benchmark (native layouts, no preshuffle): M=4096, N=8192, K=8192 ===
Warmup=3, iters=5, correctness=off
Layouts=crr

--- CRR Layout: C = A^T @ B ---
W20260419 17:42:19.282755 140258652925440 tool.cpp:2420] HSA version 8.19.0 initialized (instance=0)
  Avg time: 0.3142 ms, TFLOPS: 1749.59

============================================================
Layout     Time (ms)    TFLOPS     % of RCR  
------------------------------------------------------------
CRR        0.3142       1749.59    0.00%
============================================================

95% target: NOT MET
  CRR: 0.00% of RCR

Results saved to fp8_layout_results_4096x8192x8192.json
W20260419 17:42:19.664892 140258652925440 simple_timer.cpp:55] [rocprofv3] 'python3 test_python.py 4096 8192 8192' ::     1.301124 sec
E20260419 17:42:19.747725 140258652925440 output_stream.cpp:111] Opened result file: r53c_pmc_results/fp8_QO_crr_set1/pmc_2/pt-test-2-l7n7x-master-0/2439114_counter_collection.csv
E20260419 17:42:19.793801 140258652925440 output_stream.cpp:111] Opened result file: r53c_pmc_results/fp8_QO_crr_set1/pmc_2/pt-test-2-l7n7x-master-0/2439114_agent_info.csv
W20260419 17:42:19.796782 140258652925440 simple_timer.cpp:55] [rocprofv3] output generation ::     0.130609 sec
W20260419 17:42:19.797231 140258652925440 simple_timer.cpp:55] [rocprofv3] tool finalization ::     0.131065 sec
W20260419 17:42:20.457316 140656853941760 simple_timer.cpp:55] [rocprofv3] tool initialization ::     0.140679 sec
W20260419 17:42:20.457515 140656853941760 simple_timer.cpp:55] [rocprofv3] 'python3 test_python.py 4096 8192 8192' ::     0.000000 sec
=== FP8 GEMM Layout Benchmark (native layouts, no preshuffle): M=4096, N=8192, K=8192 ===
Warmup=3, iters=5, correctness=off
Layouts=crr

--- CRR Layout: C = A^T @ B ---
W20260419 17:42:21.397386 140656853941760 tool.cpp:2420] HSA version 8.19.0 initialized (instance=0)
  Avg time: 0.3977 ms, TFLOPS: 1382.40

============================================================
Layout     Time (ms)    TFLOPS     % of RCR  
------------------------------------------------------------
CRR        0.3977       1382.40    0.00%
============================================================

95% target: NOT MET
  CRR: 0.00% of RCR

Results saved to fp8_layout_results_4096x8192x8192.json
W20260419 17:42:21.794666 140656853941760 simple_timer.cpp:55] [rocprofv3] 'python3 test_python.py 4096 8192 8192' ::     1.337152 sec
E20260419 17:42:21.874441 140656853941760 output_stream.cpp:111] Opened result file: r53c_pmc_results/fp8_QO_crr_set1/pmc_3/pt-test-2-l7n7x-master-0/2439316_counter_collection.csv
E20260419 17:42:21.911900 140656853941760 output_stream.cpp:111] Opened result file: r53c_pmc_results/fp8_QO_crr_set1/pmc_3/pt-test-2-l7n7x-master-0/2439316_agent_info.csv
W20260419 17:42:21.915048 140656853941760 simple_timer.cpp:55] [rocprofv3] output generation ::     0.118997 sec
W20260419 17:42:21.915537 140656853941760 simple_timer.cpp:55] [rocprofv3] tool finalization ::     0.119495 sec
W20260419 17:42:22.612261 140271358729728 simple_timer.cpp:55] [rocprofv3] tool initialization ::     0.147150 sec
W20260419 17:42:22.612489 140271358729728 simple_timer.cpp:55] [rocprofv3] 'python3 test_python.py 4096 8192 8192' ::     0.000000 sec
=== FP8 GEMM Layout Benchmark (native layouts, no preshuffle): M=4096, N=8192, K=8192 ===
Warmup=3, iters=5, correctness=off
Layouts=crr

--- CRR Layout: C = A^T @ B ---
W20260419 17:42:23.513375 140271358729728 tool.cpp:2420] HSA version 8.19.0 initialized (instance=0)
  Avg time: 0.3880 ms, TFLOPS: 1417.06

============================================================
Layout     Time (ms)    TFLOPS     % of RCR  
------------------------------------------------------------
CRR        0.3880       1417.06    0.00%
============================================================

95% target: NOT MET
  CRR: 0.00% of RCR

Results saved to fp8_layout_results_4096x8192x8192.json
W20260419 17:42:23.876329 140271358729728 simple_timer.cpp:55] [rocprofv3] 'python3 test_python.py 4096 8192 8192' ::     1.263840 sec
E20260419 17:42:23.961346 140271358729728 output_stream.cpp:111] Opened result file: r53c_pmc_results/fp8_QO_crr_set1/pmc_4/pt-test-2-l7n7x-master-0/2439490_counter_collection.csv
E20260419 17:42:24.006109 140271358729728 output_stream.cpp:111] Opened result file: r53c_pmc_results/fp8_QO_crr_set1/pmc_4/pt-test-2-l7n7x-master-0/2439490_agent_info.csv
W20260419 17:42:24.009182 140271358729728 simple_timer.cpp:55] [rocprofv3] output generation ::     0.131602 sec
W20260419 17:42:24.009651 140271358729728 simple_timer.cpp:55] [rocprofv3] tool finalization ::     0.132079 sec
W20260419 17:42:24.694681 139784897015296 simple_timer.cpp:55] [rocprofv3] tool initialization ::     0.142890 sec
W20260419 17:42:24.694886 139784897015296 simple_timer.cpp:55] [rocprofv3] 'python3 test_python.py 4096 8192 8192' ::     0.000000 sec
=== FP8 GEMM Layout Benchmark (native layouts, no preshuffle): M=4096, N=8192, K=8192 ===
Warmup=3, iters=5, correctness=off
Layouts=crr

--- CRR Layout: C = A^T @ B ---
W20260419 17:42:25.634187 139784897015296 tool.cpp:2420] HSA version 8.19.0 initialized (instance=0)
W20260419 17:42:25.969129 139784897015296 tool.cpp:1189] Unable to find all counters for agent 2 (gpu-0, gfx950) in [ALUStalledByLDS, FetchSize, L2CacheHit, LDSBankConflict, MemUnitBusy, MemUnitStalled, MfmaUtil, VALUBusy]. Found: [FetchSize, LDSBankConflict, MemUnitStalled, MfmaUtil, VALUBusy]. Missing: [ALUStalledByLDS, L2CacheHit, MemUnitBusy]
W20260419 17:42:25.969288 139784897015296 tool.cpp:1189] Unable to find all counters for agent 3 (gpu-1, gfx950) in [ALUStalledByLDS, FetchSize, L2CacheHit, LDSBankConflict, MemUnitBusy, MemUnitStalled, MfmaUtil, VALUBusy]. Found: [FetchSize, LDSBankConflict, MemUnitStalled, MfmaUtil, VALUBusy]. Missing: [ALUStalledByLDS, L2CacheHit, MemUnitBusy]
W20260419 17:42:25.970771 139784897015296 tool.cpp:1189] Unable to find all counters for agent 4 (gpu-2, gfx950) in [ALUStalledByLDS, FetchSize, L2CacheHit, LDSBankConflict, MemUnitBusy, MemUnitStalled, MfmaUtil, VALUBusy]. Found: [FetchSize, LDSBankConflict, MemUnitStalled, MfmaUtil, VALUBusy]. Missing: [ALUStalledByLDS, L2CacheHit, MemUnitBusy]
W20260419 17:42:25.970808 139784897015296 tool.cpp:1189] Unable to find all counters for agent 5 (gpu-3, gfx950) in [ALUStalledByLDS, FetchSize, L2CacheHit, LDSBankConflict, MemUnitBusy, MemUnitStalled, MfmaUtil, VALUBusy]. Found: [FetchSize, LDSBankConflict, MemUnitStalled, MfmaUtil, VALUBusy]. Missing: [ALUStalledByLDS, L2CacheHit, MemUnitBusy]
W20260419 17:42:25.971825 139784897015296 tool.cpp:1189] Unable to find all counters for agent 6 (gpu-4, gfx950) in [ALUStalledByLDS, FetchSize, L2CacheHit, LDSBankConflict, MemUnitBusy, MemUnitStalled, MfmaUtil, VALUBusy]. Found: [FetchSize, LDSBankConflict, MemUnitStalled, MfmaUtil, VALUBusy]. Missing: [ALUStalledByLDS, L2CacheHit, MemUnitBusy]
W20260419 17:42:25.971858 139784897015296 tool.cpp:1189] Unable to find all counters for agent 7 (gpu-5, gfx950) in [ALUStalledByLDS, FetchSize, L2CacheHit, LDSBankConflict, MemUnitBusy, MemUnitStalled, MfmaUtil, VALUBusy]. Found: [FetchSize, LDSBankConflict, MemUnitStalled, MfmaUtil, VALUBusy]. Missing: [ALUStalledByLDS, L2CacheHit, MemUnitBusy]
W20260419 17:42:25.972830 139784897015296 tool.cpp:1189] Unable to find all counters for agent 8 (gpu-6, gfx950) in [ALUStalledByLDS, FetchSize, L2CacheHit, LDSBankConflict, MemUnitBusy, MemUnitStalled, MfmaUtil, VALUBusy]. Found: [FetchSize, LDSBankConflict, MemUnitStalled, MfmaUtil, VALUBusy]. Missing: [ALUStalledByLDS, L2CacheHit, MemUnitBusy]
W20260419 17:42:25.972861 139784897015296 tool.cpp:1189] Unable to find all counters for agent 9 (gpu-7, gfx950) in [ALUStalledByLDS, FetchSize, L2CacheHit, LDSBankConflict, MemUnitBusy, MemUnitStalled, MfmaUtil, VALUBusy]. Found: [FetchSize, LDSBankConflict, MemUnitStalled, MfmaUtil, VALUBusy]. Missing: [ALUStalledByLDS, L2CacheHit, MemUnitBusy]
  Avg time: 0.3853 ms, TFLOPS: 1426.86

============================================================
Layout     Time (ms)    TFLOPS     % of RCR  
------------------------------------------------------------
CRR        0.3853       1426.86    0.00%
============================================================

95% target: NOT MET
  CRR: 0.00% of RCR

Results saved to fp8_layout_results_4096x8192x8192.json
W20260419 17:42:26.141893 139784897015296 simple_timer.cpp:55] [rocprofv3] 'python3 test_python.py 4096 8192 8192' ::     1.447007 sec
E20260419 17:42:26.227376 139784897015296 output_stream.cpp:111] Opened result file: r53c_pmc_results/fp8_QO_crr_set1/pmc_5/pt-test-2-l7n7x-master-0/2439669_counter_collection.csv
E20260419 17:42:26.264806 139784897015296 output_stream.cpp:111] Opened result file: r53c_pmc_results/fp8_QO_crr_set1/pmc_5/pt-test-2-l7n7x-master-0/2439669_agent_info.csv
W20260419 17:42:26.267987 139784897015296 simple_timer.cpp:55] [rocprofv3] output generation ::     0.124891 sec
W20260419 17:42:26.268476 139784897015296 simple_timer.cpp:55] [rocprofv3] tool finalization ::     0.125387 sec
