W20260420 00:45:18.622336 139640570158592 simple_timer.cpp:55] [rocprofv3] tool initialization ::     0.143352 sec
W20260420 00:45:18.622594 139640570158592 simple_timer.cpp:55] [rocprofv3] 'python3 test_python.py 4096 8192 8192' ::     0.000001 sec
=== FP8 GEMM Layout Benchmark (native layouts, no preshuffle): M=4096, N=8192, K=8192 ===
Warmup=100, iters=200, correctness=off
Layouts=rrr

--- RRR Layout: C = A @ B ---
W20260420 00:45:19.507569 139640570158592 tool.cpp:2420] HSA version 8.19.0 initialized (instance=0)
  Avg time: 0.2800 ms, TFLOPS: 1963.08

============================================================
Layout     Time (ms)    TFLOPS     % of RCR  
------------------------------------------------------------
RRR        0.2800       1963.08    0.00%
============================================================

95% target: NOT MET
  RRR: 0.00% of RCR

Results saved to fp8_layout_results_4096x8192x8192.json
W20260420 00:45:20.005782 139640570158592 simple_timer.cpp:55] [rocprofv3] 'python3 test_python.py 4096 8192 8192' ::     1.383188 sec
E20260420 00:45:20.079354 139640570158592 output_stream.cpp:111] Opened result file: /shared_nfs/kyle/test/Hipkittens2/analysis/fp8_gemm/mi350x/r55f_pmc_results/70B_QO_fp8_rrr_set3/pmc_1/pt-test-2-l7n7x-master-0/2949875_counter_collection.csv
E20260420 00:45:20.138230 139640570158592 output_stream.cpp:111] Opened result file: /shared_nfs/kyle/test/Hipkittens2/analysis/fp8_gemm/mi350x/r55f_pmc_results/70B_QO_fp8_rrr_set3/pmc_1/pt-test-2-l7n7x-master-0/2949875_agent_info.csv
W20260420 00:45:20.141715 139640570158592 simple_timer.cpp:55] [rocprofv3] output generation ::     0.134717 sec
W20260420 00:45:20.142176 139640570158592 simple_timer.cpp:55] [rocprofv3] tool finalization ::     0.135186 sec
W20260420 00:45:20.755779 140301393219072 simple_timer.cpp:55] [rocprofv3] tool initialization ::     0.143791 sec
W20260420 00:45:20.756003 140301393219072 simple_timer.cpp:55] [rocprofv3] 'python3 test_python.py 4096 8192 8192' ::     0.000000 sec
=== FP8 GEMM Layout Benchmark (native layouts, no preshuffle): M=4096, N=8192, K=8192 ===
Warmup=100, iters=200, correctness=off
Layouts=rrr

--- RRR Layout: C = A @ B ---
W20260420 00:45:21.680478 140301393219072 tool.cpp:2420] HSA version 8.19.0 initialized (instance=0)
  Avg time: 0.2785 ms, TFLOPS: 1974.28

============================================================
Layout     Time (ms)    TFLOPS     % of RCR  
------------------------------------------------------------
RRR        0.2785       1974.28    0.00%
============================================================

95% target: NOT MET
  RRR: 0.00% of RCR

Results saved to fp8_layout_results_4096x8192x8192.json
W20260420 00:45:22.212741 140301393219072 simple_timer.cpp:55] [rocprofv3] 'python3 test_python.py 4096 8192 8192' ::     1.456738 sec
E20260420 00:45:22.293353 140301393219072 output_stream.cpp:111] Opened result file: /shared_nfs/kyle/test/Hipkittens2/analysis/fp8_gemm/mi350x/r55f_pmc_results/70B_QO_fp8_rrr_set3/pmc_2/pt-test-2-l7n7x-master-0/2950025_counter_collection.csv
E20260420 00:45:22.356414 140301393219072 output_stream.cpp:111] Opened result file: /shared_nfs/kyle/test/Hipkittens2/analysis/fp8_gemm/mi350x/r55f_pmc_results/70B_QO_fp8_rrr_set3/pmc_2/pt-test-2-l7n7x-master-0/2950025_agent_info.csv
W20260420 00:45:22.360285 140301393219072 simple_timer.cpp:55] [rocprofv3] output generation ::     0.146375 sec
W20260420 00:45:22.360750 140301393219072 simple_timer.cpp:55] [rocprofv3] tool finalization ::     0.146848 sec
W20260420 00:45:22.966148 140305629875712 simple_timer.cpp:55] [rocprofv3] tool initialization ::     0.142279 sec
W20260420 00:45:22.966383 140305629875712 simple_timer.cpp:55] [rocprofv3] 'python3 test_python.py 4096 8192 8192' ::     0.000000 sec
=== FP8 GEMM Layout Benchmark (native layouts, no preshuffle): M=4096, N=8192, K=8192 ===
Warmup=100, iters=200, correctness=off
Layouts=rrr

--- RRR Layout: C = A @ B ---
W20260420 00:45:23.919364 140305629875712 tool.cpp:2420] HSA version 8.19.0 initialized (instance=0)
  Avg time: 0.2500 ms, TFLOPS: 2198.67

============================================================
Layout     Time (ms)    TFLOPS     % of RCR  
------------------------------------------------------------
RRR        0.2500       2198.67    0.00%
============================================================

95% target: NOT MET
  RRR: 0.00% of RCR

Results saved to fp8_layout_results_4096x8192x8192.json
W20260420 00:45:24.476177 140305629875712 simple_timer.cpp:55] [rocprofv3] 'python3 test_python.py 4096 8192 8192' ::     1.509794 sec
E20260420 00:45:24.557039 140305629875712 output_stream.cpp:111] Opened result file: /shared_nfs/kyle/test/Hipkittens2/analysis/fp8_gemm/mi350x/r55f_pmc_results/70B_QO_fp8_rrr_set3/pmc_3/pt-test-2-l7n7x-master-0/2950109_counter_collection.csv
E20260420 00:45:24.609817 140305629875712 output_stream.cpp:111] Opened result file: /shared_nfs/kyle/test/Hipkittens2/analysis/fp8_gemm/mi350x/r55f_pmc_results/70B_QO_fp8_rrr_set3/pmc_3/pt-test-2-l7n7x-master-0/2950109_agent_info.csv
W20260420 00:45:24.613269 140305629875712 simple_timer.cpp:55] [rocprofv3] output generation ::     0.135838 sec
W20260420 00:45:24.613691 140305629875712 simple_timer.cpp:55] [rocprofv3] tool finalization ::     0.136267 sec
W20260420 00:45:25.230590 140395552366080 simple_timer.cpp:55] [rocprofv3] tool initialization ::     0.152020 sec
W20260420 00:45:25.230804 140395552366080 simple_timer.cpp:55] [rocprofv3] 'python3 test_python.py 4096 8192 8192' ::     0.000000 sec
=== FP8 GEMM Layout Benchmark (native layouts, no preshuffle): M=4096, N=8192, K=8192 ===
Warmup=100, iters=200, correctness=off
Layouts=rrr

--- RRR Layout: C = A @ B ---
W20260420 00:45:26.173618 140395552366080 tool.cpp:2420] HSA version 8.19.0 initialized (instance=0)
  Avg time: 0.2773 ms, TFLOPS: 1982.28

============================================================
Layout     Time (ms)    TFLOPS     % of RCR  
------------------------------------------------------------
RRR        0.2773       1982.28    0.00%
============================================================

95% target: NOT MET
  RRR: 0.00% of RCR

Results saved to fp8_layout_results_4096x8192x8192.json
W20260420 00:45:26.740317 140395552366080 simple_timer.cpp:55] [rocprofv3] 'python3 test_python.py 4096 8192 8192' ::     1.509513 sec
E20260420 00:45:26.854189 140395552366080 output_stream.cpp:111] Opened result file: /shared_nfs/kyle/test/Hipkittens2/analysis/fp8_gemm/mi350x/r55f_pmc_results/70B_QO_fp8_rrr_set3/pmc_4/pt-test-2-l7n7x-master-0/2950205_counter_collection.csv
E20260420 00:45:26.911311 140395552366080 output_stream.cpp:111] Opened result file: /shared_nfs/kyle/test/Hipkittens2/analysis/fp8_gemm/mi350x/r55f_pmc_results/70B_QO_fp8_rrr_set3/pmc_4/pt-test-2-l7n7x-master-0/2950205_agent_info.csv
W20260420 00:45:26.914754 140395552366080 simple_timer.cpp:55] [rocprofv3] output generation ::     0.173245 sec
W20260420 00:45:26.915212 140395552366080 simple_timer.cpp:55] [rocprofv3] tool finalization ::     0.173710 sec
W20260420 00:45:27.533584 139804687793664 simple_timer.cpp:55] [rocprofv3] tool initialization ::     0.143077 sec
W20260420 00:45:27.533830 139804687793664 simple_timer.cpp:55] [rocprofv3] 'python3 test_python.py 4096 8192 8192' ::     0.000000 sec
=== FP8 GEMM Layout Benchmark (native layouts, no preshuffle): M=4096, N=8192, K=8192 ===
Warmup=100, iters=200, correctness=off
Layouts=rrr

--- RRR Layout: C = A @ B ---
W20260420 00:45:28.473218 139804687793664 tool.cpp:2420] HSA version 8.19.0 initialized (instance=0)
  Avg time: 0.2305 ms, TFLOPS: 2385.49

============================================================
Layout     Time (ms)    TFLOPS     % of RCR  
------------------------------------------------------------
RRR        0.2305       2385.49    0.00%
============================================================

95% target: NOT MET
  RRR: 0.00% of RCR

Results saved to fp8_layout_results_4096x8192x8192.json
W20260420 00:45:29.106730 139804687793664 simple_timer.cpp:55] [rocprofv3] 'python3 test_python.py 4096 8192 8192' ::     1.572900 sec
E20260420 00:45:29.192292 139804687793664 output_stream.cpp:111] Opened result file: /shared_nfs/kyle/test/Hipkittens2/analysis/fp8_gemm/mi350x/r55f_pmc_results/70B_QO_fp8_rrr_set3/pmc_5/pt-test-2-l7n7x-master-0/2950283_counter_collection.csv
E20260420 00:45:29.276103 139804687793664 output_stream.cpp:111] Opened result file: /shared_nfs/kyle/test/Hipkittens2/analysis/fp8_gemm/mi350x/r55f_pmc_results/70B_QO_fp8_rrr_set3/pmc_5/pt-test-2-l7n7x-master-0/2950283_agent_info.csv
W20260420 00:45:29.279553 139804687793664 simple_timer.cpp:55] [rocprofv3] output generation ::     0.171642 sec
W20260420 00:45:29.279983 139804687793664 simple_timer.cpp:55] [rocprofv3] tool finalization ::     0.172078 sec
