===== R39 Dev B 8B-Gate 4-GPU STRICT-promote cell=8b_gate M=4096 N=14336 K=4096 phys_gpu=3 =====
[orchestrate] N_PAIRS=15 WARMUP=30 ITERS=50 PREHEAT=30s WARMUP_PAIRS=2
[orchestrate] R36/R38 3-gate: G1 sclk-post-preheat>=2200 G2a sclk-post-bench>=2200 G2b stdev/mean<=0.01, MAX_RETRIES=3, G1P_MIN_MEDIAN_TF=500
Sat Apr 18 15:50:07 UTC 2026
[pre-orchestrate sclk check]
GPU[3]		: sclk clock level: 1: (1702Mhz)
[build 8b_gate md5=fa6c3601e804a25b28942e77b1df2505 (cached)]
[bench attempt 1/3]
[bench rc=0]
[sclk-pre-preheat] GPU[3]		: sclk clock level: 1: (1705Mhz)
[preheat 30.0s] done 6140 iters
[sclk-post-preheat] GPU[3]		: sclk clock level: 1: (2235Mhz)
CORRECTNESS_CRR snr_db=49.61 pass_rate_pct=100.00 det_ok=True
CORRECTNESS_RRR snr_db=49.61 pass_rate_pct=100.00 det_ok=True
[sclk-pre-bench] GPU[3]		: sclk clock level: 1: (2359Mhz)
WARMUP 0 RRR=2399.67 CRR=2348.87 sclk=GPU[3]		: sclk clock level: 1: (2369Mhz)
WARMUP 1 RRR=2393.55 CRR=2383.55 sclk=GPU[3]		: sclk clock level: 1: (2358Mhz)
PAIR 0 RRR_1=2382.70 CRR_1=2372.60 RRR_2=2525.78 CRR_2=2417.42
PAIR 1 RRR_1=2483.66 CRR_1=2404.22 RRR_2=2536.16 CRR_2=2354.27
PAIR 2 RRR_1=2531.33 CRR_1=2420.49 RRR_2=2522.45 CRR_2=2415.69
PAIR 3 RRR_1=2509.44 CRR_1=2344.81 RRR_2=2318.01 CRR_2=2357.06
PAIR 4 RRR_1=2544.39 CRR_1=2381.55 RRR_2=2342.56 CRR_2=2385.81
PAIR 5 RRR_1=2506.25 CRR_1=2414.54 RRR_2=2500.13 CRR_2=2417.64
PAIR 6 RRR_1=2526.50 CRR_1=2382.98 RRR_2=2530.78 CRR_2=2359.91
PAIR 7 RRR_1=2530.56 CRR_1=2417.75 RRR_2=2488.02 CRR_2=2416.68
PAIR 8 RRR_1=2553.85 CRR_1=2420.10 RRR_2=2533.19 CRR_2=2419.42
PAIR 9 RRR_1=2511.86 CRR_1=2410.67 RRR_2=2550.28 CRR_2=2406.33
PAIR 10 RRR_1=2528.89 CRR_1=2387.82 RRR_2=2548.69 CRR_2=2386.86
PAIR 11 RRR_1=2491.90 CRR_1=2408.60 RRR_2=2510.10 CRR_2=2395.15
PAIR 12 RRR_1=2543.07 CRR_1=2417.68 RRR_2=2507.89 CRR_2=2383.52
PAIR 13 RRR_1=2522.68 CRR_1=2409.13 RRR_2=2512.63 CRR_2=2404.87
PAIR 14 RRR_1=2533.12 CRR_1=2365.09 RRR_2=2543.29 CRR_2=2366.42
[sclk-post-bench] GPU[3]		: sclk clock level: 1: (2339Mhz)
CRR  median=2404.54 mean=2394.84 stdev=23.39 n=30
RRR  median=2524.23 mean=2505.67 stdev=57.19 n=30
Welch t (CRR vs RRR) = 9.825  (positive = RRR faster)
DELTA_MEDIAN_PCT RRR_vs_CRR = +4.978%
CRR_TFLOPS_LIST 2372.5962,2417.4189,2404.2152,2354.2680,2420.4937,2415.6902,2344.8117,2357.0643,2381.5519,2385.8130,2414.5353,2417.6422,2382.9771,2359.9134,2417.7491,2416.6802,2420.1040,2419.4224,2410.6730,2406.3319,2387.8220,2386.8649,2408.5973,2395.1465,2417.6811,2383.5248,2409.1281,2404.8688,2365.0931,2366.4244
RRR_TFLOPS_LIST 2382.7033,2525.7796,2483.6617,2536.1650,2531.3281,2522.4515,2509.4396,2318.0072,2544.3866,2342.5597,2506.2497,2500.1332,2526.5005,2530.7763,2530.5617,2488.0185,2553.8516,2533.1944,2511.8609,2550.2804,2528.8913,2548.6889,2491.8954,2510.1001,2543.0732,2507.8906,2522.6846,2512.6282,2533.1207,2543.2875
--- stderr ---
W20260418 15:50:11.528931 140674479947776 agent.cpp:461] Attempt to enable hip visiblity for agent-2 which is not visible to HSA (ROCR)
[tk_mxfp8_layouts] gemm_crr_pq_v2: shape (M=4096, N=14336, K=4096) is +5.0% to +6.5% faster on V2-RRR (R34 Dev B 8B Gate/Up SHIP, 4-GPU triangulated; min Δ% +5.025, min Welch t +10.13). Prefer gemm_rrr_pq_v2 with A row-major (M,K). See analysis/fp8_gemm/mi350x/r34b_findings.md.
[orchestrate] attempt=1 rc=0 G1 sclk-post-preheat=2235MHz (gate=2200) G2a sclk-post-bench=2339MHz (gate=2200) G2b stdev/mean CRR=0.009727 RRR=0.022656 (gate=0.01 pass=0)
[orchestrate] PASS G1+G2a+G2b at attempt=1; using as final.
[orchestrate] gate_path=G1+G2a+G2b
DONE gpu=3 attempts=1
Sat Apr 18 15:51:19 UTC 2026
