===== R39 Dev B 8B-Gate 4-GPU STRICT-promote cell=8b_gate M=4096 N=14336 K=4096 phys_gpu=7 =====
[orchestrate] N_PAIRS=15 WARMUP=30 ITERS=50 PREHEAT=30s WARMUP_PAIRS=2
[orchestrate] R36/R38 3-gate: G1 sclk-post-preheat>=2200 G2a sclk-post-bench>=2200 G2b stdev/mean<=0.01, MAX_RETRIES=3, G1P_MIN_MEDIAN_TF=500
Sat Apr 18 15:50:07 UTC 2026
[pre-orchestrate sclk check]
GPU[7]		: sclk clock level: 1: (169Mhz)
[build 8b_gate md5=fa6c3601e804a25b28942e77b1df2505 (cached)]
[bench attempt 1/3]
[bench rc=0]
[sclk-pre-preheat] GPU[7]		: sclk clock level: 1: (158Mhz)
[preheat 30.0s] done 8188 iters
[sclk-post-preheat] GPU[7]		: sclk clock level: 1: (1960Mhz)
CORRECTNESS_CRR snr_db=49.61 pass_rate_pct=100.00 det_ok=True
CORRECTNESS_RRR snr_db=49.61 pass_rate_pct=100.00 det_ok=True
[sclk-pre-bench] GPU[7]		: sclk clock level: 1: (2361Mhz)
WARMUP 0 RRR=2354.70 CRR=2380.15 sclk=GPU[7]		: sclk clock level: 1: (2348Mhz)
WARMUP 1 RRR=2384.93 CRR=2325.89 sclk=GPU[7]		: sclk clock level: 1: (2348Mhz)
PAIR 0 RRR_1=2371.48 CRR_1=2359.49 RRR_2=2501.56 CRR_2=2382.84
PAIR 1 RRR_1=2518.15 CRR_1=2391.97 RRR_2=2509.53 CRR_2=2393.67
PAIR 2 RRR_1=2503.97 CRR_1=2391.75 RRR_2=2528.81 CRR_2=2390.38
PAIR 3 RRR_1=2519.39 CRR_1=2390.41 RRR_2=2509.09 CRR_2=2383.52
PAIR 4 RRR_1=2529.66 CRR_1=2396.22 RRR_2=2519.80 CRR_2=2405.79
PAIR 5 RRR_1=2503.46 CRR_1=2385.42 RRR_2=2509.02 CRR_2=2388.60
PAIR 6 RRR_1=2522.54 CRR_1=2392.14 RRR_2=2507.27 CRR_2=2394.03
PAIR 7 RRR_1=2511.02 CRR_1=2388.10 RRR_2=2521.87 CRR_2=2381.04
PAIR 8 RRR_1=2493.76 CRR_1=2385.39 RRR_2=2482.12 CRR_2=2395.68
PAIR 9 RRR_1=2481.08 CRR_1=2375.08 RRR_2=2508.75 CRR_2=2395.37
PAIR 10 RRR_1=2514.73 CRR_1=2394.34 RRR_2=2520.93 CRR_2=2389.36
PAIR 11 RRR_1=2499.64 CRR_1=2404.10 RRR_2=2524.24 CRR_2=2402.84
PAIR 12 RRR_1=2492.32 CRR_1=2412.71 RRR_2=2532.88 CRR_2=2407.35
PAIR 13 RRR_1=2513.23 CRR_1=2403.48 RRR_2=2524.46 CRR_2=2408.53
PAIR 14 RRR_1=2518.26 CRR_1=2399.53 RRR_2=2517.12 CRR_2=2403.36
[sclk-post-bench] GPU[7]		: sclk clock level: 1: (2322Mhz)
CRR  median=2392.91 mean=2393.08 stdev=10.95 n=30
RRR  median=2512.12 mean=2507.00 stdev=28.69 n=30
Welch t (CRR vs RRR) = 20.319  (positive = RRR faster)
DELTA_MEDIAN_PCT RRR_vs_CRR = +4.982%
CRR_TFLOPS_LIST 2359.4878,2382.8357,2391.9735,2393.6681,2391.7453,2390.3847,2390.4142,2383.5250,2396.2248,2405.7930,2385.4161,2388.6003,2392.1450,2394.0308,2388.0972,2381.0427,2385.3875,2395.6804,2375.0799,2395.3655,2394.3353,2389.3591,2404.0998,2402.8413,2412.7144,2407.3534,2403.4755,2408.5293,2399.5332,2403.3604
RRR_TFLOPS_LIST 2371.4827,2501.5582,2518.1536,2509.5349,2503.9740,2528.8067,2519.3881,2509.0941,2529.6583,2519.7985,2503.4647,2509.0221,2522.5367,2507.2739,2511.0212,2521.8685,2493.7559,2482.1236,2481.0786,2508.7483,2514.7299,2520.9278,2499.6440,2524.2400,2492.3189,2532.8767,2513.2276,2524.4647,2518.2577,2517.1185
--- stderr ---
W20260418 15:50:11.522229 139771176382464 agent.cpp:461] Attempt to enable hip visiblity for agent-2 which is not visible to HSA (ROCR)
[tk_mxfp8_layouts] gemm_crr_pq_v2: shape (M=4096, N=14336, K=4096) is +5.0% to +6.5% faster on V2-RRR (R34 Dev B 8B Gate/Up SHIP, 4-GPU triangulated; min Δ% +5.025, min Welch t +10.13). Prefer gemm_rrr_pq_v2 with A row-major (M,K). See analysis/fp8_gemm/mi350x/r34b_findings.md.
[orchestrate] attempt=1 rc=0 G1 sclk-post-preheat=1960MHz (gate=2200) G2a sclk-post-bench=2322MHz (gate=2200) G2b stdev/mean CRR=0.004576 RRR=0.011421 (gate=0.01 pass=0)
[orchestrate] attempt=1 FAILED gates; retry after 5s...
[bench attempt 2/3]
[bench rc=0]
[sclk-pre-preheat] GPU[7]		: sclk clock level: 1: (2269Mhz)
[preheat 30.0s] done 8188 iters
[sclk-post-preheat] GPU[7]		: sclk clock level: 1: (2035Mhz)
CORRECTNESS_CRR snr_db=49.61 pass_rate_pct=100.00 det_ok=True
CORRECTNESS_RRR snr_db=49.61 pass_rate_pct=100.00 det_ok=True
[sclk-pre-bench] GPU[7]		: sclk clock level: 1: (2376Mhz)
WARMUP 0 RRR=2362.04 CRR=2298.36 sclk=GPU[7]		: sclk clock level: 1: (2367Mhz)
WARMUP 1 RRR=2333.82 CRR=2347.64 sclk=GPU[7]		: sclk clock level: 1: (2353Mhz)
PAIR 0 RRR_1=2319.84 CRR_1=2336.75 RRR_2=2438.37 CRR_2=2350.92
PAIR 1 RRR_1=2473.01 CRR_1=2361.82 RRR_2=2455.78 CRR_2=2354.04
PAIR 2 RRR_1=2464.95 CRR_1=2346.60 RRR_2=2468.53 CRR_2=2349.57
PAIR 3 RRR_1=2474.72 CRR_1=2357.60 RRR_2=2473.27 CRR_2=2359.39
PAIR 4 RRR_1=2467.07 CRR_1=2368.73 RRR_2=2457.12 CRR_2=2357.37
PAIR 5 RRR_1=2470.85 CRR_1=2319.56 RRR_2=2484.42 CRR_2=2360.15
PAIR 6 RRR_1=2464.33 CRR_1=2317.38 RRR_2=2483.04 CRR_2=2328.75
PAIR 7 RRR_1=2464.20 CRR_1=2361.18 RRR_2=2479.13 CRR_2=2303.73
PAIR 8 RRR_1=2451.32 CRR_1=2331.34 RRR_2=2480.15 CRR_2=2336.52
PAIR 9 RRR_1=2466.96 CRR_1=2372.50 RRR_2=2466.53 CRR_2=2352.38
PAIR 10 RRR_1=2458.30 CRR_1=2366.46 RRR_2=2486.19 CRR_2=2364.02
PAIR 11 RRR_1=2471.05 CRR_1=2338.49 RRR_2=2468.00 CRR_2=2352.79
PAIR 12 RRR_1=2474.10 CRR_1=2321.52 RRR_2=2467.73 CRR_2=2353.41
PAIR 13 RRR_1=2449.95 CRR_1=2302.14 RRR_2=2460.22 CRR_2=2343.06
PAIR 14 RRR_1=2449.35 CRR_1=2338.90 RRR_2=2489.04 CRR_2=2369.77
[sclk-post-bench] GPU[7]		: sclk clock level: 1: (2359Mhz)
CRR  median=2351.65 mean=2345.90 stdev=19.05 n=30
RRR  median=2467.40 mean=2462.58 stdev=29.39 n=30
Welch t (CRR vs RRR) = 18.246  (positive = RRR faster)
DELTA_MEDIAN_PCT RRR_vs_CRR = +4.922%
CRR_TFLOPS_LIST 2336.7545,2350.9157,2361.8212,2354.0356,2346.6030,2349.5745,2357.5981,2359.3932,2368.7251,2357.3675,2319.5643,2360.1526,2317.3826,2328.7541,2361.1813,2303.7278,2331.3449,2336.5187,2372.5007,2352.3779,2366.4593,2364.0222,2338.4896,2352.7923,2321.5157,2353.4100,2302.1400,2343.0642,2338.8989,2369.7707
RRR_TFLOPS_LIST 2319.8419,2438.3666,2473.0051,2455.7846,2464.9455,2468.5281,2474.7158,2473.2693,2467.0691,2457.1190,2470.8507,2484.4187,2464.3290,2483.0440,2464.1983,2479.1330,2451.3189,2480.1456,2466.9583,2466.5330,2458.3044,2486.1858,2471.0535,2468.0007,2474.1043,2467.7275,2449.9506,2460.2160,2449.3521,2489.0353
--- stderr ---
W20260418 15:51:21.779988 139831981805568 agent.cpp:461] Attempt to enable hip visiblity for agent-2 which is not visible to HSA (ROCR)
[tk_mxfp8_layouts] gemm_crr_pq_v2: shape (M=4096, N=14336, K=4096) is +5.0% to +6.5% faster on V2-RRR (R34 Dev B 8B Gate/Up SHIP, 4-GPU triangulated; min Δ% +5.025, min Welch t +10.13). Prefer gemm_rrr_pq_v2 with A row-major (M,K). See analysis/fp8_gemm/mi350x/r34b_findings.md.
[orchestrate] attempt=2 rc=0 G1 sclk-post-preheat=2035MHz (gate=2200) G2a sclk-post-bench=2359MHz (gate=2200) G2b stdev/mean CRR=0.008101 RRR=0.011911 (gate=0.01 pass=0)
[orchestrate] attempt=2 FAILED gates; retry after 5s...
[bench attempt 3/3]
[bench rc=0]
[sclk-pre-preheat] GPU[7]		: sclk clock level: 1: (1084Mhz)
[preheat 30.0s] done 8188 iters
[sclk-post-preheat] GPU[7]		: sclk clock level: 1: (1951Mhz)
CORRECTNESS_CRR snr_db=49.61 pass_rate_pct=100.00 det_ok=True
CORRECTNESS_RRR snr_db=49.61 pass_rate_pct=100.00 det_ok=True
[sclk-pre-bench] GPU[7]		: sclk clock level: 1: (2357Mhz)
WARMUP 0 RRR=2364.13 CRR=2335.72 sclk=GPU[7]		: sclk clock level: 1: (2342Mhz)
WARMUP 1 RRR=2348.12 CRR=2290.42 sclk=GPU[7]		: sclk clock level: 1: (2346Mhz)
PAIR 0 RRR_1=2354.50 CRR_1=2361.90 RRR_2=2455.26 CRR_2=2354.98
PAIR 1 RRR_1=2499.02 CRR_1=2365.13 RRR_2=2487.52 CRR_2=2378.52
PAIR 2 RRR_1=2500.97 CRR_1=2358.22 RRR_2=2467.71 CRR_2=2368.60
PAIR 3 RRR_1=2476.66 CRR_1=2380.30 RRR_2=2491.50 CRR_2=2381.22
PAIR 4 RRR_1=2486.81 CRR_1=2354.15 RRR_2=2486.61 CRR_2=2322.99
PAIR 5 RRR_1=2487.56 CRR_1=2367.61 RRR_2=2446.94 CRR_2=2365.36
PAIR 6 RRR_1=2498.77 CRR_1=2382.71 RRR_2=2492.19 CRR_2=2368.67
PAIR 7 RRR_1=2497.80 CRR_1=2386.50 RRR_2=2503.41 CRR_2=2375.45
PAIR 8 RRR_1=2490.93 CRR_1=2364.23 RRR_2=2494.29 CRR_2=2360.85
PAIR 9 RRR_1=2499.78 CRR_1=2376.04 RRR_2=2494.76 CRR_2=2379.53
PAIR 10 RRR_1=2490.38 CRR_1=2381.72 RRR_2=2479.54 CRR_2=2373.69
PAIR 11 RRR_1=2486.88 CRR_1=2377.45 RRR_2=2477.04 CRR_2=2366.14
PAIR 12 RRR_1=2477.55 CRR_1=2367.94 RRR_2=2493.96 CRR_2=2375.30
PAIR 13 RRR_1=2473.17 CRR_1=2349.90 RRR_2=2462.89 CRR_2=2344.08
PAIR 14 RRR_1=2286.60 CRR_1=2371.24 RRR_2=2488.61 CRR_2=2368.42
[sclk-post-bench] GPU[7]		: sclk clock level: 1: (2323Mhz)
CRR  median=2368.51 mean=2367.63 stdev=13.29 n=30
RRR  median=2487.54 mean=2474.32 stdev=44.82 n=30
Welch t (CRR vs RRR) = 12.499  (positive = RRR faster)
DELTA_MEDIAN_PCT RRR_vs_CRR = +5.026%
CRR_TFLOPS_LIST 2361.8955,2354.9766,2365.1285,2378.5164,2358.2180,2368.6033,2380.2962,2381.2199,2354.1462,2322.9872,2367.6057,2365.3611,2382.7103,2368.6691,2386.5030,2375.4536,2364.2269,2360.8469,2376.0443,2379.5329,2381.7194,2373.6907,2377.4537,2366.1429,2367.9411,2375.3028,2349.9046,2344.0779,2371.2377,2368.4165
RRR_TFLOPS_LIST 2354.4967,2455.2624,2499.0191,2487.5229,2500.9729,2467.7065,2476.6624,2491.5018,2486.8131,2486.6063,2487.5628,2446.9397,2498.7688,2492.1934,2497.8040,2503.4095,2490.9336,2494.2920,2499.7775,2494.7569,2490.3765,2479.5424,2486.8848,2477.0394,2477.5497,2493.9604,2473.1681,2462.8856,2286.6022,2488.6142
--- stderr ---
W20260418 15:52:31.773987 139963254050816 agent.cpp:461] Attempt to enable hip visiblity for agent-2 which is not visible to HSA (ROCR)
[tk_mxfp8_layouts] gemm_crr_pq_v2: shape (M=4096, N=14336, K=4096) is +5.0% to +6.5% faster on V2-RRR (R34 Dev B 8B Gate/Up SHIP, 4-GPU triangulated; min Δ% +5.025, min Welch t +10.13). Prefer gemm_rrr_pq_v2 with A row-major (M,K). See analysis/fp8_gemm/mi350x/r34b_findings.md.
[orchestrate] attempt=3 rc=0 G1 sclk-post-preheat=1951MHz (gate=2200) G2a sclk-post-bench=2323MHz (gate=2200) G2b stdev/mean CRR=0.005611 RRR=0.018018 (gate=0.01 pass=0)
[orchestrate] attempt=3 FAILED gates; retry after 5s...
[orchestrate] EXHAUSTED 3 retries; using last attempt.
[orchestrate] gate_path=EXHAUSTED
DONE gpu=7 attempts=4
Sat Apr 18 15:53:38 UTC 2026
