===== R39 Dev B 8B-Gate 4-GPU STRICT-promote cell=8b_gate M=4096 N=14336 K=4096 phys_gpu=2 =====
[orchestrate] N_PAIRS=20 WARMUP=30 ITERS=50 PREHEAT=120s WARMUP_PAIRS=2
[orchestrate] R36/R38 3-gate: G1 sclk-post-preheat>=2200 G2a sclk-post-bench>=2200 G2b stdev/mean<=0.01, MAX_RETRIES=3, G1P_MIN_MEDIAN_TF=500
Sat Apr 18 16:08:06 UTC 2026
[pre-orchestrate sclk check]
GPU[2]		: sclk clock level: 1: (157Mhz)
[build 8b_gate md5=fa6c3601e804a25b28942e77b1df2505 (cached)]
[bench attempt 1/3]
[bench rc=0]
[sclk-pre-preheat] GPU[2]		: sclk clock level: 1: (206Mhz)
[preheat 120.0s] done 21500 iters
[sclk-post-preheat] GPU[2]		: sclk clock level: 1: (2265Mhz)
CORRECTNESS_CRR snr_db=49.61 pass_rate_pct=100.00 det_ok=True
CORRECTNESS_RRR snr_db=49.61 pass_rate_pct=100.00 det_ok=True
[sclk-pre-bench] GPU[2]		: sclk clock level: 1: (2365Mhz)
WARMUP 0 RRR=2401.75 CRR=2312.76 sclk=GPU[2]		: sclk clock level: 1: (2337Mhz)
WARMUP 1 RRR=2376.80 CRR=2329.20 sclk=GPU[2]		: sclk clock level: 1: (2315Mhz)
PAIR 0 RRR_1=2353.27 CRR_1=2332.01 RRR_2=2529.57 CRR_2=2419.75
PAIR 1 RRR_1=2510.36 CRR_1=2362.42 RRR_2=2583.62 CRR_2=2422.52
PAIR 2 RRR_1=2579.10 CRR_1=2420.75 RRR_2=2595.79 CRR_2=2426.59
PAIR 3 RRR_1=2582.61 CRR_1=2425.66 RRR_2=2588.57 CRR_2=2421.33
PAIR 4 RRR_1=2580.79 CRR_1=2418.58 RRR_2=2583.21 CRR_2=2415.29
PAIR 5 RRR_1=2581.86 CRR_1=2424.01 RRR_2=2572.61 CRR_2=2349.12
PAIR 6 RRR_1=2581.25 CRR_1=2420.25 RRR_2=2590.41 CRR_2=2423.41
PAIR 7 RRR_1=2581.50 CRR_1=2407.72 RRR_2=2344.99 CRR_2=2409.89
PAIR 8 RRR_1=2588.39 CRR_1=2423.38 RRR_2=2362.60 CRR_2=2417.67
PAIR 9 RRR_1=2591.97 CRR_1=2415.74 RRR_2=2351.99 CRR_2=2413.29
PAIR 10 RRR_1=2525.30 CRR_1=2170.03 RRR_2=2308.00 CRR_2=2161.18
PAIR 11 RRR_1=2534.07 CRR_1=2393.72 RRR_2=2567.84 CRR_2=2411.54
PAIR 12 RRR_1=2590.71 CRR_1=2427.85 RRR_2=2587.90 CRR_2=2430.41
PAIR 13 RRR_1=2585.52 CRR_1=2407.72 RRR_2=2585.47 CRR_2=2428.60
PAIR 14 RRR_1=2585.38 CRR_1=2428.63 RRR_2=2583.99 CRR_2=2428.88
PAIR 15 RRR_1=2592.53 CRR_1=2418.06 RRR_2=2592.46 CRR_2=2419.40
PAIR 16 RRR_1=2587.71 CRR_1=2431.13 RRR_2=2364.61 CRR_2=2415.34
PAIR 17 RRR_1=2573.55 CRR_1=2427.55 RRR_2=2550.99 CRR_2=2424.32
PAIR 18 RRR_1=2593.75 CRR_1=2417.15 RRR_2=2531.87 CRR_2=2424.25
PAIR 19 RRR_1=2561.65 CRR_1=2416.40 RRR_2=2587.16 CRR_2=2428.90
[sclk-post-bench] GPU[2]		: sclk clock level: 1: (2350Mhz)
CRR  median=2419.58 mean=2402.01 stdev=58.78 n=40
RRR  median=2581.68 mean=2540.62 stdev=85.04 n=40
Welch t (CRR vs RRR) = 8.480  (positive = RRR faster)
DELTA_MEDIAN_PCT RRR_vs_CRR = +6.700%
CRR_TFLOPS_LIST 2332.0050,2419.7520,2362.4249,2422.5204,2420.7459,2426.5871,2425.6574,2421.3305,2418.5833,2415.2907,2424.0148,2349.1248,2420.2485,2423.4084,2407.7182,2409.8889,2423.3798,2417.6694,2415.7368,2413.2933,2170.0256,2161.1817,2393.7234,2411.5414,2427.8515,2430.4128,2407.7180,2428.5965,2428.6260,2428.8815,2418.0583,2419.4010,2431.1304,2415.3392,2427.5474,2424.3180,2417.1546,2424.2491,2416.3969,2428.9014
RRR_TFLOPS_LIST 2353.2711,2529.5703,2510.3605,2583.6224,2579.0999,2595.7906,2582.6126,2588.5716,2580.7947,2583.2115,2581.8574,2572.6127,2581.2487,2590.4117,2581.5038,2344.9861,2588.3933,2362.6005,2591.9749,2351.9893,2525.2993,2308.0005,2534.0690,2567.8444,2590.7130,2587.9035,2585.5221,2585.4663,2585.3770,2583.9885,2592.5340,2592.4555,2587.7136,2364.6146,2573.5484,2550.9910,2593.7527,2531.8712,2561.6520,2587.1571
--- stderr ---
W20260418 16:08:10.161963 140536259731456 agent.cpp:461] Attempt to enable hip visiblity for agent-2 which is not visible to HSA (ROCR)
[tk_mxfp8_layouts] gemm_crr_pq_v2: shape (M=4096, N=14336, K=4096) is +5.0% to +6.5% faster on V2-RRR (R34 Dev B 8B Gate/Up SHIP, 4-GPU triangulated; min Δ% +5.025, min Welch t +10.13). Prefer gemm_rrr_pq_v2 with A row-major (M,K). See analysis/fp8_gemm/mi350x/r34b_findings.md.
[orchestrate] attempt=1 rc=0 G1 sclk-post-preheat=2265MHz (gate=2200) G2a sclk-post-bench=2350MHz (gate=2200) G2b stdev/mean CRR=0.024293 RRR=0.032940 (gate=0.01 pass=0)
[orchestrate] PASS G1+G2a+G2b at attempt=1; using as final.
[orchestrate] gate_path=G1+G2a+G2b
DONE gpu=2 attempts=1
Sat Apr 18 16:10:40 UTC 2026
