===== R39 Dev B 8B-Gate 4-GPU STRICT-promote cell=8b_gate M=4096 N=14336 K=4096 phys_gpu=2 =====
[orchestrate] N_PAIRS=20 WARMUP=30 ITERS=50 PREHEAT=60s WARMUP_PAIRS=2
[orchestrate] R36/R38 3-gate: G1 sclk-post-preheat>=2200 G2a sclk-post-bench>=2200 G2b stdev/mean<=0.01, MAX_RETRIES=3, G1P_MIN_MEDIAN_TF=500
Sat Apr 18 16:01:58 UTC 2026
[pre-orchestrate sclk check]
GPU[2]		: sclk clock level: 1: (1695Mhz)
[build 8b_gate md5=fa6c3601e804a25b28942e77b1df2505 (cached)]
[bench attempt 1/3]
[bench rc=0]
[sclk-pre-preheat] GPU[2]		: sclk clock level: 1: (1710Mhz)
[preheat 60.0s] done 8188 iters
[sclk-post-preheat] GPU[2]		: sclk clock level: 1: (2055Mhz)
CORRECTNESS_CRR snr_db=49.61 pass_rate_pct=100.00 det_ok=True
CORRECTNESS_RRR snr_db=49.61 pass_rate_pct=100.00 det_ok=True
[sclk-pre-bench] GPU[2]		: sclk clock level: 1: (2300Mhz)
WARMUP 0 RRR=2333.35 CRR=2339.27 sclk=GPU[2]		: sclk clock level: 1: (2348Mhz)
WARMUP 1 RRR=2356.39 CRR=2356.32 sclk=GPU[2]		: sclk clock level: 1: (2343Mhz)
PAIR 0 RRR_1=2155.92 CRR_1=2134.72 RRR_2=2522.95 CRR_2=2379.65
PAIR 1 RRR_1=2528.07 CRR_1=2382.01 RRR_2=2525.81 CRR_2=2377.86
PAIR 2 RRR_1=2512.81 CRR_1=2383.73 RRR_2=2538.07 CRR_2=2388.41
PAIR 3 RRR_1=2523.42 CRR_1=2377.46 RRR_2=2526.15 CRR_2=2383.04
PAIR 4 RRR_1=2483.77 CRR_1=2385.10 RRR_2=2495.63 CRR_2=2395.53
PAIR 5 RRR_1=2478.10 CRR_1=2392.12 RRR_2=2494.20 CRR_2=2388.26
PAIR 6 RRR_1=2523.53 CRR_1=2388.54 RRR_2=2500.18 CRR_2=2392.28
PAIR 7 RRR_1=2485.94 CRR_1=2384.04 RRR_2=2529.10 CRR_2=2380.67
PAIR 8 RRR_1=2477.99 CRR_1=2382.43 RRR_2=2491.74 CRR_2=2388.86
PAIR 9 RRR_1=2513.52 CRR_1=2391.84 RRR_2=2513.02 CRR_2=2381.18
PAIR 10 RRR_1=2267.46 CRR_1=2145.70 RRR_2=2461.22 CRR_2=2387.50
PAIR 11 RRR_1=2323.54 CRR_1=2303.97 RRR_2=2505.20 CRR_2=2376.18
PAIR 12 RRR_1=2505.02 CRR_1=2384.63 RRR_2=2514.23 CRR_2=2387.00
PAIR 13 RRR_1=2497.55 CRR_1=2378.75 RRR_2=2514.30 CRR_2=2379.20
PAIR 14 RRR_1=2460.96 CRR_1=2303.83 RRR_2=2490.45 CRR_2=2371.49
PAIR 15 RRR_1=2494.19 CRR_1=2390.68 RRR_2=2486.41 CRR_2=2388.76
PAIR 16 RRR_1=2486.42 CRR_1=2387.79 RRR_2=2526.00 CRR_2=2390.91
PAIR 17 RRR_1=2519.28 CRR_1=2383.58 RRR_2=2515.69 CRR_2=2379.68
PAIR 18 RRR_1=2464.17 CRR_1=2389.27 RRR_2=2485.68 CRR_2=2391.22
PAIR 19 RRR_1=2502.34 CRR_1=2387.51 RRR_2=2526.64 CRR_2=2377.52
[sclk-post-bench] GPU[2]		: sclk clock level: 1: (2364Mhz)
CRR  median=2383.89 mean=2368.57 stdev=56.24 n=40
RRR  median=2501.26 mean=2484.17 stdev=73.24 n=40
Welch t (CRR vs RRR) = 7.917  (positive = RRR faster)
DELTA_MEDIAN_PCT RRR_vs_CRR = +4.924%
CRR_TFLOPS_LIST 2134.7241,2379.6469,2382.0135,2377.8591,2383.7324,2388.4098,2377.4647,2383.0425,2385.1032,2395.5270,2392.1250,2388.2573,2388.5426,2392.2770,2384.0443,2380.6745,2382.4278,2388.8643,2391.8395,2381.1832,2145.6958,2387.4982,2303.9747,2376.1778,2384.6302,2386.9968,2378.7530,2379.2039,2303.8251,2371.4918,2390.6779,2388.7611,2387.7935,2390.9070,2383.5809,2379.6756,2389.2734,2391.2206,2387.5084,2377.5207
RRR_TFLOPS_LIST 2155.9204,2522.9486,2528.0726,2525.8103,2512.8054,2538.0710,2523.4248,2526.1499,2483.7732,2495.6285,2478.1021,2494.1997,2523.5307,2500.1842,2485.9399,2529.1037,2477.9902,2491.7403,2513.5197,2513.0159,2267.4611,2461.2232,2323.5426,2505.2045,2505.0174,2514.2349,2497.5464,2514.2982,2460.9626,2490.4497,2494.1896,2486.4136,2486.4233,2526.0013,2519.2801,2515.6862,2464.1692,2485.6835,2502.3377,2526.6379
--- stderr ---
W20260418 16:02:01.890777 140074253586432 agent.cpp:461] Attempt to enable hip visiblity for agent-2 which is not visible to HSA (ROCR)
[tk_mxfp8_layouts] gemm_crr_pq_v2: shape (M=4096, N=14336, K=4096) is +5.0% to +6.5% faster on V2-RRR (R34 Dev B 8B Gate/Up SHIP, 4-GPU triangulated; min Δ% +5.025, min Welch t +10.13). Prefer gemm_rrr_pq_v2 with A row-major (M,K). See analysis/fp8_gemm/mi350x/r34b_findings.md.
[orchestrate] attempt=1 rc=0 G1 sclk-post-preheat=2055MHz (gate=2200) G2a sclk-post-bench=2364MHz (gate=2200) G2b stdev/mean CRR=0.023592 RRR=0.029281 (gate=0.01 pass=0)
[orchestrate] attempt=1 FAILED gates; retry after 5s...
[bench attempt 2/3]
[bench rc=0]
[sclk-pre-preheat] GPU[2]		: sclk clock level: 1: (158Mhz)
[preheat 60.0s] done 12284 iters
[sclk-post-preheat] GPU[2]		: sclk clock level: 1: (2196Mhz)
CORRECTNESS_CRR snr_db=49.61 pass_rate_pct=100.00 det_ok=True
CORRECTNESS_RRR snr_db=49.61 pass_rate_pct=100.00 det_ok=True
[sclk-pre-bench] GPU[2]		: sclk clock level: 1: (2313Mhz)
WARMUP 0 RRR=2381.74 CRR=2362.13 sclk=GPU[2]		: sclk clock level: 1: (2337Mhz)
WARMUP 1 RRR=2362.43 CRR=2329.51 sclk=GPU[2]		: sclk clock level: 1: (2335Mhz)
PAIR 0 RRR_1=2397.97 CRR_1=2373.12 RRR_2=2576.92 CRR_2=2409.63
PAIR 1 RRR_1=2574.40 CRR_1=2412.37 RRR_2=2574.24 CRR_2=2418.29
PAIR 2 RRR_1=2586.09 CRR_1=2427.30 RRR_2=2574.51 CRR_2=2430.88
PAIR 3 RRR_1=2586.36 CRR_1=2428.75 RRR_2=2577.28 CRR_2=2424.90
PAIR 4 RRR_1=2563.85 CRR_1=2428.61 RRR_2=2565.23 CRR_2=2425.55
PAIR 5 RRR_1=2533.53 CRR_1=2420.00 RRR_2=2570.18 CRR_2=2410.75
PAIR 6 RRR_1=2586.48 CRR_1=2414.54 RRR_2=2575.38 CRR_2=2425.29
PAIR 7 RRR_1=2570.95 CRR_1=2346.92 RRR_2=2587.25 CRR_2=2418.19
PAIR 8 RRR_1=2557.45 CRR_1=2405.17 RRR_2=2341.57 CRR_2=2420.54
PAIR 9 RRR_1=2583.95 CRR_1=2423.04 RRR_2=2373.61 CRR_2=2414.53
PAIR 10 RRR_1=2573.56 CRR_1=2423.54 RRR_2=2565.86 CRR_2=2415.13
PAIR 11 RRR_1=2588.79 CRR_1=2425.15 RRR_2=2570.61 CRR_2=2423.92
PAIR 12 RRR_1=2560.97 CRR_1=2413.62 RRR_2=2556.51 CRR_2=2428.41
PAIR 13 RRR_1=2590.65 CRR_1=2428.71 RRR_2=2570.67 CRR_2=2432.98
PAIR 14 RRR_1=2549.21 CRR_1=2403.80 RRR_2=2577.27 CRR_2=2427.36
PAIR 15 RRR_1=2579.35 CRR_1=2427.14 RRR_2=2573.08 CRR_2=2429.55
PAIR 16 RRR_1=2585.90 CRR_1=2425.21 RRR_2=2587.77 CRR_2=2427.88
PAIR 17 RRR_1=2569.90 CRR_1=2424.28 RRR_2=2555.66 CRR_2=2429.56
PAIR 18 RRR_1=2524.07 CRR_1=2418.37 RRR_2=2570.73 CRR_2=2426.85
PAIR 19 RRR_1=2588.59 CRR_1=2418.60 RRR_2=2565.34 CRR_2=2426.10
[sclk-post-bench] GPU[2]		: sclk clock level: 1: (2314Mhz)
CRR  median=2424.10 mean=2418.86 stdev=15.71 n=40
RRR  median=2572.01 mean=2556.54 stdev=55.71 n=40
Welch t (CRR vs RRR) = 15.045  (positive = RRR faster)
DELTA_MEDIAN_PCT RRR_vs_CRR = +6.102%
CRR_TFLOPS_LIST 2373.1208,2409.6299,2412.3652,2418.2937,2427.3036,2430.8765,2428.7451,2424.8961,2428.6078,2425.5517,2419.9966,2410.7503,2414.5354,2425.2873,2346.9157,2418.1869,2405.1670,2420.5422,2423.0392,2414.5257,2423.5376,2415.1269,2425.1504,2423.9186,2413.6151,2428.4119,2428.7064,2432.9809,2403.8014,2427.3629,2427.1376,2429.5503,2425.2093,2427.8829,2424.2804,2429.5599,2418.3715,2426.8535,2418.6049,2426.0995
RRR_TFLOPS_LIST 2397.9731,2576.9241,2574.3979,2574.2425,2586.0898,2574.5081,2586.3579,2577.2801,2563.8510,2565.2289,2533.5255,2570.1850,2586.4825,2575.3784,2570.9526,2587.2495,2557.4486,2341.5742,2583.9477,2373.6143,2573.5597,2565.8624,2588.7870,2570.6119,2560.9657,2556.5143,2590.6505,2570.6666,2549.2076,2577.2668,2579.3466,2573.0759,2585.9007,2587.7709,2569.8972,2555.6562,2524.0721,2570.7328,2588.5870,2565.3364
--- stderr ---
W20260418 16:03:43.034482 140151402086400 agent.cpp:461] Attempt to enable hip visiblity for agent-2 which is not visible to HSA (ROCR)
[tk_mxfp8_layouts] gemm_crr_pq_v2: shape (M=4096, N=14336, K=4096) is +5.0% to +6.5% faster on V2-RRR (R34 Dev B 8B Gate/Up SHIP, 4-GPU triangulated; min Δ% +5.025, min Welch t +10.13). Prefer gemm_rrr_pq_v2 with A row-major (M,K). See analysis/fp8_gemm/mi350x/r34b_findings.md.
[orchestrate] attempt=2 rc=0 G1 sclk-post-preheat=2196MHz (gate=2200) G2a sclk-post-bench=2314MHz (gate=2200) G2b stdev/mean CRR=0.006481 RRR=0.021660 (gate=0.01 pass=0)
[orchestrate] attempt=2 FAILED gates; retry after 5s...
[bench attempt 3/3]
[bench rc=0]
[sclk-pre-preheat] GPU[2]		: sclk clock level: 1: (186Mhz)
[preheat 60.0s] done 12284 iters
[sclk-post-preheat] GPU[2]		: sclk clock level: 1: (1699Mhz)
CORRECTNESS_CRR snr_db=49.61 pass_rate_pct=100.00 det_ok=True
CORRECTNESS_RRR snr_db=49.61 pass_rate_pct=100.00 det_ok=True
[sclk-pre-bench] GPU[2]		: sclk clock level: 1: (1696Mhz)
WARMUP 0 RRR=37.32 CRR=35.94 sclk=GPU[2]		: sclk clock level: 1: (1710Mhz)
WARMUP 1 RRR=37.03 CRR=36.10 sclk=GPU[2]		: sclk clock level: 1: (1704Mhz)
PAIR 0 RRR_1=35.57 CRR_1=35.40 RRR_2=36.19 CRR_2=35.64
PAIR 1 RRR_1=34.93 CRR_1=38.02 RRR_2=35.79 CRR_2=40.53
PAIR 2 RRR_1=37.74 CRR_1=37.26 RRR_2=38.17 CRR_2=38.40
PAIR 3 RRR_1=36.10 CRR_1=38.77 RRR_2=38.55 CRR_2=35.38
PAIR 4 RRR_1=37.28 CRR_1=38.23 RRR_2=36.61 CRR_2=37.61
PAIR 5 RRR_1=36.56 CRR_1=38.24 RRR_2=39.36 CRR_2=36.80
PAIR 6 RRR_1=37.19 CRR_1=38.87 RRR_2=37.74 CRR_2=37.55
PAIR 7 RRR_1=36.17 CRR_1=36.11 RRR_2=77.12 CRR_2=2387.16
PAIR 8 RRR_1=2475.68 CRR_1=2331.75 RRR_2=2504.34 CRR_2=2389.06
PAIR 9 RRR_1=2509.69 CRR_1=2385.21 RRR_2=2528.77 CRR_2=2387.96
PAIR 10 RRR_1=2532.58 CRR_1=2392.48 RRR_2=2526.04 CRR_2=2374.23
PAIR 11 RRR_1=2495.42 CRR_1=2394.59 RRR_2=2541.84 CRR_2=2386.05
PAIR 12 RRR_1=2536.13 CRR_1=2386.04 RRR_2=2430.09 CRR_2=2385.10
PAIR 13 RRR_1=2513.53 CRR_1=2351.66 RRR_2=2520.49 CRR_2=2258.09
PAIR 14 RRR_1=2518.19 CRR_1=2378.25 RRR_2=2461.43 CRR_2=2390.43
PAIR 15 RRR_1=2543.32 CRR_1=2380.96 RRR_2=2535.60 CRR_2=2354.97
PAIR 16 RRR_1=2471.47 CRR_1=2347.92 RRR_2=2223.24 CRR_2=2042.01
PAIR 17 RRR_1=2068.57 CRR_1=1822.09 RRR_2=2292.05 CRR_2=2093.33
PAIR 18 RRR_1=2059.30 CRR_1=2066.32 RRR_2=2299.25 CRR_2=2091.14
PAIR 19 RRR_1=2518.68 CRR_1=2380.50 RRR_2=2513.50 CRR_2=2384.18
[sclk-post-bench] GPU[2]		: sclk clock level: 1: (2279Mhz)
CRR  median=2175.71 mean=1452.61 stdev=1116.50 n=40
RRR  median=2295.65 mean=1481.26 stdev=1197.39 n=40
Welch t (CRR vs RRR) = 0.111  (positive = RRR faster)
DELTA_MEDIAN_PCT RRR_vs_CRR = +5.512%
CRR_TFLOPS_LIST 35.4023,35.6415,38.0165,40.5338,37.2566,38.3965,38.7726,35.3754,38.2273,37.6076,38.2351,36.7958,38.8718,37.5481,36.1098,2387.1587,2331.7541,2389.0556,2385.2075,2387.9645,2392.4774,2374.2263,2394.5928,2386.0501,2386.0409,2385.1032,2351.6621,2258.0925,2378.2546,2390.4327,2380.9576,2354.9690,2347.9250,2042.0140,1822.0930,2093.3345,2066.3229,2091.1358,2380.4957,2384.1766
RRR_TFLOPS_LIST 35.5652,36.1914,34.9312,35.7874,37.7364,38.1674,36.1017,38.5483,37.2750,36.6102,36.5597,39.3617,37.1894,37.7422,36.1664,77.1180,2475.6847,2504.3398,2509.6907,2528.7748,2532.5763,2526.0443,2495.4219,2541.8375,2536.1345,2430.0901,2513.5310,2520.4850,2518.1945,2461.4258,2543.3214,2535.5992,2471.4717,2223.2434,2068.5664,2292.0500,2059.2967,2299.2451,2518.6797,2513.5000
--- stderr ---
W20260418 16:05:19.050283 140251002658816 agent.cpp:461] Attempt to enable hip visiblity for agent-2 which is not visible to HSA (ROCR)
[tk_mxfp8_layouts] gemm_crr_pq_v2: shape (M=4096, N=14336, K=4096) is +5.0% to +6.5% faster on V2-RRR (R34 Dev B 8B Gate/Up SHIP, 4-GPU triangulated; min Δ% +5.025, min Welch t +10.13). Prefer gemm_rrr_pq_v2 with A row-major (M,K). See analysis/fp8_gemm/mi350x/r34b_findings.md.
[orchestrate] attempt=3 rc=0 G1 sclk-post-preheat=1699MHz (gate=2200) G2a sclk-post-bench=2279MHz (gate=2200) G2b stdev/mean CRR=0.513166 RRR=0.521591 (gate=0.01 pass=0)
[orchestrate] attempt=3 FAILED gates; retry after 5s...
[orchestrate] EXHAUSTED 3 retries; using last attempt.
[orchestrate] gate_path=EXHAUSTED
DONE gpu=2 attempts=4
Sat Apr 18 16:07:47 UTC 2026
