===== R39 Dev B 8B-Gate 4-GPU STRICT-promote cell=8b_gate M=4096 N=14336 K=4096 phys_gpu=6 =====
[orchestrate] N_PAIRS=20 WARMUP=30 ITERS=50 PREHEAT=60s WARMUP_PAIRS=2
[orchestrate] R36/R38 3-gate: G1 sclk-post-preheat>=2200 G2a sclk-post-bench>=2200 G2b stdev/mean<=0.01, MAX_RETRIES=3, G1P_MIN_MEDIAN_TF=500
Sat Apr 18 15:56:41 UTC 2026
[pre-orchestrate sclk check]
GPU[6]		: sclk clock level: 1: (208Mhz)
[build 8b_gate md5=fa6c3601e804a25b28942e77b1df2505 (cached)]
[bench attempt 1/3]
[bench rc=0]
[sclk-pre-preheat] GPU[6]		: sclk clock level: 1: (2006Mhz)
[preheat 60.0s] done 12284 iters
[sclk-post-preheat] GPU[6]		: sclk clock level: 1: (2270Mhz)
CORRECTNESS_CRR snr_db=49.61 pass_rate_pct=100.00 det_ok=True
CORRECTNESS_RRR snr_db=49.61 pass_rate_pct=100.00 det_ok=True
[sclk-pre-bench] GPU[6]		: sclk clock level: 1: (2371Mhz)
WARMUP 0 RRR=2390.31 CRR=2349.11 sclk=GPU[6]		: sclk clock level: 1: (2382Mhz)
WARMUP 1 RRR=2361.73 CRR=2343.49 sclk=GPU[6]		: sclk clock level: 1: (2330Mhz)
PAIR 0 RRR_1=2370.02 CRR_1=2305.03 RRR_2=2311.78 CRR_2=2364.09
PAIR 1 RRR_1=2500.12 CRR_1=2384.39 RRR_2=2524.77 CRR_2=2388.99
PAIR 2 RRR_1=2522.37 CRR_1=2354.99 RRR_2=2514.64 CRR_2=2392.18
PAIR 3 RRR_1=2519.29 CRR_1=2390.18 RRR_2=2536.62 CRR_2=2406.41
PAIR 4 RRR_1=2525.41 CRR_1=2381.28 RRR_2=2511.08 CRR_2=2384.53
PAIR 5 RRR_1=2483.42 CRR_1=2386.92 RRR_2=2532.43 CRR_2=2359.25
PAIR 6 RRR_1=2523.79 CRR_1=2364.09 RRR_2=2498.57 CRR_2=2379.11
PAIR 7 RRR_1=2529.45 CRR_1=2357.89 RRR_2=2534.19 CRR_2=2381.29
PAIR 8 RRR_1=2520.30 CRR_1=2391.91 RRR_2=2517.90 CRR_2=2379.32
PAIR 9 RRR_1=2510.51 CRR_1=2342.03 RRR_2=2509.01 CRR_2=2395.21
PAIR 10 RRR_1=2517.75 CRR_1=2386.11 RRR_2=2516.98 CRR_2=2360.10
PAIR 11 RRR_1=2527.60 CRR_1=2369.91 RRR_2=2498.79 CRR_2=2401.02
PAIR 12 RRR_1=2525.26 CRR_1=2394.62 RRR_2=2482.16 CRR_2=2369.50
PAIR 13 RRR_1=2525.49 CRR_1=2381.55 RRR_2=2499.60 CRR_2=2382.24
PAIR 14 RRR_1=2513.22 CRR_1=2397.40 RRR_2=2529.01 CRR_2=2407.19
PAIR 15 RRR_1=2516.09 CRR_1=2378.53 RRR_2=2521.72 CRR_2=2383.71
PAIR 16 RRR_1=2503.82 CRR_1=2394.32 RRR_2=2522.07 CRR_2=2369.23
PAIR 17 RRR_1=2500.22 CRR_1=2382.95 RRR_2=2479.75 CRR_2=2386.62
PAIR 18 RRR_1=2519.87 CRR_1=2389.04 RRR_2=2514.24 CRR_2=2378.49
PAIR 19 RRR_1=2532.17 CRR_1=2403.69 RRR_2=2517.31 CRR_2=2378.51
[sclk-post-bench] GPU[6]		: sclk clock level: 1: (2301Mhz)
CRR  median=2382.59 mean=2379.59 stdev=18.94 n=40
RRR  median=2517.53 mean=2506.47 stdev=41.41 n=40
Welch t (CRR vs RRR) = 17.622  (positive = RRR faster)
DELTA_MEDIAN_PCT RRR_vs_CRR = +5.663%
CRR_TFLOPS_LIST 2305.0253,2364.0868,2384.3926,2388.9875,2354.9854,2392.1809,2390.1835,2406.4070,2381.2763,2384.5253,2386.9198,2359.2539,2364.0879,2379.1100,2357.8943,2381.2862,2391.9142,2379.3164,2342.0330,2395.2111,2386.1057,2360.0965,2369.9108,2401.0166,2394.6200,2369.5001,2381.5493,2382.2391,2397.3983,2407.1873,2378.5258,2383.7118,2394.3241,2369.2289,2382.9462,2386.6167,2389.0442,2378.4879,2403.6943,2378.5079
RRR_TFLOPS_LIST 2370.0231,2311.7849,2500.1203,2524.7697,2522.3655,2514.6436,2519.2899,2536.6245,2525.4059,2511.0836,2483.4239,2532.4252,2523.7947,2498.5731,2529.4537,2534.1867,2520.3034,2517.8976,2510.5070,2509.0087,2517.7495,2516.9804,2527.6015,2498.7904,2525.2574,2482.1627,2525.4897,2499.6009,2513.2250,2529.0069,2516.0852,2521.7199,2503.8165,2522.0693,2500.2247,2479.7469,2519.8706,2514.2443,2532.1698,2517.3073
--- stderr ---
W20260418 15:56:44.845710 139886481784832 agent.cpp:461] Attempt to enable hip visiblity for agent-2 which is not visible to HSA (ROCR)
[tk_mxfp8_layouts] gemm_crr_pq_v2: shape (M=4096, N=14336, K=4096) is +5.0% to +6.5% faster on V2-RRR (R34 Dev B 8B Gate/Up SHIP, 4-GPU triangulated; min Δ% +5.025, min Welch t +10.13). Prefer gemm_rrr_pq_v2 with A row-major (M,K). See analysis/fp8_gemm/mi350x/r34b_findings.md.
[orchestrate] attempt=1 rc=0 G1 sclk-post-preheat=2270MHz (gate=2200) G2a sclk-post-bench=2301MHz (gate=2200) G2b stdev/mean CRR=0.007949 RRR=0.016449 (gate=0.01 pass=0)
[orchestrate] PASS G1+G2a+G2b at attempt=1; using as final.
[orchestrate] gate_path=G1+G2a+G2b
DONE gpu=6 attempts=1
Sat Apr 18 15:58:15 UTC 2026
