===== R39 Dev B 8B-Gate 4-GPU STRICT-promote cell=8b_gate M=4096 N=14336 K=4096 phys_gpu=2 =====
[orchestrate] N_PAIRS=15 WARMUP=30 ITERS=50 PREHEAT=30s WARMUP_PAIRS=2
[orchestrate] R36/R38 3-gate: G1 sclk-post-preheat>=2200 G2a sclk-post-bench>=2200 G2b stdev/mean<=0.01, MAX_RETRIES=3, G1P_MIN_MEDIAN_TF=500
Sat Apr 18 15:50:07 UTC 2026
[pre-orchestrate sclk check]
GPU[2]		: sclk clock level: 1: (1702Mhz)
[build 8b_gate md5=fa6c3601e804a25b28942e77b1df2505 (cached)]
[bench attempt 1/3]
[bench rc=0]
[sclk-pre-preheat] GPU[2]		: sclk clock level: 1: (1700Mhz)
[preheat 30.0s] done 7164 iters
[sclk-post-preheat] GPU[2]		: sclk clock level: 1: (1710Mhz)
CORRECTNESS_CRR snr_db=49.61 pass_rate_pct=100.00 det_ok=True
CORRECTNESS_RRR snr_db=49.61 pass_rate_pct=100.00 det_ok=True
[sclk-pre-bench] GPU[2]		: sclk clock level: 1: (2096Mhz)
WARMUP 0 RRR=2351.47 CRR=2335.51 sclk=GPU[2]		: sclk clock level: 1: (2229Mhz)
WARMUP 1 RRR=2342.74 CRR=2346.85 sclk=GPU[2]		: sclk clock level: 1: (2283Mhz)
PAIR 0 RRR_1=2361.59 CRR_1=2318.63 RRR_2=2523.10 CRR_2=2380.51
PAIR 1 RRR_1=2509.08 CRR_1=2382.55 RRR_2=2433.51 CRR_2=1911.51
PAIR 2 RRR_1=2372.50 CRR_1=1894.92 RRR_2=2268.97 CRR_2=1916.72
PAIR 3 RRR_1=2470.78 CRR_1=2376.47 RRR_2=2533.90 CRR_2=2385.07
PAIR 4 RRR_1=2509.92 CRR_1=2380.00 RRR_2=2536.25 CRR_2=2377.76
PAIR 5 RRR_1=2527.70 CRR_1=2370.29 RRR_2=2529.40 CRR_2=2375.47
PAIR 6 RRR_1=2513.18 CRR_1=2381.30 RRR_2=2528.23 CRR_2=2381.43
PAIR 7 RRR_1=2533.27 CRR_1=2379.40 RRR_2=2504.51 CRR_2=2377.43
PAIR 8 RRR_1=2534.22 CRR_1=2342.89 RRR_2=2514.39 CRR_2=2381.48
PAIR 9 RRR_1=2501.80 CRR_1=2371.86 RRR_2=2521.27 CRR_2=2382.68
PAIR 10 RRR_1=2304.73 CRR_1=2279.69 RRR_2=2464.84 CRR_2=2354.30
PAIR 11 RRR_1=2297.58 CRR_1=2293.14 RRR_2=2463.80 CRR_2=2376.52
PAIR 12 RRR_1=2486.38 CRR_1=2380.91 RRR_2=2535.79 CRR_2=2372.96
PAIR 13 RRR_1=2498.67 CRR_1=2382.08 RRR_2=2481.93 CRR_2=2338.95
PAIR 14 RRR_1=2469.52 CRR_1=2387.89 RRR_2=2484.73 CRR_2=2383.69
[sclk-post-bench] GPU[2]		: sclk clock level: 1: (2371Mhz)
CRR  median=2376.98 mean=2320.62 stdev=142.53 n=30
RRR  median=2503.15 mean=2473.85 stdev=75.86 n=30
Welch t (CRR vs RRR) = 5.198  (positive = RRR faster)
DELTA_MEDIAN_PCT RRR_vs_CRR = +5.308%
CRR_TFLOPS_LIST 2318.6255,2380.5143,2382.5522,1911.5060,1894.9168,1916.7232,2376.4690,2385.0656,2379.9959,2377.7562,2370.2945,2375.4728,2381.2970,2381.4281,2379.4028,2377.4269,2342.8928,2381.4765,2371.8562,2382.6841,2279.6926,2354.3040,2293.1424,2376.5248,2380.9107,2372.9614,2382.0791,2338.9469,2387.8879,2383.6944
RRR_TFLOPS_LIST 2361.5910,2523.0971,2509.0836,2433.5119,2372.5024,2268.9659,2470.7814,2533.8989,2509.9212,2536.2519,2527.7011,2529.4019,2513.1837,2528.2339,2533.2691,2504.5064,2534.2190,2514.3931,2501.7968,2521.2658,2304.7325,2464.8359,2297.5844,2463.7959,2486.3835,2535.7917,2498.6681,2481.9279,2469.5234,2484.7285
--- stderr ---
W20260418 15:50:11.511229 140307956617216 agent.cpp:461] Attempt to enable hip visiblity for agent-2 which is not visible to HSA (ROCR)
[tk_mxfp8_layouts] gemm_crr_pq_v2: shape (M=4096, N=14336, K=4096) is +5.0% to +6.5% faster on V2-RRR (R34 Dev B 8B Gate/Up SHIP, 4-GPU triangulated; min Δ% +5.025, min Welch t +10.13). Prefer gemm_rrr_pq_v2 with A row-major (M,K). See analysis/fp8_gemm/mi350x/r34b_findings.md.
[orchestrate] attempt=1 rc=0 G1 sclk-post-preheat=1710MHz (gate=2200) G2a sclk-post-bench=2371MHz (gate=2200) G2b stdev/mean CRR=0.059963 RRR=0.030306 (gate=0.01 pass=0)
[orchestrate] attempt=1 FAILED gates; retry after 5s...
[bench attempt 2/3]
[bench rc=0]
[sclk-pre-preheat] GPU[2]		: sclk clock level: 1: (158Mhz)
[preheat 30.0s] done 8188 iters
[sclk-post-preheat] GPU[2]		: sclk clock level: 1: (2049Mhz)
CORRECTNESS_CRR snr_db=49.61 pass_rate_pct=100.00 det_ok=True
CORRECTNESS_RRR snr_db=49.61 pass_rate_pct=100.00 det_ok=True
[sclk-pre-bench] GPU[2]		: sclk clock level: 1: (2336Mhz)
WARMUP 0 RRR=2346.54 CRR=2335.97 sclk=GPU[2]		: sclk clock level: 1: (2334Mhz)
WARMUP 1 RRR=2334.05 CRR=2335.89 sclk=GPU[2]		: sclk clock level: 1: (2328Mhz)
PAIR 0 RRR_1=2378.68 CRR_1=2311.09 RRR_2=2517.87 CRR_2=2380.30
PAIR 1 RRR_1=2545.74 CRR_1=2381.71 RRR_2=2533.64 CRR_2=2382.82
PAIR 2 RRR_1=2513.64 CRR_1=2196.74 RRR_2=2293.10 CRR_2=2320.64
PAIR 3 RRR_1=2458.38 CRR_1=2186.68 RRR_2=2468.56 CRR_2=2369.90
PAIR 4 RRR_1=2500.68 CRR_1=2370.46 RRR_2=2499.95 CRR_2=2371.15
PAIR 5 RRR_1=2530.95 CRR_1=2361.90 RRR_2=2521.93 CRR_2=2366.08
PAIR 6 RRR_1=2487.71 CRR_1=2359.59 RRR_2=2476.81 CRR_2=2367.67
PAIR 7 RRR_1=2497.94 CRR_1=2374.74 RRR_2=2513.01 CRR_2=2374.69
PAIR 8 RRR_1=2502.70 CRR_1=2392.89 RRR_2=2543.67 CRR_2=2384.69
PAIR 9 RRR_1=2513.96 CRR_1=2386.26 RRR_2=2492.48 CRR_2=2313.08
PAIR 10 RRR_1=2448.58 CRR_1=2359.02 RRR_2=2489.98 CRR_2=2386.12
PAIR 11 RRR_1=2532.60 CRR_1=2367.21 RRR_2=2515.25 CRR_2=2381.18
PAIR 12 RRR_1=2466.09 CRR_1=2305.71 RRR_2=2454.47 CRR_2=2387.29
PAIR 13 RRR_1=2328.49 CRR_1=2373.38 RRR_2=2548.66 CRR_2=2377.25
PAIR 14 RRR_1=2509.83 CRR_1=2349.82 RRR_2=2525.64 CRR_2=2387.54
[sclk-post-bench] GPU[2]		: sclk clock level: 1: (2371Mhz)
CRR  median=2370.81 mean=2354.25 stdev=50.07 n=30
RRR  median=2501.69 mean=2487.03 stdev=59.66 n=30
Welch t (CRR vs RRR) = 9.338  (positive = RRR faster)
DELTA_MEDIAN_PCT RRR_vs_CRR = +5.521%
CRR_TFLOPS_LIST 2311.0943,2380.2962,2381.7106,2382.8241,2196.7441,2320.6383,2186.6805,2369.9017,2370.4627,2371.1540,2361.8957,2366.0782,2359.5876,2367.6716,2374.7406,2374.6935,2392.8856,2384.6863,2386.2565,2313.0773,2359.0236,2386.1152,2367.2144,2381.1825,2305.7053,2387.2894,2373.3815,2377.2474,2349.8217,2387.5361
RRR_TFLOPS_LIST 2378.6768,2517.8657,2545.7423,2533.6422,2513.6450,2293.0965,2458.3848,2468.5577,2500.6825,2499.9542,2530.9550,2521.9315,2487.7079,2476.8060,2497.9394,2513.0146,2502.7020,2543.6746,2513.9608,2492.4821,2448.5841,2489.9841,2532.5963,2515.2532,2466.0882,2454.4712,2328.4863,2548.6557,2509.8261,2525.6393
--- stderr ---
W20260418 15:51:46.578140 139760263647232 agent.cpp:461] Attempt to enable hip visiblity for agent-2 which is not visible to HSA (ROCR)
[tk_mxfp8_layouts] gemm_crr_pq_v2: shape (M=4096, N=14336, K=4096) is +5.0% to +6.5% faster on V2-RRR (R34 Dev B 8B Gate/Up SHIP, 4-GPU triangulated; min Δ% +5.025, min Welch t +10.13). Prefer gemm_rrr_pq_v2 with A row-major (M,K). See analysis/fp8_gemm/mi350x/r34b_findings.md.
[orchestrate] attempt=2 rc=0 G1 sclk-post-preheat=2049MHz (gate=2200) G2a sclk-post-bench=2371MHz (gate=2200) G2b stdev/mean CRR=0.021119 RRR=0.023848 (gate=0.01 pass=0)
[orchestrate] attempt=2 FAILED gates; retry after 5s...
[bench attempt 3/3]
[bench rc=0]
[sclk-pre-preheat] GPU[2]		: sclk clock level: 1: (197Mhz)
[preheat 30.0s] done 8188 iters
[sclk-post-preheat] GPU[2]		: sclk clock level: 1: (2107Mhz)
CORRECTNESS_CRR snr_db=49.61 pass_rate_pct=100.00 det_ok=True
CORRECTNESS_RRR snr_db=49.61 pass_rate_pct=100.00 det_ok=True
[sclk-pre-bench] GPU[2]		: sclk clock level: 1: (2347Mhz)
WARMUP 0 RRR=2389.79 CRR=2323.50 sclk=GPU[2]		: sclk clock level: 1: (2350Mhz)
WARMUP 1 RRR=2351.77 CRR=2333.27 sclk=GPU[2]		: sclk clock level: 1: (2354Mhz)
PAIR 0 RRR_1=2384.40 CRR_1=2341.42 RRR_2=2575.81 CRR_2=2409.63
PAIR 1 RRR_1=2568.41 CRR_1=2419.19 RRR_2=2583.63 CRR_2=2414.01
PAIR 2 RRR_1=2583.43 CRR_1=2414.33 RRR_2=2590.98 CRR_2=2424.99
PAIR 3 RRR_1=2535.51 CRR_1=2413.35 RRR_2=2591.28 CRR_2=2424.68
PAIR 4 RRR_1=2586.69 CRR_1=2405.08 RRR_2=2540.23 CRR_2=2405.42
PAIR 5 RRR_1=2549.61 CRR_1=2370.98 RRR_2=2481.23 CRR_2=2394.40
PAIR 6 RRR_1=2534.22 CRR_1=2384.63 RRR_2=2554.75 CRR_2=2422.68
PAIR 7 RRR_1=2552.95 CRR_1=2428.67 RRR_2=2588.53 CRR_2=2431.24
PAIR 8 RRR_1=2523.54 CRR_1=2420.57 RRR_2=2552.92 CRR_2=2422.14
PAIR 9 RRR_1=2588.56 CRR_1=2422.24 RRR_2=2586.46 CRR_2=2424.22
PAIR 10 RRR_1=2580.96 CRR_1=2419.58 RRR_2=2567.14 CRR_2=2410.05
PAIR 11 RRR_1=2578.98 CRR_1=2223.70 RRR_2=2582.56 CRR_2=2428.63
PAIR 12 RRR_1=2523.02 CRR_1=2423.84 RRR_2=2590.27 CRR_2=2430.36
PAIR 13 RRR_1=2553.23 CRR_1=2420.18 RRR_2=2574.26 CRR_2=2427.14
PAIR 14 RRR_1=2527.33 CRR_1=2423.06 RRR_2=2589.69 CRR_2=2423.76
[sclk-post-bench] GPU[2]		: sclk clock level: 1: (2343Mhz)
CRR  median=2420.38 mean=2407.47 stdev=39.66 n=30
RRR  median=2571.34 mean=2557.35 stdev=42.47 n=30
Welch t (CRR vs RRR) = 14.128  (positive = RRR faster)
DELTA_MEDIAN_PCT RRR_vs_CRR = +6.237%
CRR_TFLOPS_LIST 2341.4222,2409.6289,2419.1868,2414.0102,2414.3301,2424.9914,2413.3509,2424.6785,2405.0797,2405.4237,2370.9759,2394.4009,2384.6274,2422.6761,2428.6652,2431.2380,2420.5697,2422.1396,2422.2384,2424.2203,2419.5760,2410.0529,2223.6996,2428.6257,2423.8394,2430.3627,2420.1810,2427.1359,2423.0571,2423.7601
RRR_TFLOPS_LIST 2384.4009,2575.8081,2568.4144,2583.6332,2583.4334,2590.9804,2535.5110,2591.2821,2586.6894,2540.2348,2549.6059,2481.2296,2534.2182,2554.7511,2552.9511,2588.5268,2523.5395,2552.9188,2588.5605,2586.4558,2580.9603,2567.1424,2578.9788,2582.5569,2523.0209,2590.2666,2553.2332,2574.2642,2527.3266,2589.6859
--- stderr ---
W20260418 15:52:54.310051 140280948617216 agent.cpp:461] Attempt to enable hip visiblity for agent-2 which is not visible to HSA (ROCR)
[tk_mxfp8_layouts] gemm_crr_pq_v2: shape (M=4096, N=14336, K=4096) is +5.0% to +6.5% faster on V2-RRR (R34 Dev B 8B Gate/Up SHIP, 4-GPU triangulated; min Δ% +5.025, min Welch t +10.13). Prefer gemm_rrr_pq_v2 with A row-major (M,K). See analysis/fp8_gemm/mi350x/r34b_findings.md.
[orchestrate] attempt=3 rc=0 G1 sclk-post-preheat=2107MHz (gate=2200) G2a sclk-post-bench=2343MHz (gate=2200) G2b stdev/mean CRR=0.016386 RRR=0.016517 (gate=0.01 pass=0)
[orchestrate] attempt=3 FAILED gates; retry after 5s...
[orchestrate] EXHAUSTED 3 retries; using last attempt.
[orchestrate] gate_path=EXHAUSTED
DONE gpu=2 attempts=4
Sat Apr 18 15:53:58 UTC 2026
