===== R39 Dev B 8B-Gate 4-GPU STRICT-promote cell=8b_gate M=4096 N=14336 K=4096 phys_gpu=6 =====
[orchestrate] N_PAIRS=15 WARMUP=30 ITERS=50 PREHEAT=30s WARMUP_PAIRS=2
[orchestrate] R36/R38 3-gate: G1 sclk-post-preheat>=2200 G2a sclk-post-bench>=2200 G2b stdev/mean<=0.01, MAX_RETRIES=3, G1P_MIN_MEDIAN_TF=500
Sat Apr 18 15:50:07 UTC 2026
[pre-orchestrate sclk check]
GPU[6]		: sclk clock level: 1: (193Mhz)
[build 8b_gate md5=fa6c3601e804a25b28942e77b1df2505 (cached)]
[bench attempt 1/3]
[bench rc=0]
[sclk-pre-preheat] GPU[6]		: sclk clock level: 1: (1945Mhz)
[preheat 30.0s] done 8188 iters
[sclk-post-preheat] GPU[6]		: sclk clock level: 1: (1921Mhz)
CORRECTNESS_CRR snr_db=49.61 pass_rate_pct=100.00 det_ok=True
CORRECTNESS_RRR snr_db=49.61 pass_rate_pct=100.00 det_ok=True
[sclk-pre-bench] GPU[6]		: sclk clock level: 1: (2296Mhz)
WARMUP 0 RRR=2383.82 CRR=2406.38 sclk=GPU[6]		: sclk clock level: 1: (2343Mhz)
WARMUP 1 RRR=2380.74 CRR=2361.07 sclk=GPU[6]		: sclk clock level: 1: (2354Mhz)
PAIR 0 RRR_1=2403.25 CRR_1=2369.04 RRR_2=2488.53 CRR_2=2371.13
PAIR 1 RRR_1=2331.82 CRR_1=2216.20 RRR_2=2493.52 CRR_2=2378.95
PAIR 2 RRR_1=2513.87 CRR_1=2365.22 RRR_2=2485.10 CRR_2=2398.10
PAIR 3 RRR_1=2521.51 CRR_1=2377.93 RRR_2=2538.59 CRR_2=2405.96
PAIR 4 RRR_1=2517.23 CRR_1=2384.99 RRR_2=2519.95 CRR_2=2387.77
PAIR 5 RRR_1=2521.54 CRR_1=2400.94 RRR_2=2512.35 CRR_2=2349.15
PAIR 6 RRR_1=2536.47 CRR_1=2363.58 RRR_2=2511.27 CRR_2=2400.99
PAIR 7 RRR_1=2529.91 CRR_1=2395.08 RRR_2=2505.22 CRR_2=2389.76
PAIR 8 RRR_1=2508.13 CRR_1=2384.39 RRR_2=2513.15 CRR_2=2392.25
PAIR 9 RRR_1=2507.10 CRR_1=2372.24 RRR_2=2520.79 CRR_2=2373.78
PAIR 10 RRR_1=2509.53 CRR_1=2361.36 RRR_2=2535.95 CRR_2=2387.83
PAIR 11 RRR_1=2472.26 CRR_1=2352.02 RRR_2=2502.74 CRR_2=2398.68
PAIR 12 RRR_1=2529.85 CRR_1=2399.43 RRR_2=2514.35 CRR_2=2397.77
PAIR 13 RRR_1=2523.60 CRR_1=2392.86 RRR_2=2509.34 CRR_2=2402.59
PAIR 14 RRR_1=2528.92 CRR_1=2402.99 RRR_2=2520.78 CRR_2=2395.63
[sclk-post-bench] GPU[6]		: sclk clock level: 1: (2385Mhz)
CRR  median=2387.80 mean=2378.95 stdev=34.58 n=30
RRR  median=2513.51 mean=2504.22 stdev=41.20 n=30
Welch t (CRR vs RRR) = 12.755  (positive = RRR faster)
DELTA_MEDIAN_PCT RRR_vs_CRR = +5.265%
CRR_TFLOPS_LIST 2369.0352,2371.1275,2216.2023,2378.9514,2365.2236,2398.0975,2377.9261,2405.9569,2384.9904,2387.7651,2400.9421,2349.1539,2363.5782,2400.9895,2395.0795,2389.7582,2384.3851,2392.2489,2372.2408,2373.7757,2361.3584,2387.8317,2352.0208,2398.6813,2399.4281,2397.7728,2392.8587,2402.5917,2402.9853,2395.6327
RRR_TFLOPS_LIST 2403.2547,2488.5334,2331.8198,2493.5178,2513.8680,2485.0977,2521.5106,2538.5856,2517.2257,2519.9450,2521.5431,2512.3547,2536.4651,2511.2732,2529.9124,2505.2173,2508.1328,2513.1541,2507.0969,2520.7904,2509.5252,2535.9516,2472.2646,2502.7442,2529.8494,2514.3529,2523.5951,2509.3359,2528.9234,2520.7801
--- stderr ---
W20260418 15:50:11.499991 140049825619968 agent.cpp:461] Attempt to enable hip visiblity for agent-2 which is not visible to HSA (ROCR)
[tk_mxfp8_layouts] gemm_crr_pq_v2: shape (M=4096, N=14336, K=4096) is +5.0% to +6.5% faster on V2-RRR (R34 Dev B 8B Gate/Up SHIP, 4-GPU triangulated; min Δ% +5.025, min Welch t +10.13). Prefer gemm_rrr_pq_v2 with A row-major (M,K). See analysis/fp8_gemm/mi350x/r34b_findings.md.
[orchestrate] attempt=1 rc=0 G1 sclk-post-preheat=1921MHz (gate=2200) G2a sclk-post-bench=2385MHz (gate=2200) G2b stdev/mean CRR=0.014482 RRR=0.016391 (gate=0.01 pass=0)
[orchestrate] attempt=1 FAILED gates; retry after 5s...
[bench attempt 2/3]
[bench rc=0]
[sclk-pre-preheat] GPU[6]		: sclk clock level: 1: (261Mhz)
[preheat 30.0s] done 8188 iters
[sclk-post-preheat] GPU[6]		: sclk clock level: 1: (1914Mhz)
CORRECTNESS_CRR snr_db=49.61 pass_rate_pct=100.00 det_ok=True
CORRECTNESS_RRR snr_db=49.61 pass_rate_pct=100.00 det_ok=True
[sclk-pre-bench] GPU[6]		: sclk clock level: 1: (2350Mhz)
WARMUP 0 RRR=2397.41 CRR=2356.26 sclk=GPU[6]		: sclk clock level: 1: (2346Mhz)
WARMUP 1 RRR=2165.59 CRR=2319.37 sclk=GPU[6]		: sclk clock level: 1: (2337Mhz)
PAIR 0 RRR_1=2406.79 CRR_1=2286.86 RRR_2=2458.89 CRR_2=2367.49
PAIR 1 RRR_1=2501.05 CRR_1=2331.99 RRR_2=2528.86 CRR_2=2397.99
PAIR 2 RRR_1=2517.41 CRR_1=2386.97 RRR_2=2500.05 CRR_2=2387.12
PAIR 3 RRR_1=2490.70 CRR_1=2392.42 RRR_2=2493.88 CRR_2=2397.64
PAIR 4 RRR_1=2502.18 CRR_1=2393.26 RRR_2=2467.60 CRR_2=2337.06
PAIR 5 RRR_1=2491.74 CRR_1=2377.32 RRR_2=2505.10 CRR_2=2404.33
PAIR 6 RRR_1=2509.84 CRR_1=2337.92 RRR_2=2505.79 CRR_2=2375.30
PAIR 7 RRR_1=2518.03 CRR_1=2397.94 RRR_2=2491.36 CRR_2=2389.85
PAIR 8 RRR_1=2521.00 CRR_1=2355.57 RRR_2=2510.44 CRR_2=2377.99
PAIR 9 RRR_1=2513.37 CRR_1=2383.97 RRR_2=2333.46 CRR_2=2386.26
PAIR 10 RRR_1=2513.84 CRR_1=2378.28 RRR_2=2501.75 CRR_2=2385.51
PAIR 11 RRR_1=2481.45 CRR_1=2395.33 RRR_2=2516.98 CRR_2=2401.29
PAIR 12 RRR_1=2513.14 CRR_1=2358.67 RRR_2=2502.35 CRR_2=2403.05
PAIR 13 RRR_1=2524.83 CRR_1=2390.72 RRR_2=2531.26 CRR_2=2389.48
PAIR 14 RRR_1=2495.04 CRR_1=2406.31 RRR_2=2522.12 CRR_2=2396.86
[sclk-post-bench] GPU[6]		: sclk clock level: 1: (2381Mhz)
CRR  median=2387.04 mean=2379.02 stdev=26.50 n=30
RRR  median=2503.72 mean=2495.68 stdev=39.10 n=30
Welch t (CRR vs RRR) = 13.526  (positive = RRR faster)
DELTA_MEDIAN_PCT RRR_vs_CRR = +4.888%
CRR_TFLOPS_LIST 2286.8611,2367.4947,2331.9880,2397.9906,2386.9682,2387.1195,2392.4191,2397.6363,2393.2563,2337.0635,2377.3226,2404.3286,2337.9170,2375.3032,2397.9433,2389.8520,2355.5662,2377.9896,2383.9672,2386.2563,2378.2817,2385.5089,2395.3256,2401.2851,2358.6724,2403.0514,2390.7157,2389.4809,2406.3117,2396.8629
RRR_TFLOPS_LIST 2406.7926,2458.8880,2501.0460,2528.8578,2517.4130,2500.0480,2490.6965,2493.8779,2502.1805,2467.5963,2491.7392,2505.0988,2509.8363,2505.7881,2518.0347,2491.3575,2521.0010,2510.4441,2513.3720,2333.4625,2513.8449,2501.7539,2481.4460,2516.9804,2513.1407,2502.3471,2524.8333,2531.2639,2495.0367,2522.1224
--- stderr ---
W20260418 15:51:21.617148 139725906587648 agent.cpp:461] Attempt to enable hip visiblity for agent-2 which is not visible to HSA (ROCR)
[tk_mxfp8_layouts] gemm_crr_pq_v2: shape (M=4096, N=14336, K=4096) is +5.0% to +6.5% faster on V2-RRR (R34 Dev B 8B Gate/Up SHIP, 4-GPU triangulated; min Δ% +5.025, min Welch t +10.13). Prefer gemm_rrr_pq_v2 with A row-major (M,K). See analysis/fp8_gemm/mi350x/r34b_findings.md.
[orchestrate] attempt=2 rc=0 G1 sclk-post-preheat=1914MHz (gate=2200) G2a sclk-post-bench=2381MHz (gate=2200) G2b stdev/mean CRR=0.011102 RRR=0.015617 (gate=0.01 pass=0)
[orchestrate] attempt=2 FAILED gates; retry after 5s...
[bench attempt 3/3]
[bench rc=0]
[sclk-pre-preheat] GPU[6]		: sclk clock level: 1: (315Mhz)
[preheat 30.0s] done 8188 iters
[sclk-post-preheat] GPU[6]		: sclk clock level: 1: (1725Mhz)
CORRECTNESS_CRR snr_db=49.61 pass_rate_pct=100.00 det_ok=True
CORRECTNESS_RRR snr_db=49.61 pass_rate_pct=100.00 det_ok=True
[sclk-pre-bench] GPU[6]		: sclk clock level: 1: (1726Mhz)
WARMUP 0 RRR=20.68 CRR=699.36 sclk=GPU[6]		: sclk clock level: 1: (2164Mhz)
WARMUP 1 RRR=2422.49 CRR=2332.14 sclk=GPU[6]		: sclk clock level: 1: (2263Mhz)
PAIR 0 RRR_1=2328.97 CRR_1=2385.85 RRR_2=2527.37 CRR_2=2379.20
PAIR 1 RRR_1=2523.90 CRR_1=2340.84 RRR_2=2278.25 CRR_2=1949.07
PAIR 2 RRR_1=2418.15 CRR_1=2385.75 RRR_2=2533.24 CRR_2=2185.60
PAIR 3 RRR_1=2516.20 CRR_1=2410.60 RRR_2=2520.05 CRR_2=2392.25
PAIR 4 RRR_1=2542.97 CRR_1=1898.17 RRR_2=2216.71 CRR_2=1879.57
PAIR 5 RRR_1=2200.33 CRR_1=1939.92 RRR_2=2362.64 CRR_2=2421.40
PAIR 6 RRR_1=2541.02 CRR_1=2417.98 RRR_2=2554.55 CRR_2=2413.91
PAIR 7 RRR_1=2548.76 CRR_1=2409.72 RRR_2=2545.45 CRR_2=2334.35
PAIR 8 RRR_1=2541.64 CRR_1=2381.72 RRR_2=2544.85 CRR_2=2369.91
PAIR 9 RRR_1=2489.75 CRR_1=2368.11 RRR_2=2541.47 CRR_2=2337.20
PAIR 10 RRR_1=2552.65 CRR_1=2401.32 RRR_2=2547.47 CRR_2=2416.60
PAIR 11 RRR_1=2549.98 CRR_1=2307.95 RRR_2=2278.62 CRR_2=2176.30
PAIR 12 RRR_1=2508.76 CRR_1=2390.68 RRR_2=2545.61 CRR_2=2189.75
PAIR 13 RRR_1=2530.27 CRR_1=2367.06 RRR_2=2537.54 CRR_2=2394.75
PAIR 14 RRR_1=2534.67 CRR_1=2412.60 RRR_2=2525.56 CRR_2=2396.90
[sclk-post-bench] GPU[6]		: sclk clock level: 1: (2350Mhz)
CRR  median=2380.46 mean=2301.83 stdev=167.64 n=30
RRR  median=2531.75 mean=2479.58 stdev=108.92 n=30
Welch t (CRR vs RRR) = 4.870  (positive = RRR faster)
DELTA_MEDIAN_PCT RRR_vs_CRR = +6.356%
CRR_TFLOPS_LIST 2385.8494,2379.2034,2340.8386,1949.0653,2385.7538,2185.5981,2410.6039,2392.2463,1898.1694,1879.5743,1939.9169,2421.3985,2417.9801,2413.9135,2409.7242,2334.3498,2381.7194,2369.9105,2368.1094,2337.1998,2401.3228,2416.6011,2307.9456,2176.2976,2390.6782,2189.7485,2367.0560,2394.7533,2412.5961,2396.9009
RRR_TFLOPS_LIST 2328.9708,2527.3694,2523.9004,2278.2506,2418.1466,2533.2357,2516.2010,2520.0493,2542.9748,2216.7089,2200.3317,2362.6381,2541.0184,2554.5455,2548.7632,2545.4511,2541.6419,2544.8475,2489.7467,2541.4698,2552.6482,2547.4674,2549.9849,2278.6168,2508.7575,2545.6122,2530.2731,2537.5440,2534.6669,2525.5650
--- stderr ---
W20260418 15:52:31.640046 140327647170560 agent.cpp:461] Attempt to enable hip visiblity for agent-2 which is not visible to HSA (ROCR)
[tk_mxfp8_layouts] gemm_crr_pq_v2: shape (M=4096, N=14336, K=4096) is +5.0% to +6.5% faster on V2-RRR (R34 Dev B 8B Gate/Up SHIP, 4-GPU triangulated; min Δ% +5.025, min Welch t +10.13). Prefer gemm_rrr_pq_v2 with A row-major (M,K). See analysis/fp8_gemm/mi350x/r34b_findings.md.
[orchestrate] attempt=3 rc=0 G1 sclk-post-preheat=1725MHz (gate=2200) G2a sclk-post-bench=2350MHz (gate=2200) G2b stdev/mean CRR=0.070423 RRR=0.043022 (gate=0.01 pass=0)
[orchestrate] attempt=3 FAILED gates; retry after 5s...
[orchestrate] EXHAUSTED 3 retries; using last attempt.
[orchestrate] gate_path=EXHAUSTED
DONE gpu=6 attempts=4
Sat Apr 18 15:54:08 UTC 2026
