===== R39 Dev B 8B-Gate 4-GPU STRICT-promote cell=8b_gate M=4096 N=14336 K=4096 phys_gpu=2 =====
[orchestrate] N_PAIRS=20 WARMUP=30 ITERS=50 PREHEAT=120s WARMUP_PAIRS=2
[orchestrate] R36/R38 3-gate: G1 sclk-post-preheat>=2200 G2a sclk-post-bench>=2200 G2b stdev/mean<=0.01, MAX_RETRIES=3, G1P_MIN_MEDIAN_TF=500
Sat Apr 18 16:10:59 UTC 2026
[pre-orchestrate sclk check]
GPU[2]		: sclk clock level: 1: (1706Mhz)
[build 8b_gate md5=fa6c3601e804a25b28942e77b1df2505 (cached)]
[bench attempt 1/3]
[bench rc=0]
[sclk-pre-preheat] GPU[2]		: sclk clock level: 1: (1708Mhz)
[preheat 120.0s] done 15356 iters
[sclk-post-preheat] GPU[2]		: sclk clock level: 1: (2138Mhz)
CORRECTNESS_CRR snr_db=49.61 pass_rate_pct=100.00 det_ok=True
CORRECTNESS_RRR snr_db=49.61 pass_rate_pct=100.00 det_ok=True
[sclk-pre-bench] GPU[2]		: sclk clock level: 1: (2361Mhz)
WARMUP 0 RRR=2370.85 CRR=2392.44 sclk=GPU[2]		: sclk clock level: 1: (2333Mhz)
WARMUP 1 RRR=2385.69 CRR=2347.53 sclk=GPU[2]		: sclk clock level: 1: (2333Mhz)
PAIR 0 RRR_1=2373.35 CRR_1=2360.86 RRR_2=2562.25 CRR_2=2414.65
PAIR 1 RRR_1=2552.44 CRR_1=2419.49 RRR_2=2525.03 CRR_2=2413.50
PAIR 2 RRR_1=2559.53 CRR_1=2416.09 RRR_2=2555.09 CRR_2=2410.15
PAIR 3 RRR_1=2554.25 CRR_1=2418.97 RRR_2=2573.92 CRR_2=2412.09
PAIR 4 RRR_1=2536.12 CRR_1=2421.45 RRR_2=2593.35 CRR_2=2420.02
PAIR 5 RRR_1=2540.16 CRR_1=2425.98 RRR_2=2594.80 CRR_2=2408.27
PAIR 6 RRR_1=2596.35 CRR_1=2440.35 RRR_2=2582.55 CRR_2=2428.04
PAIR 7 RRR_1=2594.29 CRR_1=2433.17 RRR_2=2592.00 CRR_2=2427.28
PAIR 8 RRR_1=2591.62 CRR_1=2425.60 RRR_2=2592.63 CRR_2=2432.60
PAIR 9 RRR_1=2589.06 CRR_1=2417.34 RRR_2=2581.66 CRR_2=2397.62
PAIR 10 RRR_1=2588.21 CRR_1=2422.21 RRR_2=2379.02 CRR_2=2432.31
PAIR 11 RRR_1=2538.68 CRR_1=2421.09 RRR_2=2577.24 CRR_2=2428.20
PAIR 12 RRR_1=2540.13 CRR_1=2430.49 RRR_2=2589.62 CRR_2=2421.71
PAIR 13 RRR_1=2596.13 CRR_1=2428.00 RRR_2=2565.26 CRR_2=2426.10
PAIR 14 RRR_1=2592.29 CRR_1=2425.95 RRR_2=2536.01 CRR_2=2430.74
PAIR 15 RRR_1=2580.16 CRR_1=2421.35 RRR_2=2591.90 CRR_2=2427.56
PAIR 16 RRR_1=2580.65 CRR_1=2421.38 RRR_2=2590.94 CRR_2=2426.84
PAIR 17 RRR_1=2555.11 CRR_1=2426.25 RRR_2=2591.62 CRR_2=2423.39
PAIR 18 RRR_1=2595.09 CRR_1=2432.71 RRR_2=2576.67 CRR_2=2427.76
PAIR 19 RRR_1=2557.34 CRR_1=2425.25 RRR_2=2536.94 CRR_2=2430.80
[sclk-post-bench] GPU[2]		: sclk clock level: 1: (2363Mhz)
CRR  median=2425.42 mean=2421.84 stdev=12.71 n=40
RRR  median=2578.70 mean=2562.49 stdev=48.36 n=40
Welch t (CRR vs RRR) = 17.788  (positive = RRR faster)
DELTA_MEDIAN_PCT RRR_vs_CRR = +6.320%
CRR_TFLOPS_LIST 2360.8580,2414.6498,2419.4905,2413.4969,2416.0877,2410.1505,2418.9744,2412.0943,2421.4485,2420.0162,2425.9821,2408.2686,2440.3463,2428.0388,2433.1675,2427.2845,2425.5997,2432.5968,2417.3404,2397.6174,2422.2089,2432.3117,2421.0870,2428.2050,2430.4926,2421.7113,2427.9998,2426.0993,2425.9527,2430.7385,2421.3512,2427.5589,2421.3805,2426.8427,2426.2459,2423.3903,2432.7149,2427.7628,2425.2482,2430.7974
RRR_TFLOPS_LIST 2373.3541,2562.2540,2552.4431,2525.0252,2559.5273,2555.0896,2554.2536,2573.9246,2536.1224,2593.3514,2540.1613,2594.7950,2596.3524,2582.5472,2594.2910,2591.9984,2591.6197,2592.6251,2589.0634,2581.6595,2588.2059,2379.0213,2538.6818,2577.2447,2540.1296,2589.6209,2596.1285,2565.2595,2592.2892,2536.0053,2580.1640,2591.8979,2580.6513,2590.9377,2555.1115,2591.6189,2595.0859,2576.6707,2557.3387,2536.9351
--- stderr ---
W20260418 16:11:03.541816 140490777501696 agent.cpp:461] Attempt to enable hip visiblity for agent-2 which is not visible to HSA (ROCR)
[tk_mxfp8_layouts] gemm_crr_pq_v2: shape (M=4096, N=14336, K=4096) is +5.0% to +6.5% faster on V2-RRR (R34 Dev B 8B Gate/Up SHIP, 4-GPU triangulated; min Δ% +5.025, min Welch t +10.13). Prefer gemm_rrr_pq_v2 with A row-major (M,K). See analysis/fp8_gemm/mi350x/r34b_findings.md.
[orchestrate] attempt=1 rc=0 G1 sclk-post-preheat=2138MHz (gate=2200) G2a sclk-post-bench=2363MHz (gate=2200) G2b stdev/mean CRR=0.005240 RRR=0.018754 (gate=0.01 pass=0)
[orchestrate] attempt=1 FAILED gates; retry after 5s...
[bench attempt 2/3]
[bench rc=0]
[sclk-pre-preheat] GPU[2]		: sclk clock level: 1: (363Mhz)
[preheat 120.0s] done 21500 iters
[sclk-post-preheat] GPU[2]		: sclk clock level: 1: (2228Mhz)
CORRECTNESS_CRR snr_db=49.61 pass_rate_pct=100.00 det_ok=True
CORRECTNESS_RRR snr_db=49.61 pass_rate_pct=100.00 det_ok=True
[sclk-pre-bench] GPU[2]		: sclk clock level: 1: (2343Mhz)
WARMUP 0 RRR=2351.34 CRR=2355.68 sclk=GPU[2]		: sclk clock level: 1: (2349Mhz)
WARMUP 1 RRR=2347.58 CRR=2376.81 sclk=GPU[2]		: sclk clock level: 1: (2361Mhz)
PAIR 0 RRR_1=2401.43 CRR_1=2364.53 RRR_2=2556.75 CRR_2=2399.72
PAIR 1 RRR_1=2525.54 CRR_1=2400.70 RRR_2=2562.02 CRR_2=2401.14
PAIR 2 RRR_1=2547.74 CRR_1=2400.14 RRR_2=2550.33 CRR_2=2408.09
PAIR 3 RRR_1=2559.79 CRR_1=2411.24 RRR_2=2548.35 CRR_2=2421.25
PAIR 4 RRR_1=2508.41 CRR_1=2415.66 RRR_2=2545.64 CRR_2=2376.22
PAIR 5 RRR_1=2492.11 CRR_1=2410.55 RRR_2=2535.87 CRR_2=2423.04
PAIR 6 RRR_1=2513.73 CRR_1=2365.35 RRR_2=2490.83 CRR_2=2415.85
PAIR 7 RRR_1=2530.51 CRR_1=2423.53 RRR_2=2489.10 CRR_2=2410.86
PAIR 8 RRR_1=2537.07 CRR_1=2421.40 RRR_2=2554.65 CRR_2=2384.36
PAIR 9 RRR_1=2559.75 CRR_1=2420.38 RRR_2=2522.20 CRR_2=2419.46
PAIR 10 RRR_1=2569.44 CRR_1=2430.63 RRR_2=2535.47 CRR_2=2366.92
PAIR 11 RRR_1=2509.29 CRR_1=2381.38 RRR_2=2502.26 CRR_2=2411.13
PAIR 12 RRR_1=2560.93 CRR_1=2412.96 RRR_2=2570.73 CRR_2=2410.97
PAIR 13 RRR_1=2547.98 CRR_1=2369.08 RRR_2=2512.56 CRR_2=2415.36
PAIR 14 RRR_1=2550.21 CRR_1=2424.24 RRR_2=2524.63 CRR_2=2413.65
PAIR 15 RRR_1=2536.67 CRR_1=2423.57 RRR_2=2519.75 CRR_2=2421.82
PAIR 16 RRR_1=2510.81 CRR_1=2354.73 RRR_2=2519.53 CRR_2=2419.83
PAIR 17 RRR_1=2565.16 CRR_1=2421.64 RRR_2=2555.67 CRR_2=2411.87
PAIR 18 RRR_1=2536.96 CRR_1=2392.81 RRR_2=2506.13 CRR_2=2419.41
PAIR 19 RRR_1=2511.90 CRR_1=2419.55 RRR_2=2538.21 CRR_2=2402.67
[sclk-post-bench] GPU[2]		: sclk clock level: 1: (2374Mhz)
CRR  median=2411.56 mean=2405.44 stdev=19.90 n=40
RRR  median=2536.27 mean=2530.40 stdev=31.01 n=40
Welch t (CRR vs RRR) = 21.450  (positive = RRR faster)
DELTA_MEDIAN_PCT RRR_vs_CRR = +5.172%
CRR_TFLOPS_LIST 2364.5332,2399.7238,2400.7001,2401.1410,2400.1447,2408.0936,2411.2419,2421.2523,2415.6596,2376.2224,2410.5464,2423.0378,2365.3518,2415.8530,2423.5261,2410.8643,2421.3985,2384.3555,2420.3751,2419.4596,2430.6287,2366.9248,2381.3800,2411.1251,2412.9550,2410.9707,2369.0798,2415.3574,2424.2391,2413.6524,2423.5747,2421.8179,2354.7270,2419.8294,2421.6421,2411.8705,2392.8087,2419.4105,2419.5475,2402.6664
RRR_TFLOPS_LIST 2401.4292,2556.7504,2525.5433,2562.0237,2547.7378,2550.3304,2559.7877,2548.3530,2508.4116,2545.6448,2492.1107,2535.8748,2513.7290,2490.8304,2530.5074,2489.0987,2537.0737,2554.6540,2559.7545,2522.1959,2569.4354,2535.4690,2509.2914,2502.2640,2560.9314,2570.7317,2547.9750,2512.5626,2550.2120,2524.6311,2536.6670,2519.7542,2510.8102,2519.5324,2565.1605,2555.6746,2536.9555,2506.1325,2511.9018,2538.2079
--- stderr ---
W20260418 16:13:42.493370 140157279252480 agent.cpp:461] Attempt to enable hip visiblity for agent-2 which is not visible to HSA (ROCR)
[tk_mxfp8_layouts] gemm_crr_pq_v2: shape (M=4096, N=14336, K=4096) is +5.0% to +6.5% faster on V2-RRR (R34 Dev B 8B Gate/Up SHIP, 4-GPU triangulated; min Δ% +5.025, min Welch t +10.13). Prefer gemm_rrr_pq_v2 with A row-major (M,K). See analysis/fp8_gemm/mi350x/r34b_findings.md.
[orchestrate] attempt=2 rc=0 G1 sclk-post-preheat=2228MHz (gate=2200) G2a sclk-post-bench=2374MHz (gate=2200) G2b stdev/mean CRR=0.008252 RRR=0.012227 (gate=0.01 pass=0)
[orchestrate] PASS G1+G2a+G2b at attempt=2; using as final.
[orchestrate] gate_path=G1+G2a+G2b
DONE gpu=2 attempts=2
Sat Apr 18 16:16:13 UTC 2026
