W20260420 00:44:36.729157 140366545890816 simple_timer.cpp:55] [rocprofv3] tool initialization ::     0.144429 sec
W20260420 00:44:36.729360 140366545890816 simple_timer.cpp:55] [rocprofv3] 'python3 test_python.py 4096 8192 8192' ::     0.000001 sec
=== FP8 GEMM Layout Benchmark (native layouts, no preshuffle): M=4096, N=8192, K=8192 ===
Warmup=100, iters=200, correctness=off
Layouts=rrr

--- RRR Layout: C = A @ B ---
W20260420 00:44:37.665491 140366545890816 tool.cpp:2420] HSA version 8.19.0 initialized (instance=0)
  Avg time: 0.4048 ms, TFLOPS: 1358.22

============================================================
Layout     Time (ms)    TFLOPS     % of RCR  
------------------------------------------------------------
RRR        0.4048       1358.22    0.00%
============================================================

95% target: NOT MET
  RRR: 0.00% of RCR

Results saved to fp8_layout_results_4096x8192x8192.json
W20260420 00:44:38.257876 140366545890816 simple_timer.cpp:55] [rocprofv3] 'python3 test_python.py 4096 8192 8192' ::     1.528516 sec
E20260420 00:44:38.342199 140366545890816 output_stream.cpp:111] Opened result file: /shared_nfs/kyle/test/Hipkittens2/analysis/fp8_gemm/mi350x/r55f_pmc_results/70B_QO_fp8_rrr_set1/pmc_1/pt-test-2-l7n7x-master-0/2949031_counter_collection.csv
E20260420 00:44:38.420668 140366545890816 output_stream.cpp:111] Opened result file: /shared_nfs/kyle/test/Hipkittens2/analysis/fp8_gemm/mi350x/r55f_pmc_results/70B_QO_fp8_rrr_set1/pmc_1/pt-test-2-l7n7x-master-0/2949031_agent_info.csv
W20260420 00:44:38.425289 140366545890816 simple_timer.cpp:55] [rocprofv3] output generation ::     0.166137 sec
W20260420 00:44:38.425721 140366545890816 simple_timer.cpp:55] [rocprofv3] tool finalization ::     0.166576 sec
W20260420 00:44:39.042958 140320004967936 simple_timer.cpp:55] [rocprofv3] tool initialization ::     0.142852 sec
W20260420 00:44:39.043185 140320004967936 simple_timer.cpp:55] [rocprofv3] 'python3 test_python.py 4096 8192 8192' ::     0.000000 sec
=== FP8 GEMM Layout Benchmark (native layouts, no preshuffle): M=4096, N=8192, K=8192 ===
Warmup=100, iters=200, correctness=off
Layouts=rrr

--- RRR Layout: C = A @ B ---
W20260420 00:44:39.990376 140320004967936 tool.cpp:2420] HSA version 8.19.0 initialized (instance=0)
  Avg time: 0.5060 ms, TFLOPS: 1086.56

============================================================
Layout     Time (ms)    TFLOPS     % of RCR  
------------------------------------------------------------
RRR        0.5060       1086.56    0.00%
============================================================

95% target: NOT MET
  RRR: 0.00% of RCR

Results saved to fp8_layout_results_4096x8192x8192.json
W20260420 00:44:40.553954 140320004967936 simple_timer.cpp:55] [rocprofv3] 'python3 test_python.py 4096 8192 8192' ::     1.510769 sec
E20260420 00:44:40.639359 140320004967936 output_stream.cpp:111] Opened result file: /shared_nfs/kyle/test/Hipkittens2/analysis/fp8_gemm/mi350x/r55f_pmc_results/70B_QO_fp8_rrr_set1/pmc_2/pt-test-2-l7n7x-master-0/2949122_counter_collection.csv
E20260420 00:44:40.709154 140320004967936 output_stream.cpp:111] Opened result file: /shared_nfs/kyle/test/Hipkittens2/analysis/fp8_gemm/mi350x/r55f_pmc_results/70B_QO_fp8_rrr_set1/pmc_2/pt-test-2-l7n7x-master-0/2949122_agent_info.csv
W20260420 00:44:40.712389 140320004967936 simple_timer.cpp:55] [rocprofv3] output generation ::     0.157072 sec
W20260420 00:44:40.712825 140320004967936 simple_timer.cpp:55] [rocprofv3] tool finalization ::     0.157515 sec
W20260420 00:44:41.320457 140676597480960 simple_timer.cpp:55] [rocprofv3] tool initialization ::     0.140439 sec
W20260420 00:44:41.320672 140676597480960 simple_timer.cpp:55] [rocprofv3] 'python3 test_python.py 4096 8192 8192' ::     0.000000 sec
=== FP8 GEMM Layout Benchmark (native layouts, no preshuffle): M=4096, N=8192, K=8192 ===
Warmup=100, iters=200, correctness=off
Layouts=rrr

--- RRR Layout: C = A @ B ---
W20260420 00:44:42.241439 140676597480960 tool.cpp:2420] HSA version 8.19.0 initialized (instance=0)
  Avg time: 0.3333 ms, TFLOPS: 1649.23

============================================================
Layout     Time (ms)    TFLOPS     % of RCR  
------------------------------------------------------------
RRR        0.3333       1649.23    0.00%
============================================================

95% target: NOT MET
  RRR: 0.00% of RCR

Results saved to fp8_layout_results_4096x8192x8192.json
W20260420 00:44:42.819457 140676597480960 simple_timer.cpp:55] [rocprofv3] 'python3 test_python.py 4096 8192 8192' ::     1.498785 sec
E20260420 00:44:42.909131 140676597480960 output_stream.cpp:111] Opened result file: /shared_nfs/kyle/test/Hipkittens2/analysis/fp8_gemm/mi350x/r55f_pmc_results/70B_QO_fp8_rrr_set1/pmc_3/pt-test-2-l7n7x-master-0/2949215_counter_collection.csv
E20260420 00:44:42.965366 140676597480960 output_stream.cpp:111] Opened result file: /shared_nfs/kyle/test/Hipkittens2/analysis/fp8_gemm/mi350x/r55f_pmc_results/70B_QO_fp8_rrr_set1/pmc_3/pt-test-2-l7n7x-master-0/2949215_agent_info.csv
W20260420 00:44:42.968975 140676597480960 simple_timer.cpp:55] [rocprofv3] output generation ::     0.148190 sec
W20260420 00:44:42.969451 140676597480960 simple_timer.cpp:55] [rocprofv3] tool finalization ::     0.148674 sec
W20260420 00:44:43.582674 140442752749056 simple_timer.cpp:55] [rocprofv3] tool initialization ::     0.144406 sec
W20260420 00:44:43.582901 140442752749056 simple_timer.cpp:55] [rocprofv3] 'python3 test_python.py 4096 8192 8192' ::     0.000001 sec
=== FP8 GEMM Layout Benchmark (native layouts, no preshuffle): M=4096, N=8192, K=8192 ===
Warmup=100, iters=200, correctness=off
Layouts=rrr

--- RRR Layout: C = A @ B ---
W20260420 00:44:44.493559 140442752749056 tool.cpp:2420] HSA version 8.19.0 initialized (instance=0)
  Avg time: 2.0297 ms, TFLOPS: 270.85

============================================================
Layout     Time (ms)    TFLOPS     % of RCR  
------------------------------------------------------------
RRR        2.0297       270.85     0.00%
============================================================

95% target: NOT MET
  RRR: 0.00% of RCR

Results saved to fp8_layout_results_4096x8192x8192.json
W20260420 00:44:45.468836 140442752749056 simple_timer.cpp:55] [rocprofv3] 'python3 test_python.py 4096 8192 8192' ::     1.885935 sec
E20260420 00:44:45.557246 140442752749056 output_stream.cpp:111] Opened result file: /shared_nfs/kyle/test/Hipkittens2/analysis/fp8_gemm/mi350x/r55f_pmc_results/70B_QO_fp8_rrr_set1/pmc_4/pt-test-2-l7n7x-master-0/2949302_counter_collection.csv
E20260420 00:44:45.623437 140442752749056 output_stream.cpp:111] Opened result file: /shared_nfs/kyle/test/Hipkittens2/analysis/fp8_gemm/mi350x/r55f_pmc_results/70B_QO_fp8_rrr_set1/pmc_4/pt-test-2-l7n7x-master-0/2949302_agent_info.csv
W20260420 00:44:45.626739 140442752749056 simple_timer.cpp:55] [rocprofv3] output generation ::     0.156510 sec
W20260420 00:44:45.627193 140442752749056 simple_timer.cpp:55] [rocprofv3] tool finalization ::     0.156972 sec
W20260420 00:44:46.248272 139663955144192 simple_timer.cpp:55] [rocprofv3] tool initialization ::     0.149921 sec
W20260420 00:44:46.248528 139663955144192 simple_timer.cpp:55] [rocprofv3] 'python3 test_python.py 4096 8192 8192' ::     0.000000 sec
=== FP8 GEMM Layout Benchmark (native layouts, no preshuffle): M=4096, N=8192, K=8192 ===
Warmup=100, iters=200, correctness=off
Layouts=rrr

--- RRR Layout: C = A @ B ---
W20260420 00:44:47.210834 139663955144192 tool.cpp:2420] HSA version 8.19.0 initialized (instance=0)
W20260420 00:44:47.513063 139663955144192 tool.cpp:1189] Unable to find all counters for agent 2 (gpu-0, gfx950) in [ALUStalledByLDS, FetchSize, L2CacheHit, LDSBankConflict, MemUnitBusy, MemUnitStalled, MfmaUtil, VALUBusy]. Found: [FetchSize, LDSBankConflict, MemUnitStalled, MfmaUtil, VALUBusy]. Missing: [ALUStalledByLDS, L2CacheHit, MemUnitBusy]
W20260420 00:44:47.513198 139663955144192 tool.cpp:1189] Unable to find all counters for agent 3 (gpu-1, gfx950) in [ALUStalledByLDS, FetchSize, L2CacheHit, LDSBankConflict, MemUnitBusy, MemUnitStalled, MfmaUtil, VALUBusy]. Found: [FetchSize, LDSBankConflict, MemUnitStalled, MfmaUtil, VALUBusy]. Missing: [ALUStalledByLDS, L2CacheHit, MemUnitBusy]
W20260420 00:44:47.514280 139663955144192 tool.cpp:1189] Unable to find all counters for agent 4 (gpu-2, gfx950) in [ALUStalledByLDS, FetchSize, L2CacheHit, LDSBankConflict, MemUnitBusy, MemUnitStalled, MfmaUtil, VALUBusy]. Found: [FetchSize, LDSBankConflict, MemUnitStalled, MfmaUtil, VALUBusy]. Missing: [ALUStalledByLDS, L2CacheHit, MemUnitBusy]
W20260420 00:44:47.515462 139663955144192 tool.cpp:1189] Unable to find all counters for agent 5 (gpu-3, gfx950) in [ALUStalledByLDS, FetchSize, L2CacheHit, LDSBankConflict, MemUnitBusy, MemUnitStalled, MfmaUtil, VALUBusy]. Found: [FetchSize, LDSBankConflict, MemUnitStalled, MfmaUtil, VALUBusy]. Missing: [ALUStalledByLDS, L2CacheHit, MemUnitBusy]
W20260420 00:44:47.515495 139663955144192 tool.cpp:1189] Unable to find all counters for agent 6 (gpu-4, gfx950) in [ALUStalledByLDS, FetchSize, L2CacheHit, LDSBankConflict, MemUnitBusy, MemUnitStalled, MfmaUtil, VALUBusy]. Found: [FetchSize, LDSBankConflict, MemUnitStalled, MfmaUtil, VALUBusy]. Missing: [ALUStalledByLDS, L2CacheHit, MemUnitBusy]
W20260420 00:44:47.515525 139663955144192 tool.cpp:1189] Unable to find all counters for agent 7 (gpu-5, gfx950) in [ALUStalledByLDS, FetchSize, L2CacheHit, LDSBankConflict, MemUnitBusy, MemUnitStalled, MfmaUtil, VALUBusy]. Found: [FetchSize, LDSBankConflict, MemUnitStalled, MfmaUtil, VALUBusy]. Missing: [ALUStalledByLDS, L2CacheHit, MemUnitBusy]
W20260420 00:44:47.515557 139663955144192 tool.cpp:1189] Unable to find all counters for agent 8 (gpu-6, gfx950) in [ALUStalledByLDS, FetchSize, L2CacheHit, LDSBankConflict, MemUnitBusy, MemUnitStalled, MfmaUtil, VALUBusy]. Found: [FetchSize, LDSBankConflict, MemUnitStalled, MfmaUtil, VALUBusy]. Missing: [ALUStalledByLDS, L2CacheHit, MemUnitBusy]
W20260420 00:44:47.515587 139663955144192 tool.cpp:1189] Unable to find all counters for agent 9 (gpu-7, gfx950) in [ALUStalledByLDS, FetchSize, L2CacheHit, LDSBankConflict, MemUnitBusy, MemUnitStalled, MfmaUtil, VALUBusy]. Found: [FetchSize, LDSBankConflict, MemUnitStalled, MfmaUtil, VALUBusy]. Missing: [ALUStalledByLDS, L2CacheHit, MemUnitBusy]
  Avg time: 0.3035 ms, TFLOPS: 1811.46

============================================================
Layout     Time (ms)    TFLOPS     % of RCR  
------------------------------------------------------------
RRR        0.3035       1811.46    0.00%
============================================================

95% target: NOT MET
  RRR: 0.00% of RCR

Results saved to fp8_layout_results_4096x8192x8192.json
W20260420 00:44:47.819934 139663955144192 simple_timer.cpp:55] [rocprofv3] 'python3 test_python.py 4096 8192 8192' ::     1.571407 sec
E20260420 00:44:47.896456 139663955144192 output_stream.cpp:111] Opened result file: /shared_nfs/kyle/test/Hipkittens2/analysis/fp8_gemm/mi350x/r55f_pmc_results/70B_QO_fp8_rrr_set1/pmc_5/pt-test-2-l7n7x-master-0/2949460_counter_collection.csv
E20260420 00:44:47.950170 139663955144192 output_stream.cpp:111] Opened result file: /shared_nfs/kyle/test/Hipkittens2/analysis/fp8_gemm/mi350x/r55f_pmc_results/70B_QO_fp8_rrr_set1/pmc_5/pt-test-2-l7n7x-master-0/2949460_agent_info.csv
W20260420 00:44:47.953612 139663955144192 simple_timer.cpp:55] [rocprofv3] output generation ::     0.132256 sec
W20260420 00:44:47.954082 139663955144192 simple_timer.cpp:55] [rocprofv3] tool finalization ::     0.132733 sec
