W20260419 19:51:02.352998 140094773026304 simple_timer.cpp:55] [rocprofv3] tool initialization ::     0.142690 sec
W20260419 19:51:02.353232 140094773026304 simple_timer.cpp:55] [rocprofv3] 'python3 test_mxfp8_python.py 4096 8192 8192' ::     0.000000 sec
=== MXFP8 GEMM Layout Benchmark (preshuffle-quant): M=4096, N=8192, K=8192 ===
Warmup=3, iters=5, correctness=off
Layouts=rcr

--- RCR Layout: C = A @ B^T ---
W20260419 19:51:03.251456 140094773026304 tool.cpp:2420] HSA version 8.19.0 initialized (instance=0)
  Avg time: 0.2761 ms, TFLOPS: 1990.93

Results saved to mxfp8_layout_results_4096x8192x8192_pq.json
W20260419 19:51:04.002635 140094773026304 simple_timer.cpp:55] [rocprofv3] 'python3 test_mxfp8_python.py 4096 8192 8192' ::     1.649402 sec
E20260419 19:51:04.102815 140094773026304 output_stream.cpp:111] Opened result file: /shared_nfs/kyle/test/Hipkittens2/analysis/fp8_gemm/mi350x/r54b_pmc_results/70B_QO_mxfp8_rcr_set1/pmc_1/pt-test-2-l7n7x-master-0/2599262_counter_collection.csv
E20260419 19:51:04.174943 140094773026304 output_stream.cpp:111] Opened result file: /shared_nfs/kyle/test/Hipkittens2/analysis/fp8_gemm/mi350x/r54b_pmc_results/70B_QO_mxfp8_rcr_set1/pmc_1/pt-test-2-l7n7x-master-0/2599262_agent_info.csv
W20260419 19:51:04.178226 140094773026304 simple_timer.cpp:55] [rocprofv3] output generation ::     0.162170 sec
W20260419 19:51:04.179763 140094773026304 simple_timer.cpp:55] [rocprofv3] tool finalization ::     0.163715 sec
W20260419 19:51:04.829084 140231229324800 simple_timer.cpp:55] [rocprofv3] tool initialization ::     0.141539 sec
W20260419 19:51:04.829295 140231229324800 simple_timer.cpp:55] [rocprofv3] 'python3 test_mxfp8_python.py 4096 8192 8192' ::     0.000000 sec
=== MXFP8 GEMM Layout Benchmark (preshuffle-quant): M=4096, N=8192, K=8192 ===
Warmup=3, iters=5, correctness=off
Layouts=rcr

--- RCR Layout: C = A @ B^T ---
W20260419 19:51:05.778042 140231229324800 tool.cpp:2420] HSA version 8.19.0 initialized (instance=0)
  Avg time: 0.2730 ms, TFLOPS: 2013.50

Results saved to mxfp8_layout_results_4096x8192x8192_pq.json
W20260419 19:51:06.628025 140231229324800 simple_timer.cpp:55] [rocprofv3] 'python3 test_mxfp8_python.py 4096 8192 8192' ::     1.798730 sec
E20260419 19:51:06.715620 140231229324800 output_stream.cpp:111] Opened result file: /shared_nfs/kyle/test/Hipkittens2/analysis/fp8_gemm/mi350x/r54b_pmc_results/70B_QO_mxfp8_rcr_set1/pmc_2/pt-test-2-l7n7x-master-0/2599349_counter_collection.csv
E20260419 19:51:06.800731 140231229324800 output_stream.cpp:111] Opened result file: /shared_nfs/kyle/test/Hipkittens2/analysis/fp8_gemm/mi350x/r54b_pmc_results/70B_QO_mxfp8_rcr_set1/pmc_2/pt-test-2-l7n7x-master-0/2599349_agent_info.csv
W20260419 19:51:06.805265 140231229324800 simple_timer.cpp:55] [rocprofv3] output generation ::     0.163826 sec
W20260419 19:51:06.807107 140231229324800 simple_timer.cpp:55] [rocprofv3] tool finalization ::     0.165676 sec
W20260419 19:51:07.474676 140503363145216 simple_timer.cpp:55] [rocprofv3] tool initialization ::     0.141318 sec
W20260419 19:51:07.474903 140503363145216 simple_timer.cpp:55] [rocprofv3] 'python3 test_mxfp8_python.py 4096 8192 8192' ::     0.000000 sec
=== MXFP8 GEMM Layout Benchmark (preshuffle-quant): M=4096, N=8192, K=8192 ===
Warmup=3, iters=5, correctness=off
Layouts=rcr

--- RCR Layout: C = A @ B^T ---
W20260419 19:51:08.650786 140503363145216 tool.cpp:2420] HSA version 8.19.0 initialized (instance=0)
  Avg time: 0.3790 ms, TFLOPS: 1450.50

Results saved to mxfp8_layout_results_4096x8192x8192_pq.json
W20260419 19:51:09.359521 140503363145216 simple_timer.cpp:55] [rocprofv3] 'python3 test_mxfp8_python.py 4096 8192 8192' ::     1.884618 sec
E20260419 19:51:09.443012 140503363145216 output_stream.cpp:111] Opened result file: /shared_nfs/kyle/test/Hipkittens2/analysis/fp8_gemm/mi350x/r54b_pmc_results/70B_QO_mxfp8_rcr_set1/pmc_3/pt-test-2-l7n7x-master-0/2599497_counter_collection.csv
E20260419 19:51:09.491484 140503363145216 output_stream.cpp:111] Opened result file: /shared_nfs/kyle/test/Hipkittens2/analysis/fp8_gemm/mi350x/r54b_pmc_results/70B_QO_mxfp8_rcr_set1/pmc_3/pt-test-2-l7n7x-master-0/2599497_agent_info.csv
W20260419 19:51:09.494650 140503363145216 simple_timer.cpp:55] [rocprofv3] output generation ::     0.121345 sec
W20260419 19:51:09.496254 140503363145216 simple_timer.cpp:55] [rocprofv3] tool finalization ::     0.122958 sec
W20260419 19:51:10.208953 140015043722752 simple_timer.cpp:55] [rocprofv3] tool initialization ::     0.142914 sec
W20260419 19:51:10.209176 140015043722752 simple_timer.cpp:55] [rocprofv3] 'python3 test_mxfp8_python.py 4096 8192 8192' ::     0.000000 sec
=== MXFP8 GEMM Layout Benchmark (preshuffle-quant): M=4096, N=8192, K=8192 ===
Warmup=3, iters=5, correctness=off
Layouts=rcr

--- RCR Layout: C = A @ B^T ---
W20260419 19:51:11.155774 140015043722752 tool.cpp:2420] HSA version 8.19.0 initialized (instance=0)
  Avg time: 0.3127 ms, TFLOPS: 1758.06

Results saved to mxfp8_layout_results_4096x8192x8192_pq.json
W20260419 19:51:11.878024 140015043722752 simple_timer.cpp:55] [rocprofv3] 'python3 test_mxfp8_python.py 4096 8192 8192' ::     1.668847 sec
E20260419 19:51:11.984441 140015043722752 output_stream.cpp:111] Opened result file: /shared_nfs/kyle/test/Hipkittens2/analysis/fp8_gemm/mi350x/r54b_pmc_results/70B_QO_mxfp8_rcr_set1/pmc_4/pt-test-2-l7n7x-master-0/2599794_counter_collection.csv
E20260419 19:51:12.057155 140015043722752 output_stream.cpp:111] Opened result file: /shared_nfs/kyle/test/Hipkittens2/analysis/fp8_gemm/mi350x/r54b_pmc_results/70B_QO_mxfp8_rcr_set1/pmc_4/pt-test-2-l7n7x-master-0/2599794_agent_info.csv
W20260419 19:51:12.060375 140015043722752 simple_timer.cpp:55] [rocprofv3] output generation ::     0.168871 sec
W20260419 19:51:12.061946 140015043722752 simple_timer.cpp:55] [rocprofv3] tool finalization ::     0.170450 sec
W20260419 19:51:12.717232 140682992442880 simple_timer.cpp:55] [rocprofv3] tool initialization ::     0.156339 sec
W20260419 19:51:12.717464 140682992442880 simple_timer.cpp:55] [rocprofv3] 'python3 test_mxfp8_python.py 4096 8192 8192' ::     0.000001 sec
=== MXFP8 GEMM Layout Benchmark (preshuffle-quant): M=4096, N=8192, K=8192 ===
Warmup=3, iters=5, correctness=off
Layouts=rcr

--- RCR Layout: C = A @ B^T ---
W20260419 19:51:13.760230 140682992442880 tool.cpp:2420] HSA version 8.19.0 initialized (instance=0)
W20260419 19:51:13.917241 140682992442880 tool.cpp:1189] Unable to find all counters for agent 2 (gpu-0, gfx950) in [ALUStalledByLDS, FetchSize, L2CacheHit, LDSBankConflict, MemUnitBusy, MemUnitStalled, MfmaUtil, VALUBusy]. Found: [FetchSize, LDSBankConflict, MemUnitStalled, MfmaUtil, VALUBusy]. Missing: [ALUStalledByLDS, L2CacheHit, MemUnitBusy]
W20260419 19:51:13.917372 140682992442880 tool.cpp:1189] Unable to find all counters for agent 3 (gpu-1, gfx950) in [ALUStalledByLDS, FetchSize, L2CacheHit, LDSBankConflict, MemUnitBusy, MemUnitStalled, MfmaUtil, VALUBusy]. Found: [FetchSize, LDSBankConflict, MemUnitStalled, MfmaUtil, VALUBusy]. Missing: [ALUStalledByLDS, L2CacheHit, MemUnitBusy]
W20260419 19:51:13.918656 140682992442880 tool.cpp:1189] Unable to find all counters for agent 4 (gpu-2, gfx950) in [ALUStalledByLDS, FetchSize, L2CacheHit, LDSBankConflict, MemUnitBusy, MemUnitStalled, MfmaUtil, VALUBusy]. Found: [FetchSize, LDSBankConflict, MemUnitStalled, MfmaUtil, VALUBusy]. Missing: [ALUStalledByLDS, L2CacheHit, MemUnitBusy]
W20260419 19:51:13.919690 140682992442880 tool.cpp:1189] Unable to find all counters for agent 5 (gpu-3, gfx950) in [ALUStalledByLDS, FetchSize, L2CacheHit, LDSBankConflict, MemUnitBusy, MemUnitStalled, MfmaUtil, VALUBusy]. Found: [FetchSize, LDSBankConflict, MemUnitStalled, MfmaUtil, VALUBusy]. Missing: [ALUStalledByLDS, L2CacheHit, MemUnitBusy]
W20260419 19:51:13.919726 140682992442880 tool.cpp:1189] Unable to find all counters for agent 6 (gpu-4, gfx950) in [ALUStalledByLDS, FetchSize, L2CacheHit, LDSBankConflict, MemUnitBusy, MemUnitStalled, MfmaUtil, VALUBusy]. Found: [FetchSize, LDSBankConflict, MemUnitStalled, MfmaUtil, VALUBusy]. Missing: [ALUStalledByLDS, L2CacheHit, MemUnitBusy]
W20260419 19:51:13.920750 140682992442880 tool.cpp:1189] Unable to find all counters for agent 7 (gpu-5, gfx950) in [ALUStalledByLDS, FetchSize, L2CacheHit, LDSBankConflict, MemUnitBusy, MemUnitStalled, MfmaUtil, VALUBusy]. Found: [FetchSize, LDSBankConflict, MemUnitStalled, MfmaUtil, VALUBusy]. Missing: [ALUStalledByLDS, L2CacheHit, MemUnitBusy]
W20260419 19:51:13.921947 140682992442880 tool.cpp:1189] Unable to find all counters for agent 8 (gpu-6, gfx950) in [ALUStalledByLDS, FetchSize, L2CacheHit, LDSBankConflict, MemUnitBusy, MemUnitStalled, MfmaUtil, VALUBusy]. Found: [FetchSize, LDSBankConflict, MemUnitStalled, MfmaUtil, VALUBusy]. Missing: [ALUStalledByLDS, L2CacheHit, MemUnitBusy]
W20260419 19:51:13.923170 140682992442880 tool.cpp:1189] Unable to find all counters for agent 9 (gpu-7, gfx950) in [ALUStalledByLDS, FetchSize, L2CacheHit, LDSBankConflict, MemUnitBusy, MemUnitStalled, MfmaUtil, VALUBusy]. Found: [FetchSize, LDSBankConflict, MemUnitStalled, MfmaUtil, VALUBusy]. Missing: [ALUStalledByLDS, L2CacheHit, MemUnitBusy]
  Avg time: 0.3262 ms, TFLOPS: 1685.15

Results saved to mxfp8_layout_results_4096x8192x8192_pq.json
W20260419 19:51:14.468164 140682992442880 simple_timer.cpp:55] [rocprofv3] 'python3 test_mxfp8_python.py 4096 8192 8192' ::     1.750700 sec
E20260419 19:51:14.556365 140682992442880 output_stream.cpp:111] Opened result file: /shared_nfs/kyle/test/Hipkittens2/analysis/fp8_gemm/mi350x/r54b_pmc_results/70B_QO_mxfp8_rcr_set1/pmc_5/pt-test-2-l7n7x-master-0/2599888_counter_collection.csv
E20260419 19:51:14.607669 140682992442880 output_stream.cpp:111] Opened result file: /shared_nfs/kyle/test/Hipkittens2/analysis/fp8_gemm/mi350x/r54b_pmc_results/70B_QO_mxfp8_rcr_set1/pmc_5/pt-test-2-l7n7x-master-0/2599888_agent_info.csv
W20260419 19:51:14.611303 140682992442880 simple_timer.cpp:55] [rocprofv3] output generation ::     0.129716 sec
W20260419 19:51:14.612840 140682992442880 simple_timer.cpp:55] [rocprofv3] tool finalization ::     0.131260 sec
