W20260419 17:41:19.296079 139839119543808 simple_timer.cpp:55] [rocprofv3] tool initialization ::     0.143454 sec
W20260419 17:41:19.296316 139839119543808 simple_timer.cpp:55] [rocprofv3] 'python3 test_python.py 4096 8192 28672' ::     0.000000 sec
=== FP8 GEMM Layout Benchmark (native layouts, no preshuffle): M=4096, N=8192, K=28672 ===
Warmup=3, iters=5, correctness=off
Layouts=crr

--- CRR Layout: C = A^T @ B ---
W20260419 17:41:20.229105 139839119543808 tool.cpp:2420] HSA version 8.19.0 initialized (instance=0)
  Avg time: 0.8059 ms, TFLOPS: 2387.43

============================================================
Layout     Time (ms)    TFLOPS     % of RCR  
------------------------------------------------------------
CRR        0.8059       2387.43    0.00%
============================================================

95% target: NOT MET
  CRR: 0.00% of RCR

Results saved to fp8_layout_results_4096x8192x28672.json
W20260419 17:41:20.549442 139839119543808 simple_timer.cpp:55] [rocprofv3] 'python3 test_python.py 4096 8192 28672' ::     1.253126 sec
E20260419 17:41:20.649472 139839119543808 output_stream.cpp:111] Opened result file: r53c_pmc_results/fp8_Down_crr_set1/pmc_1/pt-test-2-l7n7x-master-0/2435206_counter_collection.csv
E20260419 17:41:20.688065 139839119543808 output_stream.cpp:111] Opened result file: r53c_pmc_results/fp8_Down_crr_set1/pmc_1/pt-test-2-l7n7x-master-0/2435206_agent_info.csv
W20260419 17:41:20.691291 139839119543808 simple_timer.cpp:55] [rocprofv3] output generation ::     0.140475 sec
W20260419 17:41:20.691730 139839119543808 simple_timer.cpp:55] [rocprofv3] tool finalization ::     0.140920 sec
W20260419 17:41:21.316099 140101646622208 simple_timer.cpp:55] [rocprofv3] tool initialization ::     0.143927 sec
W20260419 17:41:21.316307 140101646622208 simple_timer.cpp:55] [rocprofv3] 'python3 test_python.py 4096 8192 28672' ::     0.000000 sec
=== FP8 GEMM Layout Benchmark (native layouts, no preshuffle): M=4096, N=8192, K=28672 ===
Warmup=3, iters=5, correctness=off
Layouts=crr

--- CRR Layout: C = A^T @ B ---
W20260419 17:41:22.244796 140101646622208 tool.cpp:2420] HSA version 8.19.0 initialized (instance=0)
  Avg time: 0.7726 ms, TFLOPS: 2490.57

============================================================
Layout     Time (ms)    TFLOPS     % of RCR  
------------------------------------------------------------
CRR        0.7726       2490.57    0.00%
============================================================

95% target: NOT MET
  CRR: 0.00% of RCR

Results saved to fp8_layout_results_4096x8192x28672.json
W20260419 17:41:22.582435 140101646622208 simple_timer.cpp:55] [rocprofv3] 'python3 test_python.py 4096 8192 28672' ::     1.266129 sec
E20260419 17:41:22.660862 140101646622208 output_stream.cpp:111] Opened result file: r53c_pmc_results/fp8_Down_crr_set1/pmc_2/pt-test-2-l7n7x-master-0/2435283_counter_collection.csv
E20260419 17:41:22.694420 140101646622208 output_stream.cpp:111] Opened result file: r53c_pmc_results/fp8_Down_crr_set1/pmc_2/pt-test-2-l7n7x-master-0/2435283_agent_info.csv
W20260419 17:41:22.697370 140101646622208 simple_timer.cpp:55] [rocprofv3] output generation ::     0.113635 sec
W20260419 17:41:22.697820 140101646622208 simple_timer.cpp:55] [rocprofv3] tool finalization ::     0.114091 sec
W20260419 17:41:23.319119 140294842199552 simple_timer.cpp:55] [rocprofv3] tool initialization ::     0.142791 sec
W20260419 17:41:23.319366 140294842199552 simple_timer.cpp:55] [rocprofv3] 'python3 test_python.py 4096 8192 28672' ::     0.000001 sec
=== FP8 GEMM Layout Benchmark (native layouts, no preshuffle): M=4096, N=8192, K=28672 ===
Warmup=3, iters=5, correctness=off
Layouts=crr

--- CRR Layout: C = A^T @ B ---
W20260419 17:41:24.245501 140294842199552 tool.cpp:2420] HSA version 8.19.0 initialized (instance=0)
  Avg time: 1.0681 ms, TFLOPS: 1801.39

============================================================
Layout     Time (ms)    TFLOPS     % of RCR  
------------------------------------------------------------
CRR        1.0681       1801.39    0.00%
============================================================

95% target: NOT MET
  CRR: 0.00% of RCR

Results saved to fp8_layout_results_4096x8192x28672.json
W20260419 17:41:24.812809 140294842199552 simple_timer.cpp:55] [rocprofv3] 'python3 test_python.py 4096 8192 28672' ::     1.493444 sec
E20260419 17:41:24.908863 140294842199552 output_stream.cpp:111] Opened result file: r53c_pmc_results/fp8_Down_crr_set1/pmc_3/pt-test-2-l7n7x-master-0/2435368_counter_collection.csv
E20260419 17:41:24.945976 140294842199552 output_stream.cpp:111] Opened result file: r53c_pmc_results/fp8_Down_crr_set1/pmc_3/pt-test-2-l7n7x-master-0/2435368_agent_info.csv
W20260419 17:41:24.949422 140294842199552 simple_timer.cpp:55] [rocprofv3] output generation ::     0.134789 sec
W20260419 17:41:24.950093 140294842199552 simple_timer.cpp:55] [rocprofv3] tool finalization ::     0.135467 sec
W20260419 17:41:25.704370 140147772796416 simple_timer.cpp:55] [rocprofv3] tool initialization ::     0.141785 sec
W20260419 17:41:25.704598 140147772796416 simple_timer.cpp:55] [rocprofv3] 'python3 test_python.py 4096 8192 28672' ::     0.000001 sec
=== FP8 GEMM Layout Benchmark (native layouts, no preshuffle): M=4096, N=8192, K=28672 ===
Warmup=3, iters=5, correctness=off
Layouts=crr

--- CRR Layout: C = A^T @ B ---
W20260419 17:41:26.659953 140147772796416 tool.cpp:2420] HSA version 8.19.0 initialized (instance=0)
  Avg time: 0.8500 ms, TFLOPS: 2263.59

============================================================
Layout     Time (ms)    TFLOPS     % of RCR  
------------------------------------------------------------
CRR        0.8500       2263.59    0.00%
============================================================

95% target: NOT MET
  CRR: 0.00% of RCR

Results saved to fp8_layout_results_4096x8192x28672.json
W20260419 17:41:27.202172 140147772796416 simple_timer.cpp:55] [rocprofv3] 'python3 test_python.py 4096 8192 28672' ::     1.497575 sec
E20260419 17:41:27.286097 140147772796416 output_stream.cpp:111] Opened result file: r53c_pmc_results/fp8_Down_crr_set1/pmc_4/pt-test-2-l7n7x-master-0/2435698_counter_collection.csv
E20260419 17:41:27.332877 140147772796416 output_stream.cpp:111] Opened result file: r53c_pmc_results/fp8_Down_crr_set1/pmc_4/pt-test-2-l7n7x-master-0/2435698_agent_info.csv
W20260419 17:41:27.336000 140147772796416 simple_timer.cpp:55] [rocprofv3] output generation ::     0.132610 sec
W20260419 17:41:27.336426 140147772796416 simple_timer.cpp:55] [rocprofv3] tool finalization ::     0.133043 sec
W20260419 17:41:27.944443 140321769991680 simple_timer.cpp:55] [rocprofv3] tool initialization ::     0.142813 sec
W20260419 17:41:27.944683 140321769991680 simple_timer.cpp:55] [rocprofv3] 'python3 test_python.py 4096 8192 28672' ::     0.000000 sec
=== FP8 GEMM Layout Benchmark (native layouts, no preshuffle): M=4096, N=8192, K=28672 ===
Warmup=3, iters=5, correctness=off
Layouts=crr

--- CRR Layout: C = A^T @ B ---
W20260419 17:41:28.837242 140321769991680 tool.cpp:2420] HSA version 8.19.0 initialized (instance=0)
W20260419 17:41:29.071255 140321769991680 tool.cpp:1189] Unable to find all counters for agent 2 (gpu-0, gfx950) in [ALUStalledByLDS, FetchSize, L2CacheHit, LDSBankConflict, MemUnitBusy, MemUnitStalled, MfmaUtil, VALUBusy]. Found: [FetchSize, LDSBankConflict, MemUnitStalled, MfmaUtil, VALUBusy]. Missing: [ALUStalledByLDS, L2CacheHit, MemUnitBusy]
W20260419 17:41:29.071389 140321769991680 tool.cpp:1189] Unable to find all counters for agent 3 (gpu-1, gfx950) in [ALUStalledByLDS, FetchSize, L2CacheHit, LDSBankConflict, MemUnitBusy, MemUnitStalled, MfmaUtil, VALUBusy]. Found: [FetchSize, LDSBankConflict, MemUnitStalled, MfmaUtil, VALUBusy]. Missing: [ALUStalledByLDS, L2CacheHit, MemUnitBusy]
W20260419 17:41:29.072948 140321769991680 tool.cpp:1189] Unable to find all counters for agent 4 (gpu-2, gfx950) in [ALUStalledByLDS, FetchSize, L2CacheHit, LDSBankConflict, MemUnitBusy, MemUnitStalled, MfmaUtil, VALUBusy]. Found: [FetchSize, LDSBankConflict, MemUnitStalled, MfmaUtil, VALUBusy]. Missing: [ALUStalledByLDS, L2CacheHit, MemUnitBusy]
W20260419 17:41:29.072983 140321769991680 tool.cpp:1189] Unable to find all counters for agent 5 (gpu-3, gfx950) in [ALUStalledByLDS, FetchSize, L2CacheHit, LDSBankConflict, MemUnitBusy, MemUnitStalled, MfmaUtil, VALUBusy]. Found: [FetchSize, LDSBankConflict, MemUnitStalled, MfmaUtil, VALUBusy]. Missing: [ALUStalledByLDS, L2CacheHit, MemUnitBusy]
W20260419 17:41:29.074090 140321769991680 tool.cpp:1189] Unable to find all counters for agent 6 (gpu-4, gfx950) in [ALUStalledByLDS, FetchSize, L2CacheHit, LDSBankConflict, MemUnitBusy, MemUnitStalled, MfmaUtil, VALUBusy]. Found: [FetchSize, LDSBankConflict, MemUnitStalled, MfmaUtil, VALUBusy]. Missing: [ALUStalledByLDS, L2CacheHit, MemUnitBusy]
W20260419 17:41:29.074123 140321769991680 tool.cpp:1189] Unable to find all counters for agent 7 (gpu-5, gfx950) in [ALUStalledByLDS, FetchSize, L2CacheHit, LDSBankConflict, MemUnitBusy, MemUnitStalled, MfmaUtil, VALUBusy]. Found: [FetchSize, LDSBankConflict, MemUnitStalled, MfmaUtil, VALUBusy]. Missing: [ALUStalledByLDS, L2CacheHit, MemUnitBusy]
W20260419 17:41:29.075235 140321769991680 tool.cpp:1189] Unable to find all counters for agent 8 (gpu-6, gfx950) in [ALUStalledByLDS, FetchSize, L2CacheHit, LDSBankConflict, MemUnitBusy, MemUnitStalled, MfmaUtil, VALUBusy]. Found: [FetchSize, LDSBankConflict, MemUnitStalled, MfmaUtil, VALUBusy]. Missing: [ALUStalledByLDS, L2CacheHit, MemUnitBusy]
W20260419 17:41:29.075265 140321769991680 tool.cpp:1189] Unable to find all counters for agent 9 (gpu-7, gfx950) in [ALUStalledByLDS, FetchSize, L2CacheHit, LDSBankConflict, MemUnitBusy, MemUnitStalled, MfmaUtil, VALUBusy]. Found: [FetchSize, LDSBankConflict, MemUnitStalled, MfmaUtil, VALUBusy]. Missing: [ALUStalledByLDS, L2CacheHit, MemUnitBusy]
  Avg time: 0.9595 ms, TFLOPS: 2005.34

============================================================
Layout     Time (ms)    TFLOPS     % of RCR  
------------------------------------------------------------
CRR        0.9595       2005.34    0.00%
============================================================

95% target: NOT MET
  CRR: 0.00% of RCR

Results saved to fp8_layout_results_4096x8192x28672.json
W20260419 17:41:29.247531 140321769991680 simple_timer.cpp:55] [rocprofv3] 'python3 test_python.py 4096 8192 28672' ::     1.302849 sec
E20260419 17:41:29.320919 140321769991680 output_stream.cpp:111] Opened result file: r53c_pmc_results/fp8_Down_crr_set1/pmc_5/pt-test-2-l7n7x-master-0/2435787_counter_collection.csv
E20260419 17:41:29.360444 140321769991680 output_stream.cpp:111] Opened result file: r53c_pmc_results/fp8_Down_crr_set1/pmc_5/pt-test-2-l7n7x-master-0/2435787_agent_info.csv
W20260419 17:41:29.363632 140321769991680 simple_timer.cpp:55] [rocprofv3] output generation ::     0.114777 sec
W20260419 17:41:29.364094 140321769991680 simple_timer.cpp:55] [rocprofv3] tool finalization ::     0.115246 sec
