=== 70B_Down 4096x8192x28672 ===
  cached fp8 build for 70B_Down
  cached mxfp8 build for 70B_Down
  running fp8 70B_Down set1
  running fp8 70B_Down set3
  running mxfp8 70B_Down set1
  running mxfp8 70B_Down set3
=== 8B_Down 4096x4096x14336 ===
  cached fp8 build for 8B_Down
  cached mxfp8 build for 8B_Down
  running fp8 8B_Down set1
  running fp8 8B_Down set3
  running mxfp8 8B_Down set1
  running mxfp8 8B_Down set3
=== 70B_QO 4096x8192x8192 ===
  cached fp8 build for 70B_QO
  cached mxfp8 build for 70B_QO
  running fp8 70B_QO set1
  running fp8 70B_QO set3
  running mxfp8 70B_QO set1
Terminated
    ABORT mxfp8 70B_QO set1 rc=143
W20260419 19:36:15.100939 139763814977024 simple_timer.cpp:55] [rocprofv3] tool initialization ::     0.147762 sec
W20260419 19:36:15.101187 139763814977024 simple_timer.cpp:55] [rocprofv3] 'python3 test_mxfp8_python.py 4096 8192 8192' ::     0.000000 sec
=== MXFP8 GEMM Layout Benchmark (preshuffle-quant): M=4096, N=8192, K=8192 ===
Warmup=3, iters=5, correctness=off
Layouts=rcr

--- RCR Layout: C = A @ B^T ---
W20260419 19:36:16.009262 139763814977024 tool.cpp:2420] HSA version 8.19.0 initialized (instance=0)
Memory access fault by GPU node-6 (Agent handle: 0x561922a08c90) on address 0x7edb44a00000. Reason: Unknown.
GPU core dump created: gpucore.2569925
W20260419 19:36:44.911012 139755610175040 tool.cpp:3102] [PPID=2569923][PID=2569925][TID=2569993][rocprofv3_error_signal_handler] rocprofv3 caught signal 6...
W20260419 19:36:44.911072 139755610175040 tool.cpp:3125] [PPID=2569923][PID=2569925][TID=2569993][rocprofv3_error_signal_handler] rocprofv3 will wait for 0 children to exit
W20260419 19:36:44.911075 139755610175040 tool.cpp:3140] [PPID=2569923][PID=2569925][TID=2569993][rocprofv3_error_signal_handler] rocprofv3 finalizing after signal 6...
W20260419 19:39:33.476991 139763814977024 tool.cpp:3102] [PPID=2569923][PID=2569925][TID=2569925][rocprofv3_error_signal_handler] rocprofv3 caught signal 15...
  running mxfp8 70B_QO set3
/shared_nfs/kyle/test/Hipkittens2/analysis/fp8_gemm/mi350x/r54b_pmc_results/run_pmc_v2.sh: line 62: 2571654 Killed                  PYTHONPATH=. HIP_VISIBLE_DEVICES=$GPU MXFP8_BUILD_M=$M MXFP8_BUILD_N=$N MXFP8_BUILD_K=$K MXFP8_WARMUP=$WARMUP MXFP8_ITERS=$ITERS MXFP8_CHECK=0 MXFP8_LAYOUTS=rcr MXFP8_PRESHUFFLE_QUANT=1 rocprofv3 -i "$pmcfile" --output-format csv -d "$outdir" -- python3 test_mxfp8_python.py $M $N $K > "$outdir/run.log" 2>&1
    ABORT mxfp8 70B_QO set3 rc=137
W20260419 19:39:38.846585 139777308139008 simple_timer.cpp:55] [rocprofv3] tool initialization ::     0.142664 sec
W20260419 19:39:38.846790 139777308139008 simple_timer.cpp:55] [rocprofv3] 'python3 test_mxfp8_python.py 4096 8192 8192' ::     0.000000 sec
=== MXFP8 GEMM Layout Benchmark (preshuffle-quant): M=4096, N=8192, K=8192 ===
Warmup=3, iters=5, correctness=off
Layouts=rcr

--- RCR Layout: C = A @ B^T ---
W20260419 19:39:39.770626 139777308139008 tool.cpp:2420] HSA version 8.19.0 initialized (instance=0)
Memory access fault by GPU node-6 (Agent handle: 0x564f29e30f80) on address 0x7ede15600000. Reason: Unknown.
GPU core dump created: gpucore.2571655
W20260419 19:40:09.833704 139769103251008 tool.cpp:3102] [PPID=2571654][PID=2571655][TID=2571736][rocprofv3_error_signal_handler] rocprofv3 caught signal 6...
W20260419 19:40:09.833767 139769103251008 tool.cpp:3125] [PPID=2571654][PID=2571655][TID=2571736][rocprofv3_error_signal_handler] rocprofv3 will wait for 0 children to exit
W20260419 19:40:09.833770 139769103251008 tool.cpp:3140] [PPID=2571654][PID=2571655][TID=2571736][rocprofv3_error_signal_handler] rocprofv3 finalizing after signal 6...
DONE
