=== building kernels for 70B_Down (M=4096 N=8192 K=28672) ===
  running fp8 70B_Down set1 -> r54b_pmc_results/70B_Down_fp8_rcr_set1
  running fp8 70B_Down set3 -> r54b_pmc_results/70B_Down_fp8_rcr_set3
  running mxfp8 70B_Down set1 -> r54b_pmc_results/70B_Down_mxfp8_rcr_set1
    ABORT mxfp8 70B_Down set1 rc=1
W20260419 19:22:30.344077 139762009067008 simple_timer.cpp:55] [rocprofv3] tool initialization ::     0.144108 sec
W20260419 19:22:30.344322 139762009067008 simple_timer.cpp:55] [rocprofv3] 'python3 test_mxfp8_python.py 4096 8192 28672' ::     0.000000 sec
Traceback (most recent call last):
  File "/shared_nfs/kyle/test/Hipkittens2/analysis/fp8_gemm/mi350x/test_mxfp8_python.py", line 12, in <module>
    import tk_mxfp8_layouts
ModuleNotFoundError: No module named 'tk_mxfp8_layouts'
W20260419 19:22:31.190162 139762009067008 simple_timer.cpp:55] [rocprofv3] 'python3 test_mxfp8_python.py 4096 8192 28672' ::     0.845840 sec
W20260419 19:22:31.191876 139762009067008 simple_timer.cpp:55] [rocprofv3] output generation ::     0.001519 sec
W20260419 19:22:31.192037 139762009067008 simple_timer.cpp:55] [rocprofv3] tool finalization ::     0.001686 sec
[rocprofv3] Fatal error: Command '['python3', 'test_mxfp8_python.py', '4096', '8192', '28672']' returned non-zero exit status 1.
  running mxfp8 70B_Down set3 -> r54b_pmc_results/70B_Down_mxfp8_rcr_set3
    ABORT mxfp8 70B_Down set3 rc=1
W20260419 19:22:36.815277 140027456540160 simple_timer.cpp:55] [rocprofv3] tool initialization ::     0.143110 sec
W20260419 19:22:36.815486 140027456540160 simple_timer.cpp:55] [rocprofv3] 'python3 test_mxfp8_python.py 4096 8192 28672' ::     0.000000 sec
Traceback (most recent call last):
  File "/shared_nfs/kyle/test/Hipkittens2/analysis/fp8_gemm/mi350x/test_mxfp8_python.py", line 12, in <module>
    import tk_mxfp8_layouts
ModuleNotFoundError: No module named 'tk_mxfp8_layouts'
W20260419 19:22:37.667313 140027456540160 simple_timer.cpp:55] [rocprofv3] 'python3 test_mxfp8_python.py 4096 8192 28672' ::     0.851827 sec
W20260419 19:22:37.669032 140027456540160 simple_timer.cpp:55] [rocprofv3] output generation ::     0.001532 sec
W20260419 19:22:37.669182 140027456540160 simple_timer.cpp:55] [rocprofv3] tool finalization ::     0.001688 sec
[rocprofv3] Fatal error: Command '['python3', 'test_mxfp8_python.py', '4096', '8192', '28672']' returned non-zero exit status 1.
=== building kernels for 8B_Down (M=4096 N=4096 K=14336) ===
  running fp8 8B_Down set1 -> r54b_pmc_results/8B_Down_fp8_rcr_set1
  running fp8 8B_Down set3 -> r54b_pmc_results/8B_Down_fp8_rcr_set3
