W20260419 19:31:04.172012 140694945242624 simple_timer.cpp:55] [rocprofv3] tool initialization ::     0.142569 sec
W20260419 19:31:04.172221 140694945242624 simple_timer.cpp:55] [rocprofv3] 'python3 test_mxfp8_python.py 4096 8192 28672' ::     0.000000 sec
=== MXFP8 GEMM Layout Benchmark (preshuffle-quant): M=4096, N=8192, K=28672 ===
Warmup=3, iters=5, correctness=off
Layouts=rcr

--- RCR Layout: C = A @ B^T ---
W20260419 19:31:05.048796 140694945242624 tool.cpp:2420] HSA version 8.19.0 initialized (instance=0)
  Avg time: 0.8557 ms, TFLOPS: 2248.69

Results saved to mxfp8_layout_results_4096x8192x28672_pq.json
W20260419 19:31:05.771001 140694945242624 simple_timer.cpp:55] [rocprofv3] 'python3 test_mxfp8_python.py 4096 8192 28672' ::     1.598780 sec
E20260419 19:31:05.871378 140694945242624 output_stream.cpp:111] Opened result file: /shared_nfs/kyle/test/Hipkittens2/analysis/fp8_gemm/mi350x/r54b_pmc_results/70B_Down_mxfp8_rcr_set1/pmc_1/pt-test-2-l7n7x-master-0/2563754_counter_collection.csv
E20260419 19:31:05.927661 140694945242624 output_stream.cpp:111] Opened result file: /shared_nfs/kyle/test/Hipkittens2/analysis/fp8_gemm/mi350x/r54b_pmc_results/70B_Down_mxfp8_rcr_set1/pmc_1/pt-test-2-l7n7x-master-0/2563754_agent_info.csv
W20260419 19:31:05.930652 140694945242624 simple_timer.cpp:55] [rocprofv3] output generation ::     0.146655 sec
W20260419 19:31:05.932251 140694945242624 simple_timer.cpp:55] [rocprofv3] tool finalization ::     0.148262 sec
W20260419 19:31:06.644008 140059857952256 simple_timer.cpp:55] [rocprofv3] tool initialization ::     0.147500 sec
W20260419 19:31:06.644226 140059857952256 simple_timer.cpp:55] [rocprofv3] 'python3 test_mxfp8_python.py 4096 8192 28672' ::     0.000000 sec
=== MXFP8 GEMM Layout Benchmark (preshuffle-quant): M=4096, N=8192, K=28672 ===
Warmup=3, iters=5, correctness=off
Layouts=rcr

--- RCR Layout: C = A @ B^T ---
W20260419 19:31:07.548711 140059857952256 tool.cpp:2420] HSA version 8.19.0 initialized (instance=0)
  Avg time: 0.8508 ms, TFLOPS: 2261.64

Results saved to mxfp8_layout_results_4096x8192x28672_pq.json
W20260419 19:31:08.370312 140059857952256 simple_timer.cpp:55] [rocprofv3] 'python3 test_mxfp8_python.py 4096 8192 28672' ::     1.726085 sec
E20260419 19:31:08.461110 140059857952256 output_stream.cpp:111] Opened result file: /shared_nfs/kyle/test/Hipkittens2/analysis/fp8_gemm/mi350x/r54b_pmc_results/70B_Down_mxfp8_rcr_set1/pmc_2/pt-test-2-l7n7x-master-0/2563856_counter_collection.csv
E20260419 19:31:08.527912 140059857952256 output_stream.cpp:111] Opened result file: /shared_nfs/kyle/test/Hipkittens2/analysis/fp8_gemm/mi350x/r54b_pmc_results/70B_Down_mxfp8_rcr_set1/pmc_2/pt-test-2-l7n7x-master-0/2563856_agent_info.csv
W20260419 19:31:08.531148 140059857952256 simple_timer.cpp:55] [rocprofv3] output generation ::     0.147258 sec
W20260419 19:31:08.532775 140059857952256 simple_timer.cpp:55] [rocprofv3] tool finalization ::     0.148893 sec
W20260419 19:31:09.281710 139920466124288 simple_timer.cpp:55] [rocprofv3] tool initialization ::     0.155409 sec
W20260419 19:31:09.281932 139920466124288 simple_timer.cpp:55] [rocprofv3] 'python3 test_mxfp8_python.py 4096 8192 28672' ::     0.000000 sec
=== MXFP8 GEMM Layout Benchmark (preshuffle-quant): M=4096, N=8192, K=28672 ===
Warmup=3, iters=5, correctness=off
Layouts=rcr

--- RCR Layout: C = A @ B^T ---
W20260419 19:31:10.199780 139920466124288 tool.cpp:2420] HSA version 8.19.0 initialized (instance=0)
  Avg time: 1.0687 ms, TFLOPS: 1800.42

Results saved to mxfp8_layout_results_4096x8192x28672_pq.json
W20260419 19:31:11.013394 139920466124288 simple_timer.cpp:55] [rocprofv3] 'python3 test_mxfp8_python.py 4096 8192 28672' ::     1.731462 sec
E20260419 19:31:11.087676 139920466124288 output_stream.cpp:111] Opened result file: /shared_nfs/kyle/test/Hipkittens2/analysis/fp8_gemm/mi350x/r54b_pmc_results/70B_Down_mxfp8_rcr_set1/pmc_3/pt-test-2-l7n7x-master-0/2564017_counter_collection.csv
E20260419 19:31:11.132327 139920466124288 output_stream.cpp:111] Opened result file: /shared_nfs/kyle/test/Hipkittens2/analysis/fp8_gemm/mi350x/r54b_pmc_results/70B_Down_mxfp8_rcr_set1/pmc_3/pt-test-2-l7n7x-master-0/2564017_agent_info.csv
W20260419 19:31:11.135408 139920466124288 simple_timer.cpp:55] [rocprofv3] output generation ::     0.108068 sec
W20260419 19:31:11.137093 139920466124288 simple_timer.cpp:55] [rocprofv3] tool finalization ::     0.109762 sec
W20260419 19:31:11.853842 140383874493952 simple_timer.cpp:55] [rocprofv3] tool initialization ::     0.143029 sec
W20260419 19:31:11.854069 140383874493952 simple_timer.cpp:55] [rocprofv3] 'python3 test_mxfp8_python.py 4096 8192 28672' ::     0.000000 sec
=== MXFP8 GEMM Layout Benchmark (preshuffle-quant): M=4096, N=8192, K=28672 ===
Warmup=3, iters=5, correctness=off
Layouts=rcr

--- RCR Layout: C = A @ B^T ---
W20260419 19:31:12.777963 140383874493952 tool.cpp:2420] HSA version 8.19.0 initialized (instance=0)
  Avg time: 2175.0535 ms, TFLOPS: 0.88

Results saved to mxfp8_layout_results_4096x8192x28672_pq.json
W20260419 19:31:31.018506 140383874493952 simple_timer.cpp:55] [rocprofv3] 'python3 test_mxfp8_python.py 4096 8192 28672' ::    19.164437 sec
E20260419 19:31:31.108456 140383874493952 output_stream.cpp:111] Opened result file: /shared_nfs/kyle/test/Hipkittens2/analysis/fp8_gemm/mi350x/r54b_pmc_results/70B_Down_mxfp8_rcr_set1/pmc_4/pt-test-2-l7n7x-master-0/2564130_counter_collection.csv
E20260419 19:31:31.168130 140383874493952 output_stream.cpp:111] Opened result file: /shared_nfs/kyle/test/Hipkittens2/analysis/fp8_gemm/mi350x/r54b_pmc_results/70B_Down_mxfp8_rcr_set1/pmc_4/pt-test-2-l7n7x-master-0/2564130_agent_info.csv
W20260419 19:31:31.172301 140383874493952 simple_timer.cpp:55] [rocprofv3] output generation ::     0.139811 sec
W20260419 19:31:31.173996 140383874493952 simple_timer.cpp:55] [rocprofv3] tool finalization ::     0.141515 sec
W20260419 19:31:31.882754 140354290839040 simple_timer.cpp:55] [rocprofv3] tool initialization ::     0.142201 sec
W20260419 19:31:31.882977 140354290839040 simple_timer.cpp:55] [rocprofv3] 'python3 test_mxfp8_python.py 4096 8192 28672' ::     0.000000 sec
=== MXFP8 GEMM Layout Benchmark (preshuffle-quant): M=4096, N=8192, K=28672 ===
Warmup=3, iters=5, correctness=off
Layouts=rcr

--- RCR Layout: C = A @ B^T ---
W20260419 19:31:32.844479 140354290839040 tool.cpp:2420] HSA version 8.19.0 initialized (instance=0)
W20260419 19:31:33.089787 140354290839040 tool.cpp:1189] Unable to find all counters for agent 2 (gpu-0, gfx950) in [ALUStalledByLDS, FetchSize, L2CacheHit, LDSBankConflict, MemUnitBusy, MemUnitStalled, MfmaUtil, VALUBusy]. Found: [FetchSize, LDSBankConflict, MemUnitStalled, MfmaUtil, VALUBusy]. Missing: [ALUStalledByLDS, L2CacheHit, MemUnitBusy]
W20260419 19:31:33.089948 140354290839040 tool.cpp:1189] Unable to find all counters for agent 3 (gpu-1, gfx950) in [ALUStalledByLDS, FetchSize, L2CacheHit, LDSBankConflict, MemUnitBusy, MemUnitStalled, MfmaUtil, VALUBusy]. Found: [FetchSize, LDSBankConflict, MemUnitStalled, MfmaUtil, VALUBusy]. Missing: [ALUStalledByLDS, L2CacheHit, MemUnitBusy]
W20260419 19:31:33.091288 140354290839040 tool.cpp:1189] Unable to find all counters for agent 4 (gpu-2, gfx950) in [ALUStalledByLDS, FetchSize, L2CacheHit, LDSBankConflict, MemUnitBusy, MemUnitStalled, MfmaUtil, VALUBusy]. Found: [FetchSize, LDSBankConflict, MemUnitStalled, MfmaUtil, VALUBusy]. Missing: [ALUStalledByLDS, L2CacheHit, MemUnitBusy]
W20260419 19:31:33.092374 140354290839040 tool.cpp:1189] Unable to find all counters for agent 5 (gpu-3, gfx950) in [ALUStalledByLDS, FetchSize, L2CacheHit, LDSBankConflict, MemUnitBusy, MemUnitStalled, MfmaUtil, VALUBusy]. Found: [FetchSize, LDSBankConflict, MemUnitStalled, MfmaUtil, VALUBusy]. Missing: [ALUStalledByLDS, L2CacheHit, MemUnitBusy]
W20260419 19:31:33.093460 140354290839040 tool.cpp:1189] Unable to find all counters for agent 6 (gpu-4, gfx950) in [ALUStalledByLDS, FetchSize, L2CacheHit, LDSBankConflict, MemUnitBusy, MemUnitStalled, MfmaUtil, VALUBusy]. Found: [FetchSize, LDSBankConflict, MemUnitStalled, MfmaUtil, VALUBusy]. Missing: [ALUStalledByLDS, L2CacheHit, MemUnitBusy]
W20260419 19:31:33.093497 140354290839040 tool.cpp:1189] Unable to find all counters for agent 7 (gpu-5, gfx950) in [ALUStalledByLDS, FetchSize, L2CacheHit, LDSBankConflict, MemUnitBusy, MemUnitStalled, MfmaUtil, VALUBusy]. Found: [FetchSize, LDSBankConflict, MemUnitStalled, MfmaUtil, VALUBusy]. Missing: [ALUStalledByLDS, L2CacheHit, MemUnitBusy]
W20260419 19:31:33.094475 140354290839040 tool.cpp:1189] Unable to find all counters for agent 8 (gpu-6, gfx950) in [ALUStalledByLDS, FetchSize, L2CacheHit, LDSBankConflict, MemUnitBusy, MemUnitStalled, MfmaUtil, VALUBusy]. Found: [FetchSize, LDSBankConflict, MemUnitStalled, MfmaUtil, VALUBusy]. Missing: [ALUStalledByLDS, L2CacheHit, MemUnitBusy]
W20260419 19:31:33.095539 140354290839040 tool.cpp:1189] Unable to find all counters for agent 9 (gpu-7, gfx950) in [ALUStalledByLDS, FetchSize, L2CacheHit, LDSBankConflict, MemUnitBusy, MemUnitStalled, MfmaUtil, VALUBusy]. Found: [FetchSize, LDSBankConflict, MemUnitStalled, MfmaUtil, VALUBusy]. Missing: [ALUStalledByLDS, L2CacheHit, MemUnitBusy]
  Avg time: 2174.0108 ms, TFLOPS: 0.89

Results saved to mxfp8_layout_results_4096x8192x28672_pq.json
W20260419 19:31:51.014195 140354290839040 simple_timer.cpp:55] [rocprofv3] 'python3 test_mxfp8_python.py 4096 8192 28672' ::    19.131217 sec
E20260419 19:31:51.112096 140354290839040 output_stream.cpp:111] Opened result file: /shared_nfs/kyle/test/Hipkittens2/analysis/fp8_gemm/mi350x/r54b_pmc_results/70B_Down_mxfp8_rcr_set1/pmc_5/pt-test-2-l7n7x-master-0/2564564_counter_collection.csv
E20260419 19:31:51.159380 140354290839040 output_stream.cpp:111] Opened result file: /shared_nfs/kyle/test/Hipkittens2/analysis/fp8_gemm/mi350x/r54b_pmc_results/70B_Down_mxfp8_rcr_set1/pmc_5/pt-test-2-l7n7x-master-0/2564564_agent_info.csv
W20260419 19:31:51.162673 140354290839040 simple_timer.cpp:55] [rocprofv3] output generation ::     0.134804 sec
W20260419 19:31:51.164180 140354290839040 simple_timer.cpp:55] [rocprofv3] tool finalization ::     0.136322 sec
