W20260420 00:41:33.573443 139844980792832 simple_timer.cpp:55] [rocprofv3] tool initialization ::     0.145513 sec
W20260420 00:41:33.573662 139844980792832 simple_timer.cpp:55] [rocprofv3] 'python3 test_python.py 4096 4096 4096' ::     0.000000 sec
=== FP8 GEMM Layout Benchmark (native layouts, no preshuffle): M=4096, N=4096, K=4096 ===
Warmup=100, iters=200, correctness=off
Layouts=rrr

--- RRR Layout: C = A @ B ---
W20260420 00:41:34.521741 139844980792832 tool.cpp:2420] HSA version 8.19.0 initialized (instance=0)
  Avg time: 0.1395 ms, TFLOPS: 984.88

============================================================
Layout     Time (ms)    TFLOPS     % of RCR  
------------------------------------------------------------
RRR        0.1395       984.88     0.00%
============================================================

95% target: NOT MET
  RRR: 0.00% of RCR

Results saved to fp8_layout_results_4096.json
W20260420 00:41:35.059328 139844980792832 simple_timer.cpp:55] [rocprofv3] 'python3 test_python.py 4096 4096 4096' ::     1.485666 sec
E20260420 00:41:35.147570 139844980792832 output_stream.cpp:111] Opened result file: /shared_nfs/kyle/test/Hipkittens2/analysis/fp8_gemm/mi350x/r55f_pmc_results/8B_QO_fp8_rrr_set1/pmc_1/pt-test-2-l7n7x-master-0/2945612_counter_collection.csv
E20260420 00:41:35.212595 139844980792832 output_stream.cpp:111] Opened result file: /shared_nfs/kyle/test/Hipkittens2/analysis/fp8_gemm/mi350x/r55f_pmc_results/8B_QO_fp8_rrr_set1/pmc_1/pt-test-2-l7n7x-master-0/2945612_agent_info.csv
W20260420 00:41:35.217074 139844980792832 simple_timer.cpp:55] [rocprofv3] output generation ::     0.156368 sec
W20260420 00:41:35.217522 139844980792832 simple_timer.cpp:55] [rocprofv3] tool finalization ::     0.156823 sec
W20260420 00:41:35.841216 139886495120896 simple_timer.cpp:55] [rocprofv3] tool initialization ::     0.140387 sec
W20260420 00:41:35.841435 139886495120896 simple_timer.cpp:55] [rocprofv3] 'python3 test_python.py 4096 4096 4096' ::     0.000000 sec
=== FP8 GEMM Layout Benchmark (native layouts, no preshuffle): M=4096, N=4096, K=4096 ===
Warmup=100, iters=200, correctness=off
Layouts=rrr

--- RRR Layout: C = A @ B ---
W20260420 00:41:36.750431 139886495120896 tool.cpp:2420] HSA version 8.19.0 initialized (instance=0)
  Avg time: 0.1340 ms, TFLOPS: 1025.83

============================================================
Layout     Time (ms)    TFLOPS     % of RCR  
------------------------------------------------------------
RRR        0.1340       1025.83    0.00%
============================================================

95% target: NOT MET
  RRR: 0.00% of RCR

Results saved to fp8_layout_results_4096.json
W20260420 00:41:37.232907 139886495120896 simple_timer.cpp:55] [rocprofv3] 'python3 test_python.py 4096 4096 4096' ::     1.391473 sec
E20260420 00:41:37.305699 139886495120896 output_stream.cpp:111] Opened result file: /shared_nfs/kyle/test/Hipkittens2/analysis/fp8_gemm/mi350x/r55f_pmc_results/8B_QO_fp8_rrr_set1/pmc_2/pt-test-2-l7n7x-master-0/2945691_counter_collection.csv
E20260420 00:41:37.380562 139886495120896 output_stream.cpp:111] Opened result file: /shared_nfs/kyle/test/Hipkittens2/analysis/fp8_gemm/mi350x/r55f_pmc_results/8B_QO_fp8_rrr_set1/pmc_2/pt-test-2-l7n7x-master-0/2945691_agent_info.csv
W20260420 00:41:37.383873 139886495120896 simple_timer.cpp:55] [rocprofv3] output generation ::     0.149759 sec
W20260420 00:41:37.384295 139886495120896 simple_timer.cpp:55] [rocprofv3] tool finalization ::     0.150188 sec
W20260420 00:41:37.982905 140543626874368 simple_timer.cpp:55] [rocprofv3] tool initialization ::     0.143169 sec
W20260420 00:41:37.983122 140543626874368 simple_timer.cpp:55] [rocprofv3] 'python3 test_python.py 4096 4096 4096' ::     0.000000 sec
=== FP8 GEMM Layout Benchmark (native layouts, no preshuffle): M=4096, N=4096, K=4096 ===
Warmup=100, iters=200, correctness=off
Layouts=rrr

--- RRR Layout: C = A @ B ---
W20260420 00:41:38.905540 140543626874368 tool.cpp:2420] HSA version 8.19.0 initialized (instance=0)
  Avg time: 0.2087 ms, TFLOPS: 658.64

============================================================
Layout     Time (ms)    TFLOPS     % of RCR  
------------------------------------------------------------
RRR        0.2087       658.64     0.00%
============================================================

95% target: NOT MET
  RRR: 0.00% of RCR

Results saved to fp8_layout_results_4096.json
W20260420 00:41:39.366565 140543626874368 simple_timer.cpp:55] [rocprofv3] 'python3 test_python.py 4096 4096 4096' ::     1.383443 sec
E20260420 00:41:39.452790 140543626874368 output_stream.cpp:111] Opened result file: /shared_nfs/kyle/test/Hipkittens2/analysis/fp8_gemm/mi350x/r55f_pmc_results/8B_QO_fp8_rrr_set1/pmc_3/pt-test-2-l7n7x-master-0/2945850_counter_collection.csv
E20260420 00:41:39.505995 140543626874368 output_stream.cpp:111] Opened result file: /shared_nfs/kyle/test/Hipkittens2/analysis/fp8_gemm/mi350x/r55f_pmc_results/8B_QO_fp8_rrr_set1/pmc_3/pt-test-2-l7n7x-master-0/2945850_agent_info.csv
W20260420 00:41:39.509248 140543626874368 simple_timer.cpp:55] [rocprofv3] output generation ::     0.141334 sec
W20260420 00:41:39.509673 140543626874368 simple_timer.cpp:55] [rocprofv3] tool finalization ::     0.141766 sec
W20260420 00:41:40.134556 140179267112448 simple_timer.cpp:55] [rocprofv3] tool initialization ::     0.143159 sec
W20260420 00:41:40.134793 140179267112448 simple_timer.cpp:55] [rocprofv3] 'python3 test_python.py 4096 4096 4096' ::     0.000000 sec
=== FP8 GEMM Layout Benchmark (native layouts, no preshuffle): M=4096, N=4096, K=4096 ===
Warmup=100, iters=200, correctness=off
Layouts=rrr

--- RRR Layout: C = A @ B ---
W20260420 00:41:41.046478 140179267112448 tool.cpp:2420] HSA version 8.19.0 initialized (instance=0)
  Avg time: 0.4400 ms, TFLOPS: 312.34

============================================================
Layout     Time (ms)    TFLOPS     % of RCR  
------------------------------------------------------------
RRR        0.4400       312.34     0.00%
============================================================

95% target: NOT MET
  RRR: 0.00% of RCR

Results saved to fp8_layout_results_4096.json
W20260420 00:41:41.569106 140179267112448 simple_timer.cpp:55] [rocprofv3] 'python3 test_python.py 4096 4096 4096' ::     1.434314 sec
E20260420 00:41:41.949108 140179267112448 output_stream.cpp:111] Opened result file: /shared_nfs/kyle/test/Hipkittens2/analysis/fp8_gemm/mi350x/r55f_pmc_results/8B_QO_fp8_rrr_set1/pmc_4/pt-test-2-l7n7x-master-0/2945927_counter_collection.csv
E20260420 00:41:42.022360 140179267112448 output_stream.cpp:111] Opened result file: /shared_nfs/kyle/test/Hipkittens2/analysis/fp8_gemm/mi350x/r55f_pmc_results/8B_QO_fp8_rrr_set1/pmc_4/pt-test-2-l7n7x-master-0/2945927_agent_info.csv
W20260420 00:41:42.025819 140179267112448 simple_timer.cpp:55] [rocprofv3] output generation ::     0.157730 sec
W20260420 00:41:42.026268 140179267112448 simple_timer.cpp:55] [rocprofv3] tool finalization ::     0.158186 sec
W20260420 00:41:42.639956 140589673152000 simple_timer.cpp:55] [rocprofv3] tool initialization ::     0.145839 sec
W20260420 00:41:42.640181 140589673152000 simple_timer.cpp:55] [rocprofv3] 'python3 test_python.py 4096 4096 4096' ::     0.000000 sec
=== FP8 GEMM Layout Benchmark (native layouts, no preshuffle): M=4096, N=4096, K=4096 ===
Warmup=100, iters=200, correctness=off
Layouts=rrr

--- RRR Layout: C = A @ B ---
W20260420 00:41:43.544359 140589673152000 tool.cpp:2420] HSA version 8.19.0 initialized (instance=0)
W20260420 00:41:43.699070 140589673152000 tool.cpp:1189] Unable to find all counters for agent 2 (gpu-0, gfx950) in [ALUStalledByLDS, FetchSize, L2CacheHit, LDSBankConflict, MemUnitBusy, MemUnitStalled, MfmaUtil, VALUBusy]. Found: [FetchSize, LDSBankConflict, MemUnitStalled, MfmaUtil, VALUBusy]. Missing: [ALUStalledByLDS, L2CacheHit, MemUnitBusy]
W20260420 00:41:43.699202 140589673152000 tool.cpp:1189] Unable to find all counters for agent 3 (gpu-1, gfx950) in [ALUStalledByLDS, FetchSize, L2CacheHit, LDSBankConflict, MemUnitBusy, MemUnitStalled, MfmaUtil, VALUBusy]. Found: [FetchSize, LDSBankConflict, MemUnitStalled, MfmaUtil, VALUBusy]. Missing: [ALUStalledByLDS, L2CacheHit, MemUnitBusy]
W20260420 00:41:43.700524 140589673152000 tool.cpp:1189] Unable to find all counters for agent 4 (gpu-2, gfx950) in [ALUStalledByLDS, FetchSize, L2CacheHit, LDSBankConflict, MemUnitBusy, MemUnitStalled, MfmaUtil, VALUBusy]. Found: [FetchSize, LDSBankConflict, MemUnitStalled, MfmaUtil, VALUBusy]. Missing: [ALUStalledByLDS, L2CacheHit, MemUnitBusy]
W20260420 00:41:43.701606 140589673152000 tool.cpp:1189] Unable to find all counters for agent 5 (gpu-3, gfx950) in [ALUStalledByLDS, FetchSize, L2CacheHit, LDSBankConflict, MemUnitBusy, MemUnitStalled, MfmaUtil, VALUBusy]. Found: [FetchSize, LDSBankConflict, MemUnitStalled, MfmaUtil, VALUBusy]. Missing: [ALUStalledByLDS, L2CacheHit, MemUnitBusy]
W20260420 00:41:43.701639 140589673152000 tool.cpp:1189] Unable to find all counters for agent 6 (gpu-4, gfx950) in [ALUStalledByLDS, FetchSize, L2CacheHit, LDSBankConflict, MemUnitBusy, MemUnitStalled, MfmaUtil, VALUBusy]. Found: [FetchSize, LDSBankConflict, MemUnitStalled, MfmaUtil, VALUBusy]. Missing: [ALUStalledByLDS, L2CacheHit, MemUnitBusy]
W20260420 00:41:43.702631 140589673152000 tool.cpp:1189] Unable to find all counters for agent 7 (gpu-5, gfx950) in [ALUStalledByLDS, FetchSize, L2CacheHit, LDSBankConflict, MemUnitBusy, MemUnitStalled, MfmaUtil, VALUBusy]. Found: [FetchSize, LDSBankConflict, MemUnitStalled, MfmaUtil, VALUBusy]. Missing: [ALUStalledByLDS, L2CacheHit, MemUnitBusy]
W20260420 00:41:43.703654 140589673152000 tool.cpp:1189] Unable to find all counters for agent 8 (gpu-6, gfx950) in [ALUStalledByLDS, FetchSize, L2CacheHit, LDSBankConflict, MemUnitBusy, MemUnitStalled, MfmaUtil, VALUBusy]. Found: [FetchSize, LDSBankConflict, MemUnitStalled, MfmaUtil, VALUBusy]. Missing: [ALUStalledByLDS, L2CacheHit, MemUnitBusy]
W20260420 00:41:43.704726 140589673152000 tool.cpp:1189] Unable to find all counters for agent 9 (gpu-7, gfx950) in [ALUStalledByLDS, FetchSize, L2CacheHit, LDSBankConflict, MemUnitBusy, MemUnitStalled, MfmaUtil, VALUBusy]. Found: [FetchSize, LDSBankConflict, MemUnitStalled, MfmaUtil, VALUBusy]. Missing: [ALUStalledByLDS, L2CacheHit, MemUnitBusy]
  Avg time: 0.1798 ms, TFLOPS: 764.37

============================================================
Layout     Time (ms)    TFLOPS     % of RCR  
------------------------------------------------------------
RRR        0.1798       764.37     0.00%
============================================================

95% target: NOT MET
  RRR: 0.00% of RCR

Results saved to fp8_layout_results_4096.json
W20260420 00:41:43.960643 140589673152000 simple_timer.cpp:55] [rocprofv3] 'python3 test_python.py 4096 4096 4096' ::     1.320463 sec
E20260420 00:41:44.040001 140589673152000 output_stream.cpp:111] Opened result file: /shared_nfs/kyle/test/Hipkittens2/analysis/fp8_gemm/mi350x/r55f_pmc_results/8B_QO_fp8_rrr_set1/pmc_5/pt-test-2-l7n7x-master-0/2946000_counter_collection.csv
E20260420 00:41:44.093780 140589673152000 output_stream.cpp:111] Opened result file: /shared_nfs/kyle/test/Hipkittens2/analysis/fp8_gemm/mi350x/r55f_pmc_results/8B_QO_fp8_rrr_set1/pmc_5/pt-test-2-l7n7x-master-0/2946000_agent_info.csv
W20260420 00:41:44.097069 140589673152000 simple_timer.cpp:55] [rocprofv3] output generation ::     0.135093 sec
W20260420 00:41:44.097524 140589673152000 simple_timer.cpp:55] [rocprofv3] tool finalization ::     0.135555 sec
