W20260420 02:07:03.873496 139688674332160 simple_timer.cpp:55] [rocprofv3] tool initialization ::     0.144756 sec
W20260420 02:07:03.873693 139688674332160 simple_timer.cpp:55] [rocprofv3] 'python3 test_python.py 4096 8192 28672' ::     0.000000 sec
=== FP8 GEMM Layout Benchmark (native layouts, no preshuffle): M=4096, N=8192, K=28672 ===
Warmup=100, iters=200, correctness=off
Layouts=crr

--- CRR Layout: C = A^T @ B ---
W20260420 02:07:04.821960 139688674332160 tool.cpp:2420] HSA version 8.19.0 initialized (instance=0)
  Avg time: 0.7350 ms, TFLOPS: 2617.89

============================================================
Layout     Time (ms)    TFLOPS     % of RCR  
------------------------------------------------------------
CRR        0.7350       2617.89    0.00%
============================================================

95% target: NOT MET
  CRR: 0.00% of RCR

Results saved to fp8_layout_results_4096x8192x28672.json
W20260420 02:07:05.547512 139688674332160 simple_timer.cpp:55] [rocprofv3] 'python3 test_python.py 4096 8192 28672' ::     1.673819 sec
E20260420 02:07:05.627191 139688674332160 output_stream.cpp:111] Opened result file: /shared_nfs/kyle/test/Hipkittens2/analysis/fp8_gemm/mi350x/r56b_pmc_results/70B_Down_fp8_crr_set3/pmc_1/pt-test-2-l7n7x-master-0/3054856_counter_collection.csv
E20260420 02:07:05.683471 139688674332160 output_stream.cpp:111] Opened result file: /shared_nfs/kyle/test/Hipkittens2/analysis/fp8_gemm/mi350x/r56b_pmc_results/70B_Down_fp8_crr_set3/pmc_1/pt-test-2-l7n7x-master-0/3054856_agent_info.csv
W20260420 02:07:05.686790 139688674332160 simple_timer.cpp:55] [rocprofv3] output generation ::     0.137893 sec
W20260420 02:07:05.687228 139688674332160 simple_timer.cpp:55] [rocprofv3] tool finalization ::     0.138337 sec
W20260420 02:07:06.298595 140511856025088 simple_timer.cpp:55] [rocprofv3] tool initialization ::     0.146463 sec
W20260420 02:07:06.298808 140511856025088 simple_timer.cpp:55] [rocprofv3] 'python3 test_python.py 4096 8192 28672' ::     0.000000 sec
=== FP8 GEMM Layout Benchmark (native layouts, no preshuffle): M=4096, N=8192, K=28672 ===
Warmup=100, iters=200, correctness=off
Layouts=crr

--- CRR Layout: C = A^T @ B ---
W20260420 02:07:07.261644 140511856025088 tool.cpp:2420] HSA version 8.19.0 initialized (instance=0)
  Avg time: 0.7383 ms, TFLOPS: 2606.13

============================================================
Layout     Time (ms)    TFLOPS     % of RCR  
------------------------------------------------------------
CRR        0.7383       2606.13    0.00%
============================================================

95% target: NOT MET
  CRR: 0.00% of RCR

Results saved to fp8_layout_results_4096x8192x28672.json
W20260420 02:07:07.962766 140511856025088 simple_timer.cpp:55] [rocprofv3] 'python3 test_python.py 4096 8192 28672' ::     1.663958 sec
E20260420 02:07:08.042803 140511856025088 output_stream.cpp:111] Opened result file: /shared_nfs/kyle/test/Hipkittens2/analysis/fp8_gemm/mi350x/r56b_pmc_results/70B_Down_fp8_crr_set3/pmc_2/pt-test-2-l7n7x-master-0/3055015_counter_collection.csv
E20260420 02:07:08.092062 140511856025088 output_stream.cpp:111] Opened result file: /shared_nfs/kyle/test/Hipkittens2/analysis/fp8_gemm/mi350x/r56b_pmc_results/70B_Down_fp8_crr_set3/pmc_2/pt-test-2-l7n7x-master-0/3055015_agent_info.csv
W20260420 02:07:08.095150 140511856025088 simple_timer.cpp:55] [rocprofv3] output generation ::     0.131058 sec
W20260420 02:07:08.095625 140511856025088 simple_timer.cpp:55] [rocprofv3] tool finalization ::     0.131541 sec
W20260420 02:07:08.790268 140692166200832 simple_timer.cpp:55] [rocprofv3] tool initialization ::     0.141917 sec
W20260420 02:07:08.790476 140692166200832 simple_timer.cpp:55] [rocprofv3] 'python3 test_python.py 4096 8192 28672' ::     0.000000 sec
=== FP8 GEMM Layout Benchmark (native layouts, no preshuffle): M=4096, N=8192, K=28672 ===
Warmup=100, iters=200, correctness=off
Layouts=crr

--- CRR Layout: C = A^T @ B ---
W20260420 02:07:09.705230 140692166200832 tool.cpp:2420] HSA version 8.19.0 initialized (instance=0)
  Avg time: 0.7422 ms, TFLOPS: 2592.60

============================================================
Layout     Time (ms)    TFLOPS     % of RCR  
------------------------------------------------------------
CRR        0.7422       2592.60    0.00%
============================================================

95% target: NOT MET
  CRR: 0.00% of RCR

Results saved to fp8_layout_results_4096x8192x28672.json
W20260420 02:07:10.298059 140692166200832 simple_timer.cpp:55] [rocprofv3] 'python3 test_python.py 4096 8192 28672' ::     1.507584 sec
E20260420 02:07:10.379185 140692166200832 output_stream.cpp:111] Opened result file: /shared_nfs/kyle/test/Hipkittens2/analysis/fp8_gemm/mi350x/r56b_pmc_results/70B_Down_fp8_crr_set3/pmc_3/pt-test-2-l7n7x-master-0/3055108_counter_collection.csv
E20260420 02:07:10.429988 140692166200832 output_stream.cpp:111] Opened result file: /shared_nfs/kyle/test/Hipkittens2/analysis/fp8_gemm/mi350x/r56b_pmc_results/70B_Down_fp8_crr_set3/pmc_3/pt-test-2-l7n7x-master-0/3055108_agent_info.csv
W20260420 02:07:10.432967 140692166200832 simple_timer.cpp:55] [rocprofv3] output generation ::     0.133691 sec
W20260420 02:07:10.433431 140692166200832 simple_timer.cpp:55] [rocprofv3] tool finalization ::     0.134164 sec
W20260420 02:07:11.151649 139889145449984 simple_timer.cpp:55] [rocprofv3] tool initialization ::     0.142287 sec
W20260420 02:07:11.151886 139889145449984 simple_timer.cpp:55] [rocprofv3] 'python3 test_python.py 4096 8192 28672' ::     0.000000 sec
=== FP8 GEMM Layout Benchmark (native layouts, no preshuffle): M=4096, N=8192, K=28672 ===
Warmup=100, iters=200, correctness=off
Layouts=crr

--- CRR Layout: C = A^T @ B ---
W20260420 02:07:12.094324 139889145449984 tool.cpp:2420] HSA version 8.19.0 initialized (instance=0)
  Avg time: 0.7418 ms, TFLOPS: 2594.04

============================================================
Layout     Time (ms)    TFLOPS     % of RCR  
------------------------------------------------------------
CRR        0.7418       2594.04    0.00%
============================================================

95% target: NOT MET
  CRR: 0.00% of RCR

Results saved to fp8_layout_results_4096x8192x28672.json
W20260420 02:07:12.714265 139889145449984 simple_timer.cpp:55] [rocprofv3] 'python3 test_python.py 4096 8192 28672' ::     1.562379 sec
E20260420 02:07:12.800484 139889145449984 output_stream.cpp:111] Opened result file: /shared_nfs/kyle/test/Hipkittens2/analysis/fp8_gemm/mi350x/r56b_pmc_results/70B_Down_fp8_crr_set3/pmc_4/pt-test-2-l7n7x-master-0/3055399_counter_collection.csv
E20260420 02:07:12.851990 139889145449984 output_stream.cpp:111] Opened result file: /shared_nfs/kyle/test/Hipkittens2/analysis/fp8_gemm/mi350x/r56b_pmc_results/70B_Down_fp8_crr_set3/pmc_4/pt-test-2-l7n7x-master-0/3055399_agent_info.csv
W20260420 02:07:12.855066 139889145449984 simple_timer.cpp:55] [rocprofv3] output generation ::     0.139357 sec
W20260420 02:07:12.855564 139889145449984 simple_timer.cpp:55] [rocprofv3] tool finalization ::     0.139864 sec
W20260420 02:07:13.581793 140157066194432 simple_timer.cpp:55] [rocprofv3] tool initialization ::     0.143321 sec
W20260420 02:07:13.582006 140157066194432 simple_timer.cpp:55] [rocprofv3] 'python3 test_python.py 4096 8192 28672' ::     0.000000 sec
=== FP8 GEMM Layout Benchmark (native layouts, no preshuffle): M=4096, N=8192, K=28672 ===
Warmup=100, iters=200, correctness=off
Layouts=crr

--- CRR Layout: C = A^T @ B ---
W20260420 02:07:14.641772 140157066194432 tool.cpp:2420] HSA version 8.19.0 initialized (instance=0)
  Avg time: 0.6735 ms, TFLOPS: 2856.84

============================================================
Layout     Time (ms)    TFLOPS     % of RCR  
------------------------------------------------------------
CRR        0.6735       2856.84    0.00%
============================================================

95% target: NOT MET
  CRR: 0.00% of RCR

Results saved to fp8_layout_results_4096x8192x28672.json
W20260420 02:07:15.264773 140157066194432 simple_timer.cpp:55] [rocprofv3] 'python3 test_python.py 4096 8192 28672' ::     1.682767 sec
E20260420 02:07:15.347061 140157066194432 output_stream.cpp:111] Opened result file: /shared_nfs/kyle/test/Hipkittens2/analysis/fp8_gemm/mi350x/r56b_pmc_results/70B_Down_fp8_crr_set3/pmc_5/pt-test-2-l7n7x-master-0/3055502_counter_collection.csv
E20260420 02:07:15.415727 140157066194432 output_stream.cpp:111] Opened result file: /shared_nfs/kyle/test/Hipkittens2/analysis/fp8_gemm/mi350x/r56b_pmc_results/70B_Down_fp8_crr_set3/pmc_5/pt-test-2-l7n7x-master-0/3055502_agent_info.csv
W20260420 02:07:15.419074 140157066194432 simple_timer.cpp:55] [rocprofv3] output generation ::     0.152979 sec
W20260420 02:07:15.419529 140157066194432 simple_timer.cpp:55] [rocprofv3] tool finalization ::     0.153441 sec
