Shape  Tag             text_hash           parent_hash         verdict
------------------------------------------------------------------------------------------
DLA1   mb0             e5a3b6196c68aba4    c2400812e33eec5c    DIFF
DLA1   mb50            e5a3b6196c68aba4    c2400812e33eec5c    DIFF
DLA1   mb100           e5a3b6196c68aba4    c2400812e33eec5c    DIFF
DLA1   mb200           e5a3b6196c68aba4    c2400812e33eec5c    DIFF
DLA1   relaxocc        e5a3b6196c68aba4    c2400812e33eec5c    DIFF
DLA1   mb0_relaxocc    e5a3b6196c68aba4    c2400812e33eec5c    DIFF
DLA1   pav16           None                c2400812e33eec5c    MISSING
DLA1   pav32           None                c2400812e33eec5c    MISSING
DLA1   pav64           None                c2400812e33eec5c    MISSING
DLA1   nopav           None                c2400812e33eec5c    MISSING
DLA1   nodiv           e5a3b6196c68aba4    c2400812e33eec5c    DIFF
DLA1   nomergem0       e5a3b6196c68aba4    c2400812e33eec5c    DIFF
DLA1   nomisched       be9cb6d11c8f7e4c    c2400812e33eec5c    DIFF
DLA1   dppc            e5a3b6196c68aba4    c2400812e33eec5c    DIFF
DLA1   nodppc          e5a3b6196c68aba4    c2400812e33eec5c    DIFF
DLA1   vgprix          e5a3b6196c68aba4    c2400812e33eec5c    DIFF
DLA1   regclassglob    13f4b16530153269    c2400812e33eec5c    DIFF
DLA1   nolowoccr       e5a3b6196c68aba4    c2400812e33eec5c    DIFF
DLA1   nohighrpr       e5a3b6196c68aba4    c2400812e33eec5c    DIFF
DLA1   lst16           e5a3b6196c68aba4    c2400812e33eec5c    DIFF
DLA1   lst256          e5a3b6196c68aba4    c2400812e33eec5c    DIFF
DLA1   sghazard0       e5a3b6196c68aba4    c2400812e33eec5c    DIFF
DLA1   sghazard64      e5a3b6196c68aba4    c2400812e33eec5c    DIFF
DLA1   wpv0            e5a3b6196c68aba4    c2400812e33eec5c    DIFF
DLA1   wpv500          e5a3b6196c68aba4    c2400812e33eec5c    DIFF
DLA1   lwt50           e5a3b6196c68aba4    c2400812e33eec5c    DIFF
DLA1   lwt100          e5a3b6196c68aba4    c2400812e33eec5c    DIFF
DLA2   mb0             4bd4d79ff4b044c1    4bd4d79ff4b044c1    NOOP
DLA2   mb50            4bd4d79ff4b044c1    4bd4d79ff4b044c1    NOOP
DLA2   mb100           4bd4d79ff4b044c1    4bd4d79ff4b044c1    NOOP
DLA2   mb200           4bd4d79ff4b044c1    4bd4d79ff4b044c1    NOOP
DLA2   relaxocc        4bd4d79ff4b044c1    4bd4d79ff4b044c1    NOOP
DLA2   mb0_relaxocc    4bd4d79ff4b044c1    4bd4d79ff4b044c1    NOOP
DLA2   pav16           54273bcf7cc039d7    4bd4d79ff4b044c1    DIFF
DLA2   pav32           54273bcf7cc039d7    4bd4d79ff4b044c1    DIFF
DLA2   pav64           54273bcf7cc039d7    4bd4d79ff4b044c1    DIFF
DLA2   nopav           54273bcf7cc039d7    4bd4d79ff4b044c1    DIFF
DLA2   nodiv           4bd4d79ff4b044c1    4bd4d79ff4b044c1    NOOP
DLA2   nomergem0       4bd4d79ff4b044c1    4bd4d79ff4b044c1    NOOP
DLA2   nomisched       9a7f789d781acbb9    4bd4d79ff4b044c1    DIFF
DLA2   dppc            4bd4d79ff4b044c1    4bd4d79ff4b044c1    NOOP
DLA2   nodppc          4bd4d79ff4b044c1    4bd4d79ff4b044c1    NOOP
DLA2   vgprix          4bd4d79ff4b044c1    4bd4d79ff4b044c1    NOOP
DLA2   regclassglob    757f1bada390a57a    4bd4d79ff4b044c1    DIFF
DLA2   nolowoccr       4bd4d79ff4b044c1    4bd4d79ff4b044c1    NOOP
DLA2   nohighrpr       4bd4d79ff4b044c1    4bd4d79ff4b044c1    NOOP
DLA2   lst16           4bd4d79ff4b044c1    4bd4d79ff4b044c1    NOOP
DLA2   lst256          4bd4d79ff4b044c1    4bd4d79ff4b044c1    NOOP
DLA2   sghazard0       4bd4d79ff4b044c1    4bd4d79ff4b044c1    NOOP
DLA2   sghazard64      4bd4d79ff4b044c1    4bd4d79ff4b044c1    NOOP
DLA2   wpv0            4bd4d79ff4b044c1    4bd4d79ff4b044c1    NOOP
DLA2   wpv500          4bd4d79ff4b044c1    4bd4d79ff4b044c1    NOOP
DLA2   lwt50           4bd4d79ff4b044c1    4bd4d79ff4b044c1    NOOP
DLA2   lwt100          4bd4d79ff4b044c1    4bd4d79ff4b044c1    NOOP
DLA7   mb0             25110f2c98d70d4a    25110f2c98d70d4a    NOOP
DLA7   mb50            25110f2c98d70d4a    25110f2c98d70d4a    NOOP
DLA7   mb100           25110f2c98d70d4a    25110f2c98d70d4a    NOOP
DLA7   mb200           25110f2c98d70d4a    25110f2c98d70d4a    NOOP
DLA7   relaxocc        25110f2c98d70d4a    25110f2c98d70d4a    NOOP
DLA7   mb0_relaxocc    25110f2c98d70d4a    25110f2c98d70d4a    NOOP
DLA7   pav16           5c334f06f1dee4ae    25110f2c98d70d4a    DIFF
DLA7   pav32           5c334f06f1dee4ae    25110f2c98d70d4a    DIFF
DLA7   pav64           5c334f06f1dee4ae    25110f2c98d70d4a    DIFF
DLA7   nopav           5c334f06f1dee4ae    25110f2c98d70d4a    DIFF
DLA7   nodiv           25110f2c98d70d4a    25110f2c98d70d4a    NOOP
DLA7   nomergem0       25110f2c98d70d4a    25110f2c98d70d4a    NOOP
DLA7   nomisched       8e3e87363ef5a79c    25110f2c98d70d4a    DIFF
DLA7   dppc            25110f2c98d70d4a    25110f2c98d70d4a    NOOP
DLA7   nodppc          25110f2c98d70d4a    25110f2c98d70d4a    NOOP
DLA7   vgprix          25110f2c98d70d4a    25110f2c98d70d4a    NOOP
DLA7   regclassglob    ca6bef434e541075    25110f2c98d70d4a    DIFF
DLA7   nolowoccr       25110f2c98d70d4a    25110f2c98d70d4a    NOOP
DLA7   nohighrpr       25110f2c98d70d4a    25110f2c98d70d4a    NOOP
DLA7   lst16           25110f2c98d70d4a    25110f2c98d70d4a    NOOP
DLA7   lst256          25110f2c98d70d4a    25110f2c98d70d4a    NOOP
DLA7   sghazard0       25110f2c98d70d4a    25110f2c98d70d4a    NOOP
DLA7   sghazard64      25110f2c98d70d4a    25110f2c98d70d4a    NOOP
DLA7   wpv0            25110f2c98d70d4a    25110f2c98d70d4a    NOOP
DLA7   wpv500          25110f2c98d70d4a    25110f2c98d70d4a    NOOP
DLA7   lwt50           25110f2c98d70d4a    25110f2c98d70d4a    NOOP
DLA7   lwt100          25110f2c98d70d4a    25110f2c98d70d4a    NOOP
P1     mb0             186aeff97eb705a9    186aeff97eb705a9    NOOP
P1     mb50            186aeff97eb705a9    186aeff97eb705a9    NOOP
P1     mb100           186aeff97eb705a9    186aeff97eb705a9    NOOP
P1     mb200           186aeff97eb705a9    186aeff97eb705a9    NOOP
P1     relaxocc        186aeff97eb705a9    186aeff97eb705a9    NOOP
P1     mb0_relaxocc    186aeff97eb705a9    186aeff97eb705a9    NOOP
P1     pav16           None                186aeff97eb705a9    MISSING
P1     pav32           None                186aeff97eb705a9    MISSING
P1     pav64           None                186aeff97eb705a9    MISSING
P1     nopav           None                186aeff97eb705a9    MISSING
P1     nodiv           186aeff97eb705a9    186aeff97eb705a9    NOOP
P1     nomergem0       186aeff97eb705a9    186aeff97eb705a9    NOOP
P1     nomisched       186aeff97eb705a9    186aeff97eb705a9    NOOP
P1     dppc            186aeff97eb705a9    186aeff97eb705a9    NOOP
P1     nodppc          186aeff97eb705a9    186aeff97eb705a9    NOOP
P1     vgprix          186aeff97eb705a9    186aeff97eb705a9    NOOP
P1     regclassglob    e6ae56adfa140207    186aeff97eb705a9    DIFF
P1     nolowoccr       186aeff97eb705a9    186aeff97eb705a9    NOOP
P1     nohighrpr       271c902533866316    186aeff97eb705a9    DIFF
P1     lst16           186aeff97eb705a9    186aeff97eb705a9    NOOP
P1     lst256          186aeff97eb705a9    186aeff97eb705a9    NOOP
P1     sghazard0       186aeff97eb705a9    186aeff97eb705a9    NOOP
P1     sghazard64      186aeff97eb705a9    186aeff97eb705a9    NOOP
P1     wpv0            186aeff97eb705a9    186aeff97eb705a9    NOOP
P1     wpv500          186aeff97eb705a9    186aeff97eb705a9    NOOP
P1     lwt50           186aeff97eb705a9    186aeff97eb705a9    NOOP
P1     lwt100          186aeff97eb705a9    186aeff97eb705a9    NOOP

------------------------------------------------------------------------------------------
Summary: {'DIFF': 37, 'NOOP': 63, 'MISSING': 8, 'OTHER': 0}
Saved asm_diff_probe_r14a.json
