Parent                   Variant                         hash               baseline_hash       verdict
--------------------------------------------------------------------------------------------------------------
_ts_gm8                  _r13b_baseline                  47f9c743c048b03a   47f9c743c048b03a    BASELINE
_ts_gm8                  _r13b_iterilp                   d3977ef3a54d53cf   47f9c743c048b03a    DIFF
_ts_gm8                  _r13b_maxilp                    eadbf2ad34355918   47f9c743c048b03a    DIFF
_ts_gm8                  _r13b_iterminreg                371de8ad5f71d486   47f9c743c048b03a    DIFF
_ts_gm8                  _r13b_maxocc                    57966dc483bd0917   47f9c743c048b03a    DIFF
_ts_gm8                  _r13b_iteroccexp                d0154dabf66c07bd   47f9c743c048b03a    DIFF
_ts_gm8                  _r13b_iterilp_stack_memc        150470158afadc31   47f9c743c048b03a    DIFF
_ts_gm8                  _r13b_memc_stack_iterilp        93fc96781f932ef4   47f9c743c048b03a    DIFF
_ts_lgk2_v12_memc        _r13b_baseline                  843cd2d5a1d0cc33   843cd2d5a1d0cc33    BASELINE
_ts_lgk2_v12_memc        _r13b_iterilp                   ae6ea9ec9bb47e81   843cd2d5a1d0cc33    DIFF
_ts_lgk2_v12_memc        _r13b_maxilp                    2df96d500b0ace78   843cd2d5a1d0cc33    DIFF
_ts_lgk2_v12_memc        _r13b_iterminreg                33703f42ebd8bea9   843cd2d5a1d0cc33    DIFF
_ts_lgk2_v12_memc        _r13b_maxocc                    cce42e96f9435a2e   843cd2d5a1d0cc33    DIFF
_ts_lgk2_v12_memc        _r13b_iteroccexp                84407c308f23c48f   843cd2d5a1d0cc33    DIFF

=== Cross-check: _r13b_baseline vs ORIGINAL parent .so (sanity) ===
  _ts_gm8                  orig=bf0657355b743d08  r13b_baseline=47f9c743c048b03a  DIFFER
  _ts_lgk2_v12_memc        orig=64334dba42391989  r13b_baseline=843cd2d5a1d0cc33  DIFFER

Saved asm_diff_probe_r13b_results.json
