Shape  Tag               cand_hash           iterilp_hash        parent_hash         verdict
--------------------------------------------------------------------------------------------------------------
S1     noemxpre          b529897e72d7bd61    38d3ae03686d433b    c5e5f157c4198194    DIFF
S1     largeivf2         38d3ae03686d433b    38d3ae03686d433b    c5e5f157c4198194    NOOP_VS_ILP
S1     nolicm            0789cd75ee81beba    38d3ae03686d433b    c5e5f157c4198194    DIFF
S1     sinkavoidspill    38d3ae03686d433b    38d3ae03686d433b    c5e5f157c4198194    NOOP_VS_ILP
S2     noemxpre          5b3de1e02cd56aa7    400c27b13b1a44fc    986fd93e4ca9b57c    DIFF
S2     largeivf2         0b22ac234bd10121    400c27b13b1a44fc    986fd93e4ca9b57c    DIFF
S2     nolicm            400c27b13b1a44fc    400c27b13b1a44fc    986fd93e4ca9b57c    NOOP_VS_ILP
S2     sinkavoidspill    400c27b13b1a44fc    400c27b13b1a44fc    986fd93e4ca9b57c    NOOP_VS_ILP
S3     noemxpre          e14f2a0a389d797a    90a288bfa7c0b816    3eee44ebef3a229c    DIFF
S3     largeivf2         90a288bfa7c0b816    90a288bfa7c0b816    3eee44ebef3a229c    NOOP_VS_ILP
S3     nolicm            53b0fbdaa733c8a8    90a288bfa7c0b816    3eee44ebef3a229c    DIFF
S3     sinkavoidspill    90a288bfa7c0b816    90a288bfa7c0b816    3eee44ebef3a229c    NOOP_VS_ILP
S4     noemxpre          0fce3de638ae0c80    8cd81e1847c66c31    e60923a0920f10bb    DIFF
S4     largeivf2         8cd81e1847c66c31    8cd81e1847c66c31    e60923a0920f10bb    NOOP_VS_ILP
S4     nolicm            faaaad2d81a74889    8cd81e1847c66c31    e60923a0920f10bb    DIFF
S4     sinkavoidspill    8cd81e1847c66c31    8cd81e1847c66c31    e60923a0920f10bb    NOOP_VS_ILP
S5     noemxpre          664d500e565f50d7    63a82a63e65fa041    45d5a7765c6f0b8d    DIFF
S5     largeivf2         63a82a63e65fa041    63a82a63e65fa041    45d5a7765c6f0b8d    NOOP_VS_ILP
S5     nolicm            3a914aecb52b3908    63a82a63e65fa041    45d5a7765c6f0b8d    DIFF
S5     sinkavoidspill    63a82a63e65fa041    63a82a63e65fa041    45d5a7765c6f0b8d    NOOP_VS_ILP

--------------------------------------------------------------------------------------------------------------
Summary: {'DIFF': 10, 'NOOP_VS_ILP': 10, 'NOOP_VS_BASE': 0, 'MISSING': 0, 'OTHER': 0}
DIFF pairs (10): [('S1', 'noemxpre'), ('S1', 'nolicm'), ('S2', 'noemxpre'), ('S2', 'largeivf2'), ('S3', 'noemxpre'), ('S3', 'nolicm'), ('S4', 'noemxpre'), ('S4', 'nolicm'), ('S5', 'noemxpre'), ('S5', 'nolicm')]
Saved asm_diff_probe_r16b.json
