  DLA1   fwgs64_256     parent=522246cf003b655a cand=c35f8c4e59b7b320 DIFF
  DLA1   fwgs256_256    parent=522246cf003b655a cand=2fe48ecd616b0826 DIFF
  DLA1   vgpr256        parent=522246cf003b655a cand=ed8562f49d287540 DIFF
  DLA1   vgpr224        parent=522246cf003b655a cand=798b555cdab37668 DIFF
  DLA1   vgpr192        parent=522246cf003b655a cand=126c445cf6bc2393 DIFF
  DLA1   sgpr96         parent=522246cf003b655a cand=e2a9559438d56528 DIFF
  DLA1   sgpr80         parent=522246cf003b655a cand=e7e757587006c8ac DIFF
  DLA1   mnwg8          parent=522246cf003b655a cand=846dcae5bad6eb63 DIFF
  DLA2   fwgs64_256     parent=a1d7413632a9482a cand=bc1f17652555d744 DIFF
  DLA2   fwgs256_256    parent=a1d7413632a9482a cand=731f97ee6ecc2c93 DIFF
  DLA2   vgpr256        parent=a1d7413632a9482a cand=b27a0f3408adcca5 DIFF
  DLA2   vgpr224        parent=a1d7413632a9482a cand=cd91d7c7e3ffdf6e DIFF
  DLA2   vgpr192        parent=a1d7413632a9482a cand=cbd496f9aab40867 DIFF
  DLA2   sgpr96         parent=a1d7413632a9482a cand=dcdcc90e54af3195 DIFF
  DLA2   sgpr80         parent=a1d7413632a9482a cand=3ba0b93db6a1997c DIFF
  DLA2   mnwg8          parent=a1d7413632a9482a cand=6d6c11b72fea8149 DIFF
  DLA7   fwgs64_256     parent=718b0a2555c6df5c cand=291c89602e471b9c DIFF
  DLA7   fwgs256_256    parent=718b0a2555c6df5c cand=df406e22458a6acb DIFF
  DLA7   vgpr256        parent=718b0a2555c6df5c cand=c2c0d5b31c12af82 DIFF
  DLA7   vgpr224        parent=718b0a2555c6df5c cand=d6bd4b91da855982 DIFF
  DLA7   vgpr192        parent=718b0a2555c6df5c cand=dcb0854f67846547 DIFF
  DLA7   sgpr96         parent=718b0a2555c6df5c cand=83a5c5c06bc293c6 DIFF
  DLA7   sgpr80         parent=718b0a2555c6df5c cand=e396f9b8cb56d6bf DIFF
  DLA7   mnwg8          parent=718b0a2555c6df5c cand=5d84429012826ced DIFF
  P1     fwgs64_256     parent=296e65a0dcacd60a cand=a106c2711d0f933e DIFF
  P1     fwgs256_256    parent=296e65a0dcacd60a cand=7516871f70466deb DIFF
  P1     vgpr256        parent=296e65a0dcacd60a cand=d436e1284d3347a0 DIFF
  P1     vgpr224        parent=296e65a0dcacd60a cand=4e9f6db04bb11d26 DIFF
  P1     vgpr192        parent=296e65a0dcacd60a cand=f8fae3003ce18651 DIFF
  P1     sgpr96         parent=296e65a0dcacd60a cand=25b6de2619a71090 DIFF
  P1     sgpr80         parent=296e65a0dcacd60a cand=27c3b47553a4ffd7 DIFF
  P1     mnwg8          parent=296e65a0dcacd60a cand=90fc6c98d8a6adf6 DIFF
