Shape  Strat           text_hash           parent_hash       diff
--------------------------------------------------------------------------------
DLA1   iterminreg      9b30ef8b2e6c7d41    c2400812e33eec5c    DIFF
DLA1   itermaxocc      1ed38327a2dcc02d    c2400812e33eec5c    DIFF
DLA1   maxilp          548e03a146517baf    c2400812e33eec5c    DIFF
DLA1   maxocc          46f7ef07d0d8c820    c2400812e33eec5c    DIFF
DLA1   itermaxoccx     46f7ef07d0d8c820    c2400812e33eec5c    DIFF
DLA2   iterminreg      cd3381f59cd8080f    4bd4d79ff4b044c1    DIFF
DLA2   itermaxocc      ab843cf27873f27a    4bd4d79ff4b044c1    DIFF
DLA2   maxilp          a10d6946ba2fdc76    4bd4d79ff4b044c1    DIFF
DLA2   maxocc          ab843cf27873f27a    4bd4d79ff4b044c1    DIFF
DLA2   itermaxoccx     ab843cf27873f27a    4bd4d79ff4b044c1    DIFF
DLA7   iterminreg      21c2dbd40091a3c9    25110f2c98d70d4a    DIFF
DLA7   itermaxocc      2f0df37ed8c8e236    25110f2c98d70d4a    DIFF
DLA7   maxilp          f65709f4184c7d60    25110f2c98d70d4a    DIFF
DLA7   maxocc          2f0df37ed8c8e236    25110f2c98d70d4a    DIFF
DLA7   itermaxoccx     2f0df37ed8c8e236    25110f2c98d70d4a    DIFF
WIN2   iterminreg      1d90ae139d621825    8d695315ece05412    DIFF
WIN2   itermaxocc      8d695315ece05412    8d695315ece05412    NOOP
WIN2   maxilp          e5fe4484d227cb01    8d695315ece05412    DIFF
WIN2   maxocc          8d695315ece05412    8d695315ece05412    NOOP
WIN2   itermaxoccx     8d695315ece05412    8d695315ece05412    NOOP

Saved asm_diff_probe_r13_results.json

Cross-strategy duplicate detection:
  DLA1: SAME hash 46f7ef07d0d8c820: ['maxocc', 'itermaxoccx']
  DLA2: SAME hash ab843cf27873f27a: ['itermaxocc', 'maxocc', 'itermaxoccx']
  DLA7: SAME hash 2f0df37ed8c8e236: ['itermaxocc', 'maxocc', 'itermaxoccx']
  WIN2: SAME hash 8d695315ece05412: ['itermaxocc', 'maxocc', 'itermaxoccx']
