Shape  Tag               text_hash           parent_hash         verdict
-----------------------------------------------------------------------------------------------
DLA1   nojglc            e5a3b6196c68aba4    c2400812e33eec5c    DIFF
DLA1   nojli             71df44ee7b10ae2d    c2400812e33eec5c    DIFF
DLA1   nojse             e5a3b6196c68aba4    c2400812e33eec5c    DIFF
DLA1   notarsch          e5a3b6196c68aba4    c2400812e33eec5c    DIFF
DLA1   largeivf2         cd484265cdfca3d9    c2400812e33eec5c    DIFF
DLA1   largeivs8         e5a3b6196c68aba4    c2400812e33eec5c    DIFF
DLA1   lateremat0        e5a3b6196c68aba4    c2400812e33eec5c    DIFF
DLA1   revlocal          9228d949c38223e3    c2400812e33eec5c    DIFF
DLA1   defspill          e5a3b6196c68aba4    c2400812e33eec5c    DIFF
DLA1   nospillfu         e5a3b6196c68aba4    c2400812e33eec5c    DIFF
DLA1   sinkavoidspill    e5a3b6196c68aba4    c2400812e33eec5c    DIFF
DLA1   preallocs         e5a3b6196c68aba4    c2400812e33eec5c    DIFF
DLA1   noliveopt         e5a3b6196c68aba4    c2400812e33eec5c    DIFF
DLA1   nosink            9a3bfbd3687d4c4f    c2400812e33eec5c    DIFF
DLA1   nolicm            e5a3b6196c68aba4    c2400812e33eec5c    DIFF
DLA1   hoistcheap        e5a3b6196c68aba4    c2400812e33eec5c    DIFF
DLA1   noavoidspec       e5a3b6196c68aba4    c2400812e33eec5c    DIFF
DLA1   sinkbfi           e5a3b6196c68aba4    c2400812e33eec5c    DIFF
DLA1   sinkcycle100      e5a3b6196c68aba4    c2400812e33eec5c    DIFF
DLA1   postmi            e5a3b6196c68aba4    c2400812e33eec5c    DIFF
DLA1   enpostmi          e5a3b6196c68aba4    c2400812e33eec5c    DIFF
DLA1   nopostra          c4331efc48fe0b07    c2400812e33eec5c    DIFF
DLA1   postraN           e5a3b6196c68aba4    c2400812e33eec5c    DIFF
DLA1   breakcrit         e5a3b6196c68aba4    c2400812e33eec5c    DIFF
DLA1   breakall          e5a3b6196c68aba4    c2400812e33eec5c    DIFF
DLA1   iglpcut0          e5a3b6196c68aba4    c2400812e33eec5c    DIFF
DLA1   iglpexact         e5a3b6196c68aba4    c2400812e33eec5c    DIFF
DLA1   nolal             e5a3b6196c68aba4    c2400812e33eec5c    DIFF
DLA1   looprmul          e5a3b6196c68aba4    c2400812e33eec5c    DIFF
DLA1   loopdist          e5a3b6196c68aba4    c2400812e33eec5c    DIFF
DLA1   aaaa              e5a3b6196c68aba4    c2400812e33eec5c    DIFF
DLA1   noaa              e5a3b6196c68aba4    c2400812e33eec5c    DIFF
DLA1   rerag             e5a3b6196c68aba4    c2400812e33eec5c    DIFF
DLA1   eppra             e5a3b6196c68aba4    c2400812e33eec5c    DIFF
DLA1   noeppra           e5a3b6196c68aba4    c2400812e33eec5c    DIFF
DLA1   noemxpre          11d4982264d2a40e    c2400812e33eec5c    DIFF
DLA1   nodalu            e5a3b6196c68aba4    c2400812e33eec5c    DIFF
DLA1   vopd              e5a3b6196c68aba4    c2400812e33eec5c    DIFF
DLA1   eifcvt            e5a3b6196c68aba4    c2400812e33eec5c    DIFF
DLA1   nosgpcb           e5a3b6196c68aba4    c2400812e33eec5c    DIFF
DLA1   nosgpmwc          e5a3b6196c68aba4    c2400812e33eec5c    DIFF
DLA1   nosgpwa           e5a3b6196c68aba4    c2400812e33eec5c    DIFF
DLA2   nojglc            4bd4d79ff4b044c1    4bd4d79ff4b044c1    NOOP
DLA2   nojli             43a110b2c3fc0302    4bd4d79ff4b044c1    DIFF
DLA2   nojse             4bd4d79ff4b044c1    4bd4d79ff4b044c1    NOOP
DLA2   notarsch          4bd4d79ff4b044c1    4bd4d79ff4b044c1    NOOP
DLA2   largeivf2         4bd4d79ff4b044c1    4bd4d79ff4b044c1    NOOP
DLA2   largeivs8         4bd4d79ff4b044c1    4bd4d79ff4b044c1    NOOP
DLA2   lateremat0        4bd4d79ff4b044c1    4bd4d79ff4b044c1    NOOP
DLA2   revlocal          16e56b78a878f31b    4bd4d79ff4b044c1    DIFF
DLA2   defspill          4bd4d79ff4b044c1    4bd4d79ff4b044c1    NOOP
DLA2   nospillfu         4bd4d79ff4b044c1    4bd4d79ff4b044c1    NOOP
DLA2   sinkavoidspill    4bd4d79ff4b044c1    4bd4d79ff4b044c1    NOOP
DLA2   preallocs         4bd4d79ff4b044c1    4bd4d79ff4b044c1    NOOP
DLA2   noliveopt         4bd4d79ff4b044c1    4bd4d79ff4b044c1    NOOP
DLA2   nosink            4ac74c42e371e896    4bd4d79ff4b044c1    DIFF
DLA2   nolicm            4bd4d79ff4b044c1    4bd4d79ff4b044c1    NOOP
DLA2   hoistcheap        4bd4d79ff4b044c1    4bd4d79ff4b044c1    NOOP
DLA2   noavoidspec       4bd4d79ff4b044c1    4bd4d79ff4b044c1    NOOP
DLA2   sinkbfi           4bd4d79ff4b044c1    4bd4d79ff4b044c1    NOOP
DLA2   sinkcycle100      4bd4d79ff4b044c1    4bd4d79ff4b044c1    NOOP
DLA2   postmi            4bd4d79ff4b044c1    4bd4d79ff4b044c1    NOOP
DLA2   enpostmi          4bd4d79ff4b044c1    4bd4d79ff4b044c1    NOOP
DLA2   nopostra          86bf3e7c212eb890    4bd4d79ff4b044c1    DIFF
DLA2   postraN           4bd4d79ff4b044c1    4bd4d79ff4b044c1    NOOP
DLA2   breakcrit         4bd4d79ff4b044c1    4bd4d79ff4b044c1    NOOP
DLA2   breakall          4bd4d79ff4b044c1    4bd4d79ff4b044c1    NOOP
DLA2   iglpcut0          4bd4d79ff4b044c1    4bd4d79ff4b044c1    NOOP
DLA2   iglpexact         4bd4d79ff4b044c1    4bd4d79ff4b044c1    NOOP
DLA2   nolal             4bd4d79ff4b044c1    4bd4d79ff4b044c1    NOOP
DLA2   looprmul          4bd4d79ff4b044c1    4bd4d79ff4b044c1    NOOP
DLA2   loopdist          4bd4d79ff4b044c1    4bd4d79ff4b044c1    NOOP
DLA2   aaaa              4bd4d79ff4b044c1    4bd4d79ff4b044c1    NOOP
DLA2   noaa              4bd4d79ff4b044c1    4bd4d79ff4b044c1    NOOP
DLA2   rerag             4bd4d79ff4b044c1    4bd4d79ff4b044c1    NOOP
DLA2   eppra             4bd4d79ff4b044c1    4bd4d79ff4b044c1    NOOP
DLA2   noeppra           4bd4d79ff4b044c1    4bd4d79ff4b044c1    NOOP
DLA2   noemxpre          a230430b3f08e2e8    4bd4d79ff4b044c1    DIFF
DLA2   nodalu            4bd4d79ff4b044c1    4bd4d79ff4b044c1    NOOP
DLA2   vopd              4bd4d79ff4b044c1    4bd4d79ff4b044c1    NOOP
DLA2   eifcvt            4bd4d79ff4b044c1    4bd4d79ff4b044c1    NOOP
DLA2   nosgpcb           4bd4d79ff4b044c1    4bd4d79ff4b044c1    NOOP
DLA2   nosgpmwc          4bd4d79ff4b044c1    4bd4d79ff4b044c1    NOOP
DLA2   nosgpwa           4bd4d79ff4b044c1    4bd4d79ff4b044c1    NOOP
DLA7   nojglc            25110f2c98d70d4a    25110f2c98d70d4a    NOOP
DLA7   nojli             68339d4693363341    25110f2c98d70d4a    DIFF
DLA7   nojse             25110f2c98d70d4a    25110f2c98d70d4a    NOOP
DLA7   notarsch          25110f2c98d70d4a    25110f2c98d70d4a    NOOP
DLA7   largeivf2         25110f2c98d70d4a    25110f2c98d70d4a    NOOP
DLA7   largeivs8         25110f2c98d70d4a    25110f2c98d70d4a    NOOP
DLA7   lateremat0        25110f2c98d70d4a    25110f2c98d70d4a    NOOP
DLA7   revlocal          8fced4608af7360a    25110f2c98d70d4a    DIFF
DLA7   defspill          25110f2c98d70d4a    25110f2c98d70d4a    NOOP
DLA7   nospillfu         25110f2c98d70d4a    25110f2c98d70d4a    NOOP
DLA7   sinkavoidspill    25110f2c98d70d4a    25110f2c98d70d4a    NOOP
DLA7   preallocs         25110f2c98d70d4a    25110f2c98d70d4a    NOOP
DLA7   noliveopt         25110f2c98d70d4a    25110f2c98d70d4a    NOOP
DLA7   nosink            6a3d85a826908d3e    25110f2c98d70d4a    DIFF
DLA7   nolicm            25110f2c98d70d4a    25110f2c98d70d4a    NOOP
DLA7   hoistcheap        25110f2c98d70d4a    25110f2c98d70d4a    NOOP
DLA7   noavoidspec       25110f2c98d70d4a    25110f2c98d70d4a    NOOP
DLA7   sinkbfi           25110f2c98d70d4a    25110f2c98d70d4a    NOOP
DLA7   sinkcycle100      25110f2c98d70d4a    25110f2c98d70d4a    NOOP
DLA7   postmi            25110f2c98d70d4a    25110f2c98d70d4a    NOOP
DLA7   enpostmi          25110f2c98d70d4a    25110f2c98d70d4a    NOOP
DLA7   nopostra          a469ccc6a7991339    25110f2c98d70d4a    DIFF
DLA7   postraN           25110f2c98d70d4a    25110f2c98d70d4a    NOOP
DLA7   breakcrit         25110f2c98d70d4a    25110f2c98d70d4a    NOOP
DLA7   breakall          25110f2c98d70d4a    25110f2c98d70d4a    NOOP
DLA7   iglpcut0          25110f2c98d70d4a    25110f2c98d70d4a    NOOP
DLA7   iglpexact         25110f2c98d70d4a    25110f2c98d70d4a    NOOP
DLA7   nolal             25110f2c98d70d4a    25110f2c98d70d4a    NOOP
DLA7   looprmul          25110f2c98d70d4a    25110f2c98d70d4a    NOOP
DLA7   loopdist          25110f2c98d70d4a    25110f2c98d70d4a    NOOP
DLA7   aaaa              25110f2c98d70d4a    25110f2c98d70d4a    NOOP
DLA7   noaa              25110f2c98d70d4a    25110f2c98d70d4a    NOOP
DLA7   rerag             25110f2c98d70d4a    25110f2c98d70d4a    NOOP
DLA7   eppra             25110f2c98d70d4a    25110f2c98d70d4a    NOOP
DLA7   noeppra           25110f2c98d70d4a    25110f2c98d70d4a    NOOP
DLA7   noemxpre          607fcf7be51831c7    25110f2c98d70d4a    DIFF
DLA7   nodalu            25110f2c98d70d4a    25110f2c98d70d4a    NOOP
DLA7   vopd              25110f2c98d70d4a    25110f2c98d70d4a    NOOP
DLA7   eifcvt            25110f2c98d70d4a    25110f2c98d70d4a    NOOP
DLA7   nosgpcb           25110f2c98d70d4a    25110f2c98d70d4a    NOOP
DLA7   nosgpmwc          25110f2c98d70d4a    25110f2c98d70d4a    NOOP
DLA7   nosgpwa           25110f2c98d70d4a    25110f2c98d70d4a    NOOP
P1     nojglc            186aeff97eb705a9    186aeff97eb705a9    NOOP
P1     nojli             d94fcbf7197716b6    186aeff97eb705a9    DIFF
P1     nojse             186aeff97eb705a9    186aeff97eb705a9    NOOP
P1     notarsch          186aeff97eb705a9    186aeff97eb705a9    NOOP
P1     largeivf2         186aeff97eb705a9    186aeff97eb705a9    NOOP
P1     largeivs8         186aeff97eb705a9    186aeff97eb705a9    NOOP
P1     lateremat0        186aeff97eb705a9    186aeff97eb705a9    NOOP
P1     revlocal          885a49eaa9aeab6d    186aeff97eb705a9    DIFF
P1     defspill          186aeff97eb705a9    186aeff97eb705a9    NOOP
P1     nospillfu         186aeff97eb705a9    186aeff97eb705a9    NOOP
P1     sinkavoidspill    be4a6dabeb3b5619    186aeff97eb705a9    DIFF
P1     preallocs         186aeff97eb705a9    186aeff97eb705a9    NOOP
P1     noliveopt         186aeff97eb705a9    186aeff97eb705a9    NOOP
P1     nosink            4d416a1b8804c8f7    186aeff97eb705a9    DIFF
P1     nolicm            7458ea39642c2f04    186aeff97eb705a9    DIFF
P1     hoistcheap        186aeff97eb705a9    186aeff97eb705a9    NOOP
P1     noavoidspec       186aeff97eb705a9    186aeff97eb705a9    NOOP
P1     sinkbfi           186aeff97eb705a9    186aeff97eb705a9    NOOP
P1     sinkcycle100      186aeff97eb705a9    186aeff97eb705a9    NOOP
P1     postmi            186aeff97eb705a9    186aeff97eb705a9    NOOP
P1     enpostmi          186aeff97eb705a9    186aeff97eb705a9    NOOP
P1     nopostra          ee40f192a7d7a124    186aeff97eb705a9    DIFF
P1     postraN           186aeff97eb705a9    186aeff97eb705a9    NOOP
P1     breakcrit         186aeff97eb705a9    186aeff97eb705a9    NOOP
P1     breakall          186aeff97eb705a9    186aeff97eb705a9    NOOP
P1     iglpcut0          186aeff97eb705a9    186aeff97eb705a9    NOOP
P1     iglpexact         186aeff97eb705a9    186aeff97eb705a9    NOOP
P1     nolal             186aeff97eb705a9    186aeff97eb705a9    NOOP
P1     looprmul          186aeff97eb705a9    186aeff97eb705a9    NOOP
P1     loopdist          186aeff97eb705a9    186aeff97eb705a9    NOOP
P1     aaaa              186aeff97eb705a9    186aeff97eb705a9    NOOP
P1     noaa              186aeff97eb705a9    186aeff97eb705a9    NOOP
P1     rerag             186aeff97eb705a9    186aeff97eb705a9    NOOP
P1     eppra             186aeff97eb705a9    186aeff97eb705a9    NOOP
P1     noeppra           186aeff97eb705a9    186aeff97eb705a9    NOOP
P1     noemxpre          bf26bee9ac6717a0    186aeff97eb705a9    DIFF
P1     nodalu            186aeff97eb705a9    186aeff97eb705a9    NOOP
P1     vopd              186aeff97eb705a9    186aeff97eb705a9    NOOP
P1     eifcvt            186aeff97eb705a9    186aeff97eb705a9    NOOP
P1     nosgpcb           186aeff97eb705a9    186aeff97eb705a9    NOOP
P1     nosgpmwc          186aeff97eb705a9    186aeff97eb705a9    NOOP
P1     nosgpwa           186aeff97eb705a9    186aeff97eb705a9    NOOP

-----------------------------------------------------------------------------------------------
Summary: {'DIFF': 59, 'NOOP': 109, 'MISSING': 0, 'OTHER': 0}
DIFF pairs (59): [('DLA1', 'nojglc'), ('DLA1', 'nojli'), ('DLA1', 'nojse'), ('DLA1', 'notarsch'), ('DLA1', 'largeivf2'), ('DLA1', 'largeivs8'), ('DLA1', 'lateremat0'), ('DLA1', 'revlocal'), ('DLA1', 'defspill'), ('DLA1', 'nospillfu'), ('DLA1', 'sinkavoidspill'), ('DLA1', 'preallocs'), ('DLA1', 'noliveopt'), ('DLA1', 'nosink'), ('DLA1', 'nolicm'), ('DLA1', 'hoistcheap'), ('DLA1', 'noavoidspec'), ('DLA1', 'sinkbfi'), ('DLA1', 'sinkcycle100'), ('DLA1', 'postmi'), ('DLA1', 'enpostmi'), ('DLA1', 'nopostra'), ('DLA1', 'postraN'), ('DLA1', 'breakcrit'), ('DLA1', 'breakall'), ('DLA1', 'iglpcut0'), ('DLA1', 'iglpexact'), ('DLA1', 'nolal'), ('DLA1', 'looprmul'), ('DLA1', 'loopdist'), ('DLA1', 'aaaa'), ('DLA1', 'noaa'), ('DLA1', 'rerag'), ('DLA1', 'eppra'), ('DLA1', 'noeppra'), ('DLA1', 'noemxpre'), ('DLA1', 'nodalu'), ('DLA1', 'vopd'), ('DLA1', 'eifcvt'), ('DLA1', 'nosgpcb'), ('DLA1', 'nosgpmwc'), ('DLA1', 'nosgpwa'), ('DLA2', 'nojli'), ('DLA2', 'revlocal'), ('DLA2', 'nosink'), ('DLA2', 'nopostra'), ('DLA2', 'noemxpre'), ('DLA7', 'nojli'), ('DLA7', 'revlocal'), ('DLA7', 'nosink'), ('DLA7', 'nopostra'), ('DLA7', 'noemxpre'), ('P1', 'nojli'), ('P1', 'revlocal'), ('P1', 'sinkavoidspill'), ('P1', 'nosink'), ('P1', 'nolicm'), ('P1', 'nopostra'), ('P1', 'noemxpre')]
Saved asm_diff_probe_r15b.json
