Round 10 OptA bench. GPU=5 warmup=200 iters=500 trim=0.1
====================================================================================================

S1_14336x4096x32768  shape=14336x4096x32768  comp=5245.4  parent=_v16_wpe2
  _v16_wpe2                                4733.76 TFLOPS  (90.25%)
  _v16_wpe2_r10a_baseline                  4709.58 TFLOPS  (89.78%)
  _v16_wpe2_r10a_maxilp                    4691.59 TFLOPS  (89.44%)
  _v16_wpe2_r10a_iterilp                   4800.35 TFLOPS  (91.52%)
  _v16_wpe2_r10a_iterminreg                ERROR: {'error': 'rc=-6', 'stderr': 'Memory access fault by GPU node-7 (Agent handle: 0x55ba743a7200) on address 0x17b50000. Reason: Unknown.\n'}

S2_16384x4096x28672  shape=16384x4096x28672  comp=5525.3  parent=_u8
  _u8                                      5030.78 TFLOPS  (91.05%)
  _u8_r10a_baseline                        5016.68 TFLOPS  (90.79%)
  _u8_r10a_maxilp                          4970.17 TFLOPS  (89.95%)
  _u8_r10a_iterilp                         5134.59 TFLOPS  (92.93%)
  _u8_r10a_iterminreg                      ERROR: {'error': 'rc=-6', 'stderr': 'Memory access fault by GPU node-7 (Agent handle: 0x5648b6b489d0) on address 0x3b160000. Reason: Unknown.\n'}

S3_28672x4096x16384  shape=28672x4096x16384  comp=5350.6  parent=_ts_gm8
  _ts_gm8                                  5028.14 TFLOPS  (93.97%)
  _ts_gm8_r10a_baseline                    5025.72 TFLOPS  (93.93%)
  _ts_gm8_r10a_maxilp                      ERROR: {'error': 'rc=-6', 'stderr': 'Memory access fault by GPU node-7 (Agent handle: 0x55bb1e492c10) on address 0xa400c5dc3000. Reason: Unknown.\n'}
  _ts_gm8_r10a_iterilp                     5052.12 TFLOPS  (94.42%)
  _ts_gm8_r10a_iterminreg                  4969.79 TFLOPS  (92.88%)
====================================================================================================
Saved bench_round10_optA_results.json
