Round 12 OptB iterative-ilp single-shot bench. GPU=7 warmup=200 iters=500 trim=0.1
==============================================================================================================

NT1_32768x4096x7168  shape=32768x4096x7168  comp=4666.8  parent=_ts_gm8_v12
  baseline _ts_gm8_v12                            4522.66 TFLOPS  (96.91%)
  cand     _ts_gm8_v12_r12_iterilp                ERROR: {'error': 'rc=-6', 'stderr': ':0:rocdevice.cpp            :3580: 1113481820814 us:  Callback: Queue 0x7fc3f9a00000 aborting with error : HSA_STATUS_ERROR_MEMORY_APERTURE_VIOLATION: The agent attempted to access memory beyond the largest legal address. code: 0x29\n'}

NT2_4096x14336x16384  shape=4096x14336x16384  comp=5013.0  parent=_ts_lgk2
  baseline _ts_lgk2                               4810.34 TFLOPS  (95.96%)
  cand     _ts_lgk2_r12_iterilp                   4812.81 TFLOPS  (96.01%)  finite=0.335
  delta=+2.47 TFLOPS  (+0.05pp)

NT3_6144x4096x16384  shape=6144x4096x16384  comp=4428.1  parent=_ts_lgk2
  baseline _ts_lgk2                               4336.83 TFLOPS  (97.94%)
  cand     _ts_lgk2_r12_iterilp                   4302.70 TFLOPS  (97.17%)  finite=0.478
  delta=-34.13 TFLOPS  (-0.77pp)

ML1_16384x28672x2048  shape=16384x28672x2048  comp=3482.3  parent=_ts_gm2_v12_memc_dc
  baseline _ts_gm2_v12_memc_dc                    3310.43 TFLOPS  (95.06%)
  cand     _ts_gm2_v12_memc_dc_r12_iterilp        ERROR: {'error': 'rc=-6', 'stderr': 'Memory access fault by GPU node-9 (Agent handle: 0x55fc4d123040) on address 0x7f69f9d5c000. Reason: Write access to a read-only page.\nFailed to create GPU coredump: File exists\nGPU core dump failed\n'}

ML2_4096x32768x6144  shape=4096x32768x6144  comp=4548.6  parent=_ts_pf4_memc
  baseline _ts_pf4_memc                           4261.65 TFLOPS  (93.69%)
  cand     _ts_pf4_memc_r12_iterilp               ERROR: {'error': 'rc=-6', 'stderr': ':0:rocdevice.cpp            :3580: 1113644165556 us:  Callback: Queue 0x7faf9ec00000 aborting with error : HSA_STATUS_ERROR_MEMORY_APERTURE_VIOLATION: The agent attempted to access memory beyond the largest legal address. code: 0x29\n'}

ML3_16384x28672x4096  shape=16384x28672x4096  comp=4411.7  parent=_ts_gm2_v12_memc
  baseline _ts_gm2_v12_memc                       4217.93 TFLOPS  (95.61%)
  cand     _ts_gm2_v12_memc_r12_iterilp           ERROR: {'error': 'rc=-6', 'stderr': ':0:rocdevice.cpp            :3580: 1113775421551 us:  Callback: Queue 0x7fad34400000 aborting with error : HSA_STATUS_ERROR_MEMORY_APERTURE_VIOLATION: The agent attempted to access memory beyond the largest legal address. code: 0x29\n'}

ML4_28672x4096x8192  shape=28672x4096x8192  comp=4810.0  parent=_ts_lgk2_memc_dc
  baseline _ts_lgk2_memc_dc                       ERROR: {'error': 'rc=-6', 'stderr': ':0:rocdevice.cpp            :3580: 1113829774165 us:  Callback: Queue 0x7f884e400000 aborting with error : HSA_STATUS_ERROR_MEMORY_APERTURE_VIOLATION: The agent attempted to access memory beyond the largest legal address. code: 0x29\n'}
  cand     _ts_lgk2_memc_dc_r12_iterilp           ERROR: {'error': 'rc=-6', 'stderr': ':0:rocdevice.cpp            :3580: 1113891049289 us:  Callback: Queue 0x7f5352600000 aborting with error : HSA_STATUS_ERROR_MEMORY_APERTURE_VIOLATION: The agent attempted to access memory beyond the largest legal address. code: 0x29\n'}

ML5_14336x32768x4096  shape=14336x32768x4096  comp=4462.6  parent=_ts_v12_tv0_memc
  baseline _ts_v12_tv0_memc                       4254.78 TFLOPS  (95.34%)
  cand     _ts_v12_tv0_memc_r12_iterilp           4214.09 TFLOPS  (94.43%)  finite=0.883
  delta=-40.69 TFLOPS  (-0.91pp)
==============================================================================================================
Saved bench_round12_optB_iterilp_results.json
