Round 13 OptC single-shot. GPU=7 warmup=200 iters=500
==============================================================================================================

S1_14336x4096x32768  shape=14336x4096x32768  comp=5245.4
  current_best  _v16_wpe2_r10a_iterilp                     4836.61 TFLOPS  (92.21%)
  cand          _v16_wpe2_r13c_itermaxocc                  4732.50 TFLOPS  (90.22%)  delta=-104.11 TFLOPS  (-1.98pp)  finite=0.668
  cand          _v16_wpe2_r13c_iterilp_brlgk4              4806.13 TFLOPS  (91.63%)  delta=-30.48 TFLOPS  (-0.58pp)  finite=0.290
  cand          _v16_wpe2_r13c_iterilp_v24                 4812.43 TFLOPS  (91.75%)  delta=-24.18 TFLOPS  (-0.46pp)  finite=0.296

S2_16384x4096x28672  shape=16384x4096x28672  comp=5525.3
  current_best  _u8_r10a_iterilp                           5033.27 TFLOPS  (91.09%)
  cand          _u8_r13c_itermaxocc                        4974.74 TFLOPS  (90.04%)  delta=-58.53 TFLOPS  (-1.06pp)  finite=0.692
  cand          _u8_r13c_iterilp_brlgk4                    5052.53 TFLOPS  (91.44%)  delta=+19.26 TFLOPS  (+0.35pp)  finite=0.334
  cand          _u8_r13c_iterilp_v24                       5053.73 TFLOPS  (91.47%)  delta=+20.46 TFLOPS  (+0.37pp)  finite=0.338

S3_4096x32768x28672  shape=4096x32768x28672  comp=5568.2
  current_best  _v20_memc_r11_iterilp                      5253.04 TFLOPS  (94.34%)
  cand          _v20_memc_r13c_itermaxocc                  5160.79 TFLOPS  (92.68%)  delta=-92.25 TFLOPS  (-1.66pp)  finite=0.692
  cand          _v20_memc_r13c_iterilp_brlgk4              5250.06 TFLOPS  (94.29%)  delta=-2.98 TFLOPS  (-0.05pp)  finite=0.304
  cand          _v20_memc_r13c_iterilp_v24                 5253.40 TFLOPS  (94.35%)  delta=+0.36 TFLOPS  (+0.01pp)  finite=0.307

S4_4096x28672x32768  shape=4096x28672x32768  comp=5649.9
  current_best  _u16_r11_iterilp                           5381.25 TFLOPS  (95.25%)
  cand          _u16_r13c_itermaxocc                       5277.56 TFLOPS  (93.41%)  delta=-103.69 TFLOPS  (-1.84pp)  finite=0.671
  cand          _u16_r13c_iterilp_brlgk4                   5385.43 TFLOPS  (95.32%)  delta=+4.18 TFLOPS  (+0.07pp)  finite=0.447
  cand          _u16_r13c_iterilp_v24                      5392.98 TFLOPS  (95.45%)  delta=+11.73 TFLOPS  (+0.21pp)  finite=0.458

S5_4096x32768x14336  shape=4096x32768x14336  comp=5296.1
  current_best  _ts_lgk2_memc_r11_iterilp                  5036.35 TFLOPS  (95.10%)
  cand          _ts_lgk2_memc_r13c_iterminreg              4935.07 TFLOPS  (93.18%)  delta=-101.28 TFLOPS  (-1.91pp)  finite=0.296
  cand          _ts_lgk2_memc_r13c_itermaxocc              4929.35 TFLOPS  (93.08%)  delta=-107.00 TFLOPS  (-2.02pp)  finite=0.350
  cand          _ts_lgk2_memc_r13c_iterilp_brlgk4          5024.93 TFLOPS  (94.88%)  delta=-11.42 TFLOPS  (-0.22pp)  finite=0.310
  cand          _ts_lgk2_memc_r13c_iterilp_v24             5051.84 TFLOPS  (95.39%)  delta=+15.49 TFLOPS  (+0.29pp)  finite=0.303
==============================================================================================================
Saved bench_round13_optC_singleshot.json
