R25-G VERIFY: 6 shapes × 3 variants × 3 reps
warmup=200 iters=500 trim=0.1
==============================================================================================================
  GPU groups: [(3, ['SA', 'SB']), (4, ['SC', 'SD']), (7, ['SE', 'SF'])]

[SA] starting on GPU 3 (M=4096,N=28672,K=32768)

[SC] starting on GPU 4 (M=14336,N=4096,K=32768)

[SE] starting on GPU 7 (M=28672,N=4096,K=16384)
  SE PARENT_REF rep0 gpu7                                   5188.63 TFLOPS (ms=0.7417)
  SC PARENT_REF rep0 gpu4                                   4510.35 TFLOPS (ms=0.8532)
  SA PARENT_REF rep0 gpu3                                   5426.28 TFLOPS (ms=1.4184)
  SE PARENT_REF rep1 gpu7                                   5197.74 TFLOPS (ms=0.7404)
  SC PARENT_REF rep1 gpu4                                   2963.44 TFLOPS (ms=1.2986)
  SA PARENT_REF rep1 gpu3                                   5409.13 TFLOPS (ms=1.4229)
  SE PARENT_REF rep2 gpu7                                   5195.77 TFLOPS (ms=0.7407)
  SC PARENT_REF rep2 gpu4                                   2883.95 TFLOPS (ms=1.3344)
  SA PARENT_REF rep2 gpu3                                   5434.87 TFLOPS (ms=1.4161)
  SE gm7_pfoff56 rep0 gpu7                                  6076.14 TFLOPS (ms=0.6333)
  SC gm7_pfoff120 rep0 gpu4                                 2824.48 TFLOPS (ms=1.3625)
  SA gm7_pfoff120 rep0 gpu3                                 6478.39 TFLOPS (ms=1.188)
  SE gm7_pfoff56 rep1 gpu7                                  6066.30 TFLOPS (ms=0.6344)
  SA gm7_pfoff120 rep1 gpu3                                 6494.40 TFLOPS (ms=1.1851)
  SA gm7_pfoff120 rep2 gpu3                                 6487.23 TFLOPS (ms=1.1864)
  SE gm7_pfoff56 rep2 gpu7                                 ERR rc=-6
  SA gm7_pfoff126 rep0 gpu3                                 6459.20 TFLOPS (ms=1.1916)
  SC gm7_pfoff120 rep1 gpu4                                ERR rc=-6
  SE gm7_pfoff62 rep0 gpu7                                  6013.47 TFLOPS (ms=0.6399)
  SA gm7_pfoff126 rep1 gpu3                                 6458.91 TFLOPS (ms=1.1916)
  SA gm7_pfoff126 rep2 gpu3                                 6464.22 TFLOPS (ms=1.1906)

[SB] starting on GPU 3 (M=4096,N=32768,K=14336)
  SB PARENT_REF rep0 gpu3                                   5201.75 TFLOPS (ms=0.7398)
  SE gm7_pfoff62 rep1 gpu7                                 ERR rc=-6
  SB PARENT_REF rep1 gpu3                                   5184.94 TFLOPS (ms=0.7422)
  SC gm7_pfoff120 rep2 gpu4                                ERR rc=-6
  SB PARENT_REF rep2 gpu3                                   5175.47 TFLOPS (ms=0.7436)
  SE gm7_pfoff62 rep2 gpu7                                  6001.82 TFLOPS (ms=0.6412)

[SF] starting on GPU 7 (M=4096,N=14336,K=16384)
  SC gm7_pfoff124 rep0 gpu4                                 5842.40 TFLOPS (ms=0.6587)
  SF PARENT_REF rep0 gpu7                                   4941.42 TFLOPS (ms=0.3894)
  SB gm7_pfoff48 rep0 gpu3                                  6084.18 TFLOPS (ms=0.6325)
  SC gm7_pfoff124 rep1 gpu4                                 5850.09 TFLOPS (ms=0.6578)
  SF PARENT_REF rep1 gpu7                                   4938.71 TFLOPS (ms=0.3896)
  SB gm7_pfoff48 rep1 gpu3                                  6071.76 TFLOPS (ms=0.6338)
  SF PARENT_REF rep2 gpu7                                   4934.71 TFLOPS (ms=0.3899)
  SC gm7_pfoff124 rep2 gpu4                                 5850.61 TFLOPS (ms=0.6578)

[SD] starting on GPU 4 (M=16384,N=4096,K=28672)
  SB gm7_pfoff48 rep2 gpu3                                  6089.10 TFLOPS (ms=0.632)
  SF gm7_pfoff56 rep0 gpu7                                  5617.00 TFLOPS (ms=0.3426)
  SD PARENT_REF rep0 gpu4                                   5237.97 TFLOPS (ms=0.7347)
  SB gm7_pfoff54 rep0 gpu3                                  6107.96 TFLOPS (ms=0.63)
  SF gm7_pfoff56 rep1 gpu7                                  5600.25 TFLOPS (ms=0.3436)
  SB gm7_pfoff54 rep1 gpu3                                  6086.66 TFLOPS (ms=0.6322)
  SD PARENT_REF rep1 gpu4                                   2347.98 TFLOPS (ms=1.639)
  SF gm7_pfoff56 rep2 gpu7                                  5624.66 TFLOPS (ms=0.3421)
  SB gm7_pfoff54 rep2 gpu3                                  6098.14 TFLOPS (ms=0.6311)
  SD PARENT_REF rep2 gpu4                                   2461.23 TFLOPS (ms=1.5636)
  SF gm7_pfoff60 rep0 gpu7                                  5265.88 TFLOPS (ms=0.3654)
  SF gm7_pfoff60 rep1 gpu7                                  5278.70 TFLOPS (ms=0.3645)
  SF gm7_pfoff60 rep2 gpu7                                  5268.40 TFLOPS (ms=0.3652)
  SD gm7_pfoff104 rep0 gpu4                                ERR rc=-6
  SD gm7_pfoff104 rep1 gpu4                                 2799.19 TFLOPS (ms=1.3748)
  SD gm7_pfoff104 rep2 gpu4                                 6238.06 TFLOPS (ms=0.6169)
  SD gm7_pfoff110 rep0 gpu4                                 6161.59 TFLOPS (ms=0.6246)
  SD gm7_pfoff110 rep1 gpu4                                 6191.18 TFLOPS (ms=0.6216)
  SD gm7_pfoff110 rep2 gpu4                                 6161.62 TFLOPS (ms=0.6246)

Elapsed: 212.4s

==============================================================================================================
Shape Variant                      Mean      Std   Δ% vs PARENT
==============================================================================================================
SA    PARENT_REF                5423.43    10.70              —
SA    gm7_pfoff120              6486.67     6.55         19.60%  [OK]
SA    gm7_pfoff126              6460.78     2.44         19.13%  [OK]

SB    PARENT_REF                5187.39    10.87              —
SB    gm7_pfoff48               6081.68     7.30         17.24%  [OK]
SB    gm7_pfoff54               6097.59     8.70         17.55%  [OK]

SC    PARENT_REF                3452.58   748.66              —
SC    gm7_pfoff120              2824.48     0.00        -18.19%  [OK]
SC    gm7_pfoff124              5847.70     3.75         69.37%  [OK]

SD    PARENT_REF                3349.06  1336.46              —
SD    gm7_pfoff104              4518.62  1719.44         34.92%  [FAIL_STD]
SD    gm7_pfoff110              6171.46    13.94         84.27%  [OK]

SE    PARENT_REF                5194.05     3.91              —
SE    gm7_pfoff56               6071.22     4.92         16.89%  [OK]
SE    gm7_pfoff62               6007.65     5.83         15.66%  [OK]

SF    PARENT_REF                4938.28     2.76              —
SF    gm7_pfoff56               5613.97    10.19         13.68%  [OK]
SF    gm7_pfoff60               5270.99     5.55          6.74%  [OK]

