R15A smoke. GPUS=[0, 1, 2]  warmup=200 iters=500 trim=0.1  gate=+0.5pp
==============================================================================================================
>> [GPU0] DLA1: _ts_pf6_6_v12_memc_r15a_regclassglob vs _ts_pf6_6_v12_memc
>> [GPU1] DLA2: _ts_gm2_v12_memc_dc_r15a_regclassglob vs _ts_gm2_v12_memc_dc
>> [GPU2] DLA7: _ts_lgk2_v12_memc_r15a_regclassglob vs _ts_lgk2_v12_memc
<< [GPU2] DLA7 _ts_lgk2_v12_memc_r15a_regclassglob: parent=4226.53 cand=4225.66 delta=-0.87 (-0.02pp) gate>=0.5pp: FAIL
>> [GPU0] P1: _ts_gm8_r15a_regclassglob vs _ts_gm8
<< [GPU0] DLA1 _ts_pf6_6_v12_memc_r15a_regclassglob: parent=5223.79 cand=3904.39 delta=-1319.40 (-22.82pp) gate>=0.5pp: FAIL
>> [GPU1] P1c: _ts_gm8_r15a_regclassglob_v20 vs _ts_gm8
<< [GPU1] DLA2 _ts_gm2_v12_memc_dc_r15a_regclassglob: parent=4211.73 cand=4208.91 delta=-2.82 (-0.06pp) gate>=0.5pp: FAIL
>> [GPU2] P1c: _ts_gm8_r15a_regclassglob_v24 vs _ts_gm8
<< [GPU0] P1 _ts_gm8_r15a_regclassglob: parent=776.82 cand=5091.97 delta=+4315.15 (+81.83pp) gate>=0.5pp: PASS
>> [GPU0] P1c: _ts_gm8_r15a_regclassglob_lgk2 vs _ts_gm8
<< [GPU1] P1c _ts_gm8_r15a_regclassglob_v20: parent=4965.20 cand=5013.78 delta=+48.58 (+0.92pp) gate>=0.5pp: PASS
>> [GPU1] P1c: _ts_gm8_r15a_regclassglob_extbr vs _ts_gm8
<< [GPU2] P1c _ts_gm8_r15a_regclassglob_v24: parent=4959.08 cand=4967.67 delta=+8.59 (+0.16pp) gate>=0.5pp: FAIL
>> [GPU2] P1c: _ts_gm8_r15a_regclassglob_tv0 vs _ts_gm8
<< [GPU0] P1c _ts_gm8_r15a_regclassglob_lgk2: parent=5061.28 cand=5081.52 delta=+20.24 (+0.38pp) gate>=0.5pp: FAIL
>> [GPU0] P1c: _ts_gm8_r15a_regclassglob_tv16 vs _ts_gm8
<< [GPU1] P1c _ts_gm8_r15a_regclassglob_extbr: parent=4978.31 cand=4896.97 delta=-81.34 (-1.54pp) gate>=0.5pp: FAIL
<< [GPU2] P1c _ts_gm8_r15a_regclassglob_tv0: parent=4959.34 cand=4970.59 delta=+11.25 (+0.21pp) gate>=0.5pp: FAIL
<< [GPU0] P1c _ts_gm8_r15a_regclassglob_tv16: parent=5051.52 cand=5090.42 delta=+38.90 (+0.74pp) gate>=0.5pp: PASS

Elapsed: 0.7 min

==============================================================================================================
Label  Candidate                                                  parent      cand     delta       pp  gate
--------------------------------------------------------------------------------------------------------------
DLA1   _ts_pf6_6_v12_memc_r15a_regclassglob                      5223.79   3904.39  -1319.40 -22.823pp  fail
DLA2   _ts_gm2_v12_memc_dc_r15a_regclassglob                     4211.73   4208.91     -2.82  -0.062pp  fail
DLA7   _ts_lgk2_v12_memc_r15a_regclassglob                       4226.53   4225.66     -0.87  -0.019pp  fail
P1     _ts_gm8_r15a_regclassglob                                  776.82   5091.97  +4315.15 +81.835pp  PASS
P1c    _ts_gm8_r15a_regclassglob_extbr                           4978.31   4896.97    -81.34  -1.543pp  fail
P1c    _ts_gm8_r15a_regclassglob_lgk2                            5061.28   5081.52    +20.24  +0.384pp  fail
P1c    _ts_gm8_r15a_regclassglob_tv0                             4959.34   4970.59    +11.25  +0.213pp  fail
P1c    _ts_gm8_r15a_regclassglob_tv16                            5051.52   5090.42    +38.90  +0.738pp  PASS
P1c    _ts_gm8_r15a_regclassglob_v20                             4965.20   5013.78    +48.58  +0.921pp  PASS
P1c    _ts_gm8_r15a_regclassglob_v24                             4959.08   4967.67     +8.59  +0.163pp  fail

Gate-pass count: 3/10
Saved bench_round15_optA_smoke.json
