R17B SMOKE  warmup=200 iters=500 trim=0.1  GPUs=[2, 3, 4]
P1: 28672x4096x16384  parent=_ts_gm8  comp_baseline=5273.0 TFLOPS
Total candidates: 10
==============================================================================================================
  rcg+noemxpre+v20                                 gpu=3  base= 4988.7  cand= 4979.6  d=  -9.0  (-0.17pp)  fail
  rcg+noemxpre+tv16                                gpu=2  base= 4925.3  cand= 4951.5  d= +26.2  (+0.50pp)  fail
  rcg+noemxpre+lgk2                                gpu=4  base= 4626.1  cand= 4830.2  d=+204.1  (+3.87pp)  PASS
  rcg+noemxpre+extbr                               gpu=2  base= 4933.3  cand= 4877.1  d= -56.2  (-1.07pp)  fail
  rcg+tv16+v20                                     gpu=3  base= 4971.6  cand= 4962.9  d=  -8.7  (-0.16pp)  fail
  rcg+tv16+lgk2                                    gpu=4  base= 4777.3  cand= 4971.1  d=+193.8  (+3.67pp)  PASS
  rcg+noemxpre+tv16+lgk2                           gpu=4  base= 4967.8  cand= 5003.1  d= +35.3  (+0.67pp)  PASS
  rcg+tv16+extbr                                   gpu=2  base= 4932.8  cand= 3842.4  d=-1090.4  (-20.68pp)  fail
  rcg+noemxpre+tv16+v20                            gpu=3  base= 4759.2  cand= 3924.4  d=-834.8  (-15.83pp)  fail
  rcg+noemxpre+tv16+extbr                          gpu=2  base= 4959.4  cand= 4897.6  d= -61.7  (-1.17pp)  fail

==============================================================================================================
Smoke PASS count: 3
  rcg+noemxpre+lgk2  +3.87pp
  rcg+tv16+lgk2  +3.67pp
  rcg+noemxpre+tv16+lgk2  +0.67pp
Saved bench_round17_optB_smoke.json
