MXFP4 R25 FINAL Parallel Benchmark - GPUs: [0, 1, 5, 6, 7]
Variants: 169, Shapes: 42
warmup=200, iters=500, trim=0.1
Per-variant timeout: 240s
================================================================================
[ 3/42]  16384x  6144x  2048   3471.8 vs  3047.6  (113.9%)  WIN  [ts_lgk2_gm6_v12_memc_pfoff4]  GPU5
[ 2/42]  16384x  4096x  3072   3945.4 vs  3492.3  (113.0%)  WIN  [ts_gm6_v12_memc_dc_pfoff4]  GPU1
[ 1/42]  16384x  4096x  2048   3414.5 vs  2995.0  (114.0%)  WIN  [ts_v12_gm7_memc_pfoff4_kx2048_btw_all]  GPU0
[ 4/42]  32768x  4096x  2048   3472.2 vs  3131.8  (110.9%)  WIN  [ts_lgk2_gm6_v12_memc_pfoff4]  GPU6
[ 5/42]  32768x  4096x  3072   3915.3 vs  3630.6  (107.8%)  WIN  [ts_lgk2_memc_btw_all]  GPU7
[ 8/42]  16384x 28672x  2048   3764.1 vs  3482.3  (108.1%)  WIN  [ts_lgk2_gm6_v12_memc_pfoff4]  GPU5
[ 7/42]  16384x 14336x  2048   3645.9 vs  3301.3  (110.4%)  WIN  [ts_v12_gm7_memc_pfoff4_kx2048_btw_all]  GPU1
[ 6/42]  32768x  6144x  2048   3728.6 vs  3239.9  (115.1%)  WIN  [ts_lgk2_gm6_v12_memc_pfoff4]  GPU0
[ 9/42]  32768x 14336x  2048   3725.5 vs  3351.4  (111.2%)  WIN  [ts_gm6_v12_memc_dc_pfoff4]  GPU6
[10/42]  32768x 28672x  2048   3718.1 vs  3353.4  (110.9%)  WIN  [ts_lgk2_gm6_v12_memc_pfoff4]  GPU7
[12/42]   4096x 14336x 16384   5781.5 vs  5013.0  (115.3%)  WIN  [ts_lgk2_gm7_memc_pfoff56_kx16384_btw_all]  GPU1
[13/42]   6144x  4096x 16384   5153.9 vs  4428.1  (116.4%)  WIN  [ts_lgk2_gm7_memc_pfoff56_kx16384_btw_all]  GPU5
[11/42]   4096x  4096x 16384   5723.6 vs  4642.1  (123.3%)  WIN  [ts_lgk2_gm7_memc_pfoff56_kx16384_btw_all]  GPU0
[14/42]   4096x  4096x  8192   4501.7 vs  3959.9  (113.7%)  WIN  [ts_v12_tv0_gm7_memc_pfoff28_kx8192_btw_all]  GPU6
[15/42]   4096x  4096x 32768   5940.0 vs  5152.8  (115.3%)  WIN  [ts_v12_tv0_memc_dc_gm7_pfoff120_kx32768_btw_all]  GPU7
[17/42]   4096x 14336x  8192   5057.2 vs  4345.8  (116.4%)  WIN  [ts_v12_tv0_gm7_memc_pfoff28_kx8192_btw_all]  GPU1
[18/42]   4096x 28672x 32768   6531.4 vs  5649.9  (115.6%)  WIN  [ts_v12_tv0_memc_dc_gm7_pfoff120_kx32768_btw_all]  GPU5
[16/42]   4096x  6144x 32768   5629.8 vs  3784.2  (148.8%)  WIN  [ts_v12_tv0_memc_dc_gm7_pfoff120_kx32768_btw_all]  GPU0
[19/42]   4096x 32768x  4096   4787.4 vs  4166.5  (114.9%)  WIN  [ts_lgk2_gm7_v12_memc_pfoff14]  GPU6
[20/42]   4096x 32768x  6144   5285.0 vs  4548.6  (116.2%)  WIN  [ts_v12_gm7_memc_pfoff19_kx6144_btw_all]  GPU7
[22/42]   4096x 32768x 28672   6492.0 vs  5568.2  (116.6%)  WIN  [ts_lgk2_gm7_memc_pfoff104_kx28672_btw_all]  GPU1
[25/42]   6144x  4096x  8192   4305.5 vs  3822.0  (112.7%)  WIN  [ts_v12_tv0_gm7_memc_pfoff28_kx8192_btw_all]  GPU7
[21/42]   4096x 32768x 14336   5217.0 vs  5296.1  ( 98.5%)  LOSE  [ts_v12_tv0_memc_btw_all]  GPU0
[27/42]  14336x  4096x 32768   6079.5 vs  5245.4  (115.9%)  WIN  [ts_v12_tv0_memc_dc_gm7_pfoff120_kx32768_btw_all]  GPU1
[24/42]   4096x128256x 32768   6373.4 vs  3195.3  (199.5%)  WIN  [ts_v12_tv0_memc_dc_gm7_pfoff120_kx32768_btw_all]  GPU6
[23/42]   4096x 32768x128256   5353.9 vs  5781.1  ( 92.6%)  LOSE  [ts_lgk2_v12_memc_btw_all]  GPU5
[30/42]  16384x  4096x  6144   4966.9 vs  4259.9  (116.6%)  WIN  [ts_v12_gm7_memc_pfoff19_kx6144_btw_all]  GPU7
[26/42]   6144x 32768x  4096   5046.4 vs  4291.0  (117.6%)  WIN  [ts_gm7_v12_memc_dc_pfoff14]  GPU0
[32/42]  16384x  4096x 14336   5996.9 vs  5142.1  (116.6%)  WIN  [ts_v12_tv0_memc_dc_gm7_pfoff54_kx14336_btw_all]  GPU1
[29/42]  16384x  4096x  4096   4461.5 vs  3951.8  (112.9%)  WIN  [ts_gm7_v12_memc_dc_pfoff14]  GPU6
[28/42]  14336x 32768x  4096   5084.6 vs  4462.6  (113.9%)  WIN  [ts_lgk2_gm7_v12_memc_pfoff14]  GPU5
[35/42]  16384x 14336x  4096   4841.2 vs  4255.8  (113.8%)  WIN  [ts_gm7_v12_memc_dc_pfoff14]  GPU7
[31/42]  16384x  4096x  7168   5250.4 vs  4443.2  (118.2%)  WIN  [ts_v12_tv0_gm7_memc_pfoff24_kx7168_btw_all]  GPU0
[37/42]  28672x  4096x  8192   5480.3 vs  4810.0  (113.9%)  WIN  [ts_v12_tv0_gm7_memc_pfoff28_kx8192_btw_all]  GPU1
[34/42]  16384x  6144x  4096   4639.0 vs  4042.5  (114.8%)  WIN  [ts_lgk2_gm7_v12_memc_pfoff14]  GPU6
[33/42]  16384x  4096x 28672   6407.4 vs  5525.3  (116.0%)  WIN  [ts_lgk2_gm7_memc_pfoff104_kx28672_btw_all]  GPU5
[40/42]  32768x  4096x  7168   5342.4 vs  4666.8  (114.5%)  WIN  [ts_v12_tv0_gm7_memc_pfoff24_kx7168_btw_all]  GPU7
[36/42]  16384x 28672x  4096   5059.9 vs  4411.7  (114.7%)  WIN  [ts_gm7_v12_memc_dc_pfoff14]  GPU0
[39/42]  28672x 32768x  4096   5048.5 vs  4466.6  (113.0%)  WIN  [ts_gm7_v12_memc_dc_pfoff14]  GPU6
[38/42]  28672x  4096x 16384   6238.2 vs  5350.6  (116.6%)  WIN  [ts_lgk2_gm7_memc_pfoff56_kx16384_btw_all]  GPU5
[41/42]  32768x  4096x 14336   6157.3 vs  5223.4  (117.9%)  WIN  [ts_v12_tv0_memc_dc_gm7_pfoff54_kx14336_btw_all]  GPU0
[42/42] 128256x 32768x  4096   4943.3 vs  4536.4  (109.0%)  WIN  [ts_lgk2_gm7_v12_memc_pfoff14]  GPU1

Completed in 167.1 minutes

================================================================================
      M       N       K     Ours     Comp   Ratio                                      Tag Result
--------------------------------------------------------------------------------------------------------------
  16384    4096    2048   3414.5   2995.0  114.0%    ts_v12_gm7_memc_pfoff4_kx2048_btw_all WIN
  16384    4096    3072   3945.4   3492.3  113.0%                ts_gm6_v12_memc_dc_pfoff4 WIN
  16384    6144    2048   3471.8   3047.6  113.9%              ts_lgk2_gm6_v12_memc_pfoff4 WIN
  32768    4096    2048   3472.2   3131.8  110.9%              ts_lgk2_gm6_v12_memc_pfoff4 WIN
  32768    4096    3072   3915.3   3630.6  107.8%                     ts_lgk2_memc_btw_all WIN
  32768    6144    2048   3728.6   3239.9  115.1%              ts_lgk2_gm6_v12_memc_pfoff4 WIN
  16384   14336    2048   3645.9   3301.3  110.4%    ts_v12_gm7_memc_pfoff4_kx2048_btw_all WIN
  16384   28672    2048   3764.1   3482.3  108.1%              ts_lgk2_gm6_v12_memc_pfoff4 WIN
  32768   14336    2048   3725.5   3351.4  111.2%                ts_gm6_v12_memc_dc_pfoff4 WIN
  32768   28672    2048   3718.1   3353.4  110.9%              ts_lgk2_gm6_v12_memc_pfoff4 WIN
   4096    4096   16384   5723.6   4642.1  123.3% ts_lgk2_gm7_memc_pfoff56_kx16384_btw_all WIN
   4096   14336   16384   5781.5   5013.0  115.3% ts_lgk2_gm7_memc_pfoff56_kx16384_btw_all WIN
   6144    4096   16384   5153.9   4428.1  116.4% ts_lgk2_gm7_memc_pfoff56_kx16384_btw_all WIN
   4096    4096    8192   4501.7   3959.9  113.7% ts_v12_tv0_gm7_memc_pfoff28_kx8192_btw_all WIN
   4096    4096   32768   5940.0   5152.8  115.3% ts_v12_tv0_memc_dc_gm7_pfoff120_kx32768_btw_all WIN
   4096    6144   32768   5629.8   3784.2  148.8% ts_v12_tv0_memc_dc_gm7_pfoff120_kx32768_btw_all WIN
   4096   14336    8192   5057.2   4345.8  116.4% ts_v12_tv0_gm7_memc_pfoff28_kx8192_btw_all WIN
   4096   28672   32768   6531.4   5649.9  115.6% ts_v12_tv0_memc_dc_gm7_pfoff120_kx32768_btw_all WIN
   4096   32768    4096   4787.4   4166.5  114.9%             ts_lgk2_gm7_v12_memc_pfoff14 WIN
   4096   32768    6144   5285.0   4548.6  116.2%   ts_v12_gm7_memc_pfoff19_kx6144_btw_all WIN
   4096   32768   14336   5217.0   5296.1   98.5%                  ts_v12_tv0_memc_btw_all LOSE
   4096   32768   28672   6492.0   5568.2  116.6% ts_lgk2_gm7_memc_pfoff104_kx28672_btw_all WIN
   4096   32768  128256   5353.9   5781.1   92.6%                 ts_lgk2_v12_memc_btw_all LOSE
   4096  128256   32768   6373.4   3195.3  199.5% ts_v12_tv0_memc_dc_gm7_pfoff120_kx32768_btw_all WIN
   6144    4096    8192   4305.5   3822.0  112.7% ts_v12_tv0_gm7_memc_pfoff28_kx8192_btw_all WIN
   6144   32768    4096   5046.4   4291.0  117.6%               ts_gm7_v12_memc_dc_pfoff14 WIN
  14336    4096   32768   6079.5   5245.4  115.9% ts_v12_tv0_memc_dc_gm7_pfoff120_kx32768_btw_all WIN
  14336   32768    4096   5084.6   4462.6  113.9%             ts_lgk2_gm7_v12_memc_pfoff14 WIN
  16384    4096    4096   4461.5   3951.8  112.9%               ts_gm7_v12_memc_dc_pfoff14 WIN
  16384    4096    6144   4966.9   4259.9  116.6%   ts_v12_gm7_memc_pfoff19_kx6144_btw_all WIN
  16384    4096    7168   5250.4   4443.2  118.2% ts_v12_tv0_gm7_memc_pfoff24_kx7168_btw_all WIN
  16384    4096   14336   5996.9   5142.1  116.6% ts_v12_tv0_memc_dc_gm7_pfoff54_kx14336_btw_all WIN
  16384    4096   28672   6407.4   5525.3  116.0% ts_lgk2_gm7_memc_pfoff104_kx28672_btw_all WIN
  16384    6144    4096   4639.0   4042.5  114.8%             ts_lgk2_gm7_v12_memc_pfoff14 WIN
  16384   14336    4096   4841.2   4255.8  113.8%               ts_gm7_v12_memc_dc_pfoff14 WIN
  16384   28672    4096   5059.9   4411.7  114.7%               ts_gm7_v12_memc_dc_pfoff14 WIN
  28672    4096    8192   5480.3   4810.0  113.9% ts_v12_tv0_gm7_memc_pfoff28_kx8192_btw_all WIN
  28672    4096   16384   6238.2   5350.6  116.6% ts_lgk2_gm7_memc_pfoff56_kx16384_btw_all WIN
  28672   32768    4096   5048.5   4466.6  113.0%               ts_gm7_v12_memc_dc_pfoff14 WIN
  32768    4096    7168   5342.4   4666.8  114.5% ts_v12_tv0_gm7_memc_pfoff24_kx7168_btw_all WIN
  32768    4096   14336   6157.3   5223.4  117.9% ts_v12_tv0_memc_dc_gm7_pfoff54_kx14336_btw_all WIN
 128256   32768    4096   4943.3   4536.4  109.0%             ts_lgk2_gm7_v12_memc_pfoff14 WIN
--------------------------------------------------------------------------------------------------------------
WIN: 40/42  LOSE: 2/42  ERR: 0/42  Win rate: 95%
Avg ratio: 116.4%

Results saved to /shared_nfs/kyle/test/HipKittens/analysis/fp8_gemm/mi350x/bench_all42_results_R25_FINAL.json
