R23B smoke: 9 bench jobs (3 shapes x 3 variants), 1 GPU per shape
warmup=200 iters=500 trim=0.1
==============================================================================================================
  DLA1   _pxcd_baseline                 gpu=0   4391.77 TFLOPS  C-coverage=100.0%
  DLA2   _pxcd_baseline                 gpu=1   4211.91 TFLOPS  C-coverage=100.0%
  DLA2   _pxcd_b1                       gpu=1  60012.65 TFLOPS  C-coverage=6.4%
  DLA2   _pxcd_b4                       gpu=1  61812.61 TFLOPS  C-coverage=6.4%
  DLA7   _pxcd_baseline                 gpu=2   4235.29 TFLOPS  C-coverage=100.0%
  DLA7   _pxcd_b1                       gpu=2  12834.97 TFLOPS  C-coverage=28.6%
  DLA1   _pxcd_b1                       gpu=0  ERR rc=-6
  DLA7   _pxcd_b4                       gpu=2  14246.85 TFLOPS  C-coverage=28.6%
  DLA1   _pxcd_b4                       gpu=0  ERR rc=-6

Elapsed: 185.0s

==============================================================================================================
SUMMARY (delta vs _pxcd_baseline)
==============================================================================================================
  DLA1 baseline = 4391.77 TFLOPS
    _pxcd_b1                        ERR
    _pxcd_b4                        ERR
  DLA2 baseline = 4211.91 TFLOPS
    _pxcd_b1                        60012.65  delta=+55800.74 (+1324.83%)
    _pxcd_b4                        61812.61  delta=+57600.70 (+1367.57%)
  DLA7 baseline = 4235.29 TFLOPS
    _pxcd_b1                        12834.97  delta=+8599.68 (+203.05%)
    _pxcd_b4                        14246.85  delta=+10011.56 (+236.38%)
