OK pairs from SNR probe: 6
  ['S1', '_r19a_step12', 'OK']
  ['S1', '_r19a_step3', 'OK']
  ['S1', '_r19a_all', 'OK-MARGINAL']
  ['S4', '_r19a_step3', 'OK-MARGINAL']
  ['S4', '_r19a_step12', 'OK-MARGINAL']
  ['S14', '_r19a_step12', 'OK']

Total bench jobs: 9
  [1/9] parent:S14                                         gpu=2  -> {'tflops': 4351.03, 'ms': 0.1895}
  [2/9] var:S1:_r19a_step12                                gpu=3  -> {'tflops': 4701.87, 'ms': 0.8185}
  [3/9] parent:S1                                          gpu=0  -> {'tflops': 4791.95, 'ms': 0.8031}
  [4/9] parent:S4                                          gpu=1  -> {'tflops': 5263.51, 'ms': 1.4623}
  [5/9] var:S1:_r19a_step3                                 gpu=0  -> {'tflops': 5114.92, 'ms': 0.7524}
  [6/9] var:S1:_r19a_all                                   gpu=1  -> {'tflops': 5020.0, 'ms': 0.7666}
  [7/9] var:S4:_r19a_step3                                 gpu=2  -> {'tflops': 5231.89, 'ms': 1.4711}
  [8/9] var:S4:_r19a_step12                                gpu=3  -> {'tflops': 5306.39, 'ms': 1.4504}
  [9/9] var:S14:_r19a_step12                               gpu=0  -> {'tflops': 4471.55, 'ms': 0.1844}
Bench done in 0.2 min

==============================================================================================================
Lab   shape                         comp     parent variant_suf                  variant      Δpp
--------------------------------------------------------------------------------------------------------------
S1    14336x4096x32768            5245.4    4791.95 _r19a_step12                 4701.87    -1.72
S1    14336x4096x32768            5245.4    4791.95 _r19a_step3                  5114.92    +6.16
S1    14336x4096x32768            5245.4    4791.95 _r19a_all                    5020.00    +4.35
S4    4096x28672x32768            5649.9    5263.51 _r19a_step3                  5231.89    -0.56
S4    4096x28672x32768            5649.9    5263.51 _r19a_step12                 5306.39    +0.76
S14   6144x4096x16384             4428.1    4351.03 _r19a_step12                 4471.55    +2.72
Saved bench_round19_optA_smoke.json
