Round 14 OptC DLA1 smoke. GPU=3 warmup=20 iters=50
Shape 4096x32768x128256  parent=_ts_pf6_6_v12_memc  comp_tflops=5781.1
==============================================================================================================

Parent baseline:
  _ts_pf6_6_v12_memc                                 OK   tflops=5136.39  retries=0

Candidates (DIFF only):
  _ts_pf6_6_v12_memc_r14c_v1_membound50              SKIP_NOOP
  _ts_pf6_6_v12_memc_r14c_v1_membound200             SKIP_NOOP
  _ts_pf6_6_v12_memc_r14c_v1_regalloc_bias           SKIP_NOOP
  _ts_pf6_6_v12_memc_r14c_v1_relaxedocc              SKIP_NOOP
  _ts_pf6_6_v12_memc_r14c_v1_dceinra                 SKIP_NOOP
  _ts_pf6_6_v12_memc_r14c_v1_dpp                     SKIP_NOOP
  _ts_pf6_6_v12_memc_r14c_v1_loopprefetch            SKIP_NOOP
  _ts_pf6_6_v12_memc_r14c_v1_aaincg                  SKIP_NOOP
  _ts_pf6_6_v12_memc_r14c_v1_membound200_relaxedocc  SKIP_NOOP
  _ts_pf6_6_v12_memc_r14c_v2_v4                      OK   tflops=5108.94  (88.37% aiter)  retries=0
  _ts_pf6_6_v12_memc_r14c_v2_v8                      OK   tflops=5137.77  (88.87% aiter)  retries=0
  _ts_pf6_6_v12_memc_r14c_v2_v16                     OK   tflops=5142.30  (88.95% aiter)  retries=0
  _ts_pf6_6_v12_memc_r14c_v2_v20                     OK   tflops=5139.80  (88.91% aiter)  retries=0
  _ts_pf6_6_v12_memc_r14c_v2_v24                     OK   tflops=5135.68  (88.84% aiter)  retries=0
  _ts_pf6_6_v12_memc_r14c_v3_brlgk0                  OK   tflops=5145.04  (89.00% aiter)  retries=0
  _ts_pf6_6_v12_memc_r14c_v3_brlgk4                  OK   tflops=5129.70  (88.73% aiter)  retries=0
  _ts_pf6_6_v12_memc_r14c_v4_tbv0                    OK   tflops=5114.02  (88.46% aiter)  retries=0
  _ts_pf6_6_v12_memc_r14c_v4_tbv4                    OK   tflops=5102.44  (88.26% aiter)  retries=0
  _ts_pf6_6_v12_memc_r14c_v4_tbv16                   OK   tflops=5133.14  (88.79% aiter)  retries=0
  _ts_pf6_6_v12_memc_r14c_v5_gm1                     OK   tflops=4830.69  (83.56% aiter)  retries=0
  _ts_pf6_6_v12_memc_r14c_v5_gm2                     OK   tflops=5017.02  (86.78% aiter)  retries=0
  _ts_pf6_6_v12_memc_r14c_v5_gm8                     OK   tflops=5116.34  (88.50% aiter)  retries=0
  _ts_pf6_6_v12_memc_r14c_v6_noembed                 SKIP_NOOP
  _ts_pf6_6_v12_memc_r14c_v7_extbr                   OK   tflops=4948.43  (85.60% aiter)  retries=0
  _ts_pf6_6_v12_memc_r14c_v8_wpe2                    SKIP_NOOP
  _ts_pf6_6_v12_memc_r14c_v9_persistent_b16          BROKEN  fails=3 err=RC-6
  _ts_pf6_6_v12_memc_r14c_v9_persistent_b32          BROKEN  fails=3 err=RC-6
  _ts_pf6_6_v12_memc_r14c_v10_static_xcd             OK   tflops=5099.72  (88.21% aiter)  retries=0
  _ts_pf6_6_v12_memc_r14c_cb_tbv16_brlgk4            OK   tflops=5129.44  (88.73% aiter)  retries=0
  _ts_pf6_6_v12_memc_r14c_cb_gm8_tbv16               OK   tflops=5116.20  (88.50% aiter)  retries=1
  _ts_pf6_6_v12_memc_r14c_cb_membound200_dpp         SKIP_NOOP
==============================================================================================================
Saved bench_round14_optC_smoke.json
