R25-G VERIFY3 SD: 16384x4096x28672 on GPU 0, 5 reps each
  PARENT_REF rep0   5389.67 TFLOPS
  PARENT_REF rep1   3971.40 TFLOPS
  PARENT_REF rep2   5397.12 TFLOPS
  PARENT_REF rep3   5373.98 TFLOPS
  PARENT_REF rep4   4388.86 TFLOPS
  gm7_pfoff110 rep0   5411.19 TFLOPS
  gm7_pfoff110 rep1   4623.52 TFLOPS
  gm7_pfoff110 rep2   4624.55 TFLOPS
  gm7_pfoff110 rep3   4620.45 TFLOPS
  gm7_pfoff110 rep4   4635.87 TFLOPS
  gm7_pfoff104 rep0   4776.08 TFLOPS
  gm7_pfoff104 rep1  ERR rc=-6
  gm7_pfoff104 rep2   6397.32 TFLOPS
  gm7_pfoff104 rep3   6397.55 TFLOPS
  gm7_pfoff104 rep4   6403.72 TFLOPS

Summary:
  PARENT_REF           mean=4904.21 std=605.81  runs=[5389.67, 3971.4, 5397.12, 5373.98, 4388.86]
  gm7_pfoff110         mean=4783.12 std=314.08  runs=[5411.19, 4623.52, 4624.55, 4620.45, 4635.87]
  gm7_pfoff104         mean=5993.67 std=702.98  runs=[4776.08, 6397.32, 6397.55, 6403.72]
