Round 12 Optimizer A REPRODUCE. GPU=6 warmup=20 iters=50 retries=3
==============================================================================================================

DLA1_4096x32768x128256  shape=4096x32768x128256  parent=_ts_pf6_6_v12_memc
  baseline run 0: 5118.03 TFLOPS
  baseline run 1: 5114.90 TFLOPS
  baseline run 2: 5122.18 TFLOPS
  cand     run 0: ERROR rc=rc=-6  stderr='Memory access fault by GPU node-8 (Agent handle: 0x5582f98248d0) on address 0xb941f50000. Reason: Write access to a read-only page.\n'
  cand     run 1: ERROR rc=rc=-6  stderr='Memory access fault by GPU node-8 (Agent handle: 0x55e2307c6300) on address 0x44d3710000. Reason: Write access to a read-only page.\n'
  cand     run 2: ERROR rc=rc=-6  stderr='Memory access fault by GPU node-8 (Agent handle: 0x559fffe943c0) on address 0x468f20000. Reason: Unknown.\n'
  SUMMARY: baseline 3/3 OK, cand 0/3 OK

DLA2_128256x32768x4096  shape=128256x32768x4096  parent=_ts_gm2_v12_memc_dc
  baseline run 0: 4220.16 TFLOPS
  baseline run 1: 4204.27 TFLOPS
  baseline run 2: 4232.26 TFLOPS
  cand     run 0: ERROR rc=rc=-6  stderr=':0:rocdevice.cpp            :3580: 1113916581852 us:  Callback: Queue 0x7f85e5400000 aborting with error : HSA_STATUS_ERROR_MEMORY_APERTURE_VIOLATION: The agent attempted to access memory beyond the l'
  cand     run 1: ERROR rc=rc=-6  stderr=':0:rocdevice.cpp            :3580: 1114079210417 us:  Callback: Queue 0x7f9b65d00000 aborting with error : HSA_STATUS_ERROR_MEMORY_APERTURE_VIOLATION: The agent attempted to access memory beyond the l'
  cand     run 2: ERROR rc=rc=-6  stderr=':0:rocdevice.cpp            :3580: 1114244600868 us:  Callback: Queue 0x7fcee5100000 aborting with error : HSA_STATUS_ERROR_MEMORY_APERTURE_VIOLATION: The agent attempted to access memory beyond the l'
  SUMMARY: baseline 3/3 OK, cand 0/3 OK

DLA7_28672x32768x4096  shape=28672x32768x4096  parent=_ts_lgk2_v12_memc
  baseline run 0: 4197.88 TFLOPS
  baseline run 1: 4183.75 TFLOPS
  baseline run 2: 4200.65 TFLOPS
  cand     run 0: ERROR rc=rc=-6  stderr=':0:rocdevice.cpp            :3580: 1114305365471 us:  Callback: Queue 0x7f6862600000 aborting with error : HSA_STATUS_ERROR_MEMORY_APERTURE_VIOLATION: The agent attempted to access memory beyond the l'
  cand     run 1: ERROR rc=rc=-6  stderr=':0:rocdevice.cpp            :3580: 1114349335766 us:  Callback: Queue 0x7fcca9600000 aborting with error : HSA_STATUS_ERROR_MEMORY_APERTURE_VIOLATION: The agent attempted to access memory beyond the l'
  cand     run 2: ERROR rc=rc=-6  stderr=':0:rocdevice.cpp            :3580: 1114389129264 us:  Callback: Queue 0x7f9efd600000 aborting with error : HSA_STATUS_ERROR_MEMORY_APERTURE_VIOLATION: The agent attempted to access memory beyond the l'
  SUMMARY: baseline 3/3 OK, cand 0/3 OK

WIN1_16384x4096x7168  shape=16384x4096x7168  parent=_ts_lgk2_v20_memc
  baseline run 0: 4125.56 TFLOPS
  baseline run 1: 4128.66 TFLOPS
  baseline run 2: 4120.06 TFLOPS
  cand     run 0: 4121.67 TFLOPS
  cand     run 1: 4110.12 TFLOPS
  cand     run 2: 4115.51 TFLOPS
  SUMMARY: baseline 3/3 OK, cand 3/3 OK

WIN2_32768x6144x2048  shape=32768x6144x2048  parent=_ts_gm8_v12
  baseline run 0: 3170.66 TFLOPS
  baseline run 1: 3229.61 TFLOPS
  baseline run 2: 3113.98 TFLOPS
  cand     run 0: ERROR rc=rc=-6  stderr=':0:rocdevice.cpp            :3580: 1114441126584 us:  Callback: Queue 0x7facc5600000 aborting with error : HSA_STATUS_ERROR_MEMORY_APERTURE_VIOLATION: The agent attempted to access memory beyond the l'
  cand     run 1: ERROR rc=rc=-6  stderr=':0:rocdevice.cpp            :3580: 1114456990532 us:  Callback: Queue 0x7f9878e00000 aborting with error : HSA_STATUS_ERROR_MEMORY_APERTURE_VIOLATION: The agent attempted to access memory beyond the l'
  cand     run 2: ERROR rc=rc=-6  stderr=':0:rocdevice.cpp            :3580: 1114474022523 us:  Callback: Queue 0x7f6539600000 aborting with error : HSA_STATUS_ERROR_MEMORY_APERTURE_VIOLATION: The agent attempted to access memory beyond the l'
  SUMMARY: baseline 3/3 OK, cand 0/3 OK
==============================================================================================================
Saved bench_round12_optA_repro.json
