R16C SMOKE  warmup=200 iters=500 trim=0.1  GPUs=[5, 6, 7]
Total pairs to bench: 48
==============================================================================================================
  DLA1   iterilp+sinkavoidspill                           gpu=7  ERROR base={'tflops': 5123.93, 'ms': 6.7191} cand={'error': 'rc=-6', 'stderr': 'Memory access fault by GPU node-9 (Agent handle: 0x55efc98cdf10) on address 0x1033b710000. Reason: Write access to a read-only page.\n'}
  DLA1   iterilp+regclassglob                             gpu=5  ERROR base={'error': 'rc=-6', 'stderr': ':0:rocdevice.cpp            :3580: 1123675367023 us:  Callback: Queue 0x7fef70e00000 aborting with error : HSA_STATUS_ERROR_MEMORY_APERTURE_VIOLATION: The agent attempted to access memory beyond the largest legal address. code: 0x29\n'} cand={'error': 'rc=-6', 'stderr': 'Memory access fault by GPU node-7 (Agent handle: 0x557800f47440) on address 0x10b8af10000. Reason: Unknown.\n'}
  DLA1   iterilp+noemxpre                                 gpu=5  ERROR base={'tflops': 5154.1, 'ms': 6.6798} cand={'error': 'rc=-6', 'stderr': 'Memory access fault by GPU node-7 (Agent handle: 0x55a0d1c9ad20) on address 0xdd35129000. Reason: Write access to a read-only page.\n'}
  DLA1   iterilp+nolicm                                   gpu=6  ERROR base={'error': 'rc=-6', 'stderr': ':0:rocdevice.cpp            :3580: 1123696891447 us:  Callback: Queue 0x7f7a19600000 aborting with error : HSA_STATUS_ERROR_MEMORY_APERTURE_VIOLATION: The agent attempted to access memory beyond the largest legal address. code: 0x29\n'} cand={'error': 'rc=-6', 'stderr': 'Memory access fault by GPU node-8 (Agent handle: 0x55dcba3eb3f0) on address 0xff6b63728000. Reason: Write access to a read-only page.\n'}
  DLA1   regclassglob+sinkavoidspill                      gpu=7  base= 5131.4  cand= 5134.4  d=  +2.9  (+0.05pp)  fail
  DLA1   iterilp+largeivf2                                gpu=6  ERROR base={'tflops': 5094.38, 'ms': 6.7581} cand={'error': 'rc=-6', 'stderr': 'Memory access fault by GPU node-8 (Agent handle: 0x5646fb1dd8e0) on address 0x123e3720000. Reason: Write access to a read-only page.\n'}
  DLA1   sinkavoidspill+nolicm                            gpu=7  base= 5125.1  cand= 5121.2  d=  -3.9  (-0.07pp)  fail
  DLA1   regclassglob+noemxpre                            gpu=6  ERROR base={'tflops': 5095.02, 'ms': 6.7573} cand={'error': 'rc=-6', 'stderr': ':0:rocdevice.cpp            :3580: 1123999621877 us:  Callback: Queue 0x7f7b14800000 aborting with error : HSA_STATUS_ERROR_MEMORY_APERTURE_VIOLATION: The agent attempted to access memory beyond the largest legal address. code: 0x29\n'}
  DLA1   regclassglob+nolicm+sinkavoidspill               gpu=5  base= 4206.0  cand= 4211.9  d=  +5.9  (+0.10pp)  fail
  DLA1   regclassglob+nolicm                              gpu=5  ERROR base={'tflops': 5154.11, 'ms': 6.6798} cand={'error': 'rc=-6', 'stderr': ':0:rocdevice.cpp            :3580: 1124046708089 us:  Callback: Queue 0x7f61b0800000 aborting with error : HSA_STATUS_ERROR_MEMORY_APERTURE_VIOLATION: The agent attempted to access memory beyond the largest legal address. code: 0x29\n'}
  DLA1   iterilp+regclassglob+sinkavoidspill              gpu=7  ERROR base={'tflops': 5131.17, 'ms': 6.7097} cand={'error': 'rc=-6', 'stderr': 'Memory access fault by GPU node-9 (Agent handle: 0x55c03fb537c0) on address 0x10412720000. Reason: Write access to a read-only page.\n'}
  DLA1   iterilp+regclassglob+nolicm                      gpu=6  ERROR base={'tflops': 5100.03, 'ms': 6.7506} cand={'error': 'rc=-6', 'stderr': 'Memory access fault by GPU node-8 (Agent handle: 0x55f623a942b0) on address 0xf5ebf20000. Reason: Write access to a read-only page.\n'}
  DLA2   iterilp+regclassglob                             gpu=5  ERROR base={'tflops': 4276.12, 'ms': 8.0513} cand={'error': 'rc=-6', 'stderr': ':0:rocdevice.cpp            :3580: 1124238394057 us:  Callback: Queue 0x7f3df9c00000 aborting with error : HSA_STATUS_ERROR_MEMORY_APERTURE_VIOLATION: The agent attempted to access memory beyond the largest legal address. code: 0x29\n'}
  DLA2   iterilp+nolicm                                   gpu=7  ERROR base={'tflops': 4247.97, 'ms': 8.1047} cand={'error': 'rc=-6', 'stderr': ':0:rocdevice.cpp            :3580: 1124444958200 us:  Callback: Queue 0x7f0755e00000 aborting with error : HSA_STATUS_ERROR_MEMORY_APERTURE_VIOLATION: The agent attempted to access memory beyond the largest legal address. code: 0x29\n'}
  DLA2   iterilp+noemxpre                                 gpu=5  ERROR base={'tflops': 4276.57, 'ms': 8.0505} cand={'error': 'rc=-6', 'stderr': ':0:rocdevice.cpp            :3580: 1124499501499 us:  Callback: Queue 0x7fbaf1600000 aborting with error : HSA_STATUS_ERROR_MEMORY_APERTURE_VIOLATION: The agent attempted to access memory beyond the largest legal address. code: 0x29\n'}
  DLA2   iterilp+sinkavoidspill                           gpu=6  ERROR base={'tflops': 4223.63, 'ms': 8.1514} cand={'error': 'rc=-6', 'stderr': ':0:rocdevice.cpp            :3580: 1124511159081 us:  Callback: Queue 0x7f75c9c00000 aborting with error : HSA_STATUS_ERROR_MEMORY_APERTURE_VIOLATION: The agent attempted to access memory beyond the largest legal address. code: 0x29\n'}
  DLA2   regclassglob+nolicm                              gpu=5  base= 4264.8  cand= 4270.2  d=  +5.4  (+0.12pp)  fail
  DLA2   regclassglob+sinkavoidspill                      gpu=6  base= 4218.0  cand= 4228.6  d= +10.6  (+0.23pp)  fail
  DLA2   regclassglob+noemxpre                            gpu=6  base= 4224.4  cand= 4222.1  d=  -2.3  (-0.05pp)  fail
  DLA2   iterilp+largeivf2                                gpu=7  ERROR base={'tflops': 4246.1, 'ms': 8.1083} cand={'error': 'rc=-6', 'stderr': ':0:rocdevice.cpp            :3580: 1124662790822 us:  Callback: Queue 0x7fe59f000000 aborting with error : HSA_STATUS_ERROR_MEMORY_APERTURE_VIOLATION: The agent attempted to access memory beyond the largest legal address. code: 0x29\n'}
  DLA2   regclassglob+nolicm+sinkavoidspill               gpu=5  base= 4274.8  cand= 4276.6  d=  +1.8  (+0.04pp)  fail
  DLA2   sinkavoidspill+nolicm                            gpu=7  base= 4249.1  cand= 4241.4  d=  -7.7  (-0.17pp)  fail
  DLA2   iterilp+regclassglob+nolicm                      gpu=6  ERROR base={'tflops': 4216.35, 'ms': 8.1655} cand={'error': 'rc=-6', 'stderr': ':0:rocdevice.cpp            :3580: 1124893041156 us:  Callback: Queue 0x7fed65200000 aborting with error : HSA_STATUS_ERROR_MEMORY_APERTURE_VIOLATION: The agent attempted to access memory beyond the largest legal address. code: 0x29\n'}
  DLA7   iterilp+regclassglob                             gpu=5  ERROR base={'tflops': 4184.25, 'ms': 1.8394} cand={'error': 'rc=-6', 'stderr': ':0:rocdevice.cpp            :3580: 1124942167327 us:  Callback: Queue 0x7fa3c6000000 aborting with error : HSA_STATUS_ERROR_MEMORY_APERTURE_VIOLATION: The agent attempted to access memory beyond the largest legal address. code: 0x29\n'}
  DLA7   iterilp+sinkavoidspill                           gpu=6  ERROR base={'tflops': 4198.48, 'ms': 1.8332} cand={'error': 'rc=-6', 'stderr': ':0:rocdevice.cpp            :3580: 1124970007196 us:  Callback: Queue 0x7f62e5200000 aborting with error : HSA_STATUS_ERROR_MEMORY_APERTURE_VIOLATION: The agent attempted to access memory beyond the largest legal address. code: 0x29\n'}
  DLA2   iterilp+regclassglob+sinkavoidspill              gpu=7  ERROR base={'tflops': 4252.93, 'ms': 8.0952} cand={'error': 'rc=-6', 'stderr': ':0:rocdevice.cpp            :3580: 1124971351122 us:  Callback: Queue 0x7f9cf1e00000 aborting with error : HSA_STATUS_ERROR_MEMORY_APERTURE_VIOLATION: The agent attempted to access memory beyond the largest legal address. code: 0x29\n'}
  DLA7   iterilp+nolicm                                   gpu=7  ERROR base={'tflops': 4169.81, 'ms': 1.8458} cand={'error': 'rc=-6', 'stderr': ':0:rocdevice.cpp            :3580: 1125027649188 us:  Callback: Queue 0x7fb431800000 aborting with error : HSA_STATUS_ERROR_MEMORY_APERTURE_VIOLATION: The agent attempted to access memory beyond the largest legal address. code: 0x29\n'}
  DLA7   iterilp+largeivf2                                gpu=6  ERROR base={'tflops': 4202.2, 'ms': 1.8316} cand={'error': 'rc=-6', 'stderr': ':0:rocdevice.cpp            :3580: 1125032536935 us:  Callback: Queue 0x7fcd46600000 aborting with error : HSA_STATUS_ERROR_MEMORY_APERTURE_VIOLATION: The agent attempted to access memory beyond the largest legal address. code: 0x29\n'}
  DLA7   regclassglob+sinkavoidspill                      gpu=7  base= 4171.2  cand= 4178.3  d=  +7.1  (+0.16pp)  fail
  DLA7   iterilp+noemxpre                                 gpu=5  ERROR base={'tflops': 4219.14, 'ms': 1.8242} cand={'error': 'rc=-6', 'stderr': ':0:rocdevice.cpp            :3580: 1125042284276 us:  Callback: Queue 0x7efffe000000 aborting with error : HSA_STATUS_ERROR_MEMORY_APERTURE_VIOLATION: The agent attempted to access memory beyond the largest legal address. code: 0x29\n'}
  DLA7   regclassglob+nolicm                              gpu=5  base= 3838.6  cand= 4206.4  d=+367.8  (+8.23pp)  PASS
  DLA7   regclassglob+noemxpre                            gpu=6  base= 4202.1  cand= 4199.9  d=  -2.2  (-0.05pp)  fail
  DLA7   sinkavoidspill+nolicm                            gpu=7  base= 4176.2  cand= 4169.0  d=  -7.2  (-0.16pp)  fail
  DLA7   regclassglob+nolicm+sinkavoidspill               gpu=5  base= 4189.6  cand= 4192.2  d=  +2.6  (+0.06pp)  fail
  P1     iterilp+sinkavoidspill                           gpu=5  base= 5007.2  cand= 5030.5  d= +23.3  (+0.44pp)  fail
  DLA7   iterilp+regclassglob+nolicm                      gpu=6  ERROR base={'tflops': 4204.01, 'ms': 1.8308} cand={'error': 'rc=-6', 'stderr': ':0:rocdevice.cpp            :3580: 1125116766973 us:  Callback: Queue 0x7f6cef000000 aborting with error : HSA_STATUS_ERROR_MEMORY_APERTURE_VIOLATION: The agent attempted to access memory beyond the largest legal address. code: 0x29\n'}
  P1     iterilp+regclassglob                             gpu=6  ERROR base={'tflops': 853.2, 'ms': 4.5104} cand={'error': 'rc=-6', 'stderr': 'Memory access fault by GPU node-8 (Agent handle: 0x562da257b560) on address 0x6ef91cd02000. Reason: Write access to a read-only page.\n'}
  DLA7   iterilp+regclassglob+sinkavoidspill              gpu=7  ERROR base={'tflops': 4175.6, 'ms': 1.8432} cand={'error': 'rc=-6', 'stderr': ':0:rocdevice.cpp            :3580: 1125129556872 us:  Callback: Queue 0x7f899b200000 aborting with error : HSA_STATUS_ERROR_MEMORY_APERTURE_VIOLATION: The agent attempted to access memory beyond the largest legal address. code: 0x29\n'}
  P1     iterilp+noemxpre                                 gpu=5  base= 5007.9  cand= 5051.2  d= +43.4  (+0.82pp)  PASS
  P1     iterilp+nolicm                                   gpu=7  base= 4991.4  cand= 4963.4  d= -28.0  (-0.53pp)  fail
  P1     iterilp+largeivf2                                gpu=6  base= 4979.0  cand= 5021.8  d= +42.8  (+0.81pp)  PASS
  P1     sinkavoidspill+nolicm                            gpu=5  base= 5018.3  cand= 5010.6  d=  -7.8  (-0.15pp)  fail
  P1     regclassglob+sinkavoidspill                      gpu=7  base= 4984.0  cand= 4977.9  d=  -6.2  (-0.12pp)  fail
  P1     regclassglob+noemxpre                            gpu=6  base= 4975.5  cand= 5011.3  d= +35.8  (+0.68pp)  PASS
  P1     regclassglob+nolicm                              gpu=7  base= 4972.7  cand= 4976.8  d=  +4.1  (+0.08pp)  fail
  P1     iterilp+regclassglob+nolicm                      gpu=5  base= 5018.4  cand= 4969.1  d= -49.4  (-0.94pp)  fail
  P1     regclassglob+nolicm+sinkavoidspill               gpu=6  base= 4962.9  cand= 4959.6  d=  -3.4  (-0.06pp)  fail
  P1     iterilp+regclassglob+sinkavoidspill              gpu=7  ERROR base={'tflops': 4959.54, 'ms': 0.7759} cand={'error': 'rc=-6', 'stderr': 'Memory access fault by GPU node-9 (Agent handle: 0x559719ce9f70) on address 0x6f8318b01000. Reason: Write access to a read-only page.\n'}

==============================================================================================================
Smoke PASS count: 4
  DLA7 regclassglob+nolicm  +8.23pp
  P1 iterilp+noemxpre  +0.82pp
  P1 iterilp+largeivf2  +0.81pp
  P1 regclassglob+noemxpre  +0.68pp
Saved bench_round16_optC_smoke.json
