R15B SMOKE  warmup=200 iters=500 trim=0.1  GPUs=[3, 4, 5]
Total pairs to bench: 23
=========================================================================================================
  DLA7   nojli            gpu=5  base= 4189.7  cand= 2772.1  d=-1417.6  (-31.74pp)  fail
  DLA2   nojli            gpu=4  base= 4180.2  cand= 2817.0  d=-1363.2  (-30.05pp)  fail
  P1     nojli            gpu=3  ERROR base={'tflops': 5028.11, 'ms': 0.7654} cand={'error': 'rc=-6', 'stderr': 'Memory access fault by GPU node-5 (Agent handle: 0x5570be46f480) on address 0x14006af88000. Reason: Unknown.\n'}
  DLA1   nojli            gpu=3  ERROR base={'tflops': 5098.21, 'ms': 6.7531} cand={'error': 'rc=-6', 'stderr': 'Memory access fault by GPU node-5 (Agent handle: 0x564a7f269e00) on address 0xb805c26b000. Reason: Unknown.\n'}
  DLA1   revlocal         gpu=4  ERROR base={'tflops': 5082.93, 'ms': 6.7733} cand={'error': 'rc=-6', 'stderr': ':0:rocdevice.cpp            :3580: 1121905916172 us:  Callback: Queue 0x7ed904200000 aborting with error : HSA_STATUS_ERROR_MEMORY_APERTURE_VIOLATION: The agent attempted to access memory beyond the largest legal address. code: 0x29\n'}
  DLA7   revlocal         gpu=3  ERROR base={'tflops': 4165.74, 'ms': 1.8476} cand={'error': 'rc=-6', 'stderr': ':0:rocdevice.cpp            :3580: 1121920048269 us:  Callback: Queue 0x7f57a8c00000 aborting with error : HSA_STATUS_ERROR_MEMORY_APERTURE_VIOLATION: The agent attempted to access memory beyond the largest legal address. code: 0x29\n'}
  P1     revlocal         gpu=4  base= 4940.1  cand= 4896.0  d= -44.1  (-0.84pp)  fail
  DLA2   revlocal         gpu=5  ERROR base={'tflops': 4267.28, 'ms': 8.068} cand={'error': 'rc=-6', 'stderr': ':0:rocdevice.cpp            :3580: 1121939772086 us:  Callback: Queue 0x7fd800100000 aborting with error : HSA_STATUS_ERROR_MEMORY_APERTURE_VIOLATION: The agent attempted to access memory beyond the largest legal address. code: 0x29\n'}
  DLA2   nosink           gpu=3  base= 4230.0  cand= 4220.3  d=  -9.7  (-0.21pp)  fail
  DLA7   nosink           gpu=4  base= 4136.8  cand= 4133.1  d=  -3.7  (-0.08pp)  fail
  DLA1   nosink           gpu=5  base= 5163.9  cand= 3902.0  d=-1261.8  (-21.83pp)  fail
  P1     nosink           gpu=5  base=  689.9  cand= 5013.1  d=+4323.2  (+81.99pp)  PASS
  DLA1   nopostra         gpu=3  base= 5096.3  cand= 4872.5  d=-223.8  (-3.87pp)  fail
  DLA7   nopostra         gpu=5  base= 4192.2  cand= 4150.9  d= -41.3  (-0.93pp)  fail
  P1     nopostra         gpu=3  base= 4993.3  cand= 4877.5  d=-115.8  (-2.20pp)  fail
  DLA2   nopostra         gpu=4  base= 4181.3  cand= 4115.1  d= -66.3  (-1.46pp)  fail
  DLA1   noemxpre         gpu=4  base= 4712.7  cand= 5061.5  d=+348.7  (+6.03pp)  PASS
  DLA7   noemxpre         gpu=3  base= 4173.6  cand= 4169.1  d=  -4.5  (-0.10pp)  fail
  P1     noemxpre         gpu=4  base= 4974.6  cand= 4931.7  d= -42.9  (-0.81pp)  fail
  DLA2   noemxpre         gpu=5  base= 4262.9  cand= 4237.9  d= -25.0  (-0.55pp)  fail
  P1     sinkavoidspill   gpu=3  base= 5020.2  cand= 4998.8  d= -21.5  (-0.41pp)  fail
  DLA1   largeivf2        gpu=5  base= 4803.1  cand= 5128.4  d=+325.3  (+5.63pp)  PASS
  P1     nolicm           gpu=4  base= 4922.5  cand= 4905.5  d= -16.9  (-0.32pp)  fail

=========================================================================================================
Smoke PASS count: 3
  P1 nosink  +81.99pp
  DLA1 noemxpre  +6.03pp
  DLA1 largeivf2  +5.63pp
Saved bench_round15_optB_smoke.json
