R14A smoke. GPU=1 warmup=20 iters=50  candidates=29
==========================================================================================
  DLA1  mb0             OK                  tflops=5092.29  finite=0.472
  DLA1  mb50            OK                  tflops=5090.26  finite=0.461
  DLA1  mb100           OK                  tflops=5094.77  finite=0.466
  DLA1  mb200           OK                  tflops=5106.71  finite=0.472
  DLA1  relaxocc        OK                  tflops=5091.35  finite=0.478
  DLA1  mb0_relaxocc    OK                  tflops=5092.16  finite=0.468
  DLA1  nodiv           OK                  tflops=5095.85  finite=0.472
  DLA1  nomergem0       OK                  tflops=5093.09  finite=0.469
  DLA1  nomisched       OK                  tflops=5058.34  finite=0.472
  DLA1  dppc            OK                  tflops=5094.68  finite=0.469
  DLA1  nodppc          OK                  tflops=5100.64  finite=0.472
  DLA1  vgprix          OK                  tflops=5096.7  finite=0.462
  DLA1  regclassglob    OK                  tflops=5092.94  finite=0.480
  DLA1  nolowoccr       OK                  tflops=5088.97  finite=0.467
  DLA1  nohighrpr       OK                  tflops=5100.54  finite=0.474
  DLA1  lst16           OK                  tflops=5096.92  finite=0.481
  DLA1  lst256          OK                  tflops=5101.89  finite=0.468
  DLA1  sghazard0       OK                  tflops=5107.84  finite=0.452
  DLA1  sghazard64      OK                  tflops=5096.91  finite=0.463
  DLA1  wpv0            OK                  tflops=5108.08  finite=0.467
  DLA1  wpv500          OK                  tflops=5091.14  finite=0.472
  DLA1  lwt50           OK                  tflops=5075.91  finite=0.468
  DLA1  lwt100          OK                  tflops=5082.68  finite=0.469
  DLA2  nomisched       OK                  tflops=4199.18  finite=0.663
  DLA2  regclassglob    OK                  tflops=4194.91  finite=0.644
  DLA7  nomisched       OK                  tflops=4244.15  finite=0.370
  DLA7  regclassglob    OK                  tflops=4203.35  finite=0.359
  P1    regclassglob    OK                  tflops=4942.4  finite=0.525
  P1    nohighrpr       OK                  tflops=4880.38  finite=0.552
==========================================================================================
Status counts: {'OK': 29}
Saved bench_round14_optA_smoke.json
