Round 12 OptA BISECT. GPU=6 warmup=20 iters=50 retries=3
==============================================================================================================

DLA1_4096x32768x128256  shape=4096x32768x128256  parent=_ts_pf6_6_v12_memc
  _r12_noilp        run 0: 5126.27 TFLOPS
  _r12_noilp        run 1: 5122.01 TFLOPS
  _r12_noilp        run 2: 5123.04 TFLOPS
  _r12_ilp_rebuild  run 0: ERROR  stderr='Memory access fault by GPU node-8 (Agent handle: 0x55fe47d4b490) on address 0xff9010f50000. Reason: Write access to a read-only page.\n'
  _r12_ilp_rebuild  run 1: ERROR  stderr='Memory access fault by GPU node-8 (Agent handle: 0x558dd03e4980) on address 0x9f56710000. Reason: Write access to a read-only page.\n'
  _r12_ilp_rebuild  run 2: ERROR  stderr='Memory access fault by GPU node-8 (Agent handle: 0x563b89980300) on address 0xff46da728000. Reason: Write access to a read-only page.\n'
  SUMMARY: noilp 3/3 OK, ilp_rebuild 0/3 OK

DLA2_128256x32768x4096  shape=128256x32768x4096  parent=_ts_gm2_v12_memc_dc
  _r12_noilp        run 0: 4230.05 TFLOPS
  _r12_noilp        run 1: 4233.97 TFLOPS
  _r12_noilp        run 2: 4231.38 TFLOPS
  _r12_ilp_rebuild  run 0: ERROR  stderr=':0:rocdevice.cpp            :3580: 1115091701125 us:  Callback: Queue 0x7f28e2000000 aborting with error : HSA_STATUS_ERROR_MEMORY_APERTURE_VIOLATION: The agent attempted to access memory beyond the l'
  _r12_ilp_rebuild  run 1: ERROR  stderr=':0:rocdevice.cpp            :3580: 1115253770041 us:  Callback: Queue 0x7f922a200000 aborting with error : HSA_STATUS_ERROR_MEMORY_APERTURE_VIOLATION: The agent attempted to access memory beyond the l'
  _r12_ilp_rebuild  run 2: ERROR  stderr=':0:rocdevice.cpp            :3580: 1115410838729 us:  Callback: Queue 0x7efe90a00000 aborting with error : HSA_STATUS_ERROR_MEMORY_APERTURE_VIOLATION: The agent attempted to access memory beyond the l'
  SUMMARY: noilp 3/3 OK, ilp_rebuild 0/3 OK

DLA7_28672x32768x4096  shape=28672x32768x4096  parent=_ts_lgk2_v12_memc
  _r12_noilp        run 0: 4198.37 TFLOPS
  _r12_noilp        run 1: 4195.28 TFLOPS
  _r12_noilp        run 2: 4198.95 TFLOPS
  _r12_ilp_rebuild  run 0: ERROR  stderr=':0:rocdevice.cpp            :3580: 1115462955148 us:  Callback: Queue 0x7f88f1c00000 aborting with error : HSA_STATUS_ERROR_MEMORY_APERTURE_VIOLATION: The agent attempted to access memory beyond the l'
  _r12_ilp_rebuild  run 1: ERROR  stderr=':0:rocdevice.cpp            :3580: 1115504005975 us:  Callback: Queue 0x7f6890600000 aborting with error : HSA_STATUS_ERROR_MEMORY_APERTURE_VIOLATION: The agent attempted to access memory beyond the l'
  _r12_ilp_rebuild  run 2: ERROR  stderr=':0:rocdevice.cpp            :3580: 1115543387792 us:  Callback: Queue 0x7f2651200000 aborting with error : HSA_STATUS_ERROR_MEMORY_APERTURE_VIOLATION: The agent attempted to access memory beyond the l'
  SUMMARY: noilp 3/3 OK, ilp_rebuild 0/3 OK

WIN1_16384x4096x7168  shape=16384x4096x7168  parent=_ts_lgk2_v20_memc
  _r12_noilp        run 0: 4135.69 TFLOPS
  _r12_noilp        run 1: 4187.83 TFLOPS
  _r12_noilp        run 2: 4135.33 TFLOPS
  _r12_ilp_rebuild  run 0: 4111.97 TFLOPS
  _r12_ilp_rebuild  run 1: 4121.67 TFLOPS
  _r12_ilp_rebuild  run 2: 4121.11 TFLOPS
  SUMMARY: noilp 3/3 OK, ilp_rebuild 3/3 OK

WIN2_32768x6144x2048  shape=32768x6144x2048  parent=_ts_gm8_v12
  _r12_noilp        run 0: 3216.99 TFLOPS
  _r12_noilp        run 1: 3137.53 TFLOPS
  _r12_noilp        run 2: 3175.05 TFLOPS
  _r12_ilp_rebuild  run 0: ERROR  stderr=':0:rocdevice.cpp            :3580: 1115594807963 us:  Callback: Queue 0x7f02d4f00000 aborting with error : HSA_STATUS_ERROR_MEMORY_APERTURE_VIOLATION: The agent attempted to access memory beyond the l'
  _r12_ilp_rebuild  run 1: 3174.97 TFLOPS
  _r12_ilp_rebuild  run 2: ERROR  stderr='Memory access fault by GPU node-8 (Agent handle: 0x5640227427c0) on address 0x7ee52e77d000. Reason: Write access to a read-only page.\nFailed to create GPU coredump: File exists\nGPU core dump failed\n'
  SUMMARY: noilp 3/3 OK, ilp_rebuild 1/3 OK
==============================================================================================================
Saved bench_round12_optA_bisect.json
