R25-F EXTEND2 VERIFY: 7 variants × 3 reps × 2 shapes
warmup=200 iters=500 trim=0.1

[DLA2] starting on GPU 1

[DLA7] starting on GPU 2
  DLA7 R25D_gm6_pfoff4_REF rep0 gpu2                        4437.54 TFLOPS
  DLA2 R25D_gm6_pfoff4_REF rep0 gpu1                        4448.43 TFLOPS
  DLA7 R25D_gm6_pfoff4_REF rep1 gpu2                        4443.45 TFLOPS
  DLA7 R25D_gm6_pfoff4_REF rep2 gpu2                        4446.27 TFLOPS
  DLA2 R25D_gm6_pfoff4_REF rep1 gpu1                        4448.43 TFLOPS
  DLA7 gm6_pfoff14 rep0 gpu2                                4995.21 TFLOPS
  DLA7 gm6_pfoff14 rep1 gpu2                                4995.18 TFLOPS
  DLA2 R25D_gm6_pfoff4_REF rep2 gpu1                        4451.30 TFLOPS
  DLA7 gm6_pfoff14 rep2 gpu2                                4990.36 TFLOPS
  DLA2 gm6_pfoff14 rep0 gpu1                                4944.24 TFLOPS
  DLA7 gm6_pfoff15 rep0 gpu2                                4949.25 TFLOPS
  DLA7 gm6_pfoff15 rep1 gpu2                                4939.75 TFLOPS
  DLA2 gm6_pfoff14 rep1 gpu1                                4931.36 TFLOPS
  DLA7 gm6_pfoff15 rep2 gpu2                                4938.88 TFLOPS
  DLA7 gm6_pfoff16 rep0 gpu2                                4968.25 TFLOPS
  DLA2 gm6_pfoff14 rep2 gpu1                                4936.04 TFLOPS
  DLA7 gm6_pfoff16 rep1 gpu2                                4975.29 TFLOPS
  DLA2 gm6_pfoff15 rep0 gpu1                                4928.18 TFLOPS
  DLA7 gm6_pfoff16 rep2 gpu2                                4960.81 TFLOPS
  DLA7 gm7_pfoff14 rep0 gpu2                                5011.42 TFLOPS
  DLA2 gm6_pfoff15 rep1 gpu1                                4930.77 TFLOPS
  DLA7 gm7_pfoff14 rep1 gpu2                                5046.79 TFLOPS
  DLA7 gm7_pfoff14 rep2 gpu2                                5070.16 TFLOPS
  DLA2 gm6_pfoff15 rep2 gpu1                                4928.99 TFLOPS
  DLA7 gm7_pfoff15 rep0 gpu2                                5021.79 TFLOPS
  DLA2 gm6_pfoff16 rep0 gpu1                                4917.05 TFLOPS
  DLA7 gm7_pfoff15 rep1 gpu2                                4991.42 TFLOPS
  DLA7 gm7_pfoff15 rep2 gpu2                                5005.58 TFLOPS
  DLA2 gm6_pfoff16 rep1 gpu1                                4927.99 TFLOPS
  DLA7 gm7_pfoff16 rep0 gpu2                                5000.80 TFLOPS
  DLA7 gm7_pfoff16 rep1 gpu2                                5024.52 TFLOPS
  DLA2 gm6_pfoff16 rep2 gpu1                                4938.64 TFLOPS
  DLA7 gm7_pfoff16 rep2 gpu2                                5019.10 TFLOPS
  DLA2 gm7_pfoff14 rep0 gpu1                                4928.45 TFLOPS
  DLA2 gm7_pfoff14 rep1 gpu1                                4936.62 TFLOPS
  DLA2 gm7_pfoff14 rep2 gpu1                                4933.22 TFLOPS
  DLA2 gm7_pfoff15 rep0 gpu1                                4933.51 TFLOPS
  DLA2 gm7_pfoff15 rep1 gpu1                                4938.57 TFLOPS
  DLA2 gm7_pfoff15 rep2 gpu1                                4941.73 TFLOPS
  DLA2 gm7_pfoff16 rep0 gpu1                                4939.27 TFLOPS
  DLA2 gm7_pfoff16 rep1 gpu1                                4932.52 TFLOPS
  DLA2 gm7_pfoff16 rep2 gpu1                                4939.57 TFLOPS

Elapsed: 204.3s

==============================================================================================================
FINAL VERIFY SUMMARY (n=3, std≤30 STABLE gate, Δ vs R25-D REF)
==============================================================================================================

[DLA7] REF runs=[4437.5, 4443.4, 4446.3]  mean=4442.42  std=3.64
  gm6_pfoff14               runs=[4995.2, 4995.2, 4990.4]  mean=4993.58  std=2.28  Δ=+12.41%  [STABLE]
  gm6_pfoff15               runs=[4949.2, 4939.8, 4938.9]  mean=4942.63  std=4.70  Δ=+11.26%  [STABLE]
  gm6_pfoff16               runs=[4968.2, 4975.3, 4960.8]  mean=4968.12  std=5.91  Δ=+11.83%  [STABLE]
  gm7_pfoff14               runs=[5011.4, 5046.8, 5070.2]  mean=5042.79  std=24.15  Δ=+13.51%  [STABLE]
  gm7_pfoff15               runs=[5021.8, 4991.4, 5005.6]  mean=5006.26  std=12.41  Δ=+12.69%  [STABLE]
  gm7_pfoff16               runs=[5000.8, 5024.5, 5019.1]  mean=5014.81  std=10.15  Δ=+12.88%  [STABLE]
  >>> BEST STABLE [DLA7]: gm7_pfoff14   mean=5042.79  std=24.15  Δ=+13.51%

[DLA2] REF runs=[4448.4, 4448.4, 4451.3]  mean=4449.39  std=1.35
  gm6_pfoff14               runs=[4944.2, 4931.4, 4936.0]  mean=4937.21  std=5.32  Δ=+10.96%  [STABLE]
  gm6_pfoff15               runs=[4928.2, 4930.8, 4929.0]  mean=4929.31  std=1.08  Δ=+10.79%  [STABLE]
  gm6_pfoff16               runs=[4917.1, 4928.0, 4938.6]  mean=4927.89  std=8.81  Δ=+10.75%  [STABLE]
  gm7_pfoff14               runs=[4928.4, 4936.6, 4933.2]  mean=4932.76  std=3.35  Δ=+10.86%  [STABLE]
  gm7_pfoff15               runs=[4933.5, 4938.6, 4941.7]  mean=4937.94  std=3.39  Δ=+10.98%  [STABLE]
  gm7_pfoff16               runs=[4939.3, 4932.5, 4939.6]  mean=4937.12  std=3.25  Δ=+10.96%  [STABLE]
  >>> BEST STABLE [DLA2]: gm7_pfoff15   mean=4937.94  std=3.39  Δ=+10.98%
