R23A smoke: 3 shapes x 4 variants, GPUs=[0, 1, 2]
warmup=200 iters=500 trim=0.1
==============================================================================================================
  DLA7   _xcd_baseline      gpu=2   4320.09 TFLOPS
  DLA1   _xcd_baseline      gpu=0   5183.64 TFLOPS
  DLA2   _xcd_baseline      gpu=1   4207.92 TFLOPS
  DLA7   _xcd_remap         gpu=2   4384.74 TFLOPS
  DLA7   _xcd_remap_g4      gpu=2   4338.25 TFLOPS
  DLA1   _xcd_remap         gpu=0   5177.99 TFLOPS
  DLA2   _xcd_remap         gpu=1   4032.67 TFLOPS
  DLA1   _xcd_remap_g4      gpu=0   5185.87 TFLOPS
  DLA2   _xcd_remap_g4      gpu=1   4179.45 TFLOPS
  DLA1   _xcd_remap_g8      gpu=0   5233.05 TFLOPS
  DLA7   _xcd_remap_g8      gpu=2  ERR rc=-6
  DLA2   _xcd_remap_g8      gpu=1   4108.94 TFLOPS

Elapsed: 60.9s

==============================================================================================================
SUMMARY (Δ vs _xcd_baseline)
==============================================================================================================
  DLA1 _xcd_baseline = 5183.64 TFLOPS  (comp=5781.1)
    _xcd_remap           5177.99  Δ=-5.65 (-0.11%, -0.10pp/comp)
    _xcd_remap_g4        5185.87  Δ=+2.23 (+0.04%, +0.04pp/comp)
    _xcd_remap_g8        5233.05  Δ=+49.41 (+0.95%, +0.85pp/comp)
  DLA2 _xcd_baseline = 4207.92 TFLOPS  (comp=4536.4)
    _xcd_remap           4032.67  Δ=-175.25 (-4.16%, -3.86pp/comp)
    _xcd_remap_g4        4179.45  Δ=-28.47 (-0.68%, -0.63pp/comp)
    _xcd_remap_g8        4108.94  Δ=-98.98 (-2.35%, -2.18pp/comp)
  DLA7 _xcd_baseline = 4320.09 TFLOPS  (comp=4466.6)
    _xcd_remap           4384.74  Δ=+64.65 (+1.50%, +1.45pp/comp)
    _xcd_remap_g4        4338.25  Δ=+18.16 (+0.42%, +0.41pp/comp)
    _xcd_remap_g8       ERR rc=-6

==============================================================================================================
VERDICT
==============================================================================================================
  DLA1: DEAD END best=_xcd_remap_g8 Δ=+0.95% (<1.5% gate)
  DLA2: DEAD END best=_xcd_remap_g4 Δ=-0.68% (<1.5% gate)
  DLA7: DEAD END best=_xcd_remap Δ=+1.50% (<1.5% gate)

=> R23A: DEAD END across all 3 DLA shapes; STATIC_XCD_REMAP does not close the producer-side TCP_TA_DATA_STALL gap.
