R14A singleshot. GPU=1 warmup=200 iters=500
==============================================================================================================

DLA1  shape=4096x32768x128256  comp=5781.1  parent=_ts_pf6_6_v12_memc  candidates=23
  PARENT _ts_pf6_6_v12_memc                   5074.63 TFLOPS  (87.78%)
  mb0             5074.09 TFLOPS  (87.77%)  d= -0.54 (-0.01pp) 
  mb50            5070.35 TFLOPS  (87.71%)  d= -4.28 (-0.07pp) 
  mb100           5070.55 TFLOPS  (87.71%)  d= -4.08 (-0.07pp) 
  mb200           4998.07 TFLOPS  (86.46%)  d=-76.56 (-1.32pp) 
  relaxocc        5067.88 TFLOPS  (87.66%)  d= -6.75 (-0.12pp) 
  mb0_relaxocc    5075.00 TFLOPS  (87.79%)  d= +0.37 (+0.01pp)  
  nodiv           5068.83 TFLOPS  (87.68%)  d= -5.80 (-0.10pp) 
  nomergem0       5070.05 TFLOPS  (87.70%)  d= -4.58 (-0.08pp) 
  nomisched      ERROR: {'error': 'rc=-6', 'stderr': ':0:rocdevice.cpp            :3580: 1119993023184 us:  Callback: Queue 0x7facc6600000 aborting with error : HSA_STATUS_ERROR_MEMORY_APERTURE_VIOLATION: The agent attempted to access memory beyond the largest legal address. code: 0x29\n'}
  dppc            5086.17 TFLOPS  (87.98%)  d=+11.54 (+0.20pp)  
  nodppc         ERROR: {'error': 'rc=-6', 'stderr': ':0:rocdevice.cpp            :3580: 1120126401145 us:  Callback: Queue 0x7f27c9400000 aborting with error : HSA_STATUS_ERROR_MEMORY_APERTURE_VIOLATION: The agent attempted to access memory beyond the largest legal address. code: 0x29\n'}
  vgprix          5082.23 TFLOPS  (87.91%)  d= +7.60 (+0.13pp)  
  regclassglob    5073.48 TFLOPS  (87.76%)  d= -1.15 (-0.02pp) 
  nolowoccr      ERROR: {'error': 'rc=-6', 'stderr': ':0:rocdevice.cpp            :3580: 1120270533440 us:  Callback: Queue 0x7ff118200000 aborting with error : HSA_STATUS_ERROR_MEMORY_APERTURE_VIOLATION: The agent attempted to access memory beyond the largest legal address. code: 0x29\n'}
  nohighrpr       5076.72 TFLOPS  (87.82%)  d= +2.09 (+0.04pp)  
  lst16           5066.96 TFLOPS  (87.65%)  d= -7.67 (-0.13pp) 
  lst256          5072.51 TFLOPS  (87.74%)  d= -2.12 (-0.04pp) 
  sghazard0       5068.56 TFLOPS  (87.67%)  d= -6.07 (-0.10pp) 
  sghazard64      5062.64 TFLOPS  (87.57%)  d=-11.99 (-0.21pp) 
  wpv0            5059.25 TFLOPS  (87.51%)  d=-15.38 (-0.27pp) 
  wpv500          5062.93 TFLOPS  (87.58%)  d=-11.70 (-0.20pp) 
  lwt50           5064.16 TFLOPS  (87.60%)  d=-10.47 (-0.18pp) 
  lwt100          5061.26 TFLOPS  (87.55%)  d=-13.37 (-0.23pp) 

DLA2  shape=128256x32768x4096  comp=4536.4  parent=_ts_gm2_v12_memc_dc  candidates=2
  PARENT _ts_gm2_v12_memc_dc                  4188.15 TFLOPS  (92.32%)
  nomisched       4189.07 TFLOPS  (92.34%)  d= +0.92 (+0.02pp)  
  regclassglob    4189.39 TFLOPS  (92.35%)  d= +1.24 (+0.03pp)  

DLA7  shape=28672x32768x4096  comp=4466.6  parent=_ts_lgk2_v12_memc  candidates=2
  PARENT _ts_lgk2_v12_memc                    4203.03 TFLOPS  (94.10%)
  nomisched       4208.31 TFLOPS  (94.22%)  d= +5.28 (+0.12pp)  
  regclassglob    4208.01 TFLOPS  (94.21%)  d= +4.98 (+0.11pp)  

P1  shape=28672x4096x16384  comp=5273.0  parent=_ts_gm8  candidates=2
  PARENT _ts_gm8                              4975.51 TFLOPS  (94.36%)
  regclassglob    4995.42 TFLOPS  (94.74%)  d=+19.91 (+0.38pp)  
  nohighrpr       4975.04 TFLOPS  (94.35%)  d= -0.47 (-0.01pp) 

==============================================================================================================
Advance list (>= +0.5pp single-shot):
Saved bench_round14_optA_singleshot.json
