MXFP4 R25 FINAL Parallel Benchmark - GPUs: [0, 2, 3, 5, 7]
Variants: 169, Shapes: 42
warmup=200, iters=500, trim=0.1
Per-variant timeout: 240s
================================================================================
[ 2/42]  16384x  4096x  3072   3919.3 vs  3492.3  (112.2%)  WIN  [ts_lgk2_gm6_v12_memc_pfoff4]  GPU2
[ 3/42]  16384x  6144x  2048   3527.7 vs  3047.6  (115.8%)  WIN  [ts_lgk2_gm6_v12_memc_pfoff4]  GPU3
[ 4/42]  32768x  4096x  2048   3554.5 vs  3131.8  (113.5%)  WIN  [ts_lgk2_gm6_v12_memc_pfoff4]  GPU5
[ 1/42]  16384x  4096x  2048   3460.2 vs  2995.0  (115.5%)  WIN  [ts_lgk2_gm6_v12_memc_pfoff4]  GPU0
[ 5/42]  32768x  4096x  3072   3978.1 vs  3630.6  (109.6%)  WIN  [ts_lgk2_v12_memc_btw_all]  GPU7
[ 7/42]  16384x 14336x  2048   3663.8 vs  3301.3  (111.0%)  WIN  [ts_gm6_v12_memc_dc_pfoff4]  GPU2
[ 8/42]  16384x 28672x  2048   3749.7 vs  3482.3  (107.7%)  WIN  [ts_v12_gm7_memc_pfoff4_kx2048_btw_all]  GPU3
[ 9/42]  32768x 14336x  2048   3756.1 vs  3351.4  (112.1%)  WIN  [ts_gm6_v12_memc_dc_pfoff4]  GPU5
[ 6/42]  32768x  6144x  2048   3705.5 vs  3239.9  (114.4%)  WIN  [ts_gm6_v12_memc_dc_pfoff4]  GPU0
[12/42]   4096x 14336x 16384   4870.3 vs  5013.0  ( 97.2%)  LOSE  [ts_lgk2_memc_btw_all]  GPU2
[13/42]   6144x  4096x 16384   4657.9 vs  4428.1  (105.2%)  WIN  [ts_v12_tv0_memc_btw_all]  GPU3
[14/42]   4096x  4096x  8192   4315.5 vs  3959.9  (109.0%)  WIN  [lgk2_v12]  GPU5
[11/42]   4096x  4096x 16384   5031.1 vs  4642.1  (108.4%)  WIN  [ts_lgk2_memc_btw_all]  GPU0
[17/42]   4096x 14336x  8192   4939.1 vs  4345.8  (113.7%)  WIN  [ts_v12_tv0_gm7_memc_pfoff28_kx8192_btw_all]  GPU2
[19/42]   4096x 32768x  4096   4408.8 vs  4166.5  (105.8%)  WIN  [ts_lgk2_gm6_v12_memc_pfoff4]  GPU5
[18/42]   4096x 28672x 32768   5450.9 vs  5649.9  ( 96.5%)  LOSE  [ts_pf4_memc_btw_step3]  GPU3
[16/42]   4096x  6144x 32768   4912.4 vs  3784.2  (129.8%)  WIN  [v20_memc_btw_step3]  GPU0
[10/42]  32768x 28672x  2048   3711.7 vs  3353.4  (110.7%)  WIN  [ts_gm6_v12_memc_dc_pfoff4]  GPU7
[22/42]   4096x 32768x 28672   5272.0 vs  5568.2  ( 94.7%)  LOSE  [ts_gm8_v12_btw_step3]  GPU2
[21/42]   4096x 32768x 14336   5240.0 vs  5296.1  ( 98.9%)  LOSE  [ts_lgk2_memc_btw_all]  GPU0
[15/42]   4096x  4096x 32768   5262.2 vs  5152.8  (102.1%)  WIN  [ts_lgk2_memc_btw_all]  GPU7
[24/42]   4096x128256x 32768   5239.5 vs  3195.3  (164.0%)  WIN  [v20_memc_btw_step3]  GPU5
[26/42]   6144x 32768x  4096   4407.4 vs  4291.0  (102.7%)  WIN  [ts_lgk2_v16]  GPU0
[27/42]  14336x  4096x 32768   4965.3 vs  5245.4  ( 94.7%)  LOSE  [ts_pf4_memc_btw_step3]  GPU2
[23/42]   4096x 32768x128256   5362.7 vs  5781.1  ( 92.8%)  LOSE  [ts_gm8_v12_btw_step3]  GPU3
[20/42]   4096x 32768x  6144   4532.9 vs  4548.6  ( 99.7%)  LOSE  [ts_gm2_v12_memc_btw_all]  GPU7
[29/42]  16384x  4096x  4096   4206.8 vs  3951.8  (106.5%)  WIN  [v20_memc_btw_step3]  GPU5
[31/42]  16384x  4096x  7168   5331.3 vs  4443.2  (120.0%)  WIN  [ts_v12_tv0_gm7_memc_pfoff24_kx7168_btw_all]  GPU0
[32/42]  16384x  4096x 14336   5032.7 vs  5142.1  ( 97.9%)  LOSE  [ts_u16]  GPU2
[28/42]  14336x 32768x  4096   4466.6 vs  4462.6  (100.1%)  WIN  [ts_lgk2_gm6_v12_memc_pfoff4]  GPU3
[25/42]   6144x  4096x  8192   4028.2 vs  3822.0  (105.4%)  WIN  [v20_memc_btw_step3]  GPU7
[34/42]  16384x  6144x  4096   4356.7 vs  4042.5  (107.8%)  WIN  [ts_lgk2_gm6_v12_memc_pfoff4]  GPU5
[36/42]  16384x 28672x  4096   5101.1 vs  4411.7  (115.6%)  WIN  [ts_gm7_v12_memc_dc_pfoff14]  GPU0
[37/42]  28672x  4096x  8192   5299.3 vs  4810.0  (110.2%)  WIN  [ts_v12_tv0_gm7_memc_pfoff28_kx8192_btw_all]  GPU2
[30/42]  16384x  4096x  6144   4954.6 vs  4259.9  (116.3%)  WIN  [ts_v12_gm7_memc_pfoff19_kx6144_btw_all]  GPU7
[33/42]  16384x  4096x 28672   5249.9 vs  5525.3  ( 95.0%)  LOSE  [v20_memc_btw_step3]  GPU3
[41/42]  32768x  4096x 14336   6162.6 vs  5223.4  (118.0%)  WIN  [ts_v12_tv0_memc_dc_gm7_pfoff54_kx14336_btw_all]  GPU0
[35/42]  16384x 14336x  4096   4884.8 vs  4255.8  (114.8%)  WIN  [ts_gm7_v12_memc_dc_pfoff14]  GPU7
[38/42]  28672x  4096x 16384   6158.9 vs  5350.6  (115.1%)  WIN  [ts_lgk2_gm7_memc_pfoff56_kx16384_btw_all]  GPU3
[39/42]  28672x 32768x  4096   5062.0 vs  4466.6  (113.3%)  WIN  [ts_lgk2_gm7_v12_memc_pfoff14]  GPU5
[42/42] 128256x 32768x  4096   4927.1 vs  4536.4  (108.6%)  WIN  [ts_lgk2_gm7_v12_memc_pfoff14]  GPU2
[40/42]  32768x  4096x  7168   5358.0 vs  4666.8  (114.8%)  WIN  [ts_v12_tv0_gm7_memc_pfoff24_kx7168_btw_all]  GPU7

Completed in 182.5 minutes

================================================================================
      M       N       K     Ours     Comp   Ratio                                      Tag Result
--------------------------------------------------------------------------------------------------------------
  16384    4096    2048   3460.2   2995.0  115.5%              ts_lgk2_gm6_v12_memc_pfoff4 WIN
  16384    4096    3072   3919.3   3492.3  112.2%              ts_lgk2_gm6_v12_memc_pfoff4 WIN
  16384    6144    2048   3527.7   3047.6  115.8%              ts_lgk2_gm6_v12_memc_pfoff4 WIN
  32768    4096    2048   3554.5   3131.8  113.5%              ts_lgk2_gm6_v12_memc_pfoff4 WIN
  32768    4096    3072   3978.1   3630.6  109.6%                 ts_lgk2_v12_memc_btw_all WIN
  32768    6144    2048   3705.5   3239.9  114.4%                ts_gm6_v12_memc_dc_pfoff4 WIN
  16384   14336    2048   3663.8   3301.3  111.0%                ts_gm6_v12_memc_dc_pfoff4 WIN
  16384   28672    2048   3749.7   3482.3  107.7%    ts_v12_gm7_memc_pfoff4_kx2048_btw_all WIN
  32768   14336    2048   3756.1   3351.4  112.1%                ts_gm6_v12_memc_dc_pfoff4 WIN
  32768   28672    2048   3711.7   3353.4  110.7%                ts_gm6_v12_memc_dc_pfoff4 WIN
   4096    4096   16384   5031.1   4642.1  108.4%                     ts_lgk2_memc_btw_all WIN
   4096   14336   16384   4870.3   5013.0   97.2%                     ts_lgk2_memc_btw_all LOSE
   6144    4096   16384   4657.9   4428.1  105.2%                  ts_v12_tv0_memc_btw_all WIN
   4096    4096    8192   4315.5   3959.9  109.0%                                 lgk2_v12 WIN
   4096    4096   32768   5262.2   5152.8  102.1%                     ts_lgk2_memc_btw_all WIN
   4096    6144   32768   4912.4   3784.2  129.8%                       v20_memc_btw_step3 WIN
   4096   14336    8192   4939.1   4345.8  113.7% ts_v12_tv0_gm7_memc_pfoff28_kx8192_btw_all WIN
   4096   28672   32768   5450.9   5649.9   96.5%                    ts_pf4_memc_btw_step3 LOSE
   4096   32768    4096   4408.8   4166.5  105.8%              ts_lgk2_gm6_v12_memc_pfoff4 WIN
   4096   32768    6144   4532.9   4548.6   99.7%                  ts_gm2_v12_memc_btw_all LOSE
   4096   32768   14336   5240.0   5296.1   98.9%                     ts_lgk2_memc_btw_all LOSE
   4096   32768   28672   5272.0   5568.2   94.7%                     ts_gm8_v12_btw_step3 LOSE
   4096   32768  128256   5362.7   5781.1   92.8%                     ts_gm8_v12_btw_step3 LOSE
   4096  128256   32768   5239.5   3195.3  164.0%                       v20_memc_btw_step3 WIN
   6144    4096    8192   4028.2   3822.0  105.4%                       v20_memc_btw_step3 WIN
   6144   32768    4096   4407.4   4291.0  102.7%                              ts_lgk2_v16 WIN
  14336    4096   32768   4965.3   5245.4   94.7%                    ts_pf4_memc_btw_step3 LOSE
  14336   32768    4096   4466.6   4462.6  100.1%              ts_lgk2_gm6_v12_memc_pfoff4 WIN
  16384    4096    4096   4206.8   3951.8  106.5%                       v20_memc_btw_step3 WIN
  16384    4096    6144   4954.6   4259.9  116.3%   ts_v12_gm7_memc_pfoff19_kx6144_btw_all WIN
  16384    4096    7168   5331.3   4443.2  120.0% ts_v12_tv0_gm7_memc_pfoff24_kx7168_btw_all WIN
  16384    4096   14336   5032.7   5142.1   97.9%                                   ts_u16 LOSE
  16384    4096   28672   5249.9   5525.3   95.0%                       v20_memc_btw_step3 LOSE
  16384    6144    4096   4356.7   4042.5  107.8%              ts_lgk2_gm6_v12_memc_pfoff4 WIN
  16384   14336    4096   4884.8   4255.8  114.8%               ts_gm7_v12_memc_dc_pfoff14 WIN
  16384   28672    4096   5101.1   4411.7  115.6%               ts_gm7_v12_memc_dc_pfoff14 WIN
  28672    4096    8192   5299.3   4810.0  110.2% ts_v12_tv0_gm7_memc_pfoff28_kx8192_btw_all WIN
  28672    4096   16384   6158.9   5350.6  115.1% ts_lgk2_gm7_memc_pfoff56_kx16384_btw_all WIN
  28672   32768    4096   5062.0   4466.6  113.3%             ts_lgk2_gm7_v12_memc_pfoff14 WIN
  32768    4096    7168   5358.0   4666.8  114.8% ts_v12_tv0_gm7_memc_pfoff24_kx7168_btw_all WIN
  32768    4096   14336   6162.6   5223.4  118.0% ts_v12_tv0_memc_dc_gm7_pfoff54_kx14336_btw_all WIN
 128256   32768    4096   4927.1   4536.4  108.6%             ts_lgk2_gm7_v12_memc_pfoff14 WIN
--------------------------------------------------------------------------------------------------------------
WIN: 33/42  LOSE: 9/42  ERR: 0/42  Win rate: 79%
Avg ratio: 109.5%

Results saved to /shared_nfs/kyle/test/HipKittens/analysis/fp8_gemm/mi350x/bench_all42_results_R25_FINAL.json
