R23B smoke: 9 bench jobs (3 shapes x 3 variants), 1 GPU per shape
warmup=200 iters=500 trim=0.1
==============================================================================================================
  DLA1   _pxcd_baseline                 gpu=5   5139.32 TFLOPS  C-coverage=100.0%
  DLA2   _pxcd_baseline                 gpu=6   4220.47 TFLOPS  C-coverage=100.0%
  DLA2   _pxcd_b1                       gpu=6  59061.88 TFLOPS  C-coverage=6.4%
  DLA2   _pxcd_b4                       gpu=6  61263.60 TFLOPS  C-coverage=6.4%
  DLA7   _pxcd_baseline                 gpu=7   4180.54 TFLOPS  C-coverage=100.0%
  DLA7   _pxcd_b1                       gpu=7  12864.39 TFLOPS  C-coverage=28.6%
  DLA7   _pxcd_b4                       gpu=7  14003.33 TFLOPS  C-coverage=28.6%
  DLA1   _pxcd_b1                       gpu=5  ERR rc=-6
  DLA1   _pxcd_b4                       gpu=5  ERR rc=-6

Elapsed: 121.2s

==============================================================================================================
SUMMARY (delta vs _pxcd_baseline)
==============================================================================================================
  DLA1 baseline = 5139.32 TFLOPS
    _pxcd_b1                        ERR
    _pxcd_b4                        ERR
  DLA2 baseline = 4220.47 TFLOPS
    _pxcd_b1                        59061.88  delta=+54841.41 (+1299.41%)
    _pxcd_b4                        61263.60  delta=+57043.13 (+1351.58%)
  DLA7 baseline = 4180.54 TFLOPS
    _pxcd_b1                        12864.39  delta=+8683.85 (+207.72%)
    _pxcd_b4                        14003.33  delta=+9822.79 (+234.96%)
