R24B smoke: 15 bench jobs (3 shapes x 5 variants), GPUs [0, 1, 2, 4, 6, 7]
warmup=200 iters=500 trim=0.1
========================================================================================================================
  DLA1   _r24b_baseline       gpu=0   5219.39 TFLOPS
  DLA1   _r24b_a1             gpu=1   4991.19 TFLOPS
  DLA1   _r24b_b1             gpu=2   4907.10 TFLOPS
  DLA1   _r24b_ab1            gpu=4   4772.89 TFLOPS
  DLA2   _r24b_baseline       gpu=7   4247.50 TFLOPS
  DLA7   _r24b_baseline       gpu=6   4179.63 TFLOPS
  DLA2   _r24b_a1             gpu=0   4231.61 TFLOPS
  DLA2   _r24b_b1             gpu=1   4100.91 TFLOPS
  DLA2   _r24b_ab1            gpu=2   4027.25 TFLOPS
  DLA2   _r24b_a3             gpu=4   3907.79 TFLOPS
  DLA7   _r24b_a1             gpu=7   4053.70 TFLOPS
  DLA7   _r24b_ab1            gpu=1   3946.13 TFLOPS
  DLA7   _r24b_b1             gpu=0   4044.40 TFLOPS
  DLA7   _r24b_a3             gpu=2   3675.14 TFLOPS
  DLA1   _r24b_a3             gpu=6  ERR rc=-6

Elapsed: 457.0s

========================================================================================================================
SUMMARY (Δ vs _r24b_baseline, +1.5pp gate)
========================================================================================================================
  DLA1 baseline = 5219.39 TFLOPS
    _r24b_a1               4991.19  Δ=-228.20 (-4.37%)  LOSE
    _r24b_b1               4907.10  Δ=-312.29 (-5.98%)  LOSE
    _r24b_ab1              4772.89  Δ=-446.50 (-8.55%)  LOSE
    _r24b_a3              ERR  (rc=-6)
  DLA2 baseline = 4247.50 TFLOPS
    _r24b_a1               4231.61  Δ=-15.89 (-0.37%)  LOSE
    _r24b_b1               4100.91  Δ=-146.59 (-3.45%)  LOSE
    _r24b_ab1              4027.25  Δ=-220.25 (-5.19%)  LOSE
    _r24b_a3               3907.79  Δ=-339.71 (-8.00%)  LOSE
  DLA7 baseline = 4179.63 TFLOPS
    _r24b_a1               4053.70  Δ=-125.93 (-3.01%)  LOSE
    _r24b_b1               4044.40  Δ=-135.23 (-3.24%)  LOSE
    _r24b_ab1              3946.13  Δ=-233.50 (-5.59%)  LOSE
    _r24b_a3               3675.14  Δ=-504.49 (-12.07%)  LOSE
