R25-D STACK bench: 2 shapes x 4 variants x 3 reps
warmup=200 iters=500 trim=0.1
GPUs: [6, 7]
==============================================================================================================

[DLA2] starting on GPU 6

[DLA7] starting on GPU 7
  DLA7 _r25d_baseline rep0 gpu7                             4184.70 TFLOPS (ms=1.8392)
  DLA2 _r25d_baseline rep0 gpu6                             4207.49 TFLOPS (ms=8.1827)
  DLA7 _r25d_baseline rep1 gpu7                             4170.12 TFLOPS (ms=1.8456)
  DLA7 _r25d_baseline rep2 gpu7                             4159.81 TFLOPS (ms=1.8502)
  DLA2 _r25d_baseline rep1 gpu6                             4202.56 TFLOPS (ms=8.1923)
  DLA7 _r25d_gm6 rep0 gpu7                                  4168.94 TFLOPS (ms=1.8462)
  DLA2 _r25d_baseline rep2 gpu6                             4198.39 TFLOPS (ms=8.2004)
  DLA2 _r25d_gm6 rep0 gpu6                                  4310.35 TFLOPS (ms=7.9874)
  DLA2 _r25d_gm6 rep1 gpu6                                  4305.91 TFLOPS (ms=7.9956)
  DLA7 _r25d_gm6 rep1 gpu7                                 ERR rc=-6
  DLA2 _r25d_gm6 rep2 gpu6                                  4293.23 TFLOPS (ms=8.0192)
  DLA7 _r25d_gm6 rep2 gpu7                                  2014.27 TFLOPS (ms=3.821)
  DLA7 _r25d_pfoff4 rep0 gpu7                               2094.43 TFLOPS (ms=3.6748)
  DLA2 _r25d_pfoff4 rep0 gpu6                               4322.64 TFLOPS (ms=7.9647)
  DLA7 _r25d_pfoff4 rep1 gpu7                               4351.31 TFLOPS (ms=1.7688)
  DLA7 _r25d_pfoff4 rep2 gpu7                               2065.97 TFLOPS (ms=3.7254)
  DLA2 _r25d_pfoff4 rep1 gpu6                               4332.92 TFLOPS (ms=7.9458)
  DLA7 _r25d_gm6_pfoff4 rep0 gpu7                           4444.98 TFLOPS (ms=1.7315)
  DLA2 _r25d_pfoff4 rep2 gpu6                               4335.42 TFLOPS (ms=7.9412)
  DLA2 _r25d_gm6_pfoff4 rep0 gpu6                           4484.08 TFLOPS (ms=7.6779)
  DLA2 _r25d_gm6_pfoff4 rep1 gpu6                           4456.12 TFLOPS (ms=7.7261)
  DLA2 _r25d_gm6_pfoff4 rep2 gpu6                           4410.11 TFLOPS (ms=7.8067)
  DLA7 _r25d_gm6_pfoff4 rep1 gpu7                          ERR rc=-6
  DLA7 _r25d_gm6_pfoff4 rep2 gpu7                           2074.33 TFLOPS (ms=3.7104)

Elapsed: 409.9s

==============================================================================================================
SUMMARY (3-rep median, Δ vs _r25d_baseline)
==============================================================================================================

  [DLA2] baseline  runs=[4207.5, 4202.6, 4198.4]  med=4202.56  max=4207.49
    _r25d_gm6                  runs=[4310.4, 4305.9, 4293.2]  med=4305.91  max=4310.35  Δmed=+103.35(+2.46%)  Δmax=+102.86(+2.44%)
    _r25d_pfoff4               runs=[4322.6, 4332.9, 4335.4]  med=4332.92  max=4335.42  Δmed=+130.36(+3.10%)  Δmax=+127.93(+3.04%)
    _r25d_gm6_pfoff4           runs=[4484.1, 4456.1, 4410.1]  med=4456.12  max=4484.08  Δmed=+253.56(+6.03%)  Δmax=+276.59(+6.57%)

  [DLA7] baseline  runs=[4184.7, 4170.1, 4159.8]  med=4170.12  max=4184.70
    _r25d_gm6                  runs=[4168.9, 2014.3]  med=4168.94  max=4168.94  Δmed=-1.18(-0.03%)  Δmax=-15.76(-0.38%)
    _r25d_pfoff4               runs=[2094.4, 4351.3, 2066.0]  med=2094.43  max=4351.31  Δmed=-2075.69(-49.78%)  Δmax=+166.61(+3.98%)
    _r25d_gm6_pfoff4           runs=[4445.0, 2074.3]  med=4444.98  max=4444.98  Δmed=+274.86(+6.59%)  Δmax=+260.28(+6.22%)

==============================================================================================================
STACK VERDICT (does gm6_pfoff4 > max(gm6, pfoff4)?)
==============================================================================================================
  DLA2: baseline=4202.6  gm6=4305.9  pfoff4=4332.9  STACK=4456.1  
        STACK Δ vs best_singleton(4332.9) = +2.84%   STACK Δ vs baseline = +6.03%   -> STACK WINS
  DLA7: baseline=4170.1  gm6=4168.9  pfoff4=2094.4  STACK=4445.0  
        STACK Δ vs best_singleton(4168.9) = +6.62%   STACK Δ vs baseline = +6.59%   -> STACK WINS
