R16A smoke. GPUS=[0, 1]  warmup=200 iters=500 trim=0.1  gate=+0.5pp on top of iterilp
========================================================================================================================
>> [GPU0] S1: SNR check on _lgk2_dc_r16a_iterilp_regclassglob
   [GPU0] S1 crash-check OK (nonzero=58720238)
>> [GPU0] S1: bench iterilp (_v16_wpe2_r10a_iterilp) and compound (_lgk2_dc_r16a_iterilp_regclassglob)
<< [GPU0] S1: parent=4799.53 iter=4897.48 cmp=4119.84  Δvs_iter=-777.64 (-14.83pp)  gate>=0.5pp: fail
>> [GPU1] S2: SNR check on _u32_r16a_iterilp_regclassglob
   [GPU1] S2 crash-check OK (nonzero=67108728)
>> [GPU1] S2: bench iterilp (_u8_r10a_iterilp) and compound (_u32_r16a_iterilp_regclassglob)
<< [GPU1] S2: parent=4987.52 iter=5046.24 cmp=4972.58  Δvs_iter=-73.66 (-1.33pp)  gate>=0.5pp: fail
>> [GPU0] S3: SNR check on _v20_memc_r16a_iterilp_regclassglob
   [GPU0] S3 crash-check OK (nonzero=134217709)
>> [GPU0] S3: bench iterilp (_v20_memc_r11_iterilp) and compound (_v20_memc_r16a_iterilp_regclassglob)
<< [GPU0] S3: parent=5247.84 iter=5346.29 cmp=5322.35  Δvs_iter=-23.94 (-0.43pp)  gate>=0.5pp: fail
>> [GPU1] S4: SNR check on _u16_r16a_iterilp_regclassglob
   [GPU1] S4 crash-check OK (nonzero=117440446)
>> [GPU1] S4: bench iterilp (_u16_r11_iterilp) and compound (_u16_r16a_iterilp_regclassglob)
<< [GPU1] S4: parent=5292.82 iter=5407.56 cmp=5389.72  Δvs_iter=-17.84 (-0.32pp)  gate>=0.5pp: fail
>> [GPU0] S5: SNR check on _ts_lgk2_memc_r16a_iterilp_regclassglob
   [GPU0] S5 crash-check OK (nonzero=134217692)
>> [GPU0] S5: bench iterilp (_ts_lgk2_memc_r11_iterilp) and compound (_ts_lgk2_memc_r16a_iterilp_regclassglob)
<< [GPU0] S5: parent=5086.61 iter=5146.71 cmp=5083.23  Δvs_iter=-63.48 (-1.20pp)  gate>=0.5pp: fail

========================================================================================================================
Tag    parent  iterilp      cmp    Δvs_iter       pp  gate
------------------------------------------------------------------------------------------------------------------------
S1    4799.53  4897.48  4119.84     -777.64  -14.82pp  fail
S2    4987.52  5046.24  4972.58      -73.66   -1.33pp  fail
S3    5247.84  5346.29  5322.35      -23.94   -0.43pp  fail
S4    5292.82  5407.56  5389.72      -17.84   -0.32pp  fail
S5    5086.61  5146.71  5083.23      -63.48   -1.20pp  fail

Elapsed: 1.8 min   gate-pass: 0/5
Saved bench_round16_optA_smoke.json
