Round 13 OptC smoke. GPU=7 warmup=20 iters=50
==============================================================================================================

S1_14336x4096x32768  shape=14336x4096x32768  parent=_v16_wpe2  current_best=_v16_wpe2_r10a_iterilp
  current_best  _v16_wpe2_r10a_iterilp                     OK   tflops=4726.21
  cand          _v16_wpe2_r13c_iterminreg                  BROKEN  fails=3 err=RC-6
  cand          _v16_wpe2_r13c_itermaxocc                  OK   tflops=4632.26  retries=0
  cand          _v16_wpe2_r13c_iterilp_brlgk4              OK   tflops=3015.89  retries=0
  cand          _v16_wpe2_r13c_iterilp_v24                 OK   tflops=4742.40  retries=0

S2_16384x4096x28672  shape=16384x4096x28672  parent=_u8  current_best=_u8_r10a_iterilp
  current_best  _u8_r10a_iterilp                           OK   tflops=4985.94
  cand          _u8_r13c_iterminreg                        BROKEN  fails=3 err=RC-6
  cand          _u8_r13c_itermaxocc                        OK   tflops=4897.95  retries=0
  cand          _u8_r13c_iterilp_brlgk4                    OK   tflops=4984.46  retries=0
  cand          _u8_r13c_iterilp_v24                       OK   tflops=5013.10  retries=0

S3_4096x32768x28672  shape=4096x32768x28672  parent=_v20_memc  current_best=_v20_memc_r11_iterilp
  current_best  _v20_memc_r11_iterilp                      OK   tflops=5288.74
  cand          _v20_memc_r13c_iterminreg                  BROKEN  fails=3 err=RC-6
  cand          _v20_memc_r13c_itermaxocc                  OK   tflops=5140.56  retries=0
  cand          _v20_memc_r13c_iterilp_brlgk4              OK   tflops=5267.68  retries=0
  cand          _v20_memc_r13c_iterilp_v24                 OK   tflops=5257.82  retries=0

S4_4096x28672x32768  shape=4096x28672x32768  parent=_u16  current_best=_u16_r11_iterilp
  current_best  _u16_r11_iterilp                           OK   tflops=5383.10
  cand          _u16_r13c_iterminreg                       BROKEN  fails=3 err=RC-6
  cand          _u16_r13c_itermaxocc                       OK   tflops=5261.14  retries=0
  cand          _u16_r13c_iterilp_brlgk4                   OK   tflops=5370.46  retries=0
  cand          _u16_r13c_iterilp_v24                      OK   tflops=5341.66  retries=0

S5_4096x32768x14336  shape=4096x32768x14336  parent=_ts_lgk2_memc  current_best=_ts_lgk2_memc_r11_iterilp
  current_best  _ts_lgk2_memc_r11_iterilp                  OK   tflops=4992.64
  cand          _ts_lgk2_memc_r13c_iterminreg              OK   tflops=4872.74  retries=0
  cand          _ts_lgk2_memc_r13c_itermaxocc              OK   tflops=4874.99  retries=0
  cand          _ts_lgk2_memc_r13c_iterilp_brlgk4          OK   tflops=4972.49  retries=0
  cand          _ts_lgk2_memc_r13c_iterilp_v24             OK   tflops=4973.19  retries=0
==============================================================================================================
Saved bench_round13_optC_smoke.json
