MXFP4 Parallel Benchmark - GPUs: [0, 1, 2, 3, 4, 5, 6]
Variants: 115, Shapes: 42
warmup=200, iters=500, trim=0.1
Per-variant timeout: 180s
================================================================================
[ 3/42]  16384x  6144x  2048   3431.4 vs  3047.6  (112.6%)  WIN  [ts_v12_tv0_memc]  GPU2
[ 1/42]  16384x  4096x  2048   3319.0 vs  2995.0  (110.8%)  WIN  [ts_pf6_6_lgk2_memc]  GPU0
[ 2/42]  16384x  4096x  3072   3825.5 vs  3492.3  (109.5%)  WIN  [ts_lgk2_v12_memc]  GPU1
[ 4/42]  32768x  4096x  2048   3445.6 vs  3131.8  (110.0%)  WIN  [ts_lgk2_memc]  GPU3
[ 5/42]  32768x  4096x  3072   3991.9 vs  3630.6  (110.0%)  WIN  [ts_pf6_6_lgk2_memc]  GPU4
[ 6/42]  32768x  6144x  2048   3441.9 vs  3239.9  (106.2%)  WIN  [ts_gm8_v12]  GPU5
[ 7/42]  16384x 14336x  2048   3499.9 vs  3301.3  (106.0%)  WIN  [ts_memc]  GPU6
[10/42]  32768x 28672x  2048   3376.7 vs  3353.4  (100.7%)  WIN  [ts_gm2_v12_memc]  GPU2
[11/42]   4096x  4096x 16384   4960.5 vs  4642.1  (106.9%)  WIN  [ts_pf6_6_lgk2_v12]  GPU3
[13/42]   6144x  4096x 16384   4464.7 vs  4428.1  (100.8%)  WIN  [ts_v12_tv0_memc]  GPU5
[14/42]   4096x  4096x  8192   4277.2 vs  3959.9  (108.0%)  WIN  [lgk2_dc]  GPU6
[ 8/42]  16384x 28672x  2048   3349.5 vs  3482.3  ( 96.2%)  LOSE  [ts_gm2_lgk2_v12]  GPU0
[12/42]   4096x 14336x 16384   4842.3 vs  5013.0  ( 96.6%)  LOSE  [ts_memc]  GPU4
[ 9/42]  32768x 14336x  2048   3460.4 vs  3351.4  (103.3%)  WIN  [ts_gm2_v12_memc]  GPU1
[17/42]   4096x 14336x  8192   4387.1 vs  4345.8  (101.0%)  WIN  [u16]  GPU2
[15/42]   4096x  4096x 32768   5336.0 vs  5152.8  (103.6%)  WIN  [ts_v12_tv0]  GPU0
[19/42]   4096x 32768x  4096   4261.3 vs  4166.5  (102.3%)  WIN  [ts_no_embed_tv16_memc]  GPU4
[20/42]   4096x 32768x  6144   4404.0 vs  4548.6  ( 96.8%)  LOSE  [ts_lgk2_v12_memc]  GPU5
[16/42]   4096x  6144x 32768   4686.1 vs  3784.2  (123.8%)  WIN  [v20_memc]  GPU1
[21/42]   4096x 32768x 14336   4986.9 vs  5296.1  ( 94.2%)  LOSE  [ts_lgk2_v24]  GPU6
[18/42]   4096x 28672x 32768   5320.6 vs  5649.9  ( 94.2%)  LOSE  [default]  GPU3
[26/42]   6144x 32768x  4096   4446.5 vs  4291.0  (103.6%)  WIN  [ts_lgk2_memc]  GPU4
[27/42]  14336x  4096x 32768   4768.6 vs  5245.4  ( 90.9%)  LOSE  [v32]  GPU5
[25/42]   6144x  4096x  8192   4009.7 vs  3822.0  (104.9%)  WIN  [v20_memc]  GPU3
[22/42]   4096x 32768x 28672   5281.6 vs  5568.2  ( 94.9%)  LOSE  [ts_lgk2_v12_memc]  GPU0
[28/42]  14336x 32768x  4096   4296.5 vs  4462.6  ( 96.3%)  LOSE  [ts_no_embed_tv16_memc]  GPU6
[24/42]   4096x128256x 32768   5183.5 vs  3195.3  (162.2%)  WIN  [default]  GPU2
