R25-F SMOKE: 24 (gm × pfoff) variants + 1 ref per shape × 2 shapes × 1 reps
warmup=200 iters=500 trim=0.1  GPUs=[1, 2]
==============================================================================================================

[DLA2] starting on GPU 1

[DLA7] starting on GPU 2
  DLA7 R25D_gm6_pfoff4_REF rep0 gpu2                        4432.60 TFLOPS (ms=1.7364)
  DLA2 R25D_gm6_pfoff4_REF rep0 gpu1                        4453.60 TFLOPS (ms=7.7305)
  DLA7 gm5_pfoff3 rep0 gpu2                                 4405.32 TFLOPS (ms=1.7471)
  DLA7 gm5_pfoff4 rep0 gpu2                                 4447.47 TFLOPS (ms=1.7306)
  DLA2 gm5_pfoff3 rep0 gpu1                                 4407.23 TFLOPS (ms=7.8118)
  DLA7 gm5_pfoff5 rep0 gpu2                                 4518.25 TFLOPS (ms=1.7034)
  DLA7 gm5_pfoff6 rep0 gpu2                                 4568.75 TFLOPS (ms=1.6846)
  DLA2 gm5_pfoff4 rep0 gpu1                                 4426.46 TFLOPS (ms=7.7779)
  DLA7 gm5_pfoff7 rep0 gpu2                                 4596.88 TFLOPS (ms=1.6743)
  DLA7 gm5_pfoff8 rep0 gpu2                                 4656.67 TFLOPS (ms=1.6528)
  DLA2 gm5_pfoff5 rep0 gpu1                                 4475.83 TFLOPS (ms=7.6921)
  DLA7 gm6_pfoff3 rep0 gpu2                                 4362.74 TFLOPS (ms=1.7642)
  DLA2 gm5_pfoff6 rep0 gpu1                                 4557.42 TFLOPS (ms=7.5544)
  DLA7 gm6_pfoff4 rep0 gpu2                                 4434.49 TFLOPS (ms=1.7356)
  DLA7 gm6_pfoff5 rep0 gpu2                                 4490.74 TFLOPS (ms=1.7139)
  DLA2 gm5_pfoff7 rep0 gpu1                                 4587.94 TFLOPS (ms=7.5041)
  DLA7 gm6_pfoff6 rep0 gpu2                                 4560.09 TFLOPS (ms=1.6878)
  DLA7 gm6_pfoff7 rep0 gpu2                                 4595.67 TFLOPS (ms=1.6747)
  DLA2 gm5_pfoff8 rep0 gpu1                                 4613.02 TFLOPS (ms=7.4633)
  DLA7 gm6_pfoff8 rep0 gpu2                                 4669.13 TFLOPS (ms=1.6484)
  DLA2 gm6_pfoff3 rep0 gpu1                                 4404.20 TFLOPS (ms=7.8172)
  DLA7 gm7_pfoff3 rep0 gpu2                                 4382.94 TFLOPS (ms=1.756)
  DLA7 gm7_pfoff4 rep0 gpu2                                 4448.26 TFLOPS (ms=1.7302)
  DLA2 gm6_pfoff4 rep0 gpu1                                 4433.94 TFLOPS (ms=7.7647)
  DLA7 gm7_pfoff5 rep0 gpu2                                 4509.12 TFLOPS (ms=1.7069)
  DLA7 gm7_pfoff6 rep0 gpu2                                 4569.58 TFLOPS (ms=1.6843)
  DLA2 gm6_pfoff5 rep0 gpu1                                 4473.45 TFLOPS (ms=7.6962)
  DLA7 gm7_pfoff7 rep0 gpu2                                 4647.98 TFLOPS (ms=1.6559)
  DLA7 gm7_pfoff8 rep0 gpu2                                 4708.63 TFLOPS (ms=1.6346)
  DLA2 gm6_pfoff6 rep0 gpu1                                 4547.46 TFLOPS (ms=7.5709)
  DLA7 gm8_pfoff3 rep0 gpu2                                 4301.24 TFLOPS (ms=1.7894)
  DLA2 gm6_pfoff7 rep0 gpu1                                 4591.30 TFLOPS (ms=7.4986)
  DLA7 gm8_pfoff4 rep0 gpu2                                 4333.42 TFLOPS (ms=1.7761)
  DLA7 gm8_pfoff5 rep0 gpu2                                 4363.28 TFLOPS (ms=1.7639)
  DLA2 gm6_pfoff8 rep0 gpu1                                 4622.62 TFLOPS (ms=7.4478)
  DLA7 gm8_pfoff6 rep0 gpu2                                 4407.42 TFLOPS (ms=1.7463)
  DLA7 gm8_pfoff7 rep0 gpu2                                 4452.57 TFLOPS (ms=1.7286)
  DLA2 gm7_pfoff3 rep0 gpu1                                 4397.24 TFLOPS (ms=7.8296)
  DLA7 gm8_pfoff8 rep0 gpu2                                 4485.92 TFLOPS (ms=1.7157)
  DLA2 gm7_pfoff4 rep0 gpu1                                 4446.84 TFLOPS (ms=7.7422)
  DLA2 gm7_pfoff5 rep0 gpu1                                 4504.22 TFLOPS (ms=7.6436)
  DLA2 gm7_pfoff6 rep0 gpu1                                 4560.71 TFLOPS (ms=7.5489)
  DLA2 gm7_pfoff7 rep0 gpu1                                 4604.21 TFLOPS (ms=7.4776)
  DLA2 gm7_pfoff8 rep0 gpu1                                 4653.21 TFLOPS (ms=7.3989)
  DLA2 gm8_pfoff3 rep0 gpu1                                 4143.74 TFLOPS (ms=8.3086)
  DLA2 gm8_pfoff4 rep0 gpu1                                 4209.53 TFLOPS (ms=8.1787)
  DLA2 gm8_pfoff5 rep0 gpu1                                 4242.93 TFLOPS (ms=8.1143)
  DLA2 gm8_pfoff6 rep0 gpu1                                 4318.55 TFLOPS (ms=7.9722)
  DLA2 gm8_pfoff7 rep0 gpu1                                 4387.17 TFLOPS (ms=7.8475)
  DLA2 gm8_pfoff8 rep0 gpu1                                 4458.58 TFLOPS (ms=7.7218)

Elapsed: 253.3s

==============================================================================================================
[DLA2] sweep grid (TFLOPS, 1 rep each)
==============================================================================================================
  R25D_gm6_pfoff4 REF: 4453.6
  gm\pf  pf 3  pf 4  pf 5  pf 6  pf 7  pf 8
  gm5     4407.2 4426.5 4475.8 4557.4 4587.9 4613.0
  gm6     4404.2 4433.9 4473.4 4547.5 4591.3 4622.6
  gm7     4397.2 4446.8 4504.2 4560.7 4604.2 4653.2
  gm8     4143.7 4209.5 4242.9 4318.6 4387.2 4458.6

[DLA2] Δ% vs R25D_gm6_pfoff4 REF (4453.6)
  gm\pf  pf 3  pf 4  pf 5  pf 6  pf 7  pf 8
  gm5      -1.04  -0.61  +0.50  +2.33  +3.02  +3.58
  gm6      -1.11  -0.44  +0.45  +2.11  +3.09  +3.80
  gm7      -1.27  -0.15  +1.14  +2.41  +3.38  +4.48
  gm8      -6.96  -5.48  -4.73  -3.03  -1.49  +0.11

[DLA2] Top 5 candidates (sorted by Δ vs REF):
  gm7_pfoff8: 4653.2 TFLOPS  (+4.48%) ★
  gm6_pfoff8: 4622.6 TFLOPS  (+3.80%) ★
  gm5_pfoff8: 4613.0 TFLOPS  (+3.58%) ★
  gm7_pfoff7: 4604.2 TFLOPS  (+3.38%) ★
  gm6_pfoff7: 4591.3 TFLOPS  (+3.09%) ★

==============================================================================================================
[DLA7] sweep grid (TFLOPS, 1 rep each)
==============================================================================================================
  R25D_gm6_pfoff4 REF: 4432.6
  gm\pf  pf 3  pf 4  pf 5  pf 6  pf 7  pf 8
  gm5     4405.3 4447.5 4518.2 4568.8 4596.9 4656.7
  gm6     4362.7 4434.5 4490.7 4560.1 4595.7 4669.1
  gm7     4382.9 4448.3 4509.1 4569.6 4648.0 4708.6
  gm8     4301.2 4333.4 4363.3 4407.4 4452.6 4485.9

[DLA7] Δ% vs R25D_gm6_pfoff4 REF (4432.6)
  gm\pf  pf 3  pf 4  pf 5  pf 6  pf 7  pf 8
  gm5      -0.62  +0.34  +1.93  +3.07  +3.71  +5.06
  gm6      -1.58  +0.04  +1.31  +2.88  +3.68  +5.34
  gm7      -1.12  +0.35  +1.73  +3.09  +4.86  +6.23
  gm8      -2.96  -2.24  -1.56  -0.57  +0.45  +1.20

[DLA7] Top 5 candidates (sorted by Δ vs REF):
  gm7_pfoff8: 4708.6 TFLOPS  (+6.23%) ★
  gm6_pfoff8: 4669.1 TFLOPS  (+5.34%) ★
  gm5_pfoff8: 4656.7 TFLOPS  (+5.06%) ★
  gm7_pfoff7: 4648.0 TFLOPS  (+4.86%) ★
  gm5_pfoff7: 4596.9 TFLOPS  (+3.71%) ★
