Total builds: 20  (workers=8)
  DLA2_128256x32768x4096           _ts_gm2_v12_memc_dc_r13_itermaxocc               OK       (4.6s)
  DLA2_128256x32768x4096           _ts_gm2_v12_memc_dc_r13_maxilp                   OK       (4.6s)
  DLA2_128256x32768x4096           _ts_gm2_v12_memc_dc_r13_iterminreg               OK       (4.7s)
  DLA1_4096x32768x128256           _ts_pf6_6_v12_memc_r13_iterminreg                OK       (5.0s)
  DLA1_4096x32768x128256           _ts_pf6_6_v12_memc_r13_itermaxocc                OK       (5.0s)
  DLA1_4096x32768x128256           _ts_pf6_6_v12_memc_r13_maxocc                    OK       (5.1s)
  DLA1_4096x32768x128256           _ts_pf6_6_v12_memc_r13_itermaxoccx               OK       (5.1s)
  DLA1_4096x32768x128256           _ts_pf6_6_v12_memc_r13_maxilp                    OK       (5.2s)
  DLA2_128256x32768x4096           _ts_gm2_v12_memc_dc_r13_itermaxoccx              OK       (4.6s)
  DLA2_128256x32768x4096           _ts_gm2_v12_memc_dc_r13_maxocc                   OK       (4.7s)
  DLA7_28672x32768x4096            _ts_lgk2_v12_memc_r13_iterminreg                 OK       (4.6s)
  DLA7_28672x32768x4096            _ts_lgk2_v12_memc_r13_maxilp                     OK       (4.6s)
  DLA7_28672x32768x4096            _ts_lgk2_v12_memc_r13_itermaxocc                 OK       (4.7s)
  WIN2_32768x6144x2048             _ts_gm8_v12_r13_iterminreg                       OK       (4.5s)
  DLA7_28672x32768x4096            _ts_lgk2_v12_memc_r13_maxocc                     OK       (4.6s)
  DLA7_28672x32768x4096            _ts_lgk2_v12_memc_r13_itermaxoccx                OK       (4.7s)
  WIN2_32768x6144x2048             _ts_gm8_v12_r13_itermaxocc                       OK       (4.5s)
  WIN2_32768x6144x2048             _ts_gm8_v12_r13_maxilp                           OK       (4.4s)
  WIN2_32768x6144x2048             _ts_gm8_v12_r13_maxocc                           OK       (4.5s)
  WIN2_32768x6144x2048             _ts_gm8_v12_r13_itermaxoccx                      OK       (4.4s)

Elapsed: 14.1s
