Total builds: 45
  [S1] _lgk2_dc_r19a_step3  -> OK (5.3s)
  [S1] _lgk2_dc_r19a_step12  -> OK (6.2s)
  [S1] _lgk2_dc_r19a_all  -> OK (6.1s)
  [S2] _u32_r19a_step3  -> OK (6.9s)
  [S2] _u32_r19a_step12  -> OK (7.0s)
  [S2] _u32_r19a_all  -> OK (6.9s)
  [S3] _v20_memc_r19a_step3  -> OK (6.0s)
  [S3] _v20_memc_r19a_step12  -> OK (6.1s)
  [S3] _v20_memc_r19a_all  -> OK (5.5s)
  [S4] _u16_r19a_step3  -> OK (5.8s)
  [S4] _u16_r19a_step12  -> OK (5.7s)
  [S4] _u16_r19a_all  -> OK (5.9s)
  [S5] _ts_gm8_v12_r19a_step3  -> OK (5.9s)
  [S5] _ts_gm8_v12_r19a_step12  -> OK (5.9s)
  [S5] _ts_gm8_v12_r19a_all  -> OK (5.9s)
  [S6] _ts_lgk2_memc_r19a_step3  -> OK (5.9s)
  [S6] _ts_lgk2_memc_r19a_step12  -> OK (5.3s)
  [S6] _ts_lgk2_memc_r19a_all  -> OK (5.3s)
  [S7] _ts_lgk2_v12_memc_r19a_step3  -> OK (6.0s)
  [S7] _ts_lgk2_v12_memc_r19a_step12  -> OK (5.9s)
  [S7] _ts_lgk2_v12_memc_r19a_all  -> OK (5.9s)
  [S8] _ts_pf4_memc_r19a_step3  -> OK (5.9s)
  [S8] _ts_pf4_memc_r19a_step12  -> OK (5.9s)
  [S8] _ts_pf4_memc_r19a_all  -> OK (5.9s)
  [S9] _ts_gm2_v12_memc_dc_r19a_step3  -> OK (5.3s)
  [S9] _ts_gm2_v12_memc_dc_r19a_step12  -> OK (5.3s)
  [S9] _ts_gm2_v12_memc_dc_r19a_all  -> OK (5.3s)
  [S10] _ts_gm2_v12_memc_r19a_step3  -> OK (5.4s)
  [S10] _ts_gm2_v12_memc_r19a_step12  -> OK (5.4s)
  [S10] _ts_gm2_v12_memc_r19a_all  -> OK (6.0s)
  [S11] _ts_lgk2_memc_dc_r19a_step3  -> OK (6.0s)
  [S11] _ts_lgk2_memc_dc_r19a_step12  -> OK (6.0s)
  [S11] _ts_lgk2_memc_dc_r19a_all  -> OK (6.0s)
  [S12] _ts_v12_tv0_memc_r19a_step3  -> OK (5.6s)
  [S12] _ts_v12_tv0_memc_r19a_step12  -> OK (5.6s)
  [S12] _ts_v12_tv0_memc_r19a_all  -> OK (5.5s)
  [S13] _ts_lgk2_r19a_step3  -> OK (5.7s)
  [S13] _ts_lgk2_r19a_step12  -> OK (5.7s)
  [S13] _ts_lgk2_r19a_all  -> OK (5.7s)
  [S14] _ts_lgk2_r19a_step3  -> OK (5.7s)
  [S14] _ts_lgk2_r19a_step12  -> OK (5.6s)
  [S14] _ts_lgk2_r19a_all  -> OK (5.7s)
  [S15] _ts_gm8_v12_r19a_step3  -> OK (5.8s)
  [S15] _ts_gm8_v12_r19a_step12  -> OK (5.8s)
  [S15] _ts_gm8_v12_r19a_all  -> OK (5.8s)
Done in 0.6 min
