Total builds: 168  (workers=12, 4 shapes x 42 flags)
  DLA1   nospillfu       OK        (5.0s)
  DLA1   defspill        OK        (5.1s)
  DLA1   nojse           OK        (5.2s)
  DLA1   notarsch        OK        (5.3s)
  DLA1   sinkavoidspill  OK        (5.3s)
  DLA1   revlocal        OK        (5.3s)
  DLA1   largeivs8       OK        (5.4s)
  DLA1   largeivf2       OK        (5.4s)
  DLA1   preallocs       OK        (5.4s)
  DLA1   lateremat0      OK        (5.4s)
  DLA1   nojglc          OK        (5.5s)
  DLA1   nojli           OK        (5.6s)
  DLA1   noliveopt       OK        (5.2s)
  DLA1   nosink          OK        (5.2s)
  DLA1   nolicm          OK        (5.1s)
  DLA1   sinkbfi         OK        (5.1s)
  DLA1   noavoidspec     OK        (5.1s)
  DLA1   sinkcycle100    OK        (5.2s)
  DLA1   hoistcheap      OK        (5.3s)
  DLA1   postmi          OK        (5.2s)
  DLA1   nopostra        OK        (5.3s)
  DLA1   postraN         OK        (5.3s)
  DLA1   breakcrit       OK        (5.3s)
  DLA1   enpostmi        OK        (5.4s)
  DLA1   breakall        OK        (5.2s)
  DLA1   iglpcut0        OK        (5.2s)
  DLA1   iglpexact       OK        (5.2s)
  DLA1   nolal           OK        (5.1s)
  DLA1   looprmul        OK        (5.1s)
  DLA1   noaa            OK        (5.0s)
  DLA1   loopdist        OK        (5.1s)
  DLA1   aaaa            OK        (5.1s)
  DLA1   rerag           OK        (5.1s)
  DLA1   eppra           OK        (5.2s)
  DLA1   noemxpre        OK        (5.2s)
  DLA1   noeppra         OK        (5.3s)
  DLA2   nojglc          OK        (4.7s)
  DLA1   nodalu          OK        (5.1s)
  DLA1   eifcvt          OK        (5.1s)
  DLA2   nojse           OK        (4.8s)
  DLA1   vopd            OK        (5.2s)
  DLA2   largeivs8       OK        (4.7s)
  DLA1   nosgpcb         OK        (5.3s)
  DLA1   nosgpmwc        OK        (5.2s)
  DLA2   largeivf2       OK        (4.9s)
  DLA2   notarsch        OK        (4.9s)
  DLA2   nojli           OK        (5.1s)
  DLA1   nosgpwa         OK        (5.3s)
  DLA2   lateremat0      OK        (4.8s)
  DLA2   revlocal        OK        (4.8s)
  DLA2   sinkavoidspill  OK        (4.7s)
  DLA2   defspill        OK        (4.8s)
  DLA2   nospillfu       OK        (4.8s)
  DLA2   nosink          OK        (4.6s)
  DLA2   preallocs       OK        (4.7s)
  DLA2   hoistcheap      OK        (4.7s)
  DLA2   nolicm          OK        (4.8s)
  DLA2   noliveopt       OK        (4.8s)
  DLA2   noavoidspec     OK        (4.8s)
  DLA2   sinkbfi         OK        (4.8s)
  DLA2   sinkcycle100    OK        (4.7s)
  DLA2   enpostmi        OK        (4.7s)
  DLA2   postmi          OK        (4.8s)
  DLA2   nopostra        OK        (4.7s)
  DLA2   breakcrit       OK        (4.7s)
  DLA2   iglpcut0        OK        (4.7s)
  DLA2   postraN         OK        (4.9s)
  DLA2   breakall        OK        (4.8s)
  DLA2   nolal           OK        (4.7s)
  DLA2   iglpexact       OK        (4.8s)
  DLA2   loopdist        OK        (4.7s)
  DLA2   looprmul        OK        (4.8s)
  DLA2   aaaa            OK        (4.7s)
  DLA2   noaa            OK        (4.7s)
  DLA2   eppra           OK        (4.8s)
  DLA2   rerag           OK        (4.8s)
  DLA2   noeppra         OK        (4.7s)
  DLA2   noemxpre        OK        (4.7s)
  DLA2   vopd            OK        (4.7s)
  DLA2   nodalu          OK        (4.8s)
  DLA2   eifcvt          OK        (4.6s)
  DLA2   nosgpcb         OK        (4.7s)
  DLA2   nosgpmwc        OK        (4.8s)
  DLA2   nosgpwa         OK        (4.8s)
  DLA7   nojglc          OK        (4.8s)
  DLA7   notarsch        OK        (4.8s)
  DLA7   largeivf2       OK        (4.8s)
  DLA7   nojse           OK        (4.8s)
  DLA7   largeivs8       OK        (4.8s)
  DLA7   nojli           OK        (5.1s)
  DLA7   lateremat0      OK        (4.8s)
  DLA7   revlocal        OK        (4.8s)
  DLA7   defspill        OK        (4.8s)
  DLA7   nospillfu       OK        (4.7s)
  DLA7   sinkavoidspill  OK        (4.7s)
  DLA7   preallocs       OK        (4.7s)
  DLA7   noliveopt       OK        (4.7s)
  DLA7   nosink          OK        (4.7s)
  DLA7   sinkbfi         OK        (4.7s)
  DLA7   nolicm          OK        (4.8s)
  DLA7   noavoidspec     OK        (4.8s)
  DLA7   sinkcycle100    OK        (4.8s)
  DLA7   hoistcheap      OK        (4.9s)
  DLA7   postmi          OK        (4.8s)
  DLA7   enpostmi        OK        (4.8s)
  DLA7   nopostra        OK        (4.8s)
  DLA7   breakcrit       OK        (4.8s)
  DLA7   postraN         OK        (4.8s)
  DLA7   breakall        OK        (4.7s)
  DLA7   iglpcut0        OK        (4.7s)
  DLA7   iglpexact       OK        (4.7s)
  DLA7   nolal           OK        (4.7s)
  DLA7   noaa            OK        (4.6s)
  DLA7   looprmul        OK        (4.7s)
  DLA7   aaaa            OK        (4.8s)
  DLA7   loopdist        OK        (4.8s)
  DLA7   rerag           OK        (4.7s)
  DLA7   eppra           OK        (4.7s)
  DLA7   noemxpre        OK        (4.7s)
  DLA7   noeppra         OK        (4.8s)
  DLA7   nodalu          OK        (4.8s)
  DLA7   vopd            OK        (4.7s)
  DLA7   nosgpcb         OK        (4.7s)
  DLA7   eifcvt          OK        (4.8s)
  DLA7   nosgpwa         OK        (4.8s)
  DLA7   nosgpmwc        OK        (4.8s)
  P1     nojglc          OK        (4.9s)
  P1     notarsch        OK        (4.9s)
  P1     nojse           OK        (5.1s)
  P1     largeivf2       OK        (5.0s)
  P1     largeivs8       OK        (5.1s)
  P1     nojli           OK        (5.6s)
  P1     lateremat0      OK        (5.0s)
  P1     revlocal        OK        (5.1s)
  P1     defspill        OK        (5.1s)
  P1     nospillfu       OK        (5.0s)
  P1     preallocs       OK        (5.0s)
  P1     sinkavoidspill  OK        (5.1s)
  P1     noliveopt       OK        (5.0s)
  P1     nosink          OK        (5.0s)
  P1     nolicm          OK        (5.0s)
  P1     hoistcheap      OK        (5.0s)
  P1     noavoidspec     OK        (5.1s)
  P1     sinkbfi         OK        (4.9s)
  P1     sinkcycle100    OK        (5.0s)
  P1     nopostra        OK        (4.9s)
  P1     postmi          OK        (5.1s)
  P1     enpostmi        OK        (5.0s)
  P1     postraN         OK        (5.1s)
  P1     breakcrit       OK        (5.1s)
  P1     breakall        OK        (5.0s)
  P1     iglpcut0        OK        (4.9s)
  P1     nolal           OK        (5.1s)
  P1     iglpexact       OK        (5.2s)
  P1     looprmul        OK        (5.0s)
  P1     loopdist        OK        (5.1s)
  P1     aaaa            OK        (5.0s)
  P1     noaa            OK        (4.9s)
  P1     eppra           OK        (5.0s)
  P1     rerag           OK        (5.0s)
  P1     noeppra         OK        (5.1s)
  P1     noemxpre        OK        (5.0s)
  P1     nodalu          OK        (5.0s)
  P1     vopd            OK        (4.9s)
  P1     nosgpcb         OK        (4.9s)
  P1     eifcvt          OK        (5.0s)
  P1     nosgpmwc        OK        (5.0s)
  P1     nosgpwa         OK        (4.9s)

Elapsed: 70.3s   ok=168 cached=0 fail=0
