R19B builds: 39 (3 shapes x 13 variants)
====================================================================================================
  DLA1  _ts_pf6_6_v12_memc_r19b_s2                                   OK       (5.1s)
  DLA1  _ts_pf6_6_v12_memc_r19b_s23                                  OK       (5.2s)
  DLA1  _ts_pf6_6_v12_memc_r19b_s234                                 OK       (5.2s)
  DLA1  _ts_pf6_6_v12_memc_r19b_parent_rebuild                       OK       (5.3s)
  DLA1  _ts_pf6_6_v12_memc_r19b_s3                                   OK       (5.3s)
  DLA1  _ts_pf6_6_v12_memc_r19b_s24                                  OK       (5.3s)
  DLA1  _ts_pf6_6_v12_memc_r19b_s4                                   OK       (5.4s)
  DLA1  _ts_pf6_6_v12_memc_r19b_s34                                  OK       (5.4s)
  DLA1  _ts_pf6_6_v12_memc_r19b_vmcnt0                               OK       (5.4s)
  DLA1  _ts_pf6_6_v12_memc_r19b_t1                                   OK       (5.5s)
  DLA1  _ts_pf6_6_v12_memc_r19b_vmcnt4                               OK       (5.5s)
  DLA1  _ts_pf6_6_v12_memc_r19b_vmcnt15                              OK       (5.5s)
  DLA2  _ts_gm2_v12_memc_dc_r19b_s2                                  OK       (4.8s)
  DLA2  _ts_gm2_v12_memc_dc_r19b_parent_rebuild                      OK       (4.8s)
  DLA2  _ts_gm2_v12_memc_dc_r19b_s3                                  OK       (4.8s)
  DLA2  _ts_gm2_v12_memc_dc_r19b_s4                                  OK       (4.8s)
  DLA2  _ts_gm2_v12_memc_dc_r19b_t1                                  OK       (4.8s)
  DLA2  _ts_gm2_v12_memc_dc_r19b_s34                                 OK       (4.8s)
  DLA2  _ts_gm2_v12_memc_dc_r19b_s23                                 OK       (4.9s)
  DLA2  _ts_gm2_v12_memc_dc_r19b_vmcnt0                              OK       (4.9s)
  DLA2  _ts_gm2_v12_memc_dc_r19b_s234                                OK       (4.9s)
  DLA1  _ts_pf6_6_v12_memc_r19b_ref_all                              OK       (5.4s)
  DLA2  _ts_gm2_v12_memc_dc_r19b_vmcnt4                              OK       (5.0s)
  DLA2  _ts_gm2_v12_memc_dc_r19b_s24                                 OK       (5.0s)
  DLA2  _ts_gm2_v12_memc_dc_r19b_vmcnt15                             OK       (4.7s)
  DLA2  _ts_gm2_v12_memc_dc_r19b_ref_all                             OK       (4.8s)
  DLA7  _ts_lgk2_v12_memc_r19b_s3                                    OK       (4.7s)
  DLA7  _ts_lgk2_v12_memc_r19b_s2                                    OK       (4.8s)
  DLA7  _ts_lgk2_v12_memc_r19b_parent_rebuild                        OK       (4.8s)
  DLA7  _ts_lgk2_v12_memc_r19b_s23                                   OK       (4.7s)
  DLA7  _ts_lgk2_v12_memc_r19b_s4                                    OK       (4.8s)
  DLA7  _ts_lgk2_v12_memc_r19b_s24                                   OK       (4.7s)
  DLA7  _ts_lgk2_v12_memc_r19b_s34                                   OK       (4.8s)
  DLA7  _ts_lgk2_v12_memc_r19b_t1                                    OK       (4.8s)
  DLA7  _ts_lgk2_v12_memc_r19b_s234                                  OK       (4.8s)
  DLA7  _ts_lgk2_v12_memc_r19b_vmcnt0                                OK       (4.9s)
  DLA7  _ts_lgk2_v12_memc_r19b_vmcnt4                                OK       (4.6s)
  DLA7  _ts_lgk2_v12_memc_r19b_vmcnt15                               OK       (4.7s)
  DLA7  _ts_lgk2_v12_memc_r19b_ref_all                               OK       (4.6s)

Elapsed: 19.7s
