Total builds: 28  (workers=10)
  DLA2  _ts_gm1_v20_memc_dc                                OK       (4.7s)
  DLA2  _ts_gm1_v12_memc_dc                                OK       (4.8s)
  DLA2  _ts_gm1_lgk2_v12_memc_dc                           OK       (4.8s)
  DLA1  _ts_pf6_6_v20_memc                                 OK       (5.0s)
  DLA1  _ts_pf6_6_v24_memc                                 OK       (5.1s)
  DLA1  _ts_pf6_6_v12_memc_r14b_extbr                      OK       (5.1s)
  DLA1  _ts_pf6_6_v12_memc_tv16                            OK       (5.1s)
  DLA1  _ts_pf6_6_v12_memc_tv0                             OK       (5.2s)
  DLA1  _ts_pf6_6_lgk4_v12_memc                            OK       (5.2s)
  DLA1  _ts_pf6_6_v12_memc_r14b_noembed                    OK       (5.3s)
  DLA7  _ts_lgk2_v20_memc                                  cached   (0.0s)
  DLA2  _ts_gm2_v12_memc_dc_noembed                        OK       (4.7s)
  DLA2  _ts_gm1_v12_memc_dc_extbr                          OK       (4.7s)
  DLA2  _ts_gm1_v12_memc_dc_tv0                            OK       (4.8s)
  DLA2  _ts_gm2_v12_memc_dc_extbr                          OK       (4.6s)
  DLA7  _ts_lgk2_v12_memc_extbr                            OK       (4.7s)
  DLA7  _ts_lgk2_v12_memc_tv0                              OK       (4.8s)
  DLA7  _ts_lgk2_v12_memc_noembed                          OK       (4.8s)
  DLA7  _ts_lgk2_v12_memc_tv16                             OK       (4.8s)
  DLA7  _ts_lgk4_v12_memc                                  OK       (4.8s)
  P1    _ts_gm8_memc                                       OK       (4.9s)
  P1    _ts_gm8_v12_memc                                   OK       (4.8s)
  P1    _ts_gm8_lgk2_memc                                  OK       (4.9s)
  P1    _ts_gm8_extbr                                      OK       (5.0s)
  P1    _ts_gm8_extbr_memc                                 OK       (4.9s)
  P1    _ts_gm8_noembed                                    OK       (4.9s)
  P1    _ts_gm8_noembed_memc                               OK       (4.9s)
  P1    _ts_gm8_v20_memc                                   OK       (4.9s)

Elapsed: 15.0s
