Total builds: 36 (4 shapes x 9 attrs) workers=12
  DLA2   fwgs256_256     OK        (4.9s)
  DLA2   fwgs64_256      OK        (5.0s)
  DLA1   mnwg8           OK        (5.3s)
  DLA1   fwgs64_256      OK        (5.3s)
  DLA1   vgpr256         OK        (5.4s)
  DLA1   sgpr96          OK        (5.5s)
  DLA1   fwgs256_256     OK        (5.4s)
  DLA1   sgpr80          OK        (5.5s)
  DLA1   vgpr224         OK        (5.9s)
  DLA1   vgpr192         OK        (6.2s)
  DLA2   vgpr256         OK        (5.0s)
  DLA2   sgpr96          OK        (4.9s)
  DLA2   sgpr80          OK        (4.8s)
  DLA7   fwgs64_256      OK        (4.9s)
  DLA2   mnwg8           OK        (4.9s)
  DLA7   fwgs256_256     OK        (4.9s)
  DLA2   vgpr224         OK        (5.5s)
  DLA2   vgpr192         OK        (5.4s)
  DLA7   vgpr256         OK        (5.0s)
  DLA7   sgpr96          OK        (4.8s)
  DLA7   vgpr224         OK        (5.4s)
  DLA7   sgpr80          OK        (5.0s)
  DLA7   mnwg8           OK        (5.0s)
  DLA7   vgpr192         OK        (5.4s)
  P1     fwgs64_256      OK        (5.2s)
  P1     fwgs256_256     OK        (5.2s)
  P1     vgpr256         OK        (5.1s)
  P1     sgpr96          OK        (5.1s)
  P1     vgpr224         OK        (5.7s)
  P1     sgpr80          OK        (5.4s)
  P1     mnwg8           OK        (5.3s)
  P1     vgpr192         OK        (5.8s)
Traceback (most recent call last):
  File "/shared_nfs/kyle/test/HipKittens/analysis/fp8_gemm/mi350x/build_round17_optC_attrs.py", line 126, in <module>
    sys.exit(main())
  File "/shared_nfs/kyle/test/HipKittens/analysis/fp8_gemm/mi350x/build_round17_optC_attrs.py", line 110, in main
    label, tag, full_suffix, status, dt, err = fut.result()
  File "/usr/lib/python3.10/concurrent/futures/_base.py", line 451, in result
    return self.__get_result()
  File "/usr/lib/python3.10/concurrent/futures/_base.py", line 403, in __get_result
    raise self._exception
  File "/usr/lib/python3.10/concurrent/futures/thread.py", line 58, in run
    result = self.fn(*self.args, **self.kwargs)
  File "/shared_nfs/kyle/test/HipKittens/analysis/fp8_gemm/mi350x/build_round17_optC_attrs.py", line 88, in build_one
    r = subprocess.run(cmd, shell=True, capture_output=True, text=True, timeout=600)
  File "/usr/lib/python3.10/subprocess.py", line 505, in run
    stdout, stderr = process.communicate(input, timeout=timeout)
  File "/usr/lib/python3.10/subprocess.py", line 1154, in communicate
    stdout, stderr = self._communicate(input, endtime, timeout)
  File "/usr/lib/python3.10/subprocess.py", line 2022, in _communicate
    self._check_timeout(endtime, orig_timeout, stdout, stderr)
  File "/usr/lib/python3.10/subprocess.py", line 1198, in _check_timeout
    raise TimeoutExpired(
subprocess.TimeoutExpired: Command '/opt/rocm/bin/hipcc /shared_nfs/kyle/test/HipKittens/analysis/fp8_gemm/mi350x/build_all42/wrap_n32768_k128256_ts_pf6_6_v12_memc_r17c_fwgs128_512.cpp --offload-arch=gfx950 -DKITTENS_CDNA4 -DHIP_ENABLE_WARP_SYNC_BUILTINS -ffast-math -I/opt/rocm/include/rocrand -I/shared_nfs/kyle/test/HipKittens/include -I/shared_nfs/kyle/test/HipKittens/prototype -I/opt/rocm/include/hip -I/usr/include/python3.10 -I/opt/venv/lib/python3.10/site-packages/pybind11/include -shared -fPIC -std=c++20 -w -L/usr/lib/python3.10/config-3.10-x86_64-linux-gnu -L/usr/lib/x86_64-linux-gnu -ldl -lm -DK_DIM=128256 -DN_DIM=32768 -DTAIL_SPLIT=1 -DSTEP3_PF_N=6 -DSTEP4_PF_N=6 -DSTEP12_BR_LGKMCNT=2 -DSTEP3_BARRIER_VMCNT=12 -mllvm -amdgpu-sched-strategy=max-memory-clause -o /shared_nfs/kyle/test/HipKittens/analysis/fp8_gemm/mi350x/build_all42/tk_mxfp4_gluon_cpp_n32768_k128256_ts_pf6_6_v12_memc_r17c_fwgs128_512.cpython-310-x86_64-linux-gnu.so' timed out after 600 seconds
