Total builds: 48  (workers=12, 4 shapes x 12 compounds)
  DLA1   _r16c_iterilpXregclassglob                                    OK        (5.1s)
  DLA1   _r16c_regclassglobXnolicmXsinkavoidspill                      OK        (5.1s)
  DLA1   _r16c_iterilpXsinkavoidspill                                  OK        (5.1s)
  DLA1   _r16c_regclassglobXnoemxpre                                   OK        (5.1s)
  DLA1   _r16c_iterilpXnoemxpre                                        OK        (5.3s)
  DLA1   _r16c_regclassglobXsinkavoidspill                             OK        (5.3s)
  DLA1   _r16c_regclassglobXnolicm                                     OK        (5.3s)
  DLA1   _r16c_iterilpXlargeivf2                                       OK        (5.3s)
  DLA1   _r16c_sinkavoidspillXnolicm                                   OK        (5.4s)
  DLA1   _r16c_iterilpXregclassglobXnolicm                             OK        (5.4s)
  DLA1   _r16c_iterilpXnolicm                                          OK        (5.4s)
  DLA1   _r16c_iterilpXregclassglobXsinkavoidspill                     OK        (5.4s)
  DLA2   _r16c_iterilpXsinkavoidspill                                  OK        (4.7s)
  DLA2   _r16c_iterilpXregclassglob                                    OK        (4.7s)
  DLA2   _r16c_iterilpXnolicm                                          OK        (4.7s)
  DLA2   _r16c_iterilpXnoemxpre                                        OK        (4.8s)
  DLA2   _r16c_regclassglobXnolicmXsinkavoidspill                      OK        (4.6s)
  DLA2   _r16c_regclassglobXsinkavoidspill                             OK        (4.8s)
  DLA2   _r16c_regclassglobXnolicm                                     OK        (4.7s)
  DLA2   _r16c_regclassglobXnoemxpre                                   OK        (4.8s)
  DLA2   _r16c_iterilpXregclassglobXnolicm                             OK        (4.8s)
  DLA2   _r16c_sinkavoidspillXnolicm                                   OK        (4.9s)
  DLA2   _r16c_iterilpXlargeivf2                                       OK        (4.9s)
  DLA2   _r16c_iterilpXregclassglobXsinkavoidspill                     OK        (4.9s)
  DLA7   _r16c_iterilpXregclassglob                                    OK        (4.7s)
  DLA7   _r16c_iterilpXsinkavoidspill                                  OK        (4.7s)
  DLA7   _r16c_iterilpXnolicm                                          OK        (4.8s)
  DLA7   _r16c_iterilpXnoemxpre                                        OK        (4.8s)
  DLA7   _r16c_regclassglobXsinkavoidspill                             OK        (4.7s)
  DLA7   _r16c_regclassglobXnolicm                                     OK        (4.7s)
  DLA7   _r16c_iterilpXlargeivf2                                       OK        (4.9s)
  DLA7   _r16c_regclassglobXnoemxpre                                   OK        (4.7s)
  DLA7   _r16c_sinkavoidspillXnolicm                                   OK        (4.8s)
  DLA7   _r16c_regclassglobXnolicmXsinkavoidspill                      OK        (4.8s)
  DLA7   _r16c_iterilpXregclassglobXsinkavoidspill                     OK        (4.8s)
  DLA7   _r16c_iterilpXregclassglobXnolicm                             OK        (4.8s)
  P1     _r16c_iterilpXregclassglob                                    OK        (5.0s)
  P1     _r16c_iterilpXsinkavoidspill                                  OK        (4.9s)
  P1     _r16c_iterilpXnolicm                                          OK        (4.9s)
  P1     _r16c_iterilpXnoemxpre                                        OK        (5.0s)
  P1     _r16c_regclassglobXnoemxpre                                   OK        (4.9s)
  P1     _r16c_iterilpXlargeivf2                                       OK        (5.0s)
  P1     _r16c_regclassglobXnolicm                                     OK        (5.0s)
  P1     _r16c_regclassglobXsinkavoidspill                             OK        (5.0s)
  P1     _r16c_sinkavoidspillXnolicm                                   OK        (5.0s)
  P1     _r16c_iterilpXregclassglobXnolicm                             OK        (4.9s)
  P1     _r16c_regclassglobXnolicmXsinkavoidspill                      OK        (5.0s)
  P1     _r16c_iterilpXregclassglobXsinkavoidspill                     OK        (5.0s)

Elapsed: 20.2s   ok=48 cached=0 fail=0
