Total builds: 108  (workers=10, 4 shapes x 27 flags)
  DLA1   nopav           FAIL      (2.5s)
  DLA1   pav64           FAIL      (2.6s)
  DLA1   pav32           FAIL      (2.6s)
  DLA1   pav16           FAIL      (2.6s)
  DLA1   relaxocc        OK        (5.0s)
  DLA1   mb0             OK        (5.1s)
  DLA1   mb200           OK        (5.1s)
  DLA1   mb50            OK        (5.1s)
  DLA1   mb100           OK        (5.2s)
  DLA1   mb0_relaxocc    OK        (5.2s)
  DLA1   nodiv           OK        (5.0s)
  DLA1   nomergem0       OK        (5.0s)
  DLA1   dppc            OK        (5.1s)
  DLA1   nomisched       OK        (5.1s)
  DLA1   nodppc          OK        (5.1s)
  DLA1   nolowoccr       OK        (5.0s)
  DLA1   regclassglob    OK        (5.0s)
  DLA1   vgprix          OK        (5.2s)
  DLA1   lst16           OK        (5.1s)
  DLA1   nohighrpr       OK        (5.2s)
  DLA1   lst256          OK        (5.1s)
  DLA1   sghazard0       OK        (5.0s)
  DLA1   sghazard64      OK        (5.2s)
  DLA1   wpv0            OK        (5.2s)
  DLA2   mb50            OK        (4.7s)
  DLA2   mb100           OK        (4.7s)
  DLA2   mb0             OK        (4.8s)
  DLA1   lwt50           OK        (5.0s)
  DLA1   wpv500          OK        (5.2s)
  DLA1   lwt100          OK        (5.1s)
  DLA2   mb200           OK        (4.7s)
  DLA2   relaxocc        OK        (4.7s)
  DLA2   mb0_relaxocc    OK        (4.6s)
  DLA2   pav16           OK        (4.7s)
  DLA2   pav64           OK        (4.6s)
  DLA2   pav32           OK        (4.7s)
  DLA2   nopav           OK        (4.7s)
  DLA2   nodiv           OK        (4.6s)
  DLA2   nomergem0       OK        (4.6s)
  DLA2   nomisched       OK        (4.7s)
  DLA2   dppc            OK        (4.7s)
  DLA2   nodppc          OK        (4.7s)
  DLA2   vgprix          OK        (4.6s)
  DLA2   regclassglob    OK        (4.7s)
  DLA2   nolowoccr       OK        (4.7s)
  DLA2   nohighrpr       OK        (4.7s)
  DLA2   lst16           OK        (4.7s)
  DLA2   sghazard0       OK        (4.7s)
  DLA2   lst256          OK        (4.8s)
  DLA2   sghazard64      OK        (4.7s)
  DLA2   wpv0            OK        (4.6s)
  DLA2   wpv500          OK        (4.7s)
  DLA2   lwt50           OK        (4.7s)
  DLA2   lwt100          OK        (4.7s)
  DLA7   mb0             OK        (4.7s)
  DLA7   mb50            OK        (4.7s)
  DLA7   mb100           OK        (4.7s)
  DLA7   relaxocc        OK        (4.6s)
  DLA7   mb0_relaxocc    OK        (4.7s)
  DLA7   mb200           OK        (4.8s)
  DLA7   pav16           OK        (4.6s)
  DLA7   pav32           OK        (4.7s)
  DLA7   pav64           OK        (4.7s)
  DLA7   nopav           OK        (4.7s)
  DLA7   nodiv           OK        (4.6s)
  DLA7   nomergem0       OK        (4.6s)
  DLA7   nomisched       OK        (4.7s)
  DLA7   nodppc          OK        (4.6s)
  DLA7   dppc            OK        (4.8s)
  DLA7   vgprix          OK        (4.7s)
  DLA7   regclassglob    OK        (4.8s)
  DLA7   nolowoccr       OK        (4.7s)
  DLA7   nohighrpr       OK        (4.7s)
  DLA7   lst16           OK        (4.7s)
  DLA7   lst256          OK        (4.6s)
  DLA7   sghazard64      OK        (4.6s)
  DLA7   sghazard0       OK        (4.8s)
  DLA7   wpv0            OK        (4.7s)
  DLA7   wpv500          OK        (4.7s)
  DLA7   lwt50           OK        (4.7s)
  DLA7   lwt100          OK        (4.7s)
  P1     pav16           FAIL      (2.5s)
  P1     pav32           FAIL      (2.5s)
  P1     mb0             OK        (5.0s)
  P1     pav64           FAIL      (2.4s)
  P1     mb100           OK        (5.0s)
  P1     mb50            OK        (5.1s)
  P1     nopav           FAIL      (2.4s)
  P1     mb200           OK        (4.9s)
  P1     relaxocc        OK        (4.9s)
  P1     mb0_relaxocc    OK        (5.0s)
  P1     nodiv           OK        (4.9s)
  P1     nomergem0       OK        (5.0s)
  P1     nomisched       OK        (5.0s)
  P1     nodppc          OK        (4.9s)
  P1     vgprix          OK        (5.0s)
  P1     dppc            OK        (5.1s)
  P1     regclassglob    OK        (5.3s)
  P1     nolowoccr       OK        (5.2s)
  P1     nohighrpr       OK        (5.1s)
  P1     lst16           OK        (5.0s)
  P1     lst256          OK        (5.0s)
  P1     sghazard64      OK        (4.9s)
  P1     sghazard0       OK        (5.0s)
  P1     wpv500          OK        (4.9s)
  P1     wpv0            OK        (5.0s)
  P1     lwt50           OK        (5.0s)
  P1     lwt100          OK        (4.9s)

Elapsed: 53.5s   ok=100 cached=0 fail=8

FAILURES:
--- DLA1 nopav ---
-linux-gnu -ldl -lm -DK_DIM=128256 -DN_DIM=32768 -DTAIL_SPLIT=1 -DSTEP3_PF_N=6 -DSTEP4_PF_N=6 -DSTEP12_BR_LGKMCNT=2 -DSTEP3_BARRIER_VMCNT=12 -mllvm -amdgpu-sched-strategy=max-memory-clause -mllvm -disable-promote-alloca-to-vector -o "/shared_nfs/kyle/test/HipKittens/analysis/fp8_gemm/mi350x/build_all42/tk_mxfp4_gluon_cpp_n32768_k128256_ts_pf6_6_v12_memc_r14a_nopav.cpython-310-x86_64-linux-gnu.so"


--- DLA1 pav64 ---
nu -ldl -lm -DK_DIM=128256 -DN_DIM=32768 -DTAIL_SPLIT=1 -DSTEP3_PF_N=6 -DSTEP4_PF_N=6 -DSTEP12_BR_LGKMCNT=2 -DSTEP3_BARRIER_VMCNT=12 -mllvm -amdgpu-sched-strategy=max-memory-clause -mllvm -amdgpu-promote-alloca-to-vector-limit=64 -o "/shared_nfs/kyle/test/HipKittens/analysis/fp8_gemm/mi350x/build_all42/tk_mxfp4_gluon_cpp_n32768_k128256_ts_pf6_6_v12_memc_r14a_pav64.cpython-310-x86_64-linux-gnu.so"


--- DLA1 pav32 ---
nu -ldl -lm -DK_DIM=128256 -DN_DIM=32768 -DTAIL_SPLIT=1 -DSTEP3_PF_N=6 -DSTEP4_PF_N=6 -DSTEP12_BR_LGKMCNT=2 -DSTEP3_BARRIER_VMCNT=12 -mllvm -amdgpu-sched-strategy=max-memory-clause -mllvm -amdgpu-promote-alloca-to-vector-limit=32 -o "/shared_nfs/kyle/test/HipKittens/analysis/fp8_gemm/mi350x/build_all42/tk_mxfp4_gluon_cpp_n32768_k128256_ts_pf6_6_v12_memc_r14a_pav32.cpython-310-x86_64-linux-gnu.so"


--- DLA1 pav16 ---
nu -ldl -lm -DK_DIM=128256 -DN_DIM=32768 -DTAIL_SPLIT=1 -DSTEP3_PF_N=6 -DSTEP4_PF_N=6 -DSTEP12_BR_LGKMCNT=2 -DSTEP3_BARRIER_VMCNT=12 -mllvm -amdgpu-sched-strategy=max-memory-clause -mllvm -amdgpu-promote-alloca-to-vector-limit=16 -o "/shared_nfs/kyle/test/HipKittens/analysis/fp8_gemm/mi350x/build_all42/tk_mxfp4_gluon_cpp_n32768_k128256_ts_pf6_6_v12_memc_r14a_pav16.cpython-310-x86_64-linux-gnu.so"


--- P1 pav16 ---
s/pybind11/include -shared -fPIC -std=c++20 -w -L/usr/lib/python3.10/config-3.10-x86_64-linux-gnu -L/usr/lib/x86_64-linux-gnu -ldl -lm -DK_DIM=16384 -DN_DIM=4096 -DTAIL_SPLIT=1 -DGROUP_SIZE_M=8 -mllvm -amdgpu-promote-alloca-to-vector-limit=16 -o "/shared_nfs/kyle/test/HipKittens/analysis/fp8_gemm/mi350x/build_all42/tk_mxfp4_gluon_cpp_n4096_k16384_ts_gm8_r14a_pav16.cpython-310-x86_64-linux-gnu.so"


--- P1 pav32 ---
s/pybind11/include -shared -fPIC -std=c++20 -w -L/usr/lib/python3.10/config-3.10-x86_64-linux-gnu -L/usr/lib/x86_64-linux-gnu -ldl -lm -DK_DIM=16384 -DN_DIM=4096 -DTAIL_SPLIT=1 -DGROUP_SIZE_M=8 -mllvm -amdgpu-promote-alloca-to-vector-limit=32 -o "/shared_nfs/kyle/test/HipKittens/analysis/fp8_gemm/mi350x/build_all42/tk_mxfp4_gluon_cpp_n4096_k16384_ts_gm8_r14a_pav32.cpython-310-x86_64-linux-gnu.so"


--- P1 pav64 ---
s/pybind11/include -shared -fPIC -std=c++20 -w -L/usr/lib/python3.10/config-3.10-x86_64-linux-gnu -L/usr/lib/x86_64-linux-gnu -ldl -lm -DK_DIM=16384 -DN_DIM=4096 -DTAIL_SPLIT=1 -DGROUP_SIZE_M=8 -mllvm -amdgpu-promote-alloca-to-vector-limit=64 -o "/shared_nfs/kyle/test/HipKittens/analysis/fp8_gemm/mi350x/build_all42/tk_mxfp4_gluon_cpp_n4096_k16384_ts_gm8_r14a_pav64.cpython-310-x86_64-linux-gnu.so"


--- P1 nopav ---
-packages/pybind11/include -shared -fPIC -std=c++20 -w -L/usr/lib/python3.10/config-3.10-x86_64-linux-gnu -L/usr/lib/x86_64-linux-gnu -ldl -lm -DK_DIM=16384 -DN_DIM=4096 -DTAIL_SPLIT=1 -DGROUP_SIZE_M=8 -mllvm -disable-promote-alloca-to-vector -o "/shared_nfs/kyle/test/HipKittens/analysis/fp8_gemm/mi350x/build_all42/tk_mxfp4_gluon_cpp_n4096_k16384_ts_gm8_r14a_nopav.cpython-310-x86_64-linux-gnu.so"


