Round 14 OptC DLA1 builds: 31 variants
====================================================================================================
  _ts_pf6_6_v12_memc_r14c_v1_membound50              cached   (0.0s)
  _ts_pf6_6_v12_memc_r14c_v1_regalloc_bias           cached   (0.0s)
  _ts_pf6_6_v12_memc_r14c_v1_membound200             cached   (0.0s)
  _ts_pf6_6_v12_memc_r14c_v2_v8                      cached   (0.0s)
  _ts_pf6_6_v12_memc_r14c_v2_v4                      cached   (0.0s)
  _ts_pf6_6_v12_memc_r14c_v2_v16                     cached   (0.0s)
  _ts_pf6_6_v12_memc_r14c_v2_v20                     cached   (0.0s)
  _ts_pf6_6_v12_memc_r14c_v3_brlgk0                  cached   (0.0s)
  _ts_pf6_6_v12_memc_r14c_v2_v24                     cached   (0.0s)
  _ts_pf6_6_v12_memc_r14c_v3_brlgk4                  cached   (0.0s)
  _ts_pf6_6_v12_memc_r14c_v4_tbv0                    cached   (0.0s)
  _ts_pf6_6_v12_memc_r14c_v4_tbv4                    cached   (0.0s)
  _ts_pf6_6_v12_memc_r14c_v4_tbv16                   cached   (0.0s)
  _ts_pf6_6_v12_memc_r14c_v5_gm2                     cached   (0.0s)
  _ts_pf6_6_v12_memc_r14c_v5_gm1                     cached   (0.0s)
  _ts_pf6_6_v12_memc_r14c_v6_noembed                 cached   (0.0s)
  _ts_pf6_6_v12_memc_r14c_v5_gm8                     cached   (0.0s)
  _ts_pf6_6_v12_memc_r14c_v7_extbr                   cached   (0.0s)
  _ts_pf6_6_v12_memc_r14c_v8_wpe2                    cached   (0.0s)
  _ts_pf6_6_v12_memc_r14c_v9_persistent_b32          cached   (0.0s)
  _ts_pf6_6_v12_memc_r14c_v9_persistent_b16          cached   (0.0s)
  _ts_pf6_6_v12_memc_r14c_v10_static_xcd             cached   (0.0s)
  _ts_pf6_6_v12_memc_r14c_cb_tbv16_brlgk4            cached   (0.0s)
  _ts_pf6_6_v12_memc_r14c_cb_gm8_tbv16               cached   (0.0s)
  _ts_pf6_6_v12_memc_r14c_v1_dpp                     OK       (5.0s)
  _ts_pf6_6_v12_memc_r14c_v1_aaincg                  OK       (5.1s)
  _ts_pf6_6_v12_memc_r14c_v1_membound200_relaxedocc  OK       (5.1s)
  _ts_pf6_6_v12_memc_r14c_cb_membound200_dpp         OK       (5.1s)
  _ts_pf6_6_v12_memc_r14c_v1_loopprefetch            OK       (5.2s)
  _ts_pf6_6_v12_memc_r14c_v1_dceinra                 OK       (5.2s)
  _ts_pf6_6_v12_memc_r14c_v1_relaxedocc              OK       (5.2s)

Elapsed: 5.3s
