Total builds: 20  (workers=10)
  S1_14336x4096x32768      _v16_wpe2_r13c_itermaxocc                  OK       (5.4s)
  S3_4096x32768x28672      _v20_memc_r13c_itermaxocc                  OK       (5.4s)
  S3_4096x32768x28672      _v20_memc_r13c_iterminreg                  OK       (5.4s)
  S1_14336x4096x32768      _v16_wpe2_r13c_iterminreg                  OK       (5.5s)
  S2_16384x4096x28672      _u8_r13c_itermaxocc                        OK       (5.5s)
  S1_14336x4096x32768      _v16_wpe2_r13c_iterilp_v24                 OK       (5.5s)
  S2_16384x4096x28672      _u8_r13c_iterminreg                        OK       (5.5s)
  S1_14336x4096x32768      _v16_wpe2_r13c_iterilp_brlgk4              OK       (5.6s)
  S2_16384x4096x28672      _u8_r13c_iterilp_brlgk4                    OK       (5.6s)
  S2_16384x4096x28672      _u8_r13c_iterilp_v24                       OK       (5.6s)
  S3_4096x32768x28672      _v20_memc_r13c_iterilp_brlgk4              OK       (10.0s)
  S5_4096x32768x14336      _ts_lgk2_memc_r13c_iterilp_brlgk4          OK       (10.1s)
  S3_4096x32768x28672      _v20_memc_r13c_iterilp_v24                 OK       (10.2s)
  S5_4096x32768x14336      _ts_lgk2_memc_r13c_iterilp_v24             OK       (12.2s)
  S5_4096x32768x14336      _ts_lgk2_memc_r13c_iterminreg              OK       (12.2s)
  S4_4096x28672x32768      _u16_r13c_iterilp_brlgk4                   OK       (12.2s)
  S4_4096x28672x32768      _u16_r13c_itermaxocc                       OK       (12.3s)
  S4_4096x28672x32768      _u16_r13c_iterilp_v24                      OK       (12.3s)
  S4_4096x28672x32768      _u16_r13c_iterminreg                       OK       (12.3s)
  S5_4096x32768x14336      _ts_lgk2_memc_r13c_itermaxocc              OK       (12.3s)

Elapsed: 18.0s
