CMD: /opt/rocm/bin/hipcc /shared_nfs/kyle/test/HipKittens/analysis/fp8_gemm/mi350x/build_all42/wrap_n4096_k16384_ts_gm8_r18b_dblc.cpp --offload-arch=gfx950 -DKITTENS_CDNA4 -DHIP_ENABLE_WARP_SYNC_BUILTINS -ffast-math -I/opt/rocm/include/rocrand -I/shared_nfs/kyle/test/HipKittens/include -I/shared_nfs/kyle/test/HipKittens/prototype -I/opt/rocm/include/hip -I/usr/include/python3.10 -I/opt/venv/lib/python3.10/site-packages/pybind11/include -shared -fPIC -std=c++20 -w -Rpass-analysis=kernel-resource-usage -L/usr/lib/python3.10/config-3.10-x86_64-linux-gnu -L/usr/lib/x86_64-linux-gnu -ldl -lm -DK_DIM=16384 -DN_DIM=4096 -DTAIL_SPLIT=1 -DGROUP_SIZE_M=8 -DDOUBLE_C_PINGPONG=1 -o /shared_nfs/kyle/test/HipKittens/analysis/fp8_gemm/mi350x/build_all42/tk_mxfp4_gluon_cpp_n4096_k16384_ts_gm8_r18b_dblc.cpython-310-x86_64-linux-gnu.so

STDOUT:


STDERR:
/shared_nfs/kyle/test/HipKittens/analysis/fp8_gemm/mi350x/build_all42/wrap_n4096_k16384_ts_gm8_r18b_dblc.cpp:1421:9: error: invalid operand for instruction
 1421 |         "v_mfma_scale_f32_16x16x128_f8f6f4 %0,  %28, %36, %0,  %40, %42 op_sel_hi:[1,1,0] cbsz:4 blgp:4\n"
      |         ^
<inline asm>:1:78: note: instantiated into assembly here
    1 |         v_mfma_scale_f32_16x16x128_f8f6f4 a[60:63],  v[18:21], a[60:63], a[60:63],  a[44:47], a[36:39] op_sel_hi:[1,1,0] cbsz:4 blgp:4
      |                                                                                     ^
/shared_nfs/kyle/test/HipKittens/analysis/fp8_gemm/mi350x/build_all42/wrap_n4096_k16384_ts_gm8_r18b_dblc.cpp:1422:10: error: invalid operand for instruction
 1422 |         "v_mfma_scale_f32_16x16x128_f8f6f4 %1,  %28, %37, %1,  %40, %42 op_sel:[0,1,0] op_sel_hi:[1,1,0] cbsz:4 blgp:4\n"
      |          ^
<inline asm>:2:77: note: instantiated into assembly here
    2 | v_mfma_scale_f32_16x16x128_f8f6f4 a[56:59],  v[18:21], a[56:59], a[56:59],  a[44:47], a[36:39] op_sel:[0,1,0] op_sel_hi:[1,1,0] cbsz:4 blgp:4
      |                                                                             ^
/shared_nfs/kyle/test/HipKittens/analysis/fp8_gemm/mi350x/build_all42/wrap_n4096_k16384_ts_gm8_r18b_dblc.cpp:1423:10: error: invalid operand for instruction
 1423 |         "v_mfma_scale_f32_16x16x128_f8f6f4 %2,  %28, %38, %2,  %40, %43 op_sel_hi:[1,1,0] cbsz:4 blgp:4\n"
      |          ^
<inline asm>:3:77: note: instantiated into assembly here
    3 | v_mfma_scale_f32_16x16x128_f8f6f4 a[52:55],  v[18:21], a[52:55], a[52:55],  a[44:47], a[32:35] op_sel_hi:[1,1,0] cbsz:4 blgp:4
      |                                                                             ^
/shared_nfs/kyle/test/HipKittens/analysis/fp8_gemm/mi350x/build_all42/wrap_n4096_k16384_ts_gm8_r18b_dblc.cpp:1424:10: error: invalid operand for instruction
 1424 |         "v_mfma_scale_f32_16x16x128_f8f6f4 %3,  %28, %39, %3,  %40, %43 op_sel:[0,1,0] op_sel_hi:[1,1,0] cbsz:4 blgp:4\n"
      |          ^
<inline asm>:4:77: note: instantiated into assembly here
    4 | v_mfma_scale_f32_16x16x128_f8f6f4 a[48:51],  v[18:21], a[48:51], a[48:51],  a[44:47], a[32:35] op_sel:[0,1,0] op_sel_hi:[1,1,0] cbsz:4 blgp:4
      |                                                                             ^
/shared_nfs/kyle/test/HipKittens/analysis/fp8_gemm/mi350x/build_all42/wrap_n4096_k16384_ts_gm8_r18b_dblc.cpp:1426:10: error: invalid operand for instruction
 1426 |         "v_mfma_scale_f32_16x16x128_f8f6f4 %4,  %29, %36, %4,  %40, %42 op_sel:[1,0,0] op_sel_hi:[1,1,0] cbsz:4 blgp:4\n"
      |          ^
<inline asm>:5:77: note: instantiated into assembly here
    5 | v_mfma_scale_f32_16x16x128_f8f6f4 a[44:47],  v[22:25], a[60:63], a[44:47],  a[44:47], a[36:39] op_sel:[1,0,0] op_sel_hi:[1,1,0] cbsz:4 blgp:4
      |                                                                             ^
/shared_nfs/kyle/test/HipKittens/analysis/fp8_gemm/mi350x/build_all42/wrap_n4096_k16384_ts_gm8_r18b_dblc.cpp:1427:10: error: invalid operand for instruction
 1427 |         "v_mfma_scale_f32_16x16x128_f8f6f4 %5,  %29, %37, %5,  %40, %42 op_sel:[1,1,0] op_sel_hi:[1,1,0] cbsz:4 blgp:4\n"
      |          ^
<inline asm>:6:77: note: instantiated into assembly here
    6 | v_mfma_scale_f32_16x16x128_f8f6f4 a[40:43],  v[22:25], a[56:59], a[40:43],  a[44:47], a[36:39] op_sel:[1,1,0] op_sel_hi:[1,1,0] cbsz:4 blgp:4
      |                                                                             ^
/shared_nfs/kyle/test/HipKittens/analysis/fp8_gemm/mi350x/build_all42/wrap_n4096_k16384_ts_gm8_r18b_dblc.cpp:1428:10: error: invalid operand for instruction
 1428 |         "v_mfma_scale_f32_16x16x128_f8f6f4 %6,  %29, %38, %6,  %40, %43 op_sel:[1,0,0] op_sel_hi:[1,1,0] cbsz:4 blgp:4\n"
      |          ^
<inline asm>:7:77: note: instantiated into assembly here
    7 | v_mfma_scale_f32_16x16x128_f8f6f4 a[36:39],  v[22:25], a[52:55], a[36:39],  a[44:47], a[32:35] op_sel:[1,0,0] op_sel_hi:[1,1,0] cbsz:4 blgp:4
      |                                                                             ^
/shared_nfs/kyle/test/HipKittens/analysis/fp8_gemm/mi350x/build_all42/wrap_n4096_k16384_ts_gm8_r18b_dblc.cpp:1429:10: error: invalid operand for instruction
 1429 |         "v_mfma_scale_f32_16x16x128_f8f6f4 %7,  %29, %39, %7,  %40, %43 op_sel:[1,1,0] op_sel_hi:[1,1,0] cbsz:4 blgp:4\n"
      |          ^
<inline asm>:8:77: note: instantiated into assembly here
    8 | v_mfma_scale_f32_16x16x128_f8f6f4 a[32:35],  v[22:25], a[48:51], a[32:35],  a[44:47], a[32:35] op_sel:[1,1,0] op_sel_hi:[1,1,0] cbsz:4 blgp:4
      |                                                                             ^
/shared_nfs/kyle/test/HipKittens/analysis/fp8_gemm/mi350x/build_all42/wrap_n4096_k16384_ts_gm8_r18b_dblc.cpp:1431:10: error: invalid operand for instruction
 1431 |         "v_mfma_scale_f32_16x16x128_f8f6f4 %8,  %30, %36, %8,  %41, %42 op_sel_hi:[1,1,0] cbsz:4 blgp:4\n"
      |          ^
<inline asm>:9:77: note: instantiated into assembly here
    9 | v_mfma_scale_f32_16x16x128_f8f6f4 a[28:31],  v[26:29], a[60:63], a[28:31],  a[40:43], a[36:39] op_sel_hi:[1,1,0] cbsz:4 blgp:4
      |                                                                             ^
/shared_nfs/kyle/test/HipKittens/analysis/fp8_gemm/mi350x/build_all42/wrap_n4096_k16384_ts_gm8_r18b_dblc.cpp:1432:10: error: invalid operand for instruction
 1432 |         "v_mfma_scale_f32_16x16x128_f8f6f4 %9,  %30, %37, %9,  %41, %42 op_sel:[0,1,0] op_sel_hi:[1,1,0] cbsz:4 blgp:4\n"
      |          ^
<inline asm>:10:77: note: instantiated into assembly here
   10 | v_mfma_scale_f32_16x16x128_f8f6f4 a[24:27],  v[26:29], a[56:59], a[24:27],  a[40:43], a[36:39] op_sel:[0,1,0] op_sel_hi:[1,1,0] cbsz:4 blgp:4
      |                                                                             ^
/shared_nfs/kyle/test/HipKittens/analysis/fp8_gemm/mi350x/build_all42/wrap_n4096_k16384_ts_gm8_r18b_dblc.cpp:1433:10: error: invalid operand for instruction
 1433 |         "v_mfma_scale_f32_16x16x128_f8f6f4 %10, %30, %38, %10, %41, %43 op_sel_hi:[1,1,0] cbsz:4 blgp:4\n"
      |          ^
<inline asm>:11:75: note: instantiated into assembly here
   11 | v_mfma_scale_f32_16x16x128_f8f6f4 a[20:23], v[26:29], a[52:55], a[20:23], a[40:43], a[32:35] op_sel_hi:[1,1,0] cbsz:4 blgp:4
      |                                                                           ^
/shared_nfs/kyle/test/HipKittens/analysis/fp8_gemm/mi350x/build_all42/wrap_n4096_k16384_ts_gm8_r18b_dblc.cpp:1434:10: error: invalid operand for instruction
 1434 |         "v_mfma_scale_f32_16x16x128_f8f6f4 %11, %30, %39, %11, %41, %43 op_sel:[0,1,0] op_sel_hi:[1,1,0] cbsz:4 blgp:4\n"
      |          ^
<inline asm>:12:75: note: instantiated into assembly here
   12 | v_mfma_scale_f32_16x16x128_f8f6f4 a[16:19], v[26:29], a[48:51], a[16:19], a[40:43], a[32:35] op_sel:[0,1,0] op_sel_hi:[1,1,0] cbsz:4 blgp:4
      |                                                                           ^
/shared_nfs/kyle/test/HipKittens/analysis/fp8_gemm/mi350x/build_all42/wrap_n4096_k16384_ts_gm8_r18b_dblc.cpp:1436:10: error: invalid operand for instruction
 1436 |         "v_mfma_scale_f32_16x16x128_f8f6f4 %12, %31, %36, %12, %41, %42 op_sel:[1,0,0] op_sel_hi:[1,1,0] cbsz:4 blgp:4\n"
      |          ^
<inline asm>:13:75: note: instantiated into assembly here
   13 | v_mfma_scale_f32_16x16x128_f8f6f4 a[12:15], v[30:33], a[60:63], a[12:15], a[40:43], a[36:39] op_sel:[1,0,0] op_sel_hi:[1,1,0] cbsz:4 blgp:4
      |                                                                           ^
/shared_nfs/kyle/test/HipKittens/analysis/fp8_gemm/mi350x/build_all42/wrap_n4096_k16384_ts_gm8_r18b_dblc.cpp:1437:10: error: invalid operand for instruction
 1437 |         "v_mfma_scale_f32_16x16x128_f8f6f4 %13, %31, %37, %13, %41, %42 op_sel:[1,1,0] op_sel_hi:[1,1,0] cbsz:4 blgp:4\n"
      |          ^
<inline asm>:14:73: note: instantiated into assembly here
   14 | v_mfma_scale_f32_16x16x128_f8f6f4 a[8:11], v[30:33], a[56:59], a[8:11], a[40:43], a[36:39] op_sel:[1,1,0] op_sel_hi:[1,1,0] cbsz:4 blgp:4
      |                                                                         ^
/shared_nfs/kyle/test/HipKittens/analysis/fp8_gemm/mi350x/build_all42/wrap_n4096_k16384_ts_gm8_r18b_dblc.cpp:1438:10: error: invalid operand for instruction
 1438 |         "v_mfma_scale_f32_16x16x128_f8f6f4 %14, %31, %38, %14, %41, %43 op_sel:[1,0,0] op_sel_hi:[1,1,0] cbsz:4 blgp:4\n"
      |          ^
<inline asm>:15:71: note: instantiated into assembly here
   15 | v_mfma_scale_f32_16x16x128_f8f6f4 a[4:7], v[30:33], a[52:55], a[4:7], a[40:43], a[32:35] op_sel:[1,0,0] op_sel_hi:[1,1,0] cbsz:4 blgp:4
      |                                                                       ^
/shared_nfs/kyle/test/HipKittens/analysis/fp8_gemm/mi350x/build_all42/wrap_n4096_k16384_ts_gm8_r18b_dblc.cpp:1439:10: error: invalid operand for instruction
 1439 |         "v_mfma_scale_f32_16x16x128_f8f6f4 %15, %31, %39, %15, %41, %43 op_sel:[1,1,0] op_sel_hi:[1,1,0] cbsz:4 blgp:4\n"
      |          ^
<inline asm>:16:71: note: instantiated into assembly here
   16 | v_mfma_scale_f32_16x16x128_f8f6f4 a[0:3], v[30:33], a[48:51], a[0:3], a[40:43], a[32:35] op_sel:[1,1,0] op_sel_hi:[1,1,0] cbsz:4 blgp:4
      |                                                                       ^
/shared_nfs/kyle/test/HipKittens/analysis/fp8_gemm/mi350x/build_all42/wrap_n4096_k16384_ts_gm8_r18b_dblc.cpp:1421:9: error: invalid operand for instruction
 1421 |         "v_mfma_scale_f32_16x16x128_f8f6f4 %0,  %28, %36, %0,  %40, %42 op_sel_hi:[1,1,0] cbsz:4 blgp:4\n"
      |         ^
<inline asm>:1:86: note: instantiated into assembly here
    1 |         v_mfma_scale_f32_16x16x128_f8f6f4 a[236:239],  v[156:159], a[236:239], a[236:239],  a[216:219], a[196:199] op_sel_hi:[1,1,0] cbsz:4 blgp:4
      |                                                                                             ^
/shared_nfs/kyle/test/HipKittens/analysis/fp8_gemm/mi350x/build_all42/wrap_n4096_k16384_ts_gm8_r18b_dblc.cpp:1422:10: error: invalid operand for instruction
 1422 |         "v_mfma_scale_f32_16x16x128_f8f6f4 %1,  %28, %37, %1,  %40, %42 op_sel:[0,1,0] op_sel_hi:[1,1,0] cbsz:4 blgp:4\n"
      |          ^
<inline asm>:2:85: note: instantiated into assembly here
    2 | v_mfma_scale_f32_16x16x128_f8f6f4 a[228:231],  v[156:159], a[228:231], a[228:231],  a[216:219], a[196:199] op_sel:[0,1,0] op_sel_hi:[1,1,0] cbsz:4 blgp:4
      |                                                                                     ^
/shared_nfs/kyle/test/HipKittens/analysis/fp8_gemm/mi350x/build_all42/wrap_n4096_k16384_ts_gm8_r18b_dblc.cpp:1423:10: error: invalid operand for instruction
 1423 |         "v_mfma_scale_f32_16x16x128_f8f6f4 %2,  %28, %38, %2,  %40, %43 op_sel_hi:[1,1,0] cbsz:4 blgp:4\n"
      |          ^
<inline asm>:3:85: note: instantiated into assembly here
    3 | v_mfma_scale_f32_16x16x128_f8f6f4 a[224:227],  v[156:159], a[224:227], a[224:227],  a[216:219], a[192:195] op_sel_hi:[1,1,0] cbsz:4 blgp:4
      |                                                                                     ^
fatal error: too many errors emitted, stopping now [-ferror-limit=]
20 errors generated when compiling for gfx950.
failed to execute:/opt/rocm/lib/llvm/bin/clang++  --offload-arch=gfx950 -O3 --driver-mode=g++ -O3 --hip-link  -x hip /shared_nfs/kyle/test/HipKittens/analysis/fp8_gemm/mi350x/build_all42/wrap_n4096_k16384_ts_gm8_r18b_dblc.cpp -DKITTENS_CDNA4 -DHIP_ENABLE_WARP_SYNC_BUILTINS -ffast-math -I/opt/rocm/include/rocrand -I/shared_nfs/kyle/test/HipKittens/include -I/shared_nfs/kyle/test/HipKittens/prototype -I/opt/rocm/include/hip -I/usr/include/python3.10 -I/opt/venv/lib/python3.10/site-packages/pybind11/include -shared -fPIC -std=c++20 -w -Rpass-analysis=kernel-resource-usage -L/usr/lib/python3.10/config-3.10-x86_64-linux-gnu -L/usr/lib/x86_64-linux-gnu -ldl -lm -DK_DIM=16384 -DN_DIM=4096 -DTAIL_SPLIT=1 -DGROUP_SIZE_M=8 -DDOUBLE_C_PINGPONG=1 -o "/shared_nfs/kyle/test/HipKittens/analysis/fp8_gemm/mi350x/build_all42/tk_mxfp4_gluon_cpp_n4096_k16384_ts_gm8_r18b_dblc.cpython-310-x86_64-linux-gnu.so"

