MXFP4 Parallel Benchmark R22 - GPUs: [0, 1, 2, 3, 4, 6, 7]
Variants: 129, Shapes: 42
warmup=200, iters=500, trim=0.1
Per-variant timeout: 180s
================================================================================
[ 7/42]  16384x 14336x  2048   3493.1 vs  3301.3  (105.8%)  WIN  [ts_lgk2_v12_memc_btw_all]  GPU7
[ 1/42]  16384x  4096x  2048   3360.0 vs  2995.0  (112.2%)  WIN  [ts_v12_tv0_memc_btw_all]  GPU0
[ 5/42]  32768x  4096x  3072   4014.8 vs  3630.6  (110.6%)  WIN  [ts_v12_tv0_memc_btw_all]  GPU4
[ 6/42]  32768x  6144x  2048   3431.8 vs  3239.9  (105.9%)  WIN  [ts_v12_tv0_memc_btw_all]  GPU6
[ 3/42]  16384x  6144x  2048   3429.4 vs  3047.6  (112.5%)  WIN  [ts_v12_tv0_memc_btw_all]  GPU2
[ 2/42]  16384x  4096x  3072   3889.4 vs  3492.3  (111.4%)  WIN  [ts_v12_tv0_memc_btw_all]  GPU1
[ 4/42]  32768x  4096x  2048   3430.8 vs  3131.8  (109.5%)  WIN  [ts_v12]  GPU3
[14/42]   4096x  4096x  8192   4371.7 vs  3959.9  (110.4%)  WIN  [ts_v12_tv0_memc_btw_all]  GPU7
[13/42]   6144x  4096x 16384   4562.2 vs  4428.1  (103.0%)  WIN  [lgk2_dc_btw_step3]  GPU6
[12/42]   4096x 14336x 16384   4965.0 vs  5013.0  ( 99.0%)  LOSE  [ts_lgk2_memc_btw_all]  GPU4
[ 8/42]  16384x 28672x  2048   3445.8 vs  3482.3  ( 99.0%)  LOSE  [ts_gm2_v12_memc_btw_all]  GPU0
[ 9/42]  32768x 14336x  2048   3542.5 vs  3351.4  (105.7%)  WIN  [ts_gm2_v12_memc_btw_all]  GPU1
[10/42]  32768x 28672x  2048   3459.0 vs  3353.4  (103.1%)  WIN  [ts_gm2_v12_memc_btw_all]  GPU2
[11/42]   4096x  4096x 16384   5131.3 vs  4642.1  (110.5%)  WIN  [ts_lgk2_btw_step3]  GPU3
[21/42]   4096x 32768x 14336   5129.0 vs  5296.1  ( 96.8%)  LOSE  [ts_v12_tv0_memc_btw_all]  GPU7
[20/42]   4096x 32768x  6144   4514.2 vs  4548.6  ( 99.2%)  LOSE  [ts_gm2_v12_memc_btw_all]  GPU6
[19/42]   4096x 32768x  4096   4409.4 vs  4166.5  (105.8%)  WIN  [ts_v12_tv0_memc_btw_all]  GPU4
[15/42]   4096x  4096x 32768   5388.6 vs  5152.8  (104.6%)  WIN  [ts_lgk2_btw_step3]  GPU0
[16/42]   4096x  6144x 32768   4876.0 vs  3784.2  (128.9%)  WIN  [lgk2_dc_btw_all]  GPU1
[17/42]   4096x 14336x  8192   4535.1 vs  4345.8  (104.4%)  WIN  [ts_v12_tv0_memc_btw_all]  GPU2
[18/42]   4096x 28672x 32768   5436.2 vs  5649.9  ( 96.2%)  LOSE  [ts_v12_tv0_memc_btw_all]  GPU3
[27/42]  14336x  4096x 32768   5056.0 vs  5245.4  ( 96.4%)  LOSE  [ts_lgk2_memc_btw_all]  GPU6
[26/42]   6144x 32768x  4096   4517.5 vs  4291.0  (105.3%)  WIN  [ts_pf4_memc_btw_step3]  GPU4
[28/42]  14336x 32768x  4096   4407.8 vs  4462.6  ( 98.8%)  LOSE  [ts_v12_tv0_memc_btw_all]  GPU7
[22/42]   4096x 32768x 28672   5461.4 vs  5568.2  ( 98.1%)  LOSE  [lgk2_dc_btw_all]  GPU0
[25/42]   6144x  4096x  8192   4163.9 vs  3822.0  (108.9%)  WIN  [v20_memc_btw_step3]  GPU3
[34/42]  16384x  6144x  4096   4337.2 vs  4042.5  (107.3%)  WIN  [ts_lgk2_v12_memc_btw_all]  GPU6
[33/42]  16384x  4096x 28672   5248.3 vs  5525.3  ( 95.0%)  LOSE  [ts_lgk2_memc_btw_all]  GPU4
[35/42]  16384x 14336x  4096   4429.0 vs  4255.8  (104.1%)  WIN  [ts_lgk2_v12_memc_btw_all]  GPU7
[29/42]  16384x  4096x  4096   4321.2 vs  3951.8  (109.3%)  WIN  [ts_lgk2_v12_memc_btw_all]  GPU0
[32/42]  16384x  4096x 14336   5234.3 vs  5142.1  (101.8%)  WIN  [ts_v12_tv0_memc_btw_all]  GPU3
[23/42]   4096x 32768x128256   5368.7 vs  5781.1  ( 92.9%)  LOSE  [p1_btw_all]  GPU1
[41/42]  32768x  4096x 14336   5161.4 vs  5223.4  ( 98.8%)  LOSE  [ts_lgk2_btw_step3]  GPU6
[24/42]   4096x128256x 32768   5303.9 vs  3195.3  (166.0%)  WIN  [ts_lgk2_btw_step3]  GPU2
[40/42]  32768x  4096x  7168   4732.3 vs  4666.8  (101.4%)  WIN  [ts_v12_tv0_memc_btw_all]  GPU4
[36/42]  16384x 28672x  4096   4409.9 vs  4411.7  (100.0%)  LOSE  [ts_gm2_v12_memc_dc_btw_all]  GPU0
[30/42]  16384x  4096x  6144   4741.4 vs  4259.9  (111.3%)  WIN  [ts_lgk2_memc_btw_all]  GPU1
[39/42]  28672x 32768x  4096   4309.2 vs  4466.6  ( 96.5%)  LOSE  [ts_lgk2_v12_memc_btw_all]  GPU3
[31/42]  16384x  4096x  7168   4648.0 vs  4443.2  (104.6%)  WIN  [ts_v12_tv0_memc_btw_all]  GPU2
[42/42] 128256x 32768x  4096   4380.1 vs  4536.4  ( 96.6%)  LOSE  [ts_gm2_v12_memc_btw_all]  GPU7
[37/42]  28672x  4096x  8192   4852.8 vs  4810.0  (100.9%)  WIN  [v20_memc_btw_step3]  GPU1
[38/42]  28672x  4096x 16384   5178.0 vs  5350.6  ( 96.8%)  LOSE  [ts_lgk2_memc_btw_all]  GPU2

Completed in 144.7 minutes

================================================================================
      M       N       K     Ours     Comp   Ratio                    Tag Result
------------------------------------------------------------------------------------------
  16384    4096    2048   3360.0   2995.0  112.2% ts_v12_tv0_memc_btw_all WIN
  16384    4096    3072   3889.4   3492.3  111.4% ts_v12_tv0_memc_btw_all WIN
  16384    6144    2048   3429.4   3047.6  112.5% ts_v12_tv0_memc_btw_all WIN
  32768    4096    2048   3430.8   3131.8  109.5%                 ts_v12 WIN
  32768    4096    3072   4014.8   3630.6  110.6% ts_v12_tv0_memc_btw_all WIN
  32768    6144    2048   3431.8   3239.9  105.9% ts_v12_tv0_memc_btw_all WIN
  16384   14336    2048   3493.1   3301.3  105.8% ts_lgk2_v12_memc_btw_all WIN
  16384   28672    2048   3445.8   3482.3   99.0% ts_gm2_v12_memc_btw_all LOSE
  32768   14336    2048   3542.5   3351.4  105.7% ts_gm2_v12_memc_btw_all WIN
  32768   28672    2048   3459.0   3353.4  103.1% ts_gm2_v12_memc_btw_all WIN
   4096    4096   16384   5131.3   4642.1  110.5%      ts_lgk2_btw_step3 WIN
   4096   14336   16384   4965.0   5013.0   99.0%   ts_lgk2_memc_btw_all LOSE
   6144    4096   16384   4562.2   4428.1  103.0%      lgk2_dc_btw_step3 WIN
   4096    4096    8192   4371.7   3959.9  110.4% ts_v12_tv0_memc_btw_all WIN
   4096    4096   32768   5388.6   5152.8  104.6%      ts_lgk2_btw_step3 WIN
   4096    6144   32768   4876.0   3784.2  128.9%        lgk2_dc_btw_all WIN
   4096   14336    8192   4535.1   4345.8  104.4% ts_v12_tv0_memc_btw_all WIN
   4096   28672   32768   5436.2   5649.9   96.2% ts_v12_tv0_memc_btw_all LOSE
   4096   32768    4096   4409.4   4166.5  105.8% ts_v12_tv0_memc_btw_all WIN
   4096   32768    6144   4514.2   4548.6   99.2% ts_gm2_v12_memc_btw_all LOSE
   4096   32768   14336   5129.0   5296.1   96.8% ts_v12_tv0_memc_btw_all LOSE
   4096   32768   28672   5461.4   5568.2   98.1%        lgk2_dc_btw_all LOSE
   4096   32768  128256   5368.7   5781.1   92.9%             p1_btw_all LOSE
   4096  128256   32768   5303.9   3195.3  166.0%      ts_lgk2_btw_step3 WIN
   6144    4096    8192   4163.9   3822.0  108.9%     v20_memc_btw_step3 WIN
   6144   32768    4096   4517.5   4291.0  105.3%  ts_pf4_memc_btw_step3 WIN
  14336    4096   32768   5056.0   5245.4   96.4%   ts_lgk2_memc_btw_all LOSE
  14336   32768    4096   4407.8   4462.6   98.8% ts_v12_tv0_memc_btw_all LOSE
  16384    4096    4096   4321.2   3951.8  109.3% ts_lgk2_v12_memc_btw_all WIN
  16384    4096    6144   4741.4   4259.9  111.3%   ts_lgk2_memc_btw_all WIN
  16384    4096    7168   4648.0   4443.2  104.6% ts_v12_tv0_memc_btw_all WIN
  16384    4096   14336   5234.3   5142.1  101.8% ts_v12_tv0_memc_btw_all WIN
  16384    4096   28672   5248.3   5525.3   95.0%   ts_lgk2_memc_btw_all LOSE
  16384    6144    4096   4337.2   4042.5  107.3% ts_lgk2_v12_memc_btw_all WIN
  16384   14336    4096   4429.0   4255.8  104.1% ts_lgk2_v12_memc_btw_all WIN
  16384   28672    4096   4409.9   4411.7  100.0% ts_gm2_v12_memc_dc_btw_all LOSE
  28672    4096    8192   4852.8   4810.0  100.9%     v20_memc_btw_step3 WIN
  28672    4096   16384   5178.0   5350.6   96.8%   ts_lgk2_memc_btw_all LOSE
  28672   32768    4096   4309.2   4466.6   96.5% ts_lgk2_v12_memc_btw_all LOSE
  32768    4096    7168   4732.3   4666.8  101.4% ts_v12_tv0_memc_btw_all WIN
  32768    4096   14336   5161.4   5223.4   98.8%      ts_lgk2_btw_step3 LOSE
 128256   32768    4096   4380.1   4536.4   96.6% ts_gm2_v12_memc_btw_all LOSE
------------------------------------------------------------------------------------------
WIN: 27/42  LOSE: 15/42  ERR: 0/42  Win rate: 64%
Avg ratio: 105.4%

Results saved to /shared_nfs/kyle/test/HipKittens/analysis/fp8_gemm/mi350x/bench_all42_results_r22.json
