
=== R26-G BENCH: GPU 4, 5 reps, warmup=200 iters=500 trim=0.1 ===

--- rep 1/5 ---
  [DLA7 lgk1] 4976.44 TFLOPS (111.41%)
  [DLA7 lgk2] 4984.11 TFLOPS (111.59%)
  [DLA7 lgk3] 4962.95 TFLOPS (111.11%)
  [SD lgk1] 6232.25 TFLOPS (112.79%)
  [SD lgk2] 6232.04 TFLOPS (112.79%)
  [SD lgk3] 6227.23 TFLOPS (112.70%)
  [SC lgk0] 5345.95 TFLOPS (117.53%)
  [SC lgk1] 5349.96 TFLOPS (117.62%)
  [SC lgk2] 5356.43 TFLOPS (117.76%)
  [SC lgk3] 5374.13 TFLOPS (118.15%)
  [SE lgk1] 6061.59 TFLOPS (112.06%)
  [SE lgk2] 6066.00 TFLOPS (112.14%)
  [SE lgk3] 6068.79 TFLOPS (112.20%)

--- rep 2/5 ---
  [DLA7 lgk1] 4977.08 TFLOPS (111.43%)
  [DLA7 lgk2] 4957.87 TFLOPS (111.00%)
  [DLA7 lgk3] 4956.44 TFLOPS (110.97%)
  [SD lgk1] 6269.30 TFLOPS (113.47%)
  [SD lgk2] 6245.66 TFLOPS (113.04%)
  [SD lgk3] 6234.20 TFLOPS (112.83%)
  [SC lgk0] 5366.11 TFLOPS (117.97%)
  [SC lgk1] 5362.39 TFLOPS (117.89%)
  [SC lgk2] 5206.44 TFLOPS (114.46%)
  [SC lgk3] 5357.21 TFLOPS (117.78%)
  [SE lgk1] 6096.87 TFLOPS (112.72%)
  [SE lgk2] 6070.03 TFLOPS (112.22%)
  [SE lgk3] 6066.98 TFLOPS (112.16%)

--- rep 3/5 ---
  [DLA7 lgk1] 4960.93 TFLOPS (111.07%)
  [DLA7 lgk2] 4953.21 TFLOPS (110.89%)
  [DLA7 lgk3] 4947.53 TFLOPS (110.77%)
  [SD lgk1] 6243.90 TFLOPS (113.01%)
  [SD lgk2] 6239.68 TFLOPS (112.93%)
  [SD lgk3] 6247.66 TFLOPS (113.07%)
  [SC lgk0] 5362.70 TFLOPS (117.90%)
  [SC lgk1] 5204.57 TFLOPS (114.42%)
  [SC lgk2] 5364.15 TFLOPS (117.93%)
  [SC lgk3] 5347.03 TFLOPS (117.55%)
  [SE lgk1] 6070.87 TFLOPS (112.23%)
  [SE lgk2] 6063.01 TFLOPS (112.09%)
  [SE lgk3] 6069.91 TFLOPS (112.22%)

--- rep 4/5 ---
  [DLA7 lgk1] 4985.51 TFLOPS (111.62%)
  [DLA7 lgk2] 4964.74 TFLOPS (111.15%)
  [DLA7 lgk3] 4960.93 TFLOPS (111.07%)
  [SD lgk1] 6248.27 TFLOPS (113.08%)
  [SD lgk2] 6239.23 TFLOPS (112.92%)
  [SD lgk3] 6271.51 TFLOPS (113.51%)
  [SC lgk0] 5359.44 TFLOPS (117.83%)
  [SC lgk1] 5357.87 TFLOPS (117.79%)
  [SC lgk2] 5361.60 TFLOPS (117.87%)
  [SC lgk3] 5361.05 TFLOPS (117.86%)
  [SE lgk1] 6075.58 TFLOPS (112.32%)
  [SE lgk2] 6075.56 TFLOPS (112.32%)
  [SE lgk3] 6070.40 TFLOPS (112.23%)

--- rep 5/5 ---
  [DLA7 lgk1] 4955.30 TFLOPS (110.94%)
  [DLA7 lgk2] 4976.37 TFLOPS (111.41%)
  [DLA7 lgk3] 4968.08 TFLOPS (111.23%)
  [SD lgk1] 6248.41 TFLOPS (113.09%)
  [SD lgk2] 6248.71 TFLOPS (113.09%)
  [SD lgk3] 6234.56 TFLOPS (112.84%)
  [SC lgk0] 5357.37 TFLOPS (117.78%)
  [SC lgk1] 5364.42 TFLOPS (117.94%)
  [SC lgk2] 5378.04 TFLOPS (118.24%)
  [SC lgk3] 5370.64 TFLOPS (118.07%)
  [SE lgk1] 6074.28 TFLOPS (112.30%)
  [SE lgk2] 6075.24 TFLOPS (112.32%)
  [SE lgk3] 6067.76 TFLOPS (112.18%)

================================================================================
R26-G SUMMARY (mean / std / min / max over reps; * = current default)
================================================================================

DLA7  (28672x32768x4096)  comp=4466.6  default_lgk=2
   lgk     mean     std      min      max    %comp  reps
     1   4971.1    11.2   4955.3   4985.5  111.29%  [4976.44, 4977.08, 4960.93, 4985.51, 4955.3]
     2 * 4967.3    11.5   4953.2   4984.1  111.21%  [4984.11, 4957.87, 4953.21, 4964.74, 4976.37]
     3   4959.2     6.9   4947.5   4968.1  111.03%  [4962.95, 4956.44, 4947.53, 4960.93, 4968.08]

SD  (16384x4096x28672)  comp=5525.3  default_lgk=2
   lgk     mean     std      min      max    %comp  reps
     1   6248.4    12.0   6232.2   6269.3  113.09%  [6232.25, 6269.3, 6243.9, 6248.27, 6248.41]
     2 * 6241.1     5.8   6232.0   6248.7  112.95%  [6232.04, 6245.66, 6239.68, 6239.23, 6248.71]
     3   6243.0    15.7   6227.2   6271.5  112.99%  [6227.23, 6234.2, 6247.66, 6271.51, 6234.56]

SC  (4096x32768x6144)  comp=4548.6  default_lgk=0
   lgk     mean     std      min      max    %comp  reps
     0 * 5358.3     6.9   5345.9   5366.1  117.80%  [5345.95, 5366.11, 5362.7, 5359.44, 5357.37]
     1   5327.8    61.8   5204.6   5364.4  117.13%  [5349.96, 5362.39, 5204.57, 5357.87, 5364.42]
     2   5333.3    63.8   5206.4   5378.0  117.25%  [5356.43, 5206.44, 5364.15, 5361.6, 5378.04]
     3   5362.0     9.7   5347.0   5374.1  117.88%  [5374.13, 5357.21, 5347.03, 5361.05, 5370.64]

SE  (28672x4096x16384)  comp=5409.1  default_lgk=2
   lgk     mean     std      min      max    %comp  reps
     1   6075.8    11.6   6061.6   6096.9  112.33%  [6061.59, 6096.87, 6070.87, 6075.58, 6074.28]
     2 * 6070.0     5.0   6063.0   6075.6  112.22%  [6066.0, 6070.03, 6063.01, 6075.56, 6075.24]
     3   6068.8     1.3   6067.0   6070.4  112.20%  [6068.79, 6066.98, 6069.91, 6070.4, 6067.76]

================================================================================
VERDICT
================================================================================
  [DLA7] DEAD: best lgk1 4971.1 (111.29%) vs default lgk2 4967.3 (111.21%) Δ=+0.08pp std=11.2
  [SD] DEAD: best lgk1 6248.4 (113.09%) vs default lgk2 6241.1 (112.95%) Δ=+0.13pp std=12.0
  [SC] DEAD: best lgk3 5362.0 (117.88%) vs default lgk0 5358.3 (117.80%) Δ=+0.08pp std=9.7
  [SE] DEAD: best lgk1 6075.8 (112.33%) vs default lgk2 6070.0 (112.22%) Δ=+0.11pp std=11.6

Results saved to: /shared_nfs/kyle/test/HipKittens/analysis/fp8_gemm/mi350x/r26g_lgkmcnt_results.json
