# R30 Dev C — SASS instruction inventory for V2-CRR
# Built from kernel_mxfp8_layouts.cpp at base feat/mxfp8-only @ cd630fd8
# Build: hipcc --offload-arch=gfx950 -DKITTENS_CDNA4 ... -save-temps
# Kernel: _Z29crr_exact_8wave_scaled_kernelILb1ELi2EEv14layout_globals
#         (PRESHUFFLED_QUANT=true, SCALE_VERSION=2)
# Resource usage: VGPRs=232, SGPRs=66, AGPRs=0, scratch=0,
#                 occupancy=2 waves/SIMD, LDS=139264 B/block, no spill.
# Body length: 1756 lines of SASS (between symbol label and .Lfunc_end4).

# Instruction inventory (extracted from /tmp/v2crr_one.s):
ds_write*                       : 0
ds_read_b64_tr_b8               : 144   # all = A/B tile column reads (V2/V2a)
ds_read* (other widths)         : 0
buffer_load_dwordx4 ... lds     : 24    # tile fills (VMEM->LDS DIRECT via TK G::load)
buffer_load_dwordx4 (no lds)    : 2     # A scale b128 -> VGPR (warmup + steady)
buffer_load_dwordx2 (no lds)    : 2     # B scale b64  -> VGPR (warmup + steady)
global_load_*                   : 0
flat_load_*                     : 0
scratch_*                       : 0

# Conclusion: 0 ds_write of any kind. Scales go VMEM->VGPR->MMA directly.
# Tile fills already use buffer_load_lds (the lever R29 Dev D recommended).
# No remaining buffer_load + ds_write pair to convert.
