########## C1: 70B Down 4096x8192x28672 V2-CRR cp sweep ##########
===== BUILD tag=c1_cp0 crr 4096x8192x28672 extra=[-DMXFP8_CRR_V2_SCALE_CACHEPOLICY=0] =====
BUILD OK tk_mxfp8_r32c_c1_cp0.cpython-310-x86_64-linux-gnu.so md5=bc2e25ad175eaf2e2a08415e2e0dd1e0
===== BUILD tag=c1_cp1 crr 4096x8192x28672 extra=[-DMXFP8_CRR_V2_SCALE_CACHEPOLICY=1] =====
BUILD OK tk_mxfp8_r32c_c1_cp1.cpython-310-x86_64-linux-gnu.so md5=39952403ab3f3ac062387fb4e821fd7b
===== BUILD tag=c1_cp2 crr 4096x8192x28672 extra=[-DMXFP8_CRR_V2_SCALE_CACHEPOLICY=2] =====
BUILD OK tk_mxfp8_r32c_c1_cp2.cpython-310-x86_64-linux-gnu.so md5=eed1905062e7144a592b5aa196378ae4
===== BUILD tag=c1_cp3 crr 4096x8192x28672 extra=[-DMXFP8_CRR_V2_SCALE_CACHEPOLICY=3] =====
BUILD OK tk_mxfp8_r32c_c1_cp3.cpython-310-x86_64-linux-gnu.so md5=2716073681b36cc380037ed51046cb0a
===== BENCH cell=C1 crr 4096x8192x28672 cp0 vs cp1 =====
[sclk-pre-preheat] GPU[2]		: sclk clock level: 1: (1830Mhz)
[preheat 60.0s] done 11260 iters
[sclk-post-preheat] GPU[2]		: sclk clock level: 1: (1705Mhz)
CORRECTNESS_cp0 snr_db=49.61 pass_rate_pct=100.00 det_ok=True
CORRECTNESS_cp1 snr_db=49.61 pass_rate_pct=100.00 det_ok=True
[sclk-pre-bench] GPU[2]		: sclk clock level: 1: (1724Mhz)
WARMUP 0 cp1=1165.63 cp0=1172.97 sclk=GPU[2]		: sclk clock level: 1: (1719Mhz)
WARMUP 1 cp1=1135.74 cp0=1155.05 sclk=GPU[2]		: sclk clock level: 1: (1720Mhz)
PAIR 0 cp1_1=1166.84 cp0_1=1159.21 cp1_2=1150.99 cp0_2=1153.29
PAIR 1 cp1_1=2464.66 cp0_1=2513.18 cp1_2=2524.19 cp0_2=2508.72
PAIR 2 cp1_1=2360.26 cp0_1=2440.64 cp1_2=2540.18 cp0_2=2533.94
PAIR 3 cp1_1=2508.89 cp0_1=2531.71 cp1_2=2512.37 cp0_2=2528.57
PAIR 4 cp1_1=2516.41 cp0_1=2522.89 cp1_2=2538.11 cp0_2=2516.69
[sclk-post-bench] GPU[2]		: sclk clock level: 1: (2331Mhz)
cp0  median=2514.94 mean=2240.88 stdev=572.28 n=10
cp1  median=2510.63 mean=2228.29 stdev=566.06 n=10
Welch t (cp0 vs cp1) = -0.049  (positive = cp1 faster)
DELTA_MEDIAN_PCT cp1_vs_cp0 = -0.171%
cp0_TFLOPS_LIST 1159.2061,1153.2892,2513.1770,2508.7206,2440.6370,2533.9429,2531.7057,2528.5702,2522.8863,2516.6932
cp1_TFLOPS_LIST 1166.8410,1150.9921,2464.6596,2524.1914,2360.2627,2540.1789,2508.8904,2512.3684,2516.4107,2538.1116
Saved /tmp/wt-r32-c/analysis/fp8_gemm/mi350x/r32c_C1_cp0_vs_cp1.txt
===== BENCH cell=C1 crr 4096x8192x28672 cp0 vs cp2 =====
[sclk-pre-preheat] GPU[2]		: sclk clock level: 1: (1893Mhz)
[preheat 60.0s] done 11260 iters
[sclk-post-preheat] GPU[2]		: sclk clock level: 1: (1784Mhz)
CORRECTNESS_cp0 snr_db=49.61 pass_rate_pct=100.00 det_ok=True
CORRECTNESS_cp2 snr_db=49.61 pass_rate_pct=100.00 det_ok=True
[sclk-pre-bench] GPU[2]		: sclk clock level: 1: (1865Mhz)
WARMUP 0 cp2=1138.59 cp0=1136.49 sclk=GPU[2]		: sclk clock level: 1: (1812Mhz)
WARMUP 1 cp2=1139.78 cp0=1130.87 sclk=GPU[2]		: sclk clock level: 1: (1818Mhz)
PAIR 0 cp2_1=1118.21 cp0_1=1110.95 cp2_2=1138.74 cp0_2=1140.69
PAIR 1 cp2_1=1137.39 cp0_1=1143.02 cp2_2=1130.35 cp0_2=1131.79
PAIR 2 cp2_1=1138.73 cp0_1=1124.43 cp2_2=1135.39 cp0_2=1138.41
PAIR 3 cp2_1=1142.55 cp0_1=1122.17 cp2_2=1132.42 cp0_2=1125.91
PAIR 4 cp2_1=1143.37 cp0_1=1138.90 cp2_2=1129.06 cp0_2=1105.88
[sclk-post-bench] GPU[2]		: sclk clock level: 1: (1841Mhz)
cp0  median=1128.85 mean=1128.21 stdev=12.73 n=10
cp2  median=1136.39 mean=1134.62 stdev=7.49 n=10
Welch t (cp0 vs cp2) = 1.371  (positive = cp2 faster)
DELTA_MEDIAN_PCT cp2_vs_cp0 = +0.668%
cp0_TFLOPS_LIST 1110.9502,1140.6880,1143.0218,1131.7873,1124.4336,1138.4145,1122.1702,1125.9069,1138.8970,1105.8778
cp2_TFLOPS_LIST 1118.2081,1138.7405,1137.3895,1130.3528,1138.7341,1135.3884,1142.5526,1132.4161,1143.3674,1129.0602
Saved /tmp/wt-r32-c/analysis/fp8_gemm/mi350x/r32c_C1_cp0_vs_cp2.txt
===== BENCH cell=C1 crr 4096x8192x28672 cp0 vs cp3 =====
[sclk-pre-preheat] GPU[2]		: sclk clock level: 1: (158Mhz)
[preheat 60.0s] done 11260 iters
[sclk-post-preheat] GPU[2]		: sclk clock level: 1: (2115Mhz)
CORRECTNESS_cp0 snr_db=49.61 pass_rate_pct=100.00 det_ok=True
CORRECTNESS_cp3 snr_db=49.61 pass_rate_pct=100.00 det_ok=True
[sclk-pre-bench] GPU[2]		: sclk clock level: 1: (2336Mhz)
WARMUP 0 cp3=2521.08 cp0=2544.85 sclk=GPU[2]		: sclk clock level: 1: (2331Mhz)
WARMUP 1 cp3=2490.44 cp0=2499.79 sclk=GPU[2]		: sclk clock level: 1: (2327Mhz)
PAIR 0 cp3_1=2482.41 cp0_1=2514.66 cp3_2=2510.73 cp0_2=2509.08
PAIR 1 cp3_1=2494.29 cp0_1=2510.22 cp3_2=2510.23 cp0_2=2521.07
PAIR 2 cp3_1=2490.45 cp0_1=2521.08 cp3_2=2508.65 cp0_2=2504.03
PAIR 3 cp3_1=2518.97 cp0_1=2512.49 cp3_2=2504.61 cp0_2=2507.10
PAIR 4 cp3_1=2501.03 cp0_1=2513.34 cp3_2=2510.81 cp0_2=2502.68
[sclk-post-bench] GPU[2]		: sclk clock level: 1: (2308Mhz)
cp0  median=2511.36 mean=2511.58 stdev=6.31 n=10
cp3  median=2506.63 mean=2503.22 stdev=11.17 n=10
Welch t (cp0 vs cp3) = -2.060  (positive = cp3 faster)
DELTA_MEDIAN_PCT cp3_vs_cp0 = -0.188%
cp0_TFLOPS_LIST 2514.6607,2509.0842,2510.2205,2521.0745,2521.0845,2504.0294,2512.4909,2507.1020,2513.3420,2502.6791
cp3_TFLOPS_LIST 2482.4101,2510.7338,2494.2904,2510.2333,2490.4481,2508.6493,2518.9672,2504.6107,2501.0320,2510.8074
Saved /tmp/wt-r32-c/analysis/fp8_gemm/mi350x/r32c_C1_cp0_vs_cp3.txt
########## C3: 8B Down 4096x4096x14336 V2-RCR cp sweep ##########
===== BUILD tag=c3_cp0 rcr 4096x4096x14336 extra=[-DMXFP8_RCR_V2_SCALE_CACHEPOLICY=0] =====
BUILD OK tk_mxfp8_r32c_c3_cp0.cpython-310-x86_64-linux-gnu.so md5=86eb03022ffddf211d20ef5a1c5e8574
===== BUILD tag=c3_cp1 rcr 4096x4096x14336 extra=[-DMXFP8_RCR_V2_SCALE_CACHEPOLICY=1] =====
BUILD OK tk_mxfp8_r32c_c3_cp1.cpython-310-x86_64-linux-gnu.so md5=f1e826184c05fe2d2bfa649c7063a7b3
===== BUILD tag=c3_cp2 rcr 4096x4096x14336 extra=[-DMXFP8_RCR_V2_SCALE_CACHEPOLICY=2] =====
BUILD OK tk_mxfp8_r32c_c3_cp2.cpython-310-x86_64-linux-gnu.so md5=f42e503f1b668260769b1187fea010bb
===== BUILD tag=c3_cp3 rcr 4096x4096x14336 extra=[-DMXFP8_RCR_V2_SCALE_CACHEPOLICY=3] =====
BUILD OK tk_mxfp8_r32c_c3_cp3.cpython-310-x86_64-linux-gnu.so md5=e18db9c1b24bb997e4086f3ff7124b0c
===== BENCH cell=C3 rcr 4096x4096x14336 cp0 vs cp1 =====
[sclk-pre-preheat] GPU[2]		: sclk clock level: 1: (1038Mhz)
[preheat 60.0s] done 11260 iters
[sclk-post-preheat] GPU[2]		: sclk clock level: 1: (2289Mhz)
CORRECTNESS_cp0 snr_db=49.60 pass_rate_pct=100.00 det_ok=True
CORRECTNESS_cp1 snr_db=49.60 pass_rate_pct=100.00 det_ok=True
[sclk-pre-bench] GPU[2]		: sclk clock level: 1: (2368Mhz)
WARMUP 0 cp1=2777.45 cp0=2961.39 sclk=GPU[2]		: sclk clock level: 1: (2310Mhz)
WARMUP 1 cp1=2737.82 cp0=2901.82 sclk=GPU[2]		: sclk clock level: 1: (2305Mhz)
PAIR 0 cp1_1=2756.96 cp0_1=2925.03 cp1_2=2967.69 cp0_2=2963.38
PAIR 1 cp1_1=2974.12 cp0_1=3014.03 cp1_2=3006.31 cp0_2=2976.85
PAIR 2 cp1_1=3024.91 cp0_1=2970.93 cp1_2=3009.02 cp0_2=3006.13
PAIR 3 cp1_1=2979.56 cp0_1=3020.31 cp1_2=3008.55 cp0_2=2975.37
PAIR 4 cp1_1=2969.39 cp0_1=2962.28 cp1_2=2960.66 cp0_2=2971.52
[sclk-post-bench] GPU[2]		: sclk clock level: 1: (2258Mhz)
cp0  median=2973.44 mean=2978.58 stdev=28.37 n=10
cp1  median=2976.84 mean=2965.72 stdev=76.56 n=10
Welch t (cp0 vs cp1) = -0.498  (positive = cp1 faster)
DELTA_MEDIAN_PCT cp1_vs_cp0 = +0.114%
cp0_TFLOPS_LIST 2925.0343,2963.3778,3014.0269,2976.8467,2970.9255,3006.1303,3020.3101,2975.3670,2962.2759,2971.5194
cp1_TFLOPS_LIST 2756.9570,2967.6872,2974.1194,3006.3106,3024.9136,3009.0212,2979.5564,3008.5542,2969.3872,2960.6583
Saved /tmp/wt-r32-c/analysis/fp8_gemm/mi350x/r32c_C3_cp0_vs_cp1.txt
===== BENCH cell=C3 rcr 4096x4096x14336 cp0 vs cp2 =====
[sclk-pre-preheat] GPU[2]		: sclk clock level: 1: (157Mhz)
[preheat 60.0s] done 11260 iters
[sclk-post-preheat] GPU[2]		: sclk clock level: 1: (2330Mhz)
CORRECTNESS_cp0 snr_db=49.60 pass_rate_pct=100.00 det_ok=True
CORRECTNESS_cp2 snr_db=49.60 pass_rate_pct=100.00 det_ok=True
[sclk-pre-bench] GPU[2]		: sclk clock level: 1: (2371Mhz)
WARMUP 0 cp2=2639.54 cp0=2878.05 sclk=GPU[2]		: sclk clock level: 1: (2355Mhz)
WARMUP 1 cp2=2677.40 cp0=2916.10 sclk=GPU[2]		: sclk clock level: 1: (2345Mhz)
PAIR 0 cp2_1=2679.92 cp0_1=2911.32 cp2_2=2815.47 cp0_2=2924.68
PAIR 1 cp2_1=2825.21 cp0_1=2996.82 cp2_2=2898.75 cp0_2=2983.21
PAIR 2 cp2_1=2880.41 cp0_1=3013.53 cp2_2=2887.62 cp0_2=2991.46
PAIR 3 cp2_1=2841.64 cp0_1=2983.62 cp2_2=2839.42 cp0_2=2990.29
PAIR 4 cp2_1=2853.58 cp0_1=2992.98 cp2_2=2874.55 cp0_2=2981.91
[sclk-post-bench] GPU[2]		: sclk clock level: 1: (2280Mhz)
cp0  median=2986.95 mean=2976.98 stdev=32.53 n=10
cp2  median=2847.61 mean=2839.66 stdev=62.52 n=10
Welch t (cp0 vs cp2) = -6.162  (positive = cp2 faster)
DELTA_MEDIAN_PCT cp2_vs_cp0 = -4.665%
cp0_TFLOPS_LIST 2911.3199,2924.6772,2996.8247,2983.2062,3013.5280,2991.4593,2983.6177,2990.2899,2992.9806,2981.9091
cp2_TFLOPS_LIST 2679.9240,2815.4726,2825.2119,2898.7543,2880.4105,2887.6170,2841.6423,2839.4188,2853.5778,2874.5459
Saved /tmp/wt-r32-c/analysis/fp8_gemm/mi350x/r32c_C3_cp0_vs_cp2.txt
===== BENCH cell=C3 rcr 4096x4096x14336 cp0 vs cp3 =====
[sclk-pre-preheat] GPU[2]		: sclk clock level: 1: (157Mhz)
[preheat 60.0s] done 11260 iters
[sclk-post-preheat] GPU[2]		: sclk clock level: 1: (1792Mhz)
CORRECTNESS_cp0 snr_db=49.60 pass_rate_pct=100.00 det_ok=True
CORRECTNESS_cp3 snr_db=49.60 pass_rate_pct=100.00 det_ok=True
[sclk-pre-bench] GPU[2]		: sclk clock level: 1: (2247Mhz)
WARMUP 0 cp3=2661.01 cp0=2945.82 sclk=GPU[2]		: sclk clock level: 1: (2308Mhz)
WARMUP 1 cp3=2663.93 cp0=2907.42 sclk=GPU[2]		: sclk clock level: 1: (2274Mhz)
PAIR 0 cp3_1=2682.32 cp0_1=2959.44 cp3_2=2872.29 cp0_2=2669.26
PAIR 1 cp3_1=2882.66 cp0_1=3020.75 cp3_2=2882.45 cp0_2=2999.23
PAIR 2 cp3_1=2857.65 cp0_1=2933.55 cp3_2=2813.46 cp0_2=2978.41
PAIR 3 cp3_1=2874.94 cp0_1=3017.87 cp3_2=2832.29 cp0_2=2976.39
PAIR 4 cp3_1=2895.93 cp0_1=3024.08 cp3_2=2905.24 cp0_2=2952.91
[sclk-post-bench] GPU[2]		: sclk clock level: 1: (2274Mhz)
cp0  median=2977.40 mean=2953.19 stdev=104.41 n=10
cp3  median=2873.61 mean=2849.92 stdev=65.17 n=10
Welch t (cp0 vs cp3) = -2.653  (positive = cp3 faster)
DELTA_MEDIAN_PCT cp3_vs_cp0 = -3.486%
cp0_TFLOPS_LIST 2959.4357,2669.2583,3020.7505,2999.2332,2933.5484,2978.4079,3017.8684,2976.3892,3024.0784,2952.9095
cp3_TFLOPS_LIST 2682.3153,2872.2895,2882.6603,2882.4465,2857.6456,2813.4554,2874.9355,2832.2889,2895.9293,2905.2414
Saved /tmp/wt-r32-c/analysis/fp8_gemm/mi350x/r32c_C3_cp0_vs_cp3.txt
########## C4: 70B Down 4096x8192x28672 V2-RRR vs V2-CRR ##########
===== BUILD tag=c4_rrr rrr 4096x8192x28672 extra=[] =====
BUILD OK tk_mxfp8_r32c_c4_rrr.cpython-310-x86_64-linux-gnu.so md5=b677d46170bd0f27c7940634987d76b7
[sclk-pre-preheat] GPU[2]		: sclk clock level: 1: (1847Mhz)
[preheat 60.0s] done 11260 iters
[sclk-post-preheat] GPU[2]		: sclk clock level: 1: (1701Mhz)
CORRECTNESS_CRR snr_db=49.61 pass_rate_pct=100.00 det_ok=True
CORRECTNESS_RRR snr_db=49.60 pass_rate_pct=100.00 det_ok=True
[sclk-pre-bench] GPU[2]		: sclk clock level: 1: (1975Mhz)
WARMUP 0 CRR=2521.41 RRR=2826.57 sclk=GPU[2]		: sclk clock level: 1: (2234Mhz)
WARMUP 1 CRR=2403.78 RRR=2813.64 sclk=GPU[2]		: sclk clock level: 1: (2219Mhz)
PAIR 0 CRR_1=2518.75 RRR_1=2834.13 CRR_2=2520.35 RRR_2=2811.04
PAIR 1 CRR_1=2399.42 RRR_1=2756.46 CRR_2=2508.56 RRR_2=2839.90
PAIR 2 CRR_1=2524.00 RRR_1=2804.88 CRR_2=2372.90 RRR_2=2813.05
PAIR 3 CRR_1=2494.30 RRR_1=2792.03 CRR_2=2521.38 RRR_2=2819.77
PAIR 4 CRR_1=2543.19 RRR_1=2836.87 CRR_2=2523.54 RRR_2=2840.97
[sclk-post-bench] GPU[2]		: sclk clock level: 1: (2300Mhz)
CRR median=2519.55 mean=2492.64 stdev=57.79 n=10
RRR median=2816.41 mean=2814.91 stdev=26.33 n=10
Welch t (CRR vs RRR) = 16.049  (positive = RRR faster)
DELTA_MEDIAN_PCT RRR_vs_CRR = +11.782%
CRR_TFLOPS_LIST 2518.7500,2520.3484,2399.4213,2508.5610,2524.0006,2372.8999,2494.3042,2521.3784,2543.1921,2523.5368
RRR_TFLOPS_LIST 2834.1323,2811.0445,2756.4643,2839.8981,2804.8783,2813.0498,2792.0299,2819.7712,2836.8731,2840.9682
ALL C1/C3/C4 BENCHES DONE
