Generating shared inputs (DETERMINISTIC: scale_exp=0)...

[incumbent] running...
  incumbent finite_frac=0.581655  max|C|=nan

[V1_relax15] running...
  finite_frac=0.576284 both_finite_frac=0.532000 snr_vs_inc=nan dB n_diff=25908144 max_abs_diff=inf

[V2_relax25] running...
  finite_frac=0.570795 both_finite_frac=0.533455 snr_vs_inc=nan dB n_diff=26477989 max_abs_diff=inf

[V3_relax10] running...
  finite_frac=0.588265 both_finite_frac=0.539974 snr_vs_inc=nan dB n_diff=26169634 max_abs_diff=inf

[V4_snop1] running...
  finite_frac=0.578293 both_finite_frac=0.533343 snr_vs_inc=nan dB n_diff=27040582 max_abs_diff=inf

[V5_relax15_snop1] running...
  finite_frac=0.571391 both_finite_frac=0.529542 snr_vs_inc=nan dB n_diff=28167900 max_abs_diff=inf

[V6_relax25_snop1] running...
  finite_frac=0.568783 both_finite_frac=0.524799 snr_vs_inc=nan dB n_diff=28681499 max_abs_diff=inf

Results: /shared_nfs/kyle/test/HipKittens/analysis/fp8_gemm/mi350x/R33_OPT_A_SNR_DET_RESULTS.json

=== VERDICT (kernel-vs-incumbent SNR >= 25 dB acceptance gate, deterministic scales=1.0) ===
  V1_relax15         SNR=nan dB -> FAIL-SNR
  V2_relax25         SNR=nan dB -> FAIL-SNR
  V3_relax10         SNR=nan dB -> FAIL-SNR
  V4_snop1           SNR=nan dB -> FAIL-SNR
  V5_relax15_snop1   SNR=nan dB -> FAIL-SNR
  V6_relax25_snop1   SNR=nan dB -> FAIL-SNR
