Bench R33-A: 5 variants × 5 reps on GPU0
  WIN_BAR = 5386.1 TFLOPS (incumbent 5354.0 + 0.6pp)

[incumbent]
  rep1: 5449.1 TFLOPS  (WIN)  wall=9.1s
  rep2: 5427.0 TFLOPS  (WIN)  wall=8.4s
  rep3: 5436.5 TFLOPS  (WIN)  wall=8.4s
  rep4: 5435.6 TFLOPS  (WIN)  wall=8.5s
  rep5: 5426.1 TFLOPS  (WIN)  wall=8.5s
  -> mean=5434.8 best=5449.1 p10=5426.1 p50=5435.6 p90=5449.1 (101.51% incumbent) [WIN]

[V1_relax15]
  rep1: FAIL NO_JSON  wall=186.7s err=
  -> DEAD-BY-CRASH

[V3_relax10]
  rep1: 5452.0 TFLOPS  (WIN)  wall=8.5s
  rep2: 5430.4 TFLOPS  (WIN)  wall=8.5s
  rep3: 5446.6 TFLOPS  (WIN)  wall=8.3s
  rep4: 5406.2 TFLOPS  (WIN)  wall=8.5s
  rep5: 5428.4 TFLOPS  (WIN)  wall=8.5s
  -> mean=5432.7 best=5452.0 p10=5406.2 p50=5430.4 p90=5452.0 (101.47% incumbent) [WIN]

[V4_snop1]
  rep1: 5430.1 TFLOPS  (WIN)  wall=8.6s
  rep2: 5461.4 TFLOPS  (WIN)  wall=8.6s
  rep3: 5454.1 TFLOPS  (WIN)  wall=8.5s
  rep4: 5439.5 TFLOPS  (WIN)  wall=8.5s
  rep5: 5413.6 TFLOPS  (WIN)  wall=8.5s
  -> mean=5439.7 best=5461.4 p10=5413.6 p50=5439.5 p90=5461.4 (101.60% incumbent) [WIN]

[V5_relax15_snop1]
  rep1: 5437.4 TFLOPS  (WIN)  wall=8.6s
  rep2: 5443.9 TFLOPS  (WIN)  wall=8.6s
  rep3: 5451.1 TFLOPS  (WIN)  wall=8.6s
  rep4: 5418.8 TFLOPS  (WIN)  wall=8.6s
  rep5: FAIL NO_JSON  wall=186.9s err=
  -> mean=5437.8 best=5451.1 p10=5418.8 p50=5443.9 p90=5451.1 (101.57% incumbent) [WIN]

Results: /shared_nfs/kyle/test/HipKittens/analysis/fp8_gemm/mi350x/R33_OPT_A_BENCH_5rep.json

=== SUMMARY ===
  variant                    best     mean    ratio verdict
  incumbent                5449.1   5434.8  101.51% WIN
  V1_relax15                    -        -        - DEAD-BY-CRASH
  V3_relax10               5452.0   5432.7  101.47% WIN
  V4_snop1                 5461.4   5439.7  101.60% WIN
  V5_relax15_snop1         5451.1   5437.8  101.57% WIN
