Bench R33-D: 4 variants × 5 reps on GPU6
  WIN_BAR = 5386.1 TFLOPS (incumbent 5354.0 + 0.6pp)

[incumbent]
  rep1: 5300.1 TFLOPS  (ok)  wall=10.1s
  rep2: 5286.6 TFLOPS  (ok)  wall=9.5s
  rep3: 5259.9 TFLOPS  (ok)  wall=9.1s
  rep4: 5281.2 TFLOPS  (ok)  wall=8.7s
  rep5: 5275.4 TFLOPS  (ok)  wall=8.6s
  -> mean=5280.6 best=5300.1 p10=5259.9 p50=5281.2 p90=5300.1 (98.63% incumbent) [LOSS]

[V0_legacy_fork]
  rep1: 5314.3 TFLOPS  (ok)  wall=8.7s
  rep2: 5268.6 TFLOPS  (ok)  wall=8.7s
  rep3: 5265.2 TFLOPS  (ok)  wall=9.0s
  rep4: 5247.1 TFLOPS  (ok)  wall=8.8s
  rep5: 5243.9 TFLOPS  (ok)  wall=8.7s
  -> mean=5267.8 best=5314.3 p10=5243.9 p50=5265.2 p90=5314.3 (98.39% incumbent) [LOSS]

[V1_aitersrd]
  rep1: 5269.5 TFLOPS  (ok)  wall=8.7s
  rep2: 5287.3 TFLOPS  (ok)  wall=8.6s
  rep3: 5271.6 TFLOPS  (ok)  wall=8.8s
  rep4: 5243.9 TFLOPS  (ok)  wall=8.8s
  rep5: 5291.8 TFLOPS  (ok)  wall=8.6s
  -> mean=5272.8 best=5291.8 p10=5243.9 p50=5271.6 p90=5291.8 (98.48% incumbent) [LOSS]

[V2_aitersrd_vm15]
  rep1: 5269.5 TFLOPS  (ok)  wall=8.6s
  rep2: 5273.5 TFLOPS  (ok)  wall=8.7s
  rep3: 5206.8 TFLOPS  (ok)  wall=8.8s
  rep4: FAIL NO_JSON  wall=184.2s err=
  -> mean=5249.9 best=5273.5 p10=5206.8 p50=5269.5 p90=5273.5 (98.06% incumbent) [LOSS]

Results: /shared_nfs/kyle/test/HipKittens/analysis/fp8_gemm/mi350x/R33_OPT_D_BENCH_5rep.json

=== SUMMARY ===
  variant                    best     mean    ratio verdict
  incumbent                5300.1   5280.6   98.63% LOSS
  V0_legacy_fork           5314.3   5267.8   98.39% LOSS
  V1_aitersrd              5291.8   5272.8   98.48% LOSS
  V2_aitersrd_vm15         5273.5   5249.9   98.06% LOSS
