===== BENCH cell=c1_70b_gate GPU=2 4096x28672x8192 crr vs rrr =====
[sclk-pre-preheat] GPU[2]		: sclk clock level: S: (95Mhz)
[preheat 45.0s] done 10236 iters
[sclk-post-preheat] GPU[2]		: sclk clock level: 1: (2317Mhz)
CORRECTNESS_CRR snr_db=49.59 pass_rate_pct=100.00 det_ok=True
CORRECTNESS_RRR snr_db=49.60 pass_rate_pct=100.00 det_ok=True
[sclk-pre-bench] GPU[2]		: sclk clock level: 1: (2367Mhz)
WARMUP 0 RRR=2553.56 CRR=2406.08 sclk=GPU[2]		: sclk clock level: 1: (2357Mhz)
WARMUP 1 RRR=2547.21 CRR=2385.95 sclk=GPU[2]		: sclk clock level: 1: (2340Mhz)
PAIR 0 RRR_1=2550.37 CRR_1=2417.68 RRR_2=2571.46 CRR_2=2374.75
PAIR 1 RRR_1=2591.75 CRR_1=2404.70 RRR_2=2575.39 CRR_2=2392.86
PAIR 2 RRR_1=2578.05 CRR_1=2410.26 RRR_2=2566.74 CRR_2=2368.17
PAIR 3 RRR_1=2574.71 CRR_1=2396.03 RRR_2=2571.25 CRR_2=2388.77
PAIR 4 RRR_1=2573.19 CRR_1=2404.80 RRR_2=2582.72 CRR_2=2390.91
[sclk-post-bench] GPU[2]		: sclk clock level: 1: (2341Mhz)
CRR  median=2394.45 mean=2394.89 stdev=15.38 n=10
RRR  median=2573.95 mean=2573.56 stdev=10.72 n=10
Welch t (CRR vs RRR) = 30.139  (positive = RRR faster)
DELTA_MEDIAN_PCT RRR_vs_CRR = +7.497%
CRR_TFLOPS_LIST 2417.6844,2374.7541,2404.6989,2392.8615,2410.2631,2368.1652,2396.0317,2388.7736,2404.8049,2390.9086
RRR_TFLOPS_LIST 2550.3659,2571.4623,2591.7543,2575.3860,2578.0529,2566.7372,2574.7083,2571.2480,2573.1875,2582.7175
Saved /tmp/wt-r33-c/analysis/fp8_gemm/mi350x/r33c_c1_70b_gate_crr_vs_rrr_gpu2.txt
===== BENCH cell=c2_70b_up GPU=2 4096x28672x8192 crr vs rrr =====
[sclk-pre-preheat] GPU[2]		: sclk clock level: 1: (157Mhz)
[preheat 45.0s] done 10236 iters
[sclk-post-preheat] GPU[2]		: sclk clock level: 1: (2299Mhz)
CORRECTNESS_CRR snr_db=49.59 pass_rate_pct=100.00 det_ok=True
CORRECTNESS_RRR snr_db=49.60 pass_rate_pct=100.00 det_ok=True
[sclk-pre-bench] GPU[2]		: sclk clock level: 1: (2309Mhz)
WARMUP 0 RRR=2550.86 CRR=2399.40 sclk=GPU[2]		: sclk clock level: 1: (2307Mhz)
WARMUP 1 RRR=2551.19 CRR=2396.36 sclk=GPU[2]		: sclk clock level: 1: (2248Mhz)
PAIR 0 RRR_1=2547.66 CRR_1=2396.59 RRR_2=2567.87 CRR_2=2378.45
PAIR 1 RRR_1=2564.81 CRR_1=2395.25 RRR_2=2564.86 CRR_2=2373.79
PAIR 2 RRR_1=2560.65 CRR_1=2380.82 RRR_2=2544.03 CRR_2=2384.00
PAIR 3 RRR_1=2564.48 CRR_1=2368.85 RRR_2=2572.37 CRR_2=2379.20
PAIR 4 RRR_1=2570.39 CRR_1=2341.54 RRR_2=2552.94 CRR_2=2376.94
[sclk-post-bench] GPU[2]		: sclk clock level: 1: (2311Mhz)
CRR  median=2378.83 mean=2377.54 stdev=15.34 n=10
RRR  median=2564.65 mean=2561.01 stdev=9.65 n=10
Welch t (CRR vs RRR) = 32.011  (positive = RRR faster)
DELTA_MEDIAN_PCT RRR_vs_CRR = +7.811%
CRR_TFLOPS_LIST 2396.5923,2378.4548,2395.2532,2373.7904,2380.8163,2383.9974,2368.8482,2379.2006,2341.5360,2376.9362
RRR_TFLOPS_LIST 2547.6562,2567.8681,2564.8071,2564.8643,2560.6512,2544.0315,2564.4844,2572.3672,2570.3931,2552.9373
Saved /tmp/wt-r33-c/analysis/fp8_gemm/mi350x/r33c_c2_70b_up_crr_vs_rrr_gpu2.txt
===== BENCH cell=c3_70b_qo GPU=2 4096x8192x8192 rcr vs rrr =====
[sclk-pre-preheat] GPU[2]		: sclk clock level: 1: (157Mhz)
[preheat 45.0s] done 10236 iters
[sclk-post-preheat] GPU[2]		: sclk clock level: 1: (2256Mhz)
CORRECTNESS_RCR snr_db=49.60 pass_rate_pct=100.00 det_ok=True
CORRECTNESS_RRR snr_db=49.60 pass_rate_pct=100.00 det_ok=True
[sclk-pre-bench] GPU[2]		: sclk clock level: 1: (2372Mhz)
WARMUP 0 RRR=2700.37 RCR=2863.67 sclk=GPU[2]		: sclk clock level: 1: (2345Mhz)
WARMUP 1 RRR=2720.98 RCR=2874.39 sclk=GPU[2]		: sclk clock level: 1: (2327Mhz)
PAIR 0 RRR_1=2785.74 RCR_1=2916.06 RRR_2=2919.52 RCR_2=2932.02
PAIR 1 RRR_1=2905.42 RCR_1=2914.20 RRR_2=2897.66 RCR_2=2936.42
PAIR 2 RRR_1=2953.76 RCR_1=2950.93 RRR_2=2869.66 RCR_2=2935.98
PAIR 3 RRR_1=2866.66 RCR_1=2947.93 RRR_2=2897.19 RCR_2=2964.45
PAIR 4 RRR_1=2913.51 RCR_1=2912.45 RRR_2=2868.79 RCR_2=2926.47
[sclk-post-bench] GPU[2]		: sclk clock level: 1: (2228Mhz)
RCR  median=2934.00 mean=2933.69 stdev=17.18 n=10
RRR  median=2897.43 mean=2887.79 stdev=44.80 n=10
Welch t (RCR vs RRR) = -3.025  (positive = RRR faster)
DELTA_MEDIAN_PCT RRR_vs_RCR = -1.247%
RCR_TFLOPS_LIST 2916.0585,2932.0222,2914.2045,2936.4198,2950.9343,2935.9807,2947.9335,2964.4528,2912.4506,2926.4653
RRR_TFLOPS_LIST 2785.7425,2919.5152,2905.4198,2897.6648,2953.7622,2869.6639,2866.6593,2897.1881,2913.5129,2868.7891
Saved /tmp/wt-r33-c/analysis/fp8_gemm/mi350x/r33c_c3_70b_qo_rcr_vs_rrr_gpu2.txt
===== BENCH cell=c4_70b_kv GPU=2 4096x1024x8192 crr vs rrr =====
[sclk-pre-preheat] GPU[2]		: sclk clock level: 1: (157Mhz)
[preheat 45.0s] done 10236 iters
[sclk-post-preheat] GPU[2]		: sclk clock level: 1: (2267Mhz)
CORRECTNESS_CRR snr_db=49.60 pass_rate_pct=100.00 det_ok=True
CORRECTNESS_RRR snr_db=49.60 pass_rate_pct=100.00 det_ok=True
[sclk-pre-bench] GPU[2]		: sclk clock level: 1: (2364Mhz)
WARMUP 0 RRR=857.37 CRR=794.67 sclk=GPU[2]		: sclk clock level: 1: (2389Mhz)
WARMUP 1 RRR=856.83 CRR=790.57 sclk=GPU[2]		: sclk clock level: 1: (2395Mhz)
PAIR 0 RRR_1=853.67 CRR_1=785.15 RRR_2=874.58 CRR_2=789.62
PAIR 1 RRR_1=876.08 CRR_1=789.69 RRR_2=882.92 CRR_2=792.98
PAIR 2 RRR_1=877.98 CRR_1=791.41 RRR_2=877.58 CRR_2=793.19
PAIR 3 RRR_1=875.53 CRR_1=795.49 RRR_2=883.16 CRR_2=794.98
PAIR 4 RRR_1=878.53 CRR_1=793.99 RRR_2=879.59 CRR_2=793.77
[sclk-post-bench] GPU[2]		: sclk clock level: 1: (2397Mhz)
CRR  median=793.09 mean=792.03 stdev=3.14 n=10
RRR  median=877.78 mean=875.96 stdev=8.34 n=10
Welch t (CRR vs RRR) = 29.789  (positive = RRR faster)
DELTA_MEDIAN_PCT RRR_vs_CRR = +10.679%
CRR_TFLOPS_LIST 785.1483,789.6227,789.6884,792.9833,791.4053,793.1886,795.4949,794.9792,793.9875,793.7749
RRR_TFLOPS_LIST 853.6729,874.5769,876.0758,882.9193,877.9827,877.5799,875.5311,883.1643,878.5304,879.5920
Saved /tmp/wt-r33-c/analysis/fp8_gemm/mi350x/r33c_c4_70b_kv_crr_vs_rrr_gpu2.txt
===== BENCH cell=c5_8b_gate GPU=2 4096x14336x4096 crr vs rrr =====
[sclk-pre-preheat] GPU[2]		: sclk clock level: 1: (217Mhz)
[preheat 45.0s] done 10236 iters
[sclk-post-preheat] GPU[2]		: sclk clock level: 1: (2195Mhz)
CORRECTNESS_CRR snr_db=49.61 pass_rate_pct=100.00 det_ok=True
CORRECTNESS_RRR snr_db=49.61 pass_rate_pct=100.00 det_ok=True
[sclk-pre-bench] GPU[2]		: sclk clock level: 1: (2356Mhz)
WARMUP 0 RRR=2380.42 CRR=2294.61 sclk=GPU[2]		: sclk clock level: 1: (2357Mhz)
WARMUP 1 RRR=2364.52 CRR=2363.03 sclk=GPU[2]		: sclk clock level: 1: (2341Mhz)
PAIR 0 RRR_1=2377.53 CRR_1=2368.38 RRR_2=2581.87 CRR_2=2411.34
PAIR 1 RRR_1=2582.84 CRR_1=2418.87 RRR_2=2574.19 CRR_2=2417.20
PAIR 2 RRR_1=2559.86 CRR_1=2412.30 RRR_2=2576.35 CRR_2=2425.61
PAIR 3 RRR_1=2580.78 CRR_1=2425.72 RRR_2=2590.78 CRR_2=2421.45
PAIR 4 RRR_1=2566.02 CRR_1=2424.07 RRR_2=2534.67 CRR_2=2405.81
[sclk-post-bench] GPU[2]		: sclk clock level: 1: (2313Mhz)
CRR  median=2418.04 mean=2413.08 stdev=17.04 n=10
RRR  median=2575.27 mean=2552.49 stdev=63.47 n=10
Welch t (CRR vs RRR) = 6.708  (positive = RRR faster)
DELTA_MEDIAN_PCT RRR_vs_CRR = +6.503%
CRR_TFLOPS_LIST 2368.3780,2411.3441,2418.8730,2417.2007,2412.3035,2425.6063,2425.7225,2421.4546,2424.0713,2405.8074
RRR_TFLOPS_LIST 2377.5263,2581.8663,2582.8417,2574.1948,2559.8621,2576.3470,2580.7797,2590.7769,2566.0220,2534.6747
Saved /tmp/wt-r33-c/analysis/fp8_gemm/mi350x/r33c_c5_8b_gate_crr_vs_rrr_gpu2.txt
===== BENCH cell=c6_8b_up GPU=2 4096x14336x4096 crr vs rrr =====
[sclk-pre-preheat] GPU[2]		: sclk clock level: 1: (157Mhz)
[preheat 45.0s] done 10236 iters
[sclk-post-preheat] GPU[2]		: sclk clock level: 1: (2335Mhz)
CORRECTNESS_CRR snr_db=49.61 pass_rate_pct=100.00 det_ok=True
CORRECTNESS_RRR snr_db=49.61 pass_rate_pct=100.00 det_ok=True
[sclk-pre-bench] GPU[2]		: sclk clock level: 1: (2359Mhz)
WARMUP 0 RRR=2395.80 CRR=2346.06 sclk=GPU[2]		: sclk clock level: 1: (2382Mhz)
WARMUP 1 RRR=2386.75 CRR=2278.40 sclk=GPU[2]		: sclk clock level: 1: (2342Mhz)
PAIR 0 RRR_1=2354.66 CRR_1=2342.76 RRR_2=2573.84 CRR_2=2408.10
PAIR 1 RRR_1=2556.96 CRR_1=2414.77 RRR_2=2571.27 CRR_2=2411.16
PAIR 2 RRR_1=2558.10 CRR_1=2419.56 RRR_2=2543.38 CRR_2=2421.21
PAIR 3 RRR_1=2582.78 CRR_1=2416.43 RRR_2=2564.75 CRR_2=2397.49
PAIR 4 RRR_1=2545.36 CRR_1=2393.16 RRR_2=2558.84 CRR_2=2394.22
[sclk-post-bench] GPU[2]		: sclk clock level: 1: (2290Mhz)
CRR  median=2409.63 mean=2401.89 stdev=23.19 n=10
RRR  median=2558.47 mean=2540.99 stdev=66.60 n=10
Welch t (CRR vs RRR) = 6.238  (positive = RRR faster)
DELTA_MEDIAN_PCT RRR_vs_CRR = +6.177%
CRR_TFLOPS_LIST 2342.7587,2408.1005,2414.7732,2411.1623,2419.5633,2421.2106,2416.4348,2397.4917,2393.1580,2394.2174
RRR_TFLOPS_LIST 2354.6617,2573.8425,2556.9646,2571.2670,2558.0968,2543.3803,2582.7757,2564.7529,2545.3614,2558.8370
Saved /tmp/wt-r33-c/analysis/fp8_gemm/mi350x/r33c_c6_8b_up_crr_vs_rrr_gpu2.txt
===== BENCH cell=c7_8b_qo GPU=2 4096x4096x4096 rcr vs rrr =====
[sclk-pre-preheat] GPU[2]		: sclk clock level: 1: (157Mhz)
[preheat 45.0s] done 10236 iters
[sclk-post-preheat] GPU[2]		: sclk clock level: 1: (2315Mhz)
CORRECTNESS_RCR snr_db=49.61 pass_rate_pct=100.00 det_ok=True
CORRECTNESS_RRR snr_db=49.61 pass_rate_pct=100.00 det_ok=True
[sclk-pre-bench] GPU[2]		: sclk clock level: 1: (2361Mhz)
WARMUP 0 RRR=2108.58 RCR=2339.09 sclk=GPU[2]		: sclk clock level: 1: (2375Mhz)
WARMUP 1 RRR=2143.97 RCR=2329.19 sclk=GPU[2]		: sclk clock level: 1: (2362Mhz)
PAIR 0 RRR_1=2150.15 RCR_1=2291.75 RRR_2=2287.30 RCR_2=2422.30
PAIR 1 RRR_1=2423.39 RCR_1=2482.07 RRR_2=2450.60 RCR_2=2494.58
PAIR 2 RRR_1=2482.00 RCR_1=2503.52 RRR_2=2483.29 RCR_2=2518.61
PAIR 3 RRR_1=2477.67 RCR_1=2529.81 RRR_2=2484.66 RCR_2=2485.84
PAIR 4 RRR_1=2484.55 RCR_1=2524.71 RRR_2=2481.89 RCR_2=2520.79
[sclk-post-bench] GPU[2]		: sclk clock level: 1: (2314Mhz)
RCR  median=2499.05 mean=2477.40 stdev=72.37 n=10
RRR  median=2479.78 mean=2420.55 stdev=112.91 n=10
Welch t (RCR vs RRR) = -1.340  (positive = RRR faster)
DELTA_MEDIAN_PCT RRR_vs_RCR = -0.771%
RCR_TFLOPS_LIST 2291.7508,2422.2987,2482.0715,2494.5794,2503.5230,2518.6057,2529.8061,2485.8407,2524.7138,2520.7861
RRR_TFLOPS_LIST 2150.1465,2287.2976,2423.3913,2450.5955,2482.0007,2483.2923,2477.6677,2484.6570,2484.5492,2481.8941
Saved /tmp/wt-r33-c/analysis/fp8_gemm/mi350x/r33c_c7_8b_qo_rcr_vs_rrr_gpu2.txt
===== BENCH cell=c8_8b_kv GPU=2 4096x1024x4096 crr vs rrr =====
[sclk-pre-preheat] GPU[2]		: sclk clock level: 1: (158Mhz)
[preheat 45.0s] done 10236 iters
[sclk-post-preheat] GPU[2]		: sclk clock level: 1: (2230Mhz)
CORRECTNESS_CRR snr_db=49.61 pass_rate_pct=100.00 det_ok=True
CORRECTNESS_RRR snr_db=49.60 pass_rate_pct=100.00 det_ok=True
[sclk-pre-bench] GPU[2]		: sclk clock level: 1: (2344Mhz)
WARMUP 0 RRR=742.07 CRR=702.56 sclk=GPU[2]		: sclk clock level: 1: (2384Mhz)
WARMUP 1 RRR=740.04 CRR=697.69 sclk=GPU[2]		: sclk clock level: 1: (2394Mhz)
PAIR 0 RRR_1=737.67 CRR_1=699.93 RRR_2=756.68 CRR_2=703.38
PAIR 1 RRR_1=763.55 CRR_1=699.42 RRR_2=757.03 CRR_2=704.43
PAIR 2 RRR_1=759.15 CRR_1=697.09 RRR_2=762.66 CRR_2=702.61
PAIR 3 RRR_1=756.35 CRR_1=702.58 RRR_2=765.42 CRR_2=703.31
PAIR 4 RRR_1=767.17 CRR_1=702.31 RRR_2=764.02 CRR_2=702.92
[sclk-post-bench] GPU[2]		: sclk clock level: 1: (2396Mhz)
CRR  median=702.60 mean=701.80 stdev=2.26 n=10
RRR  median=760.91 mean=758.97 stdev=8.42 n=10
Welch t (CRR vs RRR) = 20.732  (positive = RRR faster)
DELTA_MEDIAN_PCT RRR_vs_CRR = +8.299%
CRR_TFLOPS_LIST 699.9333,703.3772,699.4215,704.4319,697.0853,702.6129,702.5845,703.3075,702.3070,702.9188
RRR_TFLOPS_LIST 737.6678,756.6801,763.5545,757.0259,759.1541,762.6593,756.3476,765.4184,767.1677,764.0163
Saved /tmp/wt-r33-c/analysis/fp8_gemm/mi350x/r33c_c8_8b_kv_crr_vs_rrr_gpu2.txt
ALL CELLS DONE on GPU=2
