/opt/rocm/bin/hipcc kernel_mxfp8_layouts.cpp -DKITTENS_CDNA4 --offload-arch=gfx950 -DHIP_ENABLE_WARP_SYNC_BUILTINS -ffast-math -I/opt/rocm/include/rocrand -std=c++20 -w -DM_DIM=8192 -DN_DIM=8192 -DK_DIM=8192 -DMXFP8_CRR_RBM=32 -DMXFP8_CRR_SUBRBM_PROBE=1  -L/usr/lib/python3.10/config-3.10-x86_64-linux-gnu -L/usr/lib/x86_64-linux-gnu   -ldl  -lm -lm  -I/tmp/wt-r33-d/include -I/tmp/wt-r33-d/prototype -I/usr/include/python3.10 -I/opt/venv/lib/python3.10/site-packages/pybind11/include -shared -fPIC -Rpass-analysis=kernel-resource-usage -I/tmp/wt-r33-d/include -I/opt/rocm/include/hip  \
    -o tk_mxfp8_layouts.cpython-310-x86_64-linux-gnu.so 
In file included from kernel_mxfp8_layouts.cpp:3666:
./crr_mxfp8_exact_8wave_subrbm_fastpath.inc:134:5: error: no matching function for call to 'mma_AB_base_scaled'
  134 |     mma_AB_base_scaled<opsel_a, opsel_b>(
      |     ^~~~~~~~~~~~~~~~~~~~~~~~~~~~~~~~~~~~
./crr_mxfp8_exact_8wave_subrbm_fastpath.inc:169:5: note: in instantiation of function template specialization 'crr_mma_scaled_base_subrbm<0, 0>' requested here
  169 |     crr_mma_scaled_base_subrbm<0, 0>(acc, a, b, 0, 0, a_scale_packs[0], b_scale_packs[0]);
      |     ^
./crr_mxfp8_exact_8wave_subrbm_fastpath.inc:252:9: note: in instantiation of function template specialization 'crr_mma_scaled_from_packs_fixed_phase_subrbm<1, 1>' requested here
  252 |         crr_mma_scaled_from_packs_fixed_phase_subrbm(
      |         ^
./crr_mxfp8_exact_8wave_subrbm_fastpath.inc:286:5: note: in instantiation of function template specialization 'crr_exact_8wave_scaled_subrbm_kernel<true, 2>' requested here
  286 |     crr_exact_8wave_scaled_subrbm_kernel<PRESHUFFLED_QUANT, 2>
      |     ^
./crr_mxfp8_exact_8wave_subrbm_fastpath.inc:302:37: note: in instantiation of function template specialization 'dispatch_crr_exact_8wave_scaled_v2_subrbm<true>' requested here
  302 |     return reinterpret_cast<void*>(&dispatch_crr_exact_8wave_scaled_v2_subrbm<true>);
      |                                     ^
/tmp/wt-r33-d/include/ops/warp/register/tile/mma.cuh:200:31: note: candidate template ignored: could not match 'kittens::ducks::rt_layout::row' against 'kittens::ducks::rt_layout::col'
  200 | __device__ static inline void mma_AB_base_scaled(rt_base<float, ducks::rt_layout::col, D_shape> &d,
      |                               ^
In file included from kernel_mxfp8_layouts.cpp:3666:
./crr_mxfp8_exact_8wave_subrbm_fastpath.inc:134:5: error: no matching function for call to 'mma_AB_base_scaled'
  134 |     mma_AB_base_scaled<opsel_a, opsel_b>(
      |     ^~~~~~~~~~~~~~~~~~~~~~~~~~~~~~~~~~~~
./crr_mxfp8_exact_8wave_subrbm_fastpath.inc:170:5: note: in instantiation of function template specialization 'crr_mma_scaled_base_subrbm<0, 1>' requested here
  170 |     crr_mma_scaled_base_subrbm<0, 1>(acc, a, b, 0, 1, a_scale_packs[0], b_scale_packs[0]);
      |     ^
./crr_mxfp8_exact_8wave_subrbm_fastpath.inc:252:9: note: in instantiation of function template specialization 'crr_mma_scaled_from_packs_fixed_phase_subrbm<1, 1>' requested here
  252 |         crr_mma_scaled_from_packs_fixed_phase_subrbm(
      |         ^
./crr_mxfp8_exact_8wave_subrbm_fastpath.inc:286:5: note: in instantiation of function template specialization 'crr_exact_8wave_scaled_subrbm_kernel<true, 2>' requested here
  286 |     crr_exact_8wave_scaled_subrbm_kernel<PRESHUFFLED_QUANT, 2>
      |     ^
./crr_mxfp8_exact_8wave_subrbm_fastpath.inc:302:37: note: in instantiation of function template specialization 'dispatch_crr_exact_8wave_scaled_v2_subrbm<true>' requested here
  302 |     return reinterpret_cast<void*>(&dispatch_crr_exact_8wave_scaled_v2_subrbm<true>);
      |                                     ^
/tmp/wt-r33-d/include/ops/warp/register/tile/mma.cuh:200:31: note: candidate template ignored: could not match 'kittens::ducks::rt_layout::row' against 'kittens::ducks::rt_layout::col'
  200 | __device__ static inline void mma_AB_base_scaled(rt_base<float, ducks::rt_layout::col, D_shape> &d,
      |                               ^
In file included from kernel_mxfp8_layouts.cpp:3666:
./crr_mxfp8_exact_8wave_subrbm_fastpath.inc:134:5: error: no matching function for call to 'mma_AB_base_scaled'
  134 |     mma_AB_base_scaled<opsel_a, opsel_b>(
      |     ^~~~~~~~~~~~~~~~~~~~~~~~~~~~~~~~~~~~
./crr_mxfp8_exact_8wave_subrbm_fastpath.inc:171:5: note: in instantiation of function template specialization 'crr_mma_scaled_base_subrbm<1, 0>' requested here
  171 |     crr_mma_scaled_base_subrbm<1, 0>(acc, a, b, 1, 0, a_scale_packs[0], b_scale_packs[0]);
      |     ^
./crr_mxfp8_exact_8wave_subrbm_fastpath.inc:252:9: note: in instantiation of function template specialization 'crr_mma_scaled_from_packs_fixed_phase_subrbm<1, 1>' requested here
  252 |         crr_mma_scaled_from_packs_fixed_phase_subrbm(
      |         ^
./crr_mxfp8_exact_8wave_subrbm_fastpath.inc:286:5: note: in instantiation of function template specialization 'crr_exact_8wave_scaled_subrbm_kernel<true, 2>' requested here
  286 |     crr_exact_8wave_scaled_subrbm_kernel<PRESHUFFLED_QUANT, 2>
      |     ^
./crr_mxfp8_exact_8wave_subrbm_fastpath.inc:302:37: note: in instantiation of function template specialization 'dispatch_crr_exact_8wave_scaled_v2_subrbm<true>' requested here
  302 |     return reinterpret_cast<void*>(&dispatch_crr_exact_8wave_scaled_v2_subrbm<true>);
      |                                     ^
/tmp/wt-r33-d/include/ops/warp/register/tile/mma.cuh:200:31: note: candidate template ignored: could not match 'kittens::ducks::rt_layout::row' against 'kittens::ducks::rt_layout::col'
  200 | __device__ static inline void mma_AB_base_scaled(rt_base<float, ducks::rt_layout::col, D_shape> &d,
      |                               ^
In file included from kernel_mxfp8_layouts.cpp:3666:
./crr_mxfp8_exact_8wave_subrbm_fastpath.inc:134:5: error: no matching function for call to 'mma_AB_base_scaled'
  134 |     mma_AB_base_scaled<opsel_a, opsel_b>(
      |     ^~~~~~~~~~~~~~~~~~~~~~~~~~~~~~~~~~~~
./crr_mxfp8_exact_8wave_subrbm_fastpath.inc:172:5: note: in instantiation of function template specialization 'crr_mma_scaled_base_subrbm<1, 1>' requested here
  172 |     crr_mma_scaled_base_subrbm<1, 1>(acc, a, b, 1, 1, a_scale_packs[0], b_scale_packs[0]);
      |     ^
./crr_mxfp8_exact_8wave_subrbm_fastpath.inc:252:9: note: in instantiation of function template specialization 'crr_mma_scaled_from_packs_fixed_phase_subrbm<1, 1>' requested here
  252 |         crr_mma_scaled_from_packs_fixed_phase_subrbm(
      |         ^
./crr_mxfp8_exact_8wave_subrbm_fastpath.inc:286:5: note: in instantiation of function template specialization 'crr_exact_8wave_scaled_subrbm_kernel<true, 2>' requested here
  286 |     crr_exact_8wave_scaled_subrbm_kernel<PRESHUFFLED_QUANT, 2>
      |     ^
./crr_mxfp8_exact_8wave_subrbm_fastpath.inc:302:37: note: in instantiation of function template specialization 'dispatch_crr_exact_8wave_scaled_v2_subrbm<true>' requested here
  302 |     return reinterpret_cast<void*>(&dispatch_crr_exact_8wave_scaled_v2_subrbm<true>);
      |                                     ^
/tmp/wt-r33-d/include/ops/warp/register/tile/mma.cuh:200:31: note: candidate template ignored: could not match 'kittens::ducks::rt_layout::row' against 'kittens::ducks::rt_layout::col'
  200 | __device__ static inline void mma_AB_base_scaled(rt_base<float, ducks::rt_layout::col, D_shape> &d,
      |                               ^
In file included from kernel_mxfp8_layouts.cpp:3666:
./crr_mxfp8_exact_8wave_subrbm_fastpath.inc:134:5: error: no matching function for call to 'mma_AB_base_scaled'
  134 |     mma_AB_base_scaled<opsel_a, opsel_b>(
      |     ^~~~~~~~~~~~~~~~~~~~~~~~~~~~~~~~~~~~
./crr_mxfp8_exact_8wave_subrbm_fastpath.inc:189:5: note: in instantiation of function template specialization 'crr_mma_scaled_base_subrbm<2, 2>' requested here
  189 |     crr_mma_scaled_base_subrbm<lo, lo>(acc, a, b, 0, 0, a_scale_packs[0], b_scale_packs[0]);
      |     ^
./crr_mxfp8_exact_8wave_subrbm_fastpath.inc:256:9: note: in instantiation of function template specialization 'crr_mma_scaled_phase_subrbm<1, 1, 1>' requested here
  256 |         crr_mma_scaled_phase_subrbm<1>(
      |         ^
./crr_mxfp8_exact_8wave_subrbm_fastpath.inc:286:5: note: in instantiation of function template specialization 'crr_exact_8wave_scaled_subrbm_kernel<true, 2>' requested here
  286 |     crr_exact_8wave_scaled_subrbm_kernel<PRESHUFFLED_QUANT, 2>
      |     ^
./crr_mxfp8_exact_8wave_subrbm_fastpath.inc:302:37: note: in instantiation of function template specialization 'dispatch_crr_exact_8wave_scaled_v2_subrbm<true>' requested here
  302 |     return reinterpret_cast<void*>(&dispatch_crr_exact_8wave_scaled_v2_subrbm<true>);
      |                                     ^
/tmp/wt-r33-d/include/ops/warp/register/tile/mma.cuh:200:31: note: candidate template ignored: could not match 'kittens::ducks::rt_layout::row' against 'kittens::ducks::rt_layout::col'
  200 | __device__ static inline void mma_AB_base_scaled(rt_base<float, ducks::rt_layout::col, D_shape> &d,
      |                               ^
In file included from kernel_mxfp8_layouts.cpp:3666:
./crr_mxfp8_exact_8wave_subrbm_fastpath.inc:134:5: error: no matching function for call to 'mma_AB_base_scaled'
  134 |     mma_AB_base_scaled<opsel_a, opsel_b>(
      |     ^~~~~~~~~~~~~~~~~~~~~~~~~~~~~~~~~~~~
./crr_mxfp8_exact_8wave_subrbm_fastpath.inc:190:5: note: in instantiation of function template specialization 'crr_mma_scaled_base_subrbm<2, 3>' requested here
  190 |     crr_mma_scaled_base_subrbm<lo, hi>(acc, a, b, 0, 1, a_scale_packs[0], b_scale_packs[0]);
      |     ^
./crr_mxfp8_exact_8wave_subrbm_fastpath.inc:256:9: note: in instantiation of function template specialization 'crr_mma_scaled_phase_subrbm<1, 1, 1>' requested here
  256 |         crr_mma_scaled_phase_subrbm<1>(
      |         ^
./crr_mxfp8_exact_8wave_subrbm_fastpath.inc:286:5: note: in instantiation of function template specialization 'crr_exact_8wave_scaled_subrbm_kernel<true, 2>' requested here
  286 |     crr_exact_8wave_scaled_subrbm_kernel<PRESHUFFLED_QUANT, 2>
      |     ^
./crr_mxfp8_exact_8wave_subrbm_fastpath.inc:302:37: note: in instantiation of function template specialization 'dispatch_crr_exact_8wave_scaled_v2_subrbm<true>' requested here
  302 |     return reinterpret_cast<void*>(&dispatch_crr_exact_8wave_scaled_v2_subrbm<true>);
      |                                     ^
/tmp/wt-r33-d/include/ops/warp/register/tile/mma.cuh:200:31: note: candidate template ignored: could not match 'kittens::ducks::rt_layout::row' against 'kittens::ducks::rt_layout::col'
  200 | __device__ static inline void mma_AB_base_scaled(rt_base<float, ducks::rt_layout::col, D_shape> &d,
      |                               ^
In file included from kernel_mxfp8_layouts.cpp:3666:
./crr_mxfp8_exact_8wave_subrbm_fastpath.inc:134:5: error: no matching function for call to 'mma_AB_base_scaled'
  134 |     mma_AB_base_scaled<opsel_a, opsel_b>(
      |     ^~~~~~~~~~~~~~~~~~~~~~~~~~~~~~~~~~~~
./crr_mxfp8_exact_8wave_subrbm_fastpath.inc:191:5: note: in instantiation of function template specialization 'crr_mma_scaled_base_subrbm<3, 2>' requested here
  191 |     crr_mma_scaled_base_subrbm<hi, lo>(acc, a, b, 1, 0, a_scale_packs[0], b_scale_packs[0]);
      |     ^
./crr_mxfp8_exact_8wave_subrbm_fastpath.inc:256:9: note: in instantiation of function template specialization 'crr_mma_scaled_phase_subrbm<1, 1, 1>' requested here
  256 |         crr_mma_scaled_phase_subrbm<1>(
      |         ^
./crr_mxfp8_exact_8wave_subrbm_fastpath.inc:286:5: note: in instantiation of function template specialization 'crr_exact_8wave_scaled_subrbm_kernel<true, 2>' requested here
  286 |     crr_exact_8wave_scaled_subrbm_kernel<PRESHUFFLED_QUANT, 2>
      |     ^
./crr_mxfp8_exact_8wave_subrbm_fastpath.inc:302:37: note: in instantiation of function template specialization 'dispatch_crr_exact_8wave_scaled_v2_subrbm<true>' requested here
  302 |     return reinterpret_cast<void*>(&dispatch_crr_exact_8wave_scaled_v2_subrbm<true>);
      |                                     ^
/tmp/wt-r33-d/include/ops/warp/register/tile/mma.cuh:200:31: note: candidate template ignored: could not match 'kittens::ducks::rt_layout::row' against 'kittens::ducks::rt_layout::col'
  200 | __device__ static inline void mma_AB_base_scaled(rt_base<float, ducks::rt_layout::col, D_shape> &d,
      |                               ^
In file included from kernel_mxfp8_layouts.cpp:3666:
./crr_mxfp8_exact_8wave_subrbm_fastpath.inc:134:5: error: no matching function for call to 'mma_AB_base_scaled'
  134 |     mma_AB_base_scaled<opsel_a, opsel_b>(
      |     ^~~~~~~~~~~~~~~~~~~~~~~~~~~~~~~~~~~~
./crr_mxfp8_exact_8wave_subrbm_fastpath.inc:192:5: note: in instantiation of function template specialization 'crr_mma_scaled_base_subrbm<3, 3>' requested here
  192 |     crr_mma_scaled_base_subrbm<hi, hi>(acc, a, b, 1, 1, a_scale_packs[0], b_scale_packs[0]);
      |     ^
./crr_mxfp8_exact_8wave_subrbm_fastpath.inc:256:9: note: in instantiation of function template specialization 'crr_mma_scaled_phase_subrbm<1, 1, 1>' requested here
  256 |         crr_mma_scaled_phase_subrbm<1>(
      |         ^
./crr_mxfp8_exact_8wave_subrbm_fastpath.inc:286:5: note: in instantiation of function template specialization 'crr_exact_8wave_scaled_subrbm_kernel<true, 2>' requested here
  286 |     crr_exact_8wave_scaled_subrbm_kernel<PRESHUFFLED_QUANT, 2>
      |     ^
./crr_mxfp8_exact_8wave_subrbm_fastpath.inc:302:37: note: in instantiation of function template specialization 'dispatch_crr_exact_8wave_scaled_v2_subrbm<true>' requested here
  302 |     return reinterpret_cast<void*>(&dispatch_crr_exact_8wave_scaled_v2_subrbm<true>);
      |                                     ^
/tmp/wt-r33-d/include/ops/warp/register/tile/mma.cuh:200:31: note: candidate template ignored: could not match 'kittens::ducks::rt_layout::row' against 'kittens::ducks::rt_layout::col'
  200 | __device__ static inline void mma_AB_base_scaled(rt_base<float, ducks::rt_layout::col, D_shape> &d,
      |                               ^
8 errors generated when compiling for gfx950.
failed to execute:/opt/rocm/lib/llvm/bin/clang++  --offload-arch=gfx950 -O3 --driver-mode=g++ -O3 --hip-link  -x hip kernel_mxfp8_layouts.cpp -DKITTENS_CDNA4 -DHIP_ENABLE_WARP_SYNC_BUILTINS -ffast-math -I/opt/rocm/include/rocrand -std=c++20 -w -DM_DIM=8192 -DN_DIM=8192 -DK_DIM=8192 -DMXFP8_CRR_RBM=32 -DMXFP8_CRR_SUBRBM_PROBE=1 -L/usr/lib/python3.10/config-3.10-x86_64-linux-gnu -L/usr/lib/x86_64-linux-gnu -ldl -lm -lm -I/tmp/wt-r33-d/include -I/tmp/wt-r33-d/prototype -I/usr/include/python3.10 -I/opt/venv/lib/python3.10/site-packages/pybind11/include -shared -fPIC -Rpass-analysis=kernel-resource-usage -I/tmp/wt-r33-d/include -I/opt/rocm/include/hip -o "tk_mxfp8_layouts.cpython-310-x86_64-linux-gnu.so"
make: *** [Makefile:42: tk_mxfp8_layouts] Error 1
