===== PREFLIGHT rocm-smi -d 2 =====


============================ ROCm System Management Interface ============================
WARNING: AMD GPU device(s) is/are in a low-power state. Check power control/runtime_status

=============================== Current clock frequencies ================================
GPU[2]		: fclk clock level: 0: (1250Mhz)
GPU[2]		: mclk clock level: 0: (2000Mhz)
GPU[2]		: sclk clock level: 1: (193Mhz)
GPU[2]		: socclk clock level: S: (39Mhz)
==========================================================================================
================================== End of ROCm SMI Log ===================================
========================================
===== BENCH cell=c5_8b_gate GPU=2 (HIP=2) 4096x14336x4096 crr vs rrr =====
[sclk-pre-preheat] GPU[2]		: sclk clock level: 1: (190Mhz)
[preheat 30.0s] done 8188 iters
[sclk-post-preheat] GPU[2]		: sclk clock level: 1: (2259Mhz)
CORRECTNESS_CRR snr_db=49.61 pass_rate_pct=100.00 det_ok=True
CORRECTNESS_RRR snr_db=49.61 pass_rate_pct=100.00 det_ok=True
[sclk-pre-bench] GPU[2]		: sclk clock level: 1: (2368Mhz)
WARMUP 0 RRR=2426.67 CRR=2370.49 sclk=GPU[2]		: sclk clock level: 1: (2358Mhz)
WARMUP 1 RRR=2422.42 CRR=2361.05 sclk=GPU[2]		: sclk clock level: 1: (2361Mhz)
PAIR 0 RRR_1=2404.28 CRR_1=2369.39 RRR_2=2511.87 CRR_2=2371.70
PAIR 1 RRR_1=2534.03 CRR_1=2377.70 RRR_2=2538.68 CRR_2=2374.70
PAIR 2 RRR_1=2526.05 CRR_1=2375.76 RRR_2=2535.33 CRR_2=2381.35
PAIR 3 RRR_1=2500.19 CRR_1=2370.91 RRR_2=2510.88 CRR_2=2374.72
PAIR 4 RRR_1=2472.16 CRR_1=2375.52 RRR_2=2505.89 CRR_2=2369.34
[sclk-post-bench] GPU[2]		: sclk clock level: 1: (2314Mhz)
CRR  median=2374.71 mean=2374.11 stdev=3.83 n=10
RRR  median=2511.37 mean=2503.94 stdev=40.36 n=10
Welch t (CRR vs RRR) = 10.128  (positive = RRR faster)
DELTA_MEDIAN_PCT RRR_vs_CRR = +5.755%
CRR_TFLOPS_LIST 2369.3939,2371.7024,2377.6955,2374.6953,2375.7597,2381.3532,2370.9073,2374.7184,2375.5159,2369.3381
RRR_TFLOPS_LIST 2404.2777,2511.8662,2534.0334,2538.6821,2526.0544,2535.3267,2500.1949,2510.8756,2472.1576,2505.8894
Saved /tmp/wt-r34-b/analysis/fp8_gemm/mi350x/r34b_c5_8b_gate_crr_vs_rrr_gpu2.txt
===== BENCH cell=c6_8b_up GPU=2 (HIP=2) 4096x14336x4096 crr vs rrr =====
[sclk-pre-preheat] GPU[2]		: sclk clock level: 1: (222Mhz)
[preheat 30.0s] done 8188 iters
[sclk-post-preheat] GPU[2]		: sclk clock level: 1: (2296Mhz)
CORRECTNESS_CRR snr_db=49.61 pass_rate_pct=100.00 det_ok=True
CORRECTNESS_RRR snr_db=49.61 pass_rate_pct=100.00 det_ok=True
[sclk-pre-bench] GPU[2]		: sclk clock level: 1: (2336Mhz)
WARMUP 0 RRR=2455.12 CRR=2417.75 sclk=GPU[2]		: sclk clock level: 1: (2334Mhz)
WARMUP 1 RRR=2468.28 CRR=2414.54 sclk=GPU[2]		: sclk clock level: 1: (2321Mhz)
PAIR 0 RRR_1=2459.96 CRR_1=2392.48 RRR_2=2546.35 CRR_2=2422.38
PAIR 1 RRR_1=2580.18 CRR_1=2422.38 RRR_2=2570.46 CRR_2=2426.91
PAIR 2 RRR_1=2576.07 CRR_1=2425.68 RRR_2=2555.73 CRR_2=2422.51
PAIR 3 RRR_1=2532.66 CRR_1=2425.54 RRR_2=2572.05 CRR_2=2418.62
PAIR 4 RRR_1=2551.93 CRR_1=2375.30 RRR_2=2559.86 CRR_2=2416.64
[sclk-post-bench] GPU[2]		: sclk clock level: 1: (2310Mhz)
CRR  median=2422.38 mean=2414.84 stdev=17.10 n=10
RRR  median=2557.79 mean=2550.53 stdev=35.04 n=10
Welch t (CRR vs RRR) = 11.006  (positive = RRR faster)
DELTA_MEDIAN_PCT RRR_vs_CRR = +5.590%
CRR_TFLOPS_LIST 2392.4770,2422.3803,2422.3803,2426.9120,2425.6832,2422.5117,2425.5365,2418.6189,2375.3043,2416.6359
RRR_TFLOPS_LIST 2459.9607,2546.3525,2580.1813,2570.4583,2576.0690,2555.7304,2532.6564,2572.0525,2551.9341,2559.8595
Saved /tmp/wt-r34-b/analysis/fp8_gemm/mi350x/r34b_c6_8b_up_crr_vs_rrr_gpu2.txt
ALL CELLS DONE on PHYS_GPU=2
