===== PREFLIGHT rocm-smi -d 5 =====


============================ ROCm System Management Interface ============================
WARNING: AMD GPU device(s) is/are in a low-power state. Check power control/runtime_status

=============================== Current clock frequencies ================================
GPU[5]		: fclk clock level: 0: (1250Mhz)
GPU[5]		: mclk clock level: 0: (2000Mhz)
GPU[5]		: sclk clock level: 1: (199Mhz)
GPU[5]		: socclk clock level: S: (39Mhz)
==========================================================================================
================================== End of ROCm SMI Log ===================================
========================================
===== BENCH cell=c5_8b_gate GPU=5 (HIP=5) 4096x14336x4096 crr vs rrr =====
[sclk-pre-preheat] GPU[5]		: sclk clock level: 1: (1833Mhz)
[preheat 30.0s] done 6140 iters
[sclk-post-preheat] GPU[5]		: sclk clock level: 1: (1750Mhz)
CORRECTNESS_CRR snr_db=49.61 pass_rate_pct=100.00 det_ok=True
CORRECTNESS_RRR snr_db=49.61 pass_rate_pct=100.00 det_ok=True
[sclk-pre-bench] GPU[5]		: sclk clock level: 1: (1862Mhz)
WARMUP 0 RRR=196.75 CRR=210.35 sclk=GPU[5]		: sclk clock level: 1: (1827Mhz)
WARMUP 1 RRR=208.78 CRR=231.03 sclk=GPU[5]		: sclk clock level: 1: (1809Mhz)
PAIR 0 RRR_1=215.45 CRR_1=2406.97 RRR_2=2560.54 CRR_2=2320.09
PAIR 1 RRR_1=2559.88 CRR_1=2430.15 RRR_2=2560.68 CRR_2=2419.52
PAIR 2 RRR_1=2541.55 CRR_1=2214.48 RRR_2=2578.60 CRR_2=2408.12
PAIR 3 RRR_1=2585.43 CRR_1=2436.98 RRR_2=2568.26 CRR_2=2435.81
PAIR 4 RRR_1=2554.95 CRR_1=2431.25 RRR_2=2580.79 CRR_2=2427.45
[sclk-post-bench] GPU[5]		: sclk clock level: 1: (2308Mhz)
CRR  median=2423.48 mean=2393.08 stdev=71.58 n=10
RRR  median=2560.61 mean=2330.61 stdev=743.31 n=10
Welch t (CRR vs RRR) = -0.265  (positive = RRR faster)
DELTA_MEDIAN_PCT RRR_vs_CRR = +5.658%
CRR_TFLOPS_LIST 2406.9672,2320.0899,2430.1490,2419.5151,2214.4838,2408.1244,2436.9845,2435.8146,2431.2543,2427.4511
RRR_TFLOPS_LIST 215.4485,2560.5359,2559.8767,2560.6831,2541.5518,2578.5996,2585.4343,2568.2620,2554.9487,2580.7854
Saved /tmp/wt-r34-b/analysis/fp8_gemm/mi350x/r34b_c5_8b_gate_crr_vs_rrr_gpu5.txt
===== BENCH cell=c6_8b_up GPU=5 (HIP=5) 4096x14336x4096 crr vs rrr =====
[sclk-pre-preheat] GPU[5]		: sclk clock level: 1: (1861Mhz)
[preheat 30.0s] done 6140 iters
[sclk-post-preheat] GPU[5]		: sclk clock level: 1: (1575Mhz)
CORRECTNESS_CRR snr_db=49.61 pass_rate_pct=100.00 det_ok=True
CORRECTNESS_RRR snr_db=49.61 pass_rate_pct=100.00 det_ok=True
[sclk-pre-bench] GPU[5]		: sclk clock level: 1: (1572Mhz)
WARMUP 0 RRR=57.22 CRR=50.53 sclk=GPU[5]		: sclk clock level: 1: (1574Mhz)
WARMUP 1 RRR=52.50 CRR=58.14 sclk=GPU[5]		: sclk clock level: 1: (1558Mhz)
PAIR 0 RRR_1=54.35 CRR_1=53.93 RRR_2=51.46 CRR_2=55.03
PAIR 1 RRR_1=54.71 CRR_1=55.74 RRR_2=66.07 CRR_2=36.35
PAIR 2 RRR_1=2533.37 CRR_1=2418.77 RRR_2=2564.02 CRR_2=2435.25
PAIR 3 RRR_1=2563.51 CRR_1=2412.57 RRR_2=2558.12 CRR_2=2403.97
PAIR 4 RRR_1=2553.52 CRR_1=2416.53 RRR_2=2576.87 CRR_2=2355.43
[sclk-post-bench] GPU[5]		: sclk clock level: 1: (2332Mhz)
CRR  median=2379.70 mean=1464.36 stdev=1217.24 n=10
RRR  median=2543.44 mean=1557.60 stdev=1291.86 n=10
Welch t (CRR vs RRR) = 0.166  (positive = RRR faster)
DELTA_MEDIAN_PCT RRR_vs_CRR = +6.881%
CRR_TFLOPS_LIST 53.9262,55.0273,55.7371,36.3521,2418.7742,2435.2501,2412.5684,2403.9695,2416.5338,2355.4340
RRR_TFLOPS_LIST 54.3524,51.4576,54.7075,66.0683,2533.3709,2564.0181,2563.5098,2558.1165,2553.5161,2576.8747
Saved /tmp/wt-r34-b/analysis/fp8_gemm/mi350x/r34b_c6_8b_up_crr_vs_rrr_gpu5.txt
ALL CELLS DONE on PHYS_GPU=5
