===== PREFLIGHT rocm-smi -d 2 =====


============================ ROCm System Management Interface ============================
WARNING: AMD GPU device(s) is/are in a low-power state. Check power control/runtime_status

=============================== Current clock frequencies ================================
GPU[2]		: fclk clock level: 0: (1250Mhz)
GPU[2]		: mclk clock level: 0: (2000Mhz)
GPU[2]		: sclk clock level: 1: (241Mhz)
GPU[2]		: socclk clock level: S: (42Mhz)
==========================================================================================
================================== End of ROCm SMI Log ===================================
========================================
===== BENCH cell=c5_8b_gate GPU=2 (HIP=2) 4096x14336x4096 crr vs rrr =====
[sclk-pre-preheat] GPU[2]		: sclk clock level: 1: (196Mhz)
[preheat 60.0s] done 12284 iters
[sclk-post-preheat] GPU[2]		: sclk clock level: 1: (2154Mhz)
CORRECTNESS_CRR snr_db=49.61 pass_rate_pct=100.00 det_ok=True
CORRECTNESS_RRR snr_db=49.61 pass_rate_pct=100.00 det_ok=True
[sclk-pre-bench] GPU[2]		: sclk clock level: 1: (2356Mhz)
WARMUP 0 RRR=2461.04 CRR=2405.34 sclk=GPU[2]		: sclk clock level: 1: (2359Mhz)
WARMUP 1 RRR=2457.73 CRR=2406.68 sclk=GPU[2]		: sclk clock level: 1: (2340Mhz)
WARMUP 2 RRR=2463.17 CRR=2402.84 sclk=GPU[2]		: sclk clock level: 1: (2324Mhz)
PAIR 0 RRR_1=2356.16 CRR_1=2405.07 RRR_2=2505.52 CRR_2=2402.46
PAIR 1 RRR_1=2561.29 CRR_1=2408.69 RRR_2=2560.17 CRR_2=2404.54
PAIR 2 RRR_1=2543.05 CRR_1=2412.93 RRR_2=2500.42 CRR_2=2411.17
PAIR 3 RRR_1=2556.41 CRR_1=2397.45 RRR_2=2548.45 CRR_2=2416.62
PAIR 4 RRR_1=2559.70 CRR_1=2417.23 RRR_2=2548.18 CRR_2=2406.78
[sclk-post-bench] GPU[2]		: sclk clock level: 1: (2300Mhz)
CRR  median=2407.74 mean=2408.29 stdev=6.30 n=10
RRR  median=2548.31 mean=2523.94 stdev=62.93 n=10
Welch t (CRR vs RRR) = 5.783  (positive = RRR faster)
DELTA_MEDIAN_PCT RRR_vs_CRR = +5.838%
CRR_TFLOPS_LIST 2405.0743,2402.4607,2408.6920,2404.5359,2412.9309,2411.1749,2397.4462,2416.6160,2417.2278,2406.7835
RRR_TFLOPS_LIST 2356.1638,2505.5177,2561.2926,2560.1748,2543.0451,2500.4225,2556.4144,2548.4452,2559.7011,2548.1805
Saved /tmp/wt-r34-b/analysis/fp8_gemm/mi350x/r34b_c5_8b_gate_crr_vs_rrr_gpu2_clean.txt
===== BENCH cell=c6_8b_up GPU=2 (HIP=2) 4096x14336x4096 crr vs rrr =====
[sclk-pre-preheat] GPU[2]		: sclk clock level: 1: (230Mhz)
[preheat 60.0s] done 11260 iters
[sclk-post-preheat] GPU[2]		: sclk clock level: 1: (1697Mhz)
CORRECTNESS_CRR snr_db=49.61 pass_rate_pct=100.00 det_ok=True
CORRECTNESS_RRR snr_db=49.61 pass_rate_pct=100.00 det_ok=True
[sclk-pre-bench] GPU[2]		: sclk clock level: 1: (1695Mhz)
WARMUP 0 RRR=35.99 CRR=36.46 sclk=GPU[2]		: sclk clock level: 1: (1710Mhz)
WARMUP 1 RRR=37.39 CRR=36.68 sclk=GPU[2]		: sclk clock level: 1: (1702Mhz)
WARMUP 2 RRR=44.89 CRR=2382.76 sclk=GPU[2]		: sclk clock level: 1: (2294Mhz)
PAIR 0 RRR_1=2408.71 CRR_1=2373.33 RRR_2=2533.90 CRR_2=2353.27
PAIR 1 RRR_1=2507.02 CRR_1=2387.87 RRR_2=2440.27 CRR_2=2361.04
PAIR 2 RRR_1=2516.32 CRR_1=2390.23 RRR_2=2482.47 CRR_2=2387.47
PAIR 3 RRR_1=2396.69 CRR_1=2287.32 RRR_2=2549.38 CRR_2=2390.83
PAIR 4 RRR_1=2143.86 CRR_1=2387.80 RRR_2=2501.08 CRR_2=2346.65
[sclk-post-bench] GPU[2]		: sclk clock level: 1: (2326Mhz)
CRR  median=2380.40 mean=2366.58 stdev=32.35 n=10
RRR  median=2491.77 mean=2447.97 stdev=118.58 n=10
Welch t (CRR vs RRR) = 2.094  (positive = RRR faster)
DELTA_MEDIAN_PCT RRR_vs_CRR = +4.679%
CRR_TFLOPS_LIST 2373.3295,2353.2710,2387.8728,2361.0427,2390.2264,2387.4698,2287.3222,2390.8349,2387.7965,2346.6538
RRR_TFLOPS_LIST 2408.7118,2533.8989,2507.0157,2440.2666,2516.3220,2482.4652,2396.6917,2549.3796,2143.8619,2501.0771
Saved /tmp/wt-r34-b/analysis/fp8_gemm/mi350x/r34b_c6_8b_up_crr_vs_rrr_gpu2_clean.txt
ALL CELLS DONE on PHYS_GPU=2 (clean run)
