===== PREFLIGHT rocm-smi -d 6 =====


============================ ROCm System Management Interface ============================
WARNING: AMD GPU device(s) is/are in a low-power state. Check power control/runtime_status

=============================== Current clock frequencies ================================
GPU[6]		: fclk clock level: 0: (1250Mhz)
GPU[6]		: mclk clock level: 0: (2000Mhz)
GPU[6]		: sclk clock level: 1: (193Mhz)
GPU[6]		: socclk clock level: S: (39Mhz)
==========================================================================================
================================== End of ROCm SMI Log ===================================
========================================
===== BENCH cell=c5_8b_gate GPU=6 (HIP=6) 4096x14336x4096 crr vs rrr =====
[sclk-pre-preheat] GPU[6]		: sclk clock level: 1: (1775Mhz)
[preheat 30.0s] done 7164 iters
[sclk-post-preheat] GPU[6]		: sclk clock level: 1: (1812Mhz)
CORRECTNESS_CRR snr_db=49.61 pass_rate_pct=100.00 det_ok=True
CORRECTNESS_RRR snr_db=49.61 pass_rate_pct=100.00 det_ok=True
[sclk-pre-bench] GPU[6]		: sclk clock level: 1: (1873Mhz)
WARMUP 0 RRR=455.16 CRR=450.85 sclk=GPU[6]		: sclk clock level: 1: (1843Mhz)
WARMUP 1 RRR=465.66 CRR=456.81 sclk=GPU[6]		: sclk clock level: 1: (1975Mhz)
PAIR 0 RRR_1=2455.09 CRR_1=2387.16 RRR_2=2536.36 CRR_2=2402.95
PAIR 1 RRR_1=2532.54 CRR_1=2378.87 RRR_2=2532.05 CRR_2=2375.94
PAIR 2 RRR_1=2386.10 CRR_1=2245.46 RRR_2=2533.02 CRR_2=2300.55
PAIR 3 RRR_1=2519.72 CRR_1=2390.91 RRR_2=2532.82 CRR_2=2396.45
PAIR 4 RRR_1=2529.95 CRR_1=2391.81 RRR_2=2525.59 CRR_2=2385.22
[sclk-post-bench] GPU[6]		: sclk clock level: 1: (2345Mhz)
CRR  median=2386.19 mean=2365.53 stdev=51.07 n=10
RRR  median=2531.00 mean=2508.32 stdev=49.23 n=10
Welch t (CRR vs RRR) = 6.366  (positive = RRR faster)
DELTA_MEDIAN_PCT RRR_vs_CRR = +6.069%
CRR_TFLOPS_LIST 2387.1586,2402.9468,2378.8707,2375.9432,2245.4625,2300.5502,2390.9077,2396.4486,2391.8113,2385.2220
RRR_TFLOPS_LIST 2455.0892,2536.3633,2532.5392,2532.0486,2386.0997,2533.0247,2519.7189,2532.8219,2529.9494,2525.5877
Saved /tmp/wt-r34-b/analysis/fp8_gemm/mi350x/r34b_c5_8b_gate_crr_vs_rrr_gpu6.txt
===== BENCH cell=c6_8b_up GPU=6 (HIP=6) 4096x14336x4096 crr vs rrr =====
[sclk-pre-preheat] GPU[6]		: sclk clock level: 1: (1744Mhz)
[preheat 30.0s] done 7164 iters
[sclk-post-preheat] GPU[6]		: sclk clock level: 1: (1795Mhz)
CORRECTNESS_CRR snr_db=49.61 pass_rate_pct=100.00 det_ok=True
CORRECTNESS_RRR snr_db=49.61 pass_rate_pct=100.00 det_ok=True
[sclk-pre-bench] GPU[6]		: sclk clock level: 1: (1766Mhz)
WARMUP 0 RRR=431.70 CRR=422.14 sclk=GPU[6]		: sclk clock level: 1: (1687Mhz)
WARMUP 1 RRR=435.10 CRR=424.41 sclk=GPU[6]		: sclk clock level: 1: (1716Mhz)
PAIR 0 RRR_1=435.80 CRR_1=429.20 RRR_2=438.97 CRR_2=424.64
PAIR 1 RRR_1=435.77 CRR_1=423.84 RRR_2=2481.84 CRR_2=2375.41
PAIR 2 RRR_1=2506.90 CRR_1=2380.17 RRR_2=2512.85 CRR_2=2376.58
PAIR 3 RRR_1=2504.69 CRR_1=2371.44 RRR_2=2504.38 CRR_2=2383.66
PAIR 4 RRR_1=2498.96 CRR_1=2171.19 RRR_2=2473.75 CRR_2=2274.77
[sclk-post-bench] GPU[6]		: sclk clock level: 1: (2346Mhz)
CRR  median=2323.11 mean=1761.09 stdev=923.75 n=10
RRR  median=2490.40 mean=1879.39 stdev=995.52 n=10
Welch t (CRR vs RRR) = 0.275  (positive = RRR faster)
DELTA_MEDIAN_PCT RRR_vs_CRR = +7.201%
CRR_TFLOPS_LIST 429.1995,424.6401,423.8442,2375.4127,2380.1747,2376.5764,2371.4402,2383.6564,2171.1904,2274.7739
RRR_TFLOPS_LIST 435.7950,438.9688,435.7666,2481.8409,2506.8973,2512.8532,2504.6882,2504.3752,2498.9633,2473.7543
Saved /tmp/wt-r34-b/analysis/fp8_gemm/mi350x/r34b_c6_8b_up_crr_vs_rrr_gpu6.txt
ALL CELLS DONE on PHYS_GPU=6
