Non-finite total: 1101506 (6.57%)

256x256 tile heat (per-tile non-finite count, max=65536=65536):
  M 0:  3496  3497  2979  6038  7258  7063  3522  2603  6024  3496  2848  3505  3507  3701  4868  6290
  M 1:  7580  3476  3510  3478  3512  3939  4735  7523  3501  2849  3504  3481  3837  4740  6903  6564
  M 2:  3511  4198  6013  7583  6949  3495  3513  3513  3494  3503  2851  4678  5885  4744  5901  3501
  M 3:  5022  4723  7553  8318  3520  2851  3513  2849  4996  5764  6917  4999  3503  3491  3497  3231
  M 4:  7576  3497  3490  3495  3519  3710  4998  7038  3646  5757  4014  6269  3501  3494  3501  2700
  M 5:  7572  3543  3493  3511  3487  3707  5920  7566  5141  6536  3471  3505  2827  3102  3848  4140
  M 6:  5021  7324  6061  3496  3508  3522  3503  4966  5258  4989  3490  3501  3492  3527  4759  3344
  M 7:  3545  4763  6066  7570  8638  3523  3517  3492  5002  6047  7201  4728  3489  3492  3508  3532
  M 8:  2849  4233  6283  6408  2707  3515  3263  3520  2960  3498  3467  3485  3472  2464  4724  5738
  M 9:  2689  3506  3512  3480  3824  7048  6266  3240  3344  4111  3483  3500  3498  2999  3967  5287
  M10:  4228  5642  3546  7059  3521  3492  2647  3514  5949  5105  3473  2361  2873  3236  2832  5651
  M11:  8070  3509  3487  3511  3536  5024  5332  6553  3486  3424  3696  5488  4024  4582  3229  3230
  M12:  5542  3325  6256  3509  2690  3508  3521  3871  3450  5239  2857  6049  2188  3491  2092  3520
  M13:  5993  4230  2931  2991  2929  3237  2133  5521  3198  4697  3828  7060  2388  3519  2390  2911
  M14:  6294  2904  2112  2926  3493  5022  5198  5254  6458  3524  3221  3234  3221  4718  4886  4105
  M15:  5146  6682  4632  5480  3500  3014  3247  2748  3369  3627  5742  4980  5774  6531  3515  2881

Mean non-finite rate within 256x256 (downsampled to 16x16 grid of 16-cell blocks):
  rblk 0:   0.0  99.2   2.0   0.4   0.0  98.8   1.2   0.4   0.8   0.1   0.0   0.0   0.6   0.1   0.0   0.0
  rblk 1:   0.0  96.3  49.1  41.0   0.0  95.3  32.5  40.2   0.0   0.0   0.0   0.0   0.0   0.0   0.0   0.0
  rblk 2:  10.5  43.2  27.8  19.7   6.4  30.3  16.9  12.3   0.0   0.0   0.0   0.0   0.0   0.0   0.0   0.0
  rblk 3:   1.4  21.2  11.8  12.6   1.5  21.5   7.9  12.7   0.0   0.0   0.0   0.0   0.0   0.0   0.0   0.0
  rblk 4:   0.0  99.6   1.0   0.4   0.0 100.0   2.1   0.4   0.5   0.0   0.0   0.0   0.9   0.0   0.0   0.0
  rblk 5:   0.0  95.5  46.5  40.4   0.0  96.9  64.2  42.8   0.0   0.0   0.0   0.0   0.0   0.0   0.0   0.0
  rblk 6:   5.0  41.8  14.3  10.3  11.4  53.3  29.5  20.5   0.0   0.0   0.0   0.0   0.0   0.0   0.0   0.0
  rblk 7:   1.2  20.7   7.1  11.9   0.8  21.0  14.6  10.9   0.0   0.0   0.0   0.0   0.0   0.0   0.0   0.0
  rblk 8:   0.0   0.0   0.0   0.0   0.0   0.0   0.0   0.0   0.0   0.0   0.0   0.0   0.0   0.0   0.0   0.0
  rblk 9:   0.0   0.0   0.0   0.0   0.0   0.0   0.0   0.0   0.0   0.0   0.0   0.0   0.0   0.0   0.0   0.0
  rblk10:   0.0   0.0   0.0   0.0   0.0   0.0   0.0   0.0   0.0   0.0   0.0   0.0   0.0   0.0   0.0   0.0
  rblk11:   0.0   0.0   0.0   0.0   0.0   0.0   0.0   0.0   0.0   0.0   0.0   0.0   0.0   0.0   0.0   0.0
  rblk12:   0.0   0.0   0.0   0.0   0.0   0.0   0.0   0.0   0.0   0.0   0.0   0.0   0.0   0.0   0.0   0.0
  rblk13:   0.0   0.0   0.0   0.0   0.0   0.0   0.0   0.0   0.0   0.0   0.0   0.0   0.0   0.0   0.0   0.0
  rblk14:   0.0   0.0   0.0   0.0   0.0   0.0   0.0   0.0   0.0   0.0   0.0   0.0   0.0   0.0   0.0   0.0
  rblk15:   0.0   0.0   0.0   0.0   0.0   0.0   0.0   0.0   0.0   0.0   0.0   0.0   0.0   0.0   0.0   0.0

Mean non-finite rate within 16x16 (over all 256x256 sub-blocks):
  sub 0:   6.3   6.3   6.3   6.3   6.3   6.3   6.3   6.3   6.3   6.3   6.3   6.3   6.3   6.3   6.4   7.1
  sub 1:   6.3   6.3   6.3   6.3   6.3   6.3   6.3   6.3   6.3   6.3   6.3   6.3   6.3   6.3   6.4   7.1
  sub 2:   6.3   6.3   6.3   6.3   6.3   6.3   6.3   6.3   6.3   6.3   6.3   6.3   6.3   6.3   6.4   7.1
  sub 3:   6.3   6.3   6.3   6.3   6.3   6.3   6.3   6.3   6.3   6.3   6.3   6.3   6.3   6.4   6.4   7.1
  sub 4:   6.3   6.3   6.3   6.3   6.3   6.3   6.3   6.3   6.3   6.3   6.3   6.3   6.3   6.4   6.4   7.1
  sub 5:   6.3   6.3   6.3   6.3   6.3   6.3   6.3   6.3   6.3   6.3   6.3   6.3   6.3   6.3   6.4   7.1
  sub 6:   6.3   6.3   6.3   6.3   6.3   6.3   6.3   6.3   6.3   6.3   6.3   6.3   6.3   6.4   6.4   7.1
  sub 7:   6.3   6.3   6.3   6.3   6.3   6.3   6.3   6.3   6.3   6.3   6.3   6.3   6.3   6.4   6.4   7.1
  sub 8:   6.4   6.4   6.4   6.4   6.4   6.4   6.4   6.4   6.4   6.4   6.4   6.4   6.5   6.5   6.6   7.2
  sub 9:   6.6   6.5   6.5   6.6   6.5   6.6   6.6   6.5   6.5   6.5   6.6   6.6   6.6   6.6   6.7   7.4
  sub10:   6.6   6.6   6.6   6.6   6.6   6.6   6.6   6.6   6.6   6.6   6.7   6.6   6.6   6.7   6.8   7.5
  sub11:   6.7   6.7   6.7   6.7   6.7   6.7   6.7   6.7   6.7   6.7   6.7   6.7   6.7   6.8   7.0   7.7
  sub12:   6.7   6.7   6.7   6.7   6.7   6.7   6.7   6.7   6.7   6.7   6.7   6.7   6.8   6.9   7.1   7.8
  sub13:   6.7   6.7   6.7   6.7   6.7   6.7   6.7   6.7   6.7   6.7   6.7   6.8   6.9   7.0   7.1   7.8
  sub14:   6.7   6.7   6.7   6.7   6.7   6.7   6.7   6.7   6.7   6.7   6.8   6.9   7.0   7.0   7.1   7.8
  sub15:   6.9   6.9   6.9   6.9   6.9   6.9   6.9   6.9   6.9   7.0   7.0   7.1   7.2   7.2   7.3   8.0

Mean non-finite rate per row offset within 256x256 tile (256 rows):
  rows   0.. 16:  12.72%   per-row:  12.7  12.7  12.7  12.7  12.7  12.7  12.7  12.7  12.7  12.7  12.8  12.8  12.7  12.8  12.7  12.7
  rows  16.. 32:  22.15%   per-row:  22.1  22.1  22.1  22.1  22.1  22.1  22.1  22.1  22.2  22.2  22.2  22.2  22.2  22.2  22.2  22.2
  rows  32.. 48:  10.44%   per-row:   9.0   9.0   9.0   9.0   9.0   9.1   9.1   9.1   9.7  10.7  11.4  11.9  12.2  12.4  12.6  13.8
  rows  48.. 64:   5.66%   per-row:   5.6   5.6   5.6   5.6   5.6   5.6   5.6   5.6   5.8   5.7   5.7   5.8   5.7   5.7   5.7   5.7
  rows  64.. 80:  12.80%   per-row:  12.8  12.8  12.8  12.8  12.8  12.8  12.8  12.8  12.8  12.8  12.8  12.8  12.8  12.8  12.8  12.8
  rows  80.. 96:  24.14%   per-row:  24.1  24.1  24.1  24.1  24.1  24.1  24.1  24.1  24.2  24.2  24.2  24.2  24.2  24.2  24.2  24.2
  rows  96..112:  11.62%   per-row:  10.0  10.1  10.1  10.1  10.1  10.2  10.2  10.2  10.9  11.8  12.4  13.1  13.4  13.7  14.0  15.5
  rows 112..128:   5.50%   per-row:   5.3   5.3   5.3   5.3   5.3   5.3   5.3   5.3   5.7   5.7   5.7   5.7   5.7   5.7   5.7   5.7
  rows 128..144:   0.00%   per-row:   0.0   0.0   0.0   0.0   0.0   0.0   0.0   0.0   0.0   0.0   0.0   0.0   0.0   0.0   0.0   0.0
  rows 144..160:   0.00%   per-row:   0.0   0.0   0.0   0.0   0.0   0.0   0.0   0.0   0.0   0.0   0.0   0.0   0.0   0.0   0.0   0.0
  rows 160..176:   0.00%   per-row:   0.0   0.0   0.0   0.0   0.0   0.0   0.0   0.0   0.0   0.0   0.0   0.0   0.0   0.0   0.0   0.0
  rows 176..192:   0.00%   per-row:   0.0   0.0   0.0   0.0   0.0   0.0   0.0   0.0   0.0   0.0   0.0   0.0   0.0   0.0   0.0   0.0
  rows 192..208:   0.00%   per-row:   0.0   0.0   0.0   0.0   0.0   0.0   0.0   0.0   0.0   0.0   0.0   0.0   0.0   0.0   0.0   0.0
  rows 208..224:   0.00%   per-row:   0.0   0.0   0.0   0.0   0.0   0.0   0.0   0.0   0.0   0.0   0.0   0.0   0.0   0.0   0.0   0.0
  rows 224..240:   0.00%   per-row:   0.0   0.0   0.0   0.0   0.0   0.0   0.0   0.0   0.0   0.0   0.0   0.0   0.0   0.0   0.0   0.0
  rows 240..256:   0.00%   per-row:   0.0   0.0   0.0   0.0   0.0   0.0   0.0   0.0   0.0   0.0   0.0   0.0   0.0   0.0   0.0   0.0

Mean non-finite rate per col offset within 256x256 tile (256 cols):
  cols   0.. 16:   1.13%   per-col:   1.1   1.1   1.1   1.1   1.1   1.1   1.1   1.2   1.1   1.1   1.1   1.1   1.1   1.1   1.1   1.1
  cols  16.. 32:  32.34%   per-col:  32.3  32.3  32.3  32.3  32.3  32.3  32.3  32.3  32.3  32.3  32.3  32.3  32.3  32.3  32.3  32.3
  cols  32.. 48:   9.96%   per-col:   9.3   9.3   9.3   9.3   9.4   9.4   9.4   9.4   9.4   9.5   9.5   9.7   9.9  10.3  10.9  15.5
  cols  48.. 64:   8.54%   per-col:   8.5   8.5   8.5   8.5   8.5   8.6   8.5   8.5   8.5   8.5   8.6   8.5   8.5   8.5   8.5   8.5
  cols  64.. 80:   1.26%   per-col:   1.3   1.3   1.2   1.3   1.3   1.3   1.2   1.2   1.2   1.2   1.3   1.3   1.3   1.3   1.3   1.3
  cols  80.. 96:  32.32%   per-col:  32.3  32.3  32.3  32.3  32.3  32.3  32.3  32.3  32.3  32.3  32.3  32.3  32.3  32.3  32.3  32.3
  cols  96..112:  10.55%   per-col:  10.0  10.0  10.0  10.0  10.0  10.0  10.0  10.0  10.0  10.1  10.2  10.3  10.4  10.7  11.3  16.0
  cols 112..128:   8.76%   per-col:   8.8   8.8   8.8   8.8   8.8   8.7   8.8   8.7   8.8   8.8   8.8   8.7   8.8   8.8   8.8   8.8
  cols 128..144:   0.08%   per-col:   0.0   0.0   0.0   0.0   0.0   0.0   0.0   0.0   0.0   0.0   0.0   0.0   0.0   0.1   0.3   0.9
  cols 144..160:   0.00%   per-col:   0.0   0.0   0.0   0.0   0.0   0.0   0.0   0.0   0.0   0.0   0.0   0.0   0.0   0.0   0.0   0.0
  cols 160..176:   0.00%   per-col:   0.0   0.0   0.0   0.0   0.0   0.0   0.0   0.0   0.0   0.0   0.0   0.0   0.0   0.0   0.0   0.0
  cols 176..192:   0.00%   per-col:   0.0   0.0   0.0   0.0   0.0   0.0   0.0   0.0   0.0   0.0   0.0   0.0   0.0   0.0   0.0   0.0
  cols 192..208:   0.10%   per-col:   0.0   0.0   0.0   0.0   0.0   0.0   0.0   0.0   0.0   0.0   0.0   0.0   0.0   0.1   0.3   1.2
  cols 208..224:   0.01%   per-col:   0.0   0.0   0.0   0.0   0.0   0.0   0.0   0.0   0.0   0.0   0.0   0.0   0.0   0.0   0.0   0.0
  cols 224..240:   0.00%   per-col:   0.0   0.0   0.0   0.0   0.0   0.0   0.0   0.0   0.0   0.0   0.0   0.0   0.0   0.0   0.0   0.0
  cols 240..256:   0.00%   per-col:   0.0   0.0   0.0   0.0   0.0   0.0   0.0   0.0   0.0   0.0   0.0   0.0   0.0   0.0   0.0   0.0

Rows in tile with >95% non-finite rate: 0
  []

Cols in tile with >95% non-finite rate: 0
  []

Rows in tile with <1% non-finite rate: 128
  [128, 129, 130, 131, 132, 133, 134, 135, 136, 137, 138, 139, 140, 141, 142, 143, 144, 145, 146, 147, 148, 149, 150, 151, 152, 153, 154, 155, 156, 157, 158, 159, 160, 161, 162, 163, 164, 165, 166, 167, 168, 169, 170, 171, 172, 173, 174, 175, 176, 177, 178, 179, 180, 181, 182, 183, 184, 185, 186, 187, 188, 189, 190, 191]

Cols in tile with <1% non-finite rate: 127
  [128, 129, 130, 131, 132, 133, 134, 135, 136, 137, 138, 139, 140, 141, 142, 143, 144, 145, 146, 147, 148, 149, 150, 151, 152, 153, 154, 155, 156, 157, 158, 159, 160, 161, 162, 163, 164, 165, 166, 167, 168, 169, 170, 171, 172, 173, 174, 175, 176, 177, 178, 179, 180, 181, 182, 183, 184, 185, 186, 187, 188, 189, 190, 191]
