R35 wrong-cell locator: M=4096 N=4096 K=2048 module=tk_mxfp4_gluon_cpp_n4096_k2048_ext_br
  ref computed: shape=(4096, 4096), ref_finite=100.0%
  det_frac=62.25%  kernel_finite=88.76%
  det_wrong (|diff|>1e10) cells: 27099 (0.16%)
  det_correct (|diff|<100) cells: 10416832 (62.09%)
  non-det cells: 6333285 (37.75%)
  overlap(non-finite, det-wrong) = 27099 / non-finite=1885481 / det-wrong=27099

  Sample wrong-cell coordinates (first 30):
    (   0, 1042)  ref=1.03125  ker=-inf
    (   0, 1049)  ref=0.0791016  ker=inf
    (   0, 2603)  ref=1.58594  ker=inf
    (   0, 2629)  ref=1.33594  ker=-inf
    (   0, 2904)  ref=2.23438  ker=inf
    (   0, 2931)  ref=-4.40625  ker=inf
    (   0, 2935)  ref=0.585938  ker=inf
    (   0, 2937)  ref=2.5  ker=-inf
    (   0, 2938)  ref=0.914062  ker=inf
    (   0, 2939)  ref=-1  ker=-inf
    (   0, 3105)  ref=0.4375  ker=inf
    (   0, 3342)  ref=-0.738281  ker=inf
    (   0, 3848)  ref=-1.46094  ker=-inf
    (   1, 1085)  ref=-0.3125  ker=-inf
    (   1, 2676)  ref=-1.5  ker=-inf
    (   2,  343)  ref=0.710938  ker=inf
    (   2,  621)  ref=3.125  ker=-inf
    (   2,  838)  ref=2.84375  ker=inf
    (   2,  848)  ref=-2.84375  ker=inf
    (   2,  853)  ref=-0.707031  ker=inf
    (   2,  887)  ref=2.04688  ker=inf
    (   2, 1857)  ref=1.02344  ker=inf
    (   2, 1881)  ref=-1.32812  ker=inf
    (   2, 2876)  ref=1.5625  ker=inf
    (   2, 2902)  ref=0.419922  ker=-inf
    (   2, 2929)  ref=0.355469  ker=-inf
    (   2, 3072)  ref=0.546875  ker=-inf
    (   2, 3095)  ref=-1.38281  ker=-inf
    (   2, 3122)  ref=-1.08594  ker=-inf
    (   2, 3130)  ref=1.10938  ker=-inf

  Histogram by row mod 16:
    mod16= 0:     1501 ############################################
    mod16= 1:     1782 ####################################################
    mod16= 2:     1716 ##################################################
    mod16= 3:     1632 ################################################
    mod16= 4:     1671 #################################################
    mod16= 5:     1683 #################################################
    mod16= 6:     1704 ##################################################
    mod16= 7:     1634 ################################################
    mod16= 8:     1741 ###################################################
    mod16= 9:     1655 ################################################
    mod16=10:     1710 ##################################################
    mod16=11:     1717 ##################################################
    mod16=12:     1766 ####################################################
    mod16=13:     1868 #######################################################
    mod16=14:     1717 ##################################################
    mod16=15:     1602 ###############################################

  Histogram by col mod 16:
    mod16= 0:     1687 #################################################
    mod16= 1:     1563 ##############################################
    mod16= 2:     1672 #################################################
    mod16= 3:     1689 #################################################
    mod16= 4:     1724 ##################################################
    mod16= 5:     1707 ##################################################
    mod16= 6:     1660 #################################################
    mod16= 7:     1672 #################################################
    mod16= 8:     1756 ###################################################
    mod16= 9:     1734 ###################################################
    mod16=10:     1629 ################################################
    mod16=11:     1800 #####################################################
    mod16=12:     1632 ################################################
    mod16=13:     1692 #################################################
    mod16=14:     1740 ###################################################
    mod16=15:     1742 ###################################################

  Histogram by row mod 32 (mfma16 boundary):
    mod32= 0:      319
    mod32= 1:      318
    mod32= 2:      383
    mod32= 3:      270
    mod32= 4:      333
    mod32= 5:      245
    mod32= 6:      324
    mod32= 7:      287
    mod32= 8:      261
    mod32= 9:      296
    mod32=10:      301
    mod32=11:      275
    mod32=12:      328
    mod32=13:      383
    mod32=14:      349
    mod32=15:      263
    mod32=16:     1182
    mod32=17:     1464
    mod32=18:     1333
    mod32=19:     1362
    mod32=20:     1338
    mod32=21:     1438
    mod32=22:     1380
    mod32=23:     1347
    mod32=24:     1480
    mod32=25:     1359
    mod32=26:     1409
    mod32=27:     1442
    mod32=28:     1438
    mod32=29:     1485
    mod32=30:     1368
    mod32=31:     1339

  Histogram by col mod 32:
    mod32= 0:      242
    mod32= 1:      262
    mod32= 2:      237
    mod32= 3:      249
    mod32= 4:      281
    mod32= 5:      246
    mod32= 6:      237
    mod32= 7:      222
    mod32= 8:      240
    mod32= 9:      250
    mod32=10:      272
    mod32=11:      290
    mod32=12:      243
    mod32=13:      281
    mod32=14:      270
    mod32=15:      251
    mod32=16:     1445
    mod32=17:     1301
    mod32=18:     1435
    mod32=19:     1440
    mod32=20:     1443
    mod32=21:     1461
    mod32=22:     1423
    mod32=23:     1450
    mod32=24:     1516
    mod32=25:     1484
    mod32=26:     1357
    mod32=27:     1510
    mod32=28:     1389
    mod32=29:     1411
    mod32=30:     1470
    mod32=31:     1491

  Histogram by row mod 64 (wave boundary):
    mod64= 0:      230
    mod64= 1:      223
    mod64= 2:      281
    mod64= 3:      196
    mod64= 4:      236
    mod64= 5:      170
    mod64= 6:      226
    mod64= 7:      199
    mod64= 8:      185
    mod64= 9:      217
    mod64=10:      209
    mod64=11:      185
    mod64=12:      219
    mod64=13:      271
    mod64=14:      264
    mod64=15:      165
    mod64=16:     1138
    mod64=17:     1420
    mod64=18:     1304
    mod64=19:     1330
    mod64=20:     1304
    mod64=21:     1409
    mod64=22:     1355
    mod64=23:     1309
    mod64=24:     1417
    mod64=25:     1310
    mod64=26:     1333
    mod64=27:     1386
    mod64=28:     1388
    mod64=29:     1414
    mod64=30:     1321
    mod64=31:     1258
    mod64=32:       89
    mod64=33:       95
    mod64=34:      102
    mod64=35:       74
    mod64=36:       97
    mod64=37:       75
    mod64=38:       98
    mod64=39:       88
    mod64=40:       76
    mod64=41:       79
    mod64=42:       92
    mod64=43:       90
    mod64=44:      109
    mod64=45:      112
    mod64=46:       85
    mod64=47:       98
    mod64=48:       44
    mod64=49:       44
    mod64=50:       29
    mod64=51:       32
    mod64=52:       34
    mod64=53:       29
    mod64=54:       25
    mod64=55:       38
    mod64=56:       63
    mod64=57:       49
    mod64=58:       76
    mod64=59:       56
    mod64=60:       50
    mod64=61:       71
    mod64=62:       47
    mod64=63:       81

  Histogram by row mod 256 (BLOCK_M tile boundary):
    mod256[  0.. 16]:     1747
    mod256[ 16.. 32]:    10646
    mod256[ 32.. 48]:      599
    mod256[ 48.. 64]:      373
    mod256[ 64.. 80]:     1729
    mod256[ 80.. 96]:    10750
    mod256[ 96..112]:      860
    mod256[112..128]:      395
    mod256[128..144]:        0
    mod256[144..160]:        0
    mod256[160..176]:        0
    mod256[176..192]:        0
    mod256[192..208]:        0
    mod256[208..224]:        0
    mod256[224..240]:        0
    mod256[240..256]:        0

  Histogram by col mod 256 (BLOCK_N tile boundary):
    mod256[  0.. 16]:     1048
    mod256[ 16.. 32]:     5981
    mod256[ 32.. 48]:      882
    mod256[ 48.. 64]:     5108
    mod256[ 64.. 80]:     1114
    mod256[ 80.. 96]:     6474
    mod256[ 96..112]:     1029
    mod256[112..128]:     5463
    mod256[128..144]:        0
    mod256[144..160]:        0
    mod256[160..176]:        0
    mod256[176..192]:        0
    mod256[192..208]:        0
    mod256[208..224]:        0
    mod256[224..240]:        0
    mod256[240..256]:        0

  256x256 tile heatmap (rows = M_tile_idx, cols = N_tile_idx, value = wrong cells in tile):
    M 0:   130   112   136   145   130   114   133   142    66    93    78   151   175   211   103    70
    M 1:   226    80   107   122   127   174   193   204   109   188   164   221   279   197    87    99
    M 2:   161   103    98    95   132   130   107   131    73    85    87    84    98    88   100    87
    M 3:   109   126   108   108   106   237    92   107   209    78   105    97    99    65    97    77
    M 4:   174   131   102   152   135   113   158   135   124    70   247   217   119   106    84   237
    M 5:    74   117   102    91    86    87   127   138    61    72    96   108    94    89    93    98
    M 6:   110    86    92   101    98   108   102   116    92   147   123   110   131   134   131    93
    M 7:   226   229   266   255   195   225   211   195   114   113    99    76    81   117    94   104
    M 8:    74    56    41    62    61    47    96    68    81    43    29    50    71    59    71    88
    M 9:    90    93   121    75    93    83    90   120   137   154   116    19   142   139   126   104
    M10:    48    61    70    50    31    84    53    67    90   109    78    56    88    53   113    92
    M11:    80    72    59    65    56    59    56    82    58    54    36   130    38   115    66    35
    M12:    74    55    61    60    83    26    82    55   150   164   272   230   186   145   143    87
    M13:    75    78    59    99    71    67    66    72    63    31    77    39    65    34    28    47
    M14:   194    95    49    22    67   104   118    98    72    35    79    39    81    80   190    82
    M15:   149    91   193   197   142    62   181   140    64    36    55    74    60    73    86    88

  Rows with any wrong cells: 1686 / 4096
  Rows with >100 wrong cells: 0
  Rows with >1000 wrong cells: 0
  Max wrong cells in any row: 90
  Cols with any wrong cells: 2007 / 4096
  Cols with >100 wrong cells: 0
  Cols with >1000 wrong cells: 0
  Max wrong cells in any col: 57

  First 30 rows with wrong cells (row, count):
    row    0: 13 wrong
    row    1: 2 wrong
    row    2: 18 wrong
    row    3: 5 wrong
    row    4: 4 wrong
    row    5: 5 wrong
    row    6: 11 wrong
    row    7: 4 wrong
    row    8: 5 wrong
    row    9: 7 wrong
    row   10: 1 wrong
    row   11: 4 wrong
    row   12: 11 wrong
    row   13: 2 wrong
    row   14: 20 wrong
    row   16: 40 wrong
    row   17: 54 wrong
    row   18: 56 wrong
    row   19: 53 wrong
    row   20: 45 wrong
    row   21: 76 wrong
    row   22: 77 wrong
    row   23: 63 wrong
    row   24: 33 wrong
    row   25: 27 wrong
    row   26: 68 wrong
    row   27: 42 wrong
    row   28: 62 wrong
    row   29: 56 wrong
    row   30: 41 wrong

  First 30 cols with wrong cells (col, count):
    col    0: 5 wrong
    col    1: 2 wrong
    col    2: 3 wrong
    col    3: 6 wrong
    col    4: 2 wrong
    col    6: 2 wrong
    col    7: 4 wrong
    col    8: 1 wrong
    col    9: 5 wrong
    col   10: 2 wrong
    col   11: 4 wrong
    col   12: 9 wrong
    col   13: 6 wrong
    col   14: 1 wrong
    col   15: 1 wrong
    col   16: 35 wrong
    col   17: 25 wrong
    col   18: 29 wrong
    col   19: 29 wrong
    col   20: 30 wrong
    col   21: 18 wrong
    col   22: 20 wrong
    col   23: 27 wrong
    col   24: 32 wrong
    col   25: 29 wrong
    col   26: 28 wrong
    col   27: 35 wrong
    col   28: 29 wrong
    col   29: 30 wrong
    col   30: 17 wrong

  Non-finite cells: 1885481
  Non-finite rows with any: 2090
  Non-finite cols with any: 4080

  Non-finite row mod 16:
    mod16= 0:   118245
    mod16= 1:   117013
    mod16= 2:   117543
    mod16= 3:   116532
    mod16= 4:   119708
    mod16= 5:   118516
    mod16= 6:   118187
    mod16= 7:   115248
    mod16= 8:   116825
    mod16= 9:   118559
    mod16=10:   116650
    mod16=11:   118964
    mod16=12:   118191
    mod16=13:   118346
    mod16=14:   117471
    mod16=15:   119483
  Non-finite col mod 16:
    mod16= 0:   118191
    mod16= 1:   117186
    mod16= 2:   117897
    mod16= 3:   116546
    mod16= 4:   119789
    mod16= 5:   118817
    mod16= 6:   118073
    mod16= 7:   115619
    mod16= 8:   116871
    mod16= 9:   118342
    mod16=10:   116667
    mod16=11:   118978
    mod16=12:   118075
    mod16=13:   117958
    mod16=14:   117273
    mod16=15:   119199

Wrote coords -> R35_WRONG_CELL_COORDS.json
