########## BENCH PHASE — TARGET CELL c5 GPU4 ##########
===== BENCH cell=c5_8b_gate GPU=4 (HIP=4) 4096x14336x4096 crr vs rrr =====
[sclk-pre-preheat] GPU[4]		: sclk clock level: 1: (250Mhz)
[preheat 45.0s] done 10236 iters
[sclk-post-preheat] GPU[4]		: sclk clock level: 1: (1870Mhz)
[tk_mxfp8_layouts] gemm_crr_pq_v2: shape (M=4096, N=14336, K=4096) is +5.0% to +6.5% faster on V2-RRR (R34 Dev B 8B Gate/Up SHIP, 4-GPU triangulated; min Δ% +5.025, min Welch t +10.13). Prefer gemm_rrr_pq_v2 with A row-major (M,K). See analysis/fp8_gemm/mi350x/r34b_findings.md.
CORRECTNESS_CRR snr_db=49.61 pass_rate_pct=100.00 det_ok=True
CORRECTNESS_RRR snr_db=49.61 pass_rate_pct=100.00 det_ok=True
[sclk-pre-bench] GPU[4]		: sclk clock level: 1: (1947Mhz)
WARMUP 0 RRR=1296.69 CRR=1239.44 sclk=GPU[4]		: sclk clock level: 1: (1936Mhz)
WARMUP 1 RRR=1289.82 CRR=1231.71 sclk=GPU[4]		: sclk clock level: 1: (1928Mhz)
PAIR 0 RRR_1=1299.55 CRR_1=1236.90 RRR_2=1304.00 CRR_2=1246.62
PAIR 1 RRR_1=1304.52 CRR_1=1237.72 RRR_2=1305.59 CRR_2=1243.15
PAIR 2 RRR_1=1302.62 CRR_1=1241.23 RRR_2=1296.59 CRR_2=1244.86
PAIR 3 RRR_1=1299.55 CRR_1=1245.45 RRR_2=1294.66 CRR_2=1257.10
PAIR 4 RRR_1=1299.63 CRR_1=1238.75 RRR_2=1307.50 CRR_2=1239.90
[sclk-post-bench] GPU[4]		: sclk clock level: 1: (1928Mhz)
CRR  median=1242.19 mean=1243.17 stdev=5.94 n=10
RRR  median=1301.12 mean=1301.42 stdev=4.10 n=10
Welch t (CRR vs RRR) = 25.534  (positive = RRR faster)
DELTA_MEDIAN_PCT RRR_vs_CRR = +4.744%
CRR_TFLOPS_LIST 1236.9024,1246.6240,1237.7196,1243.1523,1241.2303,1244.8560,1245.4463,1257.1040,1238.7473,1239.9045
RRR_TFLOPS_LIST 1299.5536,1304.0008,1304.5157,1305.5863,1302.6196,1296.5858,1299.5536,1294.6595,1299.6266,1307.5030
Saved /tmp/wt-r35-a/analysis/fp8_gemm/mi350x/r35a_c5_8b_gate_crr_vs_rrr_gpu4.txt
########## BENCH PHASE — REGRESSION CELLS GPU4 ##########
===== BENCH cell=c0_70b_down GPU=4 (HIP=4) 4096x8192x28672 crr vs rrr =====
[sclk-pre-preheat] GPU[4]		: sclk clock level: 1: (1948Mhz)
[preheat 45.0s] done 10236 iters
[sclk-post-preheat] GPU[4]		: sclk clock level: 1: (1881Mhz)
[tk_mxfp8_layouts] gemm_crr_pq_v2: shape (M=4096, N=8192, K=28672) is +12.14% faster on V2-RRR (R32 Dev C SHIP, cross-GPU triangulated). Prefer gemm_rrr_pq_v2 with A row-major (M,K). See analysis/fp8_gemm/mi350x/r32c_findings.md.
CORRECTNESS_CRR snr_db=49.61 pass_rate_pct=100.00 det_ok=True
CORRECTNESS_RRR snr_db=49.60 pass_rate_pct=100.00 det_ok=True
[sclk-pre-bench] GPU[4]		: sclk clock level: 1: (1893Mhz)
WARMUP 0 RRR=2162.91 CRR=2020.81 sclk=GPU[4]		: sclk clock level: 1: (1879Mhz)
WARMUP 1 RRR=2153.10 CRR=2029.22 sclk=GPU[4]		: sclk clock level: 1: (1881Mhz)
PAIR 0 RRR_1=2170.29 CRR_1=2048.97 RRR_2=2167.66 CRR_2=2048.84
PAIR 1 RRR_1=2159.87 CRR_1=2042.82 RRR_2=2157.54 CRR_2=2029.97
PAIR 2 RRR_1=2147.82 CRR_1=2025.60 RRR_2=2157.71 CRR_2=2041.60
PAIR 3 RRR_1=2152.45 CRR_1=2027.22 RRR_2=2152.87 CRR_2=2030.75
PAIR 4 RRR_1=2157.22 CRR_1=2023.02 RRR_2=2155.31 CRR_2=2025.42
[sclk-post-bench] GPU[4]		: sclk clock level: 1: (1893Mhz)
CRR  median=2030.36 mean=2034.42 stdev=10.09 n=10
RRR  median=2157.38 mean=2157.87 stdev=6.80 n=10
Welch t (CRR vs RRR) = 32.090  (positive = RRR faster)
DELTA_MEDIAN_PCT RRR_vs_CRR = +6.256%
CRR_TFLOPS_LIST 2048.9748,2048.8387,2042.8194,2029.9729,2025.6012,2041.6039,2027.2232,2030.7456,2023.0235,2025.4238
RRR_TFLOPS_LIST 2170.2857,2167.6572,2159.8747,2157.5418,2147.8197,2157.7065,2152.4500,2152.8718,2157.2222,2155.3084
Saved /tmp/wt-r35-a/analysis/fp8_gemm/mi350x/r35a_c0_70b_down_crr_vs_rrr_gpu4.txt
===== BENCH cell=c1_70b_gate GPU=4 (HIP=4) 4096x28672x8192 crr vs rrr =====
[sclk-pre-preheat] GPU[4]		: sclk clock level: 1: (157Mhz)
[preheat 45.0s] done 10236 iters
[sclk-post-preheat] GPU[4]		: sclk clock level: 1: (1874Mhz)
[tk_mxfp8_layouts] gemm_crr_pq_v2: shape (M=4096, N=28672, K=8192) is +7.18% to +7.99% faster on V2-RRR (R33 Dev C 70B Gate/Up SHIP, 4-GPU triangulated; min Δ% +7.18). Prefer gemm_rrr_pq_v2 with A row-major (M,K). See analysis/fp8_gemm/mi350x/r33c_findings.md.
CORRECTNESS_CRR snr_db=49.59 pass_rate_pct=100.00 det_ok=True
CORRECTNESS_RRR snr_db=49.60 pass_rate_pct=100.00 det_ok=True
[sclk-pre-bench] GPU[4]		: sclk clock level: 1: (1907Mhz)
WARMUP 0 RRR=1654.78 CRR=1523.39 sclk=GPU[4]		: sclk clock level: 1: (1898Mhz)
WARMUP 1 RRR=1659.57 CRR=1538.21 sclk=GPU[4]		: sclk clock level: 1: (1867Mhz)
PAIR 0 RRR_1=1649.82 CRR_1=1522.93 RRR_2=1653.11 CRR_2=1528.88
PAIR 1 RRR_1=1671.27 CRR_1=1513.97 RRR_2=1655.86 CRR_2=1530.07
PAIR 2 RRR_1=1656.80 CRR_1=1514.16 RRR_2=1670.39 CRR_2=1535.87
PAIR 3 RRR_1=1657.49 CRR_1=1518.37 RRR_2=1681.48 CRR_2=1509.09
PAIR 4 RRR_1=1651.16 CRR_1=1532.53 RRR_2=1663.55 CRR_2=1512.48
[sclk-post-bench] GPU[4]		: sclk clock level: 1: (1883Mhz)
CRR  median=1520.65 mean=1521.83 stdev=9.50 n=10
RRR  median=1657.14 mean=1661.09 stdev=10.33 n=10
Welch t (CRR vs RRR) = 31.377  (positive = RRR faster)
DELTA_MEDIAN_PCT RRR_vs_CRR = +8.976%
CRR_TFLOPS_LIST 1522.9280,1528.8844,1513.9685,1530.0720,1514.1562,1535.8679,1518.3718,1509.0878,1532.5260,1512.4758
RRR_TFLOPS_LIST 1649.8228,1653.1083,1671.2725,1655.8580,1656.7968,1670.3905,1657.4852,1681.4763,1651.1587,1663.5498
Saved /tmp/wt-r35-a/analysis/fp8_gemm/mi350x/r35a_c1_70b_gate_crr_vs_rrr_gpu4.txt
===== BENCH cell=c4_70b_kv GPU=4 (HIP=4) 4096x1024x8192 crr vs rrr =====
[sclk-pre-preheat] GPU[4]		: sclk clock level: 1: (156Mhz)
[preheat 45.0s] done 10236 iters
[sclk-post-preheat] GPU[4]		: sclk clock level: 1: (1888Mhz)
[tk_mxfp8_layouts] gemm_crr_pq_v2: shape (M=4096, N=1024, K=8192) is +10.24% to +10.83% faster on V2-RRR (R33 Dev C 70B KV SHIP, 4-GPU triangulated; min Δ% +10.24). Prefer gemm_rrr_pq_v2 with A row-major (M,K). See analysis/fp8_gemm/mi350x/r33c_findings.md.
CORRECTNESS_CRR snr_db=49.60 pass_rate_pct=100.00 det_ok=True
CORRECTNESS_RRR snr_db=49.60 pass_rate_pct=100.00 det_ok=True
[sclk-pre-bench] GPU[4]		: sclk clock level: 1: (1912Mhz)
WARMUP 0 RRR=513.62 CRR=444.01 sclk=GPU[4]		: sclk clock level: 1: (1905Mhz)
WARMUP 1 RRR=508.75 CRR=458.29 sclk=GPU[4]		: sclk clock level: 1: (1908Mhz)
PAIR 0 RRR_1=515.24 CRR_1=436.66 RRR_2=518.95 CRR_2=462.35
PAIR 1 RRR_1=511.97 CRR_1=471.03 RRR_2=519.57 CRR_2=445.01
PAIR 2 RRR_1=514.69 CRR_1=453.77 RRR_2=513.44 CRR_2=460.67
PAIR 3 RRR_1=516.65 CRR_1=452.09 RRR_2=514.00 CRR_2=456.38
PAIR 4 RRR_1=511.13 CRR_1=459.91 RRR_2=515.42 CRR_2=443.91
[sclk-post-bench] GPU[4]		: sclk clock level: 1: (1914Mhz)
CRR  median=455.08 mean=454.18 stdev=10.17 n=10
RRR  median=514.97 mean=515.11 stdev=2.73 n=10
Welch t (CRR vs RRR) = 18.292  (positive = RRR faster)
DELTA_MEDIAN_PCT RRR_vs_CRR = +13.160%
CRR_TFLOPS_LIST 436.6621,462.3542,471.0280,445.0074,453.7692,460.6730,452.0881,456.3849,459.9085,443.9086
RRR_TFLOPS_LIST 515.2416,518.9489,511.9681,519.5704,514.6919,513.4433,516.6452,514.0021,511.1333,515.4208
Saved /tmp/wt-r35-a/analysis/fp8_gemm/mi350x/r35a_c4_70b_kv_crr_vs_rrr_gpu4.txt
===== BENCH cell=c8_8b_kv GPU=4 (HIP=4) 4096x1024x4096 crr vs rrr =====
[sclk-pre-preheat] GPU[4]		: sclk clock level: 1: (433Mhz)
[preheat 45.0s] done 10236 iters
[sclk-post-preheat] GPU[4]		: sclk clock level: 1: (1819Mhz)
[tk_mxfp8_layouts] gemm_crr_pq_v2: shape (M=4096, N=1024, K=4096) is +8.13% to +8.63% faster on V2-RRR (R33 Dev C 8B KV SHIP, 4-GPU triangulated; min Δ% +8.13). Prefer gemm_rrr_pq_v2 with A row-major (M,K). See analysis/fp8_gemm/mi350x/r33c_findings.md.
CORRECTNESS_CRR snr_db=49.61 pass_rate_pct=100.00 det_ok=True
CORRECTNESS_RRR snr_db=49.60 pass_rate_pct=100.00 det_ok=True
[sclk-pre-bench] GPU[4]		: sclk clock level: 1: (1886Mhz)
WARMUP 0 RRR=438.06 CRR=385.16 sclk=GPU[4]		: sclk clock level: 1: (1878Mhz)
WARMUP 1 RRR=435.73 CRR=401.60 sclk=GPU[4]		: sclk clock level: 1: (1883Mhz)
PAIR 0 RRR_1=438.85 CRR_1=399.89 RRR_2=439.01 CRR_2=392.09
PAIR 1 RRR_1=442.80 CRR_1=407.98 RRR_2=433.70 CRR_2=405.91
PAIR 2 RRR_1=439.14 CRR_1=397.55 RRR_2=441.14 CRR_2=395.18
PAIR 3 RRR_1=440.90 CRR_1=396.77 RRR_2=434.93 CRR_2=390.96
PAIR 4 RRR_1=446.12 CRR_1=406.97 RRR_2=439.40 CRR_2=413.10
[sclk-post-bench] GPU[4]		: sclk clock level: 1: (1882Mhz)
CRR  median=398.72 mean=400.64 stdev=7.45 n=10
RRR  median=439.27 mean=439.60 stdev=3.57 n=10
Welch t (CRR vs RRR) = 14.922  (positive = RRR faster)
DELTA_MEDIAN_PCT RRR_vs_CRR = +10.170%
CRR_TFLOPS_LIST 399.8886,392.0872,407.9793,405.9129,397.5455,395.1791,396.7709,390.9595,406.9668,413.1046
RRR_TFLOPS_LIST 438.8487,439.0056,442.8033,433.6992,439.1362,441.1386,440.8980,434.9291,446.1188,439.3964
Saved /tmp/wt-r35-a/analysis/fp8_gemm/mi350x/r35a_c8_8b_kv_crr_vs_rrr_gpu4.txt
ALL R35A BENCHES DONE FOR GPU4
