[sclk-pre-preheat] GPU[1]		: sclk clock level: 1: (2395Mhz)
[preheat 30.0s] done 6140 iters
[sclk-post-preheat] GPU[1]		: sclk clock level: 1: (2347Mhz)
[tk_mxfp8_layouts] gemm_crr_pq_v2: shape (M=4096, N=1024, K=8192) is +10.24% to +10.83% faster on V2-RRR (R33 Dev C 70B KV SHIP, 4-GPU triangulated; min Δ% +10.24). Prefer gemm_rrr_pq_v2 with A row-major (M,K). See analysis/fp8_gemm/mi350x/r33c_findings.md.
CORRECTNESS_default snr_db=49.60 pass_rate_pct=100.00 det_ok=True
[tk_mxfp8_layouts] gemm_crr_pq_v2: shape (M=4096, N=1024, K=8192) is +10.24% to +10.83% faster on V2-RRR (R33 Dev C 70B KV SHIP, 4-GPU triangulated; min Δ% +10.24). Prefer gemm_rrr_pq_v2 with A row-major (M,K). See analysis/fp8_gemm/mi350x/r33c_findings.md.
CORRECTNESS_hbshrink snr_db=49.60 pass_rate_pct=100.00 det_ok=True
[sclk-pre-bench] GPU[1]		: sclk clock level: 1: (2393Mhz)
WARMUP 0 default=751.91 hbshrink=670.69 sclk=GPU[1]		: sclk clock level: 1: (2393Mhz)
WARMUP 1 default=751.05 hbshrink=675.67 sclk=GPU[1]		: sclk clock level: 1: (2392Mhz)
PAIR 0 default_1=759.18 hbshrink_1=675.10 default_2=768.04 hbshrink_2=675.35
PAIR 1 default_1=773.27 hbshrink_1=676.05 default_2=770.96 hbshrink_2=675.21
PAIR 2 default_1=770.58 hbshrink_1=676.14 default_2=769.53 hbshrink_2=673.56
PAIR 3 default_1=765.32 hbshrink_1=672.08 default_2=767.29 hbshrink_2=674.15
PAIR 4 default_1=767.70 hbshrink_1=676.61 default_2=770.09 hbshrink_2=676.40
[sclk-post-bench] GPU[1]		: sclk clock level: 1: (2393Mhz)
default median=768.79 mean=768.20 stdev=3.88 n=10
hbshrink median=675.28 mean=675.06 stdev=1.43 n=10
Welch t (default vs hbshrink) = -71.298  (positive = hbshrink faster)
DELTA_MEDIAN_PCT hbshrink_vs_default = -12.163%
