########## BENCH PHASE — CRR vs RRR GPU6 ##########
===== BENCH cell=8b_q GPU=6 (HIP=6) 4096x4096x4096 crr vs rrr attempt=1 =====
[sclk-pre-preheat] GPU[6]		: sclk clock level: S: (103Mhz)
[preheat 45.0s] done 8188 iters
[sclk-post-preheat] GPU[6]		: sclk clock level: 1: (1731Mhz)
CORRECTNESS_CRR snr_db=49.61 pass_rate_pct=100.00 det_ok=True
CORRECTNESS_RRR snr_db=49.61 pass_rate_pct=100.00 det_ok=True
[sclk-pre-bench] GPU[6]		: sclk clock level: 1: (1732Mhz)
WARMUP 0 RRR=39.90 CRR=44.49 sclk=GPU[6]		: sclk clock level: 1: (1721Mhz)
WARMUP 1 RRR=36.82 CRR=38.10 sclk=GPU[6]		: sclk clock level: 1: (1728Mhz)
PAIR 0 RRR_1=33.81 CRR_1=42.81 RRR_2=31.07 CRR_2=39.44
PAIR 1 RRR_1=29.05 CRR_1=38.71 RRR_2=35.33 CRR_2=35.38
PAIR 2 RRR_1=41.20 CRR_1=33.86 RRR_2=29.91 CRR_2=41.01
PAIR 3 RRR_1=32.88 CRR_1=41.13 RRR_2=32.65 CRR_2=23.92
PAIR 4 RRR_1=20.63 CRR_1=19.73 RRR_2=19.80 CRR_2=19.81
[sclk-post-bench] GPU[6]		: sclk clock level: 1: (1717Mhz)
CRR  median=37.04 mean=33.58 stdev=9.04 n=10
RRR  median=31.86 mean=30.63 stdev=6.44 n=10
Welch t (CRR vs RRR) = -0.840  (positive = RRR faster)
DELTA_MEDIAN_PCT RRR_vs_CRR = -13.996%
CRR_TFLOPS_LIST 42.8055,39.4382,38.7121,35.3778,33.8564,41.0126,41.1322,23.9235,19.7349,19.8118
RRR_TFLOPS_LIST 33.8134,31.0725,29.0500,35.3272,41.2018,29.9083,32.8761,32.6474,20.6309,19.8038
AUTO-RETRY: sclk-post-preheat=1731MHz < 2200, attempt=1
===== BENCH cell=8b_q GPU=6 (HIP=6) 4096x4096x4096 crr vs rrr attempt=2 =====
[sclk-pre-preheat] GPU[6]		: sclk clock level: S: (100Mhz)
[preheat 45.0s] done 10236 iters
[sclk-post-preheat] GPU[6]		: sclk clock level: 1: (1969Mhz)
CORRECTNESS_CRR snr_db=49.61 pass_rate_pct=100.00 det_ok=True
CORRECTNESS_RRR snr_db=49.61 pass_rate_pct=100.00 det_ok=True
[sclk-pre-bench] GPU[6]		: sclk clock level: 1: (2327Mhz)
WARMUP 0 RRR=2017.27 CRR=2053.19 sclk=GPU[6]		: sclk clock level: 1: (2371Mhz)
WARMUP 1 RRR=1998.57 CRR=2064.07 sclk=GPU[6]		: sclk clock level: 1: (2346Mhz)
PAIR 0 RRR_1=2094.88 CRR_1=2076.82 RRR_2=1759.47 CRR_2=2119.89
PAIR 1 RRR_1=2286.45 CRR_1=2205.18 RRR_2=2333.63 CRR_2=2237.58
PAIR 2 RRR_1=2331.44 CRR_1=2241.38 RRR_2=2369.81 CRR_2=2223.48
PAIR 3 RRR_1=2343.24 CRR_1=2237.20 RRR_2=2370.20 CRR_2=2245.71
PAIR 4 RRR_1=2371.81 CRR_1=2246.92 RRR_2=2342.28 CRR_2=2258.91
[sclk-post-bench] GPU[6]		: sclk clock level: 1: (2347Mhz)
CRR  median=2237.39 mean=2209.31 stdev=61.08 n=10
RRR  median=2337.95 mean=2260.32 stdev=194.20 n=10
Welch t (CRR vs RRR) = 0.792  (positive = RRR faster)
DELTA_MEDIAN_PCT RRR_vs_CRR = +4.495%
CRR_TFLOPS_LIST 2076.8205,2119.8860,2205.1829,2237.5813,2241.3778,2223.4765,2237.2010,2245.7125,2246.9160,2258.9115
RRR_TFLOPS_LIST 2094.8767,1759.4672,2286.4490,2333.6261,2331.4417,2369.8096,2343.2401,2370.2019,2371.8069,2342.2809
AUTO-RETRY: sclk-post-preheat=1969MHz < 2200, attempt=2
===== BENCH cell=8b_q GPU=6 (HIP=6) 4096x4096x4096 crr vs rrr attempt=3 =====
[sclk-pre-preheat] GPU[6]		: sclk clock level: 1: (2349Mhz)
[preheat 45.0s] done 10236 iters
[sclk-post-preheat] GPU[6]		: sclk clock level: 1: (2036Mhz)
CORRECTNESS_CRR snr_db=49.61 pass_rate_pct=100.00 det_ok=True
CORRECTNESS_RRR snr_db=49.61 pass_rate_pct=100.00 det_ok=True
[sclk-pre-bench] GPU[6]		: sclk clock level: 1: (2338Mhz)
WARMUP 0 RRR=2076.24 CRR=2078.65 sclk=GPU[6]		: sclk clock level: 1: (2374Mhz)
WARMUP 1 RRR=2076.77 CRR=2183.43 sclk=GPU[6]		: sclk clock level: 1: (2373Mhz)
PAIR 0 RRR_1=2166.39 CRR_1=2099.70 RRR_2=2334.10 CRR_2=2247.01
PAIR 1 RRR_1=2414.37 CRR_1=2286.61 RRR_2=2434.01 CRR_2=2310.46
PAIR 2 RRR_1=2472.22 CRR_1=2349.01 RRR_2=2444.50 CRR_2=2370.79
PAIR 3 RRR_1=2448.19 CRR_1=2347.40 RRR_2=2443.25 CRR_2=2364.75
PAIR 4 RRR_1=2467.25 CRR_1=2339.22 RRR_2=2490.28 CRR_2=2323.09
[sclk-post-bench] GPU[6]		: sclk clock level: 1: (2339Mhz)
CRR  median=2331.15 mean=2303.80 stdev=80.96 n=10
RRR  median=2443.87 mean=2411.46 stdev=96.05 n=10
Welch t (CRR vs RRR) = 2.710  (positive = RRR faster)
DELTA_MEDIAN_PCT RRR_vs_CRR = +4.835%
CRR_TFLOPS_LIST 2099.6965,2247.0086,2286.6073,2310.4606,2349.0088,2370.7890,2347.3984,2364.7543,2339.2208,2323.0881
RRR_TFLOPS_LIST 2166.3874,2334.1016,2414.3713,2434.0057,2472.2180,2444.5012,2448.1920,2443.2462,2467.2492,2490.2818
Saved /tmp/wt-r35-d/analysis/fp8_gemm/mi350x/r35d_8b_q_crr_vs_rrr_gpu6.txt
===== BENCH cell=8b_k GPU=6 (HIP=6) 4096x1024x4096 crr vs rrr attempt=1 =====
[sclk-pre-preheat] GPU[6]		: sclk clock level: 1: (226Mhz)
[preheat 45.0s] done 10236 iters
[sclk-post-preheat] GPU[6]		: sclk clock level: 1: (2294Mhz)
[tk_mxfp8_layouts] gemm_crr_pq_v2: shape (M=4096, N=1024, K=4096) is +8.13% to +8.63% faster on V2-RRR (R33 Dev C 8B KV SHIP, 4-GPU triangulated; min Δ% +8.13). Prefer gemm_rrr_pq_v2 with A row-major (M,K). See analysis/fp8_gemm/mi350x/r33c_findings.md.
CORRECTNESS_CRR snr_db=49.61 pass_rate_pct=100.00 det_ok=True
CORRECTNESS_RRR snr_db=49.60 pass_rate_pct=100.00 det_ok=True
[sclk-pre-bench] GPU[6]		: sclk clock level: 1: (2360Mhz)
WARMUP 0 RRR=695.42 CRR=658.95 sclk=GPU[6]		: sclk clock level: 1: (2395Mhz)
WARMUP 1 RRR=691.41 CRR=654.90 sclk=GPU[6]		: sclk clock level: 1: (2398Mhz)
PAIR 0 RRR_1=696.52 CRR_1=656.85 RRR_2=705.90 CRR_2=657.63
PAIR 1 RRR_1=707.15 CRR_1=656.00 RRR_2=709.28 CRR_2=661.41
PAIR 2 RRR_1=717.48 CRR_1=656.29 RRR_2=711.73 CRR_2=661.32
PAIR 3 RRR_1=705.65 CRR_1=662.11 RRR_2=717.22 CRR_2=660.84
PAIR 4 RRR_1=709.52 CRR_1=656.69 RRR_2=712.92 CRR_2=659.22
[sclk-post-bench] GPU[6]		: sclk clock level: 1: (2400Mhz)
CRR  median=658.42 mean=658.84 stdev=2.41 n=10
RRR  median=709.40 mean=709.34 stdev=6.16 n=10
Welch t (CRR vs RRR) = 24.142  (positive = RRR faster)
DELTA_MEDIAN_PCT RRR_vs_CRR = +7.742%
CRR_TFLOPS_LIST 656.8461,657.6306,656.0041,661.4088,656.2943,661.3174,662.1121,660.8394,656.6857,659.2166
RRR_TFLOPS_LIST 696.5164,705.9029,707.1471,709.2830,717.4826,711.7272,705.6477,717.2193,709.5176,712.9209
Saved /tmp/wt-r35-d/analysis/fp8_gemm/mi350x/r35d_8b_k_crr_vs_rrr_gpu6.txt
===== BENCH cell=8b_v GPU=6 (HIP=6) 4096x1024x4096 crr vs rrr attempt=1 =====
[sclk-pre-preheat] GPU[6]		: sclk clock level: 1: (2159Mhz)
[preheat 45.0s] done 10236 iters
[sclk-post-preheat] GPU[6]		: sclk clock level: 1: (2317Mhz)
[tk_mxfp8_layouts] gemm_crr_pq_v2: shape (M=4096, N=1024, K=4096) is +8.13% to +8.63% faster on V2-RRR (R33 Dev C 8B KV SHIP, 4-GPU triangulated; min Δ% +8.13). Prefer gemm_rrr_pq_v2 with A row-major (M,K). See analysis/fp8_gemm/mi350x/r33c_findings.md.
CORRECTNESS_CRR snr_db=49.61 pass_rate_pct=100.00 det_ok=True
CORRECTNESS_RRR snr_db=49.60 pass_rate_pct=100.00 det_ok=True
[sclk-pre-bench] GPU[6]		: sclk clock level: 1: (2382Mhz)
WARMUP 0 RRR=732.55 CRR=692.23 sclk=GPU[6]		: sclk clock level: 1: (2394Mhz)
WARMUP 1 RRR=735.16 CRR=680.69 sclk=GPU[6]		: sclk clock level: 1: (2397Mhz)
PAIR 0 RRR_1=720.54 CRR_1=681.85 RRR_2=738.61 CRR_2=683.80
PAIR 1 RRR_1=753.63 CRR_1=689.68 RRR_2=744.86 CRR_2=694.41
PAIR 2 RRR_1=750.11 CRR_1=689.79 RRR_2=752.64 CRR_2=695.40
PAIR 3 RRR_1=746.16 CRR_1=691.76 RRR_2=752.72 CRR_2=692.09
PAIR 4 RRR_1=755.15 CRR_1=695.75 RRR_2=752.31 CRR_2=692.72
[sclk-post-bench] GPU[6]		: sclk clock level: 1: (2397Mhz)
CRR  median=691.93 mean=690.73 stdev=4.67 n=10
RRR  median=751.21 mean=746.67 stdev=10.47 n=10
Welch t (CRR vs RRR) = 15.427  (positive = RRR faster)
DELTA_MEDIAN_PCT RRR_vs_CRR = +8.568%
CRR_TFLOPS_LIST 681.8531,683.7966,689.6826,694.4097,689.7925,695.3994,691.7584,692.0931,695.7475,692.7174
RRR_TFLOPS_LIST 720.5408,738.6071,753.6273,744.8571,750.1127,752.6365,746.1641,752.7153,755.1505,752.3073
Saved /tmp/wt-r35-d/analysis/fp8_gemm/mi350x/r35d_8b_v_crr_vs_rrr_gpu6.txt
===== BENCH cell=8b_o GPU=6 (HIP=6) 4096x4096x4096 crr vs rrr attempt=1 =====
[sclk-pre-preheat] GPU[6]		: sclk clock level: 1: (157Mhz)
[preheat 45.0s] done 10236 iters
[sclk-post-preheat] GPU[6]		: sclk clock level: 1: (1926Mhz)
CORRECTNESS_CRR snr_db=49.61 pass_rate_pct=100.00 det_ok=True
CORRECTNESS_RRR snr_db=49.61 pass_rate_pct=100.00 det_ok=True
[sclk-pre-bench] GPU[6]		: sclk clock level: 1: (2258Mhz)
WARMUP 0 RRR=1981.19 CRR=2040.20 sclk=GPU[6]		: sclk clock level: 1: (2312Mhz)
WARMUP 1 RRR=2108.28 CRR=2084.55 sclk=GPU[6]		: sclk clock level: 1: (2343Mhz)
PAIR 0 RRR_1=2074.56 CRR_1=2110.81 RRR_2=2264.45 CRR_2=2192.77
PAIR 1 RRR_1=2346.54 CRR_1=2214.00 RRR_2=2341.90 CRR_2=2229.08
PAIR 2 RRR_1=2374.59 CRR_1=2259.45 RRR_2=2373.05 CRR_2=1743.18
PAIR 3 RRR_1=2342.98 CRR_1=2238.85 RRR_2=2384.81 CRR_2=2268.42
PAIR 4 RRR_1=2365.44 CRR_1=2252.83 RRR_2=2372.20 CRR_2=2266.23
[sclk-post-bench] GPU[6]		: sclk clock level: 1: (2326Mhz)
CRR  median=2233.96 mean=2177.56 stdev=159.72 n=10
RRR  median=2355.99 mean=2324.05 stdev=94.08 n=10
Welch t (CRR vs RRR) = 2.499  (positive = RRR faster)
DELTA_MEDIAN_PCT RRR_vs_CRR = +5.462%
CRR_TFLOPS_LIST 2110.8058,2192.7656,2214.0005,2229.0834,2259.4530,1743.1789,2238.8460,2268.4202,2252.8324,2266.2343
RRR_TFLOPS_LIST 2074.5603,2264.4451,2346.5351,2341.8970,2374.5910,2373.0494,2342.9813,2384.8103,2365.4381,2372.1999
AUTO-RETRY: sclk-post-preheat=1926MHz < 2200, attempt=1
===== BENCH cell=8b_o GPU=6 (HIP=6) 4096x4096x4096 crr vs rrr attempt=2 =====
[sclk-pre-preheat] GPU[6]		: sclk clock level: 1: (157Mhz)
[preheat 45.0s] done 10236 iters
[sclk-post-preheat] GPU[6]		: sclk clock level: 1: (2149Mhz)
CORRECTNESS_CRR snr_db=49.61 pass_rate_pct=100.00 det_ok=True
CORRECTNESS_RRR snr_db=49.61 pass_rate_pct=100.00 det_ok=True
[sclk-pre-bench] GPU[6]		: sclk clock level: 1: (2348Mhz)
WARMUP 0 RRR=2132.91 CRR=2142.13 sclk=GPU[6]		: sclk clock level: 1: (2377Mhz)
WARMUP 1 RRR=2047.22 CRR=2086.92 sclk=GPU[6]		: sclk clock level: 1: (2380Mhz)
PAIR 0 RRR_1=2090.30 CRR_1=2097.62 RRR_2=2260.00 CRR_2=2149.96
PAIR 1 RRR_1=2285.92 CRR_1=2195.71 RRR_2=2375.05 CRR_2=2246.18
PAIR 2 RRR_1=2380.38 CRR_1=2316.52 RRR_2=2444.32 CRR_2=2334.09
PAIR 3 RRR_1=2451.65 CRR_1=2365.50 RRR_2=2456.91 CRR_2=2335.63
PAIR 4 RRR_1=2460.72 CRR_1=2336.02 RRR_2=2439.81 CRR_2=2352.81
[sclk-post-bench] GPU[6]		: sclk clock level: 1: (2359Mhz)
CRR  median=2325.31 mean=2273.00 stdev=94.89 n=10
RRR  median=2410.09 mean=2364.51 stdev=120.22 n=10
Welch t (CRR vs RRR) = 1.889  (positive = RRR faster)
DELTA_MEDIAN_PCT RRR_vs_CRR = +3.646%
CRR_TFLOPS_LIST 2097.6180,2149.9628,2195.7083,2246.1764,2316.5232,2334.0882,2365.5032,2335.6272,2336.0162,2352.8081
RRR_TFLOPS_LIST 2090.2958,2260.0014,2285.9197,2375.0506,2380.3751,2444.3239,2451.6516,2456.9100,2460.7159,2439.8129
AUTO-RETRY: sclk-post-preheat=2149MHz < 2200, attempt=2
===== BENCH cell=8b_o GPU=6 (HIP=6) 4096x4096x4096 crr vs rrr attempt=3 =====
[sclk-pre-preheat] GPU[6]		: sclk clock level: 1: (157Mhz)
[preheat 45.0s] done 10236 iters
[sclk-post-preheat] GPU[6]		: sclk clock level: 1: (2299Mhz)
CORRECTNESS_CRR snr_db=49.61 pass_rate_pct=100.00 det_ok=True
CORRECTNESS_RRR snr_db=49.61 pass_rate_pct=100.00 det_ok=True
[sclk-pre-bench] GPU[6]		: sclk clock level: 1: (2374Mhz)
WARMUP 0 RRR=2017.60 CRR=2044.52 sclk=GPU[6]		: sclk clock level: 1: (2365Mhz)
WARMUP 1 RRR=1585.19 CRR=2046.83 sclk=GPU[6]		: sclk clock level: 1: (2370Mhz)
PAIR 0 RRR_1=2048.37 CRR_1=2052.73 RRR_2=2218.37 CRR_2=2158.66
PAIR 1 RRR_1=2318.29 CRR_1=2216.65 RRR_2=2357.58 CRR_2=2233.83
PAIR 2 RRR_1=2361.31 CRR_1=2248.83 RRR_2=2362.31 CRR_2=2273.80
PAIR 3 RRR_1=2352.10 CRR_1=2248.62 RRR_2=2361.50 CRR_2=2258.41
PAIR 4 RRR_1=2381.80 CRR_1=2256.48 RRR_2=2339.89 CRR_2=2248.33
[sclk-post-bench] GPU[6]		: sclk clock level: 1: (2371Mhz)
CRR  median=2248.48 mean=2219.63 stdev=66.75 n=10
RRR  median=2354.84 mean=2310.15 stdev=102.75 n=10
Welch t (CRR vs RRR) = 2.336  (positive = RRR faster)
DELTA_MEDIAN_PCT RRR_vs_CRR = +4.730%
CRR_TFLOPS_LIST 2052.7254,2158.6581,2216.6501,2233.8259,2248.8314,2273.8011,2248.6247,2258.4082,2256.4756,2248.3319
RRR_TFLOPS_LIST 2048.3694,2218.3689,2318.2894,2357.5817,2361.3074,2362.3123,2352.0986,2361.5038,2381.8016,2339.8907
Saved /tmp/wt-r35-d/analysis/fp8_gemm/mi350x/r35d_8b_o_crr_vs_rrr_gpu6.txt
===== BENCH cell=8b_gate GPU=6 (HIP=6) 4096x14336x4096 crr vs rrr attempt=1 =====
[sclk-pre-preheat] GPU[6]		: sclk clock level: 1: (1071Mhz)
[preheat 45.0s] done 10236 iters
[sclk-post-preheat] GPU[6]		: sclk clock level: 1: (2139Mhz)
CORRECTNESS_CRR snr_db=49.61 pass_rate_pct=100.00 det_ok=True
CORRECTNESS_RRR snr_db=49.61 pass_rate_pct=100.00 det_ok=True
[sclk-pre-bench] GPU[6]		: sclk clock level: 1: (2343Mhz)
WARMUP 0 RRR=2376.10 CRR=2329.80 sclk=GPU[6]		: sclk clock level: 1: (2353Mhz)
WARMUP 1 RRR=2344.21 CRR=2373.56 sclk=GPU[6]		: sclk clock level: 1: (2357Mhz)
PAIR 0 RRR_1=2362.36 CRR_1=2306.57 RRR_2=2419.68 CRR_2=2324.18
PAIR 1 RRR_1=2453.77 CRR_1=2365.78 RRR_2=2470.08 CRR_2=2326.97
PAIR 2 RRR_1=2479.30 CRR_1=2344.51 RRR_2=2484.51 CRR_2=2365.91
PAIR 3 RRR_1=2501.13 CRR_1=2365.53 RRR_2=2501.97 CRR_2=2381.26
PAIR 4 RRR_1=2510.17 CRR_1=2374.32 RRR_2=2510.15 CRR_2=2358.39
[sclk-post-bench] GPU[6]		: sclk clock level: 1: (2315Mhz)
CRR  median=2361.96 mean=2351.34 stdev=24.67 n=10
RRR  median=2481.91 mean=2469.31 stdev=47.01 n=10
Welch t (CRR vs RRR) = 7.027  (positive = RRR faster)
DELTA_MEDIAN_PCT RRR_vs_CRR = +5.078%
CRR_TFLOPS_LIST 2306.5747,2324.1837,2365.7817,2326.9719,2344.5091,2365.9123,2365.5300,2381.2593,2374.3200,2358.3861
RRR_TFLOPS_LIST 2362.3613,2419.6753,2453.7718,2470.0808,2479.2988,2484.5145,2501.1306,2501.9740,2510.1729,2510.1515
AUTO-RETRY: sclk-post-preheat=2139MHz < 2200, attempt=1
===== BENCH cell=8b_gate GPU=6 (HIP=6) 4096x14336x4096 crr vs rrr attempt=2 =====
[sclk-pre-preheat] GPU[6]		: sclk clock level: 1: (158Mhz)
[preheat 45.0s] done 10236 iters
[sclk-post-preheat] GPU[6]		: sclk clock level: 1: (2306Mhz)
CORRECTNESS_CRR snr_db=49.61 pass_rate_pct=100.00 det_ok=True
CORRECTNESS_RRR snr_db=49.61 pass_rate_pct=100.00 det_ok=True
[sclk-pre-bench] GPU[6]		: sclk clock level: 1: (2390Mhz)
WARMUP 0 RRR=2351.47 CRR=2366.46 sclk=GPU[6]		: sclk clock level: 1: (2366Mhz)
WARMUP 1 RRR=2397.81 CRR=2343.12 sclk=GPU[6]		: sclk clock level: 1: (2343Mhz)
PAIR 0 RRR_1=2358.00 CRR_1=2379.80 RRR_2=2521.54 CRR_2=2397.81
PAIR 1 RRR_1=2487.83 CRR_1=2354.31 RRR_2=2540.58 CRR_2=2374.01
PAIR 2 RRR_1=2507.98 CRR_1=2408.43 RRR_2=2525.27 CRR_2=2408.87
PAIR 3 RRR_1=2525.82 CRR_1=2342.53 RRR_2=2525.81 CRR_2=2364.80
PAIR 4 RRR_1=2544.36 CRR_1=2394.15 RRR_2=2536.20 CRR_2=2363.79
[sclk-post-bench] GPU[6]		: sclk clock level: 1: (2304Mhz)
CRR  median=2376.90 mean=2378.85 stdev=22.95 n=10
RRR  median=2525.54 mean=2507.34 stdev=54.97 n=10
Welch t (CRR vs RRR) = 6.821  (positive = RRR faster)
DELTA_MEDIAN_PCT RRR_vs_CRR = +6.253%
CRR_TFLOPS_LIST 2379.7987,2397.8111,2354.3139,2374.0109,2408.4331,2408.8672,2342.5280,2364.8048,2394.1540,2363.7915
RRR_TFLOPS_LIST 2357.9977,2521.5423,2487.8332,2540.5809,2507.9845,2525.2696,2525.8210,2525.8109,2544.3551,2536.1971
Saved /tmp/wt-r35-d/analysis/fp8_gemm/mi350x/r35d_8b_gate_crr_vs_rrr_gpu6.txt
===== BENCH cell=8b_up GPU=6 (HIP=6) 4096x14336x4096 crr vs rrr attempt=1 =====
[sclk-pre-preheat] GPU[6]		: sclk clock level: 1: (1952Mhz)
[preheat 45.0s] done 10236 iters
[sclk-post-preheat] GPU[6]		: sclk clock level: 1: (2309Mhz)
CORRECTNESS_CRR snr_db=49.61 pass_rate_pct=100.00 det_ok=True
CORRECTNESS_RRR snr_db=49.61 pass_rate_pct=100.00 det_ok=True
[sclk-pre-bench] GPU[6]		: sclk clock level: 1: (2363Mhz)
WARMUP 0 RRR=2357.06 CRR=2364.85 sclk=GPU[6]		: sclk clock level: 1: (2379Mhz)
WARMUP 1 RRR=2371.15 CRR=2368.97 sclk=GPU[6]		: sclk clock level: 1: (2356Mhz)
PAIR 0 RRR_1=2396.20 CRR_1=2342.67 RRR_2=2489.32 CRR_2=2350.91
PAIR 1 RRR_1=2471.52 CRR_1=2303.07 RRR_2=2486.73 CRR_2=2365.34
PAIR 2 RRR_1=2474.64 CRR_1=2367.06 RRR_2=2488.97 CRR_2=2349.96
PAIR 3 RRR_1=2461.01 CRR_1=2362.56 RRR_2=2487.11 CRR_2=2371.91
PAIR 4 RRR_1=2489.47 CRR_1=2367.39 RRR_2=2466.46 CRR_2=2317.07
[sclk-post-bench] GPU[6]		: sclk clock level: 1: (2295Mhz)
CRR  median=2356.73 mean=2349.79 stdev=23.11 n=10
RRR  median=2480.68 mean=2471.14 stdev=28.35 n=10
Welch t (CRR vs RRR) = 10.490  (positive = RRR faster)
DELTA_MEDIAN_PCT RRR_vs_CRR = +5.259%
CRR_TFLOPS_LIST 2342.6742,2350.9077,2303.0669,2365.3443,2367.0574,2349.9616,2362.5555,2371.9128,2367.3927,2317.0720
RRR_TFLOPS_LIST 2396.1952,2489.3169,2471.5228,2486.7323,2474.6350,2488.9660,2461.0127,2487.1126,2489.4717,2466.4642
Saved /tmp/wt-r35-d/analysis/fp8_gemm/mi350x/r35d_8b_up_crr_vs_rrr_gpu6.txt
===== BENCH cell=8b_down GPU=6 (HIP=6) 4096x4096x14336 crr vs rrr attempt=1 =====
[sclk-pre-preheat] GPU[6]		: sclk clock level: 1: (2178Mhz)
[preheat 45.0s] done 10236 iters
[sclk-post-preheat] GPU[6]		: sclk clock level: 1: (2075Mhz)
CORRECTNESS_CRR snr_db=49.61 pass_rate_pct=100.00 det_ok=True
CORRECTNESS_RRR snr_db=49.61 pass_rate_pct=100.00 det_ok=True
[sclk-pre-bench] GPU[6]		: sclk clock level: 1: (2357Mhz)
WARMUP 0 RRR=2699.84 CRR=2648.92 sclk=GPU[6]		: sclk clock level: 1: (2321Mhz)
WARMUP 1 RRR=2676.49 CRR=2643.41 sclk=GPU[6]		: sclk clock level: 1: (2360Mhz)
PAIR 0 RRR_1=2774.31 CRR_1=2689.79 RRR_2=2913.12 CRR_2=2698.91
PAIR 1 RRR_1=2922.21 CRR_1=2740.93 RRR_2=2973.53 CRR_2=2699.48
PAIR 2 RRR_1=2926.63 CRR_1=2704.64 RRR_2=2967.97 CRR_2=2700.48
PAIR 3 RRR_1=2970.74 CRR_1=2741.72 RRR_2=2972.77 CRR_2=2769.87
PAIR 4 RRR_1=2963.71 CRR_1=2697.03 RRR_2=2936.80 CRR_2=2732.36
[sclk-post-bench] GPU[6]		: sclk clock level: 1: (2308Mhz)
CRR  median=2702.56 mean=2717.52 stdev=26.69 n=10
RRR  median=2950.26 mean=2932.18 stdev=60.15 n=10
Welch t (CRR vs RRR) = 10.316  (positive = RRR faster)
DELTA_MEDIAN_PCT RRR_vs_CRR = +9.165%
CRR_TFLOPS_LIST 2689.7909,2698.9067,2740.9334,2699.4755,2704.6360,2700.4827,2741.7195,2769.8722,2697.0300,2732.3637
RRR_TFLOPS_LIST 2774.3084,2913.1211,2922.2136,2973.5274,2926.6345,2967.9695,2970.7409,2972.7685,2963.7119,2936.7993
AUTO-RETRY: sclk-post-preheat=2075MHz < 2200, attempt=1
===== BENCH cell=8b_down GPU=6 (HIP=6) 4096x4096x14336 crr vs rrr attempt=2 =====
[sclk-pre-preheat] GPU[6]		: sclk clock level: 1: (157Mhz)
[preheat 45.0s] done 10236 iters
[sclk-post-preheat] GPU[6]		: sclk clock level: 1: (1955Mhz)
CORRECTNESS_CRR snr_db=49.61 pass_rate_pct=100.00 det_ok=True
CORRECTNESS_RRR snr_db=49.61 pass_rate_pct=100.00 det_ok=True
[sclk-pre-bench] GPU[6]		: sclk clock level: 1: (2063Mhz)
WARMUP 0 RRR=1542.89 CRR=1486.00 sclk=GPU[6]		: sclk clock level: 1: (2036Mhz)
WARMUP 1 RRR=1540.96 CRR=1496.29 sclk=GPU[6]		: sclk clock level: 1: (2043Mhz)
PAIR 0 RRR_1=1584.04 CRR_1=1484.39 RRR_2=1562.29 CRR_2=1570.66
PAIR 1 RRR_1=1535.93 CRR_1=1503.61 RRR_2=1590.70 CRR_2=1489.51
PAIR 2 RRR_1=1539.15 CRR_1=2300.06 RRR_2=2966.24 CRR_2=2732.40
PAIR 3 RRR_1=2970.98 CRR_1=2724.83 RRR_2=2905.45 CRR_2=2726.18
PAIR 4 RRR_1=2944.04 CRR_1=2680.73 RRR_2=2902.93 CRR_2=2700.58
[sclk-post-bench] GPU[6]		: sclk clock level: 1: (2255Mhz)
CRR  median=2490.39 mean=2191.30 stdev=598.57 n=10
RRR  median=2246.81 mean=2250.18 stdev=725.47 n=10
Welch t (CRR vs RRR) = 0.198  (positive = RRR faster)
DELTA_MEDIAN_PCT RRR_vs_CRR = -9.781%
CRR_TFLOPS_LIST 1484.3938,1570.6638,1503.6109,1489.5087,2300.0633,2732.4015,2724.8348,2726.1820,2680.7254,2700.5797
RRR_TFLOPS_LIST 1584.0375,1562.2857,1535.9268,1590.7000,1539.1510,2966.2401,2970.9843,2905.4537,2944.0442,2902.9275
AUTO-RETRY: sclk-post-preheat=1955MHz < 2200, attempt=2
===== BENCH cell=8b_down GPU=6 (HIP=6) 4096x4096x14336 crr vs rrr attempt=3 =====
[sclk-pre-preheat] GPU[6]		: sclk clock level: 1: (157Mhz)
[preheat 45.0s] done 10236 iters
[sclk-post-preheat] GPU[6]		: sclk clock level: 1: (1895Mhz)
CORRECTNESS_CRR snr_db=49.61 pass_rate_pct=100.00 det_ok=True
CORRECTNESS_RRR snr_db=49.61 pass_rate_pct=100.00 det_ok=True
[sclk-pre-bench] GPU[6]		: sclk clock level: 1: (1983Mhz)
WARMUP 0 RRR=1600.16 CRR=1514.05 sclk=GPU[6]		: sclk clock level: 1: (1992Mhz)
WARMUP 1 RRR=2749.71 CRR=2701.99 sclk=GPU[6]		: sclk clock level: 1: (2201Mhz)
PAIR 0 RRR_1=2690.65 CRR_1=2673.17 RRR_2=2916.10 CRR_2=2675.31
PAIR 1 RRR_1=2970.30 CRR_1=2740.58 RRR_2=2981.78 CRR_2=2736.27
PAIR 2 RRR_1=2962.16 CRR_1=2654.24 RRR_2=2563.80 CRR_2=2358.14
PAIR 3 RRR_1=2604.03 CRR_1=2685.92 RRR_2=2964.72 CRR_2=2742.07
PAIR 4 RRR_1=2964.87 CRR_1=2785.97 RRR_2=2969.55 CRR_2=2726.05
[sclk-post-bench] GPU[6]		: sclk clock level: 1: (2254Mhz)
CRR  median=2705.98 mean=2677.77 stdev=119.42 n=10
RRR  median=2963.44 mean=2858.80 stdev=168.81 n=10
Welch t (CRR vs RRR) = 2.768  (positive = RRR faster)
DELTA_MEDIAN_PCT RRR_vs_CRR = +9.514%
CRR_TFLOPS_LIST 2673.1693,2675.3099,2740.5830,2736.2679,2654.2420,2358.1366,2685.9233,2742.0703,2785.9655,2726.0460
RRR_TFLOPS_LIST 2690.6460,2916.1027,2970.2956,2981.7757,2962.1613,2563.8040,2604.0282,2964.7238,2964.8660,2969.5482
Saved /tmp/wt-r35-d/analysis/fp8_gemm/mi350x/r35d_8b_down_crr_vs_rrr_gpu6.txt
===== BENCH cell=70b_q GPU=6 (HIP=6) 4096x8192x8192 crr vs rrr attempt=1 =====
[sclk-pre-preheat] GPU[6]		: sclk clock level: 1: (2052Mhz)
[preheat 45.0s] done 10236 iters
[sclk-post-preheat] GPU[6]		: sclk clock level: 1: (1920Mhz)
CORRECTNESS_CRR snr_db=49.59 pass_rate_pct=100.00 det_ok=True
CORRECTNESS_RRR snr_db=49.60 pass_rate_pct=100.00 det_ok=True
[sclk-pre-bench] GPU[6]		: sclk clock level: 1: (2290Mhz)
WARMUP 0 RRR=2703.92 CRR=2645.94 sclk=GPU[6]		: sclk clock level: 1: (2303Mhz)
WARMUP 1 RRR=2761.06 CRR=2692.70 sclk=GPU[6]		: sclk clock level: 1: (2327Mhz)
PAIR 0 RRR_1=2733.06 CRR_1=2702.19 RRR_2=2897.74 CRR_2=2688.23
PAIR 1 RRR_1=2911.49 CRR_1=2672.38 RRR_2=2900.71 CRR_2=2726.48
PAIR 2 RRR_1=2897.90 CRR_1=2759.79 RRR_2=2910.27 CRR_2=2716.93
PAIR 3 RRR_1=2875.46 CRR_1=2706.15 RRR_2=2874.41 CRR_2=2697.56
PAIR 4 RRR_1=2888.97 CRR_1=2680.28 RRR_2=2918.04 CRR_2=2679.93
[sclk-post-bench] GPU[6]		: sclk clock level: 1: (2314Mhz)
CRR  median=2699.88 mean=2702.99 stdev=26.28 n=10
RRR  median=2897.82 mean=2880.81 stdev=53.89 n=10
Welch t (CRR vs RRR) = 9.379  (positive = RRR faster)
DELTA_MEDIAN_PCT RRR_vs_CRR = +7.332%
CRR_TFLOPS_LIST 2702.1874,2688.2339,2672.3756,2726.4813,2759.7904,2716.9307,2706.1459,2697.5626,2680.2766,2679.9298
RRR_TFLOPS_LIST 2733.0640,2897.7421,2911.4922,2900.7141,2897.9004,2910.2712,2875.4555,2874.4091,2888.9698,2918.0449
AUTO-RETRY: sclk-post-preheat=1920MHz < 2200, attempt=1
===== BENCH cell=70b_q GPU=6 (HIP=6) 4096x8192x8192 crr vs rrr attempt=2 =====
[sclk-pre-preheat] GPU[6]		: sclk clock level: 1: (180Mhz)
[preheat 45.0s] done 10236 iters
[sclk-post-preheat] GPU[6]		: sclk clock level: 1: (2243Mhz)
CORRECTNESS_CRR snr_db=49.59 pass_rate_pct=100.00 det_ok=True
CORRECTNESS_RRR snr_db=49.60 pass_rate_pct=100.00 det_ok=True
[sclk-pre-bench] GPU[6]		: sclk clock level: 1: (2343Mhz)
WARMUP 0 RRR=2697.36 CRR=2692.27 sclk=GPU[6]		: sclk clock level: 1: (2338Mhz)
WARMUP 1 RRR=2727.25 CRR=2676.37 sclk=GPU[6]		: sclk clock level: 1: (2349Mhz)
PAIR 0 RRR_1=2684.80 CRR_1=2659.87 RRR_2=2837.05 CRR_2=2725.55
PAIR 1 RRR_1=2923.92 CRR_1=2728.17 RRR_2=2939.89 CRR_2=2726.92
PAIR 2 RRR_1=2917.34 CRR_1=2691.87 RRR_2=2923.84 CRR_2=2747.34
PAIR 3 RRR_1=2915.14 CRR_1=2717.07 RRR_2=2889.95 CRR_2=2697.52
PAIR 4 RRR_1=2933.97 CRR_1=2694.06 RRR_2=2857.31 CRR_2=2683.65
[sclk-post-bench] GPU[6]		: sclk clock level: 1: (2245Mhz)
CRR  median=2707.30 mean=2707.20 stdev=26.19 n=10
RRR  median=2916.24 mean=2882.32 stdev=77.09 n=10
Welch t (CRR vs RRR) = 6.802  (positive = RRR faster)
DELTA_MEDIAN_PCT RRR_vs_CRR = +7.718%
CRR_TFLOPS_LIST 2659.8695,2725.5508,2728.1702,2726.9247,2691.8676,2747.3450,2717.0706,2697.5202,2694.0627,2683.6456
RRR_TFLOPS_LIST 2684.7998,2837.0525,2923.9173,2939.8917,2917.3385,2923.8427,2915.1357,2889.9548,2933.9670,2857.3055
Saved /tmp/wt-r35-d/analysis/fp8_gemm/mi350x/r35d_70b_q_crr_vs_rrr_gpu6.txt
===== BENCH cell=70b_k GPU=6 (HIP=6) 4096x1024x8192 crr vs rrr attempt=1 =====
[sclk-pre-preheat] GPU[6]		: sclk clock level: 1: (248Mhz)
[preheat 45.0s] done 10236 iters
[sclk-post-preheat] GPU[6]		: sclk clock level: 1: (2314Mhz)
[tk_mxfp8_layouts] gemm_crr_pq_v2: shape (M=4096, N=1024, K=8192) is +10.24% to +10.83% faster on V2-RRR (R33 Dev C 70B KV SHIP, 4-GPU triangulated; min Δ% +10.24). Prefer gemm_rrr_pq_v2 with A row-major (M,K). See analysis/fp8_gemm/mi350x/r33c_findings.md.
CORRECTNESS_CRR snr_db=49.60 pass_rate_pct=100.00 det_ok=True
CORRECTNESS_RRR snr_db=49.60 pass_rate_pct=100.00 det_ok=True
[sclk-pre-bench] GPU[6]		: sclk clock level: 1: (2327Mhz)
WARMUP 0 RRR=848.44 CRR=784.75 sclk=GPU[6]		: sclk clock level: 1: (2375Mhz)
WARMUP 1 RRR=841.48 CRR=780.25 sclk=GPU[6]		: sclk clock level: 1: (2390Mhz)
PAIR 0 RRR_1=844.03 CRR_1=782.96 RRR_2=867.52 CRR_2=783.57
PAIR 1 RRR_1=873.67 CRR_1=784.16 RRR_2=871.11 CRR_2=785.78
PAIR 2 RRR_1=872.41 CRR_1=783.76 RRR_2=869.21 CRR_2=786.14
PAIR 3 RRR_1=858.20 CRR_1=782.01 RRR_2=870.17 CRR_2=781.66
PAIR 4 RRR_1=873.69 CRR_1=785.38 RRR_2=870.49 CRR_2=781.75
[sclk-post-bench] GPU[6]		: sclk clock level: 1: (2398Mhz)
CRR  median=783.66 mean=783.72 stdev=1.66 n=10
RRR  median=870.33 mean=867.05 stdev=9.24 n=10
Welch t (CRR vs RRR) = 28.083  (positive = RRR faster)
DELTA_MEDIAN_PCT RRR_vs_CRR = +11.059%
CRR_TFLOPS_LIST 782.9597,783.5666,784.1604,785.7814,783.7600,786.1412,782.0113,781.6630,785.3793,781.7478
RRR_TFLOPS_LIST 844.0288,867.5214,873.6707,871.1102,872.4111,869.2073,858.2039,870.1666,873.6891,870.4927
Saved /tmp/wt-r35-d/analysis/fp8_gemm/mi350x/r35d_70b_k_crr_vs_rrr_gpu6.txt
===== BENCH cell=70b_v GPU=6 (HIP=6) 4096x1024x8192 crr vs rrr attempt=1 =====
[sclk-pre-preheat] GPU[6]		: sclk clock level: 1: (2000Mhz)
[preheat 45.0s] done 10236 iters
[sclk-post-preheat] GPU[6]		: sclk clock level: 1: (1860Mhz)
[tk_mxfp8_layouts] gemm_crr_pq_v2: shape (M=4096, N=1024, K=8192) is +10.24% to +10.83% faster on V2-RRR (R33 Dev C 70B KV SHIP, 4-GPU triangulated; min Δ% +10.24). Prefer gemm_rrr_pq_v2 with A row-major (M,K). See analysis/fp8_gemm/mi350x/r33c_findings.md.
CORRECTNESS_CRR snr_db=49.60 pass_rate_pct=100.00 det_ok=True
CORRECTNESS_RRR snr_db=49.60 pass_rate_pct=100.00 det_ok=True
[sclk-pre-bench] GPU[6]		: sclk clock level: 1: (2346Mhz)
WARMUP 0 RRR=835.40 CRR=761.99 sclk=GPU[6]		: sclk clock level: 1: (2373Mhz)
WARMUP 1 RRR=827.79 CRR=766.36 sclk=GPU[6]		: sclk clock level: 1: (2392Mhz)
PAIR 0 RRR_1=823.76 CRR_1=766.90 RRR_2=843.52 CRR_2=761.77
PAIR 1 RRR_1=849.38 CRR_1=768.54 RRR_2=842.22 CRR_2=764.62
PAIR 2 RRR_1=840.77 CRR_1=762.69 RRR_2=843.04 CRR_2=764.47
PAIR 3 RRR_1=846.59 CRR_1=766.61 RRR_2=843.71 CRR_2=764.60
PAIR 4 RRR_1=842.41 CRR_1=765.30 RRR_2=843.54 CRR_2=768.52
[sclk-post-bench] GPU[6]		: sclk clock level: 1: (2397Mhz)
CRR  median=764.96 mean=765.40 stdev=2.26 n=10
RRR  median=843.28 mean=841.89 stdev=6.82 n=10
Welch t (CRR vs RRR) = 33.671  (positive = RRR faster)
DELTA_MEDIAN_PCT RRR_vs_CRR = +10.239%
CRR_TFLOPS_LIST 766.9023,761.7679,768.5425,764.6161,762.6876,764.4657,766.6082,764.5954,765.3038,768.5150
RRR_TFLOPS_LIST 823.7610,843.5228,849.3785,842.2159,840.7652,843.0427,846.5903,843.7132,842.4145,843.5392
AUTO-RETRY: sclk-post-preheat=1860MHz < 2200, attempt=1
===== BENCH cell=70b_v GPU=6 (HIP=6) 4096x1024x8192 crr vs rrr attempt=2 =====
[sclk-pre-preheat] GPU[6]		: sclk clock level: 1: (157Mhz)
[preheat 45.0s] done 10236 iters
[sclk-post-preheat] GPU[6]		: sclk clock level: 1: (2340Mhz)
[tk_mxfp8_layouts] gemm_crr_pq_v2: shape (M=4096, N=1024, K=8192) is +10.24% to +10.83% faster on V2-RRR (R33 Dev C 70B KV SHIP, 4-GPU triangulated; min Δ% +10.24). Prefer gemm_rrr_pq_v2 with A row-major (M,K). See analysis/fp8_gemm/mi350x/r33c_findings.md.
CORRECTNESS_CRR snr_db=49.60 pass_rate_pct=100.00 det_ok=True
CORRECTNESS_RRR snr_db=49.60 pass_rate_pct=100.00 det_ok=True
[sclk-pre-bench] GPU[6]		: sclk clock level: 1: (2327Mhz)
WARMUP 0 RRR=831.99 CRR=764.99 sclk=GPU[6]		: sclk clock level: 1: (2381Mhz)
WARMUP 1 RRR=829.26 CRR=761.88 sclk=GPU[6]		: sclk clock level: 1: (2394Mhz)
PAIR 0 RRR_1=830.38 CRR_1=759.87 RRR_2=839.66 CRR_2=765.47
PAIR 1 RRR_1=847.52 CRR_1=765.52 RRR_2=700.71 CRR_2=765.92
PAIR 2 RRR_1=844.82 CRR_1=643.96 RRR_2=850.92 CRR_2=765.14
PAIR 3 RRR_1=837.83 CRR_1=766.80 RRR_2=843.96 CRR_2=766.74
PAIR 4 RRR_1=846.68 CRR_1=767.05 RRR_2=843.40 CRR_2=765.21
[sclk-post-bench] GPU[6]		: sclk clock level: 1: (2395Mhz)
CRR  median=765.50 mean=753.17 stdev=38.43 n=10
RRR  median=843.68 mean=828.59 stdev=45.30 n=10
Welch t (CRR vs RRR) = 4.015  (positive = RRR faster)
DELTA_MEDIAN_PCT RRR_vs_CRR = +10.213%
CRR_TFLOPS_LIST 759.8674,765.4740,765.5219,765.9178,643.9551,765.1404,766.7993,766.7382,767.0533,765.2080
RRR_TFLOPS_LIST 830.3782,839.6554,847.5176,700.7144,844.8168,850.9174,837.8289,843.9621,846.6823,843.3984
Saved /tmp/wt-r35-d/analysis/fp8_gemm/mi350x/r35d_70b_v_crr_vs_rrr_gpu6.txt
===== BENCH cell=70b_o GPU=6 (HIP=6) 4096x8192x8192 crr vs rrr attempt=1 =====
[sclk-pre-preheat] GPU[6]		: sclk clock level: 1: (2034Mhz)
[preheat 45.0s] done 10236 iters
[sclk-post-preheat] GPU[6]		: sclk clock level: 1: (2285Mhz)
CORRECTNESS_CRR snr_db=49.59 pass_rate_pct=100.00 det_ok=True
CORRECTNESS_RRR snr_db=49.60 pass_rate_pct=100.00 det_ok=True
[sclk-pre-bench] GPU[6]		: sclk clock level: 1: (2365Mhz)
WARMUP 0 RRR=2721.73 CRR=2645.19 sclk=GPU[6]		: sclk clock level: 1: (2350Mhz)
WARMUP 1 RRR=2693.12 CRR=2637.74 sclk=GPU[6]		: sclk clock level: 1: (2356Mhz)
PAIR 0 RRR_1=2701.92 CRR_1=2621.40 RRR_2=2841.41 CRR_2=2643.28
PAIR 1 RRR_1=2885.92 CRR_1=2618.95 RRR_2=2857.48 CRR_2=2672.55
PAIR 2 RRR_1=2882.05 CRR_1=2702.06 RRR_2=2860.57 CRR_2=2689.87
PAIR 3 RRR_1=2872.17 CRR_1=2670.32 RRR_2=2856.27 CRR_2=2634.34
PAIR 4 RRR_1=2838.85 CRR_1=2686.69 RRR_2=2853.62 CRR_2=2674.75
[sclk-post-bench] GPU[6]		: sclk clock level: 1: (2333Mhz)
CRR  median=2671.44 mean=2661.42 stdev=29.72 n=10
RRR  median=2856.88 mean=2845.03 stdev=52.61 n=10
Welch t (CRR vs RRR) = 9.610  (positive = RRR faster)
DELTA_MEDIAN_PCT RRR_vs_CRR = +6.942%
CRR_TFLOPS_LIST 2621.3965,2643.2772,2618.9486,2672.5546,2702.0628,2689.8680,2670.3218,2634.3399,2686.6923,2674.7498
RRR_TFLOPS_LIST 2701.9247,2841.4058,2885.9233,2857.4787,2882.0487,2860.5684,2872.1728,2856.2741,2838.8466,2853.6187
Saved /tmp/wt-r35-d/analysis/fp8_gemm/mi350x/r35d_70b_o_crr_vs_rrr_gpu6.txt
===== BENCH cell=70b_gate GPU=6 (HIP=6) 4096x28672x8192 crr vs rrr attempt=1 =====
[sclk-pre-preheat] GPU[6]		: sclk clock level: 1: (2256Mhz)
[preheat 45.0s] done 10236 iters
[sclk-post-preheat] GPU[6]		: sclk clock level: 1: (2256Mhz)
[tk_mxfp8_layouts] gemm_crr_pq_v2: shape (M=4096, N=28672, K=8192) is +7.18% to +7.99% faster on V2-RRR (R33 Dev C 70B Gate/Up SHIP, 4-GPU triangulated; min Δ% +7.18). Prefer gemm_rrr_pq_v2 with A row-major (M,K). See analysis/fp8_gemm/mi350x/r33c_findings.md.
CORRECTNESS_CRR snr_db=49.59 pass_rate_pct=100.00 det_ok=True
CORRECTNESS_RRR snr_db=49.60 pass_rate_pct=100.00 det_ok=True
[sclk-pre-bench] GPU[6]		: sclk clock level: 1: (2376Mhz)
WARMUP 0 RRR=2534.68 CRR=2360.32 sclk=GPU[6]		: sclk clock level: 1: (2321Mhz)
WARMUP 1 RRR=2537.11 CRR=2373.83 sclk=GPU[6]		: sclk clock level: 1: (2315Mhz)
PAIR 0 RRR_1=2549.37 CRR_1=2367.25 RRR_2=2559.56 CRR_2=2388.84
PAIR 1 RRR_1=2570.99 CRR_1=2377.00 RRR_2=2568.87 CRR_2=2358.44
PAIR 2 RRR_1=2560.10 CRR_1=2373.84 RRR_2=2559.38 CRR_2=2348.84
PAIR 3 RRR_1=2550.76 CRR_1=2374.78 RRR_2=2560.18 CRR_2=2369.77
PAIR 4 RRR_1=2557.87 CRR_1=2353.97 RRR_2=2564.56 CRR_2=2383.71
[sclk-post-bench] GPU[6]		: sclk clock level: 1: (2295Mhz)
CRR  median=2371.81 mean=2369.64 stdev=12.80 n=10
RRR  median=2559.83 mean=2560.16 stdev=6.86 n=10
Welch t (CRR vs RRR) = 41.493  (positive = RRR faster)
DELTA_MEDIAN_PCT RRR_vs_CRR = +7.927%
CRR_TFLOPS_LIST 2367.2518,2388.8374,2377.0016,2358.4374,2373.8393,2348.8415,2374.7799,2369.7725,2353.9728,2383.7111
RRR_TFLOPS_LIST 2549.3700,2559.5574,2570.9860,2568.8687,2560.1025,2559.3805,2550.7598,2560.1841,2557.8670,2564.5630
Saved /tmp/wt-r35-d/analysis/fp8_gemm/mi350x/r35d_70b_gate_crr_vs_rrr_gpu6.txt
===== BENCH cell=70b_up GPU=6 (HIP=6) 4096x28672x8192 crr vs rrr attempt=1 =====
[sclk-pre-preheat] GPU[6]		: sclk clock level: 1: (158Mhz)
[preheat 45.0s] done 10236 iters
[sclk-post-preheat] GPU[6]		: sclk clock level: 1: (2172Mhz)
[tk_mxfp8_layouts] gemm_crr_pq_v2: shape (M=4096, N=28672, K=8192) is +7.18% to +7.99% faster on V2-RRR (R33 Dev C 70B Gate/Up SHIP, 4-GPU triangulated; min Δ% +7.18). Prefer gemm_rrr_pq_v2 with A row-major (M,K). See analysis/fp8_gemm/mi350x/r33c_findings.md.
CORRECTNESS_CRR snr_db=49.59 pass_rate_pct=100.00 det_ok=True
CORRECTNESS_RRR snr_db=49.60 pass_rate_pct=100.00 det_ok=True
[sclk-pre-bench] GPU[6]		: sclk clock level: 1: (2353Mhz)
WARMUP 0 RRR=2553.46 CRR=2374.47 sclk=GPU[6]		: sclk clock level: 1: (2309Mhz)
WARMUP 1 RRR=2557.48 CRR=2382.44 sclk=GPU[6]		: sclk clock level: 1: (2280Mhz)
PAIR 0 RRR_1=2558.88 CRR_1=2383.57 RRR_2=2581.34 CRR_2=2383.47
PAIR 1 RRR_1=2566.23 CRR_1=2376.08 RRR_2=2576.35 CRR_2=2366.02
PAIR 2 RRR_1=2566.03 CRR_1=2369.17 RRR_2=2569.92 CRR_2=2375.41
PAIR 3 RRR_1=2571.40 CRR_1=2374.73 RRR_2=2551.37 CRR_2=2385.79
PAIR 4 RRR_1=2568.43 CRR_1=2371.56 RRR_2=2568.20 CRR_2=2367.72
[sclk-post-bench] GPU[6]		: sclk clock level: 1: (2361Mhz)
CRR  median=2375.07 mean=2375.35 stdev=7.00 n=10
RRR  median=2568.32 mean=2567.81 stdev=8.36 n=10
Welch t (CRR vs RRR) = 55.794  (positive = RRR faster)
DELTA_MEDIAN_PCT RRR_vs_CRR = +8.137%
CRR_TFLOPS_LIST 2383.5652,2383.4748,2376.0834,2366.0242,2369.1679,2375.4121,2374.7253,2385.7896,2371.5625,2367.7151
RRR_TFLOPS_LIST 2558.8768,2581.3417,2566.2348,2576.3479,2566.0349,2569.9172,2571.3955,2551.3658,2568.4326,2568.2022
AUTO-RETRY: sclk-post-preheat=2172MHz < 2200, attempt=1
===== BENCH cell=70b_up GPU=6 (HIP=6) 4096x28672x8192 crr vs rrr attempt=2 =====
[sclk-pre-preheat] GPU[6]		: sclk clock level: 1: (2031Mhz)
[preheat 45.0s] done 10236 iters
[sclk-post-preheat] GPU[6]		: sclk clock level: 1: (2222Mhz)
[tk_mxfp8_layouts] gemm_crr_pq_v2: shape (M=4096, N=28672, K=8192) is +7.18% to +7.99% faster on V2-RRR (R33 Dev C 70B Gate/Up SHIP, 4-GPU triangulated; min Δ% +7.18). Prefer gemm_rrr_pq_v2 with A row-major (M,K). See analysis/fp8_gemm/mi350x/r33c_findings.md.
CORRECTNESS_CRR snr_db=49.59 pass_rate_pct=100.00 det_ok=True
CORRECTNESS_RRR snr_db=49.60 pass_rate_pct=100.00 det_ok=True
[sclk-pre-bench] GPU[6]		: sclk clock level: 1: (2357Mhz)
WARMUP 0 RRR=2555.20 CRR=2389.57 sclk=GPU[6]		: sclk clock level: 1: (2294Mhz)
WARMUP 1 RRR=2552.00 CRR=2369.55 sclk=GPU[6]		: sclk clock level: 1: (2271Mhz)
PAIR 0 RRR_1=2540.80 CRR_1=2376.53 RRR_2=2566.41 CRR_2=2373.47
PAIR 1 RRR_1=2559.82 CRR_1=2361.21 RRR_2=2563.55 CRR_2=2378.41
PAIR 2 RRR_1=2588.29 CRR_1=2373.32 RRR_2=2569.27 CRR_2=2373.81
PAIR 3 RRR_1=2557.84 CRR_1=2382.08 RRR_2=2554.73 CRR_2=2351.58
PAIR 4 RRR_1=2563.13 CRR_1=2376.19 RRR_2=2560.47 CRR_2=2379.83
[sclk-post-bench] GPU[6]		: sclk clock level: 1: (2269Mhz)
CRR  median=2375.00 mean=2372.64 stdev=9.30 n=10
RRR  median=2561.80 mean=2562.43 stdev=11.98 n=10
Welch t (CRR vs RRR) = 39.571  (positive = RRR faster)
DELTA_MEDIAN_PCT RRR_vs_CRR = +7.865%
CRR_TFLOPS_LIST 2376.5309,2373.4693,2361.2094,2378.4081,2373.3214,2373.8075,2382.0779,2351.5821,2376.1939,2379.8270
RRR_TFLOPS_LIST 2540.7980,2566.4099,2559.8164,2563.5515,2588.2864,2569.2694,2557.8370,2554.7317,2563.1334,2560.4676
Saved /tmp/wt-r35-d/analysis/fp8_gemm/mi350x/r35d_70b_up_crr_vs_rrr_gpu6.txt
===== BENCH cell=70b_down GPU=6 (HIP=6) 4096x8192x28672 crr vs rrr attempt=1 =====
[sclk-pre-preheat] GPU[6]		: sclk clock level: 1: (158Mhz)
[preheat 45.0s] done 10236 iters
[sclk-post-preheat] GPU[6]		: sclk clock level: 1: (2089Mhz)
[tk_mxfp8_layouts] gemm_crr_pq_v2: shape (M=4096, N=8192, K=28672) is +12.14% faster on V2-RRR (R32 Dev C SHIP, cross-GPU triangulated). Prefer gemm_rrr_pq_v2 with A row-major (M,K). See analysis/fp8_gemm/mi350x/r32c_findings.md.
CORRECTNESS_CRR snr_db=49.61 pass_rate_pct=100.00 det_ok=True
CORRECTNESS_RRR snr_db=49.60 pass_rate_pct=100.00 det_ok=True
[sclk-pre-bench] GPU[6]		: sclk clock level: 1: (2360Mhz)
WARMUP 0 RRR=2799.51 CRR=2500.99 sclk=GPU[6]		: sclk clock level: 1: (2341Mhz)
WARMUP 1 RRR=2800.02 CRR=2509.08 sclk=GPU[6]		: sclk clock level: 1: (2343Mhz)
PAIR 0 RRR_1=2816.01 CRR_1=2488.83 RRR_2=2820.46 CRR_2=2511.65
PAIR 1 RRR_1=2813.27 CRR_1=2494.85 RRR_2=2826.44 CRR_2=2507.77
PAIR 2 RRR_1=2813.71 CRR_1=2494.39 RRR_2=2805.25 CRR_2=2499.52
PAIR 3 RRR_1=2825.76 CRR_1=2493.48 RRR_2=2795.25 CRR_2=2476.36
PAIR 4 RRR_1=2802.51 CRR_1=2508.67 RRR_2=2809.63 CRR_2=2496.86
[sclk-post-bench] GPU[6]		: sclk clock level: 1: (2311Mhz)
CRR  median=2495.85 mean=2497.24 stdev=10.48 n=10
RRR  median=2813.49 mean=2812.83 stdev=10.03 n=10
Welch t (CRR vs RRR) = 68.800  (positive = RRR faster)
DELTA_MEDIAN_PCT RRR_vs_CRR = +12.726%
CRR_TFLOPS_LIST 2488.8270,2511.6513,2494.8500,2507.7683,2494.3868,2499.5193,2493.4843,2476.3629,2508.6679,2496.8576
RRR_TFLOPS_LIST 2816.0098,2820.4576,2813.2656,2826.4368,2813.7065,2805.2501,2825.7627,2795.2535,2802.5140,2809.6318
AUTO-RETRY: sclk-post-preheat=2089MHz < 2200, attempt=1
===== BENCH cell=70b_down GPU=6 (HIP=6) 4096x8192x28672 crr vs rrr attempt=2 =====
[sclk-pre-preheat] GPU[6]		: sclk clock level: 1: (228Mhz)
[preheat 45.0s] done 10236 iters
[sclk-post-preheat] GPU[6]		: sclk clock level: 1: (2273Mhz)
[tk_mxfp8_layouts] gemm_crr_pq_v2: shape (M=4096, N=8192, K=28672) is +12.14% faster on V2-RRR (R32 Dev C SHIP, cross-GPU triangulated). Prefer gemm_rrr_pq_v2 with A row-major (M,K). See analysis/fp8_gemm/mi350x/r32c_findings.md.
CORRECTNESS_CRR snr_db=49.61 pass_rate_pct=100.00 det_ok=True
CORRECTNESS_RRR snr_db=49.60 pass_rate_pct=100.00 det_ok=True
[sclk-pre-bench] GPU[6]		: sclk clock level: 1: (2336Mhz)
WARMUP 0 RRR=2809.60 CRR=2525.86 sclk=GPU[6]		: sclk clock level: 1: (2267Mhz)
WARMUP 1 RRR=2803.83 CRR=2521.06 sclk=GPU[6]		: sclk clock level: 1: (2299Mhz)
PAIR 0 RRR_1=2801.96 CRR_1=2527.86 RRR_2=2834.34 CRR_2=2521.30
PAIR 1 RRR_1=2831.03 CRR_1=2533.63 RRR_2=2825.45 CRR_2=2540.00
PAIR 2 RRR_1=2829.71 CRR_1=2436.29 RRR_2=2817.91 CRR_2=2505.52
PAIR 3 RRR_1=2842.31 CRR_1=2516.59 RRR_2=2850.02 CRR_2=2529.21
PAIR 4 RRR_1=2814.90 CRR_1=2525.87 RRR_2=2838.42 CRR_2=2518.90
[sclk-post-bench] GPU[6]		: sclk clock level: 1: (2346Mhz)
CRR  median=2523.58 mean=2515.52 stdev=29.43 n=10
RRR  median=2830.37 mean=2828.61 stdev=14.16 n=10
Welch t (CRR vs RRR) = 30.311  (positive = RRR faster)
DELTA_MEDIAN_PCT RRR_vs_CRR = +12.157%
CRR_TFLOPS_LIST 2527.8576,2521.2966,2533.6301,2539.9987,2436.2895,2505.5217,2516.5871,2529.2129,2525.8662,2518.8984
RRR_TFLOPS_LIST 2801.9622,2834.3410,2831.0285,2825.4545,2829.7066,2817.9100,2842.3133,2850.0190,2814.8997,2838.4193
Saved /tmp/wt-r35-d/analysis/fp8_gemm/mi350x/r35d_70b_down_crr_vs_rrr_gpu6.txt
########## BENCH PHASE — CRR vs RCR (square only) GPU6 ##########
===== BENCH cell=8b_q GPU=6 (HIP=6) 4096x4096x4096 crr vs rcr attempt=1 =====
[sclk-pre-preheat] GPU[6]		: sclk clock level: 1: (158Mhz)
[preheat 45.0s] done 10236 iters
[sclk-post-preheat] GPU[6]		: sclk clock level: 1: (2348Mhz)
CORRECTNESS_CRR snr_db=49.61 pass_rate_pct=100.00 det_ok=True
CORRECTNESS_RCR snr_db=49.61 pass_rate_pct=100.00 det_ok=True
[sclk-pre-bench] GPU[6]		: sclk clock level: 1: (2358Mhz)
WARMUP 0 RCR=2167.24 CRR=2192.19 sclk=GPU[6]		: sclk clock level: 1: (2369Mhz)
WARMUP 1 RCR=2145.08 CRR=2126.84 sclk=GPU[6]		: sclk clock level: 1: (2364Mhz)
PAIR 0 RCR_1=2228.07 CRR_1=2165.66 RCR_2=2373.41 CRR_2=2271.28
PAIR 1 RCR_1=2466.08 CRR_1=2295.00 RCR_2=2501.12 CRR_2=2346.25
PAIR 2 RCR_1=2490.97 CRR_1=2339.25 RCR_2=2490.03 CRR_2=2326.80
PAIR 3 RCR_1=2523.57 CRR_1=2335.37 RCR_2=2532.73 CRR_2=2351.68
PAIR 4 RCR_1=2499.88 CRR_1=2381.97 RCR_2=2537.85 CRR_2=2326.55
[sclk-post-bench] GPU[6]		: sclk clock level: 1: (2329Mhz)
CRR  median=2331.09 mean=2313.98 stdev=60.27 n=10
RCR  median=2495.43 mean=2464.37 stdev=95.26 n=10
Welch t (CRR vs RCR) = 4.219  (positive = RCR faster)
DELTA_MEDIAN_PCT RCR_vs_CRR = +7.050%
CRR_TFLOPS_LIST 2165.6569,2271.2753,2295.0021,2346.2523,2339.2527,2326.8015,2335.3748,2351.6784,2381.9683,2326.5502
RCR_TFLOPS_LIST 2228.0658,2373.4125,2466.0813,2501.1220,2490.9706,2490.0319,2523.5706,2532.7254,2499.8846,2537.8483
Saved /tmp/wt-r35-d/analysis/fp8_gemm/mi350x/r35d_8b_q_crr_vs_rcr_gpu6.txt
===== BENCH cell=8b_o GPU=6 (HIP=6) 4096x4096x4096 crr vs rcr attempt=1 =====
[sclk-pre-preheat] GPU[6]		: sclk clock level: 1: (157Mhz)
[preheat 45.0s] done 10236 iters
[sclk-post-preheat] GPU[6]		: sclk clock level: 1: (2146Mhz)
CORRECTNESS_CRR snr_db=49.61 pass_rate_pct=100.00 det_ok=True
CORRECTNESS_RCR snr_db=49.61 pass_rate_pct=100.00 det_ok=True
[sclk-pre-bench] GPU[6]		: sclk clock level: 1: (2351Mhz)
WARMUP 0 RCR=2213.80 CRR=2110.76 sclk=GPU[6]		: sclk clock level: 1: (2361Mhz)
WARMUP 1 RCR=2203.83 CRR=2178.11 sclk=GPU[6]		: sclk clock level: 1: (2351Mhz)
PAIR 0 RCR_1=2279.41 CRR_1=2173.79 RCR_2=2373.08 CRR_2=2226.39
PAIR 1 RCR_1=2360.18 CRR_1=2206.93 RCR_2=2483.26 CRR_2=2283.12
PAIR 2 RCR_1=2522.42 CRR_1=2342.34 RCR_2=2507.69 CRR_2=2370.20
PAIR 3 RCR_1=2524.65 CRR_1=2381.63 RCR_2=2558.71 CRR_2=2339.22
PAIR 4 RCR_1=2546.80 CRR_1=2390.98 RCR_2=2572.85 CRR_2=2377.10
[sclk-post-bench] GPU[6]		: sclk clock level: 1: (2326Mhz)
CRR  median=2340.78 mean=2309.17 stdev=80.69 n=10
RCR  median=2515.05 mean=2472.90 stdev=99.65 n=10
Welch t (CRR vs RCR) = 4.038  (positive = RCR faster)
DELTA_MEDIAN_PCT RCR_vs_CRR = +7.445%
CRR_TFLOPS_LIST 2173.7878,2226.3904,2206.9294,2283.1157,2342.3400,2370.1954,2381.6332,2339.2200,2390.9820,2377.0955
RCR_TFLOPS_LIST 2279.4140,2373.0789,2360.1818,2483.2591,2522.4173,2507.6907,2524.6488,2558.7080,2546.7976,2572.8526
AUTO-RETRY: sclk-post-preheat=2146MHz < 2200, attempt=1
===== BENCH cell=8b_o GPU=6 (HIP=6) 4096x4096x4096 crr vs rcr attempt=2 =====
[sclk-pre-preheat] GPU[6]		: sclk clock level: 1: (228Mhz)
[preheat 45.0s] done 10236 iters
[sclk-post-preheat] GPU[6]		: sclk clock level: 1: (2204Mhz)
CORRECTNESS_CRR snr_db=49.61 pass_rate_pct=100.00 det_ok=True
CORRECTNESS_RCR snr_db=49.61 pass_rate_pct=100.00 det_ok=True
[sclk-pre-bench] GPU[6]		: sclk clock level: 1: (2383Mhz)
WARMUP 0 RCR=2146.69 CRR=2150.60 sclk=GPU[6]		: sclk clock level: 1: (2378Mhz)
WARMUP 1 RCR=2152.79 CRR=2138.94 sclk=GPU[6]		: sclk clock level: 1: (2377Mhz)
PAIR 0 RCR_1=2177.15 CRR_1=2128.79 RCR_2=2408.71 CRR_2=2264.44
PAIR 1 RCR_1=2464.53 CRR_1=2337.59 RCR_2=2478.85 CRR_2=2334.01
PAIR 2 RCR_1=2465.23 CRR_1=2342.03 RCR_2=2514.78 CRR_2=2343.15
PAIR 3 RCR_1=2477.93 CRR_1=2360.01 RCR_2=2523.31 CRR_2=2341.67
PAIR 4 RCR_1=2533.65 CRR_1=2353.22 RCR_2=2517.24 CRR_2=2354.32
[sclk-post-bench] GPU[6]		: sclk clock level: 1: (2358Mhz)
CRR  median=2341.85 mean=2315.92 stdev=70.99 n=10
RCR  median=2478.39 mean=2456.14 stdev=104.84 n=10
Welch t (CRR vs RCR) = 3.502  (positive = RCR faster)
DELTA_MEDIAN_PCT RCR_vs_CRR = +5.830%
CRR_TFLOPS_LIST 2128.7909,2264.4383,2337.5896,2334.0057,2342.0262,2343.1498,2360.0099,2341.6711,2353.2230,2354.3178
RCR_TFLOPS_LIST 2177.1528,2408.7148,2464.5265,2478.8537,2465.2276,2514.7771,2477.9259,2523.3074,2533.6536,2517.2431
Saved /tmp/wt-r35-d/analysis/fp8_gemm/mi350x/r35d_8b_o_crr_vs_rcr_gpu6.txt
===== BENCH cell=70b_q GPU=6 (HIP=6) 4096x8192x8192 crr vs rcr attempt=1 =====
[sclk-pre-preheat] GPU[6]		: sclk clock level: 1: (157Mhz)
[preheat 45.0s] done 10236 iters
[sclk-post-preheat] GPU[6]		: sclk clock level: 1: (2240Mhz)
CORRECTNESS_CRR snr_db=49.59 pass_rate_pct=100.00 det_ok=True
CORRECTNESS_RCR snr_db=49.60 pass_rate_pct=100.00 det_ok=True
[sclk-pre-bench] GPU[6]		: sclk clock level: 1: (2366Mhz)
WARMUP 0 RCR=2744.54 CRR=2676.53 sclk=GPU[6]		: sclk clock level: 1: (2341Mhz)
WARMUP 1 RCR=2707.56 CRR=2669.09 sclk=GPU[6]		: sclk clock level: 1: (2358Mhz)
PAIR 0 RCR_1=2690.45 CRR_1=2639.48 RCR_2=2894.52 CRR_2=2681.22
PAIR 1 RCR_1=2923.12 CRR_1=2682.62 RCR_2=2936.34 CRR_2=2709.11
PAIR 2 RCR_1=2909.57 CRR_1=2644.69 RCR_2=2911.17 CRR_2=2726.78
PAIR 3 RCR_1=2900.59 CRR_1=2726.33 RCR_2=2888.91 CRR_2=2706.03
PAIR 4 RCR_1=2893.42 CRR_1=2669.69 RCR_2=2913.17 CRR_2=2668.81
[sclk-post-bench] GPU[6]		: sclk clock level: 1: (2275Mhz)
CRR  median=2681.92 mean=2685.48 stdev=31.07 n=10
RCR  median=2905.08 mean=2886.13 stdev=70.26 n=10
Welch t (CRR vs RCR) = 8.260  (positive = RCR faster)
DELTA_MEDIAN_PCT RCR_vs_CRR = +8.321%
CRR_TFLOPS_LIST 2639.4770,2681.2154,2682.6185,2709.1109,2644.6871,2726.7840,2726.3299,2706.0287,2669.6859,2668.8150
RCR_TFLOPS_LIST 2690.4548,2894.5190,2923.1207,2936.3361,2909.5685,2911.1706,2900.5914,2888.9085,2893.4221,2913.1704
Saved /tmp/wt-r35-d/analysis/fp8_gemm/mi350x/r35d_70b_q_crr_vs_rcr_gpu6.txt
===== BENCH cell=70b_o GPU=6 (HIP=6) 4096x8192x8192 crr vs rcr attempt=1 =====
[sclk-pre-preheat] GPU[6]		: sclk clock level: 1: (157Mhz)
[preheat 45.0s] done 10236 iters
[sclk-post-preheat] GPU[6]		: sclk clock level: 1: (2231Mhz)
CORRECTNESS_CRR snr_db=49.59 pass_rate_pct=100.00 det_ok=True
CORRECTNESS_RCR snr_db=49.60 pass_rate_pct=100.00 det_ok=True
[sclk-pre-bench] GPU[6]		: sclk clock level: 1: (2349Mhz)
WARMUP 0 RCR=2751.50 CRR=2696.60 sclk=GPU[6]		: sclk clock level: 1: (2332Mhz)
WARMUP 1 RCR=2750.63 CRR=2674.98 sclk=GPU[6]		: sclk clock level: 1: (2314Mhz)
PAIR 0 RCR_1=2737.43 CRR_1=2691.18 RCR_2=2916.68 CRR_2=2720.13
PAIR 1 RCR_1=2950.96 CRR_1=2729.78 RCR_2=2963.78 CRR_2=2750.51
PAIR 2 RCR_1=2934.58 CRR_1=2687.60 RCR_2=2922.09 CRR_2=2740.82
PAIR 3 RCR_1=2910.31 CRR_1=2738.35 RCR_2=2946.48 CRR_2=2685.55
PAIR 4 RCR_1=2955.93 CRR_1=2687.10 RCR_2=2938.65 CRR_2=2708.12
[sclk-post-bench] GPU[6]		: sclk clock level: 1: (2252Mhz)
CRR  median=2714.12 mean=2713.91 stdev=25.20 n=10
RCR  median=2936.61 mean=2917.69 stdev=65.67 n=10
Welch t (CRR vs RCR) = 9.161  (positive = RCR faster)
DELTA_MEDIAN_PCT RCR_vs_CRR = +8.198%
CRR_TFLOPS_LIST 2691.1798,2720.1250,2729.7841,2750.5105,2687.6015,2740.8238,2738.3451,2685.5541,2687.0983,2708.1188
RCR_TFLOPS_LIST 2737.4291,2916.6817,2950.9631,2963.7790,2934.5793,2922.0903,2910.3078,2946.4837,2955.9259,2938.6458
Saved /tmp/wt-r35-d/analysis/fp8_gemm/mi350x/r35d_70b_o_crr_vs_rcr_gpu6.txt
DONE r35d MODE=bench-gpu6 PHYS_GPU_ARG=6
