[sclk-pre-preheat] GPU[3]		: sclk clock level: 1: (1859Mhz)
[preheat 30.0s] done 7164 iters
[sclk-post-preheat] GPU[3]		: sclk clock level: 1: (2265Mhz)
[tk_mxfp8_layouts] gemm_crr_pq_v2: shape (M=4096, N=1024, K=8192) is +10.24% to +10.83% faster on V2-RRR (R33 Dev C 70B KV SHIP, 4-GPU triangulated; min Δ% +10.24). Prefer gemm_rrr_pq_v2 with A row-major (M,K). See analysis/fp8_gemm/mi350x/r33c_findings.md.
CORRECTNESS_default snr_db=49.60 pass_rate_pct=100.00 det_ok=True
[tk_mxfp8_layouts] gemm_crr_pq_v2: shape (M=4096, N=1024, K=8192) is +10.24% to +10.83% faster on V2-RRR (R33 Dev C 70B KV SHIP, 4-GPU triangulated; min Δ% +10.24). Prefer gemm_rrr_pq_v2 with A row-major (M,K). See analysis/fp8_gemm/mi350x/r33c_findings.md.
CORRECTNESS_hbshrink_b2 snr_db=49.60 pass_rate_pct=100.00 det_ok=True
[sclk-pre-bench] GPU[3]		: sclk clock level: 1: (2400Mhz)
WARMUP 0 default=755.73 hbshrink_b2=869.95 sclk=GPU[3]		: sclk clock level: 1: (2405Mhz)
WARMUP 1 default=758.35 hbshrink_b2=868.70 sclk=GPU[3]		: sclk clock level: 1: (2407Mhz)
PAIR 0 default_1=753.12 hbshrink_b2_1=867.77 default_2=771.12 hbshrink_b2_2=872.77
PAIR 1 default_1=767.56 hbshrink_b2_1=868.66 default_2=766.53 hbshrink_b2_2=870.73
PAIR 2 default_1=768.42 hbshrink_b2_1=872.25 default_2=770.96 hbshrink_b2_2=868.85
PAIR 3 default_1=759.69 hbshrink_b2_1=869.35 default_2=769.67 hbshrink_b2_2=871.87
PAIR 4 default_1=768.14 hbshrink_b2_1=869.67 default_2=769.70 hbshrink_b2_2=871.51
[sclk-post-bench] GPU[3]		: sclk clock level: 1: (2406Mhz)
default median=768.28 mean=766.49 stdev=5.72 n=10
hbshrink_b2 median=870.20 mean=870.34 stdev=1.72 n=10
Welch t (default vs hbshrink_b2) = 55.011  (positive = hbshrink_b2 faster)
DELTA_MEDIAN_PCT hbshrink_b2_vs_default = +13.266%
