[sclk-pre-preheat] GPU[3]		: sclk clock level: 1: (2411Mhz)
[preheat 30.0s] done 6140 iters
[sclk-post-preheat] GPU[3]		: sclk clock level: 1: (2268Mhz)
[tk_mxfp8_layouts] gemm_crr_pq_v2: shape (M=4096, N=1024, K=8192) is +10.24% to +10.83% faster on V2-RRR (R33 Dev C 70B KV SHIP, 4-GPU triangulated; min Δ% +10.24). Prefer gemm_rrr_pq_v2 with A row-major (M,K). See analysis/fp8_gemm/mi350x/r33c_findings.md.
CORRECTNESS_default snr_db=49.60 pass_rate_pct=100.00 det_ok=True
[tk_mxfp8_layouts] gemm_crr_pq_v2: shape (M=4096, N=1024, K=8192) is +10.24% to +10.83% faster on V2-RRR (R33 Dev C 70B KV SHIP, 4-GPU triangulated; min Δ% +10.24). Prefer gemm_rrr_pq_v2 with A row-major (M,K). See analysis/fp8_gemm/mi350x/r33c_findings.md.
CORRECTNESS_hbshrink_b1 snr_db=49.60 pass_rate_pct=100.00 det_ok=True
[sclk-pre-bench] GPU[3]		: sclk clock level: 1: (2407Mhz)
WARMUP 0 default=768.32 hbshrink_b1=1013.29 sclk=GPU[3]		: sclk clock level: 1: (2407Mhz)
WARMUP 1 default=770.22 hbshrink_b1=933.24 sclk=GPU[3]		: sclk clock level: 1: (2406Mhz)
PAIR 0 default_1=761.97 hbshrink_b1_1=968.13 default_2=766.02 hbshrink_b1_2=976.86
PAIR 1 default_1=759.22 hbshrink_b1_1=988.47 default_2=767.82 hbshrink_b1_2=980.13
PAIR 2 default_1=767.48 hbshrink_b1_1=986.91 default_2=767.57 hbshrink_b1_2=975.10
PAIR 3 default_1=759.11 hbshrink_b1_1=981.98 default_2=766.62 hbshrink_b1_2=977.97
PAIR 4 default_1=764.91 hbshrink_b1_1=984.16 default_2=767.20 hbshrink_b1_2=985.19
[sclk-post-bench] GPU[3]		: sclk clock level: 1: (2404Mhz)
default median=766.32 mean=764.79 stdev=3.43 n=10
hbshrink_b1 median=981.05 mean=980.49 stdev=6.18 n=10
Welch t (default vs hbshrink_b1) = 96.444  (positive = hbshrink_b1 faster)
DELTA_MEDIAN_PCT hbshrink_b1_vs_default = +28.021%
