[sclk-pre-preheat] GPU[3]		: sclk clock level: 1: (2409Mhz)
[preheat 30.0s] done 6140 iters
[sclk-post-preheat] GPU[3]		: sclk clock level: 1: (2161Mhz)
[tk_mxfp8_layouts] gemm_crr_pq_v2: shape (M=4096, N=1024, K=8192) is +10.24% to +10.83% faster on V2-RRR (R33 Dev C 70B KV SHIP, 4-GPU triangulated; min Δ% +10.24). Prefer gemm_rrr_pq_v2 with A row-major (M,K). See analysis/fp8_gemm/mi350x/r33c_findings.md.
CORRECTNESS_default snr_db=49.60 pass_rate_pct=100.00 det_ok=True
[tk_mxfp8_layouts] gemm_crr_pq_v2: shape (M=4096, N=1024, K=8192) is +10.24% to +10.83% faster on V2-RRR (R33 Dev C 70B KV SHIP, 4-GPU triangulated; min Δ% +10.24). Prefer gemm_rrr_pq_v2 with A row-major (M,K). See analysis/fp8_gemm/mi350x/r33c_findings.md.
CORRECTNESS_hbshrink_b1 snr_db=5.29 pass_rate_pct=99.98 det_ok=False
[sclk-pre-bench] GPU[3]		: sclk clock level: 1: (2404Mhz)
WARMUP 0 default=751.73 hbshrink_b1=1005.62 sclk=GPU[3]		: sclk clock level: 1: (2408Mhz)
WARMUP 1 default=750.13 hbshrink_b1=1008.67 sclk=GPU[3]		: sclk clock level: 1: (2407Mhz)
PAIR 0 default_1=747.07 hbshrink_b1_1=1000.75 default_2=765.76 hbshrink_b1_2=1009.55
PAIR 1 default_1=767.25 hbshrink_b1_1=1003.50 default_2=769.63 hbshrink_b1_2=1004.13
PAIR 2 default_1=768.23 hbshrink_b1_1=1008.90 default_2=769.07 hbshrink_b1_2=1005.82
PAIR 3 default_1=767.24 hbshrink_b1_1=998.17 default_2=768.55 hbshrink_b1_2=1002.22
PAIR 4 default_1=767.48 hbshrink_b1_1=1006.02 default_2=767.35 hbshrink_b1_2=1008.72
[sclk-post-bench] GPU[3]		: sclk clock level: 1: (2405Mhz)
default median=767.42 mean=765.76 stdev=6.66 n=10
hbshrink_b1 median=1004.98 mean=1004.78 stdev=3.75 n=10
Welch t (default vs hbshrink_b1) = 98.933  (positive = hbshrink_b1 faster)
DELTA_MEDIAN_PCT hbshrink_b1_vs_default = +30.956%
