########## BENCH PHASE — REGRESSION CELLS GPU7 ##########
===== BENCH cell=c0_70b_down GPU=7 (HIP=7) 4096x8192x28672 crr vs rrr =====
[sclk-pre-preheat] GPU[7]		: sclk clock level: 1: (2395Mhz)
[preheat 45.0s] done 10236 iters
[sclk-post-preheat] GPU[7]		: sclk clock level: 1: (2144Mhz)
[tk_mxfp8_layouts] gemm_crr_pq_v2: shape (M=4096, N=8192, K=28672) is +12.14% faster on V2-RRR (R32 Dev C SHIP, cross-GPU triangulated). Prefer gemm_rrr_pq_v2 with A row-major (M,K). See analysis/fp8_gemm/mi350x/r32c_findings.md.
CORRECTNESS_CRR snr_db=49.61 pass_rate_pct=100.00 det_ok=True
CORRECTNESS_RRR snr_db=49.60 pass_rate_pct=100.00 det_ok=True
[sclk-pre-bench] GPU[7]		: sclk clock level: 1: (2386Mhz)
WARMUP 0 RRR=1210.17 CRR=1149.52 sclk=GPU[7]		: sclk clock level: 1: (2370Mhz)
WARMUP 1 RRR=1294.60 CRR=2508.63 sclk=GPU[7]		: sclk clock level: 1: (2327Mhz)
PAIR 0 RRR_1=2829.71 CRR_1=2516.81 RRR_2=2848.75 CRR_2=2520.77
PAIR 1 RRR_1=2670.27 CRR_1=2364.18 RRR_2=2747.34 CRR_2=2533.34
PAIR 2 RRR_1=2836.06 CRR_1=2518.26 RRR_2=2838.04 CRR_2=2531.85
PAIR 3 RRR_1=2839.53 CRR_1=2527.34 RRR_2=2816.55 CRR_2=2539.28
PAIR 4 RRR_1=2842.14 CRR_1=2520.43 RRR_2=2822.03 CRR_2=2532.52
[sclk-post-bench] GPU[7]		: sclk clock level: 1: (2387Mhz)
CRR  median=2524.06 mean=2510.48 stdev=51.95 n=10
RRR  median=2832.88 mean=2809.04 stdev=56.66 n=10
Welch t (CRR vs RRR) = 12.283  (positive = RRR faster)
DELTA_MEDIAN_PCT RRR_vs_CRR = +12.235%
CRR_TFLOPS_LIST 2516.8055,2520.7696,2364.1830,2533.3439,2518.2648,2531.8510,2527.3440,2539.2796,2520.4293,2532.5198
RRR_TFLOPS_LIST 2829.7068,2848.7471,2670.2725,2747.3428,2836.0630,2838.0439,2839.5250,2816.5479,2842.1423,2822.0304
Saved /tmp/wt-r36-c/analysis/fp8_gemm/mi350x/r36c_c0_70b_down_crr_vs_rrr_gpu7.txt
===== BENCH cell=c1_70b_gateup GPU=7 (HIP=7) 4096x28672x8192 crr vs rrr =====
[sclk-pre-preheat] GPU[7]		: sclk clock level: 1: (2390Mhz)
[preheat 45.0s] done 10236 iters
[sclk-post-preheat] GPU[7]		: sclk clock level: 1: (2316Mhz)
[tk_mxfp8_layouts] gemm_crr_pq_v2: shape (M=4096, N=28672, K=8192) is +7.18% to +7.99% faster on V2-RRR (R33 Dev C 70B Gate/Up SHIP, 4-GPU triangulated; min Δ% +7.18). Prefer gemm_rrr_pq_v2 with A row-major (M,K). See analysis/fp8_gemm/mi350x/r33c_findings.md.
CORRECTNESS_CRR snr_db=49.59 pass_rate_pct=100.00 det_ok=True
CORRECTNESS_RRR snr_db=49.60 pass_rate_pct=100.00 det_ok=True
[sclk-pre-bench] GPU[7]		: sclk clock level: 1: (2374Mhz)
WARMUP 0 RRR=2538.28 CRR=2257.81 sclk=GPU[7]		: sclk clock level: 1: (2279Mhz)
WARMUP 1 RRR=2563.88 CRR=2387.26 sclk=GPU[7]		: sclk clock level: 1: (2281Mhz)
PAIR 0 RRR_1=2563.07 CRR_1=2379.26 RRR_2=2570.10 CRR_2=2379.05
PAIR 1 RRR_1=2561.08 CRR_1=2395.78 RRR_2=2577.07 CRR_2=2404.36
PAIR 2 RRR_1=2566.94 CRR_1=2388.44 RRR_2=2568.05 CRR_2=2403.60
PAIR 3 RRR_1=2434.31 CRR_1=2322.84 RRR_2=2570.10 CRR_2=2382.20
PAIR 4 RRR_1=2557.12 CRR_1=2279.17 RRR_2=2510.63 CRR_2=2393.23
[sclk-post-bench] GPU[7]		: sclk clock level: 1: (2282Mhz)
CRR  median=2385.32 mean=2372.79 stdev=40.23 n=10
RRR  median=2565.00 mean=2547.85 stdev=43.95 n=10
Welch t (CRR vs RRR) = 9.291  (positive = RRR faster)
DELTA_MEDIAN_PCT RRR_vs_CRR = +7.533%
CRR_TFLOPS_LIST 2379.2620,2379.0525,2395.7806,2404.3572,2388.4387,2403.5981,2322.8421,2382.2030,2279.1700,2393.2346
RRR_TFLOPS_LIST 2563.0710,2570.1020,2561.0815,2577.0717,2566.9360,2568.0491,2434.3116,2570.1043,2557.1201,2510.6312
Saved /tmp/wt-r36-c/analysis/fp8_gemm/mi350x/r36c_c1_70b_gateup_crr_vs_rrr_gpu7.txt
===== BENCH cell=c4_70b_kv GPU=7 (HIP=7) 4096x1024x8192 crr vs rrr =====
[sclk-pre-preheat] GPU[7]		: sclk clock level: 1: (219Mhz)
[preheat 45.0s] done 10236 iters
[sclk-post-preheat] GPU[7]		: sclk clock level: 1: (2097Mhz)
[tk_mxfp8_layouts] gemm_crr_pq_v2: shape (M=4096, N=1024, K=8192) is +10.24% to +10.83% faster on V2-RRR (R33 Dev C 70B KV SHIP, 4-GPU triangulated; min Δ% +10.24). Prefer gemm_rrr_pq_v2 with A row-major (M,K). See analysis/fp8_gemm/mi350x/r33c_findings.md.
CORRECTNESS_CRR snr_db=49.60 pass_rate_pct=100.00 det_ok=True
CORRECTNESS_RRR snr_db=49.60 pass_rate_pct=100.00 det_ok=True
[sclk-pre-bench] GPU[7]		: sclk clock level: 1: (2338Mhz)
WARMUP 0 RRR=862.73 CRR=794.06 sclk=GPU[7]		: sclk clock level: 1: (2380Mhz)
WARMUP 1 RRR=864.74 CRR=797.29 sclk=GPU[7]		: sclk clock level: 1: (2400Mhz)
PAIR 0 RRR_1=858.99 CRR_1=790.68 RRR_2=879.57 CRR_2=794.50
PAIR 1 RRR_1=879.54 CRR_1=791.87 RRR_2=877.33 CRR_2=796.30
PAIR 2 RRR_1=877.93 CRR_1=793.35 RRR_2=873.42 CRR_2=793.86
PAIR 3 RRR_1=879.26 CRR_1=795.51 RRR_2=881.43 CRR_2=795.32
PAIR 4 RRR_1=883.56 CRR_1=770.98 RRR_2=872.62 CRR_2=784.66
[sclk-post-bench] GPU[7]		: sclk clock level: 1: (2394Mhz)
CRR  median=793.61 mean=790.70 stdev=7.70 n=10
RRR  median=878.60 mean=876.37 stdev=6.94 n=10
Welch t (CRR vs RRR) = 26.121  (positive = RRR faster)
DELTA_MEDIAN_PCT RRR_vs_CRR = +10.709%
CRR_TFLOPS_LIST 790.6783,794.4959,791.8737,796.3005,793.3508,793.8639,795.5113,795.3198,770.9780,784.6619
RRR_TFLOPS_LIST 858.9937,879.5667,879.5400,877.3301,877.9309,873.4226,879.2609,881.4264,883.5575,872.6247
Saved /tmp/wt-r36-c/analysis/fp8_gemm/mi350x/r36c_c4_70b_kv_crr_vs_rrr_gpu7.txt
===== BENCH cell=c5_8b_gateup GPU=7 (HIP=7) 4096x14336x4096 crr vs rrr =====
[sclk-pre-preheat] GPU[7]		: sclk clock level: 1: (186Mhz)
[preheat 45.0s] done 10236 iters
[sclk-post-preheat] GPU[7]		: sclk clock level: 1: (2338Mhz)
[tk_mxfp8_layouts] gemm_crr_pq_v2: shape (M=4096, N=14336, K=4096) is +5.0% to +6.5% faster on V2-RRR (R34 Dev B 8B Gate/Up SHIP, 4-GPU triangulated; min Δ% +5.025, min Welch t +10.13). Prefer gemm_rrr_pq_v2 with A row-major (M,K). See analysis/fp8_gemm/mi350x/r34b_findings.md.
CORRECTNESS_CRR snr_db=49.61 pass_rate_pct=100.00 det_ok=True
CORRECTNESS_RRR snr_db=49.61 pass_rate_pct=100.00 det_ok=True
[sclk-pre-bench] GPU[7]		: sclk clock level: 1: (2369Mhz)
WARMUP 0 RRR=2344.19 CRR=2352.33 sclk=GPU[7]		: sclk clock level: 1: (2355Mhz)
WARMUP 1 RRR=2375.96 CRR=2365.61 sclk=GPU[7]		: sclk clock level: 1: (2338Mhz)
PAIR 0 RRR_1=2365.21 CRR_1=2366.21 RRR_2=2491.73 CRR_2=2358.60
PAIR 1 RRR_1=2486.53 CRR_1=2369.97 RRR_2=2298.48 CRR_2=2381.92
PAIR 2 RRR_1=2463.92 CRR_1=2373.37 RRR_2=2491.18 CRR_2=2348.15
PAIR 3 RRR_1=2506.13 CRR_1=2387.01 RRR_2=2476.99 CRR_2=2382.61
PAIR 4 RRR_1=2476.28 CRR_1=2372.63 RRR_2=2498.74 CRR_2=2358.16
[sclk-post-bench] GPU[7]		: sclk clock level: 1: (2289Mhz)
CRR  median=2371.30 mean=2369.86 stdev=12.34 n=10
RRR  median=2481.76 mean=2455.52 stdev=68.11 n=10
Welch t (CRR vs RRR) = 3.913  (positive = RRR faster)
DELTA_MEDIAN_PCT RRR_vs_CRR = +4.658%
CRR_TFLOPS_LIST 2366.2102,2358.5991,2369.9687,2381.9199,2373.3740,2348.1542,2387.0075,2382.6088,2372.6339,2358.1553
RRR_TFLOPS_LIST 2365.2052,2491.7315,2486.5277,2298.4809,2463.9173,2491.1843,2506.1345,2476.9914,2476.2763,2498.7416
Saved /tmp/wt-r36-c/analysis/fp8_gemm/mi350x/r36c_c5_8b_gateup_crr_vs_rrr_gpu7.txt
===== BENCH cell=c8_8b_kv GPU=7 (HIP=7) 4096x1024x4096 crr vs rrr =====
[sclk-pre-preheat] GPU[7]		: sclk clock level: 1: (407Mhz)
[preheat 45.0s] done 10236 iters
[sclk-post-preheat] GPU[7]		: sclk clock level: 1: (2222Mhz)
[tk_mxfp8_layouts] gemm_crr_pq_v2: shape (M=4096, N=1024, K=4096) is +8.13% to +8.63% faster on V2-RRR (R33 Dev C 8B KV SHIP, 4-GPU triangulated; min Δ% +8.13). Prefer gemm_rrr_pq_v2 with A row-major (M,K). See analysis/fp8_gemm/mi350x/r33c_findings.md.
CORRECTNESS_CRR snr_db=49.61 pass_rate_pct=100.00 det_ok=True
CORRECTNESS_RRR snr_db=49.60 pass_rate_pct=100.00 det_ok=True
[sclk-pre-bench] GPU[7]		: sclk clock level: 1: (2358Mhz)
WARMUP 0 RRR=696.52 CRR=664.43 sclk=GPU[7]		: sclk clock level: 1: (2387Mhz)
WARMUP 1 RRR=703.80 CRR=660.17 sclk=GPU[7]		: sclk clock level: 1: (2377Mhz)
PAIR 0 RRR_1=705.35 CRR_1=661.53 RRR_2=537.66 CRR_2=667.60
PAIR 1 RRR_1=720.66 CRR_1=664.89 RRR_2=712.61 CRR_2=664.05
PAIR 2 RRR_1=709.24 CRR_1=663.78 RRR_2=718.61 CRR_2=661.76
PAIR 3 RRR_1=721.13 CRR_1=664.55 RRR_2=720.37 CRR_2=665.43
PAIR 4 RRR_1=717.49 CRR_1=667.52 RRR_2=717.65 CRR_2=662.91
[sclk-post-bench] GPU[7]		: sclk clock level: 1: (2405Mhz)
CRR  median=664.30 mean=664.40 stdev=2.09 n=10
RRR  median=717.57 mean=698.08 stdev=56.61 n=10
Welch t (CRR vs RRR) = 1.880  (positive = RRR faster)
DELTA_MEDIAN_PCT RRR_vs_CRR = +8.020%
CRR_TFLOPS_LIST 661.5318,667.5989,664.8909,664.0471,663.7813,661.7561,664.5509,665.4252,667.5161,662.9085
RRR_TFLOPS_LIST 705.3470,537.6621,720.6611,712.6137,709.2367,718.6113,721.1333,720.3710,717.4946,717.6507
Saved /tmp/wt-r36-c/analysis/fp8_gemm/mi350x/r36c_c8_8b_kv_crr_vs_rrr_gpu7.txt
ALL R36C TASKS DONE FOR PHASE=bench-regression GPU7
