########## BENCH PHASE — TARGET CELLS GPU4 ##########
===== BENCH cell=c_qo_8b GPU=4 (HIP=4) 4096x4096x4096 crr vs rcr =====
[sclk-pre-preheat] GPU[4]		: sclk clock level: 1: (163Mhz)
[preheat 45.0s] done 9212 iters
[sclk-post-preheat] GPU[4]		: sclk clock level: 1: (2293Mhz)
[tk_mxfp8_layouts] gemm_crr_pq_v2: shape (M=4096, N=4096, K=4096) is +5.83% to +7.05% faster on V2-RCR (R35 Dev D 8B Q/O matrix; R36 Dev C autotune wire-in, cross-GPU triangulated). Prefer gemm_rcr_pq_v2 with A row-major (M,K) and B row-major (N,K). See analysis/fp8_gemm/mi350x/r36c_findings.md.
CORRECTNESS_CRR snr_db=49.61 pass_rate_pct=100.00 det_ok=True
CORRECTNESS_RCR snr_db=49.61 pass_rate_pct=100.00 det_ok=True
[sclk-pre-bench] GPU[4]		: sclk clock level: 1: (2335Mhz)
WARMUP 0 RCR=2054.64 CRR=2090.85 sclk=GPU[4]		: sclk clock level: 1: (2354Mhz)
WARMUP 1 RCR=2113.38 CRR=2125.38 sclk=GPU[4]		: sclk clock level: 1: (2359Mhz)
PAIR 0 RCR_1=2038.79 CRR_1=2121.53 RCR_2=2268.63 CRR_2=2176.71
PAIR 1 RCR_1=2016.63 CRR_1=2214.65 RCR_2=2383.85 CRR_2=2237.34
PAIR 2 RCR_1=2415.52 CRR_1=2251.56 RCR_2=2410.27 CRR_2=2253.18
PAIR 3 RCR_1=2378.31 CRR_1=2231.62 RCR_2=2413.01 CRR_2=2242.28
PAIR 4 RCR_1=2408.68 CRR_1=2230.54 RCR_2=2395.86 CRR_2=2244.42
[sclk-post-bench] GPU[4]		: sclk clock level: 1: (2329Mhz)
CRR  median=2234.48 mean=2220.38 stdev=41.28 n=10
RCR  median=2389.85 mean=2312.96 stdev=156.45 n=10
Welch t (CRR vs RCR) = 1.809  (positive = RCR faster)
DELTA_MEDIAN_PCT RCR_vs_CRR = +6.953%
CRR_TFLOPS_LIST 2121.5320,2176.7080,2214.6548,2237.3365,2251.5614,2253.1811,2231.6235,2242.2846,2230.5385,2244.4231
RCR_TFLOPS_LIST 2038.7882,2268.6291,2016.6302,2383.8498,2415.5246,2410.2718,2378.3065,2413.0140,2408.6836,2395.8552
Saved /tmp/wt-r36-c/analysis/fp8_gemm/mi350x/r36c_c_qo_8b_crr_vs_rcr_gpu4.txt
===== BENCH cell=c_qo_70b GPU=4 (HIP=4) 4096x8192x8192 crr vs rcr =====
[sclk-pre-preheat] GPU[4]		: sclk clock level: 1: (157Mhz)
[preheat 45.0s] done 7164 iters
[sclk-post-preheat] GPU[4]		: sclk clock level: 1: (1706Mhz)
[tk_mxfp8_layouts] gemm_crr_pq_v2: shape (M=4096, N=8192, K=8192) is +8.20% to +8.32% faster on V2-RCR (R35 Dev D 70B Q/O matrix; R36 Dev C autotune wire-in, cross-GPU triangulated). Prefer gemm_rcr_pq_v2 with A row-major (M,K) and B row-major (N,K). See analysis/fp8_gemm/mi350x/r36c_findings.md.
CORRECTNESS_CRR snr_db=49.59 pass_rate_pct=100.00 det_ok=True
CORRECTNESS_RCR snr_db=49.60 pass_rate_pct=100.00 det_ok=True
[sclk-pre-bench] GPU[4]		: sclk clock level: 1: (1711Mhz)
WARMUP 0 RCR=38.00 CRR=31.50 sclk=GPU[4]		: sclk clock level: 1: (1590Mhz)
WARMUP 1 RCR=36.95 CRR=37.87 sclk=GPU[4]		: sclk clock level: 1: (1673Mhz)
PAIR 0 RCR_1=37.77 CRR_1=34.07 RCR_2=42.61 CRR_2=32.98
PAIR 1 RCR_1=28.42 CRR_1=31.13 RCR_2=30.21 CRR_2=24.17
PAIR 2 RCR_1=27.47 CRR_1=30.23 RCR_2=25.36 CRR_2=41.47
PAIR 3 RCR_1=31.91 CRR_1=29.91 RCR_2=33.87 CRR_2=31.29
PAIR 4 RCR_1=24.86 CRR_1=27.50 RCR_2=31.35 CRR_2=32.33
[sclk-post-bench] GPU[4]		: sclk clock level: 1: (1697Mhz)
CRR  median=31.21 mean=31.51 stdev=4.51 n=10
RCR  median=30.78 mean=31.38 stdev=5.55 n=10
Welch t (CRR vs RCR) = -0.055  (positive = RCR faster)
DELTA_MEDIAN_PCT RCR_vs_CRR = -1.381%
CRR_TFLOPS_LIST 34.0715,32.9805,31.1299,24.1709,30.2291,41.4663,29.9103,31.2941,27.4956,32.3274
RCR_TFLOPS_LIST 37.7687,42.6120,28.4218,30.2132,27.4745,25.3649,31.9093,33.8708,24.8566,31.3487
Saved /tmp/wt-r36-c/analysis/fp8_gemm/mi350x/r36c_c_qo_70b_crr_vs_rcr_gpu4.txt
ALL R36C TASKS DONE FOR PHASE=bench-target GPU4
