R37 fixB Correctness-Gated Bench - GPUs: [0, 1, 2, 3, 4, 5, 6, 7]
Shapes: 42, warmup=200, iters=500, trim=0.1, gate kernel_finite>=0.995
==============================================================================================================
  [ 1/42]  16384x  4096x  2048  WRONG_OUTPUT  finite=0.6372  GPU0
  [ 3/42]  16384x  6144x  2048   3436.2 vs  3047.6 (112.8%) finite=0.9996  WIN  GPU2
  [ 5/42]  32768x  4096x  3072  WRONG_OUTPUT  finite=0.9932  GPU4
  [ 7/42]  16384x 14336x  2048  WRONG_OUTPUT  finite=0.9944  GPU6
  [ 9/42]  32768x 14336x  2048  WRONG_OUTPUT  finite=0.9912  GPU0
  [15/42]   4096x  4096x 32768  WRONG_OUTPUT  finite=0.7445  GPU6
  [11/42]   4096x  4096x 16384   4983.0 vs  4642.1 (107.3%) finite=0.9991  WIN  GPU2
  [13/42]   6144x  4096x 16384   4625.5 vs  4428.1 (104.5%) finite=0.9995  WIN  GPU4
  [ 8/42]  16384x 28672x  2048  CRASH  finite=N/A  GPU7
  [23/42]   4096x 32768x128256  WRONG_OUTPUT  finite=0.7613  GPU6
  [17/42]   4096x 14336x  8192   4785.6 vs  4345.8 (110.1%) finite=0.9987  WIN  GPU0
  [19/42]   4096x 32768x  4096  WRONG_OUTPUT  finite=0.9913  GPU2
  [21/42]   4096x 32768x 14336  WRONG_OUTPUT  finite=0.9883  GPU4
  [16/42]   4096x  6144x 32768  WRONG_OUTPUT  finite=0.6623  GPU7
  [ 2/42]  16384x  4096x  3072  CRASH  finite=N/A  GPU1
  [25/42]   6144x  4096x  8192   4287.6 vs  3822.0 (112.2%) finite=0.9993  WIN  GPU0
  [31/42]  16384x  4096x  7168   5063.3 vs  4443.2 (114.0%) finite=0.9995  WIN  GPU6
  [27/42]  14336x  4096x 32768  WRONG_OUTPUT  finite=0.6603  GPU2
  [24/42]   4096x128256x 32768  WRONG_OUTPUT  finite=0.6357  GPU7
  [29/42]  16384x  4096x  4096   4561.2 vs  3951.8 (115.4%) finite=0.9951  WIN  GPU4
  [35/42]  16384x 14336x  4096  WRONG_OUTPUT  finite=0.9929  GPU2
  [33/42]  16384x  4096x 28672  WRONG_OUTPUT  finite=0.6709  GPU0
  [32/42]  16384x  4096x 14336  WRONG_OUTPUT  finite=0.9789  GPU7
  [37/42]  28672x  4096x  8192   5243.3 vs  4810.0 (109.0%) finite=0.9955  WIN  GPU4
  [41/42]  32768x  4096x 14336  WRONG_OUTPUT  finite=0.9896  GPU0
  [40/42]  32768x  4096x  7168   5159.7 vs  4666.8 (110.6%) finite=0.9964  WIN  GPU7
  [ 4/42]  32768x  4096x  2048  CRASH  finite=N/A  GPU3
  [12/42]   4096x 14336x 16384   5249.4 vs  5013.0 (104.7%) finite=0.9964  WIN  GPU3
  [10/42]  32768x 28672x  2048  CRASH  finite=N/A  GPU1
  [39/42]  28672x 32768x  4096  CRASH  finite=N/A  GPU6
  [18/42]   4096x 28672x 32768  WRONG_OUTPUT  finite=0.6216  GPU1
  [26/42]   6144x 32768x  4096  WRONG_OUTPUT  finite=0.9903  GPU1
  [34/42]  16384x  6144x  4096   4768.1 vs  4042.5 (117.9%) finite=0.9955  WIN  GPU1
  [ 6/42]  32768x  6144x  2048  CRASH  finite=N/A  GPU5
  [14/42]   4096x  4096x  8192   4371.6 vs  3959.9 (110.4%) finite=1.0000  WIN  GPU5
  [22/42]   4096x 32768x 28672  WRONG_OUTPUT  finite=0.6145  GPU5
  [30/42]  16384x  4096x  6144   4926.9 vs  4259.9 (115.7%) finite=0.9995  WIN  GPU5
  [38/42]  28672x  4096x 16384   5770.0 vs  5350.6 (107.8%) finite=0.9983  WIN  GPU5
  [20/42]   4096x 32768x  6144  CRASH  finite=N/A  GPU3
  [28/42]  14336x 32768x  4096  CRASH  finite=N/A  GPU3
  [36/42]  16384x 28672x  4096  WRONG_OUTPUT  finite=0.9753  GPU3
  [42/42] 128256x 32768x  4096  CRASH  finite=N/A  GPU1

==============================================================================================================
WIN: 14/42  LOSE: 0/42  WRONG_OUTPUT: 19/42  ERR: 9/42  (4.5 min)

Results saved to /shared_nfs/kyle/test/HipKittens/analysis/fp8_gemm/mi350x/bench_all42_results_R37_fixB.json
