[sclk-pre-preheat] GPU[1]		: sclk clock level: 1: (1713Mhz)
[preheat 30.0s] done 6140 iters
[sclk-post-preheat] GPU[1]		: sclk clock level: 1: (1697Mhz)
[tk_mxfp8_layouts] gemm_crr_pq_v2: shape (M=4096, N=1024, K=4096) is +8.13% to +8.63% faster on V2-RRR (R33 Dev C 8B KV SHIP, 4-GPU triangulated; min Δ% +8.13). Prefer gemm_rrr_pq_v2 with A row-major (M,K). See analysis/fp8_gemm/mi350x/r33c_findings.md.
CORRECTNESS_default snr_db=49.61 pass_rate_pct=100.00 det_ok=False
[tk_mxfp8_layouts] gemm_crr_pq_v2: shape (M=4096, N=1024, K=4096) is +8.13% to +8.63% faster on V2-RRR (R33 Dev C 8B KV SHIP, 4-GPU triangulated; min Δ% +8.13). Prefer gemm_rrr_pq_v2 with A row-major (M,K). See analysis/fp8_gemm/mi350x/r33c_findings.md.
CORRECTNESS_hbshrink_b1 snr_db=49.61 pass_rate_pct=100.00 det_ok=True
[sclk-pre-bench] GPU[1]		: sclk clock level: 1: (1691Mhz)
WARMUP 0 default=56.14 hbshrink_b1=33.18 sclk=GPU[1]		: sclk clock level: 1: (1723Mhz)
WARMUP 1 default=29.50 hbshrink_b1=33.92 sclk=GPU[1]		: sclk clock level: 1: (1717Mhz)
WARMUP 2 default=37.81 hbshrink_b1=46.39 sclk=GPU[1]		: sclk clock level: 1: (1710Mhz)
PAIR 0 default_1=55.45 hbshrink_b1_1=103.46 default_2=161.84 hbshrink_b1_2=26.37
PAIR 1 default_1=100.05 hbshrink_b1_1=44.44 default_2=55.26 hbshrink_b1_2=46.34
PAIR 2 default_1=164.95 hbshrink_b1_1=46.16 default_2=99.11 hbshrink_b1_2=56.61
PAIR 3 default_1=165.27 hbshrink_b1_1=26.43 default_2=164.42 hbshrink_b1_2=38.62
PAIR 4 default_1=71.34 hbshrink_b1_1=103.69 default_2=164.26 hbshrink_b1_2=56.84
[sclk-post-bench] GPU[1]		: sclk clock level: 1: (1698Mhz)
default median=130.94 mean=120.20 stdev=48.66 n=10
hbshrink_b1 median=46.25 mean=54.90 stdev=27.68 n=10
Welch t (default vs hbshrink_b1) = -3.689  (positive = hbshrink_b1 faster)
DELTA_MEDIAN_PCT hbshrink_b1_vs_default = -64.680%
