[sclk-pre-preheat] GPU[1]		: sclk clock level: 1: (170Mhz)
[preheat 30.0s] done 7164 iters
[sclk-post-preheat] GPU[1]		: sclk clock level: 1: (2173Mhz)
[tk_mxfp8_layouts] gemm_crr_pq_v2: shape (M=4096, N=14336, K=4096) is +5.0% to +6.5% faster on V2-RRR (R34 Dev B 8B Gate/Up SHIP, 4-GPU triangulated; min Δ% +5.025, min Welch t +10.13). Prefer gemm_rrr_pq_v2 with A row-major (M,K). See analysis/fp8_gemm/mi350x/r34b_findings.md.
CORRECTNESS_default snr_db=49.61 pass_rate_pct=100.00 det_ok=True
[tk_mxfp8_layouts] gemm_crr_pq_v2: shape (M=4096, N=14336, K=4096) is +5.0% to +6.5% faster on V2-RRR (R34 Dev B 8B Gate/Up SHIP, 4-GPU triangulated; min Δ% +5.025, min Welch t +10.13). Prefer gemm_rrr_pq_v2 with A row-major (M,K). See analysis/fp8_gemm/mi350x/r34b_findings.md.
CORRECTNESS_hbshrink_b1 snr_db=49.61 pass_rate_pct=100.00 det_ok=True
[sclk-pre-bench] GPU[1]		: sclk clock level: 1: (2337Mhz)
WARMUP 0 default=2254.16 hbshrink_b1=1944.58 sclk=GPU[1]		: sclk clock level: 1: (2359Mhz)
WARMUP 1 default=2240.49 hbshrink_b1=1949.03 sclk=GPU[1]		: sclk clock level: 1: (2350Mhz)
WARMUP 2 default=2060.43 hbshrink_b1=1852.02 sclk=GPU[1]		: sclk clock level: 1: (2324Mhz)
PAIR 0 default_1=2221.69 hbshrink_b1_1=1911.07 default_2=2385.42 hbshrink_b1_2=1946.63
PAIR 1 default_1=2380.23 hbshrink_b1_1=1958.35 default_2=2382.63 hbshrink_b1_2=1979.52
PAIR 2 default_1=2383.04 hbshrink_b1_1=1973.97 default_2=2378.63 hbshrink_b1_2=1983.37
PAIR 3 default_1=2380.69 hbshrink_b1_1=1975.48 default_2=2381.30 hbshrink_b1_2=1974.24
PAIR 4 default_1=2387.91 hbshrink_b1_1=1972.52 default_2=2390.89 hbshrink_b1_2=1987.19
[sclk-post-bench] GPU[1]		: sclk clock level: 1: (2328Mhz)
default median=2381.96 mean=2367.24 stdev=51.28 n=10
hbshrink_b1 median=1974.11 mean=1966.23 stdev=22.73 n=10
Welch t (default vs hbshrink_b1) = -22.609  (positive = hbshrink_b1 faster)
DELTA_MEDIAN_PCT hbshrink_b1_vs_default = -17.123%
