[sclk-pre-preheat] GPU[1]		: sclk clock level: 1: (1725Mhz)
[preheat 30.0s] done 6140 iters
[sclk-post-preheat] GPU[1]		: sclk clock level: 1: (2089Mhz)
[tk_mxfp8_layouts] gemm_crr_pq_v2: shape (M=4096, N=1024, K=4096) is +8.13% to +8.63% faster on V2-RRR (R33 Dev C 8B KV SHIP, 4-GPU triangulated; min Δ% +8.13). Prefer gemm_rrr_pq_v2 with A row-major (M,K). See analysis/fp8_gemm/mi350x/r33c_findings.md.
CORRECTNESS_default snr_db=49.61 pass_rate_pct=100.00 det_ok=True
[tk_mxfp8_layouts] gemm_crr_pq_v2: shape (M=4096, N=1024, K=4096) is +8.13% to +8.63% faster on V2-RRR (R33 Dev C 8B KV SHIP, 4-GPU triangulated; min Δ% +8.13). Prefer gemm_rrr_pq_v2 with A row-major (M,K). See analysis/fp8_gemm/mi350x/r33c_findings.md.
CORRECTNESS_hbshrink_b1 snr_db=49.61 pass_rate_pct=100.00 det_ok=True
[sclk-pre-bench] GPU[1]		: sclk clock level: 1: (2328Mhz)
WARMUP 0 default=634.31 hbshrink_b1=822.06 sclk=GPU[1]		: sclk clock level: 1: (2365Mhz)
WARMUP 1 default=646.92 hbshrink_b1=807.38 sclk=GPU[1]		: sclk clock level: 1: (2379Mhz)
PAIR 0 default_1=648.55 hbshrink_b1_1=835.60 default_2=661.99 hbshrink_b1_2=834.24
PAIR 1 default_1=663.09 hbshrink_b1_1=833.77 default_2=664.75 hbshrink_b1_2=817.15
PAIR 2 default_1=666.69 hbshrink_b1_1=835.03 default_2=664.80 hbshrink_b1_2=825.68
PAIR 3 default_1=656.33 hbshrink_b1_1=813.85 default_2=664.41 hbshrink_b1_2=830.93
PAIR 4 default_1=668.05 hbshrink_b1_1=827.84 default_2=661.13 hbshrink_b1_2=823.35
[sclk-post-bench] GPU[1]		: sclk clock level: 1: (2387Mhz)
default median=663.75 mean=661.98 stdev=5.72 n=10
hbshrink_b1 median=829.39 mean=827.74 stdev=7.69 n=10
Welch t (default vs hbshrink_b1) = 54.679  (positive = hbshrink_b1 faster)
DELTA_MEDIAN_PCT hbshrink_b1_vs_default = +24.955%
