[sclk-pre-preheat] GPU[5]		: sclk clock level: 1: (1719Mhz)
[preheat 30.0s] done 5116 iters
[sclk-post-preheat] GPU[5]		: sclk clock level: 1: (1839Mhz)
[tk_mxfp8_layouts] gemm_crr_pq_v2: shape (M=4096, N=28672, K=8192) is +7.18% to +7.99% faster on V2-RRR (R33 Dev C 70B Gate/Up SHIP, 4-GPU triangulated; min Δ% +7.18). Prefer gemm_rrr_pq_v2 with A row-major (M,K). See analysis/fp8_gemm/mi350x/r33c_findings.md.
CORRECTNESS_default snr_db=49.59 pass_rate_pct=100.00 det_ok=True
[tk_mxfp8_layouts] gemm_crr_pq_v2: shape (M=4096, N=28672, K=8192) is +7.18% to +7.99% faster on V2-RRR (R33 Dev C 70B Gate/Up SHIP, 4-GPU triangulated; min Δ% +7.18). Prefer gemm_rrr_pq_v2 with A row-major (M,K). See analysis/fp8_gemm/mi350x/r33c_findings.md.
CORRECTNESS_hbshrink_b1 snr_db=49.59 pass_rate_pct=100.00 det_ok=True
[sclk-pre-bench] GPU[5]		: sclk clock level: 1: (1985Mhz)
WARMUP 0 default=1507.87 hbshrink_b1=955.48 sclk=GPU[5]		: sclk clock level: 1: (1987Mhz)
WARMUP 1 default=1509.64 hbshrink_b1=942.41 sclk=GPU[5]		: sclk clock level: 1: (1982Mhz)
PAIR 0 default_1=1487.89 hbshrink_b1_1=953.17 default_2=1423.32 hbshrink_b1_2=937.64
PAIR 1 default_1=1512.96 hbshrink_b1_1=60.90 default_2=107.20 hbshrink_b1_2=47.33
PAIR 2 default_1=83.65 hbshrink_b1_1=54.25 default_2=87.63 hbshrink_b1_2=54.88
PAIR 3 default_1=156.89 hbshrink_b1_1=77.80 default_2=116.11 hbshrink_b1_2=26.85
PAIR 4 default_1=55.79 hbshrink_b1_1=32.38 default_2=862.30 hbshrink_b1_2=675.22
[sclk-post-bench] GPU[5]		: sclk clock level: 1: (1996Mhz)
default median=136.50 mean=589.37 stdev=655.41 n=10
hbshrink_b1 median=57.89 mean=292.04 stdev=395.88 n=10
Welch t (default vs hbshrink_b1) = -1.228  (positive = hbshrink_b1 faster)
DELTA_MEDIAN_PCT hbshrink_b1_vs_default = -57.589%
