[sclk-pre-preheat] GPU[2]		: sclk clock level: 1: (1919Mhz)
[preheat 30.0s] done 8188 iters
[sclk-post-preheat] GPU[2]		: sclk clock level: 1: (1801Mhz)
[tk_mxfp8_layouts] gemm_crr_pq_v2: shape (M=4096, N=1024, K=8192) is +10.24% to +10.83% faster on V2-RRR (R33 Dev C 70B KV SHIP, 4-GPU triangulated; min Δ% +10.24). Prefer gemm_rrr_pq_v2 with A row-major (M,K). See analysis/fp8_gemm/mi350x/r33c_findings.md.
CORRECTNESS_default snr_db=49.60 pass_rate_pct=100.00 det_ok=True
[tk_mxfp8_layouts] gemm_crr_pq_v2: shape (M=4096, N=1024, K=8192) is +10.24% to +10.83% faster on V2-RRR (R33 Dev C 70B KV SHIP, 4-GPU triangulated; min Δ% +10.24). Prefer gemm_rrr_pq_v2 with A row-major (M,K). See analysis/fp8_gemm/mi350x/r33c_findings.md.
CORRECTNESS_hbshrink_b3v2 snr_db=49.60 pass_rate_pct=100.00 det_ok=True
[sclk-pre-bench] GPU[2]		: sclk clock level: 1: (1830Mhz)
WARMUP 0 default=450.33 hbshrink_b3v2=417.72 sclk=GPU[2]		: sclk clock level: 1: (1883Mhz)
WARMUP 1 default=470.14 hbshrink_b3v2=415.12 sclk=GPU[2]		: sclk clock level: 1: (2022Mhz)
PAIR 0 default_1=757.15 hbshrink_b3v2_1=628.05 default_2=766.14 hbshrink_b3v2_2=628.51
PAIR 1 default_1=764.31 hbshrink_b3v2_1=628.52 default_2=762.54 hbshrink_b3v2_2=627.50
PAIR 2 default_1=765.08 hbshrink_b3v2_1=627.03 default_2=766.57 hbshrink_b3v2_2=628.90
PAIR 3 default_1=759.59 hbshrink_b3v2_1=629.12 default_2=762.90 hbshrink_b3v2_2=627.54
PAIR 4 default_1=761.09 hbshrink_b3v2_1=624.52 default_2=765.66 hbshrink_b3v2_2=628.21
[sclk-post-bench] GPU[2]		: sclk clock level: 1: (2384Mhz)
default median=763.60 mean=763.10 stdev=3.08 n=10
hbshrink_b3v2 median=628.13 mean=627.79 stdev=1.32 n=10
Welch t (default vs hbshrink_b3v2) = -127.705  (positive = hbshrink_b3v2 faster)
DELTA_MEDIAN_PCT hbshrink_b3v2_vs_default = -17.741%
