[sclk-pre-preheat] GPU[0]		: sclk clock level: 1: (158Mhz)
[preheat 30.0s] done 8188 iters
[sclk-post-preheat] GPU[0]		: sclk clock level: 1: (2197Mhz)
[tk_mxfp8_layouts] gemm_crr_pq_v2: shape (M=4096, N=28672, K=8192) is +7.18% to +7.99% faster on V2-RRR (R33 Dev C 70B Gate/Up SHIP, 4-GPU triangulated; min Δ% +7.18). Prefer gemm_rrr_pq_v2 with A row-major (M,K). See analysis/fp8_gemm/mi350x/r33c_findings.md.
CORRECTNESS_default snr_db=49.59 pass_rate_pct=100.00 det_ok=True
[tk_mxfp8_layouts] gemm_crr_pq_v2: shape (M=4096, N=28672, K=8192) is +7.18% to +7.99% faster on V2-RRR (R33 Dev C 70B Gate/Up SHIP, 4-GPU triangulated; min Δ% +7.18). Prefer gemm_rrr_pq_v2 with A row-major (M,K). See analysis/fp8_gemm/mi350x/r33c_findings.md.
CORRECTNESS_hbshrink_b1 snr_db=49.59 pass_rate_pct=100.00 det_ok=True
[sclk-pre-bench] GPU[0]		: sclk clock level: 1: (2322Mhz)
WARMUP 0 default=2385.81 hbshrink_b1=1720.79 sclk=GPU[0]		: sclk clock level: 1: (2364Mhz)
WARMUP 1 default=2371.17 hbshrink_b1=1718.85 sclk=GPU[0]		: sclk clock level: 1: (2351Mhz)
PAIR 0 default_1=2397.97 hbshrink_b1_1=1722.64 default_2=2411.24 hbshrink_b1_2=1716.85
PAIR 1 default_1=2398.08 hbshrink_b1_1=1695.11 default_2=2388.95 hbshrink_b1_2=1718.76
PAIR 2 default_1=2409.19 hbshrink_b1_1=1720.25 default_2=2389.82 hbshrink_b1_2=1721.46
PAIR 3 default_1=2400.52 hbshrink_b1_1=1720.99 default_2=2424.49 hbshrink_b1_2=1724.47
PAIR 4 default_1=2276.12 hbshrink_b1_1=1674.68 default_2=1363.52 hbshrink_b1_2=665.74
[sclk-post-bench] GPU[0]		: sclk clock level: 1: (1993Mhz)
default median=2398.02 mean=2285.99 stdev=326.72 n=10
hbshrink_b1 median=1719.51 mean=1608.09 stdev=331.49 n=10
Welch t (default vs hbshrink_b1) = -4.606  (positive = hbshrink_b1 faster)
DELTA_MEDIAN_PCT hbshrink_b1_vs_default = -28.295%
