R38A optA Correctness-Gated Bench - GPUs: [0, 1, 2, 3, 4, 5, 6, 7]
Shapes: 42, warmup=200, iters=500, trim=0.1, gate kernel_finite>=0.995
==============================================================================================================
  [ 3/42]  16384x  6144x  2048  WRONG_OUTPUT  finite=0.9782  GPU2
  [ 1/42]  16384x  4096x  2048  WRONG_OUTPUT  finite=0.9865  GPU0
  [ 5/42]  32768x  4096x  3072  WRONG_OUTPUT  finite=0.8789  GPU4
  [ 7/42]  16384x 14336x  2048  WRONG_OUTPUT  finite=0.9699  GPU6
  [ 2/42]  16384x  4096x  3072  WRONG_OUTPUT  finite=0.9861  GPU1
  [ 4/42]  32768x  4096x  2048  WRONG_OUTPUT  finite=0.9622  GPU3
  [15/42]   4096x  4096x 32768  WRONG_OUTPUT  finite=0.6429  GPU6
  [13/42]   6144x  4096x 16384  WRONG_OUTPUT  finite=0.6452  GPU4
  [ 9/42]  32768x 14336x  2048  WRONG_OUTPUT  finite=0.9654  GPU0
  [12/42]   4096x 14336x 16384  WRONG_OUTPUT  finite=0.6066  GPU3
  [11/42]   4096x  4096x 16384  WRONG_OUTPUT  finite=0.6418  GPU2
  [ 6/42]  32768x  6144x  2048  CRASH  finite=N/A  GPU5
  [20/42]   4096x 32768x  6144  WRONG_OUTPUT  finite=0.9271  GPU3
  [23/42]   4096x 32768x128256  WRONG_OUTPUT  finite=0.2871  GPU6
  [17/42]   4096x 14336x  8192  WRONG_OUTPUT  finite=0.9643  GPU0
  [19/42]   4096x 32768x  4096  WRONG_OUTPUT  finite=0.9104  GPU2
  [21/42]   4096x 32768x 14336  WRONG_OUTPUT  finite=0.7629  GPU4
  [14/42]   4096x  4096x  8192  WRONG_OUTPUT  finite=0.9864  GPU5
  [25/42]   6144x  4096x  8192  WRONG_OUTPUT  finite=0.9851  GPU0
  [27/42]  14336x  4096x 32768  WRONG_OUTPUT  finite=0.6141  GPU2
  [22/42]   4096x 32768x 28672  WRONG_OUTPUT  finite=0.5268  GPU5
  [29/42]  16384x  4096x  4096  WRONG_OUTPUT  finite=0.9609  GPU4
  [31/42]  16384x  4096x  7168  WRONG_OUTPUT  finite=0.9873  GPU6
  [10/42]  32768x 28672x  2048  CRASH  finite=N/A  GPU1
  [30/42]  16384x  4096x  6144  WRONG_OUTPUT  finite=0.9864  GPU5
  [ 8/42]  16384x 28672x  2048  CRASH  finite=N/A  GPU7
  [35/42]  16384x 14336x  4096  WRONG_OUTPUT  finite=0.9159  GPU2
  [33/42]  16384x  4096x 28672  WRONG_OUTPUT  finite=0.6185  GPU0
  [37/42]  28672x  4096x  8192  WRONG_OUTPUT  finite=0.9489  GPU4
  [18/42]   4096x 28672x 32768  WRONG_OUTPUT  finite=0.5301  GPU1
  [16/42]   4096x  6144x 32768  WRONG_OUTPUT  finite=0.6146  GPU7
  [38/42]  28672x  4096x 16384  WRONG_OUTPUT  finite=0.6208  GPU5
  [41/42]  32768x  4096x 14336  WRONG_OUTPUT  finite=0.9788  GPU0
  [24/42]   4096x128256x 32768  WRONG_OUTPUT  finite=0.5766  GPU7
  [26/42]   6144x 32768x  4096  WRONG_OUTPUT  finite=0.9381  GPU1
  [28/42]  14336x 32768x  4096  CRASH  finite=N/A  GPU3
  [32/42]  16384x  4096x 14336  WRONG_OUTPUT  finite=0.9563  GPU7
  [34/42]  16384x  6144x  4096  WRONG_OUTPUT  finite=0.9437  GPU1
  [36/42]  16384x 28672x  4096  WRONG_OUTPUT  finite=0.9219  GPU3
  [40/42]  32768x  4096x  7168  WRONG_OUTPUT  finite=0.9731  GPU7
  [39/42]  28672x 32768x  4096  CRASH  finite=N/A  GPU6
  [42/42] 128256x 32768x  4096  CRASH  finite=N/A  GPU1

==============================================================================================================
WIN: 0/42  LOSE: 0/42  WRONG_OUTPUT: 36/42  ERR: 6/42  (3.9 min)

Results saved to /shared_nfs/kyle/test/HipKittens/analysis/fp8_gemm/mi350x/bench_all42_results_R38_optA.json
