W20260418 15:12:18.753770 140692287868928 agent.cpp:461] Attempt to enable hip visiblity for agent-2 which is not visible to HSA (ROCR)
[sclk-pre-preheat] GPU[1]		: sclk clock level: 1: (158Mhz)
[preheat 30.0s] done 8188 iters
[sclk-post-preheat] GPU[1]		: sclk clock level: 1: (2280Mhz)
[tk_mxfp8_layouts] gemm_crr_pq_v2: shape (M=4096, N=28672, K=8192) is +7.18% to +7.99% faster on V2-RRR (R33 Dev C 70B Gate/Up SHIP, 4-GPU triangulated; min Δ% +7.18). Prefer gemm_rrr_pq_v2 with A row-major (M,K). See analysis/fp8_gemm/mi350x/r33c_findings.md.
CORRECTNESS_default snr_db=49.59 pass_rate_pct=100.00 det_ok=True
[tk_mxfp8_layouts] gemm_crr_pq_v2: shape (M=4096, N=28672, K=8192) is +7.18% to +7.99% faster on V2-RRR (R33 Dev C 70B Gate/Up SHIP, 4-GPU triangulated; min Δ% +7.18). Prefer gemm_rrr_pq_v2 with A row-major (M,K). See analysis/fp8_gemm/mi350x/r33c_findings.md.
[tk_mxfp8_layouts] gemm_crr_pq_v2: HB-N shrink (BLK_N=128) ACTIVE for shape m=4096 n=28672 k=8192 (R38 Dev B prototype).
CORRECTNESS_hbnshrink_b1 snr_db=-23.08 pass_rate_pct=96.38 det_ok=False
[sclk-pre-bench] GPU[1]		: sclk clock level: 1: (2360Mhz)
WARMUP 0 default=2355.40 hbnshrink_b1=1733.17 sclk=GPU[1]		: sclk clock level: 1: (2365Mhz)
WARMUP 1 default=2362.63 hbnshrink_b1=1735.57 sclk=GPU[1]		: sclk clock level: 1: (2368Mhz)
PAIR 0 default_1=2364.34 hbnshrink_b1_1=1734.12 default_2=2356.76 hbnshrink_b1_2=1731.05
PAIR 1 default_1=2357.84 hbnshrink_b1_1=1731.25 default_2=2362.74 hbnshrink_b1_2=1655.68
PAIR 2 default_1=2347.45 hbnshrink_b1_1=1734.60 default_2=2367.79 hbnshrink_b1_2=1727.44
PAIR 3 default_1=2369.75 hbnshrink_b1_1=1727.95 default_2=2348.85 hbnshrink_b1_2=1729.65
PAIR 4 default_1=2355.70 hbnshrink_b1_1=1725.63 default_2=2366.34 hbnshrink_b1_2=1729.44
[sclk-post-bench] GPU[1]		: sclk clock level: 1: (2371Mhz)
default median=2360.29 mean=2359.76 stdev=7.73 n=10
hbnshrink_b1 median=1729.54 mean=1722.68 stdev=23.71 n=10
Welch t (default vs hbnshrink_b1) = -80.792  (positive = hbnshrink_b1 faster)
DELTA_MEDIAN_PCT hbnshrink_b1_vs_default = -26.723%
