R38C builder: 42 shape entries, 30 unique builds
  (R37_FIX_B=1 + R38C_TAIL_L2ONLY=1; sched-strategy stripped)
  [  2/30] BUILT N=128256,K=32768,ts_v12_tv0_memc_dc_gm7_pfoff120_kx32768_btw_all_R38C (7.2s)
  [  3/30] BUILT N=28672,K=4096,ts_gm7_v12_memc_dc_pfoff14_R38C (7.3s)
  [  4/30] BUILT N=4096,K=3072,ts_lgk2_memc_btw_all_R38C (7.3s)
  [  5/30] BUILT N=6144,K=4096,ts_lgk2_gm7_v12_memc_pfoff14_R38C (7.3s)
  [  6/30] BUILT N=4096,K=4096,ts_gm7_v12_memc_dc_pfoff14_R38C (7.3s)
  [  7/30] BUILT N=4096,K=3072,ts_gm6_v12_memc_dc_pfoff4_R38C (7.3s)
  [  8/30] BUILT N=32768,K=4096,ts_gm7_v12_memc_dc_pfoff14_R38C (7.3s)
  [  9/30] BUILT N=32768,K=28672,ts_lgk2_gm7_memc_pfoff104_kx28672_btw_all_R38C (7.4s)
  [ 10/30] BUILT N=32768,K=4096,ts_lgk2_gm7_v12_memc_pfoff14_R38C (7.4s)
  [ 11/30] BUILT N=28672,K=32768,ts_v12_tv0_memc_dc_gm7_pfoff120_kx32768_btw_all_R38C (7.4s)
  [ 12/30] BUILT N=14336,K=8192,ts_v12_tv0_gm7_memc_pfoff28_kx8192_btw_all_R38C (7.4s)
  [ 13/30] BUILT N=14336,K=4096,ts_gm7_v12_memc_dc_pfoff14_R38C (7.5s)
  [ 14/30] BUILT N=32768,K=128256,ts_lgk2_v12_memc_btw_all_R38C (7.5s)
  [ 15/30] BUILT N=32768,K=6144,ts_v12_gm7_memc_pfoff19_kx6144_btw_all_R38C (7.6s)
  [ 16/30] BUILT N=4096,K=16384,ts_lgk2_gm7_memc_pfoff56_kx16384_btw_all_R38C (6.5s)
  [ 17/30] BUILT N=4096,K=28672,ts_lgk2_gm7_memc_pfoff104_kx28672_btw_all_R38C (6.5s)
  [ 18/30] BUILT N=4096,K=6144,ts_v12_gm7_memc_pfoff19_kx6144_btw_all_R38C (6.5s)
  [ 19/30] BUILT N=4096,K=2048,ts_v12_gm7_memc_pfoff4_kx2048_btw_all_R38C (6.6s)
  [ 20/30] BUILT N=14336,K=2048,ts_v12_gm7_memc_pfoff4_kx2048_btw_all_R38C (6.5s)
  [ 21/30] BUILT N=4096,K=8192,ts_v12_tv0_gm7_memc_pfoff28_kx8192_btw_all_R38C (6.6s)
  [ 22/30] BUILT N=32768,K=14336,ts_v12_tv0_memc_btw_all_R38C (6.6s)
  [ 23/30] BUILT N=14336,K=16384,ts_lgk2_gm7_memc_pfoff56_kx16384_btw_all_R38C (6.6s)
  [ 24/30] BUILT N=4096,K=32768,ts_v12_tv0_memc_dc_gm7_pfoff120_kx32768_btw_all_R38C (6.6s)
  [ 25/30] BUILT N=6144,K=2048,ts_lgk2_gm6_v12_memc_pfoff4_R38C (6.8s)
  [ 26/30] BUILT N=14336,K=2048,ts_gm6_v12_memc_dc_pfoff4_R38C (7.0s)
  [ 27/30] BUILT N=28672,K=2048,ts_lgk2_gm6_v12_memc_pfoff4_R38C (6.7s)
  [ 28/30] BUILT N=6144,K=32768,ts_v12_tv0_memc_dc_gm7_pfoff120_kx32768_btw_all_R38C (6.8s)
  [ 29/30] BUILT N=4096,K=7168,ts_v12_tv0_gm7_memc_pfoff24_kx7168_btw_all_R38C (7.5s)
  [ 30/30] BUILT N=4096,K=14336,ts_v12_tv0_memc_dc_gm7_pfoff54_kx14336_btw_all_R38C (7.7s)

Done in 21.7s: built=29, cached=1, failed=0
Manifest: R38C_BUILD_MANIFEST.json
