R38 OptC Correctness-Gated Bench - GPUs: [0, 1, 2, 3, 4, 5, 6, 7]
Shapes: 42, warmup=200, iters=500, trim=0.1, gate kernel_finite>=0.995
==============================================================================================================
  [ 4/42]  32768x  4096x  2048  WRONG_OUTPUT  finite=0.9821  GPU3
  [ 8/42]  16384x 28672x  2048  WRONG_OUTPUT  finite=0.9856  GPU7
  [ 5/42]  32768x  4096x  3072  WRONG_OUTPUT  finite=0.9935  GPU4
  [ 3/42]  16384x  6144x  2048   2701.0 vs  3047.6 ( 88.6%) finite=0.9954  LOSE  GPU2
  [ 6/42]  32768x  6144x  2048  WRONG_OUTPUT  finite=0.9947  GPU5
  [ 2/42]  16384x  4096x  3072   3505.2 vs  3492.3 (100.4%) finite=0.9997  WIN  GPU1
  [ 1/42]  16384x  4096x  2048   3020.6 vs  2995.0 (100.9%) finite=0.9979  WIN  GPU0
  [ 7/42]  16384x 14336x  2048   3286.2 vs  3301.3 ( 99.5%) finite=0.9966  LOSE  GPU6
  [12/42]   4096x 14336x 16384  WRONG_OUTPUT  finite=0.9418  GPU3
  [11/42]   4096x  4096x 16384  WRONG_OUTPUT  finite=0.9899  GPU2
  [13/42]   6144x  4096x 16384  WRONG_OUTPUT  finite=0.9855  GPU4
  [16/42]   4096x  6144x 32768  WRONG_OUTPUT  finite=0.9442  GPU7
  [14/42]   4096x  4096x  8192   3777.9 vs  3959.9 ( 95.4%) finite=1.0000  LOSE  GPU5
  [10/42]  32768x 28672x  2048  WRONG_OUTPUT  finite=0.9911  GPU1
  [ 9/42]  32768x 14336x  2048   3427.7 vs  3351.4 (102.3%) finite=0.9954  WIN  GPU0
  [15/42]   4096x  4096x 32768  WRONG_OUTPUT  finite=0.9234  GPU6
  [20/42]   4096x 32768x  6144  WRONG_OUTPUT  finite=0.9886  GPU3
  [21/42]   4096x 32768x 14336  WRONG_OUTPUT  finite=0.9745  GPU4
  [24/42]   4096x128256x 32768  WRONG_OUTPUT  finite=0.9471  GPU7
  [19/42]   4096x 32768x  4096  WRONG_OUTPUT  finite=0.9906  GPU2
  [22/42]   4096x 32768x 28672  WRONG_OUTPUT  finite=0.9512  GPU5
  [18/42]   4096x 28672x 32768  WRONG_OUTPUT  finite=0.8924  GPU1
  [17/42]   4096x 14336x  8192   3927.4 vs  4345.8 ( 90.4%) finite=0.9970  LOSE  GPU0
  [23/42]   4096x 32768x128256  WRONG_OUTPUT  finite=0.7882  GPU6
  [28/42]  14336x 32768x  4096  WRONG_OUTPUT  finite=0.9808  GPU3
  [27/42]  14336x  4096x 32768  WRONG_OUTPUT  finite=0.9281  GPU2
  [29/42]  16384x  4096x  4096   3970.1 vs  3951.8 (100.5%) finite=0.9974  WIN  GPU4
  [30/42]  16384x  4096x  6144   4201.6 vs  4259.9 ( 98.6%) finite=0.9977  LOSE  GPU5
  [32/42]  16384x  4096x 14336   4425.0 vs  5142.1 ( 86.1%) finite=0.9975  LOSE  GPU7
  [26/42]   6144x 32768x  4096  WRONG_OUTPUT  finite=0.9863  GPU1
  [25/42]   6144x  4096x  8192   3384.7 vs  3822.0 ( 88.6%) finite=0.9965  LOSE  GPU0
  [31/42]  16384x  4096x  7168   4215.8 vs  4443.2 ( 94.9%) finite=0.9976  LOSE  GPU6
  [37/42]  28672x  4096x  8192  WRONG_OUTPUT  finite=0.9920  GPU4
  [36/42]  16384x 28672x  4096   4062.9 vs  4411.7 ( 92.1%) finite=0.9965  LOSE  GPU3
  [38/42]  28672x  4096x 16384  WRONG_OUTPUT  finite=0.9483  GPU5
  [40/42]  32768x  4096x  7168  WRONG_OUTPUT  finite=0.9909  GPU7
  [35/42]  16384x 14336x  4096   4026.8 vs  4255.8 ( 94.6%) finite=0.9964  LOSE  GPU2
  [34/42]  16384x  6144x  4096   4067.2 vs  4042.5 (100.6%) finite=0.9974  WIN  GPU1
  [33/42]  16384x  4096x 28672  WRONG_OUTPUT  finite=0.9504  GPU0
  [39/42]  28672x 32768x  4096   3885.7 vs  4466.6 ( 87.0%) finite=0.9962  LOSE  GPU6
  [41/42]  32768x  4096x 14336   4435.2 vs  5223.4 ( 84.9%) finite=0.9956  LOSE  GPU0
  [42/42] 128256x 32768x  4096   3882.6 vs  4536.4 ( 85.6%) finite=0.9974  LOSE  GPU1

==============================================================================================================
WIN: 5/42  LOSE: 13/42  WRONG_OUTPUT: 24/42  ERR: 0/42  (0.8 min)

Results saved to /shared_nfs/kyle/test/HipKittens/analysis/fp8_gemm/mi350x/bench_all42_results_R38_optC.json
