R38Dv2 Bench - GPUs: [0, 1, 2, 3, 4, 5, 6, 7]
Tasks: 170, warmup=200, iters=500, trim=0.1
==============================================================================================================
  [  1/170]   4096x  4096x 32768 f34 ts_gm8_v12_btw_all                             WRONG_OUTPUT  finite=0.0038  GPU0
  [  3/170]   4096x  4096x 32768 f34 ts_no_embed_tv16                               WRONG_OUTPUT  finite=0.0227  GPU2
  [  6/170]   4096x  4096x 32768 leg ts_pf6_6_lgk2                                  WRONG_OUTPUT  finite=0.2438  GPU5
  [  2/170]   4096x  4096x 32768 leg ts_gm8_v12_btw_all                             WRONG_OUTPUT  finite=0.0712  GPU1
  [  7/170]   4096x  4096x 32768 f34 ts_gm8                                         WRONG_OUTPUT  finite=0.0093  GPU6
  [  5/170]   4096x  4096x 32768 f34 ts_pf6_6_lgk2                                  WRONG_OUTPUT  finite=0.0149  GPU4
  [  8/170]   4096x  4096x 32768 leg ts_gm8                                         WRONG_OUTPUT  finite=0.2668  GPU7
  [  4/170]   4096x  4096x 32768 leg ts_no_embed_tv16                               WRONG_OUTPUT  finite=0.2564  GPU3
  [  9/170]   4096x  4096x 32768 f34 ts_lgk2_btw_step3                              WRONG_OUTPUT  finite=0.0257  GPU0
  [ 15/170]   4096x  6144x 32768 f34 p1_btw_all                                     WRONG_OUTPUT  finite=0.0591  GPU6
  [ 14/170]   4096x  6144x 32768 leg ts_gm8_v12_btw_step3                           WRONG_OUTPUT  finite=0.1196  GPU5
  [ 11/170]   4096x  6144x 32768 f34 ts_gm8_v12_btw_all                             WRONG_OUTPUT  finite=0.0630  GPU2
  [ 10/170]   4096x  4096x 32768 leg ts_lgk2_btw_step3                              WRONG_OUTPUT  finite=0.0858  GPU1
  [ 12/170]   4096x  6144x 32768 leg ts_gm8_v12_btw_all                             WRONG_OUTPUT  finite=0.1107  GPU3
  [ 13/170]   4096x  6144x 32768 f34 ts_gm8_v12_btw_step3                           WRONG_OUTPUT  finite=0.0533  GPU4
  [ 16/170]   4096x  6144x 32768 leg p1_btw_all                                     WRONG_OUTPUT  finite=0.1122  GPU7
  [ 17/170]   4096x  6144x 32768 f34 ts_lgk2_btw_step3                              WRONG_OUTPUT  finite=0.0408  GPU0
  [ 23/170]   4096x 28672x 32768 f34 ts_gm8_v12_btw_step3                           WRONG_OUTPUT  finite=0.0741  GPU6
  [ 24/170]   4096x 28672x 32768 leg ts_gm8_v12_btw_step3                           WRONG_OUTPUT  finite=0.0933  GPU7
  [ 22/170]   4096x 28672x 32768 leg ts_lgk2_btw_step3                              WRONG_OUTPUT  finite=0.0962  GPU5
  [ 18/170]   4096x  6144x 32768 leg ts_lgk2_btw_step3                              WRONG_OUTPUT  finite=0.1009  GPU1
  [ 19/170]   4096x  6144x 32768 f34 default                                        WRONG_OUTPUT  finite=0.6067  GPU2
  [ 20/170]   4096x  6144x 32768 leg default                                        WRONG_OUTPUT  finite=0.7239  GPU3
  [ 21/170]   4096x 28672x 32768 f34 ts_lgk2_btw_step3                              WRONG_OUTPUT  finite=0.0729  GPU4
  [ 25/170]   4096x 28672x 32768 f34 p1_btw_all                                     WRONG_OUTPUT  finite=0.0945  GPU0
  [ 31/170]   4096x 32768x  4096 f34 ts_lgk2_btw_step3                              WRONG_OUTPUT  finite=0.9845  GPU6
  [ 27/170]   4096x 28672x 32768 f34 ts_gm8_v12_btw_all                             WRONG_OUTPUT  finite=0.0960  GPU2
  [ 32/170]   4096x 32768x  4096 leg ts_lgk2_btw_step3                              WRONG_OUTPUT  finite=0.7175  GPU7
  [ 30/170]   4096x 28672x 32768 leg pf6_6                                          WRONG_OUTPUT  finite=0.7300  GPU5
  [ 29/170]   4096x 28672x 32768 f34 pf6_6                                          WRONG_OUTPUT  finite=0.6218  GPU4
  [ 26/170]   4096x 28672x 32768 leg p1_btw_all                                     WRONG_OUTPUT  finite=0.0890  GPU1
  [ 28/170]   4096x 28672x 32768 leg ts_gm8_v12_btw_all                             WRONG_OUTPUT  finite=0.0972  GPU3
  [ 33/170]   4096x 32768x  4096 f34 u32_btw_all                                    WRONG_OUTPUT  finite=0.9873  GPU0
  [ 35/170]   4096x 32768x  4096 f34 ts_no_embed_v12                                WRONG_OUTPUT  finite=0.9877  GPU2
  [ 39/170]   4096x 32768x  4096 f34 ts_gm2_lgk2_v12                                WRONG_OUTPUT  finite=0.9855  GPU6
  [ 40/170]   4096x 32768x  4096 leg ts_gm2_lgk2_v12                                WRONG_OUTPUT  finite=0.8214  GPU7
  [ 34/170]   4096x 32768x  4096 leg u32_btw_all                                    WRONG_OUTPUT  finite=0.6485  GPU1
  [ 36/170]   4096x 32768x  4096 leg ts_no_embed_v12                                WRONG_OUTPUT  finite=0.7640  GPU3
  [ 38/170]   4096x 32768x  4096 leg lgk2_v16                                       WRONG_OUTPUT  finite=0.7165  GPU5
  [ 37/170]   4096x 32768x  4096 f34 lgk2_v16                                        3859.1 ( 92.6%) finite=0.9961  LOSE  GPU4
  [ 41/170]   4096x 32768x 14336 f34 ts_pf6_6_lgk2_v12                              WRONG_OUTPUT  finite=0.9902  GPU0
  [ 47/170]   4096x 32768x 14336 f34 ts_v24                                         WRONG_OUTPUT  finite=0.9893  GPU6
  [ 43/170]   4096x 32768x 14336 f34 ts_lgk2_v20                                    WRONG_OUTPUT  finite=0.9906  GPU2
  [ 48/170]   4096x 32768x 14336 leg ts_v24                                         WRONG_OUTPUT  finite=0.3287  GPU7
  [ 42/170]   4096x 32768x 14336 leg ts_pf6_6_lgk2_v12                              WRONG_OUTPUT  finite=0.3134  GPU1
  [ 46/170]   4096x 32768x 14336 leg ts_lgk2_tv16                                   WRONG_OUTPUT  finite=0.3368  GPU5
  [ 44/170]   4096x 32768x 14336 leg ts_lgk2_v20                                    WRONG_OUTPUT  finite=0.3336  GPU3
  [ 45/170]   4096x 32768x 14336 f34 ts_lgk2_tv16                                   WRONG_OUTPUT  finite=0.9872  GPU4
  [ 49/170]   4096x 32768x 14336 f34 ts_lgk2_v24                                    WRONG_OUTPUT  finite=0.9844  GPU0
  [ 56/170]   4096x 32768x 28672 leg p1_btw_all                                     WRONG_OUTPUT  finite=0.6687  GPU7
  [ 52/170]   4096x 32768x 28672 leg ts_gm8_v12_btw_all                             WRONG_OUTPUT  finite=0.6353  GPU3
  [ 53/170]   4096x 32768x 28672 f34 ts_lgk2_btw_step3                              WRONG_OUTPUT  finite=0.3189  GPU4
  [ 50/170]   4096x 32768x 14336 leg ts_lgk2_v24                                    WRONG_OUTPUT  finite=0.3125  GPU1
  [ 54/170]   4096x 32768x 28672 leg ts_lgk2_btw_step3                              WRONG_OUTPUT  finite=0.6979  GPU5
  [ 62/170]   4096x 32768x128256 leg ts_gm8_v12_btw_step3                           WRONG_OUTPUT  finite=0.5348  GPU5
  [ 60/170]   4096x 32768x 28672 leg u32_btw_all                                    WRONG_OUTPUT  finite=0.7292  GPU3
  [ 64/170]   4096x 32768x128256 leg ts_gm8_v12_btw_all                             WRONG_OUTPUT  finite=0.5375  GPU7
  [ 58/170]   4096x 32768x 28672 leg ts_gm8_v12_btw_step3                           WRONG_OUTPUT  finite=0.6466  GPU1
  [ 61/170]   4096x 32768x128256 f34 ts_gm8_v12_btw_step3                           WRONG_OUTPUT  finite=0.7875  GPU4
  [ 70/170]   4096x 32768x128256 leg u32_btw_all                                    WRONG_OUTPUT  finite=0.9385  GPU5
  [ 72/170]   4096x128256x 32768 leg ts_lgk2_btw_step3                              WRONG_OUTPUT  finite=0.1091  GPU7
  [ 66/170]   4096x 32768x128256 leg p1_btw_all                                     WRONG_OUTPUT  finite=0.5554  GPU1
  [ 68/170]   4096x 32768x128256 leg ts_lgk2_btw_step3                              WRONG_OUTPUT  finite=0.5786  GPU3
  [ 69/170]   4096x 32768x128256 f34 u32_btw_all                                    WRONG_OUTPUT  finite=0.3602  GPU4
  [ 78/170]   4096x128256x 32768 leg lgk4_v12                                       WRONG_OUTPUT  finite=0.7799  GPU5
  [ 55/170]   4096x 32768x 28672 f34 p1_btw_all                                     CRASH  finite=N/A  GPU6
  [ 74/170]   4096x128256x 32768 leg u16                                            WRONG_OUTPUT  finite=0.7391  GPU1
  [ 76/170]   4096x128256x 32768 leg v32                                            WRONG_OUTPUT  finite=0.7725  GPU3
  [ 77/170]   4096x128256x 32768 f34 lgk4_v12                                       WRONG_OUTPUT  finite=0.6575  GPU4
  [ 80/170]   4096x128256x 32768 leg no_embed_v16                                   WRONG_OUTPUT  finite=0.7631  GPU7
  [ 57/170]   4096x 32768x 28672 f34 ts_gm8_v12_btw_step3                           CRASH  finite=N/A  GPU0
  [ 86/170]   6144x 32768x  4096 leg ts_lgk2_tv16                                   WRONG_OUTPUT  finite=0.8886  GPU5
  [ 84/170]   6144x 32768x  4096 leg ts_v4_tv16                                     WRONG_OUTPUT  finite=0.8870  GPU3
  [ 63/170]   4096x 32768x128256 f34 ts_gm8_v12_btw_all                             WRONG_OUTPUT  finite=0.7816  GPU6
  [ 82/170]   6144x 32768x  4096 leg ts_lgk2_btw_step3                              WRONG_OUTPUT  finite=0.8860  GPU1
  [ 88/170]   6144x 32768x  4096 leg ts_lgk2_v24                                    WRONG_OUTPUT  finite=0.8749  GPU7
  [ 85/170]   6144x 32768x  4096 f34 ts_lgk2_tv16                                   WRONG_OUTPUT  finite=0.9947  GPU4
  [ 65/170]   4096x 32768x128256 f34 p1_btw_all                                     WRONG_OUTPUT  finite=0.7612  GPU0
  [ 51/170]   4096x 32768x 28672 f34 ts_gm8_v12_btw_all                             CRASH  finite=N/A  GPU2
  [ 94/170]  14336x  4096x 32768 leg ts_gm8_v12_btw_all                             WRONG_OUTPUT  finite=0.1615  GPU5
  [ 71/170]   4096x128256x 32768 f34 ts_lgk2_btw_step3                              WRONG_OUTPUT  finite=0.0536  GPU6
  [ 90/170]   6144x 32768x  4096 leg u32_btw_all                                    WRONG_OUTPUT  finite=0.8631  GPU1
  [ 96/170]  14336x  4096x 32768 leg ts_gm8_v12_btw_step3                           WRONG_OUTPUT  finite=0.1588  GPU7
  [ 92/170]  14336x  4096x 32768 leg ts_lgk2_btw_step3                              WRONG_OUTPUT  finite=0.1203  GPU3
  [ 73/170]   4096x128256x 32768 f34 u16                                            WRONG_OUTPUT  finite=0.6918  GPU0
  [ 93/170]  14336x  4096x 32768 f34 ts_gm8_v12_btw_all                             WRONG_OUTPUT  finite=0.1897  GPU4
  [102/170]  16384x  4096x 14336 leg ts_gm8_v12_btw_all                             WRONG_OUTPUT  finite=0.4671  GPU5
  [ 98/170]  14336x  4096x 32768 leg p1_btw_all                                     WRONG_OUTPUT  finite=0.1499  GPU1
  [ 79/170]   4096x128256x 32768 f34 no_embed_v16                                   WRONG_OUTPUT  finite=0.6766  GPU6
  [ 81/170]   6144x 32768x  4096 f34 ts_lgk2_btw_step3                              WRONG_OUTPUT  finite=0.9940  GPU0
  [104/170]  16384x  4096x 14336 leg p1_btw_all                                     WRONG_OUTPUT  finite=0.4339  GPU7
  [100/170]  14336x  4096x 32768 leg u32_btw_all                                    WRONG_OUTPUT  finite=0.6506  GPU3
  [101/170]  16384x  4096x 14336 f34 ts_gm8_v12_btw_all                              4508.2 ( 87.7%) finite=0.9959  LOSE  GPU4
  [110/170]  16384x  4096x 14336 leg ts_lgk2_v20                                    WRONG_OUTPUT  finite=0.4330  GPU5
  [ 87/170]   6144x 32768x  4096 f34 ts_lgk2_v24                                    WRONG_OUTPUT  finite=0.9940  GPU6
  [108/170]  16384x  4096x 14336 leg ts_gm8_v12_btw_step3                           WRONG_OUTPUT  finite=0.4524  GPU3
  [109/170]  16384x  4096x 14336 f34 ts_lgk2_v20                                    WRONG_OUTPUT  finite=0.9826  GPU4
  [ 89/170]   6144x 32768x  4096 f34 u32_btw_all                                    WRONG_OUTPUT  finite=0.9950  GPU0
  [112/170]  16384x  4096x 28672 leg ts_lgk2_btw_step3                              WRONG_OUTPUT  finite=0.7313  GPU7
  [106/170]  16384x  4096x 14336 leg ts_lgk2_btw_step3                              WRONG_OUTPUT  finite=0.5100  GPU1
  [118/170]  16384x  4096x 28672 leg p1_btw_all                                     WRONG_OUTPUT  finite=0.7086  GPU5
  [ 95/170]  14336x  4096x 32768 f34 ts_gm8_v12_btw_step3                           WRONG_OUTPUT  finite=0.1977  GPU6
  [116/170]  16384x  4096x 28672 leg ts_gm8_v12_btw_all                             WRONG_OUTPUT  finite=0.6882  GPU3
  [120/170]  16384x  4096x 28672 leg ts_gm8_v12_btw_step3                           WRONG_OUTPUT  finite=0.7199  GPU7
  [ 97/170]  14336x  4096x 32768 f34 p1_btw_all                                     WRONG_OUTPUT  finite=0.1951  GPU0
  [114/170]  16384x  4096x 28672 leg u32_btw_all                                    WRONG_OUTPUT  finite=0.6551  GPU1
  [126/170]  16384x 14336x  2048 leg ts_pf6_6                                       WRONG_OUTPUT  finite=0.8388  GPU5
  [103/170]  16384x  4096x 14336 f34 p1_btw_all                                      4448.8 ( 86.5%) finite=0.9959  LOSE  GPU6
  [124/170]  16384x 14336x  2048 leg ts_lgk4_v12                                    WRONG_OUTPUT  finite=0.8513  GPU3
  [128/170]  16384x 14336x  2048 leg ts_no_embed                                    WRONG_OUTPUT  finite=0.8497  GPU7
  [105/170]  16384x  4096x 14336 f34 ts_lgk2_btw_step3                              WRONG_OUTPUT  finite=0.9915  GPU0
  [134/170]  16384x 14336x  4096 leg u32_btw_all                                    WRONG_OUTPUT  finite=0.8088  GPU5
  [122/170]  16384x 14336x  2048 leg ts_lgk2_v12                                    WRONG_OUTPUT  finite=0.8395  GPU1
  [117/170]  16384x  4096x 28672 f34 p1_btw_all                                     CRASH  finite=N/A  GPU4
  [132/170]  16384x 14336x  4096 leg ts_lgk2_btw_step3                              WRONG_OUTPUT  finite=0.8716  GPU3
  [136/170]  16384x 14336x  4096 leg ts_lgk2_v20                                    WRONG_OUTPUT  finite=0.8385  GPU7
  [130/170]  16384x 14336x  2048 leg ts_lgk4_v4                                     WRONG_OUTPUT  finite=0.8659  GPU1
  [142/170]  16384x 28672x  4096 leg ts_gm8_v12_btw_all                             WRONG_OUTPUT  finite=0.7772  GPU5
  [125/170]  16384x 14336x  2048 f34 ts_pf6_6                                       WRONG_OUTPUT  finite=0.9884  GPU4
  [140/170]  16384x 14336x  4096 leg ts_lgk2_v16                                    WRONG_OUTPUT  finite=0.8504  GPU3
  [144/170]  16384x 28672x  4096 leg ts_gm2_ext_br                                  WRONG_OUTPUT  finite=0.8306  GPU7
  [ 59/170]   4096x 32768x 28672 f34 u32_btw_all                                    CRASH  finite=N/A  GPU2
  [111/170]  16384x  4096x 28672 f34 ts_lgk2_btw_step3                              CRASH  finite=N/A  GPU6
  [133/170]  16384x 14336x  4096 f34 u32_btw_all                                    WRONG_OUTPUT  finite=0.9910  GPU4
  [150/170]  16384x 28672x  4096 leg p1_btw_all                                     WRONG_OUTPUT  finite=0.8149  GPU5
  [148/170]  16384x 28672x  4096 leg ts_gm2_v20                                     WRONG_OUTPUT  finite=0.8460  GPU3
  [ 67/170]   4096x 32768x128256 f34 ts_lgk2_btw_step3                              WRONG_OUTPUT  finite=0.7911  GPU2
  [152/170]  32768x  4096x 14336 leg p1_btw_all                                     WRONG_OUTPUT  finite=0.3836  GPU7
  [138/170]  16384x 14336x  4096 leg v12                                            WRONG_OUTPUT  finite=0.8019  GPU1
  [141/170]  16384x 28672x  4096 f34 ts_gm8_v12_btw_all                             WRONG_OUTPUT  finite=0.9893  GPU4
  [158/170]  32768x  4096x 14336 leg ts_lgk2_btw_step3                              WRONG_OUTPUT  finite=0.4611  GPU5
  [156/170]  32768x  4096x 14336 leg ts_gm8_v12_btw_all                             WRONG_OUTPUT  finite=0.3748  GPU3
  [160/170]  32768x  4096x 14336 leg u32_btw_all                                    WRONG_OUTPUT  finite=0.6836  GPU7
  [ 75/170]   4096x128256x 32768 f34 v32                                            WRONG_OUTPUT  finite=0.6547  GPU2
  [146/170]  16384x 28672x  4096 leg u32_btw_all                                    WRONG_OUTPUT  finite=0.7443  GPU1
  [113/170]  16384x  4096x 28672 f34 u32_btw_all                                    CRASH  finite=N/A  GPU0
  [164/170]  32768x 14336x  2048 leg ts_lgk2_btw_step3                              WRONG_OUTPUT  finite=0.8588  GPU3
  [166/170]  32768x 14336x  2048 leg ts_lgk2_v24                                    WRONG_OUTPUT  finite=0.8421  GPU5
  [149/170]  16384x 28672x  4096 f34 p1_btw_all                                     WRONG_OUTPUT  finite=0.9892  GPU4
  [119/170]  16384x  4096x 28672 f34 ts_gm8_v12_btw_step3                           CRASH  finite=N/A  GPU6
  [168/170]  32768x 14336x  2048 leg ts_lgk4_v4                                     WRONG_OUTPUT  finite=0.8663  GPU7
  [154/170]  32768x  4096x 14336 leg ts_gm8_v12_btw_step3                           WRONG_OUTPUT  finite=0.3552  GPU1
  [121/170]  16384x 14336x  2048 f34 ts_lgk2_v12                                    WRONG_OUTPUT  finite=0.9875  GPU0
  [ 83/170]   6144x 32768x  4096 f34 ts_v4_tv16                                      4076.1 ( 95.0%) finite=0.9952  LOSE  GPU2
  [157/170]  32768x  4096x 14336 f34 ts_lgk2_btw_step3                              WRONG_OUTPUT  finite=0.9790  GPU4
  [127/170]  16384x 14336x  2048 f34 ts_no_embed                                    WRONG_OUTPUT  finite=0.9856  GPU6
  [162/170]  32768x 14336x  2048 leg ts_gm2_v20                                     WRONG_OUTPUT  finite=0.8637  GPU1
  [129/170]  16384x 14336x  2048 f34 ts_lgk4_v4                                     WRONG_OUTPUT  finite=0.9865  GPU0
  [ 91/170]  14336x  4096x 32768 f34 ts_lgk2_btw_step3                              WRONG_OUTPUT  finite=0.1504  GPU2
  [165/170]  32768x 14336x  2048 f34 ts_lgk2_v24                                    WRONG_OUTPUT  finite=0.9841  GPU4
  [135/170]  16384x 14336x  4096 f34 ts_lgk2_v20                                    WRONG_OUTPUT  finite=0.9914  GPU6
  [170/170]  32768x 14336x  2048 leg ts_gm2_lgk2                                    WRONG_OUTPUT  finite=0.8656  GPU1
  [137/170]  16384x 14336x  4096 f34 v12                                            WRONG_OUTPUT  finite=0.9916  GPU0
  [143/170]  16384x 28672x  4096 f34 ts_gm2_ext_br                                  WRONG_OUTPUT  finite=0.9792  GPU6
  [145/170]  16384x 28672x  4096 f34 u32_btw_all                                    WRONG_OUTPUT  finite=0.9833  GPU0
  [151/170]  32768x  4096x 14336 f34 p1_btw_all                                     WRONG_OUTPUT  finite=0.9923  GPU6
  [153/170]  32768x  4096x 14336 f34 ts_gm8_v12_btw_step3                           WRONG_OUTPUT  finite=0.9919  GPU0
  [161/170]  32768x 14336x  2048 f34 ts_gm2_v20                                     WRONG_OUTPUT  finite=0.9858  GPU0
  [159/170]  32768x  4096x 14336 f34 u32_btw_all                                    WRONG_OUTPUT  finite=0.9728  GPU6
  [169/170]  32768x 14336x  2048 f34 ts_gm2_lgk2                                    WRONG_OUTPUT  finite=0.9849  GPU0
  [167/170]  32768x 14336x  2048 f34 ts_lgk4_v4                                     WRONG_OUTPUT  finite=0.9870  GPU6
  [ 99/170]  14336x  4096x 32768 f34 u32_btw_all                                    CRASH  finite=N/A  GPU2
  [107/170]  16384x  4096x 14336 f34 ts_gm8_v12_btw_step3                            4447.0 ( 86.5%) finite=0.9956  LOSE  GPU2
  [115/170]  16384x  4096x 28672 f34 ts_gm8_v12_btw_all                             CRASH  finite=N/A  GPU2
  [123/170]  16384x 14336x  2048 f34 ts_lgk4_v12                                    WRONG_OUTPUT  finite=0.9913  GPU2
  [131/170]  16384x 14336x  4096 f34 ts_lgk2_btw_step3                              WRONG_OUTPUT  finite=0.9885  GPU2
  [139/170]  16384x 14336x  4096 f34 ts_lgk2_v16                                    WRONG_OUTPUT  finite=0.9867  GPU2
  [147/170]  16384x 28672x  4096 f34 ts_gm2_v20                                     WRONG_OUTPUT  finite=0.9875  GPU2
  [155/170]  32768x  4096x 14336 f34 ts_gm8_v12_btw_all                             WRONG_OUTPUT  finite=0.9934  GPU2
  [163/170]  32768x 14336x  2048 f34 ts_lgk2_btw_step3                              WRONG_OUTPUT  finite=0.9867  GPU2

Results saved to /shared_nfs/kyle/test/HipKittens/analysis/fp8_gemm/mi350x/bench_all42_results_R38_optDv2.json
Per-shape: 3/17 correct; 0 WIN; elapsed=3.7min
