R38D builder: 190 shape×variant entries, 176 unique builds
  [  1/176] BUILT N=4096,K=32768,ts_lgk4_R38D (4.6s)
  [  2/176] BUILT N=6144,K=32768,ts_gm8_v12_btw_all_R38D (4.6s)
  [  3/176] BUILT N=14336,K=2048,ts_tv16_R38D (4.7s)
  [  4/176] BUILT N=6144,K=32768,default_R38D (4.7s)
  [  5/176] BUILT N=14336,K=2048,ts_lgk4_v12_R38D (4.7s)
  [  6/176] BUILT N=4096,K=32768,p1_btw_all_R38D (4.7s)
  [  7/176] BUILT N=14336,K=2048,ts_gm2_lgk2_R38D (4.7s)
  [  8/176] BUILT N=6144,K=32768,lgk2_v4_R38D (4.8s)
  [  9/176] BUILT N=28672,K=4096,ts_gm8_v12_btw_step3_R38D (4.8s)
  [ 10/176] BUILT N=128256,K=32768,v32_R38D (4.8s)
  [ 11/176] BUILT N=28672,K=4096,ts_gm2_R38D (4.9s)
  [ 12/176] BUILT N=128256,K=32768,lgk4_v12_R38D (4.9s)
  [ 13/176] BUILT N=32768,K=4096,ts_v20_R38D (4.9s)
  [ 14/176] BUILT N=32768,K=28672,p1_btw_all_R38D (5.4s)
  [ 15/176] BUILT N=4096,K=14336,ts_lgk2_v16_R38D (5.8s)
  [ 16/176] BUILT N=32768,K=128256,ts_lgk2_v24_R38D (5.9s)
  [ 17/176] BUILT N=32768,K=4096,gm2_R38D (4.8s)
  [ 18/176] BUILT N=32768,K=4096,ts_u16_R38D (4.8s)
  [ 19/176] BUILT N=28672,K=4096,u32_btw_all_R38D (4.6s)
  [ 20/176] BUILT N=4096,K=3072,p1_btw_all_R38D (4.9s)
  [ 21/176] BUILT N=14336,K=4096,ts_lgk2_btw_step3_R38D (4.9s)
  [ 22/176] BUILT N=6144,K=32768,u8_R38D (4.8s)
  [ 23/176] BUILT N=32768,K=4096,ts_lgk2_btw_step3_R38D (5.0s)
  [ 24/176] BUILT N=28672,K=4096,ts_lgk2_btw_step3_R38D (4.9s)
  [ 25/176] BUILT N=4096,K=28672,no_embed_v20_R38D (4.8s)
  [ 26/176] BUILT N=32768,K=4096,lgk2_v16_R38D (4.9s)
  [ 27/176] BUILT N=4096,K=3072,ts_no_embed_tv16_R38D (4.8s)
  [ 28/176] BUILT N=6144,K=32768,p1_btw_all_R38D (4.7s)
  [ 29/176] BUILT N=4096,K=14336,ts_gm8_v12_btw_step3_R38D (5.8s)
  [ 30/176] BUILT N=4096,K=28672,u32_btw_all_R38D (6.2s)
  [ 31/176] BUILT N=32768,K=28672,ts_gm8_v12_btw_step3_R38D (5.4s)
  [ 32/176] BUILT N=32768,K=28672,ts_v24_R38D (5.4s)
  [ 33/176] BUILT N=4096,K=32768,lgk2_R38D (4.8s)
  [ 34/176] BUILT N=14336,K=2048,ts_no_embed_tv16_R38D (4.7s)
  [ 35/176] BUILT N=28672,K=32768,p1_btw_all_R38D (4.7s)
  [ 36/176] BUILT N=28672,K=4096,ts_gm2u8_R38D (4.9s)
  [ 37/176] BUILT N=28672,K=32768,lgk2_v12_R38D (4.8s)
  [ 38/176] BUILT N=4096,K=3072,ts_gm8_v12_btw_all_R38D (4.9s)
  [ 39/176] BUILT N=28672,K=4096,ts_gm2_v12_R38D (4.9s)
  [ 40/176] BUILT N=4096,K=28672,u16_R38D (4.9s)
  [ 41/176] BUILT N=32768,K=28672,ts_lgk2_btw_step3_R38D (5.2s)
  [ 42/176] BUILT N=4096,K=28672,ts_gm8_v12_btw_step3_R38D (5.2s)
  [ 43/176] BUILT N=32768,K=14336,ts_lgk2_v20_R38D (5.8s)
  [ 44/176] BUILT N=4096,K=14336,u32_btw_all_R38D (5.8s)
  [ 45/176] BUILT N=14336,K=2048,ts_no_embed_R38D (4.8s)
  [ 46/176] BUILT N=14336,K=2048,ts_R38D (4.8s)
  [ 47/176] BUILT N=4096,K=28672,ts_lgk2_btw_step3_R38D (5.5s)
  [ 48/176] BUILT N=32768,K=28672,u32_btw_all_R38D (6.2s)
  [ 49/176] BUILT N=128256,K=32768,lgk2_no_embed_R38D (4.7s)
  [ 50/176] BUILT N=6144,K=32768,u16_R38D (4.9s)
  [ 51/176] BUILT N=4096,K=32768,ts_pf6_6_lgk2_v12_R38D (4.7s)
  [ 52/176] BUILT N=14336,K=2048,ts_pf6_6_R38D (4.7s)
  [ 53/176] BUILT N=14336,K=4096,v12_R38D (4.7s)
  [ 54/176] BUILT N=128256,K=32768,u16_R38D (4.9s)
  [ 55/176] BUILT N=32768,K=128256,u32_btw_all_R38D (4.7s)
  [ 56/176] BUILT N=32768,K=14336,ts_pf6_6_lgk2_v12_R38D (5.8s)
  [ 57/176] BUILT N=4096,K=14336,ts_gm8_v12_R38D (5.9s)
  [ 58/176] BUILT N=32768,K=14336,ts_pf6_6_lgk2_R38D (5.8s)
  [ 59/176] BUILT N=4096,K=14336,ts_v12_R38D (5.8s)
  [ 60/176] BUILT N=4096,K=3072,pf4_6_R38D (4.8s)
  [ 61/176] BUILT N=14336,K=2048,ts_lgk2_btw_step3_R38D (4.8s)
  [ 62/176] BUILT N=32768,K=4096,pf6_4_R38D (4.8s)
  [ 63/176] BUILT N=32768,K=14336,p1_btw_all_R38D (5.8s)
  [ 64/176] BUILT N=4096,K=32768,ts_no_embed_tv16_R38D (4.8s)
  [ 65/176] BUILT N=14336,K=2048,ts_lgk2_v24_R38D (4.5s)
  [ 66/176] BUILT N=4096,K=3072,ts_lgk2_v16_R38D (4.7s)
  [ 67/176] BUILT N=14336,K=4096,ts_pf6_6_lgk2_R38D (4.8s)
  [ 68/176] BUILT N=4096,K=2048,ts_lgk2_v16_R38D (4.7s)
  [ 69/176] BUILT N=32768,K=28672,ts_lgk2_v12_R38D (5.4s)
  [ 70/176] BUILT N=32768,K=28672,ts_v12_R38D (5.4s)
  [ 71/176] BUILT N=28672,K=32768,v24_R38D (4.8s)
  [ 72/176] BUILT N=28672,K=32768,ts_gm8_v12_btw_all_R38D (4.7s)
  [ 73/176] BUILT N=14336,K=4096,no_embed_v16_R38D (4.8s)
  [ 74/176] BUILT N=32768,K=4096,ts_v16_R38D (4.8s)
  [ 75/176] BUILT N=4096,K=2048,ts_v16_R38D (4.8s)
  [ 76/176] BUILT N=32768,K=4096,ts_gm2_lgk2_v12_R38D (4.9s)
  [ 77/176] BUILT N=4096,K=28672,v32_R38D (4.8s)
  [ 78/176] BUILT N=128256,K=32768,lgk2_v16_R38D (4.8s)
  [ 79/176] BUILT N=14336,K=2048,ts_lgk2_v12_R38D (4.8s)
  [ 80/176] BUILT N=32768,K=128256,ts_gm8_v12_btw_all_R38D (5.9s)
  [ 81/176] BUILT N=28672,K=4096,ts_gm2_v20_R38D (4.6s)
  [ 82/176] BUILT N=4096,K=3072,ts_pf4_tv16_R38D (4.8s)
  [ 83/176] BUILT N=4096,K=2048,ts_lgk2_tv16_R38D (4.8s)
  [ 84/176] BUILT N=128256,K=32768,lgk2_v12_R38D (4.8s)
  [ 85/176] BUILT N=32768,K=128256,swap_gm8_R38D (5.3s)
  [ 86/176] BUILT N=4096,K=3072,no_embed_v4_R38D (4.7s)
  [ 87/176] BUILT N=14336,K=4096,ts_v4_R38D (4.9s)
  [ 88/176] BUILT N=4096,K=14336,ts_lgk2_btw_step3_R38D (5.8s)
  [ 89/176] BUILT N=4096,K=32768,ts_lgk2_btw_step3_R38D (4.7s)
  [ 90/176] BUILT N=4096,K=2048,ts_lgk2_v20_R38D (4.8s)
  [ 91/176] BUILT N=32768,K=4096,ts_no_embed_v12_R38D (4.9s)
  [ 92/176] BUILT N=28672,K=32768,v16_R38D (4.8s)
  [ 93/176] BUILT N=4096,K=14336,p1_btw_all_R38D (5.8s)
  [ 94/176] BUILT N=32768,K=4096,ts_v12_tv16_R38D (4.8s)
  [ 95/176] BUILT N=32768,K=14336,ts_v12_tv16_R38D (5.7s)
  [ 96/176] BUILT N=32768,K=14336,ts_lgk2_v24_R38D (5.8s)
  [ 97/176] BUILT N=4096,K=2048,ts_v12_tv16_R38D (4.6s)
  [ 98/176] BUILT N=6144,K=32768,ts_gm8_v12_btw_step3_R38D (4.8s)
  [ 99/176] BUILT N=4096,K=2048,ts_R38D (4.8s)
  [100/176] BUILT N=4096,K=28672,u8_R38D (4.8s)
  [101/176] BUILT N=6144,K=32768,no_embed_R38D (4.8s)
  [102/176] BUILT N=4096,K=3072,ts_lgk2_btw_step3_R38D (4.8s)
  [103/176] BUILT N=6144,K=32768,ts_lgk2_btw_step3_R38D (4.7s)
  [104/176] BUILT N=4096,K=32768,ts_gm8_R38D (4.7s)
  [105/176] BUILT N=4096,K=32768,u32_btw_all_R38D (5.3s)
  [106/176] BUILT N=32768,K=128256,p1_btw_all_R38D (5.8s)
  [107/176] BUILT N=14336,K=2048,ts_lgk4_v4_R38D (4.8s)
  [108/176] BUILT N=4096,K=3072,u32_btw_all_R38D (4.8s)
  [109/176] BUILT N=4096,K=28672,no_embed_v16_R38D (4.8s)
  [110/176] BUILT N=32768,K=4096,ts_pf6_6_lgk2_v12_R38D (4.8s)
  [111/176] BUILT N=14336,K=2048,ts_u16_R38D (4.7s)
  [112/176] BUILT N=4096,K=32768,no_embed_v20_R38D (4.7s)
  [113/176] BUILT N=14336,K=4096,ts_pf6_6_lgk2_v12_R38D (4.7s)
  [114/176] BUILT N=6144,K=32768,lgk4_v16_R38D (4.7s)
  [115/176] BUILT N=28672,K=32768,ts_gm8_v12_btw_step3_R38D (4.7s)
  [116/176] BUILT N=32768,K=28672,default_R38D (4.8s)
  [117/176] BUILT N=32768,K=4096,ts_lgk2_v16_R38D (4.8s)
  [118/176] BUILT N=32768,K=4096,p1_btw_all_R38D (4.9s)
  [119/176] BUILT N=32768,K=14336,ts_no_embed_tv16_R38D (5.9s)
  [120/176] BUILT N=4096,K=32768,lgk4_v4_R38D (4.8s)
  [121/176] BUILT N=14336,K=2048,u32_btw_all_R38D (4.8s)
  [122/176] BUILT N=32768,K=4096,ts_lgk2_tv16_R38D (4.8s)
  [123/176] BUILT N=4096,K=14336,ts_gm8_v12_btw_all_R38D (5.9s)
  [124/176] BUILT N=32768,K=14336,ts_lgk2_tv16_R38D (5.8s)
  [125/176] BUILT N=4096,K=14336,ts_no_embed_v12_R38D (5.8s)
  [126/176] BUILT N=4096,K=32768,ts_gm8_v12_btw_step3_R38D (4.7s)
  [127/176] BUILT N=32768,K=28672,ts_gm8_v12_btw_all_R38D (5.4s)
  [128/176] BUILT N=128256,K=32768,v20_R38D (4.6s)
  [129/176] BUILT N=32768,K=128256,ts_gm8_ext_br_R38D (5.8s)
  [130/176] BUILT N=32768,K=4096,ts_v4_tv16_R38D (4.9s)
  [131/176] BUILT N=14336,K=2048,ts_gm2_v20_R38D (4.7s)
  [132/176] BUILT N=14336,K=2048,ts_ext_br_v12_R38D (4.8s)
  [133/176] BUILT N=4096,K=2048,ts_v4_tv16_R38D (4.7s)
  [134/176] BUILT N=14336,K=2048,ts_gm2_lgk2_v12_R38D (4.8s)
  [135/176] BUILT N=28672,K=32768,no_embed_v16_R38D (4.8s)
  [136/176] BUILT N=32768,K=14336,ts_v24_R38D (5.8s)
  [137/176] BUILT N=14336,K=4096,ts_lgk2_v20_R38D (4.8s)
  [138/176] BUILT N=4096,K=14336,ts_lgk2_v24_R38D (5.8s)
  [139/176] BUILT N=4096,K=28672,ts_gm8_v12_btw_all_R38D (5.3s)
  [140/176] BUILT N=4096,K=32768,ts_pf6_6_lgk2_R38D (4.6s)
  [141/176] BUILT N=4096,K=14336,ts_pf6_6_lgk2_v12_R38D (5.8s)
  [142/176] BUILT N=28672,K=4096,ts_gm8_v12_btw_all_R38D (4.8s)
  [143/176] BUILT N=32768,K=14336,ts_v20_R38D (5.9s)
  [144/176] BUILT N=128256,K=32768,no_embed_v20_R38D (4.6s)
  [145/176] BUILT N=32768,K=28672,lgk2_v12_R38D (4.7s)
  [146/176] BUILT N=4096,K=32768,lgk2_v12_R38D (4.8s)
  [147/176] BUILT N=32768,K=4096,ts_lgk2_v24_R38D (4.8s)
  [148/176] BUILT N=4096,K=2048,ts_lgk2_v24_R38D (4.9s)
  [149/176] BUILT N=4096,K=14336,ts_no_embed_tv16_R38D (5.9s)
  [150/176] BUILT N=4096,K=14336,ts_lgk2_tv16_R38D (5.8s)
  [151/176] BUILT N=4096,K=2048,ts_u16_R38D (4.8s)
  [152/176] BUILT N=32768,K=128256,ts_no_embed_tv16_R38D (5.9s)
  [153/176] BUILT N=4096,K=2048,ts_lgk2_no_embed_R38D (4.7s)
  [154/176] BUILT N=4096,K=32768,v24_R38D (4.8s)
  [155/176] BUILT N=28672,K=4096,ts_gm2_ext_br_R38D (4.9s)
  [156/176] BUILT N=32768,K=4096,u32_btw_all_R38D (4.7s)
  [157/176] BUILT N=4096,K=28672,p1_btw_all_R38D (5.5s)
  [158/176] BUILT N=4096,K=14336,ts_lgk4_v16_R38D (5.9s)
  [159/176] BUILT N=4096,K=14336,ts_v24_R38D (5.8s)
  [160/176] BUILT N=4096,K=14336,ts_lgk2_v20_R38D (5.8s)
  [161/176] BUILT N=14336,K=4096,ts_lgk2_v16_R38D (4.9s)
  [162/176] BUILT N=28672,K=32768,v12_R38D (4.8s)
  [163/176] BUILT N=32768,K=128256,ts_gm8_v12_btw_step3_R38D (5.9s)
  [164/176] BUILT N=4096,K=32768,ts_gm8_v12_btw_all_R38D (4.7s)
  [165/176] BUILT N=28672,K=4096,p1_btw_all_R38D (4.8s)
  [166/176] BUILT N=14336,K=4096,u32_btw_all_R38D (4.8s)
  [167/176] BUILT N=128256,K=32768,no_embed_v16_R38D (4.7s)
  [168/176] BUILT N=128256,K=32768,ts_lgk2_btw_step3_R38D (4.7s)
  [169/176] BUILT N=28672,K=32768,ts_lgk2_btw_step3_R38D (4.5s)
  [170/176] BUILT N=4096,K=3072,v32_R38D (4.7s)
  [171/176] BUILT N=4096,K=32768,ts_R38D (4.6s)
  [172/176] BUILT N=14336,K=2048,ts_v16_R38D (4.7s)
  [173/176] BUILT N=28672,K=32768,pf6_6_R38D (4.7s)
  [174/176] BUILT N=32768,K=128256,ts_lgk2_v20_R38D (5.7s)
  [175/176] BUILT N=14336,K=4096,ts_lgk4_v16_R38D (4.8s)
  [176/176] BUILT N=32768,K=128256,ts_lgk2_btw_step3_R38D (5.8s)

Done in 58.3s: built=176, cached=0, failed=0
Manifest: R38D_BUILD_MANIFEST.json
