R38D Bench - GPUs: [0, 1, 2, 3, 4, 5, 6, 7]
Tasks: 190, warmup=200, iters=500, trim=0.1, gate kernel_finite>=0.995
==============================================================================================================
  [  8/190]   4096x  4096x 32768 ts                                               WRONG_OUTPUT  finite=0.0176  GPU7
  [  3/190]   4096x  4096x 32768 ts_pf6_6_lgk2                                    WRONG_OUTPUT  finite=0.0241  GPU2
  [  1/190]   4096x  4096x 32768 ts_gm8_v12_btw_all                               WRONG_OUTPUT  finite=0.0064  GPU0
  [  2/190]   4096x  4096x 32768 ts_no_embed_tv16                                 WRONG_OUTPUT  finite=0.0262  GPU1
  [  6/190]   4096x  4096x 32768 ts_gm8_v12_btw_step3                             WRONG_OUTPUT  finite=0.0060  GPU5
  [  5/190]   4096x  4096x 32768 ts_lgk2_btw_step3                                WRONG_OUTPUT  finite=0.0217  GPU4
  [  7/190]   4096x  4096x 32768 ts_lgk4                                          WRONG_OUTPUT  finite=0.0273  GPU6
  [  4/190]   4096x  4096x 32768 ts_gm8                                           WRONG_OUTPUT  finite=0.0085  GPU3
  [ 16/190]   4096x  6144x 32768 u16                                              WRONG_OUTPUT  finite=0.6844  GPU7
  [ 11/190]   4096x  6144x 32768 ts_gm8_v12_btw_all                               WRONG_OUTPUT  finite=0.0519  GPU2
  [  9/190]   4096x  4096x 32768 ts_pf6_6_lgk2_v12                                WRONG_OUTPUT  finite=0.0201  GPU0
  [ 15/190]   4096x  6144x 32768 default                                          WRONG_OUTPUT  finite=0.6452  GPU6
  [ 10/190]   4096x  4096x 32768 p1_btw_all                                       WRONG_OUTPUT  finite=0.0026  GPU1
  [ 12/190]   4096x  6144x 32768 ts_gm8_v12_btw_step3                             WRONG_OUTPUT  finite=0.0599  GPU3
  [ 13/190]   4096x  6144x 32768 p1_btw_all                                       WRONG_OUTPUT  finite=0.0644  GPU4
  [ 14/190]   4096x  6144x 32768 ts_lgk2_btw_step3                                WRONG_OUTPUT  finite=0.0502  GPU5
  [ 24/190]   4096x 28672x 32768 ts_gm8_v12_btw_all                               WRONG_OUTPUT  finite=0.0976  GPU7
  [ 19/190]   4096x  6144x 32768 lgk2_v4                                          WRONG_OUTPUT  finite=0.6335  GPU2
  [ 18/190]   4096x  6144x 32768 lgk4_v16                                         WRONG_OUTPUT  finite=0.6378  GPU1
  [ 17/190]   4096x  6144x 32768 no_embed                                         WRONG_OUTPUT  finite=0.6583  GPU0
  [ 23/190]   4096x 28672x 32768 p1_btw_all                                       WRONG_OUTPUT  finite=0.1026  GPU6
  [ 20/190]   4096x  6144x 32768 u8                                               WRONG_OUTPUT  finite=0.5959  GPU3
  [ 21/190]   4096x 28672x 32768 ts_lgk2_btw_step3                                WRONG_OUTPUT  finite=0.0924  GPU4
  [ 22/190]   4096x 28672x 32768 ts_gm8_v12_btw_step3                             WRONG_OUTPUT  finite=0.1131  GPU5
  [ 27/190]   4096x 28672x 32768 lgk2_v12                                         WRONG_OUTPUT  finite=0.6200  GPU2
  [ 32/190]   4096x 32768x  4096 u32_btw_all                                       3778.2 ( 90.7%) finite=0.9981  LOSE  GPU7
  [ 29/190]   4096x 28672x 32768 v24                                              WRONG_OUTPUT  finite=0.6004  GPU4
  [ 26/190]   4096x 28672x 32768 no_embed_v16                                     WRONG_OUTPUT  finite=0.5969  GPU1
  [ 31/190]   4096x 32768x  4096 ts_lgk2_btw_step3                                WRONG_OUTPUT  finite=0.9900  GPU6
  [ 25/190]   4096x 28672x 32768 pf6_6                                            WRONG_OUTPUT  finite=0.6092  GPU0
  [ 28/190]   4096x 28672x 32768 v12                                              WRONG_OUTPUT  finite=0.6153  GPU3
  [ 30/190]   4096x 28672x 32768 v16                                              WRONG_OUTPUT  finite=0.6129  GPU5
  [ 35/190]   4096x 32768x  4096 ts_gm2_lgk2_v12                                  WRONG_OUTPUT  finite=0.9844  GPU2
  [ 40/190]   4096x 32768x  4096 gm2                                              WRONG_OUTPUT  finite=0.9893  GPU7
  [ 37/190]   4096x 32768x  4096 ts_u16                                           WRONG_OUTPUT  finite=0.9827  GPU4
  [ 39/190]   4096x 32768x  4096 pf6_4                                             3763.4 ( 90.3%) finite=0.9988  LOSE  GPU6
  [ 34/190]   4096x 32768x  4096 lgk2_v16                                          3848.7 ( 92.4%) finite=0.9982  LOSE  GPU1
  [ 33/190]   4096x 32768x  4096 ts_no_embed_v12                                  WRONG_OUTPUT  finite=0.9886  GPU0
  [ 36/190]   4096x 32768x  4096 ts_pf6_6_lgk2_v12                                WRONG_OUTPUT  finite=0.9670  GPU3
  [ 38/190]   4096x 32768x  4096 ts_v16                                           WRONG_OUTPUT  finite=0.9850  GPU5
  [ 43/190]   4096x 32768x 14336 ts_lgk2_tv16                                     WRONG_OUTPUT  finite=0.9806  GPU2
  [ 48/190]   4096x 32768x 14336 p1_btw_all                                       WRONG_OUTPUT  finite=0.9667  GPU7
  [ 45/190]   4096x 32768x 14336 ts_lgk2_v24                                      WRONG_OUTPUT  finite=0.9812  GPU4
  [ 47/190]   4096x 32768x 14336 ts_v20                                           WRONG_OUTPUT  finite=0.9863  GPU6
  [ 42/190]   4096x 32768x 14336 ts_lgk2_v20                                      WRONG_OUTPUT  finite=0.9900  GPU1
  [ 41/190]   4096x 32768x 14336 ts_pf6_6_lgk2_v12                                WRONG_OUTPUT  finite=0.9923  GPU0
  [ 46/190]   4096x 32768x 14336 ts_v12_tv16                                      WRONG_OUTPUT  finite=0.9823  GPU5
  [ 44/190]   4096x 32768x 14336 ts_v24                                           WRONG_OUTPUT  finite=0.9860  GPU3
  [ 49/190]   4096x 32768x 14336 ts_pf6_6_lgk2                                    WRONG_OUTPUT  finite=0.9859  GPU0
  [ 50/190]   4096x 32768x 14336 ts_no_embed_tv16                                 WRONG_OUTPUT  finite=0.9908  GPU1
  [ 57/190]   4096x 32768x 28672 lgk2_v12                                         WRONG_OUTPUT  finite=0.6321  GPU0
  [ 58/190]   4096x 32768x 28672 ts_v12                                           WRONG_OUTPUT  finite=0.5043  GPU1
  [ 65/190]   4096x 32768x128256 u32_btw_all                                      WRONG_OUTPUT  finite=0.3554  GPU0
  [ 66/190]   4096x 32768x128256 ts_gm8_ext_br                                    WRONG_OUTPUT  finite=0.7576  GPU1
  [ 53/190]   4096x 32768x 28672 p1_btw_all                                       CRASH  finite=N/A  GPU4
  [ 73/190]   4096x128256x 32768 v32                                              WRONG_OUTPUT  finite=0.6778  GPU0
  [ 74/190]   4096x128256x 32768 lgk4_v12                                         WRONG_OUTPUT  finite=0.6683  GPU1
  [ 54/190]   4096x 32768x 28672 ts_gm8_v12_btw_step3                             CRASH  finite=N/A  GPU5
  [ 52/190]   4096x 32768x 28672 ts_lgk2_btw_step3                                CRASH  finite=N/A  GPU3
  [ 51/190]   4096x 32768x 28672 ts_gm8_v12_btw_all                               CRASH  finite=N/A  GPU2
  [ 61/190]   4096x 32768x128256 ts_gm8_v12_btw_step3                             WRONG_OUTPUT  finite=0.7777  GPU4
  [ 81/190]   6144x 32768x  4096 ts_lgk2_btw_step3                                WRONG_OUTPUT  finite=0.9935  GPU0
  [ 55/190]   4096x 32768x 28672 u32_btw_all                                      CRASH  finite=N/A  GPU6
  [ 62/190]   4096x 32768x128256 ts_gm8_v12_btw_all                               WRONG_OUTPUT  finite=0.7884  GPU5
  [ 60/190]   4096x 32768x 28672 default                                          WRONG_OUTPUT  finite=0.6187  GPU3
  [ 82/190]   6144x 32768x  4096 ts_v4_tv16                                        4062.2 ( 94.7%) finite=0.9955  LOSE  GPU1
  [ 56/190]   4096x 32768x 28672 ts_lgk2_v12                                      CRASH  finite=N/A  GPU7
  [ 89/190]   6144x 32768x  4096 ts_v12_tv16                                      WRONG_OUTPUT  finite=0.9919  GPU0
  [ 69/190]   4096x 32768x128256 ts_no_embed_tv16                                 WRONG_OUTPUT  finite=0.7751  GPU4
  [ 63/190]   4096x 32768x128256 p1_btw_all                                       WRONG_OUTPUT  finite=0.7797  GPU6
  [ 68/190]   4096x 32768x128256 ts_lgk2_v20                                      WRONG_OUTPUT  finite=0.7745  GPU3
  [ 90/190]   6144x 32768x  4096 p1_btw_all                                       WRONG_OUTPUT  finite=0.9903  GPU1
  [ 70/190]   4096x 32768x128256 ts_lgk2_v24                                      WRONG_OUTPUT  finite=0.7869  GPU5
  [ 64/190]   4096x 32768x128256 ts_lgk2_btw_step3                                WRONG_OUTPUT  finite=0.7954  GPU7
  [ 97/190]  14336x  4096x 32768 lgk4_v4                                          WRONG_OUTPUT  finite=0.5563  GPU0
  [ 77/190]   4096x128256x 32768 lgk2_no_embed                                    WRONG_OUTPUT  finite=0.6765  GPU4
  [ 98/190]  14336x  4096x 32768 lgk2_v12                                         WRONG_OUTPUT  finite=0.5374  GPU1
  [ 76/190]   4096x128256x 32768 lgk2_v16                                         WRONG_OUTPUT  finite=0.6670  GPU3
  [ 72/190]   4096x128256x 32768 u16                                              WRONG_OUTPUT  finite=0.6833  GPU7
  [ 78/190]   4096x128256x 32768 lgk2_v12                                         WRONG_OUTPUT  finite=0.6684  GPU5
  [ 71/190]   4096x128256x 32768 ts_lgk2_btw_step3                                WRONG_OUTPUT  finite=0.0524  GPU6
  [105/190]  16384x  4096x 14336 ts_lgk2_v20                                      WRONG_OUTPUT  finite=0.9659  GPU0
  [ 85/190]   6144x 32768x  4096 u32_btw_all                                       3954.5 ( 92.2%) finite=0.9987  LOSE  GPU4
  [106/190]  16384x  4096x 14336 ts_pf6_6_lgk2_v12                                WRONG_OUTPUT  finite=0.9832  GPU1
  [ 80/190]   4096x128256x 32768 no_embed_v20                                     WRONG_OUTPUT  finite=0.6714  GPU7
  [ 79/190]   4096x128256x 32768 v20                                              WRONG_OUTPUT  finite=0.6587  GPU6
  [ 86/190]   6144x 32768x  4096 ts_lgk2_v16                                      WRONG_OUTPUT  finite=0.9948  GPU5
  [ 84/190]   6144x 32768x  4096 ts_lgk2_v24                                       4085.3 ( 95.2%) finite=0.9959  LOSE  GPU3
  [ 93/190]  14336x  4096x 32768 ts_gm8_v12_btw_step3                             WRONG_OUTPUT  finite=0.2026  GPU4
  [ 88/190]   6144x 32768x  4096 ts_pf6_6_lgk2_v12                                WRONG_OUTPUT  finite=0.9931  GPU7
  [ 92/190]  14336x  4096x 32768 ts_gm8_v12_btw_all                               WRONG_OUTPUT  finite=0.2020  GPU3
  [ 87/190]   6144x 32768x  4096 ts_v20                                           WRONG_OUTPUT  finite=0.9931  GPU6
  [ 94/190]  14336x  4096x 32768 p1_btw_all                                       WRONG_OUTPUT  finite=0.2067  GPU5
  [101/190]  16384x  4096x 14336 ts_gm8_v12_btw_all                               WRONG_OUTPUT  finite=0.9946  GPU4
  [113/190]  16384x  4096x 28672 ts_gm8_v12_btw_all                               CRASH  finite=N/A  GPU0
  [ 96/190]  14336x  4096x 32768 v24                                              WRONG_OUTPUT  finite=0.5440  GPU7
  [102/190]  16384x  4096x 14336 p1_btw_all                                       WRONG_OUTPUT  finite=0.9925  GPU5
  [100/190]  14336x  4096x 32768 lgk2                                             WRONG_OUTPUT  finite=0.5398  GPU3
  [109/190]  16384x  4096x 14336 ts_no_embed_v12                                  WRONG_OUTPUT  finite=0.9839  GPU4
  [114/190]  16384x  4096x 28672 p1_btw_all                                       CRASH  finite=N/A  GPU1
  [121/190]  16384x 14336x  2048 ts_lgk2_v12                                      WRONG_OUTPUT  finite=0.9894  GPU0
  [104/190]  16384x  4096x 14336 ts_gm8_v12_btw_step3                             WRONG_OUTPUT  finite=0.9938  GPU7
  [ 59/190]   4096x 32768x 28672 ts_v24                                           CRASH  finite=N/A  GPU2
  [110/190]  16384x  4096x 14336 ts_lgk2_tv16                                     WRONG_OUTPUT  finite=0.9822  GPU5
  [108/190]  16384x  4096x 14336 ts_lgk2_v16                                      WRONG_OUTPUT  finite=0.9897  GPU3
  [117/190]  16384x  4096x 28672 v32                                              WRONG_OUTPUT  finite=0.5602  GPU4
  [122/190]  16384x 14336x  2048 ts_lgk4_v12                                      WRONG_OUTPUT  finite=0.9724  GPU1
  [129/190]  16384x 14336x  2048 ts_tv16                                          WRONG_OUTPUT  finite=0.9911  GPU0
  [ 67/190]   4096x 32768x128256 swap_gm8                                         WRONG_OUTPUT  finite=0.4287  GPU2
  [118/190]  16384x  4096x 28672 u8                                               WRONG_OUTPUT  finite=0.5651  GPU5
  [116/190]  16384x  4096x 28672 u16                                              WRONG_OUTPUT  finite=0.6087  GPU3
  [125/190]  16384x 14336x  2048 ts_lgk4_v4                                       WRONG_OUTPUT  finite=0.9903  GPU4
  [130/190]  16384x 14336x  2048 ts_lgk2_v24                                      WRONG_OUTPUT  finite=0.9903  GPU1
  [137/190]  16384x 14336x  4096 ts_pf6_6_lgk2                                    WRONG_OUTPUT  finite=0.9909  GPU0
  [ 75/190]   4096x128256x 32768 no_embed_v16                                     WRONG_OUTPUT  finite=0.6643  GPU2
  [ 95/190]  14336x  4096x 32768 u32_btw_all                                      CRASH  finite=N/A  GPU6
  [138/190]  16384x 14336x  4096 ts_pf6_6_lgk2_v12                                WRONG_OUTPUT  finite=0.9824  GPU1
  [126/190]  16384x 14336x  2048 ts_v16                                           WRONG_OUTPUT  finite=0.9899  GPU5
  [124/190]  16384x 14336x  2048 ts_no_embed                                      WRONG_OUTPUT  finite=0.9847  GPU3
  [133/190]  16384x 14336x  4096 ts_lgk2_v20                                      WRONG_OUTPUT  finite=0.9895  GPU4
  [145/190]  16384x 28672x  4096 p1_btw_all                                       WRONG_OUTPUT  finite=0.9870  GPU0
  [ 83/190]   6144x 32768x  4096 ts_lgk2_tv16                                     WRONG_OUTPUT  finite=0.9898  GPU2
  [103/190]  16384x  4096x 14336 ts_lgk2_btw_step3                                WRONG_OUTPUT  finite=0.9921  GPU6
  [112/190]  16384x  4096x 28672 u32_btw_all                                      CRASH  finite=N/A  GPU7
  [134/190]  16384x 14336x  4096 v12                                              WRONG_OUTPUT  finite=0.9885  GPU5
  [146/190]  16384x 28672x  4096 ts_lgk2_btw_step3                                WRONG_OUTPUT  finite=0.9772  GPU1
  [132/190]  16384x 14336x  4096 u32_btw_all                                      WRONG_OUTPUT  finite=0.9908  GPU3
  [141/190]  16384x 28672x  4096 ts_gm8_v12_btw_all                               WRONG_OUTPUT  finite=0.9858  GPU4
  [ 91/190]  14336x  4096x 32768 ts_lgk2_btw_step3                                WRONG_OUTPUT  finite=0.1425  GPU2
  [153/190]  32768x  4096x  3072 v32                                               3647.3 (100.5%) finite=0.9958  WIN  GPU0
  [120/190]  16384x  4096x 28672 no_embed_v16                                     WRONG_OUTPUT  finite=0.5595  GPU7
  [142/190]  16384x 28672x  4096 ts_gm2_ext_br                                    WRONG_OUTPUT  finite=0.9877  GPU5
  [140/190]  16384x 14336x  4096 no_embed_v16                                     WRONG_OUTPUT  finite=0.9905  GPU3
  [154/190]  32768x  4096x  3072 ts_pf4_tv16                                      WRONG_OUTPUT  finite=0.9938  GPU1
  [149/190]  16384x 28672x  4096 ts_gm8_v12_btw_step3                             WRONG_OUTPUT  finite=0.9786  GPU4
  [ 99/190]  14336x  4096x 32768 no_embed_v20                                     WRONG_OUTPUT  finite=0.5453  GPU2
  [161/190]  32768x  4096x 14336 p1_btw_all                                       WRONG_OUTPUT  finite=0.9845  GPU0
  [128/190]  16384x 14336x  2048 u32_btw_all                                      WRONG_OUTPUT  finite=0.9902  GPU7
  [162/190]  32768x  4096x 14336 ts_gm8_v12_btw_step3                             WRONG_OUTPUT  finite=0.9913  GPU1
  [169/190]  32768x  4096x 14336 ts_v24                                           WRONG_OUTPUT  finite=0.9809  GPU0
  [157/190]  32768x  4096x  3072 u32_btw_all                                      WRONG_OUTPUT  finite=0.9905  GPU4
  [148/190]  16384x 28672x  4096 ts_gm2                                           WRONG_OUTPUT  finite=0.9880  GPU3
  [107/190]  16384x  4096x 14336 ts_no_embed_tv16                                 WRONG_OUTPUT  finite=0.9943  GPU2
  [150/190]  16384x 28672x  4096 ts_gm2_v12                                       WRONG_OUTPUT  finite=0.9845  GPU5
  [158/190]  32768x  4096x  3072 ts_gm8_v12_btw_all                               WRONG_OUTPUT  finite=0.9877  GPU5
  [165/190]  32768x  4096x 14336 u32_btw_all                                      WRONG_OUTPUT  finite=0.9927  GPU4
  [156/190]  32768x  4096x  3072 pf4_6                                            WRONG_OUTPUT  finite=0.9923  GPU3
  [136/190]  16384x 14336x  4096 ts_lgk4_v16                                      WRONG_OUTPUT  finite=0.9903  GPU7
  [170/190]  32768x  4096x 14336 ts_lgk4_v16                                      WRONG_OUTPUT  finite=0.9883  GPU1
  [177/190]  32768x 14336x  2048 ts_u16                                           WRONG_OUTPUT  finite=0.9830  GPU0
  [111/190]  16384x  4096x 28672 ts_lgk2_btw_step3                                CRASH  finite=N/A  GPU6
  [164/190]  32768x  4096x 14336 ts_lgk2_btw_step3                                WRONG_OUTPUT  finite=0.9913  GPU3
  [144/190]  16384x 28672x  4096 ts_gm2_v20                                       WRONG_OUTPUT  finite=0.9794  GPU7
  [166/190]  32768x  4096x 14336 ts_gm8_v12                                       WRONG_OUTPUT  finite=0.9859  GPU5
  [173/190]  32768x 14336x  2048 ts_lgk2_v24                                      WRONG_OUTPUT  finite=0.9849  GPU4
  [185/190]  16384x  4096x  2048 ts                                                3176.6 (106.1%) finite=0.9998  WIN  GPU0
  [178/190]  32768x 14336x  2048 ts_gm2_lgk2_v12                                  WRONG_OUTPUT  finite=0.9815  GPU1
  [174/190]  32768x 14336x  2048 ts_lgk4_v4                                       WRONG_OUTPUT  finite=0.9914  GPU5
  [186/190]  16384x  4096x  2048 ts_v16                                            3175.8 (106.0%) finite=0.9998  WIN  GPU1
  [172/190]  32768x 14336x  2048 ts_lgk2_btw_step3                                WRONG_OUTPUT  finite=0.9882  GPU3
  [152/190]  32768x  4096x  3072 ts_no_embed_tv16                                 WRONG_OUTPUT  finite=0.9925  GPU7
  [181/190]  16384x  4096x  2048 ts_v12_tv16                                       3253.7 (108.6%) finite=0.9998  WIN  GPU4
  [119/190]  16384x  4096x 28672 no_embed_v20                                     WRONG_OUTPUT  finite=0.5701  GPU6
  [182/190]  16384x  4096x  2048 ts_lgk2_v24                                       3145.4 (105.0%) finite=0.9998  WIN  GPU5
  [160/190]  32768x  4096x  3072 p1_btw_all                                       WRONG_OUTPUT  finite=0.9911  GPU7
  [115/190]  16384x  4096x 28672 ts_gm8_v12_btw_step3                             CRASH  finite=N/A  GPU2
  [180/190]  32768x 14336x  2048 ts_ext_br_v12                                    WRONG_OUTPUT  finite=0.9907  GPU3
  [127/190]  16384x 14336x  2048 ts                                               WRONG_OUTPUT  finite=0.9904  GPU6
  [189/190]  16384x  4096x  2048 ts_v4_tv16                                        3139.2 (104.8%) finite=0.9998  WIN  GPU4
  [168/190]  32768x  4096x 14336 ts_v12                                           WRONG_OUTPUT  finite=0.9854  GPU7
  [190/190]  16384x  4096x  2048 ts_lgk2_tv16                                      3118.7 (104.1%) finite=0.9998  WIN  GPU5
  [123/190]  16384x 14336x  2048 ts_pf6_6                                         WRONG_OUTPUT  finite=0.9871  GPU2
  [135/190]  16384x 14336x  4096 ts_lgk2_v16                                      WRONG_OUTPUT  finite=0.9869  GPU6
  [188/190]  16384x  4096x  2048 ts_lgk2_v20                                       3065.7 (102.4%) finite=0.9998  WIN  GPU3
  [176/190]  32768x 14336x  2048 ts_tv16                                          WRONG_OUTPUT  finite=0.9855  GPU7
  [131/190]  16384x 14336x  4096 ts_lgk2_btw_step3                                WRONG_OUTPUT  finite=0.9908  GPU2
  [143/190]  16384x 28672x  4096 u32_btw_all                                      WRONG_OUTPUT  finite=0.9947  GPU6
  [184/190]  16384x  4096x  2048 ts_u16                                            3129.4 (104.5%) finite=0.9998  WIN  GPU7
  [139/190]  16384x 14336x  4096 ts_v4                                            WRONG_OUTPUT  finite=0.9863  GPU2
  [151/190]  32768x  4096x  3072 ts_lgk2_btw_step3                                WRONG_OUTPUT  finite=0.9872  GPU6
  [147/190]  16384x 28672x  4096 ts_gm2u8                                         WRONG_OUTPUT  finite=0.9852  GPU2
  [159/190]  32768x  4096x  3072 ts_lgk2_v16                                      WRONG_OUTPUT  finite=0.9938  GPU6
  [167/190]  32768x  4096x 14336 ts_lgk2_v24                                      WRONG_OUTPUT  finite=0.9833  GPU6
  [155/190]  32768x  4096x  3072 no_embed_v4                                       3626.4 ( 99.9%) finite=0.9963  LOSE  GPU2
  [163/190]  32768x  4096x 14336 ts_gm8_v12_btw_all                               WRONG_OUTPUT  finite=0.9941  GPU2
  [175/190]  32768x 14336x  2048 ts_gm2_lgk2                                      WRONG_OUTPUT  finite=0.9840  GPU6
  [171/190]  32768x 14336x  2048 ts_gm2_v20                                       WRONG_OUTPUT  finite=0.9802  GPU2
  [183/190]  16384x  4096x  2048 ts_lgk2_v16                                       3043.3 (101.6%) finite=0.9998  WIN  GPU6
  [179/190]  32768x 14336x  2048 ts_no_embed_tv16                                 WRONG_OUTPUT  finite=0.9894  GPU2
  [187/190]  16384x  4096x  2048 ts_lgk2_no_embed                                  3164.3 (105.7%) finite=0.9998  WIN  GPU2

==============================================================================================================

Results saved to /shared_nfs/kyle/test/HipKittens/analysis/fp8_gemm/mi350x/bench_all42_results_R38_optD.json
Per-shape: 4/19 have at least one correct variant; 2/19 have a WIN (correct AND ≥comp).
Elapsed: 3.4 min
