R38 OptF (variant 3) Correctness-Gated Bench - GPUs: [0, 1, 2, 3, 4, 5, 6, 7]
Shapes: 42, warmup=200, iters=500, trim=0.1, gate kernel_finite>=0.995
==============================================================================================================
  [ 1/42]  16384x  4096x  2048  MISSING_SO  finite=N/A  GPU0
  [ 9/42]  32768x 14336x  2048  MISSING_SO  finite=N/A  GPU0
  [ 5/42]  32768x  4096x  3072  MISSING_SO  finite=N/A  GPU4
  [ 7/42]  16384x 14336x  2048  MISSING_SO  finite=N/A  GPU6
  [15/42]   4096x  4096x 32768  MISSING_SO  finite=N/A  GPU6
  [23/42]   4096x 32768x128256  MISSING_SO  finite=N/A  GPU6
  [ 2/42]  16384x  4096x  3072   3368.4 vs  3492.3 ( 96.5%) finite=0.9977  LOSE  GPU1
  [ 8/42]  16384x 28672x  2048  WRONG_OUTPUT  finite=0.9922  GPU7
  [16/42]   4096x  6144x 32768  MISSING_SO  finite=N/A  GPU7
  [24/42]   4096x128256x 32768  MISSING_SO  finite=N/A  GPU7
  [32/42]  16384x  4096x 14336  MISSING_SO  finite=N/A  GPU7
  [31/42]  16384x  4096x  7168   3756.4 vs  4443.2 ( 84.5%) finite=0.9976  LOSE  GPU6
  [13/42]   6144x  4096x 16384   3118.7 vs  4428.1 ( 70.4%) finite=0.9972  LOSE  GPU4
  [21/42]   4096x 32768x 14336  MISSING_SO  finite=N/A  GPU4
  [ 4/42]  32768x  4096x  2048  WRONG_OUTPUT  finite=0.9781  GPU3
  [ 3/42]  16384x  6144x  2048   3016.6 vs  3047.6 ( 99.0%) finite=0.9974  LOSE  GPU2
  [ 6/42]  32768x  6144x  2048   3157.1 vs  3239.9 ( 97.4%) finite=0.9953  LOSE  GPU5
  [17/42]   4096x 14336x  8192   3448.6 vs  4345.8 ( 79.4%) finite=0.9963  LOSE  GPU0
  [10/42]  32768x 28672x  2048  WRONG_OUTPUT  finite=0.9900  GPU1
  [18/42]   4096x 28672x 32768  MISSING_SO  finite=N/A  GPU1
  [39/42]  28672x 32768x  4096  WRONG_OUTPUT  finite=0.9817  GPU6
  [40/42]  32768x  4096x  7168  WRONG_OUTPUT  finite=0.9917  GPU7
  [29/42]  16384x  4096x  4096   3514.7 vs  3951.8 ( 88.9%) finite=0.9978  LOSE  GPU4
  [12/42]   4096x 14336x 16384  WRONG_OUTPUT  finite=0.9920  GPU3
  [11/42]   4096x  4096x 16384   3895.8 vs  4642.1 ( 83.9%) finite=0.9965  LOSE  GPU2
  [14/42]   4096x  4096x  8192   3429.7 vs  3959.9 ( 86.6%) finite=1.0000  LOSE  GPU5
  [22/42]   4096x 32768x 28672  MISSING_SO  finite=N/A  GPU5
  [25/42]   6144x  4096x  8192   2868.8 vs  3822.0 ( 75.1%) finite=0.9972  LOSE  GPU0
  [33/42]  16384x  4096x 28672  MISSING_SO  finite=N/A  GPU0
  [41/42]  32768x  4096x 14336  MISSING_SO  finite=N/A  GPU0
  [26/42]   6144x 32768x  4096  WRONG_OUTPUT  finite=0.9859  GPU1
  [20/42]   4096x 32768x  6144  WRONG_OUTPUT  finite=0.9933  GPU3
  [19/42]   4096x 32768x  4096  WRONG_OUTPUT  finite=0.9925  GPU2
  [27/42]  14336x  4096x 32768  MISSING_SO  finite=N/A  GPU2
  [35/42]  16384x 14336x  4096  MISSING_SO  finite=N/A  GPU2
  [37/42]  28672x  4096x  8192   3829.3 vs  4810.0 ( 79.6%) finite=0.9960  LOSE  GPU4
  [30/42]  16384x  4096x  6144   3708.1 vs  4259.9 ( 87.0%) finite=0.9976  LOSE  GPU5
  [34/42]  16384x  6144x  4096   3657.5 vs  4042.5 ( 90.5%) finite=0.9981  LOSE  GPU1
  [28/42]  14336x 32768x  4096  WRONG_OUTPUT  finite=0.9901  GPU3
  [36/42]  16384x 28672x  4096  MISSING_SO  finite=N/A  GPU3
  [38/42]  28672x  4096x 16384  WRONG_OUTPUT  finite=0.9921  GPU5
  [42/42] 128256x 32768x  4096  WRONG_OUTPUT  finite=0.9893  GPU1

==============================================================================================================
WIN: 0/42  LOSE: 13/42  WRONG_OUTPUT: 12/42  ERR: 17/42  (0.4 min)

Results saved to /shared_nfs/kyle/test/HipKittens/analysis/fp8_gemm/mi350x/bench_all42_results_R38_optF.json
