R39 OptA Correctness-Gated Bench - GPUs: [0, 1, 2, 3, 4, 5, 6, 7]
Shapes: 42, warmup=200, iters=500, trim=0.1, gate kernel_finite>=0.995
==============================================================================================================
  [ 2/42]  16384x  4096x  3072  MISSING_SO  finite=N/A  GPU1
  [ 4/42]  32768x  4096x  2048  MISSING_SO  finite=N/A  GPU3
  [ 8/42]  16384x 28672x  2048  MISSING_SO  finite=N/A  GPU7
  [10/42]  32768x 28672x  2048  MISSING_SO  finite=N/A  GPU1
  [ 5/42]  32768x  4096x  3072  WRONG_OUTPUT  finite=0.9931  GPU4
  [ 7/42]  16384x 14336x  2048  WRONG_OUTPUT  finite=0.9947  GPU6
  [18/42]   4096x 28672x 32768  WRONG_OUTPUT  finite=0.9453  GPU1
  [ 3/42]  16384x  6144x  2048   3246.1 vs  3047.6 (106.5%) finite=0.9968  WIN  GPU2
  [ 6/42]  32768x  6144x  2048  WRONG_OUTPUT  finite=0.9917  GPU5
  [ 1/42]  16384x  4096x  2048   3095.6 vs  2995.0 (103.4%) finite=0.9966  WIN  GPU0
  [12/42]   4096x 14336x 16384   4363.0 vs  5013.0 ( 87.0%) finite=0.9956  LOSE  GPU3
  [20/42]   4096x 32768x  6144  MISSING_SO  finite=N/A  GPU3
  [16/42]   4096x  6144x 32768  WRONG_OUTPUT  finite=0.9775  GPU7
  [11/42]   4096x  4096x 16384   4341.1 vs  4642.1 ( 93.5%) finite=0.9999  LOSE  GPU2
  [28/42]  14336x 32768x  4096  WRONG_OUTPUT  finite=0.8756  GPU3
  [ 9/42]  32768x 14336x  2048  WRONG_OUTPUT  finite=0.9914  GPU0
  [14/42]   4096x  4096x  8192  WRONG_OUTPUT  finite=0.9940  GPU5
  [15/42]   4096x  4096x 32768   4916.6 vs  5152.8 ( 95.4%) finite=0.9998  LOSE  GPU6
  [26/42]   6144x 32768x  4096  WRONG_OUTPUT  finite=0.9528  GPU1
  [13/42]   6144x  4096x 16384   3787.6 vs  4428.1 ( 85.5%) finite=0.9999  LOSE  GPU4
  [19/42]   4096x 32768x  4096  WRONG_OUTPUT  finite=0.9631  GPU2
  [22/42]   4096x 32768x 28672  WRONG_OUTPUT  finite=0.9889  GPU5
  [36/42]  16384x 28672x  4096  WRONG_OUTPUT  finite=0.9687  GPU3
  [24/42]   4096x128256x 32768  WRONG_OUTPUT  finite=0.9821  GPU7
  [17/42]   4096x 14336x  8192   4066.6 vs  4345.8 ( 93.6%) finite=0.9979  LOSE  GPU0
  [21/42]   4096x 32768x 14336  WRONG_OUTPUT  finite=0.9850  GPU4
  [34/42]  16384x  6144x  4096  WRONG_OUTPUT  finite=0.9863  GPU1
  [23/42]   4096x 32768x128256   4139.3 vs  5781.1 ( 71.6%) finite=0.9952  LOSE  GPU6
  [27/42]  14336x  4096x 32768  WRONG_OUTPUT  finite=0.9784  GPU2
  [32/42]  16384x  4096x 14336  WRONG_OUTPUT  finite=0.9817  GPU7
  [25/42]   6144x  4096x  8192   3540.5 vs  3822.0 ( 92.6%) finite=0.9955  LOSE  GPU0
  [29/42]  16384x  4096x  4096  WRONG_OUTPUT  finite=0.9885  GPU4
  [30/42]  16384x  4096x  6144   4270.6 vs  4259.9 (100.3%) finite=0.9983  WIN  GPU5
  [42/42] 128256x 32768x  4096  WRONG_OUTPUT  finite=0.9786  GPU1
  [37/42]  28672x  4096x  8192  WRONG_OUTPUT  finite=0.9895  GPU4
  [38/42]  28672x  4096x 16384  WRONG_OUTPUT  finite=0.9871  GPU5
  [33/42]  16384x  4096x 28672  WRONG_OUTPUT  finite=0.9862  GPU0
  [40/42]  32768x  4096x  7168  WRONG_OUTPUT  finite=0.9932  GPU7
  [35/42]  16384x 14336x  4096  WRONG_OUTPUT  finite=0.9761  GPU2
  [31/42]  16384x  4096x  7168   3650.0 vs  4443.2 ( 82.1%) finite=0.9984  LOSE  GPU6
  [39/42]  28672x 32768x  4096  WRONG_OUTPUT  finite=0.9529  GPU6
  [41/42]  32768x  4096x 14336  WRONG_OUTPUT  finite=0.9741  GPU0

==============================================================================================================
WIN: 3/42  LOSE: 8/42  WRONG_OUTPUT: 26/42  ERR: 5/42  (0.9 min)

Results saved to /shared_nfs/kyle/test/HipKittens/analysis/fp8_gemm/mi350x/bench_all42_results_R39A_fixB.json
