R39 Opt B Random-Scale + SNR Bench [run1/3] - GPUs: [0, 1, 2, 3, 4, 5, 6, 7]
Shapes: 42, warmup=200, iters=500, trim=0.1, SNR>=10.0dB AND wrong_cells<0.02 AND finite>=0.99, seed=42
==============================================================================================================
  [ 4/42]  32768x  4096x  2048  WRONG_OUTPUT snr=-2.0/0.9 fin=0.9809 GPU3
  [ 1/42]  16384x  4096x  2048   3194.9 vs  2995.0 (106.7%) snr= 14.3/ 24.4dB fin=0.9987 WIN GPU0
  [ 5/42]  32768x  4096x  3072   3613.1 vs  3630.6 ( 99.5%) snr= -1.0/ 49.6dB fin=0.9959 LOSE GPU4
  [ 3/42]  16384x  6144x  2048  WRONG_OUTPUT snr=0.7/0.7 fin=0.9848 GPU2
  [ 6/42]  32768x  6144x  2048  WRONG_OUTPUT snr=-3.0/9.9 fin=0.9946 GPU5
  [ 7/42]  16384x 14336x  2048  WRONG_OUTPUT snr=-0.1/0.5 fin=0.9831 GPU6
  [ 2/42]  16384x  4096x  3072   3507.2 vs  3492.3 (100.4%) snr=  3.1/ 49.6dB fin=0.9962 WIN GPU1
  [11/42]   4096x  4096x 16384  WRONG_OUTPUT snr=-9.4/-9.3 fin=0.9983 GPU2
  [13/42]   6144x  4096x 16384  WRONG_OUTPUT snr=-9.4/-9.3 fin=0.9988 GPU4
  [12/42]   4096x 14336x 16384  WRONG_OUTPUT snr=-9.3/-9.3 fin=0.9960 GPU3
  [15/42]   4096x  4096x 32768  WRONG_OUTPUT snr=-13.0/-12.6 fin=0.7276 GPU6
  [14/42]   4096x  4096x  8192  WRONG_OUTPUT snr=-6.9/-6.9 fin=1.0000 GPU5
  [ 8/42]  16384x 28672x  2048  CRASH snr=? fin=N/A GPU7
  [20/42]   4096x 32768x  6144  WRONG_OUTPUT snr=-6.8/-5.2 fin=0.9976 GPU3
  [19/42]   4096x 32768x  4096   3855.2 vs  4166.5 ( 92.5%) snr= 15.3/ 49.6dB fin=0.9990 LOSE GPU2
  [21/42]   4096x 32768x 14336  WRONG_OUTPUT snr=20.9/49.6 fin=0.9741 GPU4
  [23/42]   4096x 32768x128256  WRONG_OUTPUT snr=0.9/49.5 fin=0.7955 GPU6
  [22/42]   4096x 32768x 28672  WRONG_OUTPUT snr=-12.7/-11.9 fin=0.6103 GPU5
  [ 9/42]  32768x 14336x  2048  CRASH snr=? fin=N/A GPU0
  [16/42]   4096x  6144x 32768  WRONG_OUTPUT snr=-12.7/-12.5 fin=0.6728 GPU7
  [27/42]  14336x  4096x 32768  WRONG_OUTPUT snr=-13.3/-12.6 fin=0.6721 GPU2
  [29/42]  16384x  4096x  4096  WRONG_OUTPUT snr=-7.9/-4.7 fin=0.9914 GPU4
  [31/42]  16384x  4096x  7168  WRONG_OUTPUT snr=-7.6/-6.3 fin=0.9972 GPU6
  [30/42]  16384x  4096x  6144  WRONG_OUTPUT snr=-6.0/-5.2 fin=0.9983 GPU5
  [17/42]   4096x 14336x  8192  WRONG_OUTPUT snr=-6.9/-6.9 fin=0.9970 GPU0
  [35/42]  16384x 14336x  4096  WRONG_OUTPUT snr=-10.9/? fin=0.9919 GPU2
  [24/42]   4096x128256x 32768  WRONG_OUTPUT snr=-12.7/-12.5 fin=0.6500 GPU7
  [37/42]  28672x  4096x  8192  WRONG_OUTPUT snr=-6.9/-6.8 fin=0.9908 GPU4
  [38/42]  28672x  4096x 16384  WRONG_OUTPUT snr=-9.3/-9.3 fin=0.9984 GPU5
  [25/42]   6144x  4096x  8192  WRONG_OUTPUT snr=-6.9/-6.9 fin=0.9986 GPU0
  [32/42]  16384x  4096x 14336  WRONG_OUTPUT snr=20.9/49.6 fin=0.9557 GPU7
  [33/42]  16384x  4096x 28672  WRONG_OUTPUT snr=-12.6/-12.0 fin=0.6619 GPU0
  [10/42]  32768x 28672x  2048  CRASH snr=? fin=N/A GPU1
  [28/42]  14336x 32768x  4096  CRASH snr=? fin=N/A GPU3
  [40/42]  32768x  4096x  7168  WRONG_OUTPUT snr=-7.5/-6.3 fin=0.9949 GPU7
  [41/42]  32768x  4096x 14336  WRONG_OUTPUT snr=-11.3/-9.6 fin=0.9782 GPU0
  [36/42]  16384x 28672x  4096  WRONG_OUTPUT snr=-8.2/-4.8 fin=0.9727 GPU3
  [18/42]   4096x 28672x 32768  WRONG_OUTPUT snr=-13.0/-12.6 fin=0.6240 GPU1
  [26/42]   6144x 32768x  4096  WRONG_OUTPUT snr=11.2/49.5 fin=0.9895 GPU1
  [34/42]  16384x  6144x  4096  WRONG_OUTPUT snr=-8.6/-4.7 fin=0.9913 GPU1
  [39/42]  28672x 32768x  4096  CRASH snr=? fin=N/A GPU6
  [42/42] 128256x 32768x  4096   3926.6 vs  4536.4 ( 86.6%) snr= 15.8/ 49.6dB fin=0.9954 LOSE GPU1

==============================================================================================================
[run1] WIN: 2/42  LOSE: 3/42  WRONG: 32/42  ERR: 5/42  (1.4 min)
R39 Opt B Random-Scale + SNR Bench [run2/3] - GPUs: [0, 1, 2, 3, 4, 5, 6, 7]
Shapes: 42, warmup=200, iters=500, trim=0.1, SNR>=10.0dB AND wrong_cells<0.02 AND finite>=0.99, seed=42
==============================================================================================================
  [ 1/42]  16384x  4096x  2048   3066.8 vs  2995.0 (102.4%) snr= 14.4/ 24.5dB fin=0.9990 WIN GPU0
  [ 2/42]  16384x  4096x  3072   3573.7 vs  3492.3 (102.3%) snr=  3.2/ 49.6dB fin=0.9961 WIN GPU1
  [ 3/42]  16384x  6144x  2048  WRONG_OUTPUT snr=0.4/0.6 fin=0.9849 GPU2
  [ 4/42]  32768x  4096x  2048  WRONG_OUTPUT snr=-2.4/1.0 fin=0.9812 GPU3
  [ 5/42]  32768x  4096x  3072   3681.3 vs  3630.6 (101.4%) snr= 12.5/ 26.2dB fin=0.9961 WIN GPU4
  [ 7/42]  16384x 14336x  2048  WRONG_OUTPUT snr=0.4/0.6 fin=0.9828 GPU6
  [ 6/42]  32768x  6144x  2048   3329.9 vs  3239.9 (102.8%) snr=  0.8/ 26.9dB fin=0.9953 WIN GPU5
  [11/42]   4096x  4096x 16384  WRONG_OUTPUT snr=-9.4/-9.3 fin=0.9981 GPU2
  [ 9/42]  32768x 14336x  2048  WRONG_OUTPUT snr=-1.7/0.9 fin=0.9821 GPU0
  [13/42]   6144x  4096x 16384  WRONG_OUTPUT snr=-9.4/-9.3 fin=0.9988 GPU4
  [12/42]   4096x 14336x 16384  WRONG_OUTPUT snr=-9.3/-9.3 fin=0.9962 GPU3
  [15/42]   4096x  4096x 32768  WRONG_OUTPUT snr=-12.9/-12.6 fin=0.7271 GPU6
  [14/42]   4096x  4096x  8192  WRONG_OUTPUT snr=-6.9/-6.9 fin=1.0000 GPU5
  [ 8/42]  16384x 28672x  2048  CRASH snr=? fin=N/A GPU7
  [22/42]   4096x 32768x 28672  WRONG_OUTPUT snr=-12.6/-12.0 fin=0.6196 GPU5
  [19/42]   4096x 32768x  4096   3748.9 vs  4166.5 ( 90.0%) snr= 14.1/ 49.6dB fin=0.9989 LOSE GPU2
  [20/42]   4096x 32768x  6144  WRONG_OUTPUT snr=-6.5/-5.2 fin=0.9861 GPU3
  [21/42]   4096x 32768x 14336  WRONG_OUTPUT snr=20.7/35.4 fin=0.9771 GPU4
  [17/42]   4096x 14336x  8192  WRONG_OUTPUT snr=-6.9/-6.9 fin=0.9982 GPU0
  [23/42]   4096x 32768x128256  WRONG_OUTPUT snr=1.6/49.5 fin=0.7943 GPU6
  [16/42]   4096x  6144x 32768  WRONG_OUTPUT snr=-12.7/-12.5 fin=0.6776 GPU7
  [29/42]  16384x  4096x  4096  WRONG_OUTPUT snr=-7.8/-4.7 fin=0.9745 GPU4
  [27/42]  14336x  4096x 32768  WRONG_OUTPUT snr=-13.0/-12.5 fin=0.6819 GPU2
  [30/42]  16384x  4096x  6144  WRONG_OUTPUT snr=-5.2/-5.2 fin=0.9933 GPU5
  [31/42]  16384x  4096x  7168  WRONG_OUTPUT snr=-7.6/-6.3 fin=0.9905 GPU6
  [25/42]   6144x  4096x  8192  WRONG_OUTPUT snr=-6.9/-6.8 fin=0.9980 GPU0
  [24/42]   4096x128256x 32768  WRONG_OUTPUT snr=-12.9/-12.5 fin=0.6485 GPU7
  [37/42]  28672x  4096x  8192  WRONG_OUTPUT snr=-6.9/-6.8 fin=0.9957 GPU4
  [35/42]  16384x 14336x  4096  WRONG_OUTPUT snr=-9.1/-4.7 fin=0.9820 GPU2
  [38/42]  28672x  4096x 16384  WRONG_OUTPUT snr=-9.3/-9.3 fin=0.9981 GPU5
  [32/42]  16384x  4096x 14336  WRONG_OUTPUT snr=7.8/49.6 fin=0.9885 GPU7
  [33/42]  16384x  4096x 28672  WRONG_OUTPUT snr=-12.3/-12.0 fin=0.6685 GPU0
  [41/42]  32768x  4096x 14336  WRONG_OUTPUT snr=-11.0/-9.6 fin=0.9763 GPU0
  [40/42]  32768x  4096x  7168  WRONG_OUTPUT snr=-7.4/-6.3 fin=0.9959 GPU7
  [28/42]  14336x 32768x  4096  CRASH snr=? fin=N/A GPU3
  [10/42]  32768x 28672x  2048  CRASH snr=? fin=N/A GPU1
  [18/42]   4096x 28672x 32768  WRONG_OUTPUT snr=-12.9/-12.5 fin=0.6195 GPU1
  [36/42]  16384x 28672x  4096  WRONG_OUTPUT snr=-8.5/-4.8 fin=0.9919 GPU3
  [26/42]   6144x 32768x  4096  WRONG_OUTPUT snr=16.3/49.6 fin=0.9892 GPU1
  [34/42]  16384x  6144x  4096  WRONG_OUTPUT snr=-8.1/-4.7 fin=0.9912 GPU1
  [39/42]  28672x 32768x  4096  CRASH snr=? fin=N/A GPU6
  [42/42] 128256x 32768x  4096   3935.3 vs  4536.4 ( 86.7%) snr=  5.4/ 20.0dB fin=0.9954 LOSE GPU1

==============================================================================================================
[run2] WIN: 4/42  LOSE: 2/42  WRONG: 32/42  ERR: 4/42  (1.8 min)
R39 Opt B Random-Scale + SNR Bench [run3/3] - GPUs: [0, 1, 2, 3, 4, 5, 6, 7]
Shapes: 42, warmup=200, iters=500, trim=0.1, SNR>=10.0dB AND wrong_cells<0.02 AND finite>=0.99, seed=42
==============================================================================================================
  [ 7/42]  16384x 14336x  2048  WRONG_OUTPUT snr=0.3/0.4 fin=0.9836 GPU6
  [ 1/42]  16384x  4096x  2048   3206.3 vs  2995.0 (107.1%) snr= 14.4/ 24.4dB fin=0.9990 WIN GPU0
  [ 2/42]  16384x  4096x  3072   3525.7 vs  3492.3 (101.0%) snr=  7.0/ 49.6dB fin=0.9961 WIN GPU1
  [ 3/42]  16384x  6144x  2048  WRONG_OUTPUT snr=0.5/0.7 fin=0.9849 GPU2
  [ 5/42]  32768x  4096x  3072  WRONG_OUTPUT snr=13.8/37.5 fin=0.9887 GPU4
  [ 4/42]  32768x  4096x  2048  WRONG_OUTPUT snr=-1.7/1.0 fin=0.9754 GPU3
  [ 6/42]  32768x  6144x  2048  WRONG_OUTPUT snr=0.1/17.0 fin=0.9870 GPU5
  [ 9/42]  32768x 14336x  2048  WRONG_OUTPUT snr=-3.3/0.9 fin=0.9823 GPU0
  [15/42]   4096x  4096x 32768  WRONG_OUTPUT snr=-12.9/-12.6 fin=0.7058 GPU6
  [11/42]   4096x  4096x 16384  WRONG_OUTPUT snr=-9.4/-9.3 fin=0.9982 GPU2
  [14/42]   4096x  4096x  8192  WRONG_OUTPUT snr=-6.9/-6.9 fin=1.0000 GPU5
  [12/42]   4096x 14336x 16384  WRONG_OUTPUT snr=-9.4/-9.3 fin=0.9961 GPU3
  [13/42]   6144x  4096x 16384  WRONG_OUTPUT snr=-9.4/-9.3 fin=0.9991 GPU4
  [23/42]   4096x 32768x128256  WRONG_OUTPUT snr=-0.4/25.0 fin=0.7837 GPU6
  [22/42]   4096x 32768x 28672  WRONG_OUTPUT snr=-12.6/-11.9 fin=0.6160 GPU5
  [20/42]   4096x 32768x  6144  WRONG_OUTPUT snr=-7.2/-5.2 fin=0.9969 GPU3
  [17/42]   4096x 14336x  8192  WRONG_OUTPUT snr=-6.9/-6.9 fin=0.9979 GPU0
  [19/42]   4096x 32768x  4096   3714.9 vs  4166.5 ( 89.2%) snr= 17.1/ 49.6dB fin=0.9968 LOSE GPU2
  [21/42]   4096x 32768x 14336  WRONG_OUTPUT snr=21.4/49.6 fin=0.9828 GPU4
  [31/42]  16384x  4096x  7168  WRONG_OUTPUT snr=-7.3/-6.3 fin=0.9975 GPU6
  [29/42]  16384x  4096x  4096  WRONG_OUTPUT snr=-7.1/-4.7 fin=0.9916 GPU4
  [25/42]   6144x  4096x  8192  WRONG_OUTPUT snr=-6.9/-6.8 fin=0.9978 GPU0
  [30/42]  16384x  4096x  6144  WRONG_OUTPUT snr=-5.5/-5.2 fin=0.9984 GPU5
  [27/42]  14336x  4096x 32768  WRONG_OUTPUT snr=-13.1/-12.6 fin=0.6790 GPU2
  [ 8/42]  16384x 28672x  2048  CRASH snr=? fin=N/A GPU7
  [28/42]  14336x 32768x  4096  CRASH snr=? fin=N/A GPU3
  [33/42]  16384x  4096x 28672  WRONG_OUTPUT snr=-12.4/-12.0 fin=0.6625 GPU0
  [37/42]  28672x  4096x  8192  WRONG_OUTPUT snr=-6.9/-6.9 fin=0.9955 GPU4
  [35/42]  16384x 14336x  4096  WRONG_OUTPUT snr=-8.7/-4.7 fin=0.9892 GPU2
  [38/42]  28672x  4096x 16384  WRONG_OUTPUT snr=-9.4/-9.3 fin=0.9951 GPU5
  [16/42]   4096x  6144x 32768  WRONG_OUTPUT snr=-13.4/-12.4 fin=0.6441 GPU7
  [41/42]  32768x  4096x 14336  WRONG_OUTPUT snr=-11.0/-9.6 fin=0.9779 GPU0
  [24/42]   4096x128256x 32768  WRONG_OUTPUT snr=-13.5/-12.6 fin=0.6501 GPU7
  [32/42]  16384x  4096x 14336   4468.2 vs  5142.1 ( 86.9%) snr=  9.3/ 49.6dB fin=0.9906 LOSE GPU7
  [10/42]  32768x 28672x  2048  CRASH snr=? fin=N/A GPU1
  [36/42]  16384x 28672x  4096  CRASH snr=? fin=N/A GPU3
  [18/42]   4096x 28672x 32768  WRONG_OUTPUT snr=-13.2/-12.6 fin=0.6132 GPU1
  [40/42]  32768x  4096x  7168  WRONG_OUTPUT snr=-7.4/-6.3 fin=0.9951 GPU7
  [26/42]   6144x 32768x  4096  WRONG_OUTPUT snr=16.0/49.6 fin=0.9881 GPU1
  [34/42]  16384x  6144x  4096  WRONG_OUTPUT snr=-8.2/-4.7 fin=0.9687 GPU1
  [39/42]  28672x 32768x  4096  CRASH snr=? fin=N/A GPU6
  [42/42] 128256x 32768x  4096   3931.8 vs  4536.4 ( 86.7%) snr=  9.0/ 28.8dB fin=0.9960 LOSE GPU1

==============================================================================================================
[run3] WIN: 2/42  LOSE: 3/42  WRONG: 32/42  ERR: 5/42  (2.1 min)

==============================================================================================================
CONSENSUS  WIN: 3/42  LOSE_CORRECT: 2/42  WRONG: 33/42  ERR: 4/42
           VERIFIED-CORRECT: 5/42

Results saved to /shared_nfs/kyle/test/HipKittens/analysis/fp8_gemm/mi350x/bench_all42_results_R39_optB.json
optB.json
