R40B builder [FULL]: 42 shape entries, 33 unique builds
  Forced macros: {'FUSED_STEP34': 1, 'R25C_TAIL_PF_OFF_ITERS': 0}
  memc sched-strategy stripped from CPPFLAGS
  module suffix: _R40B_safe (vs base _memc tag)
  [  1/33] CACHED N=4096,K=16384,ts_lgk2_gm7_memc_pfoff56_kx16384_btw_all->ts_lgk2_gm7_pfoff56_kx16384_btw_all_R40B_safe
  [  2/33] CACHED N=4096,K=8192,ts_v12_tv0_gm7_memc_pfoff28_kx8192_btw_all->ts_v12_tv0_gm7_pfoff28_kx8192_btw_all_R40B_safe
  [  3/33] CACHED N=6144,K=2048,ts_lgk2_gm6_v12_memc_pfoff4->ts_lgk2_gm6_v12_pfoff4_R40B_safe
  [  4/33] CACHED N=4096,K=14336,ts_gm8_v12_btw_all->ts_gm8_v12_btw_all_R40B_safe
  [  5/33] CACHED N=28672,K=32768,ts_v12_tv0_memc_dc_gm7_pfoff120_kx32768_btw_all->ts_v12_tv0_dc_gm7_pfoff120_kx32768_btw_all_R40B_safe
  [  6/33] BUILT N=4096,K=32768,ts_v12_tv0_memc_dc_gm7_pfoff120_kx32768_btw_all->ts_v12_tv0_dc_gm7_pfoff120_kx32768_btw_all_R40B_safe (4.7s)
  [  7/33] BUILT N=4096,K=2048,ts_v12_tv16->ts_v12_tv16_R40B_safe (4.8s)
  [  8/33] BUILT N=6144,K=32768,ts_v12_tv0_memc_dc_gm7_pfoff120_kx32768_btw_all->ts_v12_tv0_dc_gm7_pfoff120_kx32768_btw_all_R40B_safe (4.8s)
  [  9/33] BUILT N=32768,K=4096,ts_lgk2_gm7_v12_memc_pfoff14->ts_lgk2_gm7_v12_pfoff14_R40B_safe (4.8s)
  [ 10/33] BUILT N=32768,K=4096,ts_lgk2_v24->ts_lgk2_v24_R40B_safe (4.9s)
  [ 11/33] BUILT N=4096,K=3072,v32->v32_R40B_safe (4.9s)
  [ 12/33] BUILT N=32768,K=4096,lgk2_v16->lgk2_v16_R40B_safe (4.9s)
  [ 13/33] BUILT N=4096,K=4096,ts_gm7_v12_memc_dc_pfoff14->ts_gm7_v12_dc_pfoff14_R40B_safe (5.0s)
  [ 14/33] BUILT N=4096,K=3072,ts_gm6_v12_memc_dc_pfoff4->ts_gm6_v12_dc_pfoff4_R40B_safe (5.0s)
  [ 15/33] BUILT N=6144,K=4096,ts_lgk2_gm7_v12_memc_pfoff14->ts_lgk2_gm7_v12_pfoff14_R40B_safe (5.0s)
  [ 16/33] BUILT N=4096,K=6144,ts_v12_gm7_memc_pfoff19_kx6144_btw_all->ts_v12_gm7_pfoff19_kx6144_btw_all_R40B_safe (5.1s)
  [ 17/33] BUILT N=4096,K=7168,ts_v12_tv0_gm7_memc_pfoff24_kx7168_btw_all->ts_v12_tv0_gm7_pfoff24_kx7168_btw_all_R40B_safe (5.1s)
  [ 18/33] BUILT N=14336,K=8192,ts_v12_tv0_gm7_memc_pfoff28_kx8192_btw_all->ts_v12_tv0_gm7_pfoff28_kx8192_btw_all_R40B_safe (5.1s)
  [ 19/33] BUILT N=32768,K=28672,ts_lgk2_gm7_memc_pfoff104_kx28672_btw_all->ts_lgk2_gm7_pfoff104_kx28672_btw_all_R40B_safe (5.5s)
  [ 20/33] BUILT N=32768,K=14336,ts_v12_tv0_memc_btw_all->ts_v12_tv0_btw_all_R40B_safe (5.8s)
  [ 21/33] BUILT N=14336,K=16384,ts_lgk2_gm7_memc_pfoff56_kx16384_btw_all->ts_lgk2_gm7_pfoff56_kx16384_btw_all_R40B_safe (6.3s)
  [ 22/33] BUILT N=128256,K=32768,ts_v12_tv0_memc_dc_gm7_pfoff120_kx32768_btw_all->ts_v12_tv0_dc_gm7_pfoff120_kx32768_btw_all_R40B_safe (4.6s)
  [ 23/33] BUILT N=14336,K=2048,ts_v12_gm7_memc_pfoff4_kx2048_btw_all->ts_v12_gm7_pfoff4_kx2048_btw_all_R40B_safe (4.8s)
  [ 24/33] BUILT N=14336,K=2048,ts_gm6_v12_memc_dc_pfoff4->ts_gm6_v12_dc_pfoff4_R40B_safe (4.7s)
  [ 25/33] BUILT N=28672,K=2048,ts_lgk2_gm6_v12_memc_pfoff4->ts_lgk2_gm6_v12_pfoff4_R40B_safe (4.7s)
  [ 26/33] BUILT N=14336,K=4096,ts_gm7_v12_memc_dc_pfoff14->ts_gm7_v12_dc_pfoff14_R40B_safe (4.9s)
  [ 27/33] BUILT N=4096,K=2048,ts_lgk2_gm6_v12_memc_pfoff4->ts_lgk2_gm6_v12_pfoff4_R40B_safe (4.8s)
  [ 28/33] BUILT N=28672,K=4096,ts_gm7_v12_memc_dc_pfoff14->ts_gm7_v12_dc_pfoff14_R40B_safe (4.9s)
  [ 29/33] BUILT N=32768,K=4096,ts_gm7_v12_memc_dc_pfoff14->ts_gm7_v12_dc_pfoff14_R40B_safe (4.8s)
  [ 30/33] BUILT N=32768,K=6144,ts_v12_gm7_memc_pfoff19_kx6144_btw_all->ts_v12_gm7_pfoff19_kx6144_btw_all_R40B_safe (4.9s)
  [ 31/33] BUILT N=4096,K=28672,ts_lgk2_gm7_memc_pfoff104_kx28672_btw_all->ts_lgk2_gm7_pfoff104_kx28672_btw_all_R40B_safe (5.4s)
  [ 32/33] BUILT N=32768,K=128256,ts_lgk2_v12_memc_btw_all->ts_lgk2_v12_btw_all_R40B_safe (5.6s)
  [ 33/33] BUILT N=4096,K=14336,ts_v12_tv0_memc_dc_gm7_pfoff54_kx14336_btw_all->ts_v12_tv0_dc_gm7_pfoff54_kx14336_btw_all_R40B_safe (5.7s)

Done in 10.8s: built=28, cached=5, failed=0
Manifest: R40B_BUILD_MANIFEST.json
