R39 Opt B Random-Scale + SNR Bench [run1/3] - GPUs: [0, 1, 2, 3, 4, 5, 6, 7]
Shapes: 42, warmup=200, iters=500, trim=0.1, SNR>=10.0dB AND wrong_cells<0.02 AND finite>=0.99, seed=42
==============================================================================================================
  [ 7/42]  16384x 14336x  2048   3302.7 vs  3301.3 (100.0%) snr= 11.3/ 12.8dB fin=0.9933 WIN GPU6
  [ 1/42]  16384x  4096x  2048   3171.5 vs  2995.0 (105.9%) snr= 14.4/ 24.4dB fin=0.9990 WIN GPU0
  [ 2/42]  16384x  4096x  3072   3515.0 vs  3492.3 (100.7%) snr=  2.3/ 49.6dB fin=0.9962 WIN GPU1
  [ 8/42]  16384x 28672x  2048  WRONG_OUTPUT snr=0.3/14.9 fin=0.9842 GPU7
  [ 5/42]  32768x  4096x  3072  WRONG_OUTPUT snr=8.6/45.2 fin=0.9861 GPU4
  [ 3/42]  16384x  6144x  2048   3160.9 vs  3047.6 (103.7%) snr= 14.5/ 26.0dB fin=0.9967 WIN GPU2
  [ 4/42]  32768x  4096x  2048  WRONG_OUTPUT snr=0.5/20.9 fin=0.9824 GPU3
  [ 6/42]  32768x  6144x  2048   3279.9 vs  3239.9 (101.2%) snr= -1.1/ 13.3dB fin=0.9949 WIN GPU5
  [15/42]   4096x  4096x 32768  WRONG_OUTPUT snr=? fin=0.0120 GPU6
  [10/42]  32768x 28672x  2048  WRONG_OUTPUT snr=2.5/24.7 fin=0.9818 GPU1
  [ 9/42]  32768x 14336x  2048  WRONG_OUTPUT snr=6.3/17.0 fin=0.9749 GPU0
  [16/42]   4096x  6144x 32768  WRONG_OUTPUT snr=? fin=0.0317 GPU7
  [13/42]   6144x  4096x 16384   3620.8 vs  4428.1 ( 81.8%) snr= 23.6/ 49.6dB fin=0.9958 LOSE GPU4
  [14/42]   4096x  4096x  8192   3796.7 vs  3959.9 ( 95.9%) snr=  2.8/ 32.2dB fin=1.0000 LOSE GPU5
  [11/42]   4096x  4096x 16384   4233.5 vs  4642.1 ( 91.2%) snr= -1.4/ 49.6dB fin=0.9957 LOSE GPU2
  [12/42]   4096x 14336x 16384   4200.7 vs  5013.0 ( 83.8%) snr= 22.4/ 49.6dB fin=0.9951 LOSE GPU3
  [23/42]   4096x 32768x128256  WRONG_OUTPUT snr=-0.2/30.0 fin=0.8005 GPU6
  [18/42]   4096x 28672x 32768  WRONG_OUTPUT snr=-25.6/? fin=0.1167 GPU1
  [24/42]   4096x128256x 32768  WRONG_OUTPUT snr=-25.3/? fin=0.1146 GPU7
  [17/42]   4096x 14336x  8192   3980.6 vs  4345.8 ( 91.6%) snr= 20.6/ 49.7dB fin=0.9953 LOSE GPU0
  [21/42]   4096x 32768x 14336  WRONG_OUTPUT snr=9.1/49.5 fin=0.9854 GPU4
  [20/42]   4096x 32768x  6144   4221.4 vs  4548.6 ( 92.8%) snr= 16.5/ 34.7dB fin=0.9903 LOSE GPU3
  [19/42]   4096x 32768x  4096   3730.3 vs  4166.5 ( 89.5%) snr= 12.3/ 49.6dB fin=0.9937 LOSE GPU2
  [32/42]  16384x  4096x 14336  WRONG_OUTPUT snr=12.9/49.6 fin=0.9884 GPU7
  [29/42]  16384x  4096x  4096   3886.1 vs  3951.8 ( 98.3%) snr=  1.0/ 49.6dB fin=0.9918 LOSE GPU4
  [25/42]   6144x  4096x  8192   3339.4 vs  3822.0 ( 87.4%) snr=  0.1/ 49.6dB fin=0.9950 LOSE GPU0
  [26/42]   6144x 32768x  4096   4075.5 vs  4291.0 ( 95.0%) snr= 15.1/ 49.6dB fin=0.9929 LOSE GPU1
  [31/42]  16384x  4096x  7168   4192.9 vs  4443.2 ( 94.4%) snr=  4.7/ 34.8dB fin=0.9961 LOSE GPU6
  [27/42]  14336x  4096x 32768  WRONG_OUTPUT snr=-25.6/? fin=0.0871 GPU2
  [28/42]  14336x 32768x  4096  WRONG_OUTPUT snr=7.0/39.5 fin=0.9879 GPU3
  [40/42]  32768x  4096x  7168  WRONG_OUTPUT snr=0.7/17.8 fin=0.9864 GPU7
  [37/42]  28672x  4096x  8192  WRONG_OUTPUT snr=12.1/49.6 fin=0.9850 GPU4
  [34/42]  16384x  6144x  4096   4061.4 vs  4042.5 (100.5%) snr= -2.1/ 49.6dB fin=0.9954 WIN GPU1
  [35/42]  16384x 14336x  4096  WRONG_OUTPUT snr=-4.1/49.6 fin=0.9939 GPU2
  [39/42]  28672x 32768x  4096   3891.3 vs  4466.6 ( 87.1%) snr= 16.6/ 28.8dB fin=0.9920 LOSE GPU6
  [36/42]  16384x 28672x  4096   4042.4 vs  4411.7 ( 91.6%) snr=  3.7/ 49.6dB fin=0.9928 LOSE GPU3
  [33/42]  16384x  4096x 28672  CRASH snr=? fin=N/A GPU0
  [42/42] 128256x 32768x  4096   3891.2 vs  4536.4 ( 85.8%) snr= -0.6/ 15.8dB fin=0.9962 LOSE GPU1
  [41/42]  32768x  4096x 14336  WRONG_OUTPUT snr=-0.4/23.2 fin=0.9933 GPU0
  [22/42]   4096x 32768x 28672  CRASH snr=? fin=N/A GPU5
  [30/42]  16384x  4096x  6144   4163.5 vs  4259.9 ( 97.7%) snr= 19.7/ 49.6dB fin=0.9954 LOSE GPU5
  [38/42]  28672x  4096x 16384  WRONG_OUTPUT snr=22.1/49.6 fin=0.9753 GPU5

==============================================================================================================
[run1] WIN: 6/42  LOSE: 15/42  WRONG: 19/42  ERR: 2/42  (1.1 min)
R39 Opt B Random-Scale + SNR Bench [run2/3] - GPUs: [0, 1, 2, 3, 4, 5, 6, 7]
Shapes: 42, warmup=200, iters=500, trim=0.1, SNR>=10.0dB AND wrong_cells<0.02 AND finite>=0.99, seed=42
==============================================================================================================
  [ 1/42]  16384x  4096x  2048   3090.4 vs  2995.0 (103.2%) snr= 14.1/ 24.4dB fin=0.9990 WIN GPU0
  [ 2/42]  16384x  4096x  3072   3508.8 vs  3492.3 (100.5%) snr=  3.1/ 49.6dB fin=0.9959 WIN GPU1
  [ 3/42]  16384x  6144x  2048   3227.6 vs  3047.6 (105.9%) snr= 12.8/ 18.0dB fin=0.9960 WIN GPU2
  [ 4/42]  32768x  4096x  2048   3092.0 vs  3131.8 ( 98.7%) snr=  3.2/ 14.2dB fin=0.9935 LOSE GPU3
  [ 6/42]  32768x  6144x  2048   3306.8 vs  3239.9 (102.1%) snr= -1.6/ 19.9dB fin=0.9953 WIN GPU5
  [ 5/42]  32768x  4096x  3072   3618.5 vs  3630.6 ( 99.7%) snr=  1.7/ 29.7dB fin=0.9950 LOSE GPU4
  [ 7/42]  16384x 14336x  2048   3183.5 vs  3301.3 ( 96.4%) snr= 11.5/ 14.6dB fin=0.9936 LOSE GPU6
  [ 8/42]  16384x 28672x  2048   3341.5 vs  3482.3 ( 96.0%) snr= -0.8/ 19.4dB fin=0.9913 LOSE GPU7
  [16/42]   4096x  6144x 32768  WRONG_OUTPUT snr=? fin=0.0260 GPU7
  [15/42]   4096x  4096x 32768  WRONG_OUTPUT snr=? fin=0.0030 GPU6
  [11/42]   4096x  4096x 16384   4326.1 vs  4642.1 ( 93.2%) snr= -1.0/ 49.6dB fin=0.9956 LOSE GPU2
  [10/42]  32768x 28672x  2048  WRONG_OUTPUT snr=-1.2/23.1 fin=0.9666 GPU1
  [14/42]   4096x  4096x  8192   3787.7 vs  3959.9 ( 95.7%) snr=  1.3/ 32.2dB fin=1.0000 LOSE GPU5
  [13/42]   6144x  4096x 16384   3670.4 vs  4428.1 ( 82.9%) snr= 23.6/ 49.6dB fin=0.9959 LOSE GPU4
  [12/42]   4096x 14336x 16384   4215.8 vs  5013.0 ( 84.1%) snr= 22.3/ 49.5dB fin=0.9918 LOSE GPU3
  [ 9/42]  32768x 14336x  2048   3401.7 vs  3351.4 (101.5%) snr=  2.7/ 22.9dB fin=0.9917 WIN GPU0
  [24/42]   4096x128256x 32768  WRONG_OUTPUT snr=-25.2/? fin=0.1047 GPU7
  [23/42]   4096x 32768x128256  WRONG_OUTPUT snr=0.1/30.9 fin=0.7878 GPU6
  [18/42]   4096x 28672x 32768  WRONG_OUTPUT snr=-25.6/? fin=0.1226 GPU1
  [19/42]   4096x 32768x  4096   3819.8 vs  4166.5 ( 91.7%) snr= 16.9/ 49.6dB fin=0.9957 LOSE GPU2
  [20/42]   4096x 32768x  6144  WRONG_OUTPUT snr=6.1/29.4 fin=0.9784 GPU3
  [21/42]   4096x 32768x 14336  WRONG_OUTPUT snr=9.5/49.2 fin=0.9699 GPU4
  [17/42]   4096x 14336x  8192   3992.6 vs  4345.8 ( 91.9%) snr= 18.8/ 49.7dB fin=0.9940 LOSE GPU0
  [27/42]  14336x  4096x 32768  WRONG_OUTPUT snr=? fin=0.1068 GPU2
  [32/42]  16384x  4096x 14336  WRONG_OUTPUT snr=10.0/49.6 fin=0.9878 GPU7
  [26/42]   6144x 32768x  4096  WRONG_OUTPUT snr=16.4/49.6 fin=0.9870 GPU1
  [31/42]  16384x  4096x  7168   4166.9 vs  4443.2 ( 93.8%) snr= 18.9/ 49.6dB fin=0.9954 LOSE GPU6
  [29/42]  16384x  4096x  4096   3956.2 vs  3951.8 (100.1%) snr=  1.6/ 49.6dB fin=0.9958 WIN GPU4
  [28/42]  14336x 32768x  4096  WRONG_OUTPUT snr=16.1/49.5 fin=0.9826 GPU3
  [25/42]   6144x  4096x  8192   3412.0 vs  3822.0 ( 89.3%) snr=  0.6/ 49.6dB fin=0.9950 LOSE GPU0
  [39/42]  28672x 32768x  4096  WRONG_OUTPUT snr=13.9/18.5 fin=0.9877 GPU6
  [35/42]  16384x 14336x  4096  WRONG_OUTPUT snr=-2.9/49.6 fin=0.9945 GPU2
  [34/42]  16384x  6144x  4096   3993.3 vs  4042.5 ( 98.8%) snr= -0.6/ 49.6dB fin=0.9957 LOSE GPU1
  [40/42]  32768x  4096x  7168   4109.8 vs  4666.8 ( 88.1%) snr= 12.0/ 25.0dB fin=0.9928 LOSE GPU7
  [37/42]  28672x  4096x  8192  WRONG_OUTPUT snr=20.0/49.6 fin=0.9864 GPU4
  [36/42]  16384x 28672x  4096   4048.7 vs  4411.7 ( 91.8%) snr= 15.3/ 26.2dB fin=0.9928 LOSE GPU3
  [42/42] 128256x 32768x  4096  WRONG_OUTPUT snr=0.1/37.8 fin=0.9958 GPU1
  [33/42]  16384x  4096x 28672  CRASH snr=? fin=N/A GPU0
  [41/42]  32768x  4096x 14336   4401.0 vs  5223.4 ( 84.3%) snr= 18.1/ 22.0dB fin=0.9920 LOSE GPU0
  [22/42]   4096x 32768x 28672  CRASH snr=? fin=N/A GPU5
  [30/42]  16384x  4096x  6144   4156.2 vs  4259.9 ( 97.6%) snr= 18.7/ 49.6dB fin=0.9950 LOSE GPU5
  [38/42]  28672x  4096x 16384  WRONG_OUTPUT snr=21.7/49.6 fin=0.9895 GPU5

==============================================================================================================
[run2] WIN: 6/42  LOSE: 17/42  WRONG: 17/42  ERR: 2/42  (1.1 min)
R39 Opt B Random-Scale + SNR Bench [run3/3] - GPUs: [0, 1, 2, 3, 4, 5, 6, 7]
Shapes: 42, warmup=200, iters=500, trim=0.1, SNR>=10.0dB AND wrong_cells<0.02 AND finite>=0.99, seed=42
==============================================================================================================
  [ 2/42]  16384x  4096x  3072   3544.0 vs  3492.3 (101.5%) snr=  2.5/ 49.6dB fin=0.9960 WIN GPU1
  [ 1/42]  16384x  4096x  2048   3047.0 vs  2995.0 (101.7%) snr= 14.4/ 24.4dB fin=0.9986 WIN GPU0
  [ 3/42]  16384x  6144x  2048   3258.4 vs  3047.6 (106.9%) snr= 14.2/ 24.8dB fin=0.9905 WIN GPU2
  [ 8/42]  16384x 28672x  2048  WRONG_OUTPUT snr=-1.0/15.6 fin=0.9853 GPU7
  [ 4/42]  32768x  4096x  2048   3082.2 vs  3131.8 ( 98.4%) snr=  0.2/ 16.2dB fin=0.9912 LOSE GPU3
  [ 7/42]  16384x 14336x  2048   3210.4 vs  3301.3 ( 97.2%) snr= 11.5/ 13.3dB fin=0.9928 LOSE GPU6
  [ 6/42]  32768x  6144x  2048   3281.1 vs  3239.9 (101.3%) snr=  0.1/ 26.3dB fin=0.9907 WIN GPU5
  [ 5/42]  32768x  4096x  3072   3607.6 vs  3630.6 ( 99.4%) snr=  8.9/ 49.6dB fin=0.9971 LOSE GPU4
  [10/42]  32768x 28672x  2048  WRONG_OUTPUT snr=0.2/24.2 fin=0.9874 GPU1
  [15/42]   4096x  4096x 32768  WRONG_OUTPUT snr=? fin=0.0082 GPU6
  [16/42]   4096x  6144x 32768  WRONG_OUTPUT snr=? fin=0.0268 GPU7
  [12/42]   4096x 14336x 16384   4234.4 vs  5013.0 ( 84.5%) snr= 23.5/ 49.5dB fin=0.9936 LOSE GPU3
  [ 9/42]  32768x 14336x  2048   3428.1 vs  3351.4 (102.3%) snr=  3.4/ 20.1dB fin=0.9917 WIN GPU0
  [11/42]   4096x  4096x 16384   4234.9 vs  4642.1 ( 91.2%) snr= -1.4/ 49.6dB fin=0.9957 LOSE GPU2
  [14/42]   4096x  4096x  8192   3772.6 vs  3959.9 ( 95.3%) snr=  0.8/ 30.3dB fin=1.0000 LOSE GPU5
  [13/42]   6144x  4096x 16384   3609.6 vs  4428.1 ( 81.5%) snr= 23.1/ 49.6dB fin=0.9957 LOSE GPU4
  [18/42]   4096x 28672x 32768  WRONG_OUTPUT snr=-25.8/? fin=0.1205 GPU1
  [24/42]   4096x128256x 32768  WRONG_OUTPUT snr=-25.1/? fin=0.1216 GPU7
  [23/42]   4096x 32768x128256  WRONG_OUTPUT snr=-0.5/34.4 fin=0.7859 GPU6
  [20/42]   4096x 32768x  6144  WRONG_OUTPUT snr=3.2/27.2 fin=0.9874 GPU3
  [17/42]   4096x 14336x  8192   3987.4 vs  4345.8 ( 91.8%) snr=  3.8/ 49.7dB fin=0.9952 LOSE GPU0
  [21/42]   4096x 32768x 14336  WRONG_OUTPUT snr=12.0/47.2 fin=0.9646 GPU4
  [19/42]   4096x 32768x  4096   3740.5 vs  4166.5 ( 89.8%) snr= 11.2/ 49.6dB fin=0.9991 LOSE GPU2
  [27/42]  14336x  4096x 32768  WRONG_OUTPUT snr=? fin=0.0740 GPU2
  [28/42]  14336x 32768x  4096  WRONG_OUTPUT snr=15.9/49.6 fin=0.9816 GPU3
  [32/42]  16384x  4096x 14336  WRONG_OUTPUT snr=10.2/49.6 fin=0.9868 GPU7
  [25/42]   6144x  4096x  8192   3418.5 vs  3822.0 ( 89.4%) snr=  2.0/ 49.6dB fin=0.9950 LOSE GPU0
  [31/42]  16384x  4096x  7168   4151.3 vs  4443.2 ( 93.4%) snr=  8.6/ 49.6dB fin=0.9957 LOSE GPU6
  [29/42]  16384x  4096x  4096   3963.2 vs  3951.8 (100.3%) snr=  1.2/ 49.6dB fin=0.9955 WIN GPU4
  [26/42]   6144x 32768x  4096   4056.7 vs  4291.0 ( 94.5%) snr=  7.1/ 49.6dB fin=0.9923 LOSE GPU1
  [37/42]  28672x  4096x  8192  WRONG_OUTPUT snr=20.6/49.6 fin=0.9894 GPU4
  [35/42]  16384x 14336x  4096   4036.1 vs  4255.8 ( 94.8%) snr=  0.4/ 49.5dB fin=0.9926 LOSE GPU2
  [40/42]  32768x  4096x  7168   4131.9 vs  4666.8 ( 88.5%) snr= -1.3/ 26.4dB fin=0.9936 LOSE GPU7
  [34/42]  16384x  6144x  4096   3974.4 vs  4042.5 ( 98.3%) snr= -2.2/ 49.6dB fin=0.9955 LOSE GPU1
  [36/42]  16384x 28672x  4096   4042.7 vs  4411.7 ( 91.6%) snr= 13.5/ 27.1dB fin=0.9918 LOSE GPU3
  [39/42]  28672x 32768x  4096   3891.9 vs  4466.6 ( 87.1%) snr=  5.1/ 49.5dB fin=0.9911 LOSE GPU6
  [33/42]  16384x  4096x 28672  CRASH snr=? fin=N/A GPU0
  [41/42]  32768x  4096x 14336   4429.6 vs  5223.4 ( 84.8%) snr= 21.1/ 30.9dB fin=0.9937 LOSE GPU0
  [42/42] 128256x 32768x  4096   3895.3 vs  4536.4 ( 85.9%) snr=  8.8/ 20.5dB fin=0.9963 LOSE GPU1
  [22/42]   4096x 32768x 28672  CRASH snr=? fin=N/A GPU5
  [30/42]  16384x  4096x  6144   4162.5 vs  4259.9 ( 97.7%) snr= 18.2/ 49.6dB fin=0.9955 LOSE GPU5
  [38/42]  28672x  4096x 16384  WRONG_OUTPUT snr=21.9/49.6 fin=0.9896 GPU5

==============================================================================================================
[run3] WIN: 6/42  LOSE: 20/42  WRONG: 14/42  ERR: 2/42  (1.1 min)

==============================================================================================================
CONSENSUS  WIN: 6/42  LOSE_CORRECT: 19/42  WRONG: 15/42  ERR: 2/42
           VERIFIED-CORRECT: 25/42

Results saved to /shared_nfs/kyle/test/HipKittens/analysis/fp8_gemm/mi350x/R40_OPT_B_BENCH.json
