R39 Opt B Random-Scale + SNR Bench [run1/5] - GPUs: [0, 1, 2, 3, 4, 5, 6, 7]
Shapes: 42, warmup=200, iters=500, trim=0.1, SNR>=10.0dB AND wrong_cells<0.02 AND finite>=0.99, seed=42
==============================================================================================================
  [ 8/42]  16384x 28672x  2048  WRONG_OUTPUT snr=6.0/14.2 fin=0.9852 GPU7
  [ 1/42]  16384x  4096x  2048   3193.9 vs  2995.0 (106.6%) snr= 14.4/ 24.4dB fin=0.9985 WIN GPU0
  [ 5/42]  32768x  4096x  3072   3607.3 vs  3630.6 ( 99.4%) snr=  3.4/ 13.0dB fin=0.9966 LOSE GPU4
  [ 4/42]  32768x  4096x  2048   3103.3 vs  3131.8 ( 99.1%) snr=  0.8/ 16.8dB fin=0.9927 LOSE GPU3
  [ 3/42]  16384x  6144x  2048   3110.0 vs  3047.6 (102.0%) snr= 14.1/ 24.8dB fin=0.9968 WIN GPU2
  [ 6/42]  32768x  6144x  2048   3300.0 vs  3239.9 (101.9%) snr= -2.1/ 17.3dB fin=0.9947 WIN GPU5
  [ 7/42]  16384x 14336x  2048   3184.6 vs  3301.3 ( 96.5%) snr= 12.0/ 16.8dB fin=0.9935 LOSE GPU6
  [ 2/42]  16384x  4096x  3072   3515.3 vs  3492.3 (100.7%) snr= -0.3/ 49.6dB fin=0.9963 WIN GPU1
  [16/42]   4096x  6144x 32768  WRONG_OUTPUT snr=? fin=0.0288 GPU7
  [15/42]   4096x  4096x 32768  WRONG_OUTPUT snr=? fin=0.0119 GPU6
  [11/42]   4096x  4096x 16384   4234.2 vs  4642.1 ( 91.2%) snr= -0.9/ 49.6dB fin=0.9959 LOSE GPU2
  [14/42]   4096x  4096x  8192   3982.7 vs  3959.9 (100.6%) snr=  0.8/ 30.8dB fin=1.0000 WIN GPU5
  [ 9/42]  32768x 14336x  2048   3449.8 vs  3351.4 (102.9%) snr=  0.6/ 16.7dB fin=0.9902 WIN GPU0
  [13/42]   6144x  4096x 16384   3675.7 vs  4428.1 ( 83.0%) snr= 13.5/ 49.6dB fin=0.9959 LOSE GPU4
  [12/42]   4096x 14336x 16384   4206.3 vs  5013.0 ( 83.9%) snr= 14.3/ 49.6dB fin=0.9961 LOSE GPU3
  [10/42]  32768x 28672x  2048  WRONG_OUTPUT snr=-0.2/24.2 fin=0.9884 GPU1
  [24/42]   4096x128256x 32768  WRONG_OUTPUT snr=-25.5/? fin=0.1128 GPU7
  [23/42]   4096x 32768x128256  WRONG_OUTPUT snr=0.1/27.3 fin=0.7812 GPU6
  [18/42]   4096x 28672x 32768  WRONG_OUTPUT snr=-25.5/? fin=0.1203 GPU1
  [17/42]   4096x 14336x  8192   3955.6 vs  4345.8 ( 91.0%) snr= 19.2/ 49.7dB fin=0.9921 LOSE GPU0
  [21/42]   4096x 32768x 14336  WRONG_OUTPUT snr=13.8/49.6 fin=0.9664 GPU4
  [19/42]   4096x 32768x  4096   3772.2 vs  4166.5 ( 90.5%) snr= 10.3/ 49.6dB fin=0.9942 LOSE GPU2
  [20/42]   4096x 32768x  6144   4214.2 vs  4548.6 ( 92.6%) snr=  9.6/ 24.3dB fin=0.9910 LOSE GPU3
  [32/42]  16384x  4096x 14336  WRONG_OUTPUT snr=22.7/49.6 fin=0.9899 GPU7
  [31/42]  16384x  4096x  7168   4224.9 vs  4443.2 ( 95.1%) snr=  7.5/ 49.6dB fin=0.9958 LOSE GPU6
  [27/42]  14336x  4096x 32768  WRONG_OUTPUT snr=? fin=0.0830 GPU2
  [28/42]  14336x 32768x  4096  WRONG_OUTPUT snr=2.7/49.5 fin=0.9889 GPU3
  [25/42]   6144x  4096x  8192   3347.1 vs  3822.0 ( 87.6%) snr=  1.0/ 49.6dB fin=0.9963 LOSE GPU0
  [29/42]  16384x  4096x  4096   3872.3 vs  3951.8 ( 98.0%) snr=  2.2/ 49.6dB fin=0.9957 LOSE GPU4
  [26/42]   6144x 32768x  4096   3992.8 vs  4291.0 ( 93.1%) snr= 15.6/ 49.6dB fin=0.9910 LOSE GPU1
  [40/42]  32768x  4096x  7168   4165.3 vs  4666.8 ( 89.3%) snr= 15.1/ 49.4dB fin=0.9914 LOSE GPU7
  [35/42]  16384x 14336x  4096  WRONG_OUTPUT snr=-1.3/30.3 fin=0.9947 GPU2
  [37/42]  28672x  4096x  8192   4309.2 vs  4810.0 ( 89.6%) snr= 19.4/ 49.6dB fin=0.9908 LOSE GPU4
  [34/42]  16384x  6144x  4096   3999.6 vs  4042.5 ( 98.9%) snr= -2.2/ 49.6dB fin=0.9955 LOSE GPU1
  [36/42]  16384x 28672x  4096   4012.2 vs  4411.7 ( 90.9%) snr=  7.4/ 14.2dB fin=0.9930 LOSE GPU3
  [39/42]  28672x 32768x  4096   3889.9 vs  4466.6 ( 87.1%) snr=  9.7/ 49.5dB fin=0.9912 LOSE GPU6
  [33/42]  16384x  4096x 28672  CRASH snr=? fin=N/A GPU0
  [42/42] 128256x 32768x  4096   3900.3 vs  4536.4 ( 86.0%) snr= 15.3/ 49.5dB fin=0.9957 LOSE GPU1
  [41/42]  32768x  4096x 14336  WRONG_OUTPUT snr=3.0/25.3 fin=0.9916 GPU0
  [22/42]   4096x 32768x 28672  CRASH snr=? fin=N/A GPU5
  [30/42]  16384x  4096x  6144   4117.1 vs  4259.9 ( 96.6%) snr= 18.6/ 49.6dB fin=0.9957 LOSE GPU5
  [38/42]  28672x  4096x 16384  WRONG_OUTPUT snr=14.1/49.6 fin=0.9840 GPU5

==============================================================================================================
[run1] WIN: 6/42  LOSE: 20/42  WRONG: 14/42  ERR: 2/42  (1.1 min)
R39 Opt B Random-Scale + SNR Bench [run2/5] - GPUs: [0, 1, 2, 3, 4, 5, 6, 7]
Shapes: 42, warmup=200, iters=500, trim=0.1, SNR>=10.0dB AND wrong_cells<0.02 AND finite>=0.99, seed=42
==============================================================================================================
  [ 2/42]  16384x  4096x  3072   3509.9 vs  3492.3 (100.5%) snr=  1.9/ 49.6dB fin=0.9961 WIN GPU1
  [ 6/42]  32768x  6144x  2048   3324.1 vs  3239.9 (102.6%) snr= -1.8/ 21.1dB fin=0.9946 WIN GPU5
  [ 1/42]  16384x  4096x  2048   3081.0 vs  2995.0 (102.9%) snr= 14.6/ 24.4dB fin=0.9987 WIN GPU0
  [ 4/42]  32768x  4096x  2048   3082.4 vs  3131.8 ( 98.4%) snr=  2.2/ 19.4dB fin=0.9911 LOSE GPU3
  [ 5/42]  32768x  4096x  3072   3640.2 vs  3630.6 (100.3%) snr=  8.2/ 49.6dB fin=0.9971 WIN GPU4
  [ 7/42]  16384x 14336x  2048  WRONG_OUTPUT snr=9.5/10.0 fin=0.9933 GPU6
  [ 3/42]  16384x  6144x  2048   3270.1 vs  3047.6 (107.3%) snr= 14.2/ 24.8dB fin=0.9969 WIN GPU2
  [ 8/42]  16384x 28672x  2048   3362.8 vs  3482.3 ( 96.6%) snr= -2.2/ 17.7dB fin=0.9901 LOSE GPU7
  [10/42]  32768x 28672x  2048  WRONG_OUTPUT snr=0.7/16.8 fin=0.9833 GPU1
  [15/42]   4096x  4096x 32768  WRONG_OUTPUT snr=? fin=0.0109 GPU6
  [14/42]   4096x  4096x  8192   3941.4 vs  3959.9 ( 99.5%) snr=  1.2/ 33.4dB fin=1.0000 LOSE GPU5
  [13/42]   6144x  4096x 16384   3620.5 vs  4428.1 ( 81.8%) snr= 16.8/ 49.6dB fin=0.9959 LOSE GPU4
  [ 9/42]  32768x 14336x  2048   3419.3 vs  3351.4 (102.0%) snr=  3.6/ 23.2dB fin=0.9912 WIN GPU0
  [11/42]   4096x  4096x 16384   4229.6 vs  4642.1 ( 91.1%) snr= -1.3/ 49.6dB fin=0.9959 LOSE GPU2
  [16/42]   4096x  6144x 32768  WRONG_OUTPUT snr=-25.7/? fin=0.0262 GPU7
  [12/42]   4096x 14336x 16384   4196.0 vs  5013.0 ( 83.7%) snr= 21.1/ 49.6dB fin=0.9941 LOSE GPU3
  [18/42]   4096x 28672x 32768  WRONG_OUTPUT snr=-25.8/? fin=0.1302 GPU1
  [23/42]   4096x 32768x128256  WRONG_OUTPUT snr=-5.6/30.7 fin=0.7647 GPU6
  [21/42]   4096x 32768x 14336  WRONG_OUTPUT snr=7.7/49.5 fin=0.9859 GPU4
  [20/42]   4096x 32768x  6144  WRONG_OUTPUT snr=-5.1/29.0 fin=0.9896 GPU3
  [24/42]   4096x128256x 32768  WRONG_OUTPUT snr=-25.3/? fin=0.1059 GPU7
  [19/42]   4096x 32768x  4096  WRONG_OUTPUT snr=12.2/49.6 fin=0.9899 GPU2
  [17/42]   4096x 14336x  8192   3955.3 vs  4345.8 ( 91.0%) snr= 19.0/ 49.7dB fin=0.9920 LOSE GPU0
  [31/42]  16384x  4096x  7168   4167.8 vs  4443.2 ( 93.8%) snr= 19.4/ 49.6dB fin=0.9962 LOSE GPU6
  [26/42]   6144x 32768x  4096   4061.5 vs  4291.0 ( 94.7%) snr= 16.5/ 49.6dB fin=0.9926 LOSE GPU1
  [29/42]  16384x  4096x  4096   3980.9 vs  3951.8 (100.7%) snr=  2.5/ 49.6dB fin=0.9957 WIN GPU4
  [28/42]  14336x 32768x  4096  WRONG_OUTPUT snr=8.9/49.6 fin=0.9818 GPU3
  [32/42]  16384x  4096x 14336   4488.9 vs  5142.1 ( 87.3%) snr=  5.1/ 49.6dB fin=0.9902 LOSE GPU7
  [34/42]  16384x  6144x  4096  WRONG_OUTPUT snr=-2.1/49.6 fin=0.9955 GPU1
  [27/42]  14336x  4096x 32768  WRONG_OUTPUT snr=? fin=0.0869 GPU2
  [25/42]   6144x  4096x  8192   3415.5 vs  3822.0 ( 89.4%) snr=  0.8/ 49.6dB fin=0.9964 LOSE GPU0
  [39/42]  28672x 32768x  4096   3897.9 vs  4466.6 ( 87.3%) snr= 16.1/ 45.9dB fin=0.9911 LOSE GPU6
  [37/42]  28672x  4096x  8192  WRONG_OUTPUT snr=19.3/49.6 fin=0.9896 GPU4
  [36/42]  16384x 28672x  4096   4032.3 vs  4411.7 ( 91.4%) snr= 10.2/ 49.5dB fin=0.9934 LOSE GPU3
  [35/42]  16384x 14336x  4096   3995.9 vs  4255.8 ( 93.9%) snr=  1.0/ 43.1dB fin=0.9942 LOSE GPU2
  [40/42]  32768x  4096x  7168   4124.6 vs  4666.8 ( 88.4%) snr=  4.1/ 27.2dB fin=0.9918 LOSE GPU7
  [42/42] 128256x 32768x  4096   3895.3 vs  4536.4 ( 85.9%) snr= -0.8/ 16.0dB fin=0.9960 LOSE GPU1
  [33/42]  16384x  4096x 28672  CRASH snr=? fin=N/A GPU0
  [22/42]   4096x 32768x 28672  CRASH snr=? fin=N/A GPU5
  [41/42]  32768x  4096x 14336   4449.2 vs  5223.4 ( 85.2%) snr= 18.8/ 26.2dB fin=0.9917 LOSE GPU0
  [30/42]  16384x  4096x  6144   4112.0 vs  4259.9 ( 96.5%) snr= 18.9/ 49.6dB fin=0.9955 LOSE GPU5
  [38/42]  28672x  4096x 16384  WRONG_OUTPUT snr=22.2/49.6 fin=0.9784 GPU5

==============================================================================================================
[run2] WIN: 7/42  LOSE: 18/42  WRONG: 15/42  ERR: 2/42  (1.1 min)
R39 Opt B Random-Scale + SNR Bench [run3/5] - GPUs: [0, 1, 2, 3, 4, 5, 6, 7]
Shapes: 42, warmup=200, iters=500, trim=0.1, SNR>=10.0dB AND wrong_cells<0.02 AND finite>=0.99, seed=42
==============================================================================================================
  [ 3/42]  16384x  6144x  2048   3201.2 vs  3047.6 (105.0%) snr= 14.4/ 24.8dB fin=0.9967 WIN GPU2
  [ 4/42]  32768x  4096x  2048  WRONG_OUTPUT snr=0.9/17.7 fin=0.9844 GPU3
  [ 5/42]  32768x  4096x  3072   3684.6 vs  3630.6 (101.5%) snr= 10.9/ 49.5dB fin=0.9960 WIN GPU4
  [ 8/42]  16384x 28672x  2048  WRONG_OUTPUT snr=-0.1/19.4 fin=0.9884 GPU7
  [ 1/42]  16384x  4096x  2048  WRONG_OUTPUT snr=14.3/24.4 fin=0.9892 GPU0
  [ 2/42]  16384x  4096x  3072   3524.6 vs  3492.3 (100.9%) snr=  1.0/ 49.6dB fin=0.9961 WIN GPU1
  [ 6/42]  32768x  6144x  2048   3320.1 vs  3239.9 (102.5%) snr= -2.5/ 16.2dB fin=0.9930 WIN GPU5
  [ 7/42]  16384x 14336x  2048   3228.8 vs  3301.3 ( 97.8%) snr= 11.8/ 14.6dB fin=0.9928 LOSE GPU6
  [11/42]   4096x  4096x 16384   4325.9 vs  4642.1 ( 93.2%) snr= -1.8/ 49.6dB fin=0.9959 LOSE GPU2
  [12/42]   4096x 14336x 16384   4202.1 vs  5013.0 ( 83.8%) snr= 10.7/ 27.2dB fin=0.9958 LOSE GPU3
  [16/42]   4096x  6144x 32768  WRONG_OUTPUT snr=-25.5/? fin=0.0344 GPU7
  [15/42]   4096x  4096x 32768  WRONG_OUTPUT snr=? fin=0.0054 GPU6
  [13/42]   6144x  4096x 16384   3668.1 vs  4428.1 ( 82.8%) snr= 23.8/ 49.6dB fin=0.9959 LOSE GPU4
  [10/42]  32768x 28672x  2048  WRONG_OUTPUT snr=-0.6/18.2 fin=0.9823 GPU1
  [14/42]   4096x  4096x  8192   3773.9 vs  3959.9 ( 95.3%) snr= -0.5/ 32.2dB fin=1.0000 LOSE GPU5
  [ 9/42]  32768x 14336x  2048   3407.2 vs  3351.4 (101.7%) snr=  6.8/ 19.2dB fin=0.9902 WIN GPU0
  [20/42]   4096x 32768x  6144  WRONG_OUTPUT snr=1.2/49.4 fin=0.9854 GPU3
  [19/42]   4096x 32768x  4096   3766.5 vs  4166.5 ( 90.4%) snr= 17.4/ 49.6dB fin=0.9928 LOSE GPU2
  [24/42]   4096x128256x 32768  WRONG_OUTPUT snr=-25.2/? fin=0.1111 GPU7
  [23/42]   4096x 32768x128256  WRONG_OUTPUT snr=3.2/49.5 fin=0.7926 GPU6
  [21/42]   4096x 32768x 14336  WRONG_OUTPUT snr=19.4/49.3 fin=0.9773 GPU4
  [18/42]   4096x 28672x 32768  WRONG_OUTPUT snr=-25.7/? fin=0.1138 GPU1
  [17/42]   4096x 14336x  8192   3982.2 vs  4345.8 ( 91.6%) snr= 18.9/ 49.7dB fin=0.9932 LOSE GPU0
  [27/42]  14336x  4096x 32768  WRONG_OUTPUT snr=-26.0/? fin=0.0939 GPU2
  [29/42]  16384x  4096x  4096   3953.0 vs  3951.8 (100.0%) snr=  3.0/ 49.6dB fin=0.9955 WIN GPU4
  [26/42]   6144x 32768x  4096  WRONG_OUTPUT snr=16.2/49.5 fin=0.9887 GPU1
  [28/42]  14336x 32768x  4096  WRONG_OUTPUT snr=15.4/49.5 fin=0.9881 GPU3
  [32/42]  16384x  4096x 14336  WRONG_OUTPUT snr=9.0/49.6 fin=0.9892 GPU7
  [25/42]   6144x  4096x  8192   3427.7 vs  3822.0 ( 89.7%) snr= -0.8/ 49.6dB fin=0.9964 LOSE GPU0
  [31/42]  16384x  4096x  7168   4171.4 vs  4443.2 ( 93.9%) snr=  6.8/ 49.6dB fin=0.9960 LOSE GPU6
  [35/42]  16384x 14336x  4096  WRONG_OUTPUT snr=-2.1/49.6 fin=0.9943 GPU2
  [39/42]  28672x 32768x  4096  WRONG_OUTPUT snr=16.1/33.1 fin=0.9894 GPU6
  [34/42]  16384x  6144x  4096   3921.4 vs  4042.5 ( 97.0%) snr=  0.1/ 49.6dB fin=0.9957 LOSE GPU1
  [37/42]  28672x  4096x  8192  WRONG_OUTPUT snr=19.9/49.6 fin=0.9861 GPU4
  [40/42]  32768x  4096x  7168   4124.9 vs  4666.8 ( 88.4%) snr=  3.3/ 34.9dB fin=0.9938 LOSE GPU7
  [36/42]  16384x 28672x  4096  WRONG_OUTPUT snr=12.0/14.6 fin=0.9878 GPU3
  [33/42]  16384x  4096x 28672  CRASH snr=? fin=N/A GPU0
  [22/42]   4096x 32768x 28672  CRASH snr=? fin=N/A GPU5
  [42/42] 128256x 32768x  4096   3901.3 vs  4536.4 ( 86.0%) snr= 14.5/ 21.3dB fin=0.9962 LOSE GPU1
  [41/42]  32768x  4096x 14336  WRONG_OUTPUT snr=6.4/27.5 fin=0.9897 GPU0
  [30/42]  16384x  4096x  6144   4201.9 vs  4259.9 ( 98.6%) snr=  8.4/ 49.6dB fin=0.9954 LOSE GPU5
  [38/42]  28672x  4096x 16384  WRONG_OUTPUT snr=21.9/42.9 fin=0.9892 GPU5

==============================================================================================================
[run3] WIN: 6/42  LOSE: 13/42  WRONG: 21/42  ERR: 2/42  (0.9 min)
R39 Opt B Random-Scale + SNR Bench [run4/5] - GPUs: [0, 1, 2, 3, 4, 5, 6, 7]
Shapes: 42, warmup=200, iters=500, trim=0.1, SNR>=10.0dB AND wrong_cells<0.02 AND finite>=0.99, seed=42
==============================================================================================================
  [ 1/42]  16384x  4096x  2048   3091.6 vs  2995.0 (103.2%) snr= 14.4/ 24.4dB fin=0.9990 WIN GPU0
  [ 7/42]  16384x 14336x  2048   3307.4 vs  3301.3 (100.2%) snr= 10.8/ 11.7dB fin=0.9930 WIN GPU6
  [ 8/42]  16384x 28672x  2048  WRONG_OUTPUT snr=1.3/17.6 fin=0.9881 GPU7
  [ 6/42]  32768x  6144x  2048   3330.9 vs  3239.9 (102.8%) snr= -3.1/ 16.7dB fin=0.9956 WIN GPU5
  [ 4/42]  32768x  4096x  2048  WRONG_OUTPUT snr=-0.9/16.8 fin=0.9854 GPU3
  [ 5/42]  32768x  4096x  3072  WRONG_OUTPUT snr=13.2/49.6 fin=0.9875 GPU4
  [ 2/42]  16384x  4096x  3072   3545.7 vs  3492.3 (101.5%) snr=  1.5/ 49.6dB fin=0.9961 WIN GPU1
  [ 3/42]  16384x  6144x  2048   3225.2 vs  3047.6 (105.8%) snr= 14.6/ 26.1dB fin=0.9969 WIN GPU2
  [ 9/42]  32768x 14336x  2048  WRONG_OUTPUT snr=0.6/23.2 fin=0.9895 GPU0
  [15/42]   4096x  4096x 32768  WRONG_OUTPUT snr=? fin=0.0090 GPU6
  [10/42]  32768x 28672x  2048  WRONG_OUTPUT snr=-3.0/15.9 fin=0.9879 GPU1
  [16/42]   4096x  6144x 32768  WRONG_OUTPUT snr=-24.8/? fin=0.0263 GPU7
  [14/42]   4096x  4096x  8192   3783.2 vs  3959.9 ( 95.5%) snr=  1.0/ 30.6dB fin=1.0000 LOSE GPU5
  [13/42]   6144x  4096x 16384   3615.0 vs  4428.1 ( 81.6%) snr= 19.0/ 49.6dB fin=0.9958 LOSE GPU4
  [11/42]   4096x  4096x 16384   4324.6 vs  4642.1 ( 93.2%) snr= -2.2/ 49.6dB fin=0.9956 LOSE GPU2
  [12/42]   4096x 14336x 16384   4211.4 vs  5013.0 ( 84.0%) snr= 12.4/ 49.6dB fin=0.9931 LOSE GPU3
  [17/42]   4096x 14336x  8192   3950.2 vs  4345.8 ( 90.9%) snr= 19.4/ 49.7dB fin=0.9946 LOSE GPU0
  [23/42]   4096x 32768x128256  WRONG_OUTPUT snr=-1.5/34.2 fin=0.7991 GPU6
  [24/42]   4096x128256x 32768  WRONG_OUTPUT snr=-25.6/? fin=0.1121 GPU7
  [21/42]   4096x 32768x 14336  WRONG_OUTPUT snr=4.8/49.5 fin=0.9857 GPU4
  [18/42]   4096x 28672x 32768  WRONG_OUTPUT snr=-25.8/? fin=0.1198 GPU1
  [20/42]   4096x 32768x  6144  WRONG_OUTPUT snr=-4.6/38.5 fin=0.9828 GPU3
  [19/42]   4096x 32768x  4096   3763.6 vs  4166.5 ( 90.3%) snr= 11.2/ 49.6dB fin=0.9973 LOSE GPU2
  [27/42]  14336x  4096x 32768  WRONG_OUTPUT snr=-25.8/? fin=0.0836 GPU2
  [26/42]   6144x 32768x  4096  WRONG_OUTPUT snr=15.0/33.2 fin=0.9896 GPU1
  [32/42]  16384x  4096x 14336  WRONG_OUTPUT snr=22.9/49.5 fin=0.9878 GPU7
  [25/42]   6144x  4096x  8192   3349.8 vs  3822.0 ( 87.6%) snr=  1.2/ 49.6dB fin=0.9963 LOSE GPU0
  [29/42]  16384x  4096x  4096   3892.1 vs  3951.8 ( 98.5%) snr=  1.7/ 49.6dB fin=0.9957 LOSE GPU4
  [28/42]  14336x 32768x  4096  WRONG_OUTPUT snr=4.7/49.6 fin=0.9870 GPU3
  [31/42]  16384x  4096x  7168   4170.8 vs  4443.2 ( 93.9%) snr= 10.5/ 49.6dB fin=0.9960 LOSE GPU6
  [39/42]  28672x 32768x  4096  WRONG_OUTPUT snr=15.9/49.5 fin=0.9877 GPU6
  [37/42]  28672x  4096x  8192  WRONG_OUTPUT snr=20.1/49.6 fin=0.9861 GPU4
  [35/42]  16384x 14336x  4096  WRONG_OUTPUT snr=-1.4/49.5 fin=0.9947 GPU2
  [34/42]  16384x  6144x  4096   4005.7 vs  4042.5 ( 99.1%) snr= -0.8/ 49.6dB fin=0.9957 LOSE GPU1
  [40/42]  32768x  4096x  7168   4152.7 vs  4666.8 ( 89.0%) snr=  1.3/ 23.3dB fin=0.9933 LOSE GPU7
  [36/42]  16384x 28672x  4096   4001.9 vs  4411.7 ( 90.7%) snr= 13.1/ 16.5dB fin=0.9933 LOSE GPU3
  [33/42]  16384x  4096x 28672  CRASH snr=? fin=N/A GPU0
  [42/42] 128256x 32768x  4096   3900.7 vs  4536.4 ( 86.0%) snr=  3.9/ 49.5dB fin=0.9961 LOSE GPU1
  [41/42]  32768x  4096x 14336   4427.4 vs  5223.4 ( 84.8%) snr= 21.1/ 34.9dB fin=0.9938 LOSE GPU0
  [22/42]   4096x 32768x 28672  CRASH snr=? fin=N/A GPU5
  [30/42]  16384x  4096x  6144   4162.3 vs  4259.9 ( 97.7%) snr=  6.0/ 49.6dB fin=0.9924 LOSE GPU5
  [38/42]  28672x  4096x 16384   4412.4 vs  5350.6 ( 82.5%) snr= 21.8/ 33.5dB fin=0.9910 LOSE GPU5

==============================================================================================================
[run4] WIN: 5/42  LOSE: 16/42  WRONG: 19/42  ERR: 2/42  (1.0 min)
R39 Opt B Random-Scale + SNR Bench [run5/5] - GPUs: [0, 1, 2, 3, 4, 5, 6, 7]
Shapes: 42, warmup=200, iters=500, trim=0.1, SNR>=10.0dB AND wrong_cells<0.02 AND finite>=0.99, seed=42
==============================================================================================================
  [ 8/42]  16384x 28672x  2048  WRONG_OUTPUT snr=1.6/14.2 fin=0.9835 GPU7
  [ 1/42]  16384x  4096x  2048   3088.0 vs  2995.0 (103.1%) snr= 14.3/ 24.4dB fin=0.9990 WIN GPU0
  [ 4/42]  32768x  4096x  2048  WRONG_OUTPUT snr=1.3/18.0 fin=0.9828 GPU3
  [ 5/42]  32768x  4096x  3072   3671.0 vs  3630.6 (101.1%) snr= -1.8/ 15.6dB fin=0.9934 WIN GPU4
  [ 3/42]  16384x  6144x  2048   3206.4 vs  3047.6 (105.2%) snr= 14.3/ 25.3dB fin=0.9969 WIN GPU2
  [ 7/42]  16384x 14336x  2048   3284.9 vs  3301.3 ( 99.5%) snr= 11.9/ 16.0dB fin=0.9932 LOSE GPU6
  [ 2/42]  16384x  4096x  3072   3549.5 vs  3492.3 (101.6%) snr= -1.0/ 49.6dB fin=0.9963 WIN GPU1
  [ 6/42]  32768x  6144x  2048   3269.1 vs  3239.9 (100.9%) snr= -1.6/ 17.6dB fin=0.9947 WIN GPU5
  [16/42]   4096x  6144x 32768  WRONG_OUTPUT snr=-25.1/? fin=0.0276 GPU7
  [ 9/42]  32768x 14336x  2048  WRONG_OUTPUT snr=2.4/21.0 fin=0.9879 GPU0
  [11/42]   4096x  4096x 16384   4236.5 vs  4642.1 ( 91.3%) snr= -1.1/ 49.6dB fin=0.9957 LOSE GPU2
  [15/42]   4096x  4096x 32768  WRONG_OUTPUT snr=? fin=0.0072 GPU6
  [13/42]   6144x  4096x 16384   3671.3 vs  4428.1 ( 82.9%) snr= 19.4/ 49.6dB fin=0.9958 LOSE GPU4
  [12/42]   4096x 14336x 16384   4201.7 vs  5013.0 ( 83.8%) snr= 25.4/ 49.6dB fin=0.9952 LOSE GPU3
  [10/42]  32768x 28672x  2048  WRONG_OUTPUT snr=1.6/24.2 fin=0.9870 GPU1
  [14/42]   4096x  4096x  8192   3795.9 vs  3959.9 ( 95.9%) snr=  0.8/ 31.1dB fin=1.0000 LOSE GPU5
  [24/42]   4096x128256x 32768  WRONG_OUTPUT snr=-25.6/? fin=0.1208 GPU7
  [17/42]   4096x 14336x  8192   3984.5 vs  4345.8 ( 91.7%) snr= 16.7/ 49.7dB fin=0.9932 LOSE GPU0
  [23/42]   4096x 32768x128256  WRONG_OUTPUT snr=0.2/34.1 fin=0.7892 GPU6
  [21/42]   4096x 32768x 14336  WRONG_OUTPUT snr=5.0/49.4 fin=0.9799 GPU4
  [19/42]   4096x 32768x  4096   3779.5 vs  4166.5 ( 90.7%) snr=  9.7/ 49.6dB fin=0.9973 LOSE GPU2
  [20/42]   4096x 32768x  6144  WRONG_OUTPUT snr=7.2/35.7 fin=0.9889 GPU3
  [18/42]   4096x 28672x 32768  WRONG_OUTPUT snr=-25.8/? fin=0.1262 GPU1
  [31/42]  16384x  4096x  7168  WRONG_OUTPUT snr=9.3/49.6 fin=0.9893 GPU6
  [29/42]  16384x  4096x  4096   3979.8 vs  3951.8 (100.7%) snr=  2.7/ 49.6dB fin=0.9939 WIN GPU4
  [27/42]  14336x  4096x 32768  WRONG_OUTPUT snr=-25.8/? fin=0.0792 GPU2
  [28/42]  14336x 32768x  4096  WRONG_OUTPUT snr=16.3/49.6 fin=0.9801 GPU3
  [32/42]  16384x  4096x 14336  WRONG_OUTPUT snr=23.1/49.6 fin=0.9790 GPU7
  [25/42]   6144x  4096x  8192   3407.9 vs  3822.0 ( 89.2%) snr= -0.4/ 49.6dB fin=0.9963 LOSE GPU0
  [26/42]   6144x 32768x  4096   4030.6 vs  4291.0 ( 93.9%) snr= 16.2/ 49.6dB fin=0.9913 LOSE GPU1
  [37/42]  28672x  4096x  8192   4279.3 vs  4810.0 ( 89.0%) snr= 20.0/ 49.6dB fin=0.9912 LOSE GPU4
  [36/42]  16384x 28672x  4096   4046.1 vs  4411.7 ( 91.7%) snr= 10.8/ 12.4dB fin=0.9928 LOSE GPU3
  [34/42]  16384x  6144x  4096   4065.1 vs  4042.5 (100.6%) snr= -0.3/ 49.6dB fin=0.9931 WIN GPU1
  [35/42]  16384x 14336x  4096  WRONG_OUTPUT snr=-3.2/16.8 fin=0.9934 GPU2
  [40/42]  32768x  4096x  7168   4086.3 vs  4666.8 ( 87.6%) snr= 13.4/ 31.3dB fin=0.9934 LOSE GPU7
  [39/42]  28672x 32768x  4096   3900.5 vs  4466.6 ( 87.3%) snr= 16.1/ 49.6dB fin=0.9928 LOSE GPU6
  [33/42]  16384x  4096x 28672  CRASH snr=? fin=N/A GPU0
  [42/42] 128256x 32768x  4096   3898.6 vs  4536.4 ( 85.9%) snr= -1.1/ 49.5dB fin=0.9956 LOSE GPU1
  [41/42]  32768x  4096x 14336   4428.0 vs  5223.4 ( 84.8%) snr=  5.5/ 26.5dB fin=0.9937 LOSE GPU0
  [22/42]   4096x 32768x 28672  CRASH snr=? fin=N/A GPU5
  [30/42]  16384x  4096x  6144   4168.8 vs  4259.9 ( 97.9%) snr=  3.3/ 49.6dB fin=0.9953 LOSE GPU5
  [38/42]  28672x  4096x 16384  WRONG_OUTPUT snr=21.4/31.4 fin=0.9886 GPU5

==============================================================================================================
[run5] WIN: 7/42  LOSE: 16/42  WRONG: 17/42  ERR: 2/42  (1.1 min)

==============================================================================================================
CONSENSUS  WIN: 7/42  LOSE_CORRECT: 17/42  WRONG: 16/42  ERR: 2/42
           VERIFIED-CORRECT: 24/42

Results saved to /shared_nfs/kyle/test/HipKittens/analysis/fp8_gemm/mi350x/R40B_5RUN_CONSENSUS.json
