R43A bench: 2 shapes x 4 cells = 8 jobs, runs=1
  shapes: [(4096, 32768, 28672), (16384, 4096, 28672)]
  cells:  ['p2b_fix1', 'p2b_fix1b', 'p2b_fix1c', 'p2b_fix1d']
  gpus:   [0, 1]
R43A Bench [run1/1, seed=42] - GPUs: [0, 1], n_jobs=8
warmup=200, iters=500, trim=0.1, SNR>=10.0dB AND wcf<0.02 AND finite>=0.98
==============================================================================================================
  [  1/8]   4096x 32768x 28672  p2b_fix1        CRASH rc=-6 snr=? fin=N/A wcf=N/A GPU0
  [  2/8]   4096x 32768x 28672  p2b_fix1b       CRASH rc=-6 snr=? fin=N/A wcf=N/A GPU1
  [  3/8]   4096x 32768x 28672  p2b_fix1c       WRONG_OUTPUT rc= snr=-3.7/25.0 fin=0.5589 wcf=0.1273 GPU0
  [  4/8]   4096x 32768x 28672  p2b_fix1d       WRONG_OUTPUT rc= snr=-1.1/19.8 fin=0.5229 wcf=0.1271 GPU1
  [  5/8]  16384x  4096x 28672  p2b_fix1        WRONG_OUTPUT rc= snr=-1.0/31.8 fin=0.5934 wcf=0.1033 GPU0
  [  6/8]  16384x  4096x 28672  p2b_fix1b       WRONG_OUTPUT rc= snr=-3.0/49.4 fin=0.5393 wcf=0.1303 GPU1
  [  7/8]  16384x  4096x 28672  p2b_fix1c       WRONG_OUTPUT rc= snr=0.6/49.4 fin=0.5970 wcf=0.0897 GPU0
  [  8/8]  16384x  4096x 28672  p2b_fix1d       WRONG_OUTPUT rc= snr=-1.3/34.8 fin=0.5692 wcf=0.0815 GPU1

Results saved to /shared_nfs/kyle/test/HipKittens/analysis/fp8_gemm/mi350x/R43_OPT_A_SMOKE_VARIANTS.json

Consensus summary:
    4096x 32768x 28672  p2b_fix1        CRASH_1/1       n_OK=0 wcf_max=  N/A  fin_min=  N/A  tflops_p50=   N/A   
    4096x 32768x 28672  p2b_fix1b       CRASH_1/1       n_OK=0 wcf_max=  N/A  fin_min=  N/A  tflops_p50=   N/A   
    4096x 32768x 28672  p2b_fix1c       WRONG_1/1       n_OK=0 wcf_max=0.1273 fin_min=0.5589 tflops_p50=   N/A   
    4096x 32768x 28672  p2b_fix1d       WRONG_1/1       n_OK=0 wcf_max=0.1271 fin_min=0.5229 tflops_p50=   N/A   
   16384x  4096x 28672  p2b_fix1        WRONG_1/1       n_OK=0 wcf_max=0.1033 fin_min=0.5934 tflops_p50=   N/A   
   16384x  4096x 28672  p2b_fix1b       WRONG_1/1       n_OK=0 wcf_max=0.1303 fin_min=0.5393 tflops_p50=   N/A   
   16384x  4096x 28672  p2b_fix1c       WRONG_1/1       n_OK=0 wcf_max=0.0897 fin_min=0.5970 tflops_p50=   N/A   
   16384x  4096x 28672  p2b_fix1d       WRONG_1/1       n_OK=0 wcf_max=0.0815 fin_min=0.5692 tflops_p50=   N/A   
