R43 OPT C 5RUN: 25 jobs (5 candidate-shapes x 5 runs)
  promote gate: n_OK>=4 AND wcf_std<0.005 AND fin>=0.985 AND tflops>=cur*1.05
  [  1/25] 14336x32768x4096       G5 r0 WRONG_OUTPUT t=-------  fin=0.9892 wcf=0.0239 n_cpp_n32768_k4096_ts_lgk2_v24_R40A_PF_FENCE1_R40A
  [  2/25] 14336x32768x4096       G7 r2 OK           t= 3976.0 fin=0.9839 wcf=0.0148 n_cpp_n32768_k4096_ts_lgk2_v24_R40A_PF_FENCE1_R40A
  [  3/25] 14336x32768x4096       G6 r1 OK           t= 3956.6 fin=0.9906 wcf=0.0065 n_cpp_n32768_k4096_ts_lgk2_v24_R40A_PF_FENCE1_R40A
  [  4/25] 14336x32768x4096       G5 r3 OK           t= 4033.4 fin=0.9857 wcf=0.0086 n_cpp_n32768_k4096_ts_lgk2_v24_R40A_PF_FENCE1_R40A
  [  5/25] 14336x32768x4096       G7 r0 OK           t= 3916.4 fin=0.9880 wcf=0.0103 12_memc_pfoff14_R38B_TAIL_FIX1_R40A_PF_FENCE1_R40A
  [  6/25] 14336x32768x4096       G6 r4 OK           t= 3761.5 fin=0.9913 wcf=0.0032 n_cpp_n32768_k4096_ts_lgk2_v24_R40A_PF_FENCE1_R40A
  [  7/25] 14336x32768x4096       G5 r1 OK           t= 3986.1 fin=0.9817 wcf=0.0075 12_memc_pfoff14_R38B_TAIL_FIX1_R40A_PF_FENCE1_R40A
  [  8/25] 14336x32768x4096       G7 r3 OK           t= 3911.7 fin=0.9881 wcf=0.0027 12_memc_pfoff14_R38B_TAIL_FIX1_R40A_PF_FENCE1_R40A
  [  9/25] 14336x32768x4096       G6 r2 OK           t= 3916.3 fin=0.9803 wcf=0.0067 12_memc_pfoff14_R38B_TAIL_FIX1_R40A_PF_FENCE1_R40A
  [ 10/25] 4096x32768x4096        G6 r0 WRONG_OUTPUT t=-------  fin=0.9715 wcf=0.0051 n_cpp_n32768_k4096_ts_gm7_v12_dc_pfoff14_R40B_safe
  [ 11/25] 4096x32768x4096        G7 r1 WRONG_OUTPUT t=-------  fin=0.9799 wcf=0.0058 n_cpp_n32768_k4096_ts_gm7_v12_dc_pfoff14_R40B_safe
  [ 12/25] 14336x32768x4096       G5 r4 OK           t= 3973.0 fin=0.9905 wcf=0.0139 12_memc_pfoff14_R38B_TAIL_FIX1_R40A_PF_FENCE1_R40A
  [ 13/25] 4096x32768x4096        G6 r3 WRONG_OUTPUT t=-------  fin=0.9879 wcf=0.0214 n_cpp_n32768_k4096_ts_gm7_v12_dc_pfoff14_R40B_safe
  [ 14/25] 4096x32768x4096        G7 r4 OK           t= 3958.9 fin=0.9802 wcf=0.0038 n_cpp_n32768_k4096_ts_gm7_v12_dc_pfoff14_R40B_safe
  [ 15/25] 4096x32768x4096        G5 r2 OK           t= 3981.1 fin=0.9802 wcf=0.0048 n_cpp_n32768_k4096_ts_gm7_v12_dc_pfoff14_R40B_safe
  [ 16/25] 4096x32768x4096        G6 r1 OK           t= 4006.2 fin=0.9879 wcf=0.0101 cpp_n32768_k4096_ts_lgk2_gm7_v12_pfoff14_R40B_safe
  [ 17/25] 4096x32768x4096        G5 r0 WRONG_OUTPUT t=-------  fin=0.9791 wcf=0.0096 cpp_n32768_k4096_ts_lgk2_gm7_v12_pfoff14_R40B_safe
  [ 18/25] 4096x32768x4096        G7 r2 OK           t= 3969.4 fin=0.9818 wcf=0.0047 cpp_n32768_k4096_ts_lgk2_gm7_v12_pfoff14_R40B_safe
  [ 19/25] 4096x32768x4096        G6 r4 OK           t= 3953.2 fin=0.9862 wcf=0.0084 cpp_n32768_k4096_ts_lgk2_gm7_v12_pfoff14_R40B_safe
  [ 20/25] 4096x32768x4096        G5 r3 WRONG_OUTPUT t=-------  fin=0.9793 wcf=0.0052 cpp_n32768_k4096_ts_lgk2_gm7_v12_pfoff14_R40B_safe
  [ 21/25] 4096x32768x4096        G7 r0 WRONG_OUTPUT t=-------  fin=0.9752 wcf=0.0113 n_cpp_n32768_k4096_ts_lgk2_gm7_v12_pfoff14_R41B_v2
  [ 22/25] 4096x32768x4096        G5 r1 WRONG_OUTPUT t=-------  fin=0.9783 wcf=0.0048 n_cpp_n32768_k4096_ts_lgk2_gm7_v12_pfoff14_R41B_v2
  [ 23/25] 4096x32768x4096        G6 r2 OK           t= 3952.9 fin=0.9861 wcf=0.0036 n_cpp_n32768_k4096_ts_lgk2_gm7_v12_pfoff14_R41B_v2
  [ 24/25] 4096x32768x4096        G7 r3 OK           t= 3923.6 fin=0.9879 wcf=0.0086 n_cpp_n32768_k4096_ts_lgk2_gm7_v12_pfoff14_R41B_v2
  [ 25/25] 4096x32768x4096        G5 r4 OK           t= 3992.1 fin=0.9890 wcf=0.0067 n_cpp_n32768_k4096_ts_lgk2_gm7_v12_pfoff14_R41B_v2

=== 5RUN DONE in 0.8 min ===
Promote-eligible winners: 0/14
  14336x4096x32768: NO_PROMOTE
  4096x28672x32768: NO_PROMOTE
  4096x32768x128256: NO_PROMOTE
  4096x4096x32768: NO_PROMOTE
  4096x6144x32768: NO_PROMOTE
  6144x4096x16384: NO_PROMOTE
  4096x14336x16384: NO_PROMOTE
  14336x32768x4096: NO_PROMOTE
  16384x4096x14336: NO_PROMOTE
  28672x32768x4096: NO_PROMOTE
  6144x4096x8192: NO_PROMOTE
  4096x14336x8192: NO_PROMOTE
  4096x32768x4096: NO_PROMOTE
  6144x32768x4096: NO_PROMOTE

Output: /shared_nfs/kyle/test/HipKittens/analysis/fp8_gemm/mi350x/R43_OPT_C_5RUN.json
