R43 OPT C SMOKE SWEEP: 147 jobs across 3 GPUs
  warmup=200, iters=500, trim=0.1, GATE_FIN=0.98
  [  1/147] 14336x4096x32768       G6 WRONG_OUTPUT t=-------    --   fin=0.0827 wcf=0.9887 n4096_k32768_ts_v12_tv0_dc_gm7_pfoff120_kx32768_btw_all_R40B_safe
  [  2/147] 14336x4096x32768       G7 WRONG_OUTPUT t=-------    --   fin=0.0754 wcf=0.9875 n4096_k32768_ts_v12_tv0_dc_gm7_pfoff120_kx32768_btw_all_R41A_po0_ef0
  [  3/147] 14336x4096x32768       G5 WRONG_OUTPUT t=-------    --   fin=0.6693 wcf=0.3057 n4096_k32768_ts_v12_tv0_memc_dc_gm7_pfoff120_kx32768_btw_all_R40A_PF_FENCE1_R40A
  [  4/147] 14336x4096x32768       G6 WRONG_OUTPUT t=-------    --   fin=0.0895 wcf=0.9918 n4096_k32768_ts_v12_tv0_dc_gm7_pfoff120_kx32768_btw_all_R41A_po16_ef0
  [  5/147] 14336x4096x32768       G5 OK           t= 3178.1  60.6% fin=0.9997 wcf=0.0000 n4096_k32768_ts_v12_tv0_dc_gm7_pfoff120_kx32768_btw_all_R41A_po0_ef1
  [  6/147] 14336x4096x32768       G7 OK           t= 3184.0  60.7% fin=0.9999 wcf=0.0007 n4096_k32768_ts_v12_tv0_dc_gm7_pfoff120_kx32768_btw_all_R41A_po16_ef1
  [  7/147] 14336x4096x32768       G6 OK           t= 3187.2  60.8% fin=1.0000 wcf=0.0000 n4096_k32768_ts_v12_tv0_dc_gm7_pfoff120_kx32768_btw_all_R41A_po32_ef1
  [  8/147] 14336x4096x32768       G7 WRONG_OUTPUT t=-------    --   fin=0.1149 wcf=0.9888 n4096_k32768_ts_v12_tv0_dc_gm7_pfoff120_kx32768_btw_all_R41A_po64_ef0
  [  9/147] 14336x4096x32768       G5 WRONG_OUTPUT t=-------    --   fin=0.1172 wcf=0.9907 n4096_k32768_ts_v12_tv0_dc_gm7_pfoff120_kx32768_btw_all_R41A_po32_ef0
  [ 10/147] 14336x4096x32768       G6 WRONG_OUTPUT t=-------    --   fin=0.1208 wcf=0.9891 n4096_k32768_ts_v12_tv0_dc_gm7_pfoff120_kx32768_btw_all_R41A_po8_ef0
  [ 11/147] 14336x4096x32768       G7 OK           t= 3168.3  60.4% fin=1.0000 wcf=0.0000 n4096_k32768_ts_v12_tv0_dc_gm7_pfoff120_kx32768_btw_all_R41A_po8_ef1
  [ 12/147] 14336x4096x32768       G5 OK           t= 3176.7  60.6% fin=1.0000 wcf=0.0000 n4096_k32768_ts_v12_tv0_dc_gm7_pfoff120_kx32768_btw_all_R41A_po64_ef1
  [ 13/147] 4096x28672x32768       G6 WRONG_OUTPUT t=-------    --   fin=0.1152 wcf=0.9725 n28672_k32768_ts_v12_tv0_dc_gm7_pfoff120_kx32768_btw_all_R40B_safe
  [ 14/147] 4096x28672x32768       G7 WRONG_OUTPUT t=-------    --   fin=0.1203 wcf=0.9725 n28672_k32768_ts_v12_tv0_dc_gm7_pfoff120_kx32768_btw_all_R41A_po0_ef0
  [ 15/147] 4096x28672x32768       G5 WRONG_OUTPUT t=-------    --   fin=0.6337 wcf=0.2904 n28672_k32768_ts_v12_tv0_memc_dc_gm7_pfoff120_kx32768_btw_all_R40A_PF_FENCE1_R40A
  [ 16/147] 4096x28672x32768       G6 WRONG_OUTPUT t=-------    --   fin=0.1010 wcf=0.9991 n28672_k32768_ts_v12_tv0_dc_gm7_pfoff120_kx32768_btw_all_R41A_po16_ef0
  [ 17/147] 4096x28672x32768       G7 OK           t= 3515.1  62.2% fin=0.9998 wcf=0.0022 n28672_k32768_ts_v12_tv0_dc_gm7_pfoff120_kx32768_btw_all_R41A_po16_ef1
  [ 18/147] 4096x28672x32768       G5 OK           t= 3486.8  61.7% fin=0.9999 wcf=0.0085 n28672_k32768_ts_v12_tv0_dc_gm7_pfoff120_kx32768_btw_all_R41A_po0_ef1
  [ 19/147] 4096x28672x32768       G6 WRONG_OUTPUT t=-------    --   fin=0.9997 wcf=0.0252 n28672_k32768_ts_v12_tv0_dc_gm7_pfoff120_kx32768_btw_all_R41A_po32_ef1
  [ 20/147] 4096x28672x32768       G5 WRONG_OUTPUT t=-------    --   fin=0.1189 wcf=0.9716 n28672_k32768_ts_v12_tv0_dc_gm7_pfoff120_kx32768_btw_all_R41A_po32_ef0
  [ 21/147] 4096x28672x32768       G7 WRONG_OUTPUT t=-------    --   fin=0.1169 wcf=0.9783 n28672_k32768_ts_v12_tv0_dc_gm7_pfoff120_kx32768_btw_all_R41A_po64_ef0
  [ 22/147] 4096x28672x32768       G6 WRONG_OUTPUT t=-------    --   fin=0.1210 wcf=0.9718 n28672_k32768_ts_v12_tv0_dc_gm7_pfoff120_kx32768_btw_all_R41A_po8_ef0
  [ 23/147] 4096x28672x32768       G7 WRONG_OUTPUT t=-------    --   fin=0.9992 wcf=0.0328 n28672_k32768_ts_v12_tv0_dc_gm7_pfoff120_kx32768_btw_all_R41A_po8_ef1
  [ 24/147] 4096x28672x32768       G5 OK           t= 3479.9  61.6% fin=0.9997 wcf=0.0112 n28672_k32768_ts_v12_tv0_dc_gm7_pfoff120_kx32768_btw_all_R41A_po64_ef1
  [ 25/147] 4096x32768x128256      G6 WRONG_OUTPUT t=-------    --   fin=0.7847 wcf=0.0955 n32768_k128256_ts_lgk2_v12_btw_all_R40B_safe
  [ 26/147] 4096x32768x128256      G7 WRONG_OUTPUT t=-------    --   fin=0.7891 wcf=0.0869 n32768_k128256_ts_lgk2_v12_btw_all_R41B_v0a
  [ 27/147] 4096x32768x128256      G6 WRONG_OUTPUT t=-------    --   fin=0.7868 wcf=0.1183 n32768_k128256_ts_lgk2_v12_btw_all_R41B_v0c
  [ 28/147] 4096x32768x128256      G7 WRONG_OUTPUT t=-------    --   fin=0.7899 wcf=0.0670 n32768_k128256_ts_lgk2_v12_btw_all_R41B_v0d
  [ 29/147] 4096x32768x128256      G5 OK           t= 4189.4  72.5% fin=0.9995 wcf=0.0024 n32768_k128256_ts_lgk2_v12_memc_btw_all_R40A_PF_FENCE1_R40A
  [ 30/147] 4096x32768x128256      G6 WRONG_OUTPUT t=-------    --   fin=0.7837 wcf=0.0951 n32768_k128256_ts_lgk2_v12_btw_all_R41B_v2
  [ 31/147] 4096x32768x128256      G7 WRONG_OUTPUT t=-------    --   fin=0.7845 wcf=0.0751 n32768_k128256_ts_lgk2_v12_btw_all_R41B_v3
  [ 32/147] 4096x4096x32768        G6 WRONG_OUTPUT t=-------    --   fin=0.0076 wcf=1.0000 n4096_k32768_ts_v12_tv0_dc_gm7_pfoff120_kx32768_btw_all_R40B_safe
  [ 33/147] 4096x32768x128256      G5 WRONG_OUTPUT t=-------    --   fin=0.7765 wcf=0.1145 n32768_k128256_ts_lgk2_v12_btw_all_R41B_v0b
  [ 34/147] 4096x4096x32768        G7 WRONG_OUTPUT t=-------    --   fin=0.0088 wcf=1.0000 n4096_k32768_ts_v12_tv0_dc_gm7_pfoff120_kx32768_btw_all_R41A_po0_ef0
  [ 35/147] 4096x4096x32768        G6 WRONG_OUTPUT t=-------    --   fin=0.0120 wcf=1.0000 n4096_k32768_ts_v12_tv0_dc_gm7_pfoff120_kx32768_btw_all_R41A_po16_ef0
  [ 36/147] 4096x32768x128256      G5 WRONG_OUTPUT t=-------    --   fin=0.7827 wcf=0.0740 n32768_k128256_ts_lgk2_v12_btw_all_R41B_v1
  [ 37/147] 4096x4096x32768        G7 OK           t= 3963.2  76.9% fin=1.0000 wcf=0.0000 n4096_k32768_ts_v12_tv0_dc_gm7_pfoff120_kx32768_btw_all_R41A_po16_ef1
  [ 38/147] 4096x4096x32768        G6 OK           t= 3949.8  76.7% fin=1.0000 wcf=0.0000 n4096_k32768_ts_v12_tv0_dc_gm7_pfoff120_kx32768_btw_all_R41A_po32_ef1
  [ 39/147] 4096x4096x32768        G5 WRONG_OUTPUT t=-------    --   fin=0.7387 wcf=0.1471 n4096_k32768_ts_v12_tv0_memc_dc_gm7_pfoff120_kx32768_btw_all_R40A_PF_FENCE1_R40A
  [ 40/147] 4096x4096x32768        G7 WRONG_OUTPUT t=-------    --   fin=0.0132 wcf=1.0000 n4096_k32768_ts_v12_tv0_dc_gm7_pfoff120_kx32768_btw_all_R41A_po64_ef0
  [ 41/147] 4096x4096x32768        G6 WRONG_OUTPUT t=-------    --   fin=0.0087 wcf=1.0000 n4096_k32768_ts_v12_tv0_dc_gm7_pfoff120_kx32768_btw_all_R41A_po8_ef0
  [ 42/147] 4096x4096x32768        G5 OK           t= 3920.3  76.1% fin=1.0000 wcf=0.0000 n4096_k32768_ts_v12_tv0_dc_gm7_pfoff120_kx32768_btw_all_R41A_po0_ef1
  [ 43/147] 4096x4096x32768        G7 OK           t= 3968.9  77.0% fin=1.0000 wcf=0.0000 n4096_k32768_ts_v12_tv0_dc_gm7_pfoff120_kx32768_btw_all_R41A_po8_ef1
  [ 44/147] 4096x6144x32768        G6 WRONG_OUTPUT t=-------    --   fin=0.0256 wcf=0.9815 n6144_k32768_ts_v12_tv0_dc_gm7_pfoff120_kx32768_btw_all_R40B_safe
  [ 45/147] 4096x4096x32768        G5 WRONG_OUTPUT t=-------    --   fin=0.0099 wcf=1.0000 n4096_k32768_ts_v12_tv0_dc_gm7_pfoff120_kx32768_btw_all_R41A_po32_ef0
  [ 46/147] 4096x6144x32768        G7 WRONG_OUTPUT t=-------    --   fin=0.0374 wcf=0.9779 n6144_k32768_ts_v12_tv0_dc_gm7_pfoff120_kx32768_btw_all_R41A_po0_ef0
  [ 47/147] 4096x6144x32768        G6 WRONG_OUTPUT t=-------    --   fin=0.0341 wcf=0.9689 n6144_k32768_ts_v12_tv0_dc_gm7_pfoff120_kx32768_btw_all_R41A_po16_ef0
  [ 48/147] 4096x4096x32768        G5 OK           t= 3975.3  77.1% fin=1.0000 wcf=0.0000 n4096_k32768_ts_v12_tv0_dc_gm7_pfoff120_kx32768_btw_all_R41A_po64_ef1
  [ 49/147] 4096x6144x32768        G7 OK           t= 3101.3  82.0% fin=1.0000 wcf=0.0000 n6144_k32768_ts_v12_tv0_dc_gm7_pfoff120_kx32768_btw_all_R41A_po16_ef1
  [ 50/147] 4096x6144x32768        G6 OK           t= 3116.5  82.4% fin=1.0000 wcf=0.0000 n6144_k32768_ts_v12_tv0_dc_gm7_pfoff120_kx32768_btw_all_R41A_po32_ef1
  [ 51/147] 4096x6144x32768        G5 WRONG_OUTPUT t=-------    --   fin=0.6737 wcf=0.2297 n6144_k32768_ts_v12_tv0_memc_dc_gm7_pfoff120_kx32768_btw_all_R40A_PF_FENCE1_R40A
  [ 52/147] 4096x6144x32768        G7 WRONG_OUTPUT t=-------    --   fin=0.0296 wcf=1.0000 n6144_k32768_ts_v12_tv0_dc_gm7_pfoff120_kx32768_btw_all_R41A_po64_ef0
  [ 53/147] 4096x6144x32768        G6 WRONG_OUTPUT t=-------    --   fin=0.0329 wcf=0.9729 n6144_k32768_ts_v12_tv0_dc_gm7_pfoff120_kx32768_btw_all_R41A_po8_ef0
  [ 54/147] 4096x6144x32768        G7 OK           t= 3086.9  81.6% fin=1.0000 wcf=0.0000 n6144_k32768_ts_v12_tv0_dc_gm7_pfoff120_kx32768_btw_all_R41A_po8_ef1
  [ 55/147] 4096x6144x32768        G5 OK           t= 3115.3  82.3% fin=1.0000 wcf=0.0000 n6144_k32768_ts_v12_tv0_dc_gm7_pfoff120_kx32768_btw_all_R41A_po0_ef1
  [ 56/147] 6144x4096x16384        G6 OK           t= 3620.7  81.8% fin=0.9957 wcf=0.0106 n4096_k16384_ts_lgk2_gm7_pfoff56_kx16384_btw_all_R40B_safe
  [ 57/147] 6144x4096x16384        G6 OK           t= 3620.1  81.8% fin=0.9957 wcf=0.0132 n4096_k16384_ts_lgk2_gm7_pfoff56_kx16384_btw_all_R41B_v0c
  [ 58/147] 6144x4096x16384        G7 OK           t= 3638.4  82.2% fin=0.9955 wcf=0.0014 n4096_k16384_ts_lgk2_gm7_pfoff56_kx16384_btw_all_R41B_v0a
  [ 59/147] 4096x6144x32768        G5 WRONG_OUTPUT t=-------    --   fin=0.0289 wcf=0.9813 n6144_k32768_ts_v12_tv0_dc_gm7_pfoff120_kx32768_btw_all_R41A_po32_ef0
  [ 60/147] 6144x4096x16384        G6 OK           t= 3619.4  81.7% fin=0.9958 wcf=0.0103 n4096_k16384_ts_lgk2_gm7_pfoff56_kx16384_btw_all_R41B_v3
  [ 61/147] 6144x4096x16384        G7 OK           t= 3629.3  82.0% fin=0.9958 wcf=0.0171 n4096_k16384_ts_lgk2_gm7_pfoff56_kx16384_btw_all_R41B_v0d
  [ 62/147] 4096x6144x32768        G5 OK           t= 3102.5  82.0% fin=1.0000 wcf=0.0000 n6144_k32768_ts_v12_tv0_dc_gm7_pfoff120_kx32768_btw_all_R41A_po64_ef1
  [ 63/147] 4096x14336x16384       G7 WRONG_OUTPUT t=-------    --   fin=0.9940 wcf=0.0232 n14336_k16384_ts_lgk2_gm7_memc_pfoff56_kx16384_btw_all_R40A_PF_FENCE1_R40A
  [ 64/147] 6144x4096x16384        G5 WRONG_OUTPUT t=-------    --   fin=0.9991 wcf=0.0236 n4096_k16384_ts_lgk2_gm7_memc_pfoff56_kx16384_btw_all_R40A_PF_FENCE1_R40A
  [ 65/147] 14336x32768x4096       G6 OK           t= 3773.2  84.6% fin=0.9984 wcf=0.0189 n32768_k4096_lgk2_v16_R40A_PF_FENCE1_R40A
  [ 66/147] 6144x4096x16384        G5 OK           t= 3653.9  82.5% fin=0.9962 wcf=0.0025 n4096_k16384_ts_lgk2_gm7_pfoff56_kx16384_btw_all_R41B_v0b
  [ 67/147] 6144x4096x16384        G5 OK           t= 3642.9  82.3% fin=0.9958 wcf=0.0117 n4096_k16384_ts_lgk2_gm7_pfoff56_kx16384_btw_all_R41B_v1
  [ 68/147] 14336x32768x4096       G6 CRASH        t=-------    --   fin=-- wcf=-- n32768_k4096_ts_lgk2_gm7_v12_memc_pfoff14_R40A_PF_FENCE1_R40A
  [ 69/147] 4096x14336x16384       G5 OK           t= 4237.8  84.5% fin=0.9954 wcf=0.0068 n14336_k16384_ts_lgk2_gm7_pfoff56_kx16384_btw_all_R40B_safe
  [ 70/147] 14336x32768x4096       G6 OK           t= 3861.9  86.5% fin=0.9822 wcf=0.0043 n32768_k4096_ts_gm7_v12_dc_pfoff14_R40B_safe
  [ 71/147] 14336x32768x4096       G5 OK           t= 3978.6  89.2% fin=0.9835 wcf=0.0050 n32768_k4096_ts_lgk2_gm7_v12_memc_pfoff14_R38B_TAIL_FIX1_R40A_PF_FENCE1_R40A
  [ 72/147] 14336x32768x4096       G6 OK           t= 3851.0  86.3% fin=0.9880 wcf=0.0061 n32768_k4096_ts_lgk2_gm7_v12_pfoff14_R41B_v0a
  [ 73/147] 14336x32768x4096       G5 OK           t= 3866.8  86.6% fin=0.9946 wcf=0.0102 n32768_k4096_lgk2_v16_R40B_safe
  [ 74/147] 14336x32768x4096       G7 CRASH        t=-------    --   fin=-- wcf=-- n32768_k4096_ts_gm7_v12_memc_dc_pfoff14_R40A_PF_FENCE1_R40A
  [ 75/147] 14336x32768x4096       G6 OK           t= 3839.5  86.0% fin=0.9808 wcf=0.0043 n32768_k4096_ts_lgk2_gm7_v12_pfoff14_R41B_v0d
  [ 76/147] 14336x32768x4096       G5 OK           t= 3909.9  87.6% fin=0.9911 wcf=0.0056 n32768_k4096_ts_lgk2_v24_R40B_safe
  [ 77/147] 14336x32768x4096       G7 OK           t= 3993.9  89.5% fin=0.9925 wcf=0.0094 n32768_k4096_ts_lgk2_v24_R40A_PF_FENCE1_R40A
  [ 78/147] 16384x4096x14336       G6 OK           t= 4453.6  86.6% fin=0.9835 wcf=0.0052 n4096_k14336_ts_gm8_v12_btw_all_R40A_PF_FENCE1_R40A
  [ 79/147] 14336x32768x4096       G5 OK           t= 3910.8  87.6% fin=0.9916 wcf=0.0077 n32768_k4096_ts_lgk2_gm7_v12_pfoff14_R41B_v0c
  [ 80/147] 14336x32768x4096       G7 WRONG_OUTPUT t=-------    --   fin=0.9170 wcf=0.0038 n32768_k4096_ts_lgk2_gm7_v12_pfoff14_R40B_safe
  [ 81/147] 16384x4096x14336       G6 OK           t= 4431.2  86.2% fin=0.9937 wcf=0.0140 n4096_k14336_ts_v12_tv0_dc_gm7_pfoff54_kx14336_btw_all_R40B_safe
  [ 82/147] 14336x32768x4096       G5 OK           t= 3898.3  87.4% fin=0.9875 wcf=0.0052 n32768_k4096_ts_lgk2_gm7_v12_pfoff14_R41B_v3
  [ 83/147] 14336x32768x4096       G7 OK           t= 3838.7  86.0% fin=0.9838 wcf=0.0146 n32768_k4096_ts_lgk2_gm7_v12_pfoff14_R41B_v0b
  [ 84/147] 16384x4096x14336       G6 OK           t= 4438.9  86.3% fin=0.9914 wcf=0.0091 n4096_k14336_ts_gm8_v12_btw_all_R41B_v0c
  [ 85/147] 16384x4096x14336       G5 OK           t= 4516.8  87.8% fin=0.9882 wcf=0.0105 n4096_k14336_ts_gm8_v12_btw_all_R40B_safe
  [ 86/147] 16384x4096x14336       G6 OK           t= 4383.5  85.2% fin=0.9903 wcf=0.0116 n4096_k14336_ts_gm8_v12_btw_all_R41B_v2
  [ 87/147] 14336x32768x4096       G7 OK           t= 3901.2  87.4% fin=0.9863 wcf=0.0127 n32768_k4096_ts_lgk2_gm7_v12_pfoff14_R41B_v2
  [ 88/147] 16384x4096x14336       G5 OK           t= 4514.0  87.8% fin=0.9916 wcf=0.0094 n4096_k14336_ts_gm8_v12_btw_all_R41B_v0b
  [ 89/147] 16384x4096x14336       G7 WRONG_OUTPUT t=-------    --   fin=0.9795 wcf=0.1713 n4096_k14336_ts_v12_tv0_memc_dc_gm7_pfoff54_kx14336_btw_all_R40A_PF_FENCE1_R40A
  [ 90/147] 28672x32768x4096       G6 OK           t= 3926.2  87.9% fin=0.9915 wcf=0.0041 n32768_k4096_ts_lgk2_gm7_v12_memc_pfoff14_R38B_TAIL_FIX1_R40A_PF_FENCE1_R40A
  [ 91/147] 16384x4096x14336       G5 OK           t= 4425.8  86.1% fin=0.9879 wcf=0.0063 n4096_k14336_ts_gm8_v12_btw_all_R41B_v1
  [ 92/147] 16384x4096x14336       G7 OK           t= 4480.7  87.1% fin=0.9897 wcf=0.0080 n4096_k14336_ts_gm8_v12_btw_all_R41B_v0a
  [ 93/147] 28672x32768x4096       G6 OK           t= 3695.4  82.7% fin=0.9970 wcf=0.0104 n32768_k4096_lgk2_v16_R40B_safe
  [ 94/147] 16384x4096x14336       G7 OK           t= 4464.4  86.8% fin=0.9900 wcf=0.0071 n4096_k14336_ts_gm8_v12_btw_all_R41B_v0d
  [ 95/147] 28672x32768x4096       G6 OK           t= 3780.4  84.6% fin=0.9867 wcf=0.0058 n32768_k4096_ts_lgk2_v24_R40B_safe
  [ 96/147] 28672x32768x4096       G7 WRONG_OUTPUT t=-------    --   fin=0.9968 wcf=0.0269 n32768_k4096_lgk2_v16_R40A_PF_FENCE1_R40A
  [ 97/147] 28672x32768x4096       G6 OK           t= 3901.2  87.3% fin=0.9922 wcf=0.0057 n32768_k4096_ts_lgk2_gm7_v12_pfoff14_R41B_v0c
  [ 98/147] 28672x32768x4096       G6 OK           t= 3898.1  87.3% fin=0.9886 wcf=0.0032 n32768_k4096_ts_lgk2_gm7_v12_pfoff14_R41B_v3
  [ 99/147] 6144x4096x8192         G6 OK           t= 3303.1  86.4% fin=0.9953 wcf=0.0064 n4096_k8192_ts_v12_tv0_gm7_pfoff28_kx8192_btw_all_R41B_v0a
  [100/147] 6144x4096x8192         G6 OK           t= 3304.7  86.5% fin=0.9963 wcf=0.0071 n4096_k8192_ts_v12_tv0_gm7_pfoff28_kx8192_btw_all_R41B_v0d
  [101/147] 4096x14336x8192        G6 WRONG_OUTPUT t=-------    --   fin=0.9977 wcf=0.0846 n14336_k8192_ts_v12_tv0_gm7_memc_pfoff28_kx8192_btw_all_R40A_PF_FENCE1_R40A
  [102/147] 28672x32768x4096       G5 CRASH        t=-------    --   fin=-- wcf=-- n32768_k4096_ts_gm7_v12_memc_dc_pfoff14_R40A_PF_FENCE1_R40A
  [103/147] 4096x32768x4096        G6 WRONG_OUTPUT t=-------    --   fin=0.9884 wcf=0.1630 n32768_k4096_ts_gm7_v12_memc_dc_pfoff14_R40A_PF_FENCE1_R40A
  [104/147] 28672x32768x4096       G5 OK           t= 3862.5  86.5% fin=0.9876 wcf=0.0035 n32768_k4096_ts_lgk2_v24_R40A_PF_FENCE1_R40A
  [105/147] 28672x32768x4096       G7 CRASH        t=-------    --   fin=-- wcf=-- n32768_k4096_ts_lgk2_gm7_v12_memc_pfoff14_R40A_PF_FENCE1_R40A
  [106/147] 4096x32768x4096        G6 OK           t= 3836.3  92.1% fin=0.9839 wcf=0.0059 n32768_k4096_ts_lgk2_v24_R40A_PF_FENCE1_R40A
  [107/147] 28672x32768x4096       G5 OK           t= 3919.6  87.8% fin=0.9916 wcf=0.0074 n32768_k4096_ts_lgk2_gm7_v12_pfoff14_R40B_safe
  [108/147] 28672x32768x4096       G7 OK           t= 3910.5  87.5% fin=0.9909 wcf=0.0040 n32768_k4096_ts_gm7_v12_dc_pfoff14_R40B_safe
  [109/147] 4096x32768x4096        G6 OK           t= 3969.9  95.3% fin=0.9854 wcf=0.0117 n32768_k4096_ts_lgk2_gm7_v12_pfoff14_R40B_safe
  [110/147] 28672x32768x4096       G5 OK           t= 3941.7  88.2% fin=0.9822 wcf=0.0022 n32768_k4096_ts_lgk2_gm7_v12_pfoff14_R41B_v0b
  [111/147] 4096x32768x4096        G6 OK           t= 3923.7  94.2% fin=0.9887 wcf=0.0136 n32768_k4096_ts_lgk2_gm7_v12_pfoff14_R41B_v0b
  [112/147] 28672x32768x4096       G7 OK           t= 3909.1  87.5% fin=0.9925 wcf=0.0070 n32768_k4096_ts_lgk2_gm7_v12_pfoff14_R41B_v0a
  [113/147] 4096x32768x4096        G6 OK           t= 3956.8  95.0% fin=0.9860 wcf=0.0053 n32768_k4096_ts_lgk2_gm7_v12_pfoff14_R41B_v2
  [114/147] 28672x32768x4096       G5 OK           t= 3936.2  88.1% fin=0.9912 wcf=0.0036 n32768_k4096_ts_lgk2_gm7_v12_pfoff14_R41B_v2
  [115/147] 28672x32768x4096       G7 OK           t= 3914.2  87.6% fin=0.9933 wcf=0.0028 n32768_k4096_ts_lgk2_gm7_v12_pfoff14_R41B_v0d
  [116/147] 6144x32768x4096        G6 WRONG_OUTPUT t=-------    --   fin=0.9854 wcf=0.1604 n32768_k4096_ts_gm7_v12_memc_dc_pfoff14_R40A_PF_FENCE1_R40A
  [117/147] 6144x4096x8192         G5 OK           t= 3337.5  87.3% fin=0.9964 wcf=0.0078 n4096_k8192_ts_v12_tv0_gm7_pfoff28_kx8192_btw_all_R40B_safe
  [118/147] 6144x4096x8192         G7 WRONG_OUTPUT t=-------    --   fin=0.9986 wcf=0.0814 n4096_k8192_ts_v12_tv0_gm7_memc_pfoff28_kx8192_btw_all_R40A_PF_FENCE1_R40A
  [119/147] 6144x32768x4096        G6 OK           t= 4053.9  94.5% fin=0.9902 wcf=0.0122 n32768_k4096_ts_lgk2_v24_R40A_PF_FENCE1_R40A
  [120/147] 6144x4096x8192         G5 OK           t= 3319.9  86.9% fin=0.9955 wcf=0.0168 n4096_k8192_ts_v12_tv0_gm7_pfoff28_kx8192_btw_all_R41B_v0c
  [121/147] 6144x4096x8192         G7 OK           t= 3320.0  86.9% fin=0.9964 wcf=0.0059 n4096_k8192_ts_v12_tv0_gm7_pfoff28_kx8192_btw_all_R41B_v0b
  [122/147] 6144x32768x4096        G6 OK           t= 4036.0  94.1% fin=0.9898 wcf=0.0040 n32768_k4096_ts_lgk2_gm7_v12_pfoff14_R40B_safe
  [123/147] 6144x4096x8192         G5 OK           t= 3329.2  87.1% fin=0.9963 wcf=0.0069 n4096_k8192_ts_v12_tv0_gm7_pfoff28_kx8192_btw_all_R41B_v2
  [124/147] 6144x4096x8192         G7 OK           t= 1958.3  51.2% fin=0.9952 wcf=0.0051 n4096_k8192_ts_v12_tv0_gm7_pfoff28_kx8192_btw_all_R41B_v1
  [125/147] 6144x32768x4096        G6 OK           t= 3966.0  92.4% fin=0.9907 wcf=0.0127 n32768_k4096_ts_lgk2_gm7_v12_pfoff14_R41B_v0b
  [126/147] 4096x32768x4096        G5 OK           t= 3800.2  91.2% fin=0.9983 wcf=0.0082 n32768_k4096_lgk2_v16_R40A_PF_FENCE1_R40A
  [127/147] 4096x14336x8192        G7 OK           t= 3905.6  89.9% fin=0.9918 wcf=0.0097 n14336_k8192_ts_v12_tv0_gm7_pfoff28_kx8192_btw_all_R40B_safe
  [128/147] 6144x32768x4096        G6 OK           t= 4011.9  93.5% fin=0.9856 wcf=0.0078 n32768_k4096_ts_lgk2_gm7_v12_pfoff14_R41B_v2
  [129/147] 4096x32768x4096        G7 WRONG_OUTPUT t=-------    --   fin=0.9779 wcf=0.0072 n32768_k4096_ts_lgk2_gm7_v12_memc_pfoff14_R38B_TAIL_FIX1_R40A_PF_FENCE1_R40A
  [130/147] 4096x32768x4096        G7 OK           t= 3714.5  89.2% fin=0.9923 wcf=0.0070 n32768_k4096_lgk2_v16_R40B_safe
  [131/147] 4096x32768x4096        G5 CRASH        t=-------    --   fin=-- wcf=-- n32768_k4096_ts_lgk2_gm7_v12_memc_pfoff14_R40A_PF_FENCE1_R40A
  [132/147] 4096x32768x4096        G7 WRONG_OUTPUT t=-------    --   fin=0.9796 wcf=0.0104 n32768_k4096_ts_lgk2_v24_R40B_safe
  [133/147] 4096x32768x4096        G7 WRONG_OUTPUT t=-------    --   fin=0.9891 wcf=0.0203 n32768_k4096_ts_lgk2_gm7_v12_pfoff14_R41B_v0c
  [134/147] 4096x32768x4096        G5 OK           t= 3994.3  95.9% fin=0.9810 wcf=0.0043 n32768_k4096_ts_gm7_v12_dc_pfoff14_R40B_safe
  [135/147] 4096x32768x4096        G7 OK           t= 3931.5  94.4% fin=0.9867 wcf=0.0112 n32768_k4096_ts_lgk2_gm7_v12_pfoff14_R41B_v3
  [136/147] 4096x32768x4096        G5 WRONG_OUTPUT t=-------    --   fin=0.9835 wcf=0.0215 n32768_k4096_ts_lgk2_gm7_v12_pfoff14_R41B_v0a
  [137/147] 6144x32768x4096        G7 OK           t= 4028.3  93.9% fin=0.9841 wcf=0.0109 n32768_k4096_ts_lgk2_gm7_v12_memc_pfoff14_R38B_TAIL_FIX1_R40A_PF_FENCE1_R40A
  [138/147] 4096x32768x4096        G5 WRONG_OUTPUT t=-------    --   fin=0.9784 wcf=0.0041 n32768_k4096_ts_lgk2_gm7_v12_pfoff14_R41B_v0d
  [139/147] 6144x32768x4096        G7 OK           t= 3953.6  92.1% fin=0.9986 wcf=0.0091 n32768_k4096_lgk2_v16_R40B_safe
  [140/147] 6144x32768x4096        G5 OK           t= 3939.0  91.8% fin=0.9981 wcf=0.0076 n32768_k4096_lgk2_v16_R40A_PF_FENCE1_R40A
  [141/147] 6144x32768x4096        G5 WRONG_OUTPUT t=-------    --   fin=0.9677 wcf=0.1444 n32768_k4096_ts_lgk2_gm7_v12_memc_pfoff14_R40A_PF_FENCE1_R40A
  [142/147] 6144x32768x4096        G7 OK           t= 4003.3  93.3% fin=0.9912 wcf=0.0076 n32768_k4096_ts_lgk2_v24_R40B_safe
  [143/147] 6144x32768x4096        G5 OK           t= 4050.5  94.4% fin=0.9849 wcf=0.0114 n32768_k4096_ts_gm7_v12_dc_pfoff14_R40B_safe
  [144/147] 6144x32768x4096        G7 OK           t= 4015.3  93.6% fin=0.9833 wcf=0.0042 n32768_k4096_ts_lgk2_gm7_v12_pfoff14_R41B_v0c
  [145/147] 6144x32768x4096        G7 OK           t= 4031.0  93.9% fin=0.9844 wcf=0.0067 n32768_k4096_ts_lgk2_gm7_v12_pfoff14_R41B_v3
  [146/147] 6144x32768x4096        G5 OK           t= 4048.5  94.3% fin=0.9827 wcf=0.0194 n32768_k4096_ts_lgk2_gm7_v12_pfoff14_R41B_v0a
  [147/147] 6144x32768x4096        G5 OK           t= 4044.4  94.3% fin=0.9821 wcf=0.0036 n32768_k4096_ts_lgk2_gm7_v12_pfoff14_R41B_v0d

=== SMOKE DONE in 6.2 min ===
  14336x4096x32768: 0/12 promoted (none beat +3%)
  4096x28672x32768: 0/12 promoted (none beat +3%)
  4096x32768x128256: 0/9 promoted (none beat +3%)
  4096x4096x32768: 0/12 promoted (none beat +3%)
  4096x6144x32768: 0/12 promoted (none beat +3%)
  6144x4096x16384: 0/8 promoted (none beat +3%)
  4096x14336x16384: 0/2 promoted (none beat +3%)
  14336x32768x4096: 2/15 promoted (top: 3993.9@+3.7%) 
  16384x4096x14336: 0/10 promoted (none beat +3%)
  28672x32768x4096: 0/15 promoted (none beat +3%)
  6144x4096x8192: 0/8 promoted (none beat +3%)
  4096x14336x8192: 0/2 promoted (none beat +3%)
  4096x32768x4096: 3/15 promoted (top: 3994.3@+4.5%) 
  6144x32768x4096: 0/15 promoted (none beat +3%)

Output: /shared_nfs/kyle/test/HipKittens/analysis/fp8_gemm/mi350x/R43_OPT_C_SWEEP_SMOKE.json
