R44 Opt A Phase 1b: 70 jobs across 7 cells x 2 shapes x 5 seeds
  cells: ['no_r25c', 'R38B_no_r25c', 'R38B_R39A_R38F4', 'R38B_R39A_R38F2', 'R38B_pfoff32', 'R38B_pfoff8', 'R38B_R39A_pfoff32']
  GPUs: [0, 1]
==============================================================================================================
  [  1/70]  4096x32768x28672 no_r25c                seed=101 CRASH fin=N/A wcf=N/A GPU0
  [  2/70]  4096x32768x28672 no_r25c                seed=202 CRASH fin=N/A wcf=N/A GPU1
  [  3/70]  4096x32768x28672 no_r25c                seed=303 CRASH fin=N/A wcf=N/A GPU0
  [  4/70]  4096x32768x28672 no_r25c                seed=404 CRASH fin=N/A wcf=N/A GPU1
  [  5/70]  4096x32768x28672 R38B_no_r25c           seed=101  4092.7 TF fin=0.9894 wcf=0.0063 GPU1
  [  6/70]  4096x32768x28672 R38B_no_r25c           seed=303 WRONG_OUTPUT fin=0.9683 wcf=0.0309 GPU1
  [  7/70]  4096x32768x28672 R38B_no_r25c           seed=505 WRONG_OUTPUT fin=0.9767 wcf=0.0016 GPU1
  [  8/70]  4096x32768x28672 no_r25c                seed=505 CRASH fin=N/A wcf=N/A GPU0
  [  9/70]  4096x32768x28672 R38B_R39A_R38F4        seed=202 WRONG_OUTPUT fin=0.9782 wcf=0.0700 GPU1
  [ 10/70]  4096x32768x28672 R38B_no_r25c           seed=202 WRONG_OUTPUT fin=0.9627 wcf=0.0348 GPU0
  [ 11/70]  4096x32768x28672 R38B_R39A_R38F4        seed=404 WRONG_OUTPUT fin=0.9807 wcf=0.0649 GPU1
  [ 12/70]  4096x32768x28672 R38B_no_r25c           seed=404 WRONG_OUTPUT fin=0.9878 wcf=0.0287 GPU0
  [ 13/70]  4096x32768x28672 R38B_R39A_R38F2        seed=101 WRONG_OUTPUT fin=0.9838 wcf=0.0455 GPU1
  [ 14/70]  4096x32768x28672 R38B_R39A_R38F4        seed=101 WRONG_OUTPUT fin=0.9421 wcf=0.0670 GPU0
  [ 15/70]  4096x32768x28672 R38B_R39A_R38F2        seed=303 WRONG_OUTPUT fin=0.9863 wcf=0.0564 GPU1
  [ 16/70]  4096x32768x28672 R38B_R39A_R38F4        seed=303 WRONG_OUTPUT fin=0.9505 wcf=0.0573 GPU0
  [ 17/70]  4096x32768x28672 R38B_R39A_R38F2        seed=505 WRONG_OUTPUT fin=0.9839 wcf=0.0547 GPU1
  [ 18/70]  4096x32768x28672 R38B_R39A_R38F4        seed=505 WRONG_OUTPUT fin=0.9417 wcf=0.0572 GPU0
  [ 19/70]  4096x32768x28672 R38B_pfoff32           seed=202 WRONG_OUTPUT fin=0.9887 wcf=0.0398 GPU1
  [ 20/70]  4096x32768x28672 R38B_R39A_R38F2        seed=202 WRONG_OUTPUT fin=0.9829 wcf=0.0499 GPU0
  [ 21/70]  4096x32768x28672 R38B_pfoff32           seed=404 WRONG_OUTPUT fin=0.9689 wcf=0.0445 GPU1
  [ 22/70]  4096x32768x28672 R38B_R39A_R38F2        seed=404 WRONG_OUTPUT fin=0.9827 wcf=0.0428 GPU0
  [ 23/70]  4096x32768x28672 R38B_pfoff8            seed=101 WRONG_OUTPUT fin=0.9875 wcf=0.0554 GPU1
  [ 24/70]  4096x32768x28672 R38B_pfoff32           seed=101 WRONG_OUTPUT fin=0.9879 wcf=0.0340 GPU0
  [ 25/70]  4096x32768x28672 R38B_pfoff8            seed=303 WRONG_OUTPUT fin=0.9756 wcf=0.0461 GPU1
  [ 26/70]  4096x32768x28672 R38B_pfoff32           seed=303 WRONG_OUTPUT fin=0.9884 wcf=0.0458 GPU0
  [ 27/70]  4096x32768x28672 R38B_pfoff8            seed=505 WRONG_OUTPUT fin=0.9670 wcf=0.0331 GPU1
  [ 28/70]  4096x32768x28672 R38B_pfoff32           seed=505 WRONG_OUTPUT fin=0.9700 wcf=0.0424 GPU0
  [ 29/70]  4096x32768x28672 R38B_R39A_pfoff32      seed=202 WRONG_OUTPUT fin=0.1929 wcf=0.9757 GPU1
  [ 30/70]  4096x32768x28672 R38B_pfoff8            seed=202 WRONG_OUTPUT fin=0.9635 wcf=0.0268 GPU0
  [ 31/70]  4096x32768x28672 R38B_R39A_pfoff32      seed=404 WRONG_OUTPUT fin=0.2000 wcf=0.9758 GPU1
  [ 32/70]  4096x32768x28672 R38B_pfoff8            seed=404 WRONG_OUTPUT fin=0.9864 wcf=0.0336 GPU0
  [ 33/70]  4096x32768x28672 R38B_R39A_pfoff32      seed=101 WRONG_OUTPUT fin=0.1930 wcf=0.9823 GPU0
  [ 34/70]  4096x32768x28672 R38B_R39A_pfoff32      seed=303 WRONG_OUTPUT fin=0.1986 wcf=0.9785 GPU0
  [ 35/70] 16384x 4096x28672 no_r25c                seed=101 CRASH fin=N/A wcf=N/A GPU1
  [ 36/70]  4096x32768x28672 R38B_R39A_pfoff32      seed=505 WRONG_OUTPUT fin=0.2017 wcf=0.9725 GPU0
  [ 37/70] 16384x 4096x28672 no_r25c                seed=303 CRASH fin=N/A wcf=N/A GPU1
  [ 38/70] 16384x 4096x28672 no_r25c                seed=202 CRASH fin=N/A wcf=N/A GPU0
  [ 39/70] 16384x 4096x28672 no_r25c                seed=505 CRASH fin=N/A wcf=N/A GPU1
  [ 40/70] 16384x 4096x28672 R38B_no_r25c           seed=202 WRONG_OUTPUT fin=0.9736 wcf=0.0000 GPU1
  [ 41/70] 16384x 4096x28672 no_r25c                seed=404 CRASH fin=N/A wcf=N/A GPU0
  [ 42/70] 16384x 4096x28672 R38B_no_r25c           seed=404 WRONG_OUTPUT fin=0.9680 wcf=0.0000 GPU1
  [ 43/70] 16384x 4096x28672 R38B_no_r25c           seed=101 WRONG_OUTPUT fin=0.9644 wcf=0.0000 GPU0
  [ 44/70] 16384x 4096x28672 R38B_R39A_R38F4        seed=101 WRONG_OUTPUT fin=0.8704 wcf=0.0314 GPU1
  [ 45/70] 16384x 4096x28672 R38B_no_r25c           seed=303 WRONG_OUTPUT fin=0.9654 wcf=0.0000 GPU0
  [ 46/70] 16384x 4096x28672 R38B_R39A_R38F4        seed=303 WRONG_OUTPUT fin=0.9883 wcf=0.0120 GPU1
  [ 47/70] 16384x 4096x28672 R38B_no_r25c           seed=505 WRONG_OUTPUT fin=0.9747 wcf=0.0016 GPU0
  [ 48/70] 16384x 4096x28672 R38B_R39A_R38F4        seed=505 WRONG_OUTPUT fin=0.9806 wcf=0.0263 GPU1
  [ 49/70] 16384x 4096x28672 R38B_R39A_R38F4        seed=202 WRONG_OUTPUT fin=0.9860 wcf=0.0198 GPU0
  [ 50/70] 16384x 4096x28672 R38B_R39A_R38F2        seed=202 WRONG_OUTPUT fin=0.9507 wcf=0.0279 GPU1
  [ 51/70] 16384x 4096x28672 R38B_R39A_R38F4        seed=404 WRONG_OUTPUT fin=0.9522 wcf=0.0307 GPU0
  [ 52/70] 16384x 4096x28672 R38B_R39A_R38F2        seed=404 WRONG_OUTPUT fin=0.9522 wcf=0.0244 GPU1
  [ 53/70] 16384x 4096x28672 R38B_R39A_R38F2        seed=101 WRONG_OUTPUT fin=0.9800 wcf=0.0190 GPU0
  [ 54/70] 16384x 4096x28672 R38B_pfoff32           seed=101 WRONG_OUTPUT fin=0.9555 wcf=0.0000 GPU1
  [ 55/70] 16384x 4096x28672 R38B_R39A_R38F2        seed=303 WRONG_OUTPUT fin=0.9868 wcf=0.0220 GPU0
  [ 56/70] 16384x 4096x28672 R38B_pfoff32           seed=303 WRONG_OUTPUT fin=0.9713 wcf=0.0000 GPU1
  [ 57/70] 16384x 4096x28672 R38B_R39A_R38F2        seed=505 WRONG_OUTPUT fin=0.9859 wcf=0.0273 GPU0
  [ 58/70] 16384x 4096x28672 R38B_pfoff32           seed=505 WRONG_OUTPUT fin=0.9783 wcf=0.0000 GPU1
  [ 59/70] 16384x 4096x28672 R38B_pfoff32           seed=202 WRONG_OUTPUT fin=0.9715 wcf=0.0000 GPU0
  [ 60/70] 16384x 4096x28672 R38B_pfoff8            seed=202 WRONG_OUTPUT fin=0.9651 wcf=0.0000 GPU1
  [ 61/70] 16384x 4096x28672 R38B_pfoff32           seed=404 WRONG_OUTPUT fin=0.9767 wcf=0.0000 GPU0
  [ 62/70] 16384x 4096x28672 R38B_pfoff8            seed=404  4013.9 TF fin=0.9853 wcf=0.0000 GPU1
  [ 63/70] 16384x 4096x28672 R38B_pfoff8            seed=101 WRONG_OUTPUT fin=0.9680 wcf=0.0018 GPU0
  [ 64/70] 16384x 4096x28672 R38B_R39A_pfoff32      seed=101 WRONG_OUTPUT fin=0.2007 wcf=0.9794 GPU1
  [ 65/70] 16384x 4096x28672 R38B_pfoff8            seed=303 WRONG_OUTPUT fin=0.9617 wcf=0.0000 GPU0
  [ 66/70] 16384x 4096x28672 R38B_R39A_pfoff32      seed=303 WRONG_OUTPUT fin=0.2013 wcf=0.9796 GPU1
  [ 67/70] 16384x 4096x28672 R38B_pfoff8            seed=505 WRONG_OUTPUT fin=0.9678 wcf=0.0000 GPU0
  [ 68/70] 16384x 4096x28672 R38B_R39A_pfoff32      seed=505 WRONG_OUTPUT fin=0.2057 wcf=0.9748 GPU1
  [ 69/70] 16384x 4096x28672 R38B_R39A_pfoff32      seed=202 WRONG_OUTPUT fin=0.2036 wcf=0.9767 GPU0
  [ 70/70] 16384x 4096x28672 R38B_R39A_pfoff32      seed=404 WRONG_OUTPUT fin=0.2040 wcf=0.9783 GPU0

=== R44 Opt A Phase 1b SUMMARY ===
Elapsed: 5.0 min
   4096x32768x28672 no_r25c                n_OK=0/5 tflops_p50=N/A wcf_max=N/A fin_min=N/A  -> FAIL
   4096x32768x28672 R38B_no_r25c           n_OK=1/5 tflops_p50=4092.7 wcf_max=0.0348 fin_min=0.9627  -> FAIL
   4096x32768x28672 R38B_R39A_R38F4        n_OK=0/5 tflops_p50=N/A wcf_max=0.0700 fin_min=0.9417  -> FAIL
   4096x32768x28672 R38B_R39A_R38F2        n_OK=0/5 tflops_p50=N/A wcf_max=0.0564 fin_min=0.9827  -> FAIL
   4096x32768x28672 R38B_pfoff32           n_OK=0/5 tflops_p50=N/A wcf_max=0.0458 fin_min=0.9689  -> FAIL
   4096x32768x28672 R38B_pfoff8            n_OK=0/5 tflops_p50=N/A wcf_max=0.0554 fin_min=0.9635  -> FAIL
   4096x32768x28672 R38B_R39A_pfoff32      n_OK=0/5 tflops_p50=N/A wcf_max=0.9823 fin_min=0.1929  -> FAIL
  16384x 4096x28672 no_r25c                n_OK=0/5 tflops_p50=N/A wcf_max=N/A fin_min=N/A  -> FAIL
  16384x 4096x28672 R38B_no_r25c           n_OK=0/5 tflops_p50=N/A wcf_max=0.0016 fin_min=0.9644  -> FAIL
  16384x 4096x28672 R38B_R39A_R38F4        n_OK=0/5 tflops_p50=N/A wcf_max=0.0314 fin_min=0.8704  -> FAIL
  16384x 4096x28672 R38B_R39A_R38F2        n_OK=0/5 tflops_p50=N/A wcf_max=0.0279 fin_min=0.9507  -> FAIL
  16384x 4096x28672 R38B_pfoff32           n_OK=0/5 tflops_p50=N/A wcf_max=0.0000 fin_min=0.9555  -> FAIL
  16384x 4096x28672 R38B_pfoff8            n_OK=1/5 tflops_p50=4013.9 wcf_max=0.0018 fin_min=0.9617  -> FAIL
  16384x 4096x28672 R38B_R39A_pfoff32      n_OK=0/5 tflops_p50=N/A wcf_max=0.9796 fin_min=0.2007  -> FAIL
Output: /shared_nfs/kyle/test/HipKittens/analysis/fp8_gemm/mi350x/R44_OPT_A_PHASE1B_5RUN.json
