R44 Opt A Phase 1b: 80 jobs across 8 cells x 2 shapes x 5 seeds
  cells: ['R38B_pfoff8_R38F1', 'R38B_pfoff8_R38F2', 'R38B_pfoff8_R38F4', 'R38B_pfoff32_R38F1', 'R38B_pfoff32_R38F2', 'R38B_pfoff32_R38F4', 'R38B_no_r25c_R38F2', 'R38B_no_r25c_R38F4']
  GPUs: [0, 1]
==============================================================================================================
  [  1/80]  4096x32768x28672 R38B_pfoff8_R38F1      seed=101 WRONG_OUTPUT fin=0.4743 wcf=0.1238 GPU0
  [  2/80]  4096x32768x28672 R38B_pfoff8_R38F1      seed=202 WRONG_OUTPUT fin=0.4638 wcf=0.1119 GPU1
  [  3/80]  4096x32768x28672 R38B_pfoff8_R38F1      seed=303 WRONG_OUTPUT fin=0.4863 wcf=0.1237 GPU0
  [  4/80]  4096x32768x28672 R38B_pfoff8_R38F1      seed=404 WRONG_OUTPUT fin=0.4349 wcf=0.0804 GPU1
  [  5/80]  4096x32768x28672 R38B_pfoff8_R38F1      seed=505 WRONG_OUTPUT fin=0.4623 wcf=0.2782 GPU0
  [  6/80]  4096x32768x28672 R38B_pfoff8_R38F2      seed=101 WRONG_OUTPUT fin=0.4539 wcf=0.0679 GPU1
  [  7/80]  4096x32768x28672 R38B_pfoff8_R38F2      seed=202 WRONG_OUTPUT fin=0.4626 wcf=0.1350 GPU0
  [  8/80]  4096x32768x28672 R38B_pfoff8_R38F2      seed=303 WRONG_OUTPUT fin=0.4625 wcf=0.1602 GPU1
  [  9/80]  4096x32768x28672 R38B_pfoff8_R38F2      seed=404 WRONG_OUTPUT fin=0.4861 wcf=0.0782 GPU0
  [ 10/80]  4096x32768x28672 R38B_pfoff8_R38F2      seed=505 WRONG_OUTPUT fin=0.4542 wcf=0.1037 GPU1
  [ 11/80]  4096x32768x28672 R38B_pfoff8_R38F4      seed=101 WRONG_OUTPUT fin=0.4616 wcf=0.0931 GPU0
  [ 12/80]  4096x32768x28672 R38B_pfoff8_R38F4      seed=202 WRONG_OUTPUT fin=0.4391 wcf=0.2193 GPU1
  [ 13/80]  4096x32768x28672 R38B_pfoff8_R38F4      seed=303 WRONG_OUTPUT fin=0.4789 wcf=0.0673 GPU0
  [ 14/80]  4096x32768x28672 R38B_pfoff8_R38F4      seed=404 WRONG_OUTPUT fin=0.4598 wcf=0.1360 GPU1
  [ 15/80]  4096x32768x28672 R38B_pfoff8_R38F4      seed=505 WRONG_OUTPUT fin=0.4427 wcf=0.0979 GPU0
  [ 16/80]  4096x32768x28672 R38B_pfoff32_R38F1     seed=101 WRONG_OUTPUT fin=0.4490 wcf=0.0811 GPU1
  [ 17/80]  4096x32768x28672 R38B_pfoff32_R38F1     seed=202 WRONG_OUTPUT fin=0.4428 wcf=0.1534 GPU0
  [ 18/80]  4096x32768x28672 R38B_pfoff32_R38F1     seed=303 WRONG_OUTPUT fin=0.4376 wcf=0.0601 GPU1
  [ 19/80]  4096x32768x28672 R38B_pfoff32_R38F1     seed=404 WRONG_OUTPUT fin=0.4487 wcf=0.0760 GPU0
  [ 20/80]  4096x32768x28672 R38B_pfoff32_R38F1     seed=505 WRONG_OUTPUT fin=0.4407 wcf=0.1131 GPU1
  [ 21/80]  4096x32768x28672 R38B_pfoff32_R38F2     seed=101 WRONG_OUTPUT fin=0.4654 wcf=0.0878 GPU0
  [ 22/80]  4096x32768x28672 R38B_pfoff32_R38F2     seed=202 WRONG_OUTPUT fin=0.4510 wcf=0.0778 GPU1
  [ 23/80]  4096x32768x28672 R38B_pfoff32_R38F2     seed=303 WRONG_OUTPUT fin=0.4209 wcf=0.1195 GPU0
  [ 24/80]  4096x32768x28672 R38B_pfoff32_R38F2     seed=404 WRONG_OUTPUT fin=0.4396 wcf=0.1032 GPU1
  [ 25/80]  4096x32768x28672 R38B_pfoff32_R38F2     seed=505 WRONG_OUTPUT fin=0.4312 wcf=0.0668 GPU0
  [ 26/80]  4096x32768x28672 R38B_pfoff32_R38F4     seed=202 WRONG_OUTPUT fin=0.4601 wcf=0.0872 GPU0
  [ 27/80]  4096x32768x28672 R38B_pfoff32_R38F4     seed=404 WRONG_OUTPUT fin=0.4316 wcf=0.1184 GPU0
  [ 28/80]  4096x32768x28672 R38B_no_r25c_R38F2     seed=101 WRONG_OUTPUT fin=0.9757 wcf=0.0394 GPU0
  [ 29/80]  4096x32768x28672 R38B_no_r25c_R38F2     seed=303  4155.0 TF fin=0.9888 wcf=0.0055 GPU0
  [ 30/80]  4096x32768x28672 R38B_pfoff32_R38F4     seed=101 CRASH fin=N/A wcf=N/A GPU1
  [ 31/80]  4096x32768x28672 R38B_no_r25c_R38F2     seed=505  4187.8 TF fin=0.9896 wcf=0.0148 GPU0
  [ 32/80]  4096x32768x28672 R38B_pfoff32_R38F4     seed=303 WRONG_OUTPUT fin=0.4489 wcf=0.1095 GPU1
  [ 33/80]  4096x32768x28672 R38B_no_r25c_R38F4     seed=202 WRONG_OUTPUT fin=0.9731 wcf=0.0183 GPU0
  [ 34/80]  4096x32768x28672 R38B_pfoff32_R38F4     seed=505 WRONG_OUTPUT fin=0.4296 wcf=0.1014 GPU1
  [ 35/80]  4096x32768x28672 R38B_no_r25c_R38F4     seed=404 WRONG_OUTPUT fin=0.9822 wcf=0.0307 GPU0
  [ 36/80]  4096x32768x28672 R38B_no_r25c_R38F2     seed=202 WRONG_OUTPUT fin=0.9728 wcf=0.0422 GPU1
  [ 37/80] 16384x 4096x28672 R38B_pfoff8_R38F1      seed=101 WRONG_OUTPUT fin=0.4696 wcf=0.0744 GPU0
  [ 38/80] 16384x 4096x28672 R38B_pfoff8_R38F1      seed=303 WRONG_OUTPUT fin=0.4699 wcf=0.0914 GPU0
  [ 39/80]  4096x32768x28672 R38B_no_r25c_R38F2     seed=404 WRONG_OUTPUT fin=0.9657 wcf=0.0327 GPU1
  [ 40/80] 16384x 4096x28672 R38B_pfoff8_R38F1      seed=505 WRONG_OUTPUT fin=0.4641 wcf=0.0657 GPU0
  [ 41/80]  4096x32768x28672 R38B_no_r25c_R38F4     seed=101 WRONG_OUTPUT fin=0.9829 wcf=0.0299 GPU1
  [ 42/80] 16384x 4096x28672 R38B_pfoff8_R38F2      seed=202 WRONG_OUTPUT fin=0.4557 wcf=0.0801 GPU0
  [ 43/80]  4096x32768x28672 R38B_no_r25c_R38F4     seed=303  4101.3 TF fin=0.9830 wcf=0.0047 GPU1
  [ 44/80] 16384x 4096x28672 R38B_pfoff8_R38F2      seed=404 WRONG_OUTPUT fin=0.4677 wcf=0.0835 GPU0
  [ 45/80]  4096x32768x28672 R38B_no_r25c_R38F4     seed=505 WRONG_OUTPUT fin=0.9891 wcf=0.0266 GPU1
  [ 46/80] 16384x 4096x28672 R38B_pfoff8_R38F4      seed=101 WRONG_OUTPUT fin=0.4702 wcf=0.1125 GPU0
  [ 47/80] 16384x 4096x28672 R38B_pfoff8_R38F1      seed=202 WRONG_OUTPUT fin=0.4664 wcf=0.1821 GPU1
  [ 48/80] 16384x 4096x28672 R38B_pfoff8_R38F4      seed=303 WRONG_OUTPUT fin=0.4539 wcf=0.0692 GPU0
  [ 49/80] 16384x 4096x28672 R38B_pfoff8_R38F1      seed=404 WRONG_OUTPUT fin=0.4716 wcf=0.0948 GPU1
  [ 50/80] 16384x 4096x28672 R38B_pfoff8_R38F4      seed=505 WRONG_OUTPUT fin=0.4675 wcf=0.1094 GPU0
  [ 51/80] 16384x 4096x28672 R38B_pfoff8_R38F2      seed=101 WRONG_OUTPUT fin=0.4737 wcf=0.1992 GPU1
  [ 52/80] 16384x 4096x28672 R38B_pfoff32_R38F1     seed=202 WRONG_OUTPUT fin=0.4655 wcf=0.0799 GPU0
  [ 53/80] 16384x 4096x28672 R38B_pfoff8_R38F2      seed=303 WRONG_OUTPUT fin=0.4770 wcf=0.0724 GPU1
  [ 54/80] 16384x 4096x28672 R38B_pfoff32_R38F1     seed=404 WRONG_OUTPUT fin=0.4516 wcf=0.0307 GPU0
  [ 55/80] 16384x 4096x28672 R38B_pfoff8_R38F2      seed=505 WRONG_OUTPUT fin=0.4886 wcf=0.0836 GPU1
  [ 56/80] 16384x 4096x28672 R38B_pfoff32_R38F2     seed=101 WRONG_OUTPUT fin=0.4655 wcf=0.1478 GPU0
  [ 57/80] 16384x 4096x28672 R38B_pfoff8_R38F4      seed=202 WRONG_OUTPUT fin=0.4529 wcf=0.1033 GPU1
  [ 58/80] 16384x 4096x28672 R38B_pfoff32_R38F2     seed=303 WRONG_OUTPUT fin=0.4674 wcf=0.0391 GPU0
  [ 59/80] 16384x 4096x28672 R38B_pfoff8_R38F4      seed=404 WRONG_OUTPUT fin=0.4755 wcf=0.0816 GPU1
  [ 60/80] 16384x 4096x28672 R38B_pfoff32_R38F2     seed=505 WRONG_OUTPUT fin=0.4266 wcf=0.0679 GPU0
  [ 61/80] 16384x 4096x28672 R38B_pfoff32_R38F4     seed=202 WRONG_OUTPUT fin=0.4298 wcf=0.0344 GPU0
  [ 62/80] 16384x 4096x28672 R38B_pfoff32_R38F4     seed=404 WRONG_OUTPUT fin=0.4616 wcf=0.0305 GPU0
  [ 63/80] 16384x 4096x28672 R38B_no_r25c_R38F2     seed=101 WRONG_OUTPUT fin=0.9717 wcf=0.0000 GPU0
  [ 64/80] 16384x 4096x28672 R38B_pfoff32_R38F1     seed=101 CRASH fin=N/A wcf=N/A GPU1
  [ 65/80] 16384x 4096x28672 R38B_no_r25c_R38F2     seed=303 WRONG_OUTPUT fin=0.9766 wcf=0.0036 GPU0
  [ 66/80] 16384x 4096x28672 R38B_pfoff32_R38F1     seed=303 WRONG_OUTPUT fin=0.4563 wcf=0.0169 GPU1
  [ 67/80] 16384x 4096x28672 R38B_no_r25c_R38F2     seed=505 WRONG_OUTPUT fin=0.9665 wcf=0.0000 GPU0
  [ 68/80] 16384x 4096x28672 R38B_pfoff32_R38F1     seed=505 WRONG_OUTPUT fin=0.4459 wcf=0.0356 GPU1
  [ 69/80] 16384x 4096x28672 R38B_no_r25c_R38F4     seed=202 WRONG_OUTPUT fin=0.9763 wcf=0.0000 GPU0
  [ 70/80] 16384x 4096x28672 R38B_pfoff32_R38F2     seed=202 WRONG_OUTPUT fin=0.4577 wcf=0.0186 GPU1
  [ 71/80] 16384x 4096x28672 R38B_no_r25c_R38F4     seed=404 WRONG_OUTPUT fin=0.9722 wcf=0.0002 GPU0
  [ 72/80] 16384x 4096x28672 R38B_pfoff32_R38F2     seed=404 WRONG_OUTPUT fin=0.4505 wcf=0.0432 GPU1
  [ 73/80] 16384x 4096x28672 R38B_pfoff32_R38F4     seed=101 WRONG_OUTPUT fin=0.4516 wcf=0.0137 GPU1
  [ 74/80] 16384x 4096x28672 R38B_pfoff32_R38F4     seed=303 WRONG_OUTPUT fin=0.4497 wcf=0.0620 GPU1
  [ 75/80] 16384x 4096x28672 R38B_pfoff32_R38F4     seed=505 WRONG_OUTPUT fin=0.4603 wcf=0.0342 GPU1
  [ 76/80] 16384x 4096x28672 R38B_no_r25c_R38F2     seed=202 WRONG_OUTPUT fin=0.9746 wcf=0.0000 GPU1
  [ 77/80] 16384x 4096x28672 R38B_no_r25c_R38F2     seed=404 WRONG_OUTPUT fin=0.9735 wcf=0.0000 GPU1
  [ 78/80] 16384x 4096x28672 R38B_no_r25c_R38F4     seed=101 WRONG_OUTPUT fin=0.9659 wcf=0.0000 GPU1
  [ 79/80] 16384x 4096x28672 R38B_no_r25c_R38F4     seed=303 WRONG_OUTPUT fin=0.9794 wcf=0.0000 GPU1
  [ 80/80] 16384x 4096x28672 R38B_no_r25c_R38F4     seed=505 WRONG_OUTPUT fin=0.9752 wcf=0.0000 GPU1

=== R44 Opt A Phase 1b SUMMARY ===
Elapsed: 4.4 min
   4096x32768x28672 R38B_pfoff8_R38F1      n_OK=0/5 tflops_p50=N/A wcf_max=0.2782 fin_min=0.4349  -> FAIL
   4096x32768x28672 R38B_pfoff8_R38F2      n_OK=0/5 tflops_p50=N/A wcf_max=0.1602 fin_min=0.4539  -> FAIL
   4096x32768x28672 R38B_pfoff8_R38F4      n_OK=0/5 tflops_p50=N/A wcf_max=0.2193 fin_min=0.4391  -> FAIL
   4096x32768x28672 R38B_pfoff32_R38F1     n_OK=0/5 tflops_p50=N/A wcf_max=0.1534 fin_min=0.4376  -> FAIL
   4096x32768x28672 R38B_pfoff32_R38F2     n_OK=0/5 tflops_p50=N/A wcf_max=0.1195 fin_min=0.4209  -> FAIL
   4096x32768x28672 R38B_pfoff32_R38F4     n_OK=0/5 tflops_p50=N/A wcf_max=0.1184 fin_min=0.4296  -> FAIL
   4096x32768x28672 R38B_no_r25c_R38F2     n_OK=2/5 tflops_p50=4187.8 wcf_max=0.0422 fin_min=0.9657  -> FAIL
   4096x32768x28672 R38B_no_r25c_R38F4     n_OK=1/5 tflops_p50=4101.3 wcf_max=0.0307 fin_min=0.9731  -> FAIL
  16384x 4096x28672 R38B_pfoff8_R38F1      n_OK=0/5 tflops_p50=N/A wcf_max=0.1821 fin_min=0.4641  -> FAIL
  16384x 4096x28672 R38B_pfoff8_R38F2      n_OK=0/5 tflops_p50=N/A wcf_max=0.1992 fin_min=0.4557  -> FAIL
  16384x 4096x28672 R38B_pfoff8_R38F4      n_OK=0/5 tflops_p50=N/A wcf_max=0.1125 fin_min=0.4529  -> FAIL
  16384x 4096x28672 R38B_pfoff32_R38F1     n_OK=0/5 tflops_p50=N/A wcf_max=0.0799 fin_min=0.4459  -> FAIL
  16384x 4096x28672 R38B_pfoff32_R38F2     n_OK=0/5 tflops_p50=N/A wcf_max=0.1478 fin_min=0.4266  -> FAIL
  16384x 4096x28672 R38B_pfoff32_R38F4     n_OK=0/5 tflops_p50=N/A wcf_max=0.0620 fin_min=0.4298  -> FAIL
  16384x 4096x28672 R38B_no_r25c_R38F2     n_OK=0/5 tflops_p50=N/A wcf_max=0.0036 fin_min=0.9665  -> FAIL
  16384x 4096x28672 R38B_no_r25c_R38F4     n_OK=0/5 tflops_p50=N/A wcf_max=0.0002 fin_min=0.9659  -> FAIL
Output: /shared_nfs/kyle/test/HipKittens/analysis/fp8_gemm/mi350x/R44_OPT_A_PHASE2_5RUN.json
