R44 Opt D 10-run: 5 shapes x 10 runs, GPUs=[6, 7]
  warmup=200, iters=500, trim=0.1, seed_base=42
  [  1/50]  14336x 32768x  4096 run0 seed42     OK tflops= 3867.5 fin=0.9861 wcf=0.05643 GPU6
  [  2/50]  14336x 32768x  4096 run1 seed43     OK tflops= 3873.5 fin=0.9848 wcf=0.11553 GPU7
  [  3/50]  14336x 32768x  4096 run2 seed44     OK tflops= 3843.4 fin=0.9837 wcf=0.01381 GPU6
  [  4/50]  14336x 32768x  4096 run3 seed45     OK tflops= 3828.0 fin=0.9835 wcf=0.00626 GPU7
  [  5/50]  14336x 32768x  4096 run5 seed47     OK tflops= 3818.8 fin=0.9854 wcf=0.00908 GPU7
  [  6/50]  14336x 32768x  4096 run4 seed46     OK tflops= 3874.1 fin=0.9875 wcf=0.01961 GPU6
  [  7/50]  14336x 32768x  4096 run7 seed49     OK tflops= 3813.1 fin=0.9848 wcf=0.00769 GPU7
  [  8/50]  14336x 32768x  4096 run6 seed48     OK tflops= 3844.4 fin=0.9825 wcf=0.01052 GPU6
  [  9/50]  14336x 32768x  4096 run8 seed50     OK tflops= 3861.4 fin=0.9882 wcf=0.00787 GPU6
  [ 10/50]  14336x 32768x  4096 run9 seed51     OK tflops= 3826.0 fin=0.9884 wcf=0.00525 GPU7
  [ 11/50]   4096x 32768x  4096 run1 seed43     OK tflops= 3671.4 fin=0.9981 wcf=0.01523 GPU7
  [ 12/50]   4096x 32768x  4096 run0 seed42     OK tflops= 3762.8 fin=0.9877 wcf=0.00603 GPU6
  [ 13/50]   4096x 32768x  4096 run2 seed44     OK tflops= 3786.0 fin=0.9984 wcf=0.00850 GPU6
  [ 14/50]   4096x 32768x  4096 run3 seed45     OK tflops= 3721.2 fin=0.9931 wcf=0.00729 GPU7
  [ 15/50]   4096x 32768x  4096 run4 seed46     OK tflops= 3674.8 fin=0.9978 wcf=0.00752 GPU6
  [ 16/50]   4096x 32768x  4096 run5 seed47     OK tflops= 3679.9 fin=0.9870 wcf=0.00783 GPU7
  [ 17/50]   4096x 32768x  4096 run7 seed49     OK tflops= 3703.3 fin=0.9957 wcf=0.00907 GPU7
  [ 18/50]   4096x 32768x  4096 run6 seed48     OK tflops= 3756.8 fin=0.9653 wcf=0.00600 GPU6
  [ 19/50]   4096x 32768x  4096 run8 seed50     OK tflops= 3719.6 fin=0.9945 wcf=0.00792 GPU6
  [ 20/50]   4096x 32768x  4096 run9 seed51     OK tflops= 3718.2 fin=0.9989 wcf=0.00634 GPU7
  [ 21/50]  32768x 28672x  2048 run0 seed42     OK tflops= 3344.6 fin=0.9828 wcf=0.00469 GPU6
  [ 22/50]  32768x 28672x  2048 run1 seed43     OK tflops= 3388.8 fin=0.9878 wcf=0.00852 GPU7
  [ 23/50]  32768x 28672x  2048 run3 seed45     OK tflops= 3366.6 fin=0.9766 wcf=0.00441 GPU7
  [ 24/50]  32768x 28672x  2048 run2 seed44     OK tflops= 3361.1 fin=0.9908 wcf=0.00622 GPU6
  [ 25/50]  32768x 28672x  2048 run5 seed47     OK tflops= 3357.1 fin=0.9908 wcf=0.00499 GPU7
  [ 26/50]  32768x 28672x  2048 run4 seed46     OK tflops= 3373.3 fin=0.9892 wcf=0.00450 GPU6
  [ 27/50]  32768x 28672x  2048 run6 seed48     OK tflops= 3356.3 fin=0.9902 wcf=0.00283 GPU6
  [ 28/50]  32768x 28672x  2048 run7 seed49     OK tflops= 3379.9 fin=0.9913 wcf=0.01121 GPU7
  [ 29/50]  32768x 28672x  2048 run8 seed50     OK tflops= 3349.3 fin=0.9902 wcf=0.00287 GPU6
  [ 30/50]  32768x 28672x  2048 run9 seed51     OK tflops= 3351.9 fin=0.9869 wcf=0.00908 GPU7
  [ 31/50]  16384x  4096x 14336 run0 seed42     OK tflops= 4398.8 fin=0.9742 wcf=0.00720 GPU6
  [ 32/50]  16384x  4096x 14336 run1 seed43     OK tflops= 4398.7 fin=0.9868 wcf=0.00625 GPU7
  [ 33/50]  16384x  4096x 14336 run3 seed45     OK tflops= 4433.9 fin=0.9765 wcf=0.00487 GPU7
  [ 34/50]  16384x  4096x 14336 run2 seed44     OK tflops= 4498.7 fin=0.9890 wcf=0.00837 GPU6
  [ 35/50]  16384x  4096x 14336 run4 seed46     OK tflops= 4463.2 fin=0.9857 wcf=0.04810 GPU6
  [ 36/50]  16384x  4096x 14336 run5 seed47     OK tflops= 4394.4 fin=0.9814 wcf=0.05730 GPU7
  [ 37/50]  16384x  4096x 14336 run6 seed48     OK tflops= 4502.9 fin=0.9897 wcf=0.00856 GPU6
  [ 38/50]  16384x  4096x 14336 run7 seed49     OK tflops= 4436.3 fin=0.9864 wcf=0.00534 GPU7
  [ 39/50]  16384x  4096x 14336 run8 seed50     OK tflops= 4391.3 fin=0.9851 wcf=0.00648 GPU6
  [ 40/50]  16384x  4096x 14336 run9 seed51     OK tflops= 4466.0 fin=0.9871 wcf=0.01177 GPU7
  [ 41/50]   4096x 14336x  8192 run1 seed43     OK tflops= 3907.4 fin=0.9941 wcf=0.00922 GPU7
  [ 42/50]   4096x 14336x  8192 run0 seed42     OK tflops= 3894.6 fin=0.9943 wcf=0.00319 GPU6
  [ 43/50]   4096x 14336x  8192 run2 seed44     OK tflops= 3899.6 fin=0.9932 wcf=0.00317 GPU6
  [ 44/50]   4096x 14336x  8192 run3 seed45     OK tflops= 3940.4 fin=0.9937 wcf=0.00396 GPU7
  [ 45/50]   4096x 14336x  8192 run5 seed47     OK tflops= 3908.3 fin=0.9931 wcf=0.00583 GPU7
  [ 46/50]   4096x 14336x  8192 run4 seed46     OK tflops= 3921.9 fin=0.9943 wcf=0.00497 GPU6
  [ 47/50]   4096x 14336x  8192 run7 seed49     OK tflops= 3942.4 fin=0.9928 wcf=0.00378 GPU7
  [ 48/50]   4096x 14336x  8192 run6 seed48     OK tflops= 3899.8 fin=0.9938 wcf=0.00280 GPU6
  [ 49/50]   4096x 14336x  8192 run9 seed51     OK tflops= 3896.8 fin=0.9939 wcf=0.00294 GPU7
  [ 50/50]   4096x 14336x  8192 run8 seed50     OK tflops= 3898.6 fin=0.9937 wcf=0.00406 GPU6

=== R44 Opt D 10-run summary (elapsed 2.5 min) ===
shape                  src_runs  n_OK_098  n_OK_097  fin_min  fin_med  wcf_max tflops_p50
  14336x32768x4096             10         8         8   0.9825   0.9854  0.11553     3844.4
  4096x32768x4096              10         9         9   0.9653   0.9957  0.01523     3719.6
  32768x28672x2048             10         9        10   0.9766   0.9902  0.01121     3361.1
  16384x4096x14336             10         6         8   0.9742   0.9864  0.05730     4436.3
  4096x14336x8192              10        10        10   0.9928   0.9938  0.00922     3907.4

Output: /shared_nfs/kyle/test/HipKittens/analysis/fp8_gemm/mi350x/R44_OPT_D_CROSSVAL.json
