R44 Opt A Phase 1 (existing-cell sweep): 40 jobs across 4 cells x 2 shapes x 5 seeds
  cells: ['nf_R38F2', 'nf_R38B_R38F2', 'nf_R38B_R38F4', 'nf_R38B_R39A']
  GPUs: [0, 1]
==============================================================================================================
  [  1/40]  4096x32768x28672 nf_R38F2         seed=202 WRONG_OUTPUT fin=0.9920 wcf=0.0999 GPU1
  [  2/40]  4096x32768x28672 nf_R38F2         seed=101 WRONG_OUTPUT fin=0.9937 wcf=0.1197 GPU0
  [  3/40]  4096x32768x28672 nf_R38F2         seed=404 WRONG_OUTPUT fin=0.9939 wcf=0.1106 GPU1
  [  4/40]  4096x32768x28672 nf_R38F2         seed=303 WRONG_OUTPUT fin=0.9927 wcf=0.1173 GPU0
  [  5/40]  4096x32768x28672 nf_R38B_R38F2    seed=101 WRONG_OUTPUT fin=0.9844 wcf=0.0480 GPU1
  [  6/40]  4096x32768x28672 nf_R38F2         seed=505 WRONG_OUTPUT fin=0.9952 wcf=0.1604 GPU0
  [  7/40]  4096x32768x28672 nf_R38B_R38F2    seed=202 WRONG_OUTPUT fin=0.9480 wcf=0.0655 GPU0
  [  8/40]  4096x32768x28672 nf_R38B_R38F2    seed=303 WRONG_OUTPUT fin=0.9702 wcf=0.0437 GPU1
  [  9/40]  4096x32768x28672 nf_R38B_R38F2    seed=404 WRONG_OUTPUT fin=0.9534 wcf=0.0593 GPU0
  [ 10/40]  4096x32768x28672 nf_R38B_R38F2    seed=505 WRONG_OUTPUT fin=0.9867 wcf=0.0550 GPU1
  [ 11/40]  4096x32768x28672 nf_R38B_R38F4    seed=101 WRONG_OUTPUT fin=0.9711 wcf=0.0580 GPU0
  [ 12/40]  4096x32768x28672 nf_R38B_R38F4    seed=202 WRONG_OUTPUT fin=0.9872 wcf=0.0489 GPU1
  [ 13/40]  4096x32768x28672 nf_R38B_R38F4    seed=303 WRONG_OUTPUT fin=0.9648 wcf=0.0682 GPU0
  [ 14/40]  4096x32768x28672 nf_R38B_R38F4    seed=404 WRONG_OUTPUT fin=0.9833 wcf=0.0384 GPU1
  [ 15/40]  4096x32768x28672 nf_R38B_R38F4    seed=505 WRONG_OUTPUT fin=0.9861 wcf=0.0629 GPU0
  [ 16/40]  4096x32768x28672 nf_R38B_R39A     seed=202 WRONG_OUTPUT fin=0.9860 wcf=0.0503 GPU0
  [ 17/40]  4096x32768x28672 nf_R38B_R39A     seed=101 WRONG_OUTPUT fin=0.9686 wcf=0.0715 GPU1
  [ 18/40]  4096x32768x28672 nf_R38B_R39A     seed=404 WRONG_OUTPUT fin=0.9835 wcf=0.0583 GPU0
  [ 19/40]  4096x32768x28672 nf_R38B_R39A     seed=303 WRONG_OUTPUT fin=0.9863 wcf=0.0725 GPU1
  [ 20/40] 16384x 4096x28672 nf_R38F2         seed=101 WRONG_OUTPUT fin=0.9954 wcf=0.0389 GPU0
  [ 21/40]  4096x32768x28672 nf_R38B_R39A     seed=505 WRONG_OUTPUT fin=0.9676 wcf=0.0578 GPU1
  [ 22/40] 16384x 4096x28672 nf_R38F2         seed=303 WRONG_OUTPUT fin=0.9787 wcf=0.0661 GPU0
  [ 23/40] 16384x 4096x28672 nf_R38F2         seed=202 WRONG_OUTPUT fin=0.9948 wcf=0.0487 GPU1
  [ 24/40] 16384x 4096x28672 nf_R38F2         seed=505 WRONG_OUTPUT fin=0.9749 wcf=0.0424 GPU0
  [ 25/40] 16384x 4096x28672 nf_R38F2         seed=404 WRONG_OUTPUT fin=0.9955 wcf=0.0440 GPU1
  [ 26/40] 16384x 4096x28672 nf_R38B_R38F2    seed=101 WRONG_OUTPUT fin=0.9741 wcf=0.0290 GPU1
  [ 27/40] 16384x 4096x28672 nf_R38B_R38F2    seed=202  3710.3 TF fin=0.9856 wcf=0.0091 GPU0
  [ 28/40] 16384x 4096x28672 nf_R38B_R38F2    seed=404 WRONG_OUTPUT fin=0.9821 wcf=0.0207 GPU0
  [ 29/40] 16384x 4096x28672 nf_R38B_R38F2    seed=303  3680.2 TF fin=0.9873 wcf=0.0129 GPU1
  [ 30/40] 16384x 4096x28672 nf_R38B_R38F2    seed=505 WRONG_OUTPUT fin=0.9872 wcf=0.0201 GPU1
  [ 31/40] 16384x 4096x28672 nf_R38B_R38F4    seed=101  3730.5 TF fin=0.9881 wcf=0.0164 GPU0
  [ 32/40] 16384x 4096x28672 nf_R38B_R38F4    seed=202 WRONG_OUTPUT fin=0.9606 wcf=0.0144 GPU1
  [ 33/40] 16384x 4096x28672 nf_R38B_R38F4    seed=303 WRONG_OUTPUT fin=0.9534 wcf=0.0195 GPU0
  [ 34/40] 16384x 4096x28672 nf_R38B_R38F4    seed=404 WRONG_OUTPUT fin=0.9632 wcf=0.0159 GPU1
  [ 35/40] 16384x 4096x28672 nf_R38B_R38F4    seed=505  3735.4 TF fin=0.9870 wcf=0.0191 GPU0
  [ 36/40] 16384x 4096x28672 nf_R38B_R39A     seed=101 WRONG_OUTPUT fin=0.9810 wcf=0.0142 GPU1
  [ 37/40] 16384x 4096x28672 nf_R38B_R39A     seed=202 WRONG_OUTPUT fin=0.9511 wcf=0.0194 GPU0
  [ 38/40] 16384x 4096x28672 nf_R38B_R39A     seed=303 WRONG_OUTPUT fin=0.9770 wcf=0.0202 GPU1
  [ 39/40] 16384x 4096x28672 nf_R38B_R39A     seed=404 WRONG_OUTPUT fin=0.9719 wcf=0.0348 GPU0
  [ 40/40] 16384x 4096x28672 nf_R38B_R39A     seed=505 WRONG_OUTPUT fin=0.9850 wcf=0.0230 GPU1

=== R44 Opt A Phase 1 (existing-cell sweep) SUMMARY ===
Elapsed: 2.0 min
   4096x32768x28672 nf_R38F2         n_OK=0/5 tflops_p50=N/A wcf_max=0.1604 fin_min=0.9920  -> FAIL
   4096x32768x28672 nf_R38B_R38F2    n_OK=0/5 tflops_p50=N/A wcf_max=0.0655 fin_min=0.9480  -> FAIL
   4096x32768x28672 nf_R38B_R38F4    n_OK=0/5 tflops_p50=N/A wcf_max=0.0682 fin_min=0.9648  -> FAIL
   4096x32768x28672 nf_R38B_R39A     n_OK=0/5 tflops_p50=N/A wcf_max=0.0725 fin_min=0.9676  -> FAIL
  16384x 4096x28672 nf_R38F2         n_OK=0/5 tflops_p50=N/A wcf_max=0.0661 fin_min=0.9749  -> FAIL
  16384x 4096x28672 nf_R38B_R38F2    n_OK=2/5 tflops_p50=3710.3 wcf_max=0.0290 fin_min=0.9741  -> FAIL
  16384x 4096x28672 nf_R38B_R38F4    n_OK=2/5 tflops_p50=3735.4 wcf_max=0.0195 fin_min=0.9534  -> FAIL
  16384x 4096x28672 nf_R38B_R39A     n_OK=0/5 tflops_p50=N/A wcf_max=0.0348 fin_min=0.9511  -> FAIL
Output: /shared_nfs/kyle/test/HipKittens/analysis/fp8_gemm/mi350x/R44_OPT_A_PHASE1_EXISTING_5RUN.json
