R44 INTEGRATION bench: 42 shapes, runs=5, GPUs=[0, 1, 2, 3, 4, 5, 6, 7]
  warmup=200, iters=500, trim=0.1, seeds=[101, 202, 303, 404, 505]
  gates: snr_med>=10.0dB, wcf<0.02, fin>=0.97
  promote rule: n_OK>=4 AND wcf_max<0.02 AND wcf_std<0.01 AND fin_min>=0.97
R44 INTEG Bench [run1/5] seed=101 - GPUs: [0, 1, 2, 3, 4, 5, 6, 7], n_jobs=42
==============================================================================================================
  [  1/42]  16384x  6144x  2048 [R40B]  3135.5 vs  3047.6 (102.9%) fin=0.9969 wcf=0.0005 WIN GPU2
  [  2/42]  16384x  4096x  2048 [R40B]  3008.7 vs  2995.0 (100.5%) fin=0.9987 wcf=0.0005 WIN GPU0
  [  3/42]  16384x  4096x  3072 [R40B]  3483.5 vs  3492.3 ( 99.7%) fin=0.9955 wcf=0.0120 LOSE GPU1
  [  4/42]  32768x  4096x  2048 [R41B]  3083.3 vs  3131.8 ( 98.5%) fin=0.9849 wcf=0.0114 LOSE GPU3
  [  5/42]  16384x 14336x  2048 [R40B]  3250.0 vs  3301.3 ( 98.4%) fin=0.9928 wcf=0.0010 LOSE GPU6
  [  6/42]  32768x  4096x  3072 [R40B]  3572.5 vs  3630.6 ( 98.4%) fin=0.9930 wcf=0.0184 LOSE GPU4
  [  7/42]  32768x  6144x  2048 [R40B]  3308.8 vs  3239.9 (102.1%) fin=0.9950 wcf=0.0058 WIN GPU5
  [  8/42]  16384x 28672x  2048 [R40B]  3350.7 vs  3482.3 ( 96.2%) fin=0.9868 wcf=0.0070 LOSE GPU7
  [  9/42]   4096x  4096x 16384 [R40B]  4233.7 vs  4642.1 ( 91.2%) fin=0.9957 wcf=0.0047 LOSE GPU2
  [ 10/42]   4096x  4096x 32768 [R41A]  3999.6 vs  5152.8 ( 77.6%) fin=1.0000 wcf=0.0000 LOSE GPU6
  [ 11/42]   4096x  4096x  8192 [R40B]  3952.3 vs  3959.9 ( 99.8%) fin=1.0000 wcf=0.0145 LOSE GPU5
  [ 12/42]  32768x 14336x  2048 [R40B]  3427.7 vs  3351.4 (102.3%) fin=0.9916 wcf=0.0105 WIN GPU0
  [ 13/42]   6144x  4096x 16384 [R40B]  3676.9 vs  4428.1 ( 83.0%) fin=0.9960 wcf=0.0035 LOSE GPU4
  [ 14/42]   4096x 14336x 16384 [R40B]  4206.6 vs  5013.0 ( 83.9%) fin=0.9907 wcf=0.0127 LOSE GPU3
  [ 15/42]   4096x  6144x 32768 [R41A]  3115.0 vs  3784.2 ( 82.3%) fin=1.0000 wcf=0.0000 LOSE GPU7
  [ 16/42]  32768x 28672x  2048 [R40B]  3333.7 vs  3353.4 ( 99.4%) fin=0.9881 wcf=0.0094 LOSE GPU1
  [ 17/42]   4096x 32768x  4096 [R40B]  3802.8 vs  4166.5 ( 91.3%) fin=0.9987 wcf=0.0061 LOSE GPU2
  [ 18/42]   4096x 32768x 14336 [R40B] WRONG_OUTPUT fin=0.9692 wcf=0.0204 GPU4
  [ 19/42]   4096x 14336x  8192 [R40B]  3951.1 vs  4345.8 ( 90.9%) fin=0.9939 wcf=0.0021 LOSE GPU0
  [ 20/42]   4096x 32768x  6144 [R40B]  4171.3 vs  4548.6 ( 91.7%) fin=0.9825 wcf=0.0103 LOSE GPU3
  [ 21/42]   4096x 28672x 32768 [R41A]  3480.3 vs  5649.9 ( 61.6%) fin=0.9999 wcf=0.0053 LOSE GPU1
  [ 22/42]   4096x 32768x128256 [R40A]  4146.1 vs  5781.1 ( 71.7%) fin=0.9992 wcf=0.0000 LOSE GPU6
  [ 23/42]  16384x  4096x  4096 [R40B]  3883.4 vs  3951.8 ( 98.3%) fin=0.9956 wcf=0.0090 LOSE GPU4
  [ 24/42]   6144x  4096x  8192 [R40B]  3416.7 vs  3822.0 ( 89.4%) fin=0.9964 wcf=0.0078 LOSE GPU0
  [ 25/42]  14336x 32768x  4096 [R40B]  3873.5 vs  4462.6 ( 86.8%) fin=0.9803 wcf=0.0072 LOSE GPU3
  [ 26/42]  14336x  4096x 32768 [R41A]  3171.6 vs  5245.4 ( 60.5%) fin=1.0000 wcf=0.0000 LOSE GPU2
  [ 27/42]   4096x128256x 32768 [R41A]  3111.6 vs  3195.3 ( 97.4%) fin=0.9998 wcf=0.0041 LOSE GPU7
  [ 28/42]   6144x 32768x  4096 [R40B]  4013.5 vs  4291.0 ( 93.5%) fin=0.9887 wcf=0.0052 LOSE GPU1
  [ 29/42]  16384x 14336x  4096 [R40B] WRONG_OUTPUT fin=0.9943 wcf=0.0318 GPU2
  [ 30/42]  16384x  6144x  4096 [R40B]  4073.5 vs  4042.5 (100.8%) fin=0.9955 wcf=0.0192 WIN GPU1
  [ 31/42]  16384x  4096x 14336 [R41B]  4398.3 vs  5142.1 ( 85.5%) fin=0.9864 wcf=0.0044 LOSE GPU7
  [ 32/42]  16384x 28672x  4096 [R40B]  4053.1 vs  4411.7 ( 91.9%) fin=0.9832 wcf=0.0072 LOSE GPU3
  [ 33/42]  16384x  4096x 28672 [R44A]  3437.0 vs  5525.3 ( 62.2%) fin=0.9884 wcf=0.0000 LOSE GPU0
  [ 34/42]  16384x  4096x  7168 [R40B]  4169.3 vs  4443.2 ( 93.8%) fin=0.9957 wcf=0.0129 LOSE GPU6
  [ 35/42]  28672x  4096x  8192 [R40B]  4235.6 vs  4810.0 ( 88.1%) fin=0.9815 wcf=0.0080 LOSE GPU4
  [ 36/42]  32768x  4096x  7168 [R40B]  4084.1 vs  4666.8 ( 87.5%) fin=0.9939 wcf=0.0061 LOSE GPU7
  [ 37/42]  32768x  4096x 14336 [R40B]  4406.6 vs  5223.4 ( 84.4%) fin=0.9883 wcf=0.0193 LOSE GPU0
  [ 38/42]  28672x 32768x  4096 [R40B]  3899.1 vs  4466.6 ( 87.3%) fin=0.9909 wcf=0.0023 LOSE GPU6
  [ 39/42] 128256x 32768x  4096 [R40B]  3902.0 vs  4536.4 ( 86.0%) fin=0.9960 wcf=0.0029 LOSE GPU1
  [ 40/42]   4096x 32768x 28672 [R40B] CRASH fin=N/A wcf=N/A GPU5
  [ 41/42]  16384x  4096x  6144 [R40B]  4150.2 vs  4259.9 ( 97.4%) fin=0.9957 wcf=0.0051 LOSE GPU5
  [ 42/42]  28672x  4096x 16384 [R40B] WRONG_OUTPUT fin=0.9857 wcf=0.0279 GPU5

[run1/5] seed=101 elapsed=1.1 min
R44 INTEG Bench [run2/5] seed=202 - GPUs: [0, 1, 2, 3, 4, 5, 6, 7], n_jobs=42
==============================================================================================================
  [  1/42]  32768x  6144x  2048 [R40B]  3332.7 vs  3239.9 (102.9%) fin=0.9944 wcf=0.0036 WIN GPU5
  [  2/42]  32768x  4096x  2048 [R41B]  3139.2 vs  3131.8 (100.2%) fin=0.9903 wcf=0.0052 WIN GPU3
  [  3/42]  16384x  4096x  3072 [R40B]  3517.5 vs  3492.3 (100.7%) fin=0.9956 wcf=0.0107 WIN GPU1
  [  4/42]  16384x  6144x  2048 [R40B]  3171.6 vs  3047.6 (104.1%) fin=0.9968 wcf=0.0004 WIN GPU2
  [  5/42]  16384x 14336x  2048 [R40B]  3246.9 vs  3301.3 ( 98.4%) fin=0.9884 wcf=0.0012 LOSE GPU6
  [  6/42]  16384x  4096x  2048 [R40B]  3168.3 vs  2995.0 (105.8%) fin=0.9990 wcf=0.0005 WIN GPU0
  [  7/42]  32768x  4096x  3072 [R40B]  3605.1 vs  3630.6 ( 99.3%) fin=0.9934 wcf=0.0132 LOSE GPU4
  [  8/42]  16384x 28672x  2048 [R40B]  3346.9 vs  3482.3 ( 96.1%) fin=0.9901 wcf=0.0107 LOSE GPU7
  [  9/42]   4096x  4096x  8192 [R40B]  3809.8 vs  3959.9 ( 96.2%) fin=1.0000 wcf=0.0054 LOSE GPU5
  [ 10/42]   4096x  4096x 32768 [R41A]  3980.2 vs  5152.8 ( 77.2%) fin=1.0000 wcf=0.0000 LOSE GPU6
  [ 11/42]   4096x 14336x 16384 [R40B]  4207.7 vs  5013.0 ( 83.9%) fin=0.9956 wcf=0.0023 LOSE GPU3
  [ 12/42]   4096x  4096x 16384 [R40B]  4333.2 vs  4642.1 ( 93.3%) fin=0.9960 wcf=0.0138 LOSE GPU2
  [ 13/42]   6144x  4096x 16384 [R40B]  3625.8 vs  4428.1 ( 81.9%) fin=0.9959 wcf=0.0083 LOSE GPU4
  [ 14/42]  32768x 14336x  2048 [R40B]  3463.9 vs  3351.4 (103.4%) fin=0.9925 wcf=0.0030 WIN GPU0
  [ 15/42]  32768x 28672x  2048 [R40B]  3328.9 vs  3353.4 ( 99.3%) fin=0.9903 wcf=0.0113 LOSE GPU1
  [ 16/42]   4096x  6144x 32768 [R41A]  3090.9 vs  3784.2 ( 81.7%) fin=1.0000 wcf=0.0000 LOSE GPU7
  [ 17/42]   4096x 32768x  4096 [R40B]  3716.5 vs  4166.5 ( 89.2%) fin=0.9973 wcf=0.0059 LOSE GPU2
  [ 18/42]   4096x 14336x  8192 [R40B]  3984.1 vs  4345.8 ( 91.7%) fin=0.9849 wcf=0.0072 LOSE GPU0
  [ 19/42]   4096x 32768x  6144 [R40B]  4197.1 vs  4548.6 ( 92.3%) fin=0.9907 wcf=0.0182 LOSE GPU3
  [ 20/42]   4096x 32768x 14336 [R40B]  4294.9 vs  5296.1 ( 81.1%) fin=0.9861 wcf=0.0085 LOSE GPU4
  [ 21/42]   4096x 28672x 32768 [R41A]  3497.3 vs  5649.9 ( 61.9%) fin=0.9991 wcf=0.0000 LOSE GPU1
  [ 22/42]   4096x 32768x128256 [R40A]  4143.2 vs  5781.1 ( 71.7%) fin=0.9987 wcf=0.0000 LOSE GPU6
  [ 23/42]   6144x  4096x  8192 [R40B]  3356.6 vs  3822.0 ( 87.8%) fin=0.9954 wcf=0.0122 LOSE GPU0
  [ 24/42]  14336x 32768x  4096 [R40B]  3828.5 vs  4462.6 ( 85.8%) fin=0.9896 wcf=0.0106 LOSE GPU3
  [ 25/42]  14336x  4096x 32768 [R41A]  3194.4 vs  5245.4 ( 60.9%) fin=0.9999 wcf=0.0000 LOSE GPU2
  [ 26/42]   4096x128256x 32768 [R41A]  3120.2 vs  3195.3 ( 97.6%) fin=0.9998 wcf=0.0000 LOSE GPU7
  [ 27/42]  16384x  4096x  4096 [R40B]  3903.7 vs  3951.8 ( 98.8%) fin=0.9957 wcf=0.0096 LOSE GPU4
  [ 28/42]   6144x 32768x  4096 [R40B]  4063.0 vs  4291.0 ( 94.7%) fin=0.9851 wcf=0.0139 LOSE GPU1
  [ 29/42]  16384x 14336x  4096 [R40B]  3998.9 vs  4255.8 ( 94.0%) fin=0.9945 wcf=0.0196 LOSE GPU2
  [ 30/42]  16384x 28672x  4096 [R40B] WRONG_OUTPUT fin=0.9911 wcf=0.0419 GPU3
  [ 31/42]  16384x  4096x  7168 [R40B]  4214.1 vs  4443.2 ( 94.8%) fin=0.9958 wcf=0.0116 LOSE GPU6
  [ 32/42]  16384x  4096x 14336 [R41B]  4392.0 vs  5142.1 ( 85.4%) fin=0.9917 wcf=0.0041 LOSE GPU7
  [ 33/42]  16384x  4096x 28672 [R44A]  3424.2 vs  5525.3 ( 62.0%) fin=0.9896 wcf=0.0000 LOSE GPU0
  [ 34/42]  28672x  4096x  8192 [R40B]  4258.5 vs  4810.0 ( 88.5%) fin=0.9793 wcf=0.0031 LOSE GPU4
  [ 35/42]  16384x  6144x  4096 [R40B] WRONG_OUTPUT fin=0.9951 wcf=0.0447 GPU1
  [ 36/42]  32768x  4096x  7168 [R40B]  4152.0 vs  4666.8 ( 89.0%) fin=0.9932 wcf=0.0129 LOSE GPU7
  [ 37/42]  28672x 32768x  4096 [R40B]  3896.9 vs  4466.6 ( 87.2%) fin=0.9871 wcf=0.0031 LOSE GPU6
  [ 38/42]  32768x  4096x 14336 [R40B] WRONG_OUTPUT fin=0.9934 wcf=0.0212 GPU0
  [ 39/42] 128256x 32768x  4096 [R40B]  3903.3 vs  4536.4 ( 86.0%) fin=0.9957 wcf=0.0065 LOSE GPU1
  [ 40/42]   4096x 32768x 28672 [R40B] CRASH fin=N/A wcf=N/A GPU5
  [ 41/42]  16384x  4096x  6144 [R40B]  4151.9 vs  4259.9 ( 97.5%) fin=0.9958 wcf=0.0058 LOSE GPU5
  [ 42/42]  28672x  4096x 16384 [R40B]  4419.1 vs  5350.6 ( 82.6%) fin=0.9905 wcf=0.0152 LOSE GPU5

[run2/5] seed=202 elapsed=1.1 min
R44 INTEG Bench [run3/5] seed=303 - GPUs: [0, 1, 2, 3, 4, 5, 6, 7], n_jobs=42
==============================================================================================================
  [  1/42]  16384x  4096x  2048 [R40B]  3105.1 vs  2995.0 (103.7%) fin=0.9986 wcf=0.0005 WIN GPU0
  [  2/42]  32768x  4096x  2048 [R41B]  3092.8 vs  3131.8 ( 98.8%) fin=0.9846 wcf=0.0099 LOSE GPU3
  [  3/42]  32768x  4096x  3072 [R40B]  3590.6 vs  3630.6 ( 98.9%) fin=0.9917 wcf=0.0074 LOSE GPU4
  [  4/42]  16384x 14336x  2048 [R40B]  3229.7 vs  3301.3 ( 97.8%) fin=0.9921 wcf=0.0010 LOSE GPU6
  [  5/42]  16384x  6144x  2048 [R40B]  3186.5 vs  3047.6 (104.6%) fin=0.9969 wcf=0.0006 WIN GPU2
  [  6/42]  32768x  6144x  2048 [R40B]  3230.1 vs  3239.9 ( 99.7%) fin=0.9921 wcf=0.0083 LOSE GPU5
  [  7/42]  16384x  4096x  3072 [R40B]  3499.4 vs  3492.3 (100.2%) fin=0.9957 wcf=0.0130 WIN GPU1
  [  8/42]  16384x 28672x  2048 [R40B]  3358.6 vs  3482.3 ( 96.4%) fin=0.9812 wcf=0.0053 LOSE GPU7
  [  9/42]  32768x 14336x  2048 [R40B]  3438.5 vs  3351.4 (102.6%) fin=0.9910 wcf=0.0082 WIN GPU0
  [ 10/42]   4096x  4096x 32768 [R41A]  3967.6 vs  5152.8 ( 77.0%) fin=1.0000 wcf=0.0000 LOSE GPU6
  [ 11/42]   4096x  4096x  8192 [R40B]  3941.8 vs  3959.9 ( 99.5%) fin=1.0000 wcf=0.0136 LOSE GPU5
  [ 12/42]   4096x  4096x 16384 [R40B]  4226.4 vs  4642.1 ( 91.0%) fin=0.9959 wcf=0.0172 LOSE GPU2
  [ 13/42]   4096x  6144x 32768 [R41A]  3130.9 vs  3784.2 ( 82.7%) fin=0.9999 wcf=0.0000 LOSE GPU7
  [ 14/42]   6144x  4096x 16384 [R40B]  3670.4 vs  4428.1 ( 82.9%) fin=0.9957 wcf=0.0112 LOSE GPU4
  [ 15/42]   4096x 14336x 16384 [R40B]  4236.2 vs  5013.0 ( 84.5%) fin=0.9922 wcf=0.0121 LOSE GPU3
  [ 16/42]  32768x 28672x  2048 [R40B]  3316.4 vs  3353.4 ( 98.9%) fin=0.9893 wcf=0.0102 LOSE GPU1
  [ 17/42]   4096x 14336x  8192 [R40B]  3954.1 vs  4345.8 ( 91.0%) fin=0.9936 wcf=0.0037 LOSE GPU0
  [ 18/42]   4096x 32768x 14336 [R40B] WRONG_OUTPUT fin=0.9835 wcf=0.0212 GPU4
  [ 19/42]   4096x 32768x  4096 [R40B]  3771.3 vs  4166.5 ( 90.5%) fin=0.9991 wcf=0.0064 LOSE GPU2
  [ 20/42]   4096x 28672x 32768 [R41A]  3524.6 vs  5649.9 ( 62.4%) fin=0.9999 wcf=0.0065 LOSE GPU1
  [ 21/42]   4096x 32768x  6144 [R40B]  4175.0 vs  4548.6 ( 91.8%) fin=0.9870 wcf=0.0057 LOSE GPU3
  [ 22/42]   6144x  4096x  8192 [R40B]  3400.6 vs  3822.0 ( 89.0%) fin=0.9965 wcf=0.0067 LOSE GPU0
  [ 23/42]   4096x 32768x128256 [R40A]  4146.2 vs  5781.1 ( 71.7%) fin=0.9937 wcf=0.0002 LOSE GPU6
  [ 24/42]   4096x128256x 32768 [R41A]  3122.7 vs  3195.3 ( 97.7%) fin=0.9998 wcf=0.0000 LOSE GPU7
  [ 25/42]  16384x  4096x  4096 [R40B]  3887.1 vs  3951.8 ( 98.4%) fin=0.9954 wcf=0.0120 LOSE GPU4
  [ 26/42]   6144x 32768x  4096 [R40B]  4033.6 vs  4291.0 ( 94.0%) fin=0.9896 wcf=0.0097 LOSE GPU1
  [ 27/42]  14336x  4096x 32768 [R41A]  3151.1 vs  5245.4 ( 60.1%) fin=1.0000 wcf=0.0000 LOSE GPU2
  [ 28/42]  14336x 32768x  4096 [R40B]  3832.6 vs  4462.6 ( 85.9%) fin=0.9875 wcf=0.0089 LOSE GPU3
  [ 29/42]  16384x  4096x  7168 [R40B]  4187.8 vs  4443.2 ( 94.3%) fin=0.9939 wcf=0.0086 LOSE GPU6
  [ 30/42]  16384x  4096x 28672 [R44A]  3428.7 vs  5525.3 ( 62.1%) fin=0.9839 wcf=0.0000 LOSE GPU0
  [ 31/42]  16384x  4096x 14336 [R41B]  4372.1 vs  5142.1 ( 85.0%) fin=0.9913 wcf=0.0080 LOSE GPU7
  [ 32/42]  16384x  6144x  4096 [R40B]  4006.5 vs  4042.5 ( 99.1%) fin=0.9923 wcf=0.0185 LOSE GPU1
  [ 33/42]  28672x  4096x  8192 [R40B]  4274.1 vs  4810.0 ( 88.9%) fin=0.9907 wcf=0.0108 LOSE GPU4
  [ 34/42]  16384x 28672x  4096 [R40B] WRONG_OUTPUT fin=0.9914 wcf=0.0207 GPU3
  [ 35/42]  16384x 14336x  4096 [R40B]  4024.2 vs  4255.8 ( 94.6%) fin=0.9941 wcf=0.0127 LOSE GPU2
  [ 36/42]  32768x  4096x  7168 [R40B]  4133.5 vs  4666.8 ( 88.6%) fin=0.9946 wcf=0.0087 LOSE GPU7
  [ 37/42]  32768x  4096x 14336 [R40B]  4411.8 vs  5223.4 ( 84.5%) fin=0.9944 wcf=0.0132 LOSE GPU0
  [ 38/42]  28672x 32768x  4096 [R40B]  3890.9 vs  4466.6 ( 87.1%) fin=0.9883 wcf=0.0067 LOSE GPU6
  [ 39/42] 128256x 32768x  4096 [R40B]  3902.1 vs  4536.4 ( 86.0%) fin=0.9961 wcf=0.0011 LOSE GPU1
  [ 40/42]   4096x 32768x 28672 [R40B] CRASH fin=N/A wcf=N/A GPU5
  [ 41/42]  16384x  4096x  6144 [R40B]  4158.6 vs  4259.9 ( 97.6%) fin=0.9956 wcf=0.0058 LOSE GPU5
  [ 42/42]  28672x  4096x 16384 [R40B]  4419.9 vs  5350.6 ( 82.6%) fin=0.9918 wcf=0.0102 LOSE GPU5

[run3/5] seed=303 elapsed=1.1 min
R44 INTEG Bench [run4/5] seed=404 - GPUs: [0, 1, 2, 3, 4, 5, 6, 7], n_jobs=42
==============================================================================================================
  [  1/42]  32768x  6144x  2048 [R40B]  3321.6 vs  3239.9 (102.5%) fin=0.9929 wcf=0.0075 WIN GPU5
  [  2/42]  32768x  4096x  2048 [R41B]  3104.8 vs  3131.8 ( 99.1%) fin=0.9917 wcf=0.0101 LOSE GPU3
  [  3/42]  16384x  4096x  3072 [R40B]  3457.6 vs  3492.3 ( 99.0%) fin=0.9958 wcf=0.0104 LOSE GPU1
  [  4/42]  16384x 14336x  2048 [R40B]  3227.5 vs  3301.3 ( 97.8%) fin=0.9912 wcf=0.0010 LOSE GPU6
  [  5/42]  16384x  6144x  2048 [R40B]  3098.3 vs  3047.6 (101.7%) fin=0.9963 wcf=0.0007 WIN GPU2
  [  6/42]  16384x  4096x  2048 [R40B]  3138.3 vs  2995.0 (104.8%) fin=0.9986 wcf=0.0006 WIN GPU0
  [  7/42]  16384x 28672x  2048 [R40B]  3330.3 vs  3482.3 ( 95.6%) fin=0.9859 wcf=0.0111 LOSE GPU7
  [  8/42]  32768x  4096x  3072 [R40B]  3656.0 vs  3630.6 (100.7%) fin=0.9927 wcf=0.0088 WIN GPU4
  [  9/42]   4096x  4096x  8192 [R40B]  3749.2 vs  3959.9 ( 94.7%) fin=1.0000 wcf=0.0064 LOSE GPU5
  [ 10/42]   4096x  6144x 32768 [R41A]  3103.8 vs  3784.2 ( 82.0%) fin=1.0000 wcf=0.0000 LOSE GPU7
  [ 11/42]   4096x  4096x 16384 [R40B]  4241.0 vs  4642.1 ( 91.4%) fin=0.9959 wcf=0.0131 LOSE GPU2
  [ 12/42]   4096x 14336x 16384 [R40B]  4231.0 vs  5013.0 ( 84.4%) fin=0.9882 wcf=0.0053 LOSE GPU3
  [ 13/42]   4096x  4096x 32768 [R41A]  3965.3 vs  5152.8 ( 77.0%) fin=1.0000 wcf=0.0000 LOSE GPU6
  [ 14/42]   6144x  4096x 16384 [R40B]  3626.5 vs  4428.1 ( 81.9%) fin=0.9958 wcf=0.0028 LOSE GPU4
  [ 15/42]  32768x 14336x  2048 [R40B]  3441.3 vs  3351.4 (102.7%) fin=0.9920 wcf=0.0093 WIN GPU0
  [ 16/42]  32768x 28672x  2048 [R40B]  3331.2 vs  3353.4 ( 99.3%) fin=0.9835 wcf=0.0077 LOSE GPU1
  [ 17/42]   4096x 32768x  4096 [R40B]  3768.6 vs  4166.5 ( 90.5%) fin=0.9896 wcf=0.0076 LOSE GPU2
  [ 18/42]   4096x 32768x  6144 [R40B]  4201.0 vs  4548.6 ( 92.4%) fin=0.9855 wcf=0.0123 LOSE GPU3
  [ 19/42]   4096x 14336x  8192 [R40B]  3943.4 vs  4345.8 ( 90.7%) fin=0.9922 wcf=0.0076 LOSE GPU0
  [ 20/42]   4096x 32768x 14336 [R40B]  4274.2 vs  5296.1 ( 80.7%) fin=0.9861 wcf=0.0160 LOSE GPU4
  [ 21/42]   4096x 28672x 32768 [R41A]  3473.4 vs  5649.9 ( 61.5%) fin=0.9998 wcf=0.0025 LOSE GPU1
  [ 22/42]   4096x 32768x128256 [R40A]  4146.5 vs  5781.1 ( 71.7%) fin=0.9972 wcf=0.0000 LOSE GPU6
  [ 23/42]   4096x128256x 32768 [R41A]  3111.5 vs  3195.3 ( 97.4%) fin=0.9999 wcf=0.0004 LOSE GPU7
  [ 24/42]   6144x  4096x  8192 [R40B]  3355.3 vs  3822.0 ( 87.8%) fin=0.9949 wcf=0.0167 LOSE GPU0
  [ 25/42]  14336x 32768x  4096 [R40B]  3855.1 vs  4462.6 ( 86.4%) fin=0.9821 wcf=0.0152 LOSE GPU3
  [ 26/42]  14336x  4096x 32768 [R41A]  3178.5 vs  5245.4 ( 60.6%) fin=1.0000 wcf=0.0000 LOSE GPU2
  [ 27/42]  16384x  4096x  4096 [R40B]  3901.8 vs  3951.8 ( 98.7%) fin=0.9960 wcf=0.0111 LOSE GPU4
  [ 28/42]  16384x  4096x  7168 [R40B]  4185.6 vs  4443.2 ( 94.2%) fin=0.9956 wcf=0.0094 LOSE GPU6
  [ 29/42]   6144x 32768x  4096 [R40B]  4020.3 vs  4291.0 ( 93.7%) fin=0.9899 wcf=0.0077 LOSE GPU1
  [ 30/42]  16384x  4096x 14336 [R41B]  4383.9 vs  5142.1 ( 85.3%) fin=0.9924 wcf=0.0069 LOSE GPU7
  [ 31/42]  16384x 14336x  4096 [R40B] WRONG_OUTPUT fin=0.9930 wcf=0.0381 GPU2
  [ 32/42]  16384x 28672x  4096 [R40B] WRONG_OUTPUT fin=0.9907 wcf=0.0247 GPU3
  [ 33/42]  16384x  4096x 28672 [R44A]  3427.1 vs  5525.3 ( 62.0%) fin=0.9968 wcf=0.0000 LOSE GPU0
  [ 34/42]  16384x  6144x  4096 [R40B]  4012.9 vs  4042.5 ( 99.3%) fin=0.9915 wcf=0.0097 LOSE GPU1
  [ 35/42]  28672x 32768x  4096 [R40B]  3898.2 vs  4466.6 ( 87.3%) fin=0.9851 wcf=0.0078 LOSE GPU6
  [ 36/42]  28672x  4096x  8192 [R40B]  4275.2 vs  4810.0 ( 88.9%) fin=0.9901 wcf=0.0112 LOSE GPU4
  [ 37/42]  32768x  4096x  7168 [R40B]  4118.1 vs  4666.8 ( 88.2%) fin=0.9906 wcf=0.0047 LOSE GPU7
  [ 38/42]  32768x  4096x 14336 [R40B] WRONG_OUTPUT fin=0.9931 wcf=0.0260 GPU0
  [ 39/42] 128256x 32768x  4096 [R40B]  3900.7 vs  4536.4 ( 86.0%) fin=0.9958 wcf=0.0034 LOSE GPU1
  [ 40/42]   4096x 32768x 28672 [R40B] CRASH fin=N/A wcf=N/A GPU5
  [ 41/42]  16384x  4096x  6144 [R40B]  4172.5 vs  4259.9 ( 97.9%) fin=0.9959 wcf=0.0078 LOSE GPU5
  [ 42/42]  28672x  4096x 16384 [R40B]  4426.8 vs  5350.6 ( 82.7%) fin=0.9921 wcf=0.0158 LOSE GPU5

[run4/5] seed=404 elapsed=1.1 min
R44 INTEG Bench [run5/5] seed=505 - GPUs: [0, 1, 2, 3, 4, 5, 6, 7], n_jobs=42
==============================================================================================================
  [  1/42]  16384x 28672x  2048 [R40B]  3387.7 vs  3482.3 ( 97.3%) fin=0.9815 wcf=0.0058 LOSE GPU7
  [  2/42]  16384x  4096x  2048 [R40B]  3089.7 vs  2995.0 (103.2%) fin=0.9989 wcf=0.0005 WIN GPU0
  [  3/42]  16384x 14336x  2048 [R40B]  3281.0 vs  3301.3 ( 99.4%) fin=0.9924 wcf=0.0012 LOSE GPU6
  [  4/42]  16384x  6144x  2048 [R40B]  3186.8 vs  3047.6 (104.6%) fin=0.9968 wcf=0.0005 WIN GPU2
  [  5/42]  16384x  4096x  3072 [R40B]  3585.7 vs  3492.3 (102.7%) fin=0.9959 wcf=0.0126 WIN GPU1
  [  6/42]  32768x  4096x  3072 [R40B]  3686.8 vs  3630.6 (101.5%) fin=0.9972 wcf=0.0120 WIN GPU4
  [  7/42]  32768x  4096x  2048 [R41B]  3187.3 vs  3131.8 (101.8%) fin=0.9861 wcf=0.0091 WIN GPU3
  [  8/42]  32768x  6144x  2048 [R40B]  3284.1 vs  3239.9 (101.4%) fin=0.9916 wcf=0.0078 WIN GPU5
  [  9/42]   4096x  4096x 32768 [R41A]  4027.8 vs  5152.8 ( 78.2%) fin=1.0000 wcf=0.0000 LOSE GPU6
  [ 10/42]   4096x  6144x 32768 [R41A]  3111.1 vs  3784.2 ( 82.2%) fin=1.0000 wcf=0.0000 LOSE GPU7
  [ 11/42]   4096x  4096x 16384 [R40B]  4223.7 vs  4642.1 ( 91.0%) fin=0.9960 wcf=0.0163 LOSE GPU2
  [ 12/42]  32768x 14336x  2048 [R40B]  3437.6 vs  3351.4 (102.6%) fin=0.9918 wcf=0.0088 WIN GPU0
  [ 13/42]   6144x  4096x 16384 [R40B]  3679.1 vs  4428.1 ( 83.1%) fin=0.9958 wcf=0.0095 LOSE GPU4
  [ 14/42]   4096x  4096x  8192 [R40B]  3787.1 vs  3959.9 ( 95.6%) fin=1.0000 wcf=0.0135 LOSE GPU5
  [ 15/42]   4096x 14336x 16384 [R40B]  4195.8 vs  5013.0 ( 83.7%) fin=0.9938 wcf=0.0074 LOSE GPU3
  [ 16/42]  32768x 28672x  2048 [R40B]  3319.0 vs  3353.4 ( 99.0%) fin=0.9897 wcf=0.0100 LOSE GPU1
  [ 17/42]   4096x 32768x 14336 [R40B] WRONG_OUTPUT fin=0.9610 wcf=0.0138 GPU4
  [ 18/42]   4096x 32768x  6144 [R40B]  4187.4 vs  4548.6 ( 92.1%) fin=0.9825 wcf=0.0183 LOSE GPU3
  [ 19/42]   4096x 14336x  8192 [R40B]  3950.6 vs  4345.8 ( 90.9%) fin=0.9904 wcf=0.0037 LOSE GPU0
  [ 20/42]   4096x 32768x  4096 [R40B]  3748.3 vs  4166.5 ( 90.0%) fin=0.9977 wcf=0.0055 LOSE GPU2
  [ 21/42]   4096x 28672x 32768 [R41A]  3504.0 vs  5649.9 ( 62.0%) fin=0.9993 wcf=0.0032 LOSE GPU1
  [ 22/42]   4096x 32768x128256 [R40A]  4145.0 vs  5781.1 ( 71.7%) fin=0.9984 wcf=0.0000 LOSE GPU6
  [ 23/42]   4096x128256x 32768 [R41A]  3116.1 vs  3195.3 ( 97.5%) fin=1.0000 wcf=0.0000 LOSE GPU7
  [ 24/42]  16384x  4096x  4096 [R40B]  3995.1 vs  3951.8 (101.1%) fin=0.9955 wcf=0.0078 WIN GPU4
  [ 25/42]   6144x 32768x  4096 [R40B]  4027.8 vs  4291.0 ( 93.9%) fin=0.9889 wcf=0.0055 LOSE GPU1
  [ 26/42]   6144x  4096x  8192 [R40B]  3355.3 vs  3822.0 ( 87.8%) fin=0.9953 wcf=0.0149 LOSE GPU0
  [ 27/42]  14336x 32768x  4096 [R40B]  3836.7 vs  4462.6 ( 86.0%) fin=0.9867 wcf=0.0035 LOSE GPU3
  [ 28/42]  14336x  4096x 32768 [R41A]  3161.0 vs  5245.4 ( 60.3%) fin=1.0000 wcf=0.0000 LOSE GPU2
  [ 29/42]  16384x  4096x  7168 [R40B]  4174.8 vs  4443.2 ( 94.0%) fin=0.9956 wcf=0.0072 LOSE GPU6
  [ 30/42]  16384x  4096x 14336 [R41B]  4405.6 vs  5142.1 ( 85.7%) fin=0.9834 wcf=0.0088 LOSE GPU7
  [ 31/42]  16384x 14336x  4096 [R40B] WRONG_OUTPUT fin=0.9909 wcf=0.0272 GPU2
  [ 32/42]  16384x  6144x  4096 [R40B]  4010.4 vs  4042.5 ( 99.2%) fin=0.9954 wcf=0.0181 LOSE GPU1
  [ 33/42]  28672x  4096x  8192 [R40B]  4263.4 vs  4810.0 ( 88.6%) fin=0.9862 wcf=0.0071 LOSE GPU4
  [ 34/42]  16384x 28672x  4096 [R40B]  4024.2 vs  4411.7 ( 91.2%) fin=0.9896 wcf=0.0089 LOSE GPU3
  [ 35/42]  16384x  4096x 28672 [R44A]  3421.4 vs  5525.3 ( 61.9%) fin=0.9868 wcf=0.0015 LOSE GPU0
  [ 36/42]  28672x 32768x  4096 [R40B]  3901.1 vs  4466.6 ( 87.3%) fin=0.9798 wcf=0.0035 LOSE GPU6
  [ 37/42]  32768x  4096x  7168 [R40B]  4110.7 vs  4666.8 ( 88.1%) fin=0.9908 wcf=0.0073 LOSE GPU7
  [ 38/42]  32768x  4096x 14336 [R40B]  4440.8 vs  5223.4 ( 85.0%) fin=0.9927 wcf=0.0153 LOSE GPU0
  [ 39/42] 128256x 32768x  4096 [R40B]  3898.2 vs  4536.4 ( 85.9%) fin=0.9898 wcf=0.0075 LOSE GPU1
  [ 40/42]   4096x 32768x 28672 [R40B] CRASH fin=N/A wcf=N/A GPU5
  [ 41/42]  16384x  4096x  6144 [R40B]  4144.8 vs  4259.9 ( 97.3%) fin=0.9952 wcf=0.0063 LOSE GPU5
  [ 42/42]  28672x  4096x 16384 [R40B]  4424.3 vs  5350.6 ( 82.7%) fin=0.9902 wcf=0.0108 LOSE GPU5

[run5/5] seed=505 elapsed=1.1 min

=== R44 INTEGRATION SUMMARY ===
Verified-correct (n_OK>=4): 35/42
Verified-correct (n_OK>=3): 35/42
WIN (>=100% comp): 5/42
Output: /shared_nfs/kyle/test/HipKittens/analysis/fp8_gemm/mi350x/R44_INTEGRATION_5RUN.json
