R44 Opt D 10-run: 3 shapes x 10 runs, GPUs=[6, 7]
  warmup=200, iters=500, trim=0.1, seed_base=42
  [  1/30]  32768x  4096x  2048 run0 seed42     OK tflops= 3148.1 fin=0.9940 wcf=0.00682 GPU6
  [  2/30]  32768x  4096x  2048 run1 seed43     OK tflops= 3100.0 fin=0.9940 wcf=0.00753 GPU7
  [  3/30]  32768x  4096x  2048 run2 seed44     OK tflops= 3091.1 fin=0.9777 wcf=0.00540 GPU6
  [  4/30]  32768x  4096x  2048 run3 seed45     OK tflops= 3116.3 fin=0.9918 wcf=0.00502 GPU7
  [  5/30]  32768x  4096x  2048 run4 seed46     OK tflops= 3173.4 fin=0.9909 wcf=0.00882 GPU6
  [  6/30]  32768x  4096x  2048 run5 seed47     OK tflops= 3124.7 fin=0.9924 wcf=0.00583 GPU7
  [  7/30]  32768x  4096x  2048 run6 seed48     OK tflops= 3158.7 fin=0.9877 wcf=0.01811 GPU6
  [  8/30]  32768x  4096x  2048 run7 seed49     OK tflops= 3091.8 fin=0.9820 wcf=0.01206 GPU7
  [  9/30]  32768x  4096x  2048 run8 seed50     OK tflops= 3124.2 fin=0.9823 wcf=0.01164 GPU6
  [ 10/30]  32768x  4096x  2048 run9 seed51     OK tflops= 3100.8 fin=0.9856 wcf=0.00839 GPU7
  [ 11/30]  16384x 14336x  2048 run0 seed42     OK tflops= 3214.4 fin=0.9934 wcf=0.00085 GPU6
  [ 12/30]  16384x 14336x  2048 run1 seed43     OK tflops= 3209.0 fin=0.9915 wcf=0.00101 GPU7
  [ 13/30]  16384x 14336x  2048 run2 seed44     OK tflops= 3246.6 fin=0.9926 wcf=0.00080 GPU6
  [ 14/30]  16384x 14336x  2048 run3 seed45     OK tflops= 3188.9 fin=0.9890 wcf=0.00112 GPU7
  [ 15/30]  16384x 14336x  2048 run4 seed46     OK tflops= 3231.6 fin=0.9927 wcf=0.00096 GPU6
  [ 16/30]  16384x 14336x  2048 run5 seed47     OK tflops= 3236.0 fin=0.9898 wcf=0.00085 GPU7
  [ 17/30]  16384x 14336x  2048 run6 seed48     OK tflops= 3228.4 fin=0.9935 wcf=0.00104 GPU6
  [ 18/30]  16384x 14336x  2048 run7 seed49     OK tflops= 3286.6 fin=0.9934 wcf=0.00091 GPU7
  [ 19/30]  16384x 14336x  2048 run8 seed50     OK tflops= 3257.5 fin=0.9924 wcf=0.00081 GPU6
  [ 20/30]  16384x 14336x  2048 run9 seed51     OK tflops= 3208.0 fin=0.9926 wcf=0.00095 GPU7
  [ 21/30]  16384x 28672x  2048 run1 seed43     OK tflops= 3353.6 fin=0.9901 wcf=0.00608 GPU7
  [ 22/30]  16384x 28672x  2048 run0 seed42     OK tflops= 3381.7 fin=0.9901 wcf=0.00752 GPU6
  [ 23/30]  16384x 28672x  2048 run3 seed45     OK tflops= 3354.8 fin=0.9887 wcf=0.01230 GPU7
  [ 24/30]  16384x 28672x  2048 run2 seed44     OK tflops= 3379.6 fin=0.9908 wcf=0.01034 GPU6
  [ 25/30]  16384x 28672x  2048 run5 seed47     OK tflops= 3369.8 fin=0.9889 wcf=0.01082 GPU7
  [ 26/30]  16384x 28672x  2048 run4 seed46     OK tflops= 3362.1 fin=0.9901 wcf=0.00774 GPU6
  [ 27/30]  16384x 28672x  2048 run7 seed49     OK tflops= 3343.7 fin=0.9841 wcf=0.00849 GPU7
  [ 28/30]  16384x 28672x  2048 run6 seed48     OK tflops= 3369.2 fin=0.9894 wcf=0.00922 GPU6
  [ 29/30]  16384x 28672x  2048 run9 seed51     OK tflops= 3372.6 fin=0.9862 wcf=0.01148 GPU7
  [ 30/30]  16384x 28672x  2048 run8 seed50     OK tflops= 3353.9 fin=0.9813 wcf=0.00647 GPU6

=== R44 Opt D 10-run summary (elapsed 1.6 min) ===
shape                  src_runs  n_OK_098  n_OK_097  fin_min  fin_med  wcf_max tflops_p50
  32768x4096x2048              10         9        10   0.9777   0.9909  0.01811     3124.2
  16384x14336x2048             10        10        10   0.9890   0.9926  0.00112     3231.6
  16384x28672x2048             10        10        10   0.9813   0.9894  0.01230     3369.2

Output: /shared_nfs/kyle/test/HipKittens/analysis/fp8_gemm/mi350x/R44_OPT_D_10RUN.json
