R44 Opt A Phase 3: 80 jobs across 8 cells x 2 shapes x 5 seeds
  cells: ['fused_ts_drain', 'fused_ts_drain_pfoff104', 'fused_ts_drain_pfoff32', 'fused_ts_drain_pfoff8', 'nonfused_ts_drain_R38B', 'fused_ts_drain_R40A', 'fused_ts_drain_R40A_pfoff104', 'fused_ts_drain_memc_pfoff104']
  GPUs: [0, 1]
==============================================================================================================
  [  1/80]  4096x32768x28672 fused_ts_drain                   seed=101 CRASH fin=N/A wcf=N/A GPU0
  [  2/80]  4096x32768x28672 fused_ts_drain                   seed=202 CRASH fin=N/A wcf=N/A GPU1
  [  3/80]  4096x32768x28672 fused_ts_drain                   seed=404 CRASH fin=N/A wcf=N/A GPU1
  [  4/80]  4096x32768x28672 fused_ts_drain                   seed=303 CRASH fin=N/A wcf=N/A GPU0
  [  5/80]  4096x32768x28672 fused_ts_drain                   seed=505 CRASH fin=N/A wcf=N/A GPU0
  [  6/80]  4096x32768x28672 fused_ts_drain_pfoff104          seed=101 CRASH fin=N/A wcf=N/A GPU1
  [  7/80]  4096x32768x28672 fused_ts_drain_pfoff104          seed=303 CRASH fin=N/A wcf=N/A GPU1
  [  8/80]  4096x32768x28672 fused_ts_drain_pfoff104          seed=202 CRASH fin=N/A wcf=N/A GPU0
  [  9/80]  4096x32768x28672 fused_ts_drain_pfoff104          seed=404 CRASH fin=N/A wcf=N/A GPU0
  [ 10/80]  4096x32768x28672 fused_ts_drain_pfoff104          seed=505 CRASH fin=N/A wcf=N/A GPU1
  [ 11/80]  4096x32768x28672 fused_ts_drain_pfoff32           seed=202 CRASH fin=N/A wcf=N/A GPU1
  [ 12/80]  4096x32768x28672 fused_ts_drain_pfoff32           seed=101 CRASH fin=N/A wcf=N/A GPU0
  [ 13/80]  4096x32768x28672 fused_ts_drain_pfoff32           seed=303 CRASH fin=N/A wcf=N/A GPU0
  [ 14/80]  4096x32768x28672 fused_ts_drain_pfoff32           seed=404 CRASH fin=N/A wcf=N/A GPU1
  [ 15/80]  4096x32768x28672 fused_ts_drain_pfoff32           seed=505 CRASH fin=N/A wcf=N/A GPU0
  [ 16/80]  4096x32768x28672 fused_ts_drain_pfoff8            seed=101 CRASH fin=N/A wcf=N/A GPU1
  [ 17/80]  4096x32768x28672 fused_ts_drain_pfoff8            seed=202 CRASH fin=N/A wcf=N/A GPU0
  [ 18/80]  4096x32768x28672 fused_ts_drain_pfoff8            seed=404 CRASH fin=N/A wcf=N/A GPU0
  [ 19/80]  4096x32768x28672 fused_ts_drain_pfoff8            seed=303 CRASH fin=N/A wcf=N/A GPU1
  [ 20/80]  4096x32768x28672 nonfused_ts_drain_R38B           seed=101  3538.2 TF fin=0.9838 wcf=0.0190 GPU0
  [ 21/80]  4096x32768x28672 nonfused_ts_drain_R38B           seed=303 WRONG_OUTPUT fin=0.9874 wcf=0.0699 GPU0
  [ 22/80]  4096x32768x28672 nonfused_ts_drain_R38B           seed=505 WRONG_OUTPUT fin=0.9855 wcf=0.0254 GPU0
  [ 23/80]  4096x32768x28672 fused_ts_drain_pfoff8            seed=505 CRASH fin=N/A wcf=N/A GPU1
  [ 24/80]  4096x32768x28672 nonfused_ts_drain_R38B           seed=202 WRONG_OUTPUT fin=0.9784 wcf=0.0338 GPU1
  [ 25/80]  4096x32768x28672 nonfused_ts_drain_R38B           seed=404 WRONG_OUTPUT fin=0.9834 wcf=0.0452 GPU1
  [ 26/80]  4096x32768x28672 fused_ts_drain_R40A              seed=202 CRASH fin=N/A wcf=N/A GPU0
  [ 27/80]  4096x32768x28672 fused_ts_drain_R40A              seed=101 CRASH fin=N/A wcf=N/A GPU1
  [ 28/80]  4096x32768x28672 fused_ts_drain_R40A              seed=303 CRASH fin=N/A wcf=N/A GPU1
  [ 29/80]  4096x32768x28672 fused_ts_drain_R40A              seed=404 CRASH fin=N/A wcf=N/A GPU0
  [ 30/80]  4096x32768x28672 fused_ts_drain_R40A              seed=505 CRASH fin=N/A wcf=N/A GPU1
  [ 31/80]  4096x32768x28672 fused_ts_drain_R40A_pfoff104     seed=101 CRASH fin=N/A wcf=N/A GPU0
  [ 32/80]  4096x32768x28672 fused_ts_drain_R40A_pfoff104     seed=303 CRASH fin=N/A wcf=N/A GPU0
  [ 33/80]  4096x32768x28672 fused_ts_drain_R40A_pfoff104     seed=202 CRASH fin=N/A wcf=N/A GPU1
  [ 34/80]  4096x32768x28672 fused_ts_drain_R40A_pfoff104     seed=505 CRASH fin=N/A wcf=N/A GPU0
  [ 35/80]  4096x32768x28672 fused_ts_drain_R40A_pfoff104     seed=404 CRASH fin=N/A wcf=N/A GPU1
  [ 36/80]  4096x32768x28672 fused_ts_drain_memc_pfoff104     seed=202 CRASH fin=N/A wcf=N/A GPU0
  [ 37/80]  4096x32768x28672 fused_ts_drain_memc_pfoff104     seed=404 CRASH fin=N/A wcf=N/A GPU0
  [ 38/80]  4096x32768x28672 fused_ts_drain_memc_pfoff104     seed=101 CRASH fin=N/A wcf=N/A GPU1
  [ 39/80] 16384x 4096x28672 fused_ts_drain                   seed=101 CRASH fin=N/A wcf=N/A GPU0
  [ 40/80] 16384x 4096x28672 fused_ts_drain                   seed=303 CRASH fin=N/A wcf=N/A GPU0
  [ 41/80]  4096x32768x28672 fused_ts_drain_memc_pfoff104     seed=303 CRASH fin=N/A wcf=N/A GPU1
  [ 42/80] 16384x 4096x28672 fused_ts_drain                   seed=505 CRASH fin=N/A wcf=N/A GPU0
  [ 43/80] 16384x 4096x28672 fused_ts_drain_pfoff104          seed=202 CRASH fin=N/A wcf=N/A GPU0
  [ 44/80]  4096x32768x28672 fused_ts_drain_memc_pfoff104     seed=505 CRASH fin=N/A wcf=N/A GPU1
  [ 45/80] 16384x 4096x28672 fused_ts_drain_pfoff104          seed=404 CRASH fin=N/A wcf=N/A GPU0
  [ 46/80] 16384x 4096x28672 fused_ts_drain                   seed=202 CRASH fin=N/A wcf=N/A GPU1
  [ 47/80] 16384x 4096x28672 fused_ts_drain_pfoff32           seed=101 WRONG_OUTPUT fin=0.9652 wcf=0.1350 GPU0
  [ 48/80] 16384x 4096x28672 fused_ts_drain                   seed=404 CRASH fin=N/A wcf=N/A GPU1
  [ 49/80] 16384x 4096x28672 fused_ts_drain_pfoff32           seed=303 CRASH fin=N/A wcf=N/A GPU0
  [ 50/80] 16384x 4096x28672 fused_ts_drain_pfoff104          seed=101 CRASH fin=N/A wcf=N/A GPU1
  [ 51/80] 16384x 4096x28672 fused_ts_drain_pfoff32           seed=505 CRASH fin=N/A wcf=N/A GPU0
  [ 52/80] 16384x 4096x28672 fused_ts_drain_pfoff104          seed=303 CRASH fin=N/A wcf=N/A GPU1
  [ 53/80] 16384x 4096x28672 fused_ts_drain_pfoff8            seed=202 WRONG_OUTPUT fin=0.9656 wcf=0.1286 GPU0
  [ 54/80] 16384x 4096x28672 fused_ts_drain_pfoff104          seed=505 CRASH fin=N/A wcf=N/A GPU1
  [ 55/80] 16384x 4096x28672 fused_ts_drain_pfoff8            seed=404 CRASH fin=N/A wcf=N/A GPU0
  [ 56/80] 16384x 4096x28672 fused_ts_drain_pfoff32           seed=202 WRONG_OUTPUT fin=0.9632 wcf=0.1351 GPU1
  [ 57/80] 16384x 4096x28672 nonfused_ts_drain_R38B           seed=101  3432.2 TF fin=0.9910 wcf=0.0002 GPU0
  [ 58/80] 16384x 4096x28672 fused_ts_drain_pfoff32           seed=404 WRONG_OUTPUT fin=0.9628 wcf=0.1365 GPU1
  [ 59/80] 16384x 4096x28672 nonfused_ts_drain_R38B           seed=303  3426.3 TF fin=0.9935 wcf=0.0000 GPU0
  [ 60/80] 16384x 4096x28672 nonfused_ts_drain_R38B           seed=505  3437.0 TF fin=0.9817 wcf=0.0000 GPU0
  [ 61/80] 16384x 4096x28672 fused_ts_drain_pfoff8            seed=101 CRASH fin=N/A wcf=N/A GPU1
  [ 62/80] 16384x 4096x28672 fused_ts_drain_R40A              seed=202 CRASH fin=N/A wcf=N/A GPU0
  [ 63/80] 16384x 4096x28672 fused_ts_drain_pfoff8            seed=303 CRASH fin=N/A wcf=N/A GPU1
  [ 64/80] 16384x 4096x28672 fused_ts_drain_R40A              seed=404 CRASH fin=N/A wcf=N/A GPU0
  [ 65/80] 16384x 4096x28672 fused_ts_drain_pfoff8            seed=505 CRASH fin=N/A wcf=N/A GPU1
  [ 66/80] 16384x 4096x28672 nonfused_ts_drain_R38B           seed=202  3423.6 TF fin=0.9910 wcf=0.0000 GPU1
  [ 67/80] 16384x 4096x28672 fused_ts_drain_R40A_pfoff104     seed=101 CRASH fin=N/A wcf=N/A GPU0
  [ 68/80] 16384x 4096x28672 nonfused_ts_drain_R38B           seed=404  3420.1 TF fin=0.9960 wcf=0.0000 GPU1
  [ 69/80] 16384x 4096x28672 fused_ts_drain_R40A              seed=101 CRASH fin=N/A wcf=N/A GPU1
  [ 70/80] 16384x 4096x28672 fused_ts_drain_R40A_pfoff104     seed=303 CRASH fin=N/A wcf=N/A GPU0
  [ 71/80] 16384x 4096x28672 fused_ts_drain_R40A_pfoff104     seed=505 CRASH fin=N/A wcf=N/A GPU0
  [ 72/80] 16384x 4096x28672 fused_ts_drain_R40A              seed=303 CRASH fin=N/A wcf=N/A GPU1
  [ 73/80] 16384x 4096x28672 fused_ts_drain_memc_pfoff104     seed=202 CRASH fin=N/A wcf=N/A GPU0
  [ 74/80] 16384x 4096x28672 fused_ts_drain_R40A              seed=505 CRASH fin=N/A wcf=N/A GPU1
  [ 75/80] 16384x 4096x28672 fused_ts_drain_R40A_pfoff104     seed=202 CRASH fin=N/A wcf=N/A GPU1
  [ 76/80] 16384x 4096x28672 fused_ts_drain_memc_pfoff104     seed=404 CRASH fin=N/A wcf=N/A GPU0
  [ 77/80] 16384x 4096x28672 fused_ts_drain_R40A_pfoff104     seed=404 WRONG_OUTPUT fin=0.9632 wcf=0.1314 GPU1
  [ 78/80] 16384x 4096x28672 fused_ts_drain_memc_pfoff104     seed=101 CRASH fin=N/A wcf=N/A GPU1
  [ 79/80] 16384x 4096x28672 fused_ts_drain_memc_pfoff104     seed=303 CRASH fin=N/A wcf=N/A GPU1
  [ 80/80] 16384x 4096x28672 fused_ts_drain_memc_pfoff104     seed=505 WRONG_OUTPUT fin=0.9645 wcf=0.1152 GPU1

=== R44 Opt A Phase 3 SUMMARY ===
Elapsed: 15.0 min
   4096x32768x28672 fused_ts_drain                   n_OK=0/5 tflops_p50=N/A wcf_max=N/A fin_min=N/A  -> FAIL
   4096x32768x28672 fused_ts_drain_pfoff104          n_OK=0/5 tflops_p50=N/A wcf_max=N/A fin_min=N/A  -> FAIL
   4096x32768x28672 fused_ts_drain_pfoff32           n_OK=0/5 tflops_p50=N/A wcf_max=N/A fin_min=N/A  -> FAIL
   4096x32768x28672 fused_ts_drain_pfoff8            n_OK=0/5 tflops_p50=N/A wcf_max=N/A fin_min=N/A  -> FAIL
   4096x32768x28672 nonfused_ts_drain_R38B           n_OK=1/5 tflops_p50=3538.2 wcf_max=0.0699 fin_min=0.9784  -> FAIL
   4096x32768x28672 fused_ts_drain_R40A              n_OK=0/5 tflops_p50=N/A wcf_max=N/A fin_min=N/A  -> FAIL
   4096x32768x28672 fused_ts_drain_R40A_pfoff104     n_OK=0/5 tflops_p50=N/A wcf_max=N/A fin_min=N/A  -> FAIL
   4096x32768x28672 fused_ts_drain_memc_pfoff104     n_OK=0/5 tflops_p50=N/A wcf_max=N/A fin_min=N/A  -> FAIL
  16384x 4096x28672 fused_ts_drain                   n_OK=0/5 tflops_p50=N/A wcf_max=N/A fin_min=N/A  -> FAIL
  16384x 4096x28672 fused_ts_drain_pfoff104          n_OK=0/5 tflops_p50=N/A wcf_max=N/A fin_min=N/A  -> FAIL
  16384x 4096x28672 fused_ts_drain_pfoff32           n_OK=0/5 tflops_p50=N/A wcf_max=0.1365 fin_min=0.9628  -> FAIL
  16384x 4096x28672 fused_ts_drain_pfoff8            n_OK=0/5 tflops_p50=N/A wcf_max=0.1286 fin_min=0.9656  -> FAIL
  16384x 4096x28672 nonfused_ts_drain_R38B           n_OK=5/5 tflops_p50=3426.3 wcf_max=0.0002 fin_min=0.9817  -> VC
  16384x 4096x28672 fused_ts_drain_R40A              n_OK=0/5 tflops_p50=N/A wcf_max=N/A fin_min=N/A  -> FAIL
  16384x 4096x28672 fused_ts_drain_R40A_pfoff104     n_OK=0/5 tflops_p50=N/A wcf_max=0.1314 fin_min=0.9632  -> FAIL
  16384x 4096x28672 fused_ts_drain_memc_pfoff104     n_OK=0/5 tflops_p50=N/A wcf_max=0.1152 fin_min=0.9645  -> FAIL
Output: /shared_nfs/kyle/test/HipKittens/analysis/fp8_gemm/mi350x/R44_OPT_A_PHASE3_5RUN.json
