=== [1/7] 8192cube (8192x8192x8192) ===
  RCR baseline: 3025.22 TF | +SWIZZLE: 3026.60 TF
=== [2/7] 8B_QO (4096x4096x4096) ===
  RCR baseline: 2319.67 TF | +SWIZZLE: 2267.24 TF
=== [3/7] 8B_GateUp (4096x14336x4096) ===
  RCR baseline: 2563.55 TF | +SWIZZLE: 2494.69 TF
=== [4/7] 8B_Down (4096x4096x14336) ===
  RCR baseline: 2914.22 TF | +SWIZZLE: 2927.06 TF
=== [5/7] 70B_QO (4096x8192x8192) ===
  RCR baseline: 2917.62 TF | +SWIZZLE: 2930.83 TF
=== [6/7] 70B_GateUp (4096x28672x8192) ===
  RCR baseline: 2697.03 TF | +SWIZZLE: 1395.74 TF
=== [7/7] 70B_Down (4096x8192x28672) ===
  RCR baseline: 2922.22 TF | +SWIZZLE: 3000.47 TF

========== R47A RCR SWIZZLE SUMMARY ==========
Shape           |  Baseline |  +Swizzle |      D%
--------------------------------------------------
8192 cube       |    3025.2 |    3026.6 |  +0.05%
8B Q/O          |    2319.7 |    2267.2 |  -2.26% REG
8B Gate/Up      |    2563.6 |    2494.7 |  -2.69% REG
8B Down         |    2914.2 |    2927.1 |  +0.44%
70B Q/O         |    2917.6 |    2930.8 |  +0.45%
70B Gate/Up     |    2697.0 |    1395.7 | -48.25% REG
70B Down        |    2922.2 |    3000.5 |  +2.68% WIN

Worst regression: -48.25%  | shapes >= +1%: 1  | shapes <= -1%: 3
DECISION: not net-positive -> leave default OFF
