===== BUILD 8192cube (8192x8192x8192) policy=0 =====
BUILD OK tk_mxfp8_layouts.cpython-310-x86_64-linux-gnu.so md5=750f40f5cfe4293a6239e894c0a86bbe
===== BENCH 8192cube (8192x8192x8192) p=0 rep=1/3 =====
===== BENCH 8192cube (8192x8192x8192) p=0 rep=2/3 =====
===== BENCH 8192cube (8192x8192x8192) p=0 rep=3/3 =====
===== BUILD 8192cube (8192x8192x8192) policy=1 =====
BUILD OK tk_mxfp8_layouts.cpython-310-x86_64-linux-gnu.so md5=e19ce17efcac6cfea3f03da6dd2886e8
===== BENCH 8192cube (8192x8192x8192) p=1 rep=1/3 =====
===== BENCH 8192cube (8192x8192x8192) p=1 rep=2/3 =====
===== BENCH 8192cube (8192x8192x8192) p=1 rep=3/3 =====
===== BUILD 8192cube (8192x8192x8192) policy=2 =====
BUILD OK tk_mxfp8_layouts.cpython-310-x86_64-linux-gnu.so md5=7046f78772f4fb6f8312d952842b988c
===== BENCH 8192cube (8192x8192x8192) p=2 rep=1/3 =====
===== BENCH 8192cube (8192x8192x8192) p=2 rep=2/3 =====
===== BENCH 8192cube (8192x8192x8192) p=2 rep=3/3 =====
===== BUILD 8192cube (8192x8192x8192) policy=3 =====
BUILD OK tk_mxfp8_layouts.cpython-310-x86_64-linux-gnu.so md5=12d67d4cea5a3227ed812ba295ddbffa
===== BENCH 8192cube (8192x8192x8192) p=3 rep=1/3 =====
===== BENCH 8192cube (8192x8192x8192) p=3 rep=2/3 =====
===== BENCH 8192cube (8192x8192x8192) p=3 rep=3/3 =====
===== BUILD 4096cube (4096x4096x4096) policy=0 =====
BUILD OK tk_mxfp8_layouts.cpython-310-x86_64-linux-gnu.so md5=4ec8250d53406816ea46f460a8ffaecb
===== BENCH 4096cube (4096x4096x4096) p=0 rep=1/3 =====
===== BENCH 4096cube (4096x4096x4096) p=0 rep=2/3 =====
===== BENCH 4096cube (4096x4096x4096) p=0 rep=3/3 =====
===== BUILD 4096cube (4096x4096x4096) policy=1 =====
BUILD OK tk_mxfp8_layouts.cpython-310-x86_64-linux-gnu.so md5=610f5e4fec487f48dbcc5382a0244672
===== BENCH 4096cube (4096x4096x4096) p=1 rep=1/3 =====
===== BENCH 4096cube (4096x4096x4096) p=1 rep=2/3 =====
===== BENCH 4096cube (4096x4096x4096) p=1 rep=3/3 =====
===== BUILD 4096cube (4096x4096x4096) policy=2 =====
BUILD OK tk_mxfp8_layouts.cpython-310-x86_64-linux-gnu.so md5=cfd15f2e0940d4c010f4dd0b87a53f03
===== BENCH 4096cube (4096x4096x4096) p=2 rep=1/3 =====
===== BENCH 4096cube (4096x4096x4096) p=2 rep=2/3 =====
===== BENCH 4096cube (4096x4096x4096) p=2 rep=3/3 =====
===== BUILD 4096cube (4096x4096x4096) policy=3 =====
BUILD OK tk_mxfp8_layouts.cpython-310-x86_64-linux-gnu.so md5=17713277b3a0e31c8f49de34cc040fd7
===== BENCH 4096cube (4096x4096x4096) p=3 rep=1/3 =====
===== BENCH 4096cube (4096x4096x4096) p=3 rep=2/3 =====
===== BENCH 4096cube (4096x4096x4096) p=3 rep=3/3 =====
===== BUILD 8B_GateUp_4kx14kx4k (4096x14336x4096) policy=0 =====
BUILD OK tk_mxfp8_layouts.cpython-310-x86_64-linux-gnu.so md5=e60de15fb578016acccd107842f6446a
===== BENCH 8B_GateUp_4kx14kx4k (4096x14336x4096) p=0 rep=1/3 =====
===== BENCH 8B_GateUp_4kx14kx4k (4096x14336x4096) p=0 rep=2/3 =====
===== BENCH 8B_GateUp_4kx14kx4k (4096x14336x4096) p=0 rep=3/3 =====
===== BUILD 8B_GateUp_4kx14kx4k (4096x14336x4096) policy=1 =====
BUILD OK tk_mxfp8_layouts.cpython-310-x86_64-linux-gnu.so md5=241aa6eb956e2e2c19ab71cd988f8051
===== BENCH 8B_GateUp_4kx14kx4k (4096x14336x4096) p=1 rep=1/3 =====
===== BENCH 8B_GateUp_4kx14kx4k (4096x14336x4096) p=1 rep=2/3 =====
===== BENCH 8B_GateUp_4kx14kx4k (4096x14336x4096) p=1 rep=3/3 =====
===== BUILD 8B_GateUp_4kx14kx4k (4096x14336x4096) policy=2 =====
BUILD OK tk_mxfp8_layouts.cpython-310-x86_64-linux-gnu.so md5=b4b12078fa27e472271a85525c06dda8
===== BENCH 8B_GateUp_4kx14kx4k (4096x14336x4096) p=2 rep=1/3 =====
===== BENCH 8B_GateUp_4kx14kx4k (4096x14336x4096) p=2 rep=2/3 =====
===== BENCH 8B_GateUp_4kx14kx4k (4096x14336x4096) p=2 rep=3/3 =====
===== BUILD 8B_GateUp_4kx14kx4k (4096x14336x4096) policy=3 =====
BUILD OK tk_mxfp8_layouts.cpython-310-x86_64-linux-gnu.so md5=e6dc92f1d58366aa67cf45fa024b9708
===== BENCH 8B_GateUp_4kx14kx4k (4096x14336x4096) p=3 rep=1/3 =====
===== BENCH 8B_GateUp_4kx14kx4k (4096x14336x4096) p=3 rep=2/3 =====
===== BENCH 8B_GateUp_4kx14kx4k (4096x14336x4096) p=3 rep=3/3 =====
===== BUILD 8B_Down_4kx4kx14k (4096x4096x14336) policy=0 =====
BUILD OK tk_mxfp8_layouts.cpython-310-x86_64-linux-gnu.so md5=c8bf638ec96f766531e70981e3b8f848
===== BENCH 8B_Down_4kx4kx14k (4096x4096x14336) p=0 rep=1/3 =====
===== BENCH 8B_Down_4kx4kx14k (4096x4096x14336) p=0 rep=2/3 =====
===== BENCH 8B_Down_4kx4kx14k (4096x4096x14336) p=0 rep=3/3 =====
===== BUILD 8B_Down_4kx4kx14k (4096x4096x14336) policy=1 =====
BUILD OK tk_mxfp8_layouts.cpython-310-x86_64-linux-gnu.so md5=256b4e0d61174efb21a00e78f7722ca1
===== BENCH 8B_Down_4kx4kx14k (4096x4096x14336) p=1 rep=1/3 =====
===== BENCH 8B_Down_4kx4kx14k (4096x4096x14336) p=1 rep=2/3 =====
===== BENCH 8B_Down_4kx4kx14k (4096x4096x14336) p=1 rep=3/3 =====
===== BUILD 8B_Down_4kx4kx14k (4096x4096x14336) policy=2 =====
BUILD OK tk_mxfp8_layouts.cpython-310-x86_64-linux-gnu.so md5=052df7f42685cd465b224b12151a7d98
===== BENCH 8B_Down_4kx4kx14k (4096x4096x14336) p=2 rep=1/3 =====
===== BENCH 8B_Down_4kx4kx14k (4096x4096x14336) p=2 rep=2/3 =====
===== BENCH 8B_Down_4kx4kx14k (4096x4096x14336) p=2 rep=3/3 =====
===== BUILD 8B_Down_4kx4kx14k (4096x4096x14336) policy=3 =====
BUILD OK tk_mxfp8_layouts.cpython-310-x86_64-linux-gnu.so md5=dd372c8fe42afc44346b610715844675
===== BENCH 8B_Down_4kx4kx14k (4096x4096x14336) p=3 rep=1/3 =====
===== BENCH 8B_Down_4kx4kx14k (4096x4096x14336) p=3 rep=2/3 =====
===== BENCH 8B_Down_4kx4kx14k (4096x4096x14336) p=3 rep=3/3 =====
===== BUILD 70B_QO_4kx8kx8k (4096x8192x8192) policy=0 =====
BUILD OK tk_mxfp8_layouts.cpython-310-x86_64-linux-gnu.so md5=18df09df9cf68e4d41be647af18a6d02
===== BENCH 70B_QO_4kx8kx8k (4096x8192x8192) p=0 rep=1/3 =====
===== BENCH 70B_QO_4kx8kx8k (4096x8192x8192) p=0 rep=2/3 =====
===== BENCH 70B_QO_4kx8kx8k (4096x8192x8192) p=0 rep=3/3 =====
===== BUILD 70B_QO_4kx8kx8k (4096x8192x8192) policy=1 =====
BUILD OK tk_mxfp8_layouts.cpython-310-x86_64-linux-gnu.so md5=b1deba8d519209e7aba3661d157d4029
===== BENCH 70B_QO_4kx8kx8k (4096x8192x8192) p=1 rep=1/3 =====
===== BENCH 70B_QO_4kx8kx8k (4096x8192x8192) p=1 rep=2/3 =====
===== BENCH 70B_QO_4kx8kx8k (4096x8192x8192) p=1 rep=3/3 =====
===== BUILD 70B_QO_4kx8kx8k (4096x8192x8192) policy=2 =====
BUILD OK tk_mxfp8_layouts.cpython-310-x86_64-linux-gnu.so md5=9c88bdde1b84db599eb8d6d216b06821
===== BENCH 70B_QO_4kx8kx8k (4096x8192x8192) p=2 rep=1/3 =====
===== BENCH 70B_QO_4kx8kx8k (4096x8192x8192) p=2 rep=2/3 =====
===== BENCH 70B_QO_4kx8kx8k (4096x8192x8192) p=2 rep=3/3 =====
===== BUILD 70B_QO_4kx8kx8k (4096x8192x8192) policy=3 =====
BUILD OK tk_mxfp8_layouts.cpython-310-x86_64-linux-gnu.so md5=fbe192fd8fb1be16047e36b767b66c29
===== BENCH 70B_QO_4kx8kx8k (4096x8192x8192) p=3 rep=1/3 =====
===== BENCH 70B_QO_4kx8kx8k (4096x8192x8192) p=3 rep=2/3 =====
===== BENCH 70B_QO_4kx8kx8k (4096x8192x8192) p=3 rep=3/3 =====
===== BUILD 70B_GateUp_4kx28kx8k (4096x28672x8192) policy=0 =====
BUILD OK tk_mxfp8_layouts.cpython-310-x86_64-linux-gnu.so md5=db1d00a21f19edc492c0907a5f65bacc
===== BENCH 70B_GateUp_4kx28kx8k (4096x28672x8192) p=0 rep=1/3 =====
===== BENCH 70B_GateUp_4kx28kx8k (4096x28672x8192) p=0 rep=2/3 =====
===== BENCH 70B_GateUp_4kx28kx8k (4096x28672x8192) p=0 rep=3/3 =====
===== BUILD 70B_GateUp_4kx28kx8k (4096x28672x8192) policy=1 =====
BUILD OK tk_mxfp8_layouts.cpython-310-x86_64-linux-gnu.so md5=a5a7bed33b264b4a31741b71c7957983
===== BENCH 70B_GateUp_4kx28kx8k (4096x28672x8192) p=1 rep=1/3 =====
===== BENCH 70B_GateUp_4kx28kx8k (4096x28672x8192) p=1 rep=2/3 =====
===== BENCH 70B_GateUp_4kx28kx8k (4096x28672x8192) p=1 rep=3/3 =====
===== BUILD 70B_GateUp_4kx28kx8k (4096x28672x8192) policy=2 =====
BUILD OK tk_mxfp8_layouts.cpython-310-x86_64-linux-gnu.so md5=111331274e3748d4b584180be071cd45
===== BENCH 70B_GateUp_4kx28kx8k (4096x28672x8192) p=2 rep=1/3 =====
===== BENCH 70B_GateUp_4kx28kx8k (4096x28672x8192) p=2 rep=2/3 =====
===== BENCH 70B_GateUp_4kx28kx8k (4096x28672x8192) p=2 rep=3/3 =====
===== BUILD 70B_GateUp_4kx28kx8k (4096x28672x8192) policy=3 =====
BUILD OK tk_mxfp8_layouts.cpython-310-x86_64-linux-gnu.so md5=a73ac2fe3f02768fbdbad6366d6bf9dd
===== BENCH 70B_GateUp_4kx28kx8k (4096x28672x8192) p=3 rep=1/3 =====
===== BENCH 70B_GateUp_4kx28kx8k (4096x28672x8192) p=3 rep=2/3 =====
===== BENCH 70B_GateUp_4kx28kx8k (4096x28672x8192) p=3 rep=3/3 =====
===== BUILD 70B_Down_4kx8kx28k (4096x8192x28672) policy=0 =====
BUILD OK tk_mxfp8_layouts.cpython-310-x86_64-linux-gnu.so md5=d18da9fb9b4273f7d982636fc36bfb2b
===== BENCH 70B_Down_4kx8kx28k (4096x8192x28672) p=0 rep=1/3 =====
===== BENCH 70B_Down_4kx8kx28k (4096x8192x28672) p=0 rep=2/3 =====
===== BENCH 70B_Down_4kx8kx28k (4096x8192x28672) p=0 rep=3/3 =====
===== BUILD 70B_Down_4kx8kx28k (4096x8192x28672) policy=1 =====
BUILD OK tk_mxfp8_layouts.cpython-310-x86_64-linux-gnu.so md5=fee58d69dd131e360f6a25a35c1eccff
===== BENCH 70B_Down_4kx8kx28k (4096x8192x28672) p=1 rep=1/3 =====
===== BENCH 70B_Down_4kx8kx28k (4096x8192x28672) p=1 rep=2/3 =====
===== BENCH 70B_Down_4kx8kx28k (4096x8192x28672) p=1 rep=3/3 =====
===== BUILD 70B_Down_4kx8kx28k (4096x8192x28672) policy=2 =====
BUILD OK tk_mxfp8_layouts.cpython-310-x86_64-linux-gnu.so md5=5b48428c4f4fab42630b4854c9260061
===== BENCH 70B_Down_4kx8kx28k (4096x8192x28672) p=2 rep=1/3 =====
===== BENCH 70B_Down_4kx8kx28k (4096x8192x28672) p=2 rep=2/3 =====
===== BENCH 70B_Down_4kx8kx28k (4096x8192x28672) p=2 rep=3/3 =====
===== BUILD 70B_Down_4kx8kx28k (4096x8192x28672) policy=3 =====
BUILD OK tk_mxfp8_layouts.cpython-310-x86_64-linux-gnu.so md5=8da8b2cd7473713819a4ae01a042d812
===== BENCH 70B_Down_4kx8kx28k (4096x8192x28672) p=3 rep=1/3 =====
===== BENCH 70B_Down_4kx8kx28k (4096x8192x28672) p=3 rep=2/3 =====
===== BENCH 70B_Down_4kx8kx28k (4096x8192x28672) p=3 rep=3/3 =====

===== SWEEP DONE =====
   85 /shared_nfs/kyle/test/Hipkittens2/analysis/fp8_gemm/mi350x/r47c_reports/summary.tsv
  253 /shared_nfs/kyle/test/Hipkittens2/analysis/fp8_gemm/mi350x/r47c_reports/raw.tsv
  338 total
