=== run 1 ===
=== MXFP8 GEMM Layout Benchmark (preshuffle-quant): M=4096, N=8192, K=28672 ===
Layouts=crr,rcr,rrr
--- RCR Layout: C = A @ B^T ---
  Avg time: 0.6584 ms, TFLOPS: 2922.35
--- RRR Layout: C = A @ B ---
  Avg time: 0.6530 ms, TFLOPS: 2946.66
--- CRR Layout: C = A^T @ B ---
  Avg time: 0.7292 ms, TFLOPS: 2638.59
=== run 2 ===
=== MXFP8 GEMM Layout Benchmark (preshuffle-quant): M=4096, N=8192, K=28672 ===
Layouts=crr,rcr,rrr
--- RCR Layout: C = A @ B^T ---
  Avg time: 0.6592 ms, TFLOPS: 2918.93
--- RRR Layout: C = A @ B ---
  Avg time: 0.6530 ms, TFLOPS: 2946.63
--- CRR Layout: C = A^T @ B ---
  Avg time: 0.7320 ms, TFLOPS: 2628.44
=== run 3 ===
=== MXFP8 GEMM Layout Benchmark (preshuffle-quant): M=4096, N=8192, K=28672 ===
Layouts=crr,rcr,rrr
--- RCR Layout: C = A @ B^T ---
  Avg time: 0.6561 ms, TFLOPS: 2932.51
--- RRR Layout: C = A @ B ---
  Avg time: 0.6552 ms, TFLOPS: 2936.84
--- CRR Layout: C = A^T @ B ---
  Avg time: 0.7275 ms, TFLOPS: 2644.86
