=== run 1 (COOP) ===
=== MXFP8 GEMM Layout Benchmark (preshuffle-quant): M=4096, N=8192, K=28672 ===
Layouts=crr,rcr,rrr
--- RCR Layout: C = A @ B^T ---
  Avg time: 0.6618 ms, TFLOPS: 2907.52
--- RRR Layout: C = A @ B ---
  Avg time: 0.6556 ms, TFLOPS: 2934.89
--- CRR Layout: C = A^T @ B ---
  Avg time: 0.7309 ms, TFLOPS: 2632.42
=== run 2 (COOP) ===
=== MXFP8 GEMM Layout Benchmark (preshuffle-quant): M=4096, N=8192, K=28672 ===
Layouts=crr,rcr,rrr
--- RCR Layout: C = A @ B^T ---
  Avg time: 0.6572 ms, TFLOPS: 2927.67
--- RRR Layout: C = A @ B ---
  Avg time: 0.6572 ms, TFLOPS: 2927.77
--- CRR Layout: C = A^T @ B ---
  Avg time: 0.7302 ms, TFLOPS: 2634.94
=== run 3 (COOP) ===
=== MXFP8 GEMM Layout Benchmark (preshuffle-quant): M=4096, N=8192, K=28672 ===
Layouts=crr,rcr,rrr
--- RCR Layout: C = A @ B^T ---
  Avg time: 0.6543 ms, TFLOPS: 2940.60
--- RRR Layout: C = A @ B ---
  Avg time: 0.6544 ms, TFLOPS: 2940.42
--- CRR Layout: C = A^T @ B ---
  Avg time: 0.7316 ms, TFLOPS: 2630.22
