>>> tag=baseline shape=4096x4096x4096 (8B_QO)
  Avg time: 0.0571 ms, TFLOPS: 2406.26
  Avg time: 0.0587 ms, TFLOPS: 2340.96
  Avg time: 0.0583 ms, TFLOPS: 2358.04
>>> tag=baseline shape=4096x14336x4096 (8B_GateUp)
  Avg time: 0.1929 ms, TFLOPS: 2493.52
  Avg time: 0.1925 ms, TFLOPS: 2498.37
  Avg time: 0.1938 ms, TFLOPS: 2482.51
>>> tag=baseline shape=4096x4096x14336 (8B_Down)
  Avg time: 0.1633 ms, TFLOPS: 2946.28
  Avg time: 0.1623 ms, TFLOPS: 2963.42
  Avg time: 0.1629 ms, TFLOPS: 2953.36
>>> tag=baseline shape=4096x8192x8192 (70B_QO)
  Avg time: 0.1904 ms, TFLOPS: 2887.67
  Avg time: 0.1916 ms, TFLOPS: 2869.85
  Avg time: 0.1910 ms, TFLOPS: 2878.36
>>> tag=baseline shape=4096x28672x8192 (70B_GateUp)
  Avg time: 0.6905 ms, TFLOPS: 2786.42
  Avg time: 0.6874 ms, TFLOPS: 2798.99
  Avg time: 0.6923 ms, TFLOPS: 2779.55
>>> tag=baseline shape=4096x8192x28672 (70B_Down)
  Avg time: 0.6494 ms, TFLOPS: 2962.88
  Avg time: 0.6453 ms, TFLOPS: 2981.70
  Avg time: 0.6444 ms, TFLOPS: 2985.78
>>> tag=baseline shape=8192x8192x8192 (8192cube)
  Avg time: 0.4015 ms, TFLOPS: 2738.68
  Avg time: 0.3698 ms, TFLOPS: 2973.17
  Avg time: 0.3705 ms, TFLOPS: 2967.25
>>> tag=unroll shape=4096x4096x4096 (8B_QO)
  Avg time: 0.1700 ms, TFLOPS: 808.24
  Avg time: 0.3272 ms, TFLOPS: 420.00
  Avg time: 0.1695 ms, TFLOPS: 811.07
>>> tag=unroll shape=4096x14336x4096 (8B_GateUp)
  Avg time: 0.6839 ms, TFLOPS: 703.39
  Avg time: 0.6243 ms, TFLOPS: 770.48
  Avg time: 0.6202 ms, TFLOPS: 775.66
>>> tag=unroll shape=4096x4096x14336 (8B_Down)
  Avg time: 0.6879 ms, TFLOPS: 699.25
  Avg time: 1.2648 ms, TFLOPS: 380.33
  Avg time: 0.6818 ms, TFLOPS: 705.53
>>> tag=unroll shape=4096x8192x8192 (70B_QO)
  Avg time: 0.9631 ms, TFLOPS: 570.84
  Avg time: 0.7171 ms, TFLOPS: 766.62
  Avg time: 0.7019 ms, TFLOPS: 783.27
>>> tag=unroll shape=4096x28672x8192 (70B_GateUp)
  Avg time: 2.6001 ms, TFLOPS: 740.03
  Avg time: 2.6022 ms, TFLOPS: 739.44
  Avg time: 2.6033 ms, TFLOPS: 739.11
>>> tag=unroll shape=4096x8192x28672 (70B_Down)
  Avg time: 3.3595 ms, TFLOPS: 572.75
  Avg time: 3.3561 ms, TFLOPS: 573.33
  Avg time: 3.3712 ms, TFLOPS: 570.76
>>> tag=unroll shape=8192x8192x8192 (8192cube)
  Avg time: 1.4343 ms, TFLOPS: 766.56
  Avg time: 1.4396 ms, TFLOPS: 763.77
  Avg time: 1.4365 ms, TFLOPS: 765.39
ALL DONE
