=== Phase A: R47 Dev A — RCR XCD swizzle ===
  --> A_70B_GateUp_RCR (4096 x 28672 x 8192) rcr  WITHOUT
      sleep 60s
  --> A_70B_GateUp_RCR (4096 x 28672 x 8192) rcr  WITH
      sleep 60s
  --> A_70B_Down_RCR (4096 x 8192 x 28672) rcr  WITHOUT
      sleep 60s
  --> A_70B_Down_RCR (4096 x 8192 x 28672) rcr  WITH
      sleep 60s
=== Phase B: R47 Dev B — CRR XCD swizzle ===
  --> B_70B_Down_CRR (4096 x 8192 x 28672) crr  WITHOUT
      sleep 60s
  --> B_70B_Down_CRR (4096 x 8192 x 28672) crr  WITH
      sleep 60s
  --> B_8B_QO_CRR (4096 x 4096 x 4096) crr  WITHOUT
      sleep 60s
  --> B_8B_QO_CRR (4096 x 4096 x 4096) crr  WITH
      sleep 60s
  --> B_70B_GateUp_CRR (4096 x 28672 x 8192) crr  WITHOUT
      sleep 60s
  --> B_70B_GateUp_CRR (4096 x 28672 x 8192) crr  WITH
      sleep 60s
  --> B_8B_Down_CRR (4096 x 4096 x 14336) crr  WITHOUT
      sleep 60s
  --> B_8B_Down_CRR (4096 x 4096 x 14336) crr  WITH
      sleep 60s
=== Phase C: R47 Dev C — CRR scale cachepolicy ===
  --> C_70B_GateUp_CRR (4096 x 28672 x 8192) crr  WITHOUT
      sleep 60s
  --> C_70B_GateUp_CRR (4096 x 28672 x 8192) crr  WITH
      sleep 60s
  --> C_8192cube_CRR (8192 x 8192 x 8192) crr  WITHOUT
      sleep 60s
  --> C_8192cube_CRR (8192 x 8192 x 8192) crr  WITH
      sleep 60s
  --> C_8B_QO_CRR (4096 x 4096 x 4096) crr  WITHOUT
      sleep 60s
  --> C_8B_QO_CRR (4096 x 4096 x 4096) crr  WITH
      sleep 60s

========== R49 REVIEWER AUDIT — strict-SCLK A/B summary ==========
Cell                     |     OFF (no swizzle/SLC=2) |    ON (default HEAD) |    real |  claim |  ratio | verdict
------------------------------------------------------------------------------------------------------------------------------------------------------
--- Phase A: R47 Dev A RCR swizzle ---
A_70B_GateUp_RCR         | OFF med= 2700.4 sp= 2.45% | ON med= 2897.2 sp= 0.37% | dlt= +7.29% | claim=+8.46% | ratio=+0.86 | CONFIRMED
A_70B_Down_RCR           | OFF med= 2930.3 sp= 0.77% | ON med= 2992.9 sp= 1.24% | dlt= +2.14% | claim=+2.90% | ratio=+0.74 | INFLATED
--- Phase B: R47 Dev B CRR swizzle ---
B_70B_Down_CRR           | OFF med= 2579.5 sp=70.94% | ON med= 2704.4 sp= 0.67% | dlt= +4.84% | claim=+3.35% | ratio=+1.45 | CONFIRMED
B_8B_QO_CRR              | OFF med= 2099.6 sp=10.22% | ON med= 2186.9 sp= 3.90% | dlt= +4.16% | claim=+2.70% | ratio=+1.54 | CONFIRMED
B_70B_GateUp_CRR         | OFF med= 2386.6 sp= 0.49% | ON med= 2294.3 sp=10.27% | dlt= -3.87% | claim=+2.21% | ratio=-1.75 | REGRESSION
B_8B_Down_CRR            | OFF med= 1654.0 sp=94.63% | ON med= 1660.2 sp=67.30% | dlt= +0.37% | claim=+1.13% | ratio=+0.33 | NOISE(within-spread)
--- Phase C: R47 Dev C CRR SLC removal (claim = removal gain) ---
C_70B_GateUp_CRR         | OFF med= 2302.6 sp=14.77% | ON med= 2526.9 sp= 0.65% | dlt= +9.74% | claim=+1.52% | ratio=+6.41 | CONFIRMED
C_8192cube_CRR           | OFF med= 2757.3 sp= 0.30% | ON med= 2825.7 sp= 0.78% | dlt= +2.48% | claim=+0.00% | ratio= +nan | CONFIRMED
C_8B_QO_CRR              | OFF med= 2111.4 sp= 4.30% | ON med= 2184.3 sp= 8.59% | dlt= +3.45% | claim=+0.00% | ratio= +nan | CONFIRMED
