
===== Variant=baseline Cell=8B_GateUp (4096 x 14336 x 4096) =====
>> Build baseline_8B_GateUp  M=4096 N=14336 K=4096  flags=''
Sleeping 60s for rebuild cooldown...

===== Variant=baseline Cell=70B_GateUp (4096 x 28672 x 8192) =====
>> Build baseline_70B_GateUp  M=4096 N=28672 K=8192  flags=''
Sleeping 60s for rebuild cooldown...

===== Variant=baseline Cell=70B_Down (4096 x 4096 x 14336) =====
>> Build baseline_70B_Down  M=4096 N=4096 K=14336  flags=''
Sleeping 60s for rebuild cooldown...

===== Variant=hbnshrink Cell=8B_GateUp (4096 x 14336 x 4096) =====
>> Build hbnshrink_8B_GateUp  M=4096 N=14336 K=4096  flags='-DMXFP8_CRR_BLK_N=128'
Sleeping 60s for rebuild cooldown...

===== Variant=hbnshrink Cell=70B_GateUp (4096 x 28672 x 8192) =====
>> Build hbnshrink_70B_GateUp  M=4096 N=28672 K=8192  flags='-DMXFP8_CRR_BLK_N=128'
Sleeping 60s for rebuild cooldown...

===== Variant=hbnshrink Cell=70B_Down (4096 x 4096 x 14336) =====
>> Build hbnshrink_70B_Down  M=4096 N=4096 K=14336  flags='-DMXFP8_CRR_BLK_N=128'
Sleeping 60s for rebuild cooldown...

===== Variant=rect Cell=8B_GateUp (4096 x 14336 x 4096) =====
>> Build rect_8B_GateUp  M=4096 N=14336 K=4096  flags='-DMXFP8_RECT_BLK_N=64'
Sleeping 60s for rebuild cooldown...

===== Variant=rect Cell=70B_GateUp (4096 x 28672 x 8192) =====
>> Build rect_70B_GateUp  M=4096 N=28672 K=8192  flags='-DMXFP8_RECT_BLK_N=64'
Sleeping 60s for rebuild cooldown...

===== Variant=rect Cell=70B_Down (4096 x 4096 x 14336) =====
>> Build rect_70B_Down  M=4096 N=4096 K=14336  flags='-DMXFP8_RECT_BLK_N=64'
Sleeping 60s for rebuild cooldown...

========== R49 Dev E summary ==========
Cell         Variant        med     min     max    mean  spread% runs                                    
--------------------------------------------------------------------------------------------------------------
8B_GateUp    baseline   2348.95 2338.02 2366.41 2349.80    1.21% 2350.8 2366.4 2338.0 2348.9 2344.8
8B_GateUp    hbnshrink  1337.99  545.85 1371.80 1191.33   61.73% 1371.8 1338.0 1334.8 1366.3 545.9
8B_GateUp    rect       1522.87 1520.67 1525.23 1523.31    0.30% 1525.0 1525.2 1520.7 1522.8 1522.9
70B_GateUp   baseline   2527.81 2516.25 2530.81 2526.00    0.58% 2528.1 2516.2 2530.8 2527.1 2527.8
70B_GateUp   hbnshrink  1270.68 1173.61 1273.25 1247.41    7.84% 1270.7 1273.2 1270.8 1248.7 1173.6
70B_GateUp   rect       1394.03 1390.33 1396.90 1394.18    0.47% 1396.4 1396.9 1390.3 1394.0 1393.3
70B_Down     baseline   2728.63 2690.83 2748.23 2721.47    2.10% 2748.2 2728.6 2690.8 2695.0 2744.7
70B_Down     hbnshrink  1403.88  780.67 1408.30 1278.86   44.71% 1403.9 1408.3 780.7 1407.4 1394.0
70B_Down     rect       1625.41 1622.31 1629.29 1625.89    0.43% 1624.6 1627.8 1625.4 1622.3 1629.3

Delta vs baseline (median):
  8B_GateUp    hbnshrink  base=2348.95 treat=1337.99  Δ=-43.04% [REGRESSION]
  8B_GateUp    rect       base=2348.95 treat=1522.87  Δ=-35.17% [REGRESSION]
  70B_GateUp   hbnshrink  base=2527.81 treat=1270.68  Δ=-49.73% [REGRESSION]
  70B_GateUp   rect       base=2527.81 treat=1394.03  Δ=-44.85% [REGRESSION]
  70B_Down     hbnshrink  base=2728.63 treat=1403.88  Δ=-48.55% [REGRESSION]
  70B_Down     rect       base=2728.63 treat=1625.41  Δ=-40.43% [REGRESSION]
