######################################################
## R51 Dev F PHASE 1: 8B Gate/Up CRR U-sweep        ##
######################################################
Target: 8B_GateUp (4096x14336x4096)
=== [U=1] ===
  built (U=1)
  benched (5 runs)
  corr/det checked
=== [U=2] ===
  built (U=2)
  benched (5 runs)
  corr/det checked
=== [U=4] ===
  built (U=4)
  benched (5 runs)
  corr/det checked
=== [U=8] ===
  built (U=8)
  benched (5 runs)
  corr/det checked
=== [U=16] ===
  built (U=16)
  benched (5 runs)
  corr/det checked

Phase 1 complete. Inspect r51f_results for results.
