=== [6/7] 70B_GateUp (4096x28672x8192) ===
  FP8 built (log: r52_reviewer_results/70B_GateUp_fp8_build.log)
  FP8 benched
  MXFP8 built (log: r52_reviewer_results/70B_GateUp_mxfp8_build.log)
  MXFP8 benched
  MXFP8 corr/det checked
=== [7/7] 70B_Down (4096x8192x28672) ===
  FP8 built (log: r52_reviewer_results/70B_Down_fp8_build.log)
  FP8 benched
  MXFP8 built (log: r52_reviewer_results/70B_Down_mxfp8_build.log)
  MXFP8 benched
  MXFP8 corr/det checked

========== R52 Reviewer SUMMARY ==========

Shape                | Layout |  FP8 med   MX med  MX/FP8 | MX spread |    SNR  Det | Status |   N runs
-------------------------------------------------------------------------------------------------------
8192³                |    RCR |   3157.7   2979.7   94.4% |     0.40% |   49.6   OK |   FAIL |    f5/m5
8192³                |    RRR |   3153.9   2963.6   94.0% |     0.36% |   49.6   OK |   FAIL |    f5/m5
8192³                |    CRR |   2947.1   2755.6   93.5% |     0.65% |   49.6   OK |   FAIL |    f5/m5

8B Q/O (4096³)       |    RCR |   2460.1   2330.3   94.7% |     1.34% |   49.6   OK |   FAIL |    f5/m5
8B Q/O (4096³)       |    RRR |   2479.6   2325.6   93.8% |     3.57% |   49.6   OK |   FAIL |    f5/m5
8B Q/O (4096³)       |    CRR |   2340.9   2173.2   92.8% |     0.89% |   49.6   OK |   FAIL |    f5/m5

8B Gate/Up           |    RCR |   2651.3   2501.4   94.3% |     3.70% |   49.6   OK |   FAIL |    f5/m5
8B Gate/Up           |    RRR |   2633.4   2463.7   93.6% |     0.92% |   49.6   OK |   FAIL |    f5/m5
8B Gate/Up           |    CRR |   2485.4   2333.5   93.9% |     0.37% |   49.6   OK |   FAIL |    f5/m5

8B Down              |    RCR |   3075.0   2937.2   95.5% |     0.49% |   49.6   OK |   PASS |    f5/m5
8B Down              |    RRR |   2702.2   2908.6  107.6% |     0.19% |   49.6   OK |   PASS |    f5/m5
8B Down              |    CRR |   2855.2   2719.0   95.2% |     0.35% |   49.6   OK |   PASS |    f5/m5

70B Q/O              |    RCR |   3052.7   2894.2   94.8% |     1.96% |   49.6   OK |   FAIL |    f5/m5
70B Q/O              |    RRR |   3048.5   2864.9   94.0% |     1.99% |   49.6   OK |   FAIL |    f5/m5
70B Q/O              |    CRR |   2845.1   2692.5   94.6% |     1.51% |   49.6   OK |   FAIL |    f5/m5

70B Gate/Up          |    RCR |   2955.1   2850.2   96.5% |     1.28% |   49.6   OK |   PASS |    f5/m5
70B Gate/Up          |    RRR |   2944.6   2771.1   94.1% |     0.60% |   49.6   OK |   FAIL |    f5/m5
70B Gate/Up          |    CRR |   2794.7   2488.7   89.0% |     0.36% |   49.6   OK |   FAIL |    f5/m5

70B Down             |    RCR |   3235.4   2938.3   90.8% |     0.43% |   49.6   OK |   FAIL |    f5/m5
70B Down             |    RRR |   2729.8   2960.8  108.5% |     0.68% |   49.6   OK |   PASS |    f5/m5
70B Down             |    CRR |   3005.4   2645.2   88.0% |     0.75% |   49.6   OK |   FAIL |    f5/m5


Written to r52_reviewer_results/SUMMARY.txt
