=== R52H ISA: 8B Gate/Up RRR (M=4096 N=14336 K=4096) ===
  building off (-DMXFP8_RRR_SOFT_BARRIER=0)
    OK
  building on (-DMXFP8_RRR_SOFT_BARRIER=1)
    OK
R52H diff lines: 36  (R52H claim: ~36, all empty-asm marker pairs + UID)
R52H non-marker non-cuid diff lines: 0

=== R52J ISA: 8B Gate/Up CRR EXACT IA=0 vs IA=4 ===
  building IA=0
    OK
  building IA=4
    OK
R52J diff lines: 18  (R52J claim: bit-identical except cuid)
R52J non-cuid diff lines: 0

=== Phase 3 ISA SUMMARY ===
R52H (RRR soft barrier OFF vs ON):
  total diff lines: 36
  excluding markers/cuid: 0
  R52H claim: ~36 lines, all empty-asm + UID, zero real instr changes
  re-validation: CONFIRMED — REFUTATION re-validates

R52J (CRR EXACT IA=0 vs IA=4):
  total diff lines: 18
  excluding cuid: 0
  R52J claim: bit-identical except cuid hash
  re-validation: CONFIRMED — REFUTATION re-validates
