######################################################
## R52 Dev J PHASE 1: 8B Gate/Up CRR INSERT_AFTER sweep ##
######################################################
Target: 8B_GateUp (4096x14336x4096)
=== [IA=0] ===
  built (IA=0)
  benched (5 runs)
  corr/det checked
=== [IA=2] ===
  built (IA=2)
  benched (5 runs)
  corr/det checked
=== [IA=3] ===
  built (IA=3)
  benched (5 runs)
  corr/det checked
=== [IA=4] ===
  built (IA=4)
  benched (5 runs)
  corr/det checked
=== [IA=5] ===
  built (IA=5)
  benched (5 runs)
  corr/det checked
=== [IA=6] ===
  built (IA=6)
  benched (5 runs)
  corr/det checked
=== [IA=8] ===
  built (IA=8)
  benched (5 runs)
  corr/det checked

Phase 1 complete. Inspect r52j_results for results.
