=== Phase 1: parent reference (run 1) ===
  DLA1: M=4096 N=32768 K=128256 on gpu=4
    {'finite': 0.7670913934707642, 'shape': [256, 256]}
  DLA2: M=128256 N=32768 K=4096 on gpu=4
    {'finite': 0.97013920545578, 'shape': [256, 256]}
  DLA7: M=28672 N=32768 K=4096 on gpu=4
    {'finite': 0.87971431016922, 'shape': [256, 256]}

=== Phase 2: parent reference (run 2) — noise floor ===
  DLA1: rerun parent on gpu=4
    {'finite': 0.7683236002922058, 'shape': [256, 256]}
  DLA1: noise-floor SNR = 8.61 dB (ok)
  DLA2: rerun parent on gpu=4
    {'finite': 0.9713810682296753, 'shape': [256, 256]}
  DLA2: noise-floor SNR = -1.37 dB (ok)
  DLA7: rerun parent on gpu=4
    {'finite': 0.8805834054946899, 'shape': [256, 256]}
  DLA7: noise-floor SNR = -1.89 dB (ok)

=== Phase 3: per-variant uniform-input SNR ===
Total checks: 36
==============================================================================================================
  DLA1   _r19b_s2                  gpu=4  snr=     10.65 dB  noise=8.613292190284172 dB  BROKEN-RACE
  DLA1   _r19b_s3                  gpu=5  snr=     14.28 dB  noise=8.613292190284172 dB  BROKEN-RACE
  DLA1   _r19b_s4                  gpu=4  snr=     14.27 dB  noise=8.613292190284172 dB  BROKEN-RACE
  DLA1   _r19b_t1                  gpu=5  snr=     15.47 dB  noise=8.613292190284172 dB  OK-MARGINAL
  DLA1   _r19b_s24                 gpu=5  snr=      5.87 dB  noise=8.613292190284172 dB  BROKEN-RACE
  DLA1   _r19b_s23                 gpu=4  snr=      3.75 dB  noise=8.613292190284172 dB  BROKEN-RACE
  DLA1   _r19b_s234                gpu=5  snr=      4.87 dB  noise=8.613292190284172 dB  BROKEN-RACE
  DLA1   _r19b_s34                 gpu=4  snr=     10.49 dB  noise=8.613292190284172 dB  BROKEN-RACE
  DLA1   _r19b_vmcnt4              gpu=5  snr=      13.1 dB  noise=8.613292190284172 dB  BROKEN-RACE
  DLA1   _r19b_vmcnt0              gpu=4  snr=     10.32 dB  noise=8.613292190284172 dB  BROKEN-RACE
  DLA1   _r19b_vmcnt15             gpu=4  snr=     10.83 dB  noise=8.613292190284172 dB  BROKEN-RACE
  DLA1   _r19b_ref_all             gpu=5  snr=      4.55 dB  noise=8.613292190284172 dB  BROKEN-RACE
  DLA2   _r19b_s3                  gpu=5  snr=     -2.99 dB  noise=-1.3705592405194418 dB  BROKEN-RACE
  DLA2   _r19b_s2                  gpu=4  snr=     -0.31 dB  noise=-1.3705592405194418 dB  BROKEN-RACE
  DLA2   _r19b_s4                  gpu=4  snr=     -1.16 dB  noise=-1.3705592405194418 dB  BROKEN-RACE
  DLA2   _r19b_t1                  gpu=5  snr=     -0.48 dB  noise=-1.3705592405194418 dB  BROKEN-RACE
  DLA2   _r19b_s23                 gpu=4  snr=      -0.6 dB  noise=-1.3705592405194418 dB  BROKEN-RACE
  DLA2   _r19b_s24                 gpu=5  snr=     -0.55 dB  noise=-1.3705592405194418 dB  BROKEN-RACE
  DLA2   _r19b_s234                gpu=5  snr=     -2.44 dB  noise=-1.3705592405194418 dB  BROKEN-RACE
  DLA2   _r19b_s34                 gpu=4  snr=     -1.87 dB  noise=-1.3705592405194418 dB  BROKEN-RACE
  DLA2   _r19b_vmcnt0              gpu=4  snr=     -0.68 dB  noise=-1.3705592405194418 dB  BROKEN-RACE
  DLA2   _r19b_vmcnt4              gpu=5  snr=     -0.11 dB  noise=-1.3705592405194418 dB  BROKEN-RACE
  DLA2   _r19b_vmcnt15             gpu=4  snr=     -1.37 dB  noise=-1.3705592405194418 dB  BROKEN-RACE
  DLA2   _r19b_ref_all             gpu=5  snr=     -0.61 dB  noise=-1.3705592405194418 dB  BROKEN-RACE
  DLA7   _r19b_s2                  gpu=4  snr=     -2.75 dB  noise=-1.8882033602016608 dB  BROKEN-RACE
  DLA7   _r19b_s3                  gpu=5  snr=     -2.66 dB  noise=-1.8882033602016608 dB  BROKEN-RACE
  DLA7   _r19b_t1                  gpu=5  snr=     -3.21 dB  noise=-1.8882033602016608 dB  BROKEN-RACE
  DLA7   _r19b_s4                  gpu=4  snr=     -4.04 dB  noise=-1.8882033602016608 dB  BROKEN-RACE
  DLA7   _r19b_s24                 gpu=5  snr=     -2.42 dB  noise=-1.8882033602016608 dB  BROKEN-RACE
  DLA7   _r19b_s23                 gpu=4  snr=      -2.1 dB  noise=-1.8882033602016608 dB  BROKEN-RACE
  DLA7   _r19b_s34                 gpu=4  snr=     -5.61 dB  noise=-1.8882033602016608 dB  BROKEN-RACE
  DLA7   _r19b_s234                gpu=5  snr=     -2.47 dB  noise=-1.8882033602016608 dB  BROKEN-RACE
  DLA7   _r19b_vmcnt4              gpu=5  snr=      -3.6 dB  noise=-1.8882033602016608 dB  BROKEN-RACE
  DLA7   _r19b_vmcnt0              gpu=4  snr=     -0.75 dB  noise=-1.8882033602016608 dB  BROKEN-RACE
  DLA7   _r19b_ref_all             gpu=5  snr=     -4.23 dB  noise=-1.8882033602016608 dB  BROKEN-RACE
  DLA7   _r19b_vmcnt15             gpu=4  snr=     -4.24 dB  noise=-1.8882033602016608 dB  BROKEN-RACE

=== Phase 4: aperture probe (random scales, R18A's necessary check) ===
Aperture-probe needed: 1
  DLA1   _r19b_t1                  gpu=4  OK

==============================================================================================================
OK-for-bench: 1    BROKEN: 35
  OK -> ['DLA1', '_r19b_t1']
  BR -> ['DLA1', '_r19b_s2', 'BROKEN-RACE']
  BR -> ['DLA1', '_r19b_s3', 'BROKEN-RACE']
  BR -> ['DLA1', '_r19b_s4', 'BROKEN-RACE']
  BR -> ['DLA1', '_r19b_s24', 'BROKEN-RACE']
  BR -> ['DLA1', '_r19b_s23', 'BROKEN-RACE']
  BR -> ['DLA1', '_r19b_s234', 'BROKEN-RACE']
  BR -> ['DLA1', '_r19b_s34', 'BROKEN-RACE']
  BR -> ['DLA1', '_r19b_vmcnt4', 'BROKEN-RACE']
  BR -> ['DLA1', '_r19b_vmcnt0', 'BROKEN-RACE']
  BR -> ['DLA1', '_r19b_vmcnt15', 'BROKEN-RACE']
  BR -> ['DLA1', '_r19b_ref_all', 'BROKEN-RACE']
  BR -> ['DLA2', '_r19b_s3', 'BROKEN-RACE']
  BR -> ['DLA2', '_r19b_s2', 'BROKEN-RACE']
  BR -> ['DLA2', '_r19b_s4', 'BROKEN-RACE']
  BR -> ['DLA2', '_r19b_t1', 'BROKEN-RACE']
  BR -> ['DLA2', '_r19b_s23', 'BROKEN-RACE']
  BR -> ['DLA2', '_r19b_s24', 'BROKEN-RACE']
  BR -> ['DLA2', '_r19b_s234', 'BROKEN-RACE']
  BR -> ['DLA2', '_r19b_s34', 'BROKEN-RACE']
  BR -> ['DLA2', '_r19b_vmcnt0', 'BROKEN-RACE']
  BR -> ['DLA2', '_r19b_vmcnt4', 'BROKEN-RACE']
  BR -> ['DLA2', '_r19b_vmcnt15', 'BROKEN-RACE']
  BR -> ['DLA2', '_r19b_ref_all', 'BROKEN-RACE']
  BR -> ['DLA7', '_r19b_s2', 'BROKEN-RACE']
  BR -> ['DLA7', '_r19b_s3', 'BROKEN-RACE']
  BR -> ['DLA7', '_r19b_t1', 'BROKEN-RACE']
  BR -> ['DLA7', '_r19b_s4', 'BROKEN-RACE']
  BR -> ['DLA7', '_r19b_s24', 'BROKEN-RACE']
  BR -> ['DLA7', '_r19b_s23', 'BROKEN-RACE']
  BR -> ['DLA7', '_r19b_s34', 'BROKEN-RACE']
Saved snr_probe_r19b.json
