=== Phase 1: parent reference (run 1) on the iterilp parent ===
  S1: M=14336 N=4096 K=32768 parent=_lgk2_dc_r10_iterilp on gpu=6
    {'finite': 0.9946041703224182, 'shape': [256, 256]}
  S2: M=16384 N=4096 K=28672 parent=_u32_r10_iterilp on gpu=6
    {'finite': 0.9894210696220398, 'shape': [256, 256]}
  S3: M=4096 N=32768 K=28672 parent=_v20_memc_r11_iterilp on gpu=6
    {'finite': 0.98543381690979, 'shape': [256, 256]}
  S4: M=4096 N=28672 K=32768 parent=_u16_r11_iterilp on gpu=6
    {'finite': 0.9960386157035828, 'shape': [256, 256]}
  S5: M=4096 N=32768 K=14336 parent=_ts_lgk2_memc_r11_iterilp on gpu=6
    {'finite': 0.9905630946159363, 'shape': [256, 256]}

=== Phase 2: parent reference (run 2) — noise floor ===
  S1: rerun parent on gpu=6
    {'finite': 0.9945219159126282, 'shape': [256, 256]}
  S1: noise-floor SNR = 0.0 dB (ok)
  S2: rerun parent on gpu=6
    {'finite': 0.9922138452529907, 'shape': [256, 256]}
  S2: noise-floor SNR = -2.97 dB (ok)
  S3: rerun parent on gpu=6
    {'finite': 0.9852118492126465, 'shape': [256, 256]}
  S3: noise-floor SNR = 0.0 dB (ok)
  S4: rerun parent on gpu=6
    {'finite': 0.9906357526779175, 'shape': [256, 256]}
  S4: noise-floor SNR = -2.08 dB (ok)
  S5: rerun parent on gpu=6
    {'finite': 0.9901736974716187, 'shape': [256, 256]}
  S5: noise-floor SNR = 59.88 dB (ok)

=== Phase 3: per-variant SNR ===
Total checks: 15
==============================================================================================================
  S1  step3    gpu=6  snr=       0.0 dB  noise=       0.0 dB  BROKEN-RACE
  S1  step12   gpu=7  snr=       0.0 dB  noise=       0.0 dB  BROKEN-RACE
  S1  all      gpu=6  snr=       0.0 dB  noise=       0.0 dB  BROKEN-RACE
  S2  step3    gpu=7  snr=     -2.51 dB  noise=-2.972557562243784 dB  BROKEN-RACE
  S2  all      gpu=7  snr=     -2.97 dB  noise=-2.972557562243784 dB  BROKEN-RACE
  S2  step12   gpu=6  snr=    -49.25 dB  noise=-2.972557562243784 dB  BROKEN-RACE
  S3  step12   gpu=7  snr=    -63.02 dB  noise=       0.0 dB  BROKEN-RACE
  S3  step3    gpu=6  snr=   -390.38 dB  noise=       0.0 dB  BROKEN-RACE
  S3  all      gpu=6  snr=   -385.32 dB  noise=       0.0 dB  BROKEN-RACE
  S4  step3    gpu=7  snr=   -385.32 dB  noise=-2.0764781563330454 dB  BROKEN-RACE
  S4  all      gpu=7  snr=       0.0 dB  noise=-2.0764781563330454 dB  BROKEN-RACE
  S4  step12   gpu=6  snr=   -255.75 dB  noise=-2.0764781563330454 dB  BROKEN-RACE
  S5  step3    gpu=6  snr=    -52.48 dB  noise=59.875765080819775 dB  BROKEN-RACE
  S5  step12   gpu=7  snr=    -41.17 dB  noise=59.875765080819775 dB  BROKEN-RACE
  S5  all      gpu=6  snr=     40.94 dB  noise=59.875765080819775 dB  OK-MARGINAL

==============================================================================================================
OK: 1    BROKEN: 14
OK entries:
  ['S5', 'all', 'OK-MARGINAL']
BROKEN entries:
  ['S1', 'step3', 'BROKEN-RACE']
  ['S1', 'step12', 'BROKEN-RACE']
  ['S1', 'all', 'BROKEN-RACE']
  ['S2', 'step3', 'BROKEN-RACE']
  ['S2', 'all', 'BROKEN-RACE']
  ['S2', 'step12', 'BROKEN-RACE']
  ['S3', 'step12', 'BROKEN-RACE']
  ['S3', 'step3', 'BROKEN-RACE']
  ['S3', 'all', 'BROKEN-RACE']
  ['S4', 'step3', 'BROKEN-RACE']
  ['S4', 'all', 'BROKEN-RACE']
  ['S4', 'step12', 'BROKEN-RACE']
  ['S5', 'step3', 'BROKEN-RACE']
  ['S5', 'step12', 'BROKEN-RACE']
Saved snr_probe_r19c.json
