=== Phase 1: compute parent references ===
  DLA1: cached ref
  DLA2: cached ref
  DLA7: cached ref
  P1: cached ref

=== Phase 2: per-compound SNR check ===
Total SNR checks: 48
====================================================================================================
/shared_nfs/kyle/test/HipKittens/analysis/fp8_gemm/mi350x/snr_probe_r16c.py:189: RuntimeWarning: overflow encountered in subtract
  diff = ref_m - cnd_m
/shared_nfs/kyle/test/HipKittens/analysis/fp8_gemm/mi350x/snr_probe_r16c.py:190: RuntimeWarning: overflow encountered in multiply
  sig = float((ref_m * ref_m).mean())
/shared_nfs/kyle/test/HipKittens/analysis/fp8_gemm/mi350x/snr_probe_r16c.py:191: RuntimeWarning: overflow encountered in multiply
  err = float((diff * diff).mean())
  DLA1   iterilp+regclassglob                               gpu=5  snr=       nan dB  OK
/shared_nfs/kyle/test/HipKittens/analysis/fp8_gemm/mi350x/snr_probe_r16c.py:190: RuntimeWarning: overflow encountered in multiply
  sig = float((ref_m * ref_m).mean())
/shared_nfs/kyle/test/HipKittens/analysis/fp8_gemm/mi350x/snr_probe_r16c.py:191: RuntimeWarning: overflow encountered in multiply
  err = float((diff * diff).mean())
/opt/venv/lib/python3.10/site-packages/numpy/_core/_methods.py:135: RuntimeWarning: overflow encountered in reduce
  ret = umr_sum(arr, axis, dtype, out, keepdims, where=where)
  DLA1   iterilp+nolicm                                     gpu=7  snr=       nan dB  OK
/shared_nfs/kyle/test/HipKittens/analysis/fp8_gemm/mi350x/snr_probe_r16c.py:190: RuntimeWarning: overflow encountered in multiply
  sig = float((ref_m * ref_m).mean())
/shared_nfs/kyle/test/HipKittens/analysis/fp8_gemm/mi350x/snr_probe_r16c.py:191: RuntimeWarning: overflow encountered in multiply
  err = float((diff * diff).mean())
  DLA1   iterilp+sinkavoidspill                             gpu=6  snr=       nan dB  OK
  DLA1   iterilp+noemxpre                                   gpu=5  snr=       nan dB  OK
  DLA1   iterilp+largeivf2                                  gpu=6  snr=       nan dB  OK
/shared_nfs/kyle/test/HipKittens/analysis/fp8_gemm/mi350x/snr_probe_r16c.py:189: RuntimeWarning: overflow encountered in subtract
  diff = ref_m - cnd_m
  DLA1   regclassglob+sinkavoidspill                        gpu=7  snr=       nan dB  OK
  DLA1   regclassglob+nolicm                                gpu=5  snr=       nan dB  OK
/shared_nfs/kyle/test/HipKittens/analysis/fp8_gemm/mi350x/snr_probe_r16c.py:189: RuntimeWarning: overflow encountered in subtract
  diff = ref_m - cnd_m
  DLA1   regclassglob+noemxpre                              gpu=6  snr=       nan dB  OK
  DLA1   sinkavoidspill+nolicm                              gpu=7  snr=       nan dB  OK
  DLA1   regclassglob+nolicm+sinkavoidspill                 gpu=5  snr=       nan dB  OK
  DLA1   iterilp+regclassglob+nolicm                        gpu=6  snr=       nan dB  OK
  DLA1   iterilp+regclassglob+sinkavoidspill                gpu=7  snr=       nan dB  OK
/opt/venv/lib/python3.10/site-packages/numpy/_core/_methods.py:135: RuntimeWarning: overflow encountered in reduce
  ret = umr_sum(arr, axis, dtype, out, keepdims, where=where)
  DLA2   iterilp+regclassglob                               gpu=5  snr=       nan dB  OK
  DLA2   iterilp+sinkavoidspill                             gpu=6  snr=       nan dB  OK
  DLA2   iterilp+nolicm                                     gpu=7  snr=       nan dB  OK
  DLA2   iterilp+noemxpre                                   gpu=5  snr=       nan dB  OK
  DLA2   regclassglob+sinkavoidspill                        gpu=7  snr=       nan dB  OK
  DLA2   iterilp+largeivf2                                  gpu=6  snr=       nan dB  OK
  DLA2   regclassglob+nolicm                                gpu=5  snr=       nan dB  OK
  DLA2   regclassglob+noemxpre                              gpu=6  snr=       nan dB  OK
  DLA2   sinkavoidspill+nolicm                              gpu=7  snr=       nan dB  OK
  DLA2   regclassglob+nolicm+sinkavoidspill                 gpu=5  snr=       nan dB  OK
  DLA2   iterilp+regclassglob+nolicm                        gpu=6  snr=       nan dB  OK
  DLA2   iterilp+regclassglob+sinkavoidspill                gpu=7  snr=       nan dB  OK
  DLA7   iterilp+regclassglob                               gpu=5  snr=       nan dB  OK
  DLA7   iterilp+sinkavoidspill                             gpu=6  snr=       nan dB  OK
  DLA7   iterilp+nolicm                                     gpu=7  snr=       nan dB  OK
  DLA7   iterilp+noemxpre                                   gpu=5  snr=       nan dB  OK
/opt/venv/lib/python3.10/site-packages/numpy/_core/_methods.py:135: RuntimeWarning: overflow encountered in reduce
  ret = umr_sum(arr, axis, dtype, out, keepdims, where=where)
  DLA7   iterilp+largeivf2                                  gpu=6  snr=       nan dB  OK
  DLA7   regclassglob+sinkavoidspill                        gpu=7  snr=       nan dB  OK
  DLA7   regclassglob+nolicm                                gpu=5  snr=       nan dB  OK
  DLA7   regclassglob+noemxpre                              gpu=6  snr=       nan dB  OK
  DLA7   sinkavoidspill+nolicm                              gpu=7  snr=       nan dB  OK
  DLA7   regclassglob+nolicm+sinkavoidspill                 gpu=5  snr=       nan dB  OK
  DLA7   iterilp+regclassglob+nolicm                        gpu=6  snr=       nan dB  OK
  DLA7   iterilp+regclassglob+sinkavoidspill                gpu=7  snr=       nan dB  OK
  P1     iterilp+sinkavoidspill                             gpu=6  snr=       nan dB  OK
  P1     iterilp+regclassglob                               gpu=5  snr=       nan dB  OK
  P1     iterilp+nolicm                                     gpu=7  snr=       nan dB  OK
  P1     iterilp+noemxpre                                   gpu=5  snr=       nan dB  OK
  P1     iterilp+largeivf2                                  gpu=6  snr=       nan dB  OK
  P1     regclassglob+sinkavoidspill                        gpu=7  snr=       nan dB  OK
  P1     sinkavoidspill+nolicm                              gpu=7  snr=       nan dB  OK
  P1     regclassglob+noemxpre                              gpu=6  snr=       nan dB  OK
  P1     regclassglob+nolicm                                gpu=5  snr=       nan dB  OK
  P1     iterilp+regclassglob+nolicm                        gpu=6  snr=       nan dB  OK
  P1     regclassglob+nolicm+sinkavoidspill                 gpu=5  snr=       nan dB  OK
  P1     iterilp+regclassglob+sinkavoidspill                gpu=7  snr=       nan dB  OK

====================================================================================================
OK: 48    BROKEN: 0
BROKEN entries:
Saved snr_probe_r16c.json
