=== Phase 1: parent reference (run 1) ===
  parent1[S4]: {'finite': 0.9984309077262878, 'shape': [256, 256]}
  parent1[S3]: {'finite': 0.9998775720596313, 'shape': [256, 256]}
  parent1[S2]: {'finite': 0.8185839653015137, 'shape': [256, 256]}
  parent1[S1]: {'finite': 1.0, 'shape': [256, 256]}
  parent1[S5]: {'finite': 0.8149861097335815, 'shape': [256, 256]}
  parent1[S6]: {'finite': 0.820146918296814, 'shape': [256, 256]}
  parent1[S7]: {'finite': 0.8462105989456177, 'shape': [256, 256]}
  parent1[S8]: {'finite': 0.9191126227378845, 'shape': [256, 256]}
  parent1[S9]: {'finite': 0.879143238067627, 'shape': [256, 256]}
  parent1[S11]: {'finite': 0.8484651446342468, 'shape': [256, 256]}
  parent1[S12]: {'finite': 0.961147665977478, 'shape': [256, 256]}
  parent1[S10]: {'finite': 0.894494354724884, 'shape': [256, 256]}
  parent1[S13]: {'finite': 0.8553484678268433, 'shape': [256, 256]}
  parent1[S14]: {'finite': 0.8861386179924011, 'shape': [256, 256]}
  parent1[S15]: {'finite': 0.9095364809036255, 'shape': [256, 256]}

=== Phase 2: parent reference (run 2) — noise floor ===
  parent2[S4]: {'finite': 0.9983654618263245, 'shape': [256, 256]}
  parent2[S2]: {'finite': 0.8076554536819458, 'shape': [256, 256]}
  parent2[S3]: {'finite': 0.9999942779541016, 'shape': [256, 256]}
  parent2[S1]: {'finite': 1.0, 'shape': [256, 256]}
  parent2[S5]: {'finite': 0.8119215369224548, 'shape': [256, 256]}
  parent2[S6]: {'finite': 0.8210373520851135, 'shape': [256, 256]}
  parent2[S7]: {'finite': 0.8799617886543274, 'shape': [256, 256]}
  parent2[S8]: {'finite': 0.9178062677383423, 'shape': [256, 256]}
  parent2[S9]: {'finite': 0.8678041696548462, 'shape': [256, 256]}
  parent2[S10]: {'finite': 0.883467972278595, 'shape': [256, 256]}
  parent2[S11]: {'finite': 0.8568542003631592, 'shape': [256, 256]}
  parent2[S12]: {'finite': 0.9576014280319214, 'shape': [256, 256]}
  parent2[S13]: {'finite': 0.8558875918388367, 'shape': [256, 256]}
  parent2[S14]: {'finite': 0.8869041204452515, 'shape': [256, 256]}
  parent2[S15]: {'finite': 0.9018428325653076, 'shape': [256, 256]}
  noise[S1] = 38.1 dB (ok)
  noise[S2] = -0.62 dB (ok)
  noise[S3] = -0.0 dB (ok)
  noise[S4] = 40.1 dB (ok)
  noise[S5] = 10.97 dB (ok)
  noise[S6] = 5.42 dB (ok)
  noise[S7] = -1.86 dB (ok)
  noise[S8] = -1.78 dB (ok)
  noise[S9] = -2.85 dB (ok)
  noise[S10] = -5.57 dB (ok)
  noise[S11] = -0.64 dB (ok)
  noise[S12] = -2.08 dB (ok)
  noise[S13] = 0.34 dB (ok)
  noise[S14] = 12.22 dB (ok)
  noise[S15] = -6.46 dB (ok)

=== Phase 3: per-variant SNR + aperture ===
Total checks: 45
==============================================================================================================
  S1    _r19a_step12       gpu=1  snr=     37.95 dB  noise=      38.1 dB  apr_tflops=  4557.9  OK
  S2    _r19a_step3        gpu=3  snr=     -1.72 dB  noise=     -0.62 dB  apr_tflops=  4956.3  BROKEN-RACE
  S1    _r19a_step3        gpu=0  snr=     33.46 dB  noise=      38.1 dB  apr_tflops=  4877.4  OK
  S1    _r19a_all          gpu=2  snr=     30.68 dB  noise=      38.1 dB  apr_tflops=  4797.3  OK-MARGINAL
  S2    _r19a_step12       gpu=0  snr=     -0.43 dB  noise=     -0.62 dB  apr_tflops=  4915.1  BROKEN-RACE
  S2    _r19a_all          gpu=1  snr=     -0.85 dB  noise=     -0.62 dB  apr_tflops=  4949.4  BROKEN-RACE
  S3    _r19a_step3        gpu=2  snr=       0.0 dB  noise=      -0.0 dB  apr_tflops=  5185.7  BROKEN-RACE
  S3    _r19a_step12       gpu=3  snr=       0.0 dB  noise=      -0.0 dB  apr_tflops=  5176.2  BROKEN-RACE
  S3    _r19a_all          gpu=0  snr=      -0.0 dB  noise=      -0.0 dB  apr_tflops=  5377.3  BROKEN-RACE
  S4    _r19a_step3        gpu=1  snr=     32.54 dB  noise=      40.1 dB  apr_tflops=  5315.8  OK-MARGINAL
  S4    _r19a_all          gpu=3  snr=   -674.14 dB  noise=      40.1 dB  apr_tflops=  5278.0  BROKEN-RACE
  S4    _r19a_step12       gpu=2  snr=     34.04 dB  noise=      40.1 dB  apr_tflops=  5169.4  OK-MARGINAL
  S5    _r19a_step3        gpu=0  snr=       4.0 dB  noise=     10.97 dB  apr_tflops=  4972.5  BROKEN-RACE
  S5    _r19a_step12       gpu=1  snr=      9.41 dB  noise=     10.97 dB  apr_tflops=  4745.6  BROKEN-RACE
  S6    _r19a_step3        gpu=3  snr=     -0.88 dB  noise=      5.42 dB  apr_tflops=  4929.0  BROKEN-RACE
  S5    _r19a_all          gpu=2  snr=      6.62 dB  noise=     10.97 dB  apr_tflops=  4920.4  BROKEN-RACE
  S6    _r19a_step12       gpu=0  snr=     -1.22 dB  noise=      5.42 dB  apr_tflops=  4901.4  BROKEN-RACE
  S7    _r19a_step3        gpu=2  snr=     -1.94 dB  noise=     -1.86 dB  apr_tflops=  4259.7  BROKEN-RACE
  S6    _r19a_all          gpu=1  snr=      2.19 dB  noise=      5.42 dB  apr_tflops=  4939.8  BROKEN-RACE
  S7    _r19a_step12       gpu=3  snr=     -6.27 dB  noise=     -1.86 dB  apr_tflops=  4211.9  BROKEN-RACE
  S7    _r19a_all          gpu=0  snr=     -0.68 dB  noise=     -1.86 dB  apr_tflops=  4373.3  BROKEN-RACE
  S8    _r19a_step3        gpu=1  snr=     -1.01 dB  noise=     -1.78 dB  apr_tflops=  4112.6  BROKEN-RACE
  S8    _r19a_step12       gpu=2  snr=     -2.79 dB  noise=     -1.78 dB  apr_tflops=  3871.1  BROKEN-RACE
  S8    _r19a_all          gpu=3  snr=     -0.53 dB  noise=     -1.78 dB  apr_tflops=  4176.2  BROKEN-RACE
  S9    _r19a_step3        gpu=0  snr=     -2.58 dB  noise=     -2.85 dB  apr_tflops=  3305.8  BROKEN-RACE
  S9    _r19a_all          gpu=2  snr=     -4.98 dB  noise=     -2.85 dB  apr_tflops=  3285.5  BROKEN-RACE
  S10   _r19a_step3        gpu=3  snr=     -7.77 dB  noise=     -5.57 dB  apr_tflops=  4227.7  BROKEN-RACE
  S9    _r19a_step12       gpu=1  snr=     -4.95 dB  noise=     -2.85 dB  apr_tflops=  3247.6  BROKEN-RACE
  S10   _r19a_step12       gpu=0  snr=     -7.68 dB  noise=     -5.57 dB  apr_tflops=  4252.9  BROKEN-RACE
  S11   _r19a_step3        gpu=2  snr=      -1.2 dB  noise=     -0.64 dB  apr_tflops=  4312.6  BROKEN-RACE
  S10   _r19a_all          gpu=1  snr=     -5.79 dB  noise=     -5.57 dB  apr_tflops=  4205.2  BROKEN-RACE
  S11   _r19a_step12       gpu=3  snr=      1.54 dB  noise=     -0.64 dB  apr_tflops=  4193.2  BROKEN-RACE
  S11   _r19a_all          gpu=0  snr=     -1.37 dB  noise=     -0.64 dB  apr_tflops=  4383.3  BROKEN-RACE
  S12   _r19a_all          gpu=3  snr=     -5.98 dB  noise=     -2.08 dB  apr_tflops=  4329.0  BROKEN-RACE
  S12   _r19a_step3        gpu=1  snr=     -9.45 dB  noise=     -2.08 dB  apr_tflops=  4266.8  BROKEN-RACE
  S12   _r19a_step12       gpu=2  snr=     -2.78 dB  noise=     -2.08 dB  apr_tflops=  4165.4  BROKEN-RACE
  S13   _r19a_step3        gpu=0  snr=      0.22 dB  noise=      0.34 dB  apr_tflops=  4547.2  BROKEN-RACE
  S14   _r19a_step12       gpu=0  snr=     35.31 dB  noise=     12.22 dB  apr_tflops=  3770.2  OK
  S13   _r19a_step12       gpu=1  snr=      0.28 dB  noise=      0.34 dB  apr_tflops=  4418.2  BROKEN-RACE
  S13   _r19a_all          gpu=2  snr=      0.49 dB  noise=      0.34 dB  apr_tflops=  4490.6  BROKEN-RACE
  S14   _r19a_step3        gpu=3  snr=     12.22 dB  noise=     12.22 dB  apr_tflops=  3832.4  BROKEN-RACE
  S14   _r19a_all          gpu=1  snr=      8.86 dB  noise=     12.22 dB  apr_tflops=  3774.1  BROKEN-RACE
  S15   _r19a_step3        gpu=2  snr=     -1.84 dB  noise=     -6.46 dB  apr_tflops=  4259.2  BROKEN-RACE
  S15   _r19a_step12       gpu=3  snr=     -1.07 dB  noise=     -6.46 dB  apr_tflops=  4163.2  BROKEN-RACE
  S15   _r19a_all          gpu=0  snr=     -2.72 dB  noise=     -6.46 dB  apr_tflops=  4276.3  BROKEN-RACE

==============================================================================================================
OK: 6    BROKEN: 39
OK entries:
  ['S1', '_r19a_step12', 'OK']
  ['S1', '_r19a_step3', 'OK']
  ['S1', '_r19a_all', 'OK-MARGINAL']
  ['S4', '_r19a_step3', 'OK-MARGINAL']
  ['S4', '_r19a_step12', 'OK-MARGINAL']
  ['S14', '_r19a_step12', 'OK']
Saved snr_probe_r19a.json
