=== Round 6 Optimizer B re-bench (SERIAL, GPU=4) ===
warmup=200 iters=500 trim=0.1

--- Build phase: ensure baseline + winners exist ---
  n=4096 k=2048 _v16_wpe2                           built (4.5s)
  n=128256 k=32768 _v16_wpe2                           built (4.5s)
  n=4096 k=8192 _v16_wpe2                           built (4.8s)

--- Bench phase (serial) ---
  16384x4096x2048           _v16_wpe2                            3174.1 (106.0% of comp 2995.0)
  16384x4096x2048           _optB_r6_u16_v16_wpe2                3173.9 (106.0% of comp 2995.0)
  16384x4096x2048           _optB_r6_u8_v16_wpe2_memc            3218.1 (107.4% of comp 2995.0)
  16384x4096x2048           _optB_r6_u16_lgk2_dc_v16_wpe2        3171.5 (105.9% of comp 2995.0)
  4096x128256x32768         _v16_wpe2                            5072.7 (158.8% of comp 3195.3)
  4096x128256x32768         _optB_r6_u16_v16_wpe2                5053.7 (158.2% of comp 3195.3)
  4096x128256x32768         _optB_r6_u8_v16_wpe2_memc            5064.3 (158.5% of comp 3195.3)
  4096x128256x32768         _optB_r6_u16_lgk2_dc_v16_wpe2        5044.3 (157.9% of comp 3195.3)
  4096x4096x8192            _v16_wpe2                            4085.4 (103.2% of comp 3959.9)
  4096x4096x8192            _optB_r6_u16_v16_wpe2                4088.5 (103.2% of comp 3959.9)
  4096x4096x8192            _optB_r6_u8_v16_wpe2_memc            4104.6 (103.7% of comp 3959.9)
  4096x4096x8192            _optB_r6_u16_lgk2_dc_v16_wpe2        4080.9 (103.1% of comp 3959.9)

--- Delta vs baseline ---
shape                       baseline   _optB_r6_u16_v16_wpe2  tB_r6_u8_v16_wpe2_memc  6_u16_lgk2_dc_v16_wpe2
16384x4096x2048               3174.1   3173.9(-0.01pp)       3218.1(+1.47pp)       3171.5(-0.09pp)    
4096x128256x32768             5072.7   5053.7(-0.59pp)       5064.3(-0.26pp)       5044.3(-0.89pp)    
4096x4096x8192                4085.4   4088.5(+0.08pp)       4104.6(+0.48pp)       4080.9(-0.11pp)    

Results: /shared_nfs/kyle/test/HipKittens/analysis/fp8_gemm/mi350x/spot_optB_r6_rebench_results.json
