=== Round 6 Optimizer B re-bench DEEP-LOSE (SERIAL, GPU=4) ===
warmup=200 iters=500 trim=0.1

--- Build phase: ensure baselines exist ---
  n=32768 k=128256 _v16_wpe2                           cached
  n=4096 k=28672 _v16_wpe2                           cached
  n=32768 k=4096 _v16_wpe2                           cached
  n=32768 k=28672 _v16_wpe2                           cached
  n=4096 k=16384 _v16_wpe2                           cached
  n=28672 k=32768 _v16_wpe2                           cached
  n=32768 k=4096 _v16_wpe2                           cached
  n=4096 k=14336 _v16_wpe2                           cached
  n=32768 k=14336 _v16_wpe2                           cached

--- Bench phase (serial) ---
  4096x32768x128256         _v16_wpe2                            4969.3 ( 86.0%)
  4096x32768x128256         _optB_r6_u16_v16_wpe2                4965.5 ( 85.9%)
  4096x32768x128256         _optB_r6_u8_v16_wpe2_memc            4968.9 ( 86.0%)
  4096x32768x128256         _optB_r6_u16_lgk2_dc_v16_wpe2        4962.7 ( 85.8%)
  16384x4096x28672          _v16_wpe2                            4943.3 ( 89.5%)
  16384x4096x28672          _optB_r6_u16_v16_wpe2                4939.0 ( 89.4%)
  16384x4096x28672          _optB_r6_u8_v16_wpe2_memc            4944.5 ( 89.5%)
  16384x4096x28672          _optB_r6_u16_lgk2_dc_v16_wpe2        4961.9 ( 89.8%)
  128256x32768x4096         _v16_wpe2                            4078.2 ( 89.9%)
  128256x32768x4096         _optB_r6_u16_v16_wpe2                4092.4 ( 90.2%)
  128256x32768x4096         _optB_r6_u8_v16_wpe2_memc            4083.3 ( 90.0%)
  128256x32768x4096         _optB_r6_u16_lgk2_dc_v16_wpe2        4079.4 ( 89.9%)
  4096x32768x28672          _v16_wpe2                            5132.3 ( 92.2%)
  4096x32768x28672          _optB_r6_u16_v16_wpe2                5131.6 ( 92.2%)
  4096x32768x28672          _optB_r6_u8_v16_wpe2_memc            5142.5 ( 92.4%)
  4096x32768x28672          _optB_r6_u16_lgk2_dc_v16_wpe2        5140.0 ( 92.3%)
  28672x4096x16384          _v16_wpe2                            4886.9 ( 91.3%)
  28672x4096x16384          _optB_r6_u16_v16_wpe2                4886.9 ( 91.3%)
  28672x4096x16384          _optB_r6_u8_v16_wpe2_memc            4885.9 ( 91.3%)
  28672x4096x16384          _optB_r6_u16_lgk2_dc_v16_wpe2        4884.9 ( 91.3%)
  4096x28672x32768          _v16_wpe2                            5237.8 ( 92.7%)
  4096x28672x32768          _optB_r6_u16_v16_wpe2                5233.6 ( 92.6%)
  4096x28672x32768          _optB_r6_u8_v16_wpe2_memc            5227.4 ( 92.5%)
  4096x28672x32768          _optB_r6_u16_lgk2_dc_v16_wpe2        5236.3 ( 92.7%)
  28672x32768x4096          _v16_wpe2                            3993.5 ( 89.4%)
  28672x32768x4096          _optB_r6_u16_v16_wpe2                3976.5 ( 89.0%)
  28672x32768x4096          _optB_r6_u8_v16_wpe2_memc            4038.9 ( 90.4%)
  28672x32768x4096          _optB_r6_u16_lgk2_dc_v16_wpe2        3980.6 ( 89.1%)
  32768x4096x14336          _v16_wpe2                            4784.9 ( 91.6%)
  32768x4096x14336          _optB_r6_u16_v16_wpe2                4760.7 ( 91.1%)
  32768x4096x14336          _optB_r6_u8_v16_wpe2_memc            4812.7 ( 92.1%)
  32768x4096x14336          _optB_r6_u16_lgk2_dc_v16_wpe2        4775.0 ( 91.4%)
  4096x32768x14336          _v16_wpe2                            4833.2 ( 91.3%)
  4096x32768x14336          _optB_r6_u16_v16_wpe2                4843.6 ( 91.5%)
  4096x32768x14336          _optB_r6_u8_v16_wpe2_memc            4852.8 ( 91.6%)
  4096x32768x14336          _optB_r6_u16_lgk2_dc_v16_wpe2        4841.6 ( 91.4%)

--- Delta vs baseline (serial) ---
shape                      comp   baseline             16_v16_wpe2         8_v16_wpe2_memc     16_lgk2_dc_v16_wpe2
4096x32768x128256        5781.1     4969.3   4965.5(-0.07pp)       4968.9(-0.01pp)       4962.7(-0.11pp)    
16384x4096x28672         5525.3     4943.3   4939.0(-0.08pp)       4944.5(+0.02pp)       4961.9(+0.34pp)    
128256x32768x4096        4536.4     4078.2   4092.4(+0.31pp)       4083.3(+0.11pp)       4079.4(+0.03pp)    
4096x32768x28672         5568.2     5132.3   5131.6(-0.01pp)       5142.5(+0.18pp)       5140.0(+0.14pp)    
28672x4096x16384         5350.6     4886.9   4886.9(+0.00pp)       4885.9(-0.02pp)       4884.9(-0.04pp)    
4096x28672x32768         5649.9     5237.8   5233.6(-0.07pp)       5227.4(-0.18pp)       5236.3(-0.03pp)    
28672x32768x4096         4466.6     3993.5   3976.5(-0.38pp)       4038.9(+1.02pp)       3980.6(-0.29pp)    
32768x4096x14336         5223.4     4784.9   4760.7(-0.46pp)       4812.7(+0.53pp)       4775.0(-0.19pp)    
4096x32768x14336         5296.1     4833.2   4843.6(+0.20pp)       4852.8(+0.37pp)       4841.6(+0.16pp)    

--- Per-winner regression check (>0.5pp drop = REGRESSION) ---
  _optB_r6_u16_v16_wpe2               mean=-0.06pp worst=-0.46pp regressed_shapes=0: []
  _optB_r6_u8_v16_wpe2_memc           mean=+0.23pp worst=-0.18pp regressed_shapes=0: []
  _optB_r6_u16_lgk2_dc_v16_wpe2       mean=+0.00pp worst=-0.29pp regressed_shapes=0: []

Results: /shared_nfs/kyle/test/HipKittens/analysis/fp8_gemm/mi350x/spot_optB_r6_rebench_deep_results.json
