===== R45A label=16x8kx8k_rcr gpu=6 SHAPE=16x8kx8k LAYOUT=rcr M=16 N=8192 K=8192 =====
[orchestrate] N_PAIRS=5 WARMUP=30 ITERS=50 PREHEAT=30s WARMUP_PAIRS=2
[orchestrate] R36 3-gate: G1>=2200 G2a>=2200 G2b<=0.01 MAX_RETRIES=3
Sat Apr 18 21:57:30 UTC 2026
[bench attempt 1/3]
[bench attempt=1 rc=0]
[sclk-pre-preheat] GPU[6]		: sclk clock level: 1: (158Mhz)
[preheat 30.0s] done 8188 iters
[sclk-post-preheat] GPU[6]		: sclk clock level: 1: (2398Mhz)
CORRECTNESS_DECODE snr_db=49.60
CORRECTNESS_BASELINE snr_db=49.60
[sclk-pre-bench] GPU[6]		: sclk clock level: 1: (2400Mhz)
WARMUP 0 DECODE=1.0848 BASELINE=0.8764
WARMUP 1 DECODE=1.0844 BASELINE=0.8774
PAIR 0 D1=1.0853 B1=0.8765 D2=1.0848 B2=0.8760
PAIR 1 D1=1.0844 B1=0.8760 D2=1.0848 B2=0.8755
PAIR 2 D1=1.0851 B1=0.8771 D2=1.0848 B2=0.8775
PAIR 3 D1=1.0850 B1=0.8776 D2=1.0853 B2=0.8777
PAIR 4 D1=1.0853 B1=0.8769 D2=1.0855 B2=0.8790
[sclk-post-bench] GPU[6]		: sclk clock level: 1: (2400Mhz)
BASELINE median=0.8770 mean=0.8770 stdev=0.0010 n=10
DECODE   median=1.0850 mean=1.0850 stdev=0.0003 n=10
Welch t (DECODE vs BASELINE) = 606.966  (positive = DECODE faster)
DELTA_MEDIAN_PCT DECODE_vs_BASELINE = +23.7211%
DECODE_TFLOPS_LIST 1.0853,1.0848,1.0844,1.0848,1.0851,1.0848,1.0850,1.0853,1.0853,1.0855
BASELINE_TFLOPS_LIST 0.8765,0.8760,0.8760,0.8755,0.8771,0.8775,0.8776,0.8777,0.8769,0.8790
--- stderr (head) ---
W20260418 21:57:33.005980 140345228914688 agent.cpp:461] Attempt to enable hip visiblity for agent-2 which is not visible to HSA (ROCR)
[mxfp8_dispatch] rcr_pq: shape=(M=0,N=0,K=0) -> V1-PQ-DEFAULT
[mxfp8_dispatch] rcr_pq_v1: shape=(M=16,N=8192,K=8192) -> SMALLM-DECODE-M2-16-RCR (R44A)
[mxfp8_dispatch] rcr_pq: shape=(M=0,N=0,K=0) -> V1-PQ-DEFAULT
[orchestrate] attempt=1 rc=0 G1=2398MHz G2a=2400MHz G2b DEC=0.000276 BASE=0.001140 (gate=0.01 pass=1)
[orchestrate] PASS R36 3-gate at attempt=1; using as final.
Sat Apr 18 21:58:47 UTC 2026
