===== R45A label=16x8kx8k_rrr gpu=2 SHAPE=16x8kx8k LAYOUT=rrr M=16 N=8192 K=8192 =====
[orchestrate] N_PAIRS=5 WARMUP=30 ITERS=50 PREHEAT=30s WARMUP_PAIRS=2
[orchestrate] R36 3-gate: G1>=2200 G2a>=2200 G2b<=0.01 MAX_RETRIES=3
Sat Apr 18 22:04:43 UTC 2026
[bench attempt 1/3]
[bench attempt=1 rc=0]
[sclk-pre-preheat] GPU[2]		: sclk clock level: 1: (1820Mhz)
[preheat 30.0s] done 7164 iters
[sclk-post-preheat] GPU[2]		: sclk clock level: 1: (1738Mhz)
CORRECTNESS_DECODE snr_db=49.58
CORRECTNESS_BASELINE snr_db=49.58
[sclk-pre-bench] GPU[2]		: sclk clock level: 1: (1749Mhz)
WARMUP 0 DECODE=0.7752 BASELINE=0.6038
WARMUP 1 DECODE=0.7765 BASELINE=0.5931
PAIR 0 D1=0.7714 B1=0.6149 D2=0.7776 B2=0.5603
PAIR 1 D1=0.7764 B1=0.5611 D2=0.7747 B2=0.5600
PAIR 2 D1=0.7305 B1=0.6065 D2=0.9069 B2=0.8859
PAIR 3 D1=0.9232 B1=0.8866 D2=0.9226 B2=0.8866
PAIR 4 D1=0.9229 B1=0.8863 D2=0.9229 B2=0.8862
[sclk-post-bench] GPU[2]		: sclk clock level: 1: (2400Mhz)
BASELINE median=0.7504 mean=0.7334 stdev=0.1622 n=10
DECODE   median=0.8423 mean=0.8429 stdev=0.0822 n=10
Welch t (DECODE vs BASELINE) = 1.904  (positive = DECODE faster)
DELTA_MEDIAN_PCT DECODE_vs_BASELINE = +12.2397%
DECODE_TFLOPS_LIST 0.7714,0.7776,0.7764,0.7747,0.7305,0.9069,0.9232,0.9226,0.9229,0.9229
BASELINE_TFLOPS_LIST 0.6149,0.5603,0.5611,0.5600,0.6065,0.8859,0.8866,0.8866,0.8863,0.8862
--- stderr (head) ---
W20260418 22:04:45.849785 140431639425024 agent.cpp:461] Attempt to enable hip visiblity for agent-2 which is not visible to HSA (ROCR)
[mxfp8_dispatch] rrr_pq: shape=(M=0,N=0,K=0) -> V1-PQ-DEFAULT
[mxfp8_dispatch] rrr_pq_v1: shape=(M=16,N=8192,K=8192) -> SMALLM-DECODE-M2-16-RRR (R44A)
[mxfp8_dispatch] rrr_pq: shape=(M=0,N=0,K=0) -> V1-PQ-DEFAULT
[orchestrate] attempt=1 rc=0 G1=1738MHz G2a=2400MHz G2b DEC=0.097590 BASE=0.216151 (gate=0.01 pass=0)
[orchestrate] attempt=1 FAILED gates; sleep 5...
[bench attempt 2/3]
[bench attempt=2 rc=0]
[sclk-pre-preheat] GPU[2]		: sclk clock level: 1: (1815Mhz)
[preheat 30.0s] done 7164 iters
[sclk-post-preheat] GPU[2]		: sclk clock level: 1: (1740Mhz)
CORRECTNESS_DECODE snr_db=49.58
CORRECTNESS_BASELINE snr_db=49.58
[sclk-pre-bench] GPU[2]		: sclk clock level: 1: (1751Mhz)
WARMUP 0 DECODE=0.6570 BASELINE=0.6039
WARMUP 1 DECODE=0.7687 BASELINE=0.6011
PAIR 0 D1=0.7453 B1=0.6075 D2=0.7753 B2=0.5628
PAIR 1 D1=0.6984 B1=0.5618 D2=0.7142 B2=0.5618
PAIR 2 D1=0.7629 B1=0.8083 D2=0.9230 B2=0.8871
PAIR 3 D1=0.9170 B1=0.8873 D2=0.9239 B2=0.8872
PAIR 4 D1=0.9238 B1=0.8862 D2=0.9238 B2=0.8869
[sclk-post-bench] GPU[2]		: sclk clock level: 1: (2400Mhz)
BASELINE median=0.8473 mean=0.7537 stdev=0.1575 n=10
DECODE   median=0.8461 mean=0.8308 stdev=0.0989 n=10
Welch t (DECODE vs BASELINE) = 1.310  (positive = DECODE faster)
DELTA_MEDIAN_PCT DECODE_vs_BASELINE = -0.1352%
DECODE_TFLOPS_LIST 0.7453,0.7753,0.6984,0.7142,0.7629,0.9230,0.9170,0.9239,0.9238,0.9238
BASELINE_TFLOPS_LIST 0.6075,0.5628,0.5618,0.5618,0.8083,0.8871,0.8873,0.8872,0.8862,0.8869
--- stderr (head) ---
W20260418 22:06:05.441684 140170779811840 agent.cpp:461] Attempt to enable hip visiblity for agent-2 which is not visible to HSA (ROCR)
[mxfp8_dispatch] rrr_pq: shape=(M=0,N=0,K=0) -> V1-PQ-DEFAULT
[mxfp8_dispatch] rrr_pq_v1: shape=(M=16,N=8192,K=8192) -> SMALLM-DECODE-M2-16-RRR (R44A)
[mxfp8_dispatch] rrr_pq: shape=(M=0,N=0,K=0) -> V1-PQ-DEFAULT
[orchestrate] attempt=2 rc=0 G1=1740MHz G2a=2400MHz G2b DEC=0.116889 BASE=0.185885 (gate=0.01 pass=0)
[orchestrate] attempt=2 FAILED gates; sleep 5...
[bench attempt 3/3]
[bench attempt=3 rc=0]
[sclk-pre-preheat] GPU[2]		: sclk clock level: 1: (1815Mhz)
[preheat 30.0s] done 7164 iters
[sclk-post-preheat] GPU[2]		: sclk clock level: 1: (1727Mhz)
CORRECTNESS_DECODE snr_db=49.58
CORRECTNESS_BASELINE snr_db=49.58
[sclk-pre-bench] GPU[2]		: sclk clock level: 1: (1753Mhz)
WARMUP 0 DECODE=0.7635 BASELINE=0.6178
WARMUP 1 DECODE=0.6678 BASELINE=0.6102
PAIR 0 D1=0.6992 B1=0.5619 D2=0.7131 B2=0.5889
PAIR 1 D1=0.7915 B1=0.5612 D2=0.7248 B2=0.6099
PAIR 2 D1=0.7385 B1=0.5587 D2=0.8652 B2=0.8869
PAIR 3 D1=0.9228 B1=0.8811 D2=0.9235 B2=0.8879
PAIR 4 D1=0.9233 B1=0.8877 D2=0.9234 B2=0.8878
[sclk-post-bench] GPU[2]		: sclk clock level: 1: (2398Mhz)
BASELINE median=0.7455 mean=0.7312 stdev=0.1642 n=10
DECODE   median=0.8283 mean=0.8225 stdev=0.0984 n=10
Welch t (DECODE vs BASELINE) = 1.508  (positive = DECODE faster)
DELTA_MEDIAN_PCT DECODE_vs_BASELINE = +11.1086%
DECODE_TFLOPS_LIST 0.6992,0.7131,0.7915,0.7248,0.7385,0.8652,0.9228,0.9235,0.9233,0.9234
BASELINE_TFLOPS_LIST 0.5619,0.5889,0.5612,0.6099,0.5587,0.8869,0.8811,0.8879,0.8877,0.8878
--- stderr (head) ---
W20260418 22:07:17.029830 139868524023808 agent.cpp:461] Attempt to enable hip visiblity for agent-2 which is not visible to HSA (ROCR)
[mxfp8_dispatch] rrr_pq: shape=(M=0,N=0,K=0) -> V1-PQ-DEFAULT
[mxfp8_dispatch] rrr_pq_v1: shape=(M=16,N=8192,K=8192) -> SMALLM-DECODE-M2-16-RRR (R44A)
[mxfp8_dispatch] rrr_pq: shape=(M=0,N=0,K=0) -> V1-PQ-DEFAULT
[orchestrate] attempt=3 rc=0 G1=1727MHz G2a=2398MHz G2b DEC=0.118798 BASE=0.220255 (gate=0.01 pass=0)
[orchestrate] attempt=3 FAILED gates; sleep 5...
[orchestrate] FAIL: 3-gate retry exhausted MAX_RETRIES=3
