===== R45A label=16x8kx8k_rrr gpu=3 SHAPE=16x8kx8k LAYOUT=rrr M=16 N=8192 K=8192 =====
[orchestrate] N_PAIRS=5 WARMUP=30 ITERS=50 PREHEAT=30s WARMUP_PAIRS=2
[orchestrate] R36 3-gate: G1>=2200 G2a>=2200 G2b<=0.01 MAX_RETRIES=3
Sat Apr 18 22:06:28 UTC 2026
[bench attempt 1/3]
[bench attempt=1 rc=0]
[sclk-pre-preheat] GPU[3]		: sclk clock level: 1: (2012Mhz)
[preheat 30.0s] done 7164 iters
[sclk-post-preheat] GPU[3]		: sclk clock level: 1: (1933Mhz)
CORRECTNESS_DECODE snr_db=49.58
CORRECTNESS_BASELINE snr_db=49.58
[sclk-pre-bench] GPU[3]		: sclk clock level: 1: (1848Mhz)
WARMUP 0 DECODE=0.5510 BASELINE=0.4602
WARMUP 1 DECODE=0.6805 BASELINE=0.4349
PAIR 0 D1=0.5937 B1=0.4973 D2=0.7381 B2=0.5953
PAIR 1 D1=0.7522 B1=0.6073 D2=0.5370 B2=0.4508
PAIR 2 D1=0.7171 B1=0.4378 D2=0.5948 B2=0.4809
PAIR 3 D1=0.7157 B1=0.5778 D2=0.7492 B2=0.5117
PAIR 4 D1=0.5564 B1=0.4552 D2=0.6975 B2=0.4388
[sclk-post-bench] GPU[3]		: sclk clock level: 1: (2149Mhz)
BASELINE median=0.4891 mean=0.5053 stdev=0.0657 n=10
DECODE   median=0.7066 mean=0.6652 stdev=0.0847 n=10
Welch t (DECODE vs BASELINE) = 4.714  (positive = DECODE faster)
DELTA_MEDIAN_PCT DECODE_vs_BASELINE = +44.4734%
DECODE_TFLOPS_LIST 0.5937,0.7381,0.7522,0.5370,0.7171,0.5948,0.7157,0.7492,0.5564,0.6975
BASELINE_TFLOPS_LIST 0.4973,0.5953,0.6073,0.4508,0.4378,0.4809,0.5778,0.5117,0.4552,0.4388
--- stderr (head) ---
W20260418 22:06:31.318668 139853070385152 agent.cpp:461] Attempt to enable hip visiblity for agent-2 which is not visible to HSA (ROCR)
[mxfp8_dispatch] rrr_pq: shape=(M=0,N=0,K=0) -> V1-PQ-DEFAULT
[mxfp8_dispatch] rrr_pq_v1: shape=(M=16,N=8192,K=8192) -> SMALLM-DECODE-M2-16-RRR (R44A)
[mxfp8_dispatch] rrr_pq: shape=(M=0,N=0,K=0) -> V1-PQ-DEFAULT
[orchestrate] attempt=1 rc=0 G1=1933MHz G2a=2149MHz G2b DEC=0.119870 BASE=0.134328 (gate=0.01 pass=0)
[orchestrate] attempt=1 FAILED gates; sleep 5...
[bench attempt 2/3]
[bench attempt=2 rc=0]
[sclk-pre-preheat] GPU[3]		: sclk clock level: 1: (1788Mhz)
[preheat 30.0s] done 7164 iters
[sclk-post-preheat] GPU[3]		: sclk clock level: 1: (1823Mhz)
CORRECTNESS_DECODE snr_db=49.58
CORRECTNESS_BASELINE snr_db=49.58
[sclk-pre-bench] GPU[3]		: sclk clock level: 1: (2391Mhz)
WARMUP 0 DECODE=0.9065 BASELINE=0.8881
WARMUP 1 DECODE=0.9250 BASELINE=0.8885
PAIR 0 D1=0.9247 B1=0.8879 D2=0.9252 B2=0.8875
PAIR 1 D1=0.9249 B1=0.8883 D2=0.9245 B2=0.8879
PAIR 2 D1=0.9254 B1=0.8882 D2=0.9251 B2=0.8874
PAIR 3 D1=0.9252 B1=0.8878 D2=0.9252 B2=0.8879
PAIR 4 D1=0.9116 B1=0.8855 D2=0.7221 B2=0.6048
[sclk-post-bench] GPU[3]		: sclk clock level: 1: (1987Mhz)
BASELINE median=0.8879 mean=0.8593 stdev=0.0894 n=10
DECODE   median=0.9250 mean=0.9034 stdev=0.0638 n=10
Welch t (DECODE vs BASELINE) = 1.268  (positive = DECODE faster)
DELTA_MEDIAN_PCT DECODE_vs_BASELINE = +4.1815%
DECODE_TFLOPS_LIST 0.9247,0.9252,0.9249,0.9245,0.9254,0.9251,0.9252,0.9252,0.9116,0.7221
BASELINE_TFLOPS_LIST 0.8879,0.8875,0.8883,0.8879,0.8882,0.8874,0.8878,0.8879,0.8855,0.6048
--- stderr (head) ---
W20260418 22:07:52.366110 139937067061248 agent.cpp:461] Attempt to enable hip visiblity for agent-2 which is not visible to HSA (ROCR)
[mxfp8_dispatch] rrr_pq: shape=(M=0,N=0,K=0) -> V1-PQ-DEFAULT
[mxfp8_dispatch] rrr_pq_v1: shape=(M=16,N=8192,K=8192) -> SMALLM-DECODE-M2-16-RRR (R44A)
[mxfp8_dispatch] rrr_pq: shape=(M=0,N=0,K=0) -> V1-PQ-DEFAULT
[orchestrate] attempt=2 rc=0 G1=1823MHz G2a=1987MHz G2b DEC=0.068973 BASE=0.100687 (gate=0.01 pass=0)
[orchestrate] attempt=2 FAILED gates; sleep 5...
[bench attempt 3/3]
[bench attempt=3 rc=0]
[sclk-pre-preheat] GPU[3]		: sclk clock level: 1: (1784Mhz)
[preheat 30.0s] done 7164 iters
[sclk-post-preheat] GPU[3]		: sclk clock level: 1: (1761Mhz)
CORRECTNESS_DECODE snr_db=49.58
CORRECTNESS_BASELINE snr_db=49.58
[sclk-pre-bench] GPU[3]		: sclk clock level: 1: (1783Mhz)
WARMUP 0 DECODE=0.7276 BASELINE=0.5606
WARMUP 1 DECODE=0.7721 BASELINE=0.5819
PAIR 0 D1=0.7399 B1=0.5605 D2=0.7848 B2=0.6053
PAIR 1 D1=0.7043 B1=0.5612 D2=0.7574 B2=0.5582
PAIR 2 D1=0.8484 B1=0.8896 D2=0.9259 B2=0.8767
PAIR 3 D1=0.9259 B1=0.8888 D2=0.9258 B2=0.8887
PAIR 4 D1=0.9258 B1=0.8884 D2=0.9256 B2=0.8889
[sclk-post-bench] GPU[3]		: sclk clock level: 1: (2408Mhz)
BASELINE median=0.8826 mean=0.7606 stdev=0.1635 n=10
DECODE   median=0.8870 mean=0.8464 stdev=0.0911 n=10
Welch t (DECODE vs BASELINE) = 1.448  (positive = DECODE faster)
DELTA_MEDIAN_PCT DECODE_vs_BASELINE = +0.5039%
DECODE_TFLOPS_LIST 0.7399,0.7848,0.7043,0.7574,0.8484,0.9259,0.9259,0.9258,0.9258,0.9256
BASELINE_TFLOPS_LIST 0.5605,0.6053,0.5612,0.5582,0.8896,0.8767,0.8888,0.8887,0.8884,0.8889
--- stderr (head) ---
W20260418 22:09:02.898072 139804073631744 agent.cpp:461] Attempt to enable hip visiblity for agent-2 which is not visible to HSA (ROCR)
[mxfp8_dispatch] rrr_pq: shape=(M=0,N=0,K=0) -> V1-PQ-DEFAULT
[mxfp8_dispatch] rrr_pq_v1: shape=(M=16,N=8192,K=8192) -> SMALLM-DECODE-M2-16-RRR (R44A)
[mxfp8_dispatch] rrr_pq: shape=(M=0,N=0,K=0) -> V1-PQ-DEFAULT
[orchestrate] attempt=3 rc=0 G1=1761MHz G2a=2408MHz G2b DEC=0.102706 BASE=0.185248 (gate=0.01 pass=0)
[orchestrate] attempt=3 FAILED gates; sleep 5...
[orchestrate] FAIL: 3-gate retry exhausted MAX_RETRIES=3
