===== R45A label=16x8kx8k_rrr gpu=7 SHAPE=16x8kx8k LAYOUT=rrr M=16 N=8192 K=8192 =====
[orchestrate] N_PAIRS=5 WARMUP=30 ITERS=50 PREHEAT=30s WARMUP_PAIRS=2
[orchestrate] R36 3-gate: G1>=2200 G2a>=2200 G2b<=0.01 MAX_RETRIES=3
Sat Apr 18 21:58:14 UTC 2026
[bench attempt 1/3]
[bench attempt=1 rc=0]
[sclk-pre-preheat] GPU[7]		: sclk clock level: 1: (561Mhz)
[preheat 30.0s] done 7164 iters
[sclk-post-preheat] GPU[7]		: sclk clock level: 1: (1769Mhz)
CORRECTNESS_DECODE snr_db=49.58
CORRECTNESS_BASELINE snr_db=49.58
[sclk-pre-bench] GPU[7]		: sclk clock level: 1: (2138Mhz)
WARMUP 0 DECODE=0.8235 BASELINE=0.8879
WARMUP 1 DECODE=0.9246 BASELINE=0.8812
PAIR 0 D1=0.9247 B1=0.8875 D2=0.9244 B2=0.8877
PAIR 1 D1=0.9249 B1=0.8874 D2=0.9247 B2=0.8876
PAIR 2 D1=0.9244 B1=0.8873 D2=0.9245 B2=0.8870
PAIR 3 D1=0.9242 B1=0.8874 D2=0.9245 B2=0.8872
PAIR 4 D1=0.9248 B1=0.8874 D2=0.9245 B2=0.8871
[sclk-post-bench] GPU[7]		: sclk clock level: 1: (2408Mhz)
BASELINE median=0.8874 mean=0.8874 stdev=0.0002 n=10
DECODE   median=0.9245 mean=0.9246 stdev=0.0002 n=10
Welch t (DECODE vs BASELINE) = 401.591  (positive = DECODE faster)
DELTA_MEDIAN_PCT DECODE_vs_BASELINE = +4.1865%
DECODE_TFLOPS_LIST 0.9247,0.9244,0.9249,0.9247,0.9244,0.9245,0.9242,0.9245,0.9248,0.9245
BASELINE_TFLOPS_LIST 0.8875,0.8877,0.8874,0.8876,0.8873,0.8870,0.8874,0.8872,0.8874,0.8871
--- stderr (head) ---
W20260418 21:58:17.012539 140317017800704 agent.cpp:461] Attempt to enable hip visiblity for agent-2 which is not visible to HSA (ROCR)
[mxfp8_dispatch] rrr_pq: shape=(M=0,N=0,K=0) -> V1-PQ-DEFAULT
[mxfp8_dispatch] rrr_pq_v1: shape=(M=16,N=8192,K=8192) -> SMALLM-DECODE-M2-16-RRR (R44A)
[mxfp8_dispatch] rrr_pq: shape=(M=0,N=0,K=0) -> V1-PQ-DEFAULT
[orchestrate] attempt=1 rc=0 G1=1769MHz G2a=2408MHz G2b DEC=0.000216 BASE=0.000225 (gate=0.01 pass=1)
[orchestrate] attempt=1 FAILED gates; sleep 5...
[bench attempt 2/3]
[bench attempt=2 rc=0]
[sclk-pre-preheat] GPU[7]		: sclk clock level: S: (95Mhz)
[preheat 30.0s] done 8188 iters
[sclk-post-preheat] GPU[7]		: sclk clock level: 1: (2410Mhz)
CORRECTNESS_DECODE snr_db=49.58
CORRECTNESS_BASELINE snr_db=49.58
[sclk-pre-bench] GPU[7]		: sclk clock level: 1: (1407Mhz)
WARMUP 0 DECODE=0.9247 BASELINE=0.8862
WARMUP 1 DECODE=0.9246 BASELINE=0.8868
PAIR 0 D1=0.9245 B1=0.8868 D2=0.9241 B2=0.8862
PAIR 1 D1=0.9242 B1=0.8861 D2=0.9245 B2=0.8857
PAIR 2 D1=0.9242 B1=0.8857 D2=0.9241 B2=0.8860
PAIR 3 D1=0.9244 B1=0.8858 D2=0.9246 B2=0.8862
PAIR 4 D1=0.9245 B1=0.8860 D2=0.9242 B2=0.8857
[sclk-post-bench] GPU[7]		: sclk clock level: 1: (2409Mhz)
BASELINE median=0.8860 mean=0.8860 stdev=0.0003 n=10
DECODE   median=0.9243 mean=0.9243 stdev=0.0002 n=10
Welch t (DECODE vs BASELINE) = 325.247  (positive = DECODE faster)
DELTA_MEDIAN_PCT DECODE_vs_BASELINE = +4.3253%
DECODE_TFLOPS_LIST 0.9245,0.9241,0.9242,0.9245,0.9242,0.9241,0.9244,0.9246,0.9245,0.9242
BASELINE_TFLOPS_LIST 0.8868,0.8862,0.8861,0.8857,0.8857,0.8860,0.8858,0.8862,0.8860,0.8857
--- stderr (head) ---
W20260418 21:59:26.981829 139653906546688 agent.cpp:461] Attempt to enable hip visiblity for agent-2 which is not visible to HSA (ROCR)
[mxfp8_dispatch] rrr_pq: shape=(M=0,N=0,K=0) -> V1-PQ-DEFAULT
[mxfp8_dispatch] rrr_pq_v1: shape=(M=16,N=8192,K=8192) -> SMALLM-DECODE-M2-16-RRR (R44A)
[mxfp8_dispatch] rrr_pq: shape=(M=0,N=0,K=0) -> V1-PQ-DEFAULT
[orchestrate] attempt=2 rc=0 G1=2410MHz G2a=2409MHz G2b DEC=0.000216 BASE=0.000339 (gate=0.01 pass=1)
[orchestrate] PASS R36 3-gate at attempt=2; using as final.
Sat Apr 18 22:00:40 UTC 2026
