===== R45A label=16x8kx8k_rcr gpu=7 SHAPE=16x8kx8k LAYOUT=rcr M=16 N=8192 K=8192 =====
[orchestrate] N_PAIRS=5 WARMUP=30 ITERS=50 PREHEAT=30s WARMUP_PAIRS=2
[orchestrate] R36 3-gate: G1>=2200 G2a>=2200 G2b<=0.01 MAX_RETRIES=3
Sat Apr 18 21:54:33 UTC 2026
[bench attempt 1/3]
[bench attempt=1 rc=0]
[sclk-pre-preheat] GPU[7]		: sclk clock level: 1: (1796Mhz)
[preheat 30.0s] done 7164 iters
[sclk-post-preheat] GPU[7]		: sclk clock level: 1: (2410Mhz)
CORRECTNESS_DECODE snr_db=49.60
CORRECTNESS_BASELINE snr_db=49.60
[sclk-pre-bench] GPU[7]		: sclk clock level: 1: (2409Mhz)
WARMUP 0 DECODE=1.0861 BASELINE=0.8736
WARMUP 1 DECODE=1.0875 BASELINE=0.8762
PAIR 0 D1=1.0871 B1=0.8733 D2=1.0872 B2=0.8744
PAIR 1 D1=1.0872 B1=0.8731 D2=1.0869 B2=0.8735
PAIR 2 D1=1.0869 B1=0.8736 D2=1.0863 B2=0.8733
PAIR 3 D1=1.0869 B1=0.8734 D2=1.0870 B2=0.8626
PAIR 4 D1=1.0834 B1=0.6746 D2=1.0310 B2=0.4051
[sclk-post-bench] GPU[7]		: sclk clock level: 1: (1835Mhz)
BASELINE median=0.8733 mean=0.8057 stdev=0.1539 n=10
DECODE   median=1.0869 mean=1.0810 stdev=0.0176 n=10
Welch t (DECODE vs BASELINE) = 5.620  (positive = DECODE faster)
DELTA_MEDIAN_PCT DECODE_vs_BASELINE = +24.4537%
DECODE_TFLOPS_LIST 1.0871,1.0872,1.0872,1.0869,1.0869,1.0863,1.0869,1.0870,1.0834,1.0310
BASELINE_TFLOPS_LIST 0.8733,0.8744,0.8731,0.8735,0.8736,0.8733,0.8734,0.8626,0.6746,0.4051
--- stderr (head) ---
W20260418 21:54:36.405897 140492503183360 agent.cpp:461] Attempt to enable hip visiblity for agent-2 which is not visible to HSA (ROCR)
[mxfp8_dispatch] rcr_pq: shape=(M=0,N=0,K=0) -> V1-PQ-DEFAULT
[mxfp8_dispatch] rcr_pq_v1: shape=(M=16,N=8192,K=8192) -> SMALLM-DECODE-M2-16-RCR (R44A)
[mxfp8_dispatch] rcr_pq: shape=(M=0,N=0,K=0) -> V1-PQ-DEFAULT
[orchestrate] attempt=1 rc=0 G1=2410MHz G2a=1835MHz G2b DEC=0.016193 BASE=0.176228 (gate=0.01 pass=0)
[orchestrate] attempt=1 FAILED gates; sleep 5...
[bench attempt 2/3]
[bench attempt=2 rc=0]
[sclk-pre-preheat] GPU[7]		: sclk clock level: 1: (1809Mhz)
[preheat 30.0s] done 7164 iters
[sclk-post-preheat] GPU[7]		: sclk clock level: 1: (2259Mhz)
CORRECTNESS_DECODE snr_db=49.60
CORRECTNESS_BASELINE snr_db=49.60
[sclk-pre-bench] GPU[7]		: sclk clock level: 1: (2369Mhz)
WARMUP 0 DECODE=1.0869 BASELINE=0.8706
WARMUP 1 DECODE=1.0871 BASELINE=0.8706
PAIR 0 D1=1.0873 B1=0.8725 D2=1.0873 B2=0.8716
PAIR 1 D1=1.0877 B1=0.8708 D2=1.0877 B2=0.8718
PAIR 2 D1=1.0867 B1=0.8672 D2=1.0868 B2=0.8720
PAIR 3 D1=1.0291 B1=0.3834 D2=1.0285 B2=0.3840
PAIR 4 D1=1.0294 B1=0.3821 D2=1.0312 B2=0.3822
[sclk-post-bench] GPU[7]		: sclk clock level: 1: (1858Mhz)
BASELINE median=0.8690 mean=0.6757 stdev=0.2520 n=10
DECODE   median=1.0868 mean=1.0642 stdev=0.0298 n=10
Welch t (DECODE vs BASELINE) = 4.840  (positive = DECODE faster)
DELTA_MEDIAN_PCT DECODE_vs_BASELINE = +25.0641%
DECODE_TFLOPS_LIST 1.0873,1.0873,1.0877,1.0877,1.0867,1.0868,1.0291,1.0285,1.0294,1.0312
BASELINE_TFLOPS_LIST 0.8725,0.8716,0.8708,0.8718,0.8672,0.8720,0.3834,0.3840,0.3821,0.3822
--- stderr (head) ---
W20260418 21:55:54.388559 139989802950656 agent.cpp:461] Attempt to enable hip visiblity for agent-2 which is not visible to HSA (ROCR)
[mxfp8_dispatch] rcr_pq: shape=(M=0,N=0,K=0) -> V1-PQ-DEFAULT
[mxfp8_dispatch] rcr_pq_v1: shape=(M=16,N=8192,K=8192) -> SMALLM-DECODE-M2-16-RCR (R44A)
[mxfp8_dispatch] rcr_pq: shape=(M=0,N=0,K=0) -> V1-PQ-DEFAULT
[orchestrate] attempt=2 rc=0 G1=2259MHz G2a=1858MHz G2b DEC=0.027420 BASE=0.289988 (gate=0.01 pass=0)
[orchestrate] attempt=2 FAILED gates; sleep 5...
[bench attempt 3/3]
[bench attempt=3 rc=0]
[sclk-pre-preheat] GPU[7]		: sclk clock level: 1: (1811Mhz)
[preheat 30.0s] done 7164 iters
[sclk-post-preheat] GPU[7]		: sclk clock level: 1: (2409Mhz)
CORRECTNESS_DECODE snr_db=49.60
CORRECTNESS_BASELINE snr_db=49.60
[sclk-pre-bench] GPU[7]		: sclk clock level: 1: (2409Mhz)
WARMUP 0 DECODE=1.0875 BASELINE=0.8771
WARMUP 1 DECODE=1.0884 BASELINE=0.8772
PAIR 0 D1=1.0883 B1=0.8772 D2=1.0890 B2=0.8774
PAIR 1 D1=1.0892 B1=0.8774 D2=1.0891 B2=0.8772
PAIR 2 D1=1.0891 B1=0.8765 D2=1.0891 B2=0.8771
PAIR 3 D1=1.0887 B1=0.8764 D2=1.0883 B2=0.8765
PAIR 4 D1=1.0883 B1=0.8762 D2=1.0888 B2=0.8765
[sclk-post-bench] GPU[7]		: sclk clock level: 1: (2409Mhz)
BASELINE median=0.8768 mean=0.8768 stdev=0.0005 n=10
DECODE   median=1.0889 mean=1.0888 stdev=0.0004 n=10
Welch t (DECODE vs BASELINE) = 1126.261  (positive = DECODE faster)
DELTA_MEDIAN_PCT DECODE_vs_BASELINE = +24.1847%
DECODE_TFLOPS_LIST 1.0883,1.0890,1.0892,1.0891,1.0891,1.0891,1.0887,1.0883,1.0883,1.0888
BASELINE_TFLOPS_LIST 0.8772,0.8774,0.8774,0.8772,0.8765,0.8771,0.8764,0.8765,0.8762,0.8765
--- stderr (head) ---
W20260418 21:57:05.098227 140191050121216 agent.cpp:461] Attempt to enable hip visiblity for agent-2 which is not visible to HSA (ROCR)
[mxfp8_dispatch] rcr_pq: shape=(M=0,N=0,K=0) -> V1-PQ-DEFAULT
[mxfp8_dispatch] rcr_pq_v1: shape=(M=16,N=8192,K=8192) -> SMALLM-DECODE-M2-16-RCR (R44A)
[mxfp8_dispatch] rcr_pq: shape=(M=0,N=0,K=0) -> V1-PQ-DEFAULT
[orchestrate] attempt=3 rc=0 G1=2409MHz G2a=2409MHz G2b DEC=0.000367 BASE=0.000570 (gate=0.01 pass=1)
[orchestrate] PASS R36 3-gate at attempt=3; using as final.
Sat Apr 18 21:58:14 UTC 2026
