===== R45A label=16x8kx8k_crr gpu=6 SHAPE=16x8kx8k LAYOUT=crr M=16 N=8192 K=8192 =====
[orchestrate] N_PAIRS=5 WARMUP=30 ITERS=50 PREHEAT=30s WARMUP_PAIRS=2
[orchestrate] R36 3-gate: G1>=2200 G2a>=2200 G2b<=0.01 MAX_RETRIES=3
Sat Apr 18 21:59:53 UTC 2026
[bench attempt 1/3]
[bench attempt=1 rc=0]
[sclk-pre-preheat] GPU[6]		: sclk clock level: 1: (157Mhz)
[preheat 30.0s] done 8188 iters
[sclk-post-preheat] GPU[6]		: sclk clock level: 1: (2207Mhz)
CORRECTNESS_DECODE snr_db=49.60
CORRECTNESS_BASELINE snr_db=49.60
[sclk-pre-bench] GPU[6]		: sclk clock level: 1: (1823Mhz)
WARMUP 0 DECODE=0.7333 BASELINE=0.6015
WARMUP 1 DECODE=0.7274 BASELINE=0.5702
PAIR 0 D1=0.7311 B1=0.5960 D2=0.7155 B2=0.6009
PAIR 1 D1=0.7305 B1=0.6136 D2=0.7362 B2=0.5708
PAIR 2 D1=0.7319 B1=0.5721 D2=0.7292 B2=0.5566
PAIR 3 D1=0.7357 B1=0.6026 D2=0.7310 B2=0.5980
PAIR 4 D1=0.7327 B1=0.5912 D2=0.7312 B2=0.5621
[sclk-post-bench] GPU[6]		: sclk clock level: 1: (1743Mhz)
BASELINE median=0.5936 mean=0.5864 stdev=0.0194 n=10
DECODE   median=0.7312 mean=0.7305 stdev=0.0057 n=10
Welch t (DECODE vs BASELINE) = 22.503  (positive = DECODE faster)
DELTA_MEDIAN_PCT DECODE_vs_BASELINE = +23.1790%
DECODE_TFLOPS_LIST 0.7311,0.7155,0.7305,0.7362,0.7319,0.7292,0.7357,0.7310,0.7327,0.7312
BASELINE_TFLOPS_LIST 0.5960,0.6009,0.6136,0.5708,0.5721,0.5566,0.6026,0.5980,0.5912,0.5621
--- stderr (head) ---
W20260418 21:59:56.324792 140698105135104 agent.cpp:461] Attempt to enable hip visiblity for agent-2 which is not visible to HSA (ROCR)
[mxfp8_dispatch] crr_pq: shape=(M=0,N=0,K=0) -> V1-PQ-DEFAULT
[mxfp8_dispatch] crr_pq_v1: shape=(M=16,N=8192,K=8192) -> SMALLM-DECODE-M2-16-CRR (R44A)
[mxfp8_dispatch] crr_pq: shape=(M=0,N=0,K=0) -> V1-PQ-DEFAULT
[orchestrate] attempt=1 rc=0 G1=2207MHz G2a=1743MHz G2b DEC=0.007795 BASE=0.032682 (gate=0.01 pass=0)
[orchestrate] attempt=1 FAILED gates; sleep 5...
[bench attempt 2/3]
[bench attempt=2 rc=0]
[sclk-pre-preheat] GPU[6]		: sclk clock level: 1: (1725Mhz)
[preheat 30.0s] done 7164 iters
[sclk-post-preheat] GPU[6]		: sclk clock level: 1: (2051Mhz)
CORRECTNESS_DECODE snr_db=49.60
CORRECTNESS_BASELINE snr_db=49.60
[sclk-pre-bench] GPU[6]		: sclk clock level: 1: (2382Mhz)
WARMUP 0 DECODE=0.9738 BASELINE=0.8981
WARMUP 1 DECODE=0.9741 BASELINE=0.8982
PAIR 0 D1=0.9738 B1=0.8982 D2=0.9740 B2=0.8978
PAIR 1 D1=0.9739 B1=0.8982 D2=0.9747 B2=0.8982
PAIR 2 D1=0.9744 B1=0.8982 D2=0.9743 B2=0.8975
PAIR 3 D1=0.9742 B1=0.8975 D2=0.9594 B2=0.8954
PAIR 4 D1=0.8481 B1=0.5897 D2=0.7410 B2=0.5791
[sclk-post-bench] GPU[6]		: sclk clock level: 1: (1937Mhz)
BASELINE median=0.8977 mean=0.8350 stdev=0.1321 n=10
DECODE   median=0.9740 mean=0.9368 stdev=0.0792 n=10
Welch t (DECODE vs BASELINE) = 2.090  (positive = DECODE faster)
DELTA_MEDIAN_PCT DECODE_vs_BASELINE = +8.5007%
DECODE_TFLOPS_LIST 0.9738,0.9740,0.9739,0.9747,0.9744,0.9743,0.9742,0.9594,0.8481,0.7410
BASELINE_TFLOPS_LIST 0.8982,0.8978,0.8982,0.8982,0.8982,0.8975,0.8975,0.8954,0.5897,0.5791
--- stderr (head) ---
W20260418 22:01:11.021819 140578264227840 agent.cpp:461] Attempt to enable hip visiblity for agent-2 which is not visible to HSA (ROCR)
[mxfp8_dispatch] crr_pq: shape=(M=0,N=0,K=0) -> V1-PQ-DEFAULT
[mxfp8_dispatch] crr_pq_v1: shape=(M=16,N=8192,K=8192) -> SMALLM-DECODE-M2-16-CRR (R44A)
[mxfp8_dispatch] crr_pq: shape=(M=0,N=0,K=0) -> V1-PQ-DEFAULT
[orchestrate] attempt=2 rc=0 G1=2051MHz G2a=1937MHz G2b DEC=0.081314 BASE=0.147154 (gate=0.01 pass=0)
[orchestrate] attempt=2 FAILED gates; sleep 5...
[bench attempt 3/3]
[bench attempt=3 rc=0]
[sclk-pre-preheat] GPU[6]		: sclk clock level: 1: (1730Mhz)
[preheat 30.0s] done 7164 iters
[sclk-post-preheat] GPU[6]		: sclk clock level: 1: (1806Mhz)
CORRECTNESS_DECODE snr_db=49.60
CORRECTNESS_BASELINE snr_db=49.60
[sclk-pre-bench] GPU[6]		: sclk clock level: 1: (1827Mhz)
WARMUP 0 DECODE=0.7381 BASELINE=0.5986
WARMUP 1 DECODE=0.7180 BASELINE=0.6043
PAIR 0 D1=0.7162 B1=0.6013 D2=0.7339 B2=0.8899
PAIR 1 D1=0.9749 B1=0.8972 D2=0.9468 B2=0.8979
PAIR 2 D1=0.9747 B1=0.8977 D2=0.9744 B2=0.8978
PAIR 3 D1=0.9747 B1=0.8979 D2=0.9748 B2=0.8972
PAIR 4 D1=0.9740 B1=0.8975 D2=0.9747 B2=0.8974
[sclk-post-bench] GPU[6]		: sclk clock level: 1: (2398Mhz)
BASELINE median=0.8975 mean=0.8672 stdev=0.0935 n=10
DECODE   median=0.9746 mean=0.9219 stdev=0.1042 n=10
Welch t (DECODE vs BASELINE) = 1.237  (positive = DECODE faster)
DELTA_MEDIAN_PCT DECODE_vs_BASELINE = +8.5889%
DECODE_TFLOPS_LIST 0.7162,0.7339,0.9749,0.9468,0.9747,0.9744,0.9747,0.9748,0.9740,0.9747
BASELINE_TFLOPS_LIST 0.6013,0.8899,0.8972,0.8979,0.8977,0.8978,0.8979,0.8972,0.8975,0.8974
--- stderr (head) ---
W20260418 22:02:29.706272 140497918246912 agent.cpp:461] Attempt to enable hip visiblity for agent-2 which is not visible to HSA (ROCR)
[mxfp8_dispatch] crr_pq: shape=(M=0,N=0,K=0) -> V1-PQ-DEFAULT
[mxfp8_dispatch] crr_pq_v1: shape=(M=16,N=8192,K=8192) -> SMALLM-DECODE-M2-16-CRR (R44A)
[mxfp8_dispatch] crr_pq: shape=(M=0,N=0,K=0) -> V1-PQ-DEFAULT
[orchestrate] attempt=3 rc=0 G1=1806MHz G2a=2398MHz G2b DEC=0.106916 BASE=0.104178 (gate=0.01 pass=0)
[orchestrate] attempt=3 FAILED gates; sleep 5...
[orchestrate] FAIL: 3-gate retry exhausted MAX_RETRIES=3
