===== R45A label=16x8kx8k_rrr gpu=6 SHAPE=16x8kx8k LAYOUT=rrr M=16 N=8192 K=8192 =====
[orchestrate] N_PAIRS=5 WARMUP=30 ITERS=50 PREHEAT=30s WARMUP_PAIRS=2
[orchestrate] R36 3-gate: G1>=2200 G2a>=2200 G2b<=0.01 MAX_RETRIES=3
Sat Apr 18 21:58:47 UTC 2026
[bench attempt 1/3]
[bench attempt=1 rc=0]
[sclk-pre-preheat] GPU[6]		: sclk clock level: 1: (158Mhz)
[preheat 30.0s] done 8188 iters
[sclk-post-preheat] GPU[6]		: sclk clock level: 1: (2343Mhz)
CORRECTNESS_DECODE snr_db=49.58
CORRECTNESS_BASELINE snr_db=49.58
[sclk-pre-bench] GPU[6]		: sclk clock level: 1: (2387Mhz)
WARMUP 0 DECODE=0.9227 BASELINE=0.8858
WARMUP 1 DECODE=0.9227 BASELINE=0.8856
PAIR 0 D1=0.9229 B1=0.8856 D2=0.9222 B2=0.8853
PAIR 1 D1=0.9222 B1=0.8862 D2=0.9223 B2=0.8859
PAIR 2 D1=0.9226 B1=0.8861 D2=0.9225 B2=0.8860
PAIR 3 D1=0.9233 B1=0.8863 D2=0.9227 B2=0.8859
PAIR 4 D1=0.9226 B1=0.8870 D2=0.9228 B2=0.8876
[sclk-post-bench] GPU[6]		: sclk clock level: 1: (2400Mhz)
BASELINE median=0.8860 mean=0.8862 stdev=0.0007 n=10
DECODE   median=0.9226 mean=0.9226 stdev=0.0003 n=10
Welch t (DECODE vs BASELINE) = 154.503  (positive = DECODE faster)
DELTA_MEDIAN_PCT DECODE_vs_BASELINE = +4.1284%
DECODE_TFLOPS_LIST 0.9229,0.9222,0.9222,0.9223,0.9226,0.9225,0.9233,0.9227,0.9226,0.9228
BASELINE_TFLOPS_LIST 0.8856,0.8853,0.8862,0.8859,0.8861,0.8860,0.8863,0.8859,0.8870,0.8876
--- stderr (head) ---
W20260418 21:58:50.285938 140516317831168 agent.cpp:461] Attempt to enable hip visiblity for agent-2 which is not visible to HSA (ROCR)
[mxfp8_dispatch] rrr_pq: shape=(M=0,N=0,K=0) -> V1-PQ-DEFAULT
[mxfp8_dispatch] rrr_pq_v1: shape=(M=16,N=8192,K=8192) -> SMALLM-DECODE-M2-16-RRR (R44A)
[mxfp8_dispatch] rrr_pq: shape=(M=0,N=0,K=0) -> V1-PQ-DEFAULT
[orchestrate] attempt=1 rc=0 G1=2343MHz G2a=2400MHz G2b DEC=0.000325 BASE=0.000790 (gate=0.01 pass=1)
[orchestrate] PASS R36 3-gate at attempt=1; using as final.
Sat Apr 18 21:59:53 UTC 2026
