===== R45A label=16x8kx8k_crr gpu=7 SHAPE=16x8kx8k LAYOUT=crr M=16 N=8192 K=8192 =====
[orchestrate] N_PAIRS=5 WARMUP=30 ITERS=50 PREHEAT=30s WARMUP_PAIRS=2
[orchestrate] R36 3-gate: G1>=2200 G2a>=2200 G2b<=0.01 MAX_RETRIES=3
Sat Apr 18 22:00:40 UTC 2026
[bench attempt 1/3]
[bench attempt=1 rc=0]
[sclk-pre-preheat] GPU[7]		: sclk clock level: 1: (173Mhz)
[preheat 30.0s] done 7164 iters
[sclk-post-preheat] GPU[7]		: sclk clock level: 1: (1806Mhz)
CORRECTNESS_DECODE snr_db=49.60
CORRECTNESS_BASELINE snr_db=49.60
[sclk-pre-bench] GPU[7]		: sclk clock level: 1: (1815Mhz)
WARMUP 0 DECODE=0.7336 BASELINE=0.5757
WARMUP 1 DECODE=0.7412 BASELINE=0.6034
PAIR 0 D1=0.7471 B1=0.6184 D2=0.7332 B2=0.6259
PAIR 1 D1=0.7334 B1=0.6041 D2=0.7315 B2=0.6034
PAIR 2 D1=0.7639 B1=0.6032 D2=0.7411 B2=0.6077
PAIR 3 D1=0.7360 B1=0.5872 D2=0.7296 B2=0.6103
PAIR 4 D1=0.7464 B1=0.6124 D2=0.7466 B2=0.6132
[sclk-post-bench] GPU[7]		: sclk clock level: 1: (1816Mhz)
BASELINE median=0.6090 mean=0.6086 stdev=0.0104 n=10
DECODE   median=0.7385 mean=0.7409 stdev=0.0105 n=10
Welch t (DECODE vs BASELINE) = 28.377  (positive = DECODE faster)
DELTA_MEDIAN_PCT DECODE_vs_BASELINE = +21.2738%
DECODE_TFLOPS_LIST 0.7471,0.7332,0.7334,0.7315,0.7639,0.7411,0.7360,0.7296,0.7464,0.7466
BASELINE_TFLOPS_LIST 0.6184,0.6259,0.6041,0.6034,0.6032,0.6077,0.5872,0.6103,0.6124,0.6132
--- stderr (head) ---
W20260418 22:00:42.797931 139704209514496 agent.cpp:461] Attempt to enable hip visiblity for agent-2 which is not visible to HSA (ROCR)
[mxfp8_dispatch] crr_pq: shape=(M=0,N=0,K=0) -> V1-PQ-DEFAULT
[mxfp8_dispatch] crr_pq_v1: shape=(M=16,N=8192,K=8192) -> SMALLM-DECODE-M2-16-CRR (R44A)
[mxfp8_dispatch] crr_pq: shape=(M=0,N=0,K=0) -> V1-PQ-DEFAULT
[orchestrate] attempt=1 rc=0 G1=1806MHz G2a=1816MHz G2b DEC=0.014218 BASE=0.017077 (gate=0.01 pass=0)
[orchestrate] attempt=1 FAILED gates; sleep 5...
[bench attempt 2/3]
[bench attempt=2 rc=0]
[sclk-pre-preheat] GPU[7]		: sclk clock level: 1: (172Mhz)
[preheat 30.0s] done 7164 iters
[sclk-post-preheat] GPU[7]		: sclk clock level: 1: (1805Mhz)
CORRECTNESS_DECODE snr_db=49.60
CORRECTNESS_BASELINE snr_db=49.60
[sclk-pre-bench] GPU[7]		: sclk clock level: 1: (1811Mhz)
WARMUP 0 DECODE=0.7364 BASELINE=0.5817
WARMUP 1 DECODE=0.7310 BASELINE=0.6144
PAIR 0 D1=0.7341 B1=0.6189 D2=0.7341 B2=0.6003
PAIR 1 D1=0.7320 B1=0.5969 D2=0.7345 B2=0.6012
PAIR 2 D1=0.7330 B1=0.5828 D2=0.7353 B2=0.6095
PAIR 3 D1=0.7319 B1=0.6026 D2=0.7318 B2=0.6018
PAIR 4 D1=0.7424 B1=0.5710 D2=0.7345 B2=0.5759
[sclk-post-bench] GPU[7]		: sclk clock level: 1: (1882Mhz)
BASELINE median=0.6007 mean=0.5961 stdev=0.0150 n=10
DECODE   median=0.7341 mean=0.7344 stdev=0.0031 n=10
Welch t (DECODE vs BASELINE) = 28.468  (positive = DECODE faster)
DELTA_MEDIAN_PCT DECODE_vs_BASELINE = +22.2051%
DECODE_TFLOPS_LIST 0.7341,0.7341,0.7320,0.7345,0.7330,0.7353,0.7319,0.7318,0.7424,0.7345
BASELINE_TFLOPS_LIST 0.6189,0.6003,0.5969,0.6012,0.5828,0.6095,0.6026,0.6018,0.5710,0.5759
--- stderr (head) ---
W20260418 22:02:18.354155 139692349952000 agent.cpp:461] Attempt to enable hip visiblity for agent-2 which is not visible to HSA (ROCR)
[mxfp8_dispatch] crr_pq: shape=(M=0,N=0,K=0) -> V1-PQ-DEFAULT
[mxfp8_dispatch] crr_pq_v1: shape=(M=16,N=8192,K=8192) -> SMALLM-DECODE-M2-16-CRR (R44A)
[mxfp8_dispatch] crr_pq: shape=(M=0,N=0,K=0) -> V1-PQ-DEFAULT
[orchestrate] attempt=2 rc=0 G1=1805MHz G2a=1882MHz G2b DEC=0.004223 BASE=0.024971 (gate=0.01 pass=0)
[orchestrate] attempt=2 FAILED gates; sleep 5...
[bench attempt 3/3]
[bench attempt=3 rc=0]
[sclk-pre-preheat] GPU[7]		: sclk clock level: 1: (1808Mhz)
[preheat 30.0s] done 7164 iters
[sclk-post-preheat] GPU[7]		: sclk clock level: 1: (1801Mhz)
CORRECTNESS_DECODE snr_db=49.60
CORRECTNESS_BASELINE snr_db=49.60
[sclk-pre-bench] GPU[7]		: sclk clock level: 1: (1810Mhz)
WARMUP 0 DECODE=0.7498 BASELINE=0.5856
WARMUP 1 DECODE=0.7472 BASELINE=0.5766
PAIR 0 D1=0.7642 B1=0.5873 D2=0.7473 B2=0.6145
PAIR 1 D1=0.7483 B1=0.5876 D2=0.7535 B2=0.6065
PAIR 2 D1=0.7646 B1=0.6100 D2=0.7313 B2=0.5908
PAIR 3 D1=0.7469 B1=0.6013 D2=0.7490 B2=0.6091
PAIR 4 D1=0.7501 B1=0.6141 D2=0.7460 B2=0.6058
[sclk-post-bench] GPU[7]		: sclk clock level: 1: (1899Mhz)
BASELINE median=0.6061 mean=0.6027 stdev=0.0105 n=10
DECODE   median=0.7486 mean=0.7501 stdev=0.0095 n=10
Welch t (DECODE vs BASELINE) = 32.865  (positive = DECODE faster)
DELTA_MEDIAN_PCT DECODE_vs_BASELINE = +23.5034%
DECODE_TFLOPS_LIST 0.7642,0.7473,0.7483,0.7535,0.7646,0.7313,0.7469,0.7490,0.7501,0.7460
BASELINE_TFLOPS_LIST 0.5873,0.6145,0.5876,0.6065,0.6100,0.5908,0.6013,0.6091,0.6141,0.6058
--- stderr (head) ---
W20260418 22:03:31.189671 140389268480000 agent.cpp:461] Attempt to enable hip visiblity for agent-2 which is not visible to HSA (ROCR)
[mxfp8_dispatch] crr_pq: shape=(M=0,N=0,K=0) -> V1-PQ-DEFAULT
[mxfp8_dispatch] crr_pq_v1: shape=(M=16,N=8192,K=8192) -> SMALLM-DECODE-M2-16-CRR (R44A)
[mxfp8_dispatch] crr_pq: shape=(M=0,N=0,K=0) -> V1-PQ-DEFAULT
[orchestrate] attempt=3 rc=0 G1=1801MHz G2a=1899MHz G2b DEC=0.012690 BASE=0.017324 (gate=0.01 pass=0)
[orchestrate] attempt=3 FAILED gates; sleep 5...
[orchestrate] FAIL: 3-gate retry exhausted MAX_RETRIES=3
