===== R45A label=16x8kx8k_crr gpu=2 SHAPE=16x8kx8k LAYOUT=crr M=16 N=8192 K=8192 =====
[orchestrate] N_PAIRS=5 WARMUP=30 ITERS=50 PREHEAT=30s WARMUP_PAIRS=2
[orchestrate] R36 3-gate: G1>=2200 G2a>=2200 G2b<=0.01 MAX_RETRIES=3
Sat Apr 18 22:08:25 UTC 2026
[bench attempt 1/3]
[bench attempt=1 rc=0]
[sclk-pre-preheat] GPU[2]		: sclk clock level: 1: (1813Mhz)
[preheat 30.0s] done 7164 iters
[sclk-post-preheat] GPU[2]		: sclk clock level: 1: (1738Mhz)
CORRECTNESS_DECODE snr_db=49.60
CORRECTNESS_BASELINE snr_db=49.60
[sclk-pre-bench] GPU[2]		: sclk clock level: 1: (1745Mhz)
WARMUP 0 DECODE=0.7200 BASELINE=0.5819
WARMUP 1 DECODE=0.7335 BASELINE=0.5907
PAIR 0 D1=0.7326 B1=0.5792 D2=0.7492 B2=0.6184
PAIR 1 D1=0.7361 B1=0.5923 D2=0.7331 B2=0.6055
PAIR 2 D1=0.7520 B1=0.6119 D2=0.7584 B2=0.8854
PAIR 3 D1=0.9458 B1=0.8975 D2=0.9750 B2=0.8916
PAIR 4 D1=0.9750 B1=0.8976 D2=0.9745 B2=0.8973
[sclk-post-bench] GPU[2]		: sclk clock level: 1: (2400Mhz)
BASELINE median=0.7519 mean=0.7477 stdev=0.1545 n=10
DECODE   median=0.7552 mean=0.8332 stdev=0.1163 n=10
Welch t (DECODE vs BASELINE) = 1.399  (positive = DECODE faster)
DELTA_MEDIAN_PCT DECODE_vs_BASELINE = +0.4415%
DECODE_TFLOPS_LIST 0.7326,0.7492,0.7361,0.7331,0.7520,0.7584,0.9458,0.9750,0.9750,0.9745
BASELINE_TFLOPS_LIST 0.5792,0.6184,0.5923,0.6055,0.6119,0.8854,0.8975,0.8916,0.8976,0.8973
--- stderr (head) ---
W20260418 22:08:28.418086 139989993381888 agent.cpp:461] Attempt to enable hip visiblity for agent-2 which is not visible to HSA (ROCR)
[mxfp8_dispatch] crr_pq: shape=(M=0,N=0,K=0) -> V1-PQ-DEFAULT
[mxfp8_dispatch] crr_pq_v1: shape=(M=16,N=8192,K=8192) -> SMALLM-DECODE-M2-16-CRR (R44A)
[mxfp8_dispatch] crr_pq: shape=(M=0,N=0,K=0) -> V1-PQ-DEFAULT
[orchestrate] attempt=1 rc=0 G1=1738MHz G2a=2400MHz G2b DEC=0.153999 BASE=0.205479 (gate=0.01 pass=0)
[orchestrate] attempt=1 FAILED gates; sleep 5...
[bench attempt 2/3]
[bench attempt=2 rc=0]
[sclk-pre-preheat] GPU[2]		: sclk clock level: 1: (1809Mhz)
[preheat 30.0s] done 7164 iters
[sclk-post-preheat] GPU[2]		: sclk clock level: 1: (1736Mhz)
CORRECTNESS_DECODE snr_db=49.60
CORRECTNESS_BASELINE snr_db=49.60
[sclk-pre-bench] GPU[2]		: sclk clock level: 1: (1751Mhz)
WARMUP 0 DECODE=0.7327 BASELINE=0.5372
WARMUP 1 DECODE=0.7665 BASELINE=0.6265
PAIR 0 D1=0.7342 B1=0.6009 D2=0.7668 B2=0.5836
PAIR 1 D1=0.7556 B1=0.5860 D2=0.7351 B2=0.5956
PAIR 2 D1=0.7347 B1=0.6164 D2=0.7353 B2=0.5747
PAIR 3 D1=0.7342 B1=0.7443 D2=0.9483 B2=0.8955
PAIR 4 D1=0.9746 B1=0.8722 D2=0.9744 B2=0.8969
[sclk-post-bench] GPU[2]		: sclk clock level: 1: (2397Mhz)
BASELINE median=0.6086 mean=0.6966 stdev=0.1408 n=10
DECODE   median=0.7454 mean=0.8093 stdev=0.1087 n=10
Welch t (DECODE vs BASELINE) = 2.004  (positive = DECODE faster)
DELTA_MEDIAN_PCT DECODE_vs_BASELINE = +22.4752%
DECODE_TFLOPS_LIST 0.7342,0.7668,0.7556,0.7351,0.7347,0.7353,0.7342,0.9483,0.9746,0.9744
BASELINE_TFLOPS_LIST 0.6009,0.5836,0.5860,0.5956,0.6164,0.5747,0.7443,0.8955,0.8722,0.8969
--- stderr (head) ---
W20260418 22:09:39.740155 140416778706944 agent.cpp:461] Attempt to enable hip visiblity for agent-2 which is not visible to HSA (ROCR)
[mxfp8_dispatch] crr_pq: shape=(M=0,N=0,K=0) -> V1-PQ-DEFAULT
[mxfp8_dispatch] crr_pq_v1: shape=(M=16,N=8192,K=8192) -> SMALLM-DECODE-M2-16-CRR (R44A)
[mxfp8_dispatch] crr_pq: shape=(M=0,N=0,K=0) -> V1-PQ-DEFAULT
[orchestrate] attempt=2 rc=0 G1=1736MHz G2a=2397MHz G2b DEC=0.145828 BASE=0.231351 (gate=0.01 pass=0)
[orchestrate] attempt=2 FAILED gates; sleep 5...
[bench attempt 3/3]
[bench attempt=3 rc=0]
[sclk-pre-preheat] GPU[2]		: sclk clock level: 1: (1817Mhz)
[preheat 30.0s] done 7164 iters
[sclk-post-preheat] GPU[2]		: sclk clock level: 1: (1729Mhz)
CORRECTNESS_DECODE snr_db=49.60
CORRECTNESS_BASELINE snr_db=49.60
[sclk-pre-bench] GPU[2]		: sclk clock level: 1: (1798Mhz)
WARMUP 0 DECODE=0.7496 BASELINE=0.5974
WARMUP 1 DECODE=0.7332 BASELINE=0.6011
PAIR 0 D1=0.7336 B1=0.6102 D2=0.7444 B2=0.6093
PAIR 1 D1=0.7488 B1=0.6045 D2=0.7317 B2=0.5729
PAIR 2 D1=0.7487 B1=0.6019 D2=0.7346 B2=0.8828
PAIR 3 D1=0.9301 B1=0.8953 D2=0.9737 B2=0.8893
PAIR 4 D1=0.9735 B1=0.8959 D2=0.9736 B2=0.8964
[sclk-post-bench] GPU[2]		: sclk clock level: 1: (2400Mhz)
BASELINE median=0.7465 mean=0.7458 stdev=0.1544 n=10
DECODE   median=0.7487 mean=0.8293 stdev=0.1157 n=10
Welch t (DECODE vs BASELINE) = 1.367  (positive = DECODE faster)
DELTA_MEDIAN_PCT DECODE_vs_BASELINE = +0.2983%
DECODE_TFLOPS_LIST 0.7336,0.7444,0.7488,0.7317,0.7487,0.7346,0.9301,0.9737,0.9735,0.9736
BASELINE_TFLOPS_LIST 0.6102,0.6093,0.6045,0.5729,0.6019,0.8828,0.8953,0.8893,0.8959,0.8964
--- stderr (head) ---
W20260418 22:10:51.190634 139754695729152 agent.cpp:461] Attempt to enable hip visiblity for agent-2 which is not visible to HSA (ROCR)
[mxfp8_dispatch] crr_pq: shape=(M=0,N=0,K=0) -> V1-PQ-DEFAULT
[mxfp8_dispatch] crr_pq_v1: shape=(M=16,N=8192,K=8192) -> SMALLM-DECODE-M2-16-CRR (R44A)
[mxfp8_dispatch] crr_pq: shape=(M=0,N=0,K=0) -> V1-PQ-DEFAULT
[orchestrate] attempt=3 rc=0 G1=1729MHz G2a=2400MHz G2b DEC=0.154535 BASE=0.206832 (gate=0.01 pass=0)
[orchestrate] attempt=3 FAILED gates; sleep 5...
[orchestrate] FAIL: 3-gate retry exhausted MAX_RETRIES=3
