===== R45A label=4x4kx4k_rcr gpu=6 SHAPE=4x4kx4k LAYOUT=rcr M=4 N=4096 K=4096 =====
[orchestrate] N_PAIRS=5 WARMUP=30 ITERS=50 PREHEAT=30s WARMUP_PAIRS=2
[orchestrate] R36 3-gate: G1>=2200 G2a>=2200 G2b<=0.01 MAX_RETRIES=3
Sat Apr 18 21:32:20 UTC 2026
[bench attempt 1/3]
[bench attempt=1 rc=0]
[sclk-pre-preheat] GPU[6]		: sclk clock level: 1: (2400Mhz)
[preheat 30.0s] done 7164 iters
[sclk-post-preheat] GPU[6]		: sclk clock level: 1: (1723Mhz)
CORRECTNESS_DECODE snr_db=49.59
CORRECTNESS_BASELINE snr_db=49.59
[sclk-pre-bench] GPU[6]		: sclk clock level: 1: (1734Mhz)
WARMUP 0 DECODE=0.2917 BASELINE=0.1481
WARMUP 1 DECODE=0.2776 BASELINE=0.1242
PAIR 0 D1=0.2719 B1=0.1218 D2=0.2915 B2=0.1332
PAIR 1 D1=0.2812 B1=0.1262 D2=0.2728 B2=0.2146
PAIR 2 D1=0.3486 B1=0.2605 D2=0.3131 B2=0.2552
PAIR 3 D1=0.3520 B1=0.2810 D2=0.3516 B2=0.2804
PAIR 4 D1=0.3519 B1=0.2808 D2=0.3518 B2=0.2607
[sclk-post-bench] GPU[6]		: sclk clock level: 1: (2388Mhz)
BASELINE median=0.2578 mean=0.2214 stdev=0.0680 n=10
DECODE   median=0.3309 mean=0.3186 stdev=0.0361 n=10
Welch t (DECODE vs BASELINE) = 3.993  (positive = DECODE faster)
DELTA_MEDIAN_PCT DECODE_vs_BASELINE = +28.3206%
DECODE_TFLOPS_LIST 0.2719,0.2915,0.2812,0.2728,0.3486,0.3131,0.3520,0.3516,0.3519,0.3518
BASELINE_TFLOPS_LIST 0.1218,0.1332,0.1262,0.2146,0.2605,0.2552,0.2810,0.2804,0.2808,0.2607
--- stderr (head) ---
W20260418 21:32:23.063849 139708836052992 agent.cpp:461] Attempt to enable hip visiblity for agent-2 which is not visible to HSA (ROCR)
[mxfp8_dispatch] rcr_pq: shape=(M=0,N=0,K=0) -> V1-PQ-DEFAULT
[mxfp8_dispatch] rcr_pq_v1: shape=(M=4,N=4096,K=4096) -> SMALLM-DECODE-M2-16-RCR (R44A)
[mxfp8_dispatch] rcr_pq: shape=(M=0,N=0,K=0) -> V1-PQ-DEFAULT
[orchestrate] attempt=1 rc=0 G1=1723MHz G2a=2388MHz G2b DEC=0.109096 BASE=0.263770 (gate=0.01 pass=0)
[orchestrate] attempt=1 FAILED gates; sleep 5...
[bench attempt 2/3]
[bench attempt=2 rc=0]
[sclk-pre-preheat] GPU[6]		: sclk clock level: 1: (1839Mhz)
[preheat 30.0s] done 7164 iters
[sclk-post-preheat] GPU[6]		: sclk clock level: 1: (2072Mhz)
CORRECTNESS_DECODE snr_db=49.59
CORRECTNESS_BASELINE snr_db=49.59
[sclk-pre-bench] GPU[6]		: sclk clock level: 1: (2322Mhz)
WARMUP 0 DECODE=0.3494 BASELINE=0.2778
WARMUP 1 DECODE=0.3493 BASELINE=0.2776
PAIR 0 D1=0.3494 B1=0.2777 D2=0.3496 B2=0.2781
PAIR 1 D1=0.3497 B1=0.2782 D2=0.3498 B2=0.2781
PAIR 2 D1=0.3496 B1=0.2781 D2=0.3352 B2=0.2780
PAIR 3 D1=0.3353 B1=0.2783 D2=0.3494 B2=0.2781
PAIR 4 D1=0.3496 B1=0.2782 D2=0.3496 B2=0.2779
[sclk-post-bench] GPU[6]		: sclk clock level: 1: (2389Mhz)
BASELINE median=0.2781 mean=0.2781 stdev=0.0002 n=10
DECODE   median=0.3496 mean=0.3467 stdev=0.0061 n=10
Welch t (DECODE vs BASELINE) = 35.835  (positive = DECODE faster)
DELTA_MEDIAN_PCT DECODE_vs_BASELINE = +25.7106%
DECODE_TFLOPS_LIST 0.3494,0.3496,0.3497,0.3498,0.3496,0.3352,0.3353,0.3494,0.3496,0.3496
BASELINE_TFLOPS_LIST 0.2777,0.2781,0.2782,0.2781,0.2781,0.2780,0.2783,0.2781,0.2782,0.2779
--- stderr (head) ---
W20260418 21:33:29.970147 139867213504512 agent.cpp:461] Attempt to enable hip visiblity for agent-2 which is not visible to HSA (ROCR)
[mxfp8_dispatch] rcr_pq: shape=(M=0,N=0,K=0) -> V1-PQ-DEFAULT
[mxfp8_dispatch] rcr_pq_v1: shape=(M=4,N=4096,K=4096) -> SMALLM-DECODE-M2-16-RCR (R44A)
[mxfp8_dispatch] rcr_pq: shape=(M=0,N=0,K=0) -> V1-PQ-DEFAULT
[orchestrate] attempt=2 rc=0 G1=2072MHz G2a=2389MHz G2b DEC=0.017449 BASE=0.000719 (gate=0.01 pass=0)
[orchestrate] attempt=2 FAILED gates; sleep 5...
[bench attempt 3/3]
[bench attempt=3 rc=0]
[sclk-pre-preheat] GPU[6]		: sclk clock level: 1: (1838Mhz)
[preheat 30.0s] done 7164 iters
[sclk-post-preheat] GPU[6]		: sclk clock level: 1: (2340Mhz)
CORRECTNESS_DECODE snr_db=49.59
CORRECTNESS_BASELINE snr_db=49.59
[sclk-pre-bench] GPU[6]		: sclk clock level: 1: (2352Mhz)
WARMUP 0 DECODE=0.3496 BASELINE=0.2792
WARMUP 1 DECODE=0.3498 BASELINE=0.2793
PAIR 0 D1=0.3497 B1=0.2788 D2=0.3493 B2=0.2791
PAIR 1 D1=0.3498 B1=0.2790 D2=0.3499 B2=0.2790
PAIR 2 D1=0.3494 B1=0.2795 D2=0.3495 B2=0.2787
PAIR 3 D1=0.3497 B1=0.2795 D2=0.3496 B2=0.2789
PAIR 4 D1=0.3496 B1=0.2796 D2=0.3496 B2=0.2792
[sclk-post-bench] GPU[6]		: sclk clock level: 1: (2397Mhz)
BASELINE median=0.2791 mean=0.2791 stdev=0.0003 n=10
DECODE   median=0.3496 mean=0.3496 stdev=0.0002 n=10
Welch t (DECODE vs BASELINE) = 628.487  (positive = DECODE faster)
DELTA_MEDIAN_PCT DECODE_vs_BASELINE = +25.2763%
DECODE_TFLOPS_LIST 0.3497,0.3493,0.3498,0.3499,0.3494,0.3495,0.3497,0.3496,0.3496,0.3496
BASELINE_TFLOPS_LIST 0.2788,0.2791,0.2790,0.2790,0.2795,0.2787,0.2795,0.2789,0.2796,0.2792
--- stderr (head) ---
W20260418 21:34:36.193571 140017346465792 agent.cpp:461] Attempt to enable hip visiblity for agent-2 which is not visible to HSA (ROCR)
[mxfp8_dispatch] rcr_pq: shape=(M=0,N=0,K=0) -> V1-PQ-DEFAULT
[mxfp8_dispatch] rcr_pq_v1: shape=(M=4,N=4096,K=4096) -> SMALLM-DECODE-M2-16-RCR (R44A)
[mxfp8_dispatch] rcr_pq: shape=(M=0,N=0,K=0) -> V1-PQ-DEFAULT
[orchestrate] attempt=3 rc=0 G1=2340MHz G2a=2397MHz G2b DEC=0.000572 BASE=0.001075 (gate=0.01 pass=1)
[orchestrate] PASS R36 3-gate at attempt=3; using as final.
Sat Apr 18 21:35:35 UTC 2026
