===== R45A label=4x4kx4k_crr gpu=7 SHAPE=4x4kx4k LAYOUT=crr M=4 N=4096 K=4096 =====
[orchestrate] N_PAIRS=5 WARMUP=30 ITERS=50 PREHEAT=30s WARMUP_PAIRS=2
[orchestrate] R36 3-gate: G1>=2200 G2a>=2200 G2b<=0.01 MAX_RETRIES=3
Sat Apr 18 21:36:36 UTC 2026
[bench attempt 1/3]
[bench attempt=1 rc=0]
[sclk-pre-preheat] GPU[7]		: sclk clock level: 1: (1800Mhz)
[preheat 30.0s] done 7164 iters
[sclk-post-preheat] GPU[7]		: sclk clock level: 1: (2312Mhz)
CORRECTNESS_DECODE snr_db=49.65
CORRECTNESS_BASELINE snr_db=49.65
[sclk-pre-bench] GPU[7]		: sclk clock level: 1: (2385Mhz)
WARMUP 0 DECODE=0.3330 BASELINE=0.1209
WARMUP 1 DECODE=0.3338 BASELINE=0.1210
PAIR 0 D1=0.3332 B1=0.1210 D2=0.3338 B2=0.1210
PAIR 1 D1=0.3338 B1=0.1210 D2=0.3336 B2=0.1210
PAIR 2 D1=0.3334 B1=0.1210 D2=0.3336 B2=0.1210
PAIR 3 D1=0.3338 B1=0.1210 D2=0.3334 B2=0.1210
PAIR 4 D1=0.3338 B1=0.1210 D2=0.3338 B2=0.1210
[sclk-post-bench] GPU[7]		: sclk clock level: 1: (1662Mhz)
BASELINE median=0.1210 mean=0.1210 stdev=0.0000 n=10
DECODE   median=0.3337 mean=0.3336 stdev=0.0002 n=10
Welch t (DECODE vs BASELINE) = 3046.519  (positive = DECODE faster)
DELTA_MEDIAN_PCT DECODE_vs_BASELINE = +175.7867%
DECODE_TFLOPS_LIST 0.3332,0.3338,0.3338,0.3336,0.3334,0.3336,0.3338,0.3334,0.3338,0.3338
BASELINE_TFLOPS_LIST 0.1210,0.1210,0.1210,0.1210,0.1210,0.1210,0.1210,0.1210,0.1210,0.1210
--- stderr (head) ---
W20260418 21:36:38.690680 140500352651264 agent.cpp:461] Attempt to enable hip visiblity for agent-2 which is not visible to HSA (ROCR)
[mxfp8_dispatch] crr_pq: shape=(M=0,N=0,K=0) -> V1-PQ-DEFAULT
[mxfp8_dispatch] crr_pq_v1: shape=(M=4,N=4096,K=4096) -> SMALLM-DECODE-M2-16-CRR (R44A)
[mxfp8_dispatch] crr_pq: shape=(M=0,N=0,K=0) -> V1-PQ-DEFAULT
[orchestrate] attempt=1 rc=0 G1=2312MHz G2a=1662MHz G2b DEC=0.000599 BASE=0.000000 (gate=0.01 pass=1)
[orchestrate] PASS R36 3-gate at attempt=1; using as final.
Sat Apr 18 21:37:37 UTC 2026
