===== R45A label=4x4kx4k_rrr gpu=7 SHAPE=4x4kx4k LAYOUT=rrr M=4 N=4096 K=4096 =====
[orchestrate] N_PAIRS=5 WARMUP=30 ITERS=50 PREHEAT=30s WARMUP_PAIRS=2
[orchestrate] R36 3-gate: G1>=2200 G2a>=2200 G2b<=0.01 MAX_RETRIES=3
Sat Apr 18 21:34:28 UTC 2026
[bench attempt 1/3]
[bench attempt=1 rc=0]
[sclk-pre-preheat] GPU[7]		: sclk clock level: 1: (158Mhz)
[preheat 30.0s] done 7164 iters
[sclk-post-preheat] GPU[7]		: sclk clock level: 1: (1796Mhz)
CORRECTNESS_DECODE snr_db=49.50
CORRECTNESS_BASELINE snr_db=49.50
[sclk-pre-bench] GPU[7]		: sclk clock level: 1: (2384Mhz)
WARMUP 0 DECODE=0.3277 BASELINE=0.1230
WARMUP 1 DECODE=0.3124 BASELINE=0.1211
PAIR 0 D1=0.3284 B1=0.1228 D2=0.3282 B2=0.1230
PAIR 1 D1=0.3281 B1=0.1228 D2=0.3281 B2=0.1229
PAIR 2 D1=0.3285 B1=0.1229 D2=0.3282 B2=0.1229
PAIR 3 D1=0.3284 B1=0.1229 D2=0.3283 B2=0.1229
PAIR 4 D1=0.3285 B1=0.1230 D2=0.3284 B2=0.1229
[sclk-post-bench] GPU[7]		: sclk clock level: 1: (2406Mhz)
BASELINE median=0.1229 mean=0.1229 stdev=0.0000 n=10
DECODE   median=0.3283 mean=0.3283 stdev=0.0002 n=10
Welch t (DECODE vs BASELINE) = 3961.557  (positive = DECODE faster)
DELTA_MEDIAN_PCT DECODE_vs_BASELINE = +167.1563%
DECODE_TFLOPS_LIST 0.3284,0.3282,0.3281,0.3281,0.3285,0.3282,0.3284,0.3283,0.3285,0.3284
BASELINE_TFLOPS_LIST 0.1228,0.1230,0.1228,0.1229,0.1229,0.1229,0.1229,0.1229,0.1230,0.1229
--- stderr (head) ---
W20260418 21:34:30.644377 140370824966144 agent.cpp:461] Attempt to enable hip visiblity for agent-2 which is not visible to HSA (ROCR)
[mxfp8_dispatch] rrr_pq: shape=(M=0,N=0,K=0) -> V1-PQ-DEFAULT
[mxfp8_dispatch] rrr_pq_v1: shape=(M=4,N=4096,K=4096) -> SMALLM-DECODE-M2-16-RRR (R44A)
[mxfp8_dispatch] rrr_pq: shape=(M=0,N=0,K=0) -> V1-PQ-DEFAULT
[orchestrate] attempt=1 rc=0 G1=1796MHz G2a=2406MHz G2b DEC=0.000609 BASE=0.000000 (gate=0.01 pass=1)
[orchestrate] attempt=1 FAILED gates; sleep 5...
[bench attempt 2/3]
[bench attempt=2 rc=0]
[sclk-pre-preheat] GPU[7]		: sclk clock level: 1: (1810Mhz)
[preheat 30.0s] done 7164 iters
[sclk-post-preheat] GPU[7]		: sclk clock level: 1: (2338Mhz)
CORRECTNESS_DECODE snr_db=49.50
CORRECTNESS_BASELINE snr_db=49.50
[sclk-pre-bench] GPU[7]		: sclk clock level: 1: (2372Mhz)
WARMUP 0 DECODE=0.3278 BASELINE=0.1230
WARMUP 1 DECODE=0.3281 BASELINE=0.1228
PAIR 0 D1=0.3281 B1=0.1228 D2=0.3280 B2=0.1229
PAIR 1 D1=0.3279 B1=0.1228 D2=0.3280 B2=0.1229
PAIR 2 D1=0.3279 B1=0.1229 D2=0.3277 B2=0.1229
PAIR 3 D1=0.3281 B1=0.1229 D2=0.3276 B2=0.1229
PAIR 4 D1=0.3282 B1=0.1229 D2=0.3281 B2=0.1229
[sclk-post-bench] GPU[7]		: sclk clock level: 1: (2409Mhz)
BASELINE median=0.1229 mean=0.1229 stdev=0.0000 n=10
DECODE   median=0.3280 mean=0.3280 stdev=0.0002 n=10
Welch t (DECODE vs BASELINE) = 3643.436  (positive = DECODE faster)
DELTA_MEDIAN_PCT DECODE_vs_BASELINE = +166.8362%
DECODE_TFLOPS_LIST 0.3281,0.3280,0.3279,0.3280,0.3279,0.3277,0.3281,0.3276,0.3282,0.3281
BASELINE_TFLOPS_LIST 0.1228,0.1229,0.1228,0.1229,0.1229,0.1229,0.1229,0.1229,0.1229,0.1229
--- stderr (head) ---
W20260418 21:35:37.548132 140519420383232 agent.cpp:461] Attempt to enable hip visiblity for agent-2 which is not visible to HSA (ROCR)
[mxfp8_dispatch] rrr_pq: shape=(M=0,N=0,K=0) -> V1-PQ-DEFAULT
[mxfp8_dispatch] rrr_pq_v1: shape=(M=4,N=4096,K=4096) -> SMALLM-DECODE-M2-16-RRR (R44A)
[mxfp8_dispatch] rrr_pq: shape=(M=0,N=0,K=0) -> V1-PQ-DEFAULT
[orchestrate] attempt=2 rc=0 G1=2338MHz G2a=2409MHz G2b DEC=0.000610 BASE=0.000000 (gate=0.01 pass=1)
[orchestrate] PASS R36 3-gate at attempt=2; using as final.
Sat Apr 18 21:36:36 UTC 2026
