===== R45A label=4x4kx4k_rcr gpu=2 SHAPE=4x4kx4k LAYOUT=rcr M=4 N=4096 K=4096 =====
[orchestrate] N_PAIRS=5 WARMUP=30 ITERS=50 PREHEAT=30s WARMUP_PAIRS=2
[orchestrate] R36 3-gate: G1>=2200 G2a>=2200 G2b<=0.01 MAX_RETRIES=3
Sat Apr 18 21:32:20 UTC 2026
[bench attempt 1/3]
[bench attempt=1 rc=0]
[sclk-pre-preheat] GPU[2]		: sclk clock level: 1: (160Mhz)
[preheat 30.0s] done 8188 iters
[sclk-post-preheat] GPU[2]		: sclk clock level: 1: (1740Mhz)
CORRECTNESS_DECODE snr_db=49.59
CORRECTNESS_BASELINE snr_db=49.59
[sclk-pre-bench] GPU[2]		: sclk clock level: 1: (1975Mhz)
WARMUP 0 DECODE=0.3341 BASELINE=0.2430
WARMUP 1 DECODE=0.3481 BASELINE=0.2770
PAIR 0 D1=0.3488 B1=0.2775 D2=0.3486 B2=0.2782
PAIR 1 D1=0.3489 B1=0.2773 D2=0.3489 B2=0.2771
PAIR 2 D1=0.3486 B1=0.2592 D2=0.3491 B2=0.2681
PAIR 3 D1=0.3490 B1=0.2779 D2=0.3486 B2=0.2768
PAIR 4 D1=0.3488 B1=0.2773 D2=0.3492 B2=0.2774
[sclk-post-bench] GPU[2]		: sclk clock level: 1: (2398Mhz)
BASELINE median=0.2773 mean=0.2747 stdev=0.0062 n=10
DECODE   median=0.3489 mean=0.3488 stdev=0.0002 n=10
Welch t (DECODE vs BASELINE) = 37.907  (positive = DECODE faster)
DELTA_MEDIAN_PCT DECODE_vs_BASELINE = +25.8189%
DECODE_TFLOPS_LIST 0.3488,0.3486,0.3489,0.3489,0.3486,0.3491,0.3490,0.3486,0.3488,0.3492
BASELINE_TFLOPS_LIST 0.2775,0.2782,0.2773,0.2771,0.2592,0.2681,0.2779,0.2768,0.2773,0.2774
--- stderr (head) ---
W20260418 21:32:23.021997 139777848344576 agent.cpp:461] Attempt to enable hip visiblity for agent-2 which is not visible to HSA (ROCR)
[mxfp8_dispatch] rcr_pq: shape=(M=0,N=0,K=0) -> V1-PQ-DEFAULT
[mxfp8_dispatch] rcr_pq_v1: shape=(M=4,N=4096,K=4096) -> SMALLM-DECODE-M2-16-RCR (R44A)
[mxfp8_dispatch] rcr_pq: shape=(M=0,N=0,K=0) -> V1-PQ-DEFAULT
[orchestrate] attempt=1 rc=0 G1=1740MHz G2a=2398MHz G2b DEC=0.000573 BASE=0.022358 (gate=0.01 pass=0)
[orchestrate] attempt=1 FAILED gates; sleep 5...
[bench attempt 2/3]
[bench attempt=2 rc=0]
[sclk-pre-preheat] GPU[2]		: sclk clock level: 1: (1817Mhz)
[preheat 30.0s] done 7164 iters
[sclk-post-preheat] GPU[2]		: sclk clock level: 1: (2276Mhz)
CORRECTNESS_DECODE snr_db=49.59
CORRECTNESS_BASELINE snr_db=49.59
[sclk-pre-bench] GPU[2]		: sclk clock level: 1: (2353Mhz)
WARMUP 0 DECODE=0.3484 BASELINE=0.2768
WARMUP 1 DECODE=0.3485 BASELINE=0.2767
PAIR 0 D1=0.3485 B1=0.2770 D2=0.3486 B2=0.2773
PAIR 1 D1=0.3485 B1=0.2776 D2=0.3489 B2=0.2779
PAIR 2 D1=0.3488 B1=0.2776 D2=0.3497 B2=0.2782
PAIR 3 D1=0.3492 B1=0.2779 D2=0.3495 B2=0.2780
PAIR 4 D1=0.3491 B1=0.2776 D2=0.3490 B2=0.2780
[sclk-post-bench] GPU[2]		: sclk clock level: 1: (2396Mhz)
BASELINE median=0.2778 mean=0.2777 stdev=0.0004 n=10
DECODE   median=0.3489 mean=0.3490 stdev=0.0004 n=10
Welch t (DECODE vs BASELINE) = 410.424  (positive = DECODE faster)
DELTA_MEDIAN_PCT DECODE_vs_BASELINE = +25.6185%
DECODE_TFLOPS_LIST 0.3485,0.3486,0.3485,0.3489,0.3488,0.3497,0.3492,0.3495,0.3491,0.3490
BASELINE_TFLOPS_LIST 0.2770,0.2773,0.2776,0.2779,0.2776,0.2782,0.2779,0.2780,0.2776,0.2780
--- stderr (head) ---
W20260418 21:33:36.334067 140281692946432 agent.cpp:461] Attempt to enable hip visiblity for agent-2 which is not visible to HSA (ROCR)
[mxfp8_dispatch] rcr_pq: shape=(M=0,N=0,K=0) -> V1-PQ-DEFAULT
[mxfp8_dispatch] rcr_pq_v1: shape=(M=4,N=4096,K=4096) -> SMALLM-DECODE-M2-16-RCR (R44A)
[mxfp8_dispatch] rcr_pq: shape=(M=0,N=0,K=0) -> V1-PQ-DEFAULT
[orchestrate] attempt=2 rc=0 G1=2276MHz G2a=2396MHz G2b DEC=0.001146 BASE=0.001440 (gate=0.01 pass=1)
[orchestrate] PASS R36 3-gate at attempt=2; using as final.
Sat Apr 18 21:34:33 UTC 2026
