===== R45A label=4x4kx4k_rrr gpu=6 SHAPE=4x4kx4k LAYOUT=rrr M=4 N=4096 K=4096 =====
[orchestrate] N_PAIRS=5 WARMUP=30 ITERS=50 PREHEAT=30s WARMUP_PAIRS=2
[orchestrate] R36 3-gate: G1>=2200 G2a>=2200 G2b<=0.01 MAX_RETRIES=3
Sat Apr 18 21:35:35 UTC 2026
[bench attempt 1/3]
[bench attempt=1 rc=0]
[sclk-pre-preheat] GPU[6]		: sclk clock level: 1: (1836Mhz)
[preheat 30.0s] done 7164 iters
[sclk-post-preheat] GPU[6]		: sclk clock level: 1: (2222Mhz)
CORRECTNESS_DECODE snr_db=49.50
CORRECTNESS_BASELINE snr_db=49.50
[sclk-pre-bench] GPU[6]		: sclk clock level: 1: (2201Mhz)
WARMUP 0 DECODE=0.3268 BASELINE=0.1229
WARMUP 1 DECODE=0.3144 BASELINE=0.1210
PAIR 0 D1=0.3266 B1=0.1227 D2=0.3263 B2=0.1228
PAIR 1 D1=0.3267 B1=0.1228 D2=0.3270 B2=0.1228
PAIR 2 D1=0.3268 B1=0.1228 D2=0.3266 B2=0.1228
PAIR 3 D1=0.3270 B1=0.1229 D2=0.3267 B2=0.1228
PAIR 4 D1=0.3270 B1=0.1228 D2=0.3271 B2=0.1228
[sclk-post-bench] GPU[6]		: sclk clock level: 1: (2397Mhz)
BASELINE median=0.1228 mean=0.1228 stdev=0.0000 n=10
DECODE   median=0.3267 mean=0.3268 stdev=0.0002 n=10
Welch t (DECODE vs BASELINE) = 2743.639  (positive = DECODE faster)
DELTA_MEDIAN_PCT DECODE_vs_BASELINE = +166.0219%
DECODE_TFLOPS_LIST 0.3266,0.3263,0.3267,0.3270,0.3268,0.3266,0.3270,0.3267,0.3270,0.3271
BASELINE_TFLOPS_LIST 0.1227,0.1228,0.1228,0.1228,0.1228,0.1228,0.1229,0.1228,0.1228,0.1228
--- stderr (head) ---
W20260418 21:35:38.158030 140636658626560 agent.cpp:461] Attempt to enable hip visiblity for agent-2 which is not visible to HSA (ROCR)
[mxfp8_dispatch] rrr_pq: shape=(M=0,N=0,K=0) -> V1-PQ-DEFAULT
[mxfp8_dispatch] rrr_pq_v1: shape=(M=4,N=4096,K=4096) -> SMALLM-DECODE-M2-16-RRR (R44A)
[mxfp8_dispatch] rrr_pq: shape=(M=0,N=0,K=0) -> V1-PQ-DEFAULT
[orchestrate] attempt=1 rc=0 G1=2222MHz G2a=2397MHz G2b DEC=0.000612 BASE=0.000000 (gate=0.01 pass=1)
[orchestrate] PASS R36 3-gate at attempt=1; using as final.
Sat Apr 18 21:36:37 UTC 2026
