===== R45A label=4x4kx4k_rcr gpu=7 SHAPE=4x4kx4k LAYOUT=rcr M=4 N=4096 K=4096 =====
[orchestrate] N_PAIRS=5 WARMUP=30 ITERS=50 PREHEAT=30s WARMUP_PAIRS=2
[orchestrate] R36 3-gate: G1>=2200 G2a>=2200 G2b<=0.01 MAX_RETRIES=3
Sat Apr 18 21:32:20 UTC 2026
[bench attempt 1/3]
[bench attempt=1 rc=0]
[sclk-pre-preheat] GPU[7]		: sclk clock level: S: (102Mhz)
[preheat 30.0s] done 7164 iters
[sclk-post-preheat] GPU[7]		: sclk clock level: 1: (1789Mhz)
CORRECTNESS_DECODE snr_db=49.59
CORRECTNESS_BASELINE snr_db=49.59
[sclk-pre-bench] GPU[7]		: sclk clock level: 1: (1811Mhz)
WARMUP 0 DECODE=0.2788 BASELINE=0.1272
WARMUP 1 DECODE=0.2926 BASELINE=0.1259
PAIR 0 D1=0.2828 B1=0.1395 D2=0.2920 B2=0.1337
PAIR 1 D1=0.2767 B1=0.1353 D2=0.2812 B2=0.1592
PAIR 2 D1=0.3532 B1=0.2777 D2=0.3373 B2=0.2438
PAIR 3 D1=0.3517 B1=0.2786 D2=0.3522 B2=0.2787
PAIR 4 D1=0.3523 B1=0.2782 D2=0.3522 B2=0.2785
[sclk-post-bench] GPU[7]		: sclk clock level: 1: (2389Mhz)
BASELINE median=0.2607 mean=0.2203 stdev=0.0686 n=10
DECODE   median=0.3445 mean=0.3232 stdev=0.0349 n=10
Welch t (DECODE vs BASELINE) = 4.225  (positive = DECODE faster)
DELTA_MEDIAN_PCT DECODE_vs_BASELINE = +32.1278%
DECODE_TFLOPS_LIST 0.2828,0.2920,0.2767,0.2812,0.3532,0.3373,0.3517,0.3522,0.3523,0.3522
BASELINE_TFLOPS_LIST 0.1395,0.1337,0.1353,0.1592,0.2777,0.2438,0.2786,0.2787,0.2782,0.2785
--- stderr (head) ---
W20260418 21:32:23.083560 140006011817984 agent.cpp:461] Attempt to enable hip visiblity for agent-2 which is not visible to HSA (ROCR)
[mxfp8_dispatch] rcr_pq: shape=(M=0,N=0,K=0) -> V1-PQ-DEFAULT
[mxfp8_dispatch] rcr_pq_v1: shape=(M=4,N=4096,K=4096) -> SMALLM-DECODE-M2-16-RCR (R44A)
[mxfp8_dispatch] rcr_pq: shape=(M=0,N=0,K=0) -> V1-PQ-DEFAULT
[orchestrate] attempt=1 rc=0 G1=1789MHz G2a=2389MHz G2b DEC=0.101306 BASE=0.263138 (gate=0.01 pass=0)
[orchestrate] attempt=1 FAILED gates; sleep 5...
[bench attempt 2/3]
[bench attempt=2 rc=0]
[sclk-pre-preheat] GPU[7]		: sclk clock level: 1: (1812Mhz)
[preheat 30.0s] done 7164 iters
[sclk-post-preheat] GPU[7]		: sclk clock level: 1: (2347Mhz)
CORRECTNESS_DECODE snr_db=49.59
CORRECTNESS_BASELINE snr_db=49.59
[sclk-pre-bench] GPU[7]		: sclk clock level: 1: (2363Mhz)
WARMUP 0 DECODE=0.3484 BASELINE=0.2788
WARMUP 1 DECODE=0.3492 BASELINE=0.2787
PAIR 0 D1=0.3494 B1=0.2791 D2=0.3490 B2=0.2787
PAIR 1 D1=0.3493 B1=0.2622 D2=0.3497 B2=0.2785
PAIR 2 D1=0.3492 B1=0.2787 D2=0.3487 B2=0.2786
PAIR 3 D1=0.3491 B1=0.2788 D2=0.3497 B2=0.2788
PAIR 4 D1=0.3491 B1=0.2788 D2=0.3494 B2=0.2790
[sclk-post-bench] GPU[7]		: sclk clock level: 1: (2397Mhz)
BASELINE median=0.2787 mean=0.2771 stdev=0.0052 n=10
DECODE   median=0.3493 mean=0.3493 stdev=0.0003 n=10
Welch t (DECODE vs BASELINE) = 43.480  (positive = DECODE faster)
DELTA_MEDIAN_PCT DECODE_vs_BASELINE = +25.3038%
DECODE_TFLOPS_LIST 0.3494,0.3490,0.3493,0.3497,0.3492,0.3487,0.3491,0.3497,0.3491,0.3494
BASELINE_TFLOPS_LIST 0.2791,0.2787,0.2622,0.2785,0.2787,0.2786,0.2788,0.2788,0.2788,0.2790
--- stderr (head) ---
W20260418 21:33:29.381775 140221513965568 agent.cpp:461] Attempt to enable hip visiblity for agent-2 which is not visible to HSA (ROCR)
[mxfp8_dispatch] rcr_pq: shape=(M=0,N=0,K=0) -> V1-PQ-DEFAULT
[mxfp8_dispatch] rcr_pq_v1: shape=(M=4,N=4096,K=4096) -> SMALLM-DECODE-M2-16-RCR (R44A)
[mxfp8_dispatch] rcr_pq: shape=(M=0,N=0,K=0) -> V1-PQ-DEFAULT
[orchestrate] attempt=2 rc=0 G1=2347MHz G2a=2397MHz G2b DEC=0.000859 BASE=0.018658 (gate=0.01 pass=0)
[orchestrate] PASS R36 3-gate at attempt=2; using as final.
Sat Apr 18 21:34:27 UTC 2026
