===== R45A label=4x4kx4k_crr gpu=6 SHAPE=4x4kx4k LAYOUT=crr M=4 N=4096 K=4096 =====
[orchestrate] N_PAIRS=5 WARMUP=30 ITERS=50 PREHEAT=30s WARMUP_PAIRS=2
[orchestrate] R36 3-gate: G1>=2200 G2a>=2200 G2b<=0.01 MAX_RETRIES=3
Sat Apr 18 21:36:37 UTC 2026
[bench attempt 1/3]
[bench attempt=1 rc=0]
[sclk-pre-preheat] GPU[6]		: sclk clock level: 1: (179Mhz)
[preheat 30.0s] done 7164 iters
[sclk-post-preheat] GPU[6]		: sclk clock level: 1: (1802Mhz)
CORRECTNESS_DECODE snr_db=49.65
CORRECTNESS_BASELINE snr_db=49.65
[sclk-pre-bench] GPU[6]		: sclk clock level: 1: (2221Mhz)
WARMUP 0 DECODE=0.3166 BASELINE=0.1189
WARMUP 1 DECODE=0.3304 BASELINE=0.1207
PAIR 0 D1=0.3306 B1=0.1206 D2=0.3302 B2=0.1208
PAIR 1 D1=0.3305 B1=0.1208 D2=0.3304 B2=0.1208
PAIR 2 D1=0.3304 B1=0.1208 D2=0.3306 B2=0.1208
PAIR 3 D1=0.3304 B1=0.1208 D2=0.3303 B2=0.1207
PAIR 4 D1=0.3305 B1=0.1208 D2=0.3304 B2=0.1208
[sclk-post-bench] GPU[6]		: sclk clock level: 1: (2397Mhz)
BASELINE median=0.1208 mean=0.1208 stdev=0.0000 n=10
DECODE   median=0.3304 mean=0.3304 stdev=0.0001 n=10
Welch t (DECODE vs BASELINE) = 5261.953  (positive = DECODE faster)
DELTA_MEDIAN_PCT DECODE_vs_BASELINE = +173.6164%
DECODE_TFLOPS_LIST 0.3306,0.3302,0.3305,0.3304,0.3304,0.3306,0.3304,0.3303,0.3305,0.3304
BASELINE_TFLOPS_LIST 0.1206,0.1208,0.1208,0.1208,0.1208,0.1208,0.1208,0.1207,0.1208,0.1208
--- stderr (head) ---
W20260418 21:36:40.529005 140458043383808 agent.cpp:461] Attempt to enable hip visiblity for agent-2 which is not visible to HSA (ROCR)
[mxfp8_dispatch] crr_pq: shape=(M=0,N=0,K=0) -> V1-PQ-DEFAULT
[mxfp8_dispatch] crr_pq_v1: shape=(M=4,N=4096,K=4096) -> SMALLM-DECODE-M2-16-CRR (R44A)
[mxfp8_dispatch] crr_pq: shape=(M=0,N=0,K=0) -> V1-PQ-DEFAULT
[orchestrate] attempt=1 rc=0 G1=1802MHz G2a=2397MHz G2b DEC=0.000303 BASE=0.000000 (gate=0.01 pass=1)
[orchestrate] attempt=1 FAILED gates; sleep 5...
[bench attempt 2/3]
[bench attempt=2 rc=0]
[sclk-pre-preheat] GPU[6]		: sclk clock level: 1: (1831Mhz)
[preheat 30.0s] done 7164 iters
[sclk-post-preheat] GPU[6]		: sclk clock level: 1: (2077Mhz)
CORRECTNESS_DECODE snr_db=49.65
CORRECTNESS_BASELINE snr_db=49.65
[sclk-pre-bench] GPU[6]		: sclk clock level: 1: (2336Mhz)
WARMUP 0 DECODE=0.3326 BASELINE=0.1207
WARMUP 1 DECODE=0.3332 BASELINE=0.1207
PAIR 0 D1=0.3334 B1=0.1208 D2=0.3329 B2=0.1207
PAIR 1 D1=0.3334 B1=0.1207 D2=0.3330 B2=0.1208
PAIR 2 D1=0.3329 B1=0.1208 D2=0.3331 B2=0.1207
PAIR 3 D1=0.3333 B1=0.1208 D2=0.3332 B2=0.1207
PAIR 4 D1=0.3332 B1=0.1207 D2=0.3330 B2=0.1207
[sclk-post-bench] GPU[6]		: sclk clock level: 1: (2397Mhz)
BASELINE median=0.1207 mean=0.1207 stdev=0.0000 n=10
DECODE   median=0.3332 mean=0.3331 stdev=0.0002 n=10
Welch t (DECODE vs BASELINE) = 3323.065  (positive = DECODE faster)
DELTA_MEDIAN_PCT DECODE_vs_BASELINE = +175.9645%
DECODE_TFLOPS_LIST 0.3334,0.3329,0.3334,0.3330,0.3329,0.3331,0.3333,0.3332,0.3332,0.3330
BASELINE_TFLOPS_LIST 0.1208,0.1207,0.1207,0.1208,0.1208,0.1207,0.1208,0.1207,0.1207,0.1207
--- stderr (head) ---
W20260418 21:37:47.461818 140232614920192 agent.cpp:461] Attempt to enable hip visiblity for agent-2 which is not visible to HSA (ROCR)
[mxfp8_dispatch] crr_pq: shape=(M=0,N=0,K=0) -> V1-PQ-DEFAULT
[mxfp8_dispatch] crr_pq_v1: shape=(M=4,N=4096,K=4096) -> SMALLM-DECODE-M2-16-CRR (R44A)
[mxfp8_dispatch] crr_pq: shape=(M=0,N=0,K=0) -> V1-PQ-DEFAULT
[orchestrate] attempt=2 rc=0 G1=2077MHz G2a=2397MHz G2b DEC=0.000600 BASE=0.000000 (gate=0.01 pass=1)
[orchestrate] attempt=2 FAILED gates; sleep 5...
[bench attempt 3/3]
[bench attempt=3 rc=0]
[sclk-pre-preheat] GPU[6]		: sclk clock level: 1: (1840Mhz)
[preheat 30.0s] done 7164 iters
[sclk-post-preheat] GPU[6]		: sclk clock level: 1: (1659Mhz)
CORRECTNESS_DECODE snr_db=49.65
CORRECTNESS_BASELINE snr_db=49.65
[sclk-pre-bench] GPU[6]		: sclk clock level: 1: (1727Mhz)
WARMUP 0 DECODE=0.2708 BASELINE=0.0798
WARMUP 1 DECODE=0.2727 BASELINE=0.0769
PAIR 0 D1=0.2760 B1=0.0758 D2=0.2758 B2=0.0782
PAIR 1 D1=0.2613 B1=0.0766 D2=0.2768 B2=0.0795
PAIR 2 D1=0.2701 B1=0.0747 D2=0.2706 B2=0.0738
PAIR 3 D1=0.2699 B1=0.0722 D2=0.2757 B2=0.0732
PAIR 4 D1=0.2715 B1=0.0784 D2=0.2764 B2=0.0767
[sclk-post-bench] GPU[6]		: sclk clock level: 1: (1840Mhz)
BASELINE median=0.0762 mean=0.0759 stdev=0.0024 n=10
DECODE   median=0.2736 mean=0.2724 stdev=0.0048 n=10
Welch t (DECODE vs BASELINE) = 114.989  (positive = DECODE faster)
DELTA_MEDIAN_PCT DECODE_vs_BASELINE = +259.2210%
DECODE_TFLOPS_LIST 0.2760,0.2758,0.2613,0.2768,0.2701,0.2706,0.2699,0.2757,0.2715,0.2764
BASELINE_TFLOPS_LIST 0.0758,0.0782,0.0766,0.0795,0.0747,0.0738,0.0722,0.0732,0.0784,0.0767
--- stderr (head) ---
W20260418 21:38:54.338851 139870635352064 agent.cpp:461] Attempt to enable hip visiblity for agent-2 which is not visible to HSA (ROCR)
[mxfp8_dispatch] crr_pq: shape=(M=0,N=0,K=0) -> V1-PQ-DEFAULT
[mxfp8_dispatch] crr_pq_v1: shape=(M=4,N=4096,K=4096) -> SMALLM-DECODE-M2-16-CRR (R44A)
[mxfp8_dispatch] crr_pq: shape=(M=0,N=0,K=0) -> V1-PQ-DEFAULT
[orchestrate] attempt=3 rc=0 G1=1659MHz G2a=1840MHz G2b DEC=0.017544 BASE=0.031496 (gate=0.01 pass=0)
[orchestrate] attempt=3 FAILED gates; sleep 5...
[orchestrate] FAIL: 3-gate retry exhausted MAX_RETRIES=3
