===== R45A label=4x4kx4k_rcr gpu=3 SHAPE=4x4kx4k LAYOUT=rcr M=4 N=4096 K=4096 =====
[orchestrate] N_PAIRS=5 WARMUP=30 ITERS=50 PREHEAT=30s WARMUP_PAIRS=2
[orchestrate] R36 3-gate: G1>=2200 G2a>=2200 G2b<=0.01 MAX_RETRIES=3
Sat Apr 18 21:32:20 UTC 2026
[bench attempt 1/3]
[bench attempt=1 rc=0]
[sclk-pre-preheat] GPU[3]		: sclk clock level: 1: (231Mhz)
[preheat 30.0s] done 8188 iters
[sclk-post-preheat] GPU[3]		: sclk clock level: 1: (1742Mhz)
CORRECTNESS_DECODE snr_db=49.59
CORRECTNESS_BASELINE snr_db=49.59
[sclk-pre-bench] GPU[3]		: sclk clock level: 1: (1787Mhz)
WARMUP 0 DECODE=0.3496 BASELINE=0.2801
WARMUP 1 DECODE=0.3415 BASELINE=0.2446
PAIR 0 D1=0.3525 B1=0.2801 D2=0.3526 B2=0.2801
PAIR 1 D1=0.3528 B1=0.2804 D2=0.3527 B2=0.2804
PAIR 2 D1=0.3091 B1=0.2710 D2=0.3366 B2=0.2806
PAIR 3 D1=0.3523 B1=0.2808 D2=0.3521 B2=0.2802
PAIR 4 D1=0.3525 B1=0.2804 D2=0.3523 B2=0.2807
[sclk-post-bench] GPU[3]		: sclk clock level: 1: (2412Mhz)
BASELINE median=0.2804 mean=0.2795 stdev=0.0030 n=10
DECODE   median=0.3524 mean=0.3465 stdev=0.0141 n=10
Welch t (DECODE vs BASELINE) = 14.759  (positive = DECODE faster)
DELTA_MEDIAN_PCT DECODE_vs_BASELINE = +25.6953%
DECODE_TFLOPS_LIST 0.3525,0.3526,0.3528,0.3527,0.3091,0.3366,0.3523,0.3521,0.3525,0.3523
BASELINE_TFLOPS_LIST 0.2801,0.2801,0.2804,0.2804,0.2710,0.2806,0.2808,0.2802,0.2804,0.2807
--- stderr (head) ---
W20260418 21:32:23.125668 139781257216000 agent.cpp:461] Attempt to enable hip visiblity for agent-2 which is not visible to HSA (ROCR)
[mxfp8_dispatch] rcr_pq: shape=(M=0,N=0,K=0) -> V1-PQ-DEFAULT
[mxfp8_dispatch] rcr_pq_v1: shape=(M=4,N=4096,K=4096) -> SMALLM-DECODE-M2-16-RCR (R44A)
[mxfp8_dispatch] rcr_pq: shape=(M=0,N=0,K=0) -> V1-PQ-DEFAULT
[orchestrate] attempt=1 rc=0 G1=1742MHz G2a=2412MHz G2b DEC=0.040011 BASE=0.010699 (gate=0.01 pass=0)
[orchestrate] attempt=1 FAILED gates; sleep 5...
[bench attempt 2/3]
[bench attempt=2 rc=0]
[sclk-pre-preheat] GPU[3]		: sclk clock level: 1: (1787Mhz)
[preheat 30.0s] done 7164 iters
[sclk-post-preheat] GPU[3]		: sclk clock level: 1: (2135Mhz)
CORRECTNESS_DECODE snr_db=49.59
CORRECTNESS_BASELINE snr_db=49.59
[sclk-pre-bench] GPU[3]		: sclk clock level: 1: (2368Mhz)
WARMUP 0 DECODE=0.3506 BASELINE=0.2774
WARMUP 1 DECODE=0.3507 BASELINE=0.2780
PAIR 0 D1=0.3505 B1=0.2775 D2=0.3506 B2=0.2776
PAIR 1 D1=0.3507 B1=0.2772 D2=0.3505 B2=0.2774
PAIR 2 D1=0.3503 B1=0.2780 D2=0.3509 B2=0.2776
PAIR 3 D1=0.3494 B1=0.2780 D2=0.3508 B2=0.2779
PAIR 4 D1=0.3503 B1=0.2775 D2=0.3507 B2=0.2780
[sclk-post-bench] GPU[3]		: sclk clock level: 1: (2408Mhz)
BASELINE median=0.2776 mean=0.2777 stdev=0.0003 n=10
DECODE   median=0.3505 mean=0.3505 stdev=0.0004 n=10
Welch t (DECODE vs BASELINE) = 439.646  (positive = DECODE faster)
DELTA_MEDIAN_PCT DECODE_vs_BASELINE = +26.2673%
DECODE_TFLOPS_LIST 0.3505,0.3506,0.3507,0.3505,0.3503,0.3509,0.3494,0.3508,0.3503,0.3507
BASELINE_TFLOPS_LIST 0.2775,0.2776,0.2772,0.2774,0.2780,0.2776,0.2780,0.2779,0.2775,0.2780
--- stderr (head) ---
W20260418 21:33:36.482662 140475974799360 agent.cpp:461] Attempt to enable hip visiblity for agent-2 which is not visible to HSA (ROCR)
[mxfp8_dispatch] rcr_pq: shape=(M=0,N=0,K=0) -> V1-PQ-DEFAULT
[mxfp8_dispatch] rcr_pq_v1: shape=(M=4,N=4096,K=4096) -> SMALLM-DECODE-M2-16-RCR (R44A)
[mxfp8_dispatch] rcr_pq: shape=(M=0,N=0,K=0) -> V1-PQ-DEFAULT
[orchestrate] attempt=2 rc=0 G1=2135MHz G2a=2408MHz G2b DEC=0.001141 BASE=0.001081 (gate=0.01 pass=1)
[orchestrate] attempt=2 FAILED gates; sleep 5...
[bench attempt 3/3]
[bench attempt=3 rc=0]
[sclk-pre-preheat] GPU[3]		: sclk clock level: 1: (1784Mhz)
[preheat 30.0s] done 7164 iters
[sclk-post-preheat] GPU[3]		: sclk clock level: 1: (2206Mhz)
CORRECTNESS_DECODE snr_db=49.59
CORRECTNESS_BASELINE snr_db=49.59
[sclk-pre-bench] GPU[3]		: sclk clock level: 1: (2015Mhz)
WARMUP 0 DECODE=0.3505 BASELINE=0.2775
WARMUP 1 DECODE=0.3499 BASELINE=0.2779
PAIR 0 D1=0.3508 B1=0.2776 D2=0.3502 B2=0.2778
PAIR 1 D1=0.3506 B1=0.2777 D2=0.3507 B2=0.2777
PAIR 2 D1=0.3505 B1=0.2774 D2=0.3508 B2=0.2773
PAIR 3 D1=0.3509 B1=0.2780 D2=0.3509 B2=0.2779
PAIR 4 D1=0.3506 B1=0.2774 D2=0.3508 B2=0.2779
[sclk-post-bench] GPU[3]		: sclk clock level: 1: (2405Mhz)
BASELINE median=0.2777 mean=0.2777 stdev=0.0002 n=10
DECODE   median=0.3507 mean=0.3507 stdev=0.0002 n=10
Welch t (DECODE vs BASELINE) = 709.618  (positive = DECODE faster)
DELTA_MEDIAN_PCT DECODE_vs_BASELINE = +26.2936%
DECODE_TFLOPS_LIST 0.3508,0.3502,0.3506,0.3507,0.3505,0.3508,0.3509,0.3509,0.3506,0.3508
BASELINE_TFLOPS_LIST 0.2776,0.2778,0.2777,0.2777,0.2774,0.2773,0.2780,0.2779,0.2774,0.2779
--- stderr (head) ---
W20260418 21:34:41.388153 140001174007808 agent.cpp:461] Attempt to enable hip visiblity for agent-2 which is not visible to HSA (ROCR)
[mxfp8_dispatch] rcr_pq: shape=(M=0,N=0,K=0) -> V1-PQ-DEFAULT
[mxfp8_dispatch] rcr_pq_v1: shape=(M=4,N=4096,K=4096) -> SMALLM-DECODE-M2-16-RCR (R44A)
[mxfp8_dispatch] rcr_pq: shape=(M=0,N=0,K=0) -> V1-PQ-DEFAULT
[orchestrate] attempt=3 rc=0 G1=2206MHz G2a=2405MHz G2b DEC=0.000570 BASE=0.000720 (gate=0.01 pass=1)
[orchestrate] PASS R36 3-gate at attempt=3; using as final.
Sat Apr 18 21:35:39 UTC 2026
