===== R45A label=4x8kx8k_crr gpu=6 SHAPE=4x8kx8k LAYOUT=crr M=4 N=8192 K=8192 =====
[orchestrate] N_PAIRS=5 WARMUP=30 ITERS=50 PREHEAT=30s WARMUP_PAIRS=2
[orchestrate] R36 3-gate: G1>=2200 G2a>=2200 G2b<=0.01 MAX_RETRIES=3
Sat Apr 18 21:46:53 UTC 2026
[bench attempt 1/3]
[bench attempt=1 rc=0]
[sclk-pre-preheat] GPU[6]		: sclk clock level: 1: (157Mhz)
[preheat 30.0s] done 7164 iters
[sclk-post-preheat] GPU[6]		: sclk clock level: 1: (2400Mhz)
CORRECTNESS_DECODE snr_db=49.60
CORRECTNESS_BASELINE snr_db=49.60
[sclk-pre-bench] GPU[6]		: sclk clock level: 1: (2321Mhz)
WARMUP 0 DECODE=0.6433 BASELINE=0.2014
WARMUP 1 DECODE=0.6440 BASELINE=0.2017
PAIR 0 D1=0.6440 B1=0.2012 D2=0.6437 B2=0.2018
PAIR 1 D1=0.6440 B1=0.2019 D2=0.6440 B2=0.2017
PAIR 2 D1=0.6431 B1=0.2016 D2=0.6438 B2=0.2018
PAIR 3 D1=0.6442 B1=0.2023 D2=0.6442 B2=0.2018
PAIR 4 D1=0.6444 B1=0.2014 D2=0.6445 B2=0.1990
[sclk-post-bench] GPU[6]		: sclk clock level: 1: (1834Mhz)
BASELINE median=0.2017 mean=0.2014 stdev=0.0009 n=10
DECODE   median=0.6440 mean=0.6440 stdev=0.0004 n=10
Welch t (DECODE vs BASELINE) = 1407.651  (positive = DECODE faster)
DELTA_MEDIAN_PCT DECODE_vs_BASELINE = +219.2481%
DECODE_TFLOPS_LIST 0.6440,0.6437,0.6440,0.6440,0.6431,0.6438,0.6442,0.6442,0.6444,0.6445
BASELINE_TFLOPS_LIST 0.2012,0.2018,0.2019,0.2017,0.2016,0.2018,0.2023,0.2018,0.2014,0.1990
--- stderr (head) ---
W20260418 21:46:56.774202 140224000106496 agent.cpp:461] Attempt to enable hip visiblity for agent-2 which is not visible to HSA (ROCR)
[mxfp8_dispatch] crr_pq: shape=(M=0,N=0,K=0) -> V1-PQ-DEFAULT
[mxfp8_dispatch] crr_pq_v1: shape=(M=4,N=8192,K=8192) -> SMALLM-DECODE-M2-16-CRR (R44A)
[mxfp8_dispatch] crr_pq: shape=(M=0,N=0,K=0) -> V1-PQ-DEFAULT
[orchestrate] attempt=1 rc=0 G1=2400MHz G2a=1834MHz G2b DEC=0.000621 BASE=0.004462 (gate=0.01 pass=1)
[orchestrate] PASS R36 3-gate at attempt=1; using as final.
Sat Apr 18 21:48:18 UTC 2026
