===== R45A label=4x8kx8k_rrr gpu=7 SHAPE=4x8kx8k LAYOUT=rrr M=4 N=8192 K=8192 =====
[orchestrate] N_PAIRS=5 WARMUP=30 ITERS=50 PREHEAT=30s WARMUP_PAIRS=2
[orchestrate] R36 3-gate: G1>=2200 G2a>=2200 G2b<=0.01 MAX_RETRIES=3
Sat Apr 18 21:38:40 UTC 2026
[bench attempt 1/3]
[bench attempt=1 rc=0]
[sclk-pre-preheat] GPU[7]		: sclk clock level: 1: (158Mhz)
[preheat 30.0s] done 7164 iters
[sclk-post-preheat] GPU[7]		: sclk clock level: 1: (1774Mhz)
CORRECTNESS_DECODE snr_db=49.56
CORRECTNESS_BASELINE snr_db=49.56
[sclk-pre-bench] GPU[7]		: sclk clock level: 1: (2327Mhz)
WARMUP 0 DECODE=0.6328 BASELINE=0.2034
WARMUP 1 DECODE=0.6325 BASELINE=0.2074
PAIR 0 D1=0.6325 B1=0.2071 D2=0.6329 B2=0.2072
PAIR 1 D1=0.6330 B1=0.2073 D2=0.6330 B2=0.2070
PAIR 2 D1=0.6330 B1=0.2072 D2=0.6329 B2=0.2073
PAIR 3 D1=0.6327 B1=0.2072 D2=0.6325 B2=0.2073
PAIR 4 D1=0.6317 B1=0.2072 D2=0.6317 B2=0.2073
[sclk-post-bench] GPU[7]		: sclk clock level: 1: (2404Mhz)
BASELINE median=0.2072 mean=0.2072 stdev=0.0001 n=10
DECODE   median=0.6328 mean=0.6326 stdev=0.0005 n=10
Welch t (DECODE vs BASELINE) = 2646.028  (positive = DECODE faster)
DELTA_MEDIAN_PCT DECODE_vs_BASELINE = +205.3454%
DECODE_TFLOPS_LIST 0.6325,0.6329,0.6330,0.6330,0.6330,0.6329,0.6327,0.6325,0.6317,0.6317
BASELINE_TFLOPS_LIST 0.2071,0.2072,0.2073,0.2070,0.2072,0.2073,0.2072,0.2073,0.2072,0.2073
--- stderr (head) ---
W20260418 21:38:43.137877 139803114590208 agent.cpp:461] Attempt to enable hip visiblity for agent-2 which is not visible to HSA (ROCR)
[mxfp8_dispatch] rrr_pq: shape=(M=0,N=0,K=0) -> V1-PQ-DEFAULT
[mxfp8_dispatch] rrr_pq_v1: shape=(M=4,N=8192,K=8192) -> SMALLM-DECODE-M2-16-RRR (R44A)
[mxfp8_dispatch] rrr_pq: shape=(M=0,N=0,K=0) -> V1-PQ-DEFAULT
[orchestrate] attempt=1 rc=0 G1=1774MHz G2a=2404MHz G2b DEC=0.000790 BASE=0.000483 (gate=0.01 pass=1)
[orchestrate] attempt=1 FAILED gates; sleep 5...
[bench attempt 2/3]
[bench attempt=2 rc=0]
[sclk-pre-preheat] GPU[7]		: sclk clock level: 1: (1810Mhz)
[preheat 30.0s] done 7164 iters
[sclk-post-preheat] GPU[7]		: sclk clock level: 1: (2219Mhz)
CORRECTNESS_DECODE snr_db=49.56
CORRECTNESS_BASELINE snr_db=49.56
[sclk-pre-bench] GPU[7]		: sclk clock level: 1: (2373Mhz)
WARMUP 0 DECODE=0.6301 BASELINE=0.2067
WARMUP 1 DECODE=0.6302 BASELINE=0.2064
PAIR 0 D1=0.6301 B1=0.2034 D2=0.6306 B2=0.2067
PAIR 1 D1=0.6302 B1=0.2068 D2=0.6293 B2=0.2066
PAIR 2 D1=0.6290 B1=0.2041 D2=0.6294 B2=0.1728
PAIR 3 D1=0.5641 B1=0.1563 D2=0.5581 B2=0.1550
PAIR 4 D1=0.5664 B1=0.1582 D2=0.5533 B2=0.1549
[sclk-post-bench] GPU[7]		: sclk clock level: 1: (1980Mhz)
BASELINE median=0.1881 mean=0.1825 stdev=0.0248 n=10
DECODE   median=0.6292 mean=0.6021 stdev=0.0360 n=10
Welch t (DECODE vs BASELINE) = 30.365  (positive = DECODE faster)
DELTA_MEDIAN_PCT DECODE_vs_BASELINE = +234.4976%
DECODE_TFLOPS_LIST 0.6301,0.6306,0.6302,0.6293,0.6290,0.6294,0.5641,0.5581,0.5664,0.5533
BASELINE_TFLOPS_LIST 0.2034,0.2067,0.2068,0.2066,0.2041,0.1728,0.1563,0.1550,0.1582,0.1549
--- stderr (head) ---
W20260418 21:39:51.431354 139913307762688 agent.cpp:461] Attempt to enable hip visiblity for agent-2 which is not visible to HSA (ROCR)
[mxfp8_dispatch] rrr_pq: shape=(M=0,N=0,K=0) -> V1-PQ-DEFAULT
[mxfp8_dispatch] rrr_pq_v1: shape=(M=4,N=8192,K=8192) -> SMALLM-DECODE-M2-16-RRR (R44A)
[mxfp8_dispatch] rrr_pq: shape=(M=0,N=0,K=0) -> V1-PQ-DEFAULT
[orchestrate] attempt=2 rc=0 G1=2219MHz G2a=1980MHz G2b DEC=0.057216 BASE=0.131845 (gate=0.01 pass=0)
[orchestrate] attempt=2 FAILED gates; sleep 5...
[bench attempt 3/3]
[bench attempt=3 rc=0]
[sclk-pre-preheat] GPU[7]		: sclk clock level: 1: (1817Mhz)
[preheat 30.0s] done 7164 iters
[sclk-post-preheat] GPU[7]		: sclk clock level: 1: (1798Mhz)
CORRECTNESS_DECODE snr_db=49.56
CORRECTNESS_BASELINE snr_db=49.56
[sclk-pre-bench] GPU[7]		: sclk clock level: 1: (1817Mhz)
WARMUP 0 DECODE=0.5517 BASELINE=0.1548
WARMUP 1 DECODE=0.5660 BASELINE=0.1514
PAIR 0 D1=0.5652 B1=0.1512 D2=0.5658 B2=0.1549
PAIR 1 D1=0.5655 B1=0.1551 D2=0.5666 B2=0.1533
PAIR 2 D1=0.5670 B1=0.1557 D2=0.5638 B2=0.1556
PAIR 3 D1=0.5669 B1=0.1547 D2=0.5664 B2=0.1552
PAIR 4 D1=0.5665 B1=0.1528 D2=0.5663 B2=0.1568
[sclk-post-bench] GPU[7]		: sclk clock level: 1: (1902Mhz)
BASELINE median=0.1550 mean=0.1545 stdev=0.0016 n=10
DECODE   median=0.5664 mean=0.5660 stdev=0.0010 n=10
Welch t (DECODE vs BASELINE) = 682.240  (positive = DECODE faster)
DELTA_MEDIAN_PCT DECODE_vs_BASELINE = +265.4312%
DECODE_TFLOPS_LIST 0.5652,0.5658,0.5655,0.5666,0.5670,0.5638,0.5669,0.5664,0.5665,0.5663
BASELINE_TFLOPS_LIST 0.1512,0.1549,0.1551,0.1533,0.1557,0.1556,0.1547,0.1552,0.1528,0.1568
--- stderr (head) ---
W20260418 21:41:00.093921 139950665482240 agent.cpp:461] Attempt to enable hip visiblity for agent-2 which is not visible to HSA (ROCR)
[mxfp8_dispatch] rrr_pq: shape=(M=0,N=0,K=0) -> V1-PQ-DEFAULT
[mxfp8_dispatch] rrr_pq_v1: shape=(M=4,N=8192,K=8192) -> SMALLM-DECODE-M2-16-RRR (R44A)
[mxfp8_dispatch] rrr_pq: shape=(M=0,N=0,K=0) -> V1-PQ-DEFAULT
[orchestrate] attempt=3 rc=0 G1=1798MHz G2a=1902MHz G2b DEC=0.001766 BASE=0.010323 (gate=0.01 pass=0)
[orchestrate] attempt=3 FAILED gates; sleep 5...
[orchestrate] FAIL: 3-gate retry exhausted MAX_RETRIES=3
