===== R45A label=4x8kx8k_rcr gpu=7 SHAPE=4x8kx8k LAYOUT=rcr M=4 N=8192 K=8192 =====
[orchestrate] N_PAIRS=5 WARMUP=30 ITERS=50 PREHEAT=30s WARMUP_PAIRS=2
[orchestrate] R36 3-gate: G1>=2200 G2a>=2200 G2b<=0.01 MAX_RETRIES=3
Sat Apr 18 21:37:37 UTC 2026
[bench attempt 1/3]
[bench attempt=1 rc=0]
[sclk-pre-preheat] GPU[7]		: sclk clock level: 1: (1797Mhz)
[preheat 30.0s] done 7164 iters
[sclk-post-preheat] GPU[7]		: sclk clock level: 1: (2322Mhz)
CORRECTNESS_DECODE snr_db=49.62
CORRECTNESS_BASELINE snr_db=49.62
[sclk-pre-bench] GPU[7]		: sclk clock level: 1: (2385Mhz)
WARMUP 0 DECODE=0.6672 BASELINE=0.4531
WARMUP 1 DECODE=0.6675 BASELINE=0.4533
PAIR 0 D1=0.6678 B1=0.4526 D2=0.6678 B2=0.4532
PAIR 1 D1=0.6678 B1=0.4537 D2=0.6682 B2=0.4538
PAIR 2 D1=0.6671 B1=0.4534 D2=0.6679 B2=0.4539
PAIR 3 D1=0.6678 B1=0.4538 D2=0.6677 B2=0.4536
PAIR 4 D1=0.6675 B1=0.4540 D2=0.6684 B2=0.4537
[sclk-post-bench] GPU[7]		: sclk clock level: 1: (2408Mhz)
BASELINE median=0.4537 mean=0.4536 stdev=0.0004 n=10
DECODE   median=0.6678 mean=0.6678 stdev=0.0004 n=10
Welch t (DECODE vs BASELINE) = 1197.748  (positive = DECODE faster)
DELTA_MEDIAN_PCT DECODE_vs_BASELINE = +47.1916%
DECODE_TFLOPS_LIST 0.6678,0.6678,0.6678,0.6682,0.6671,0.6679,0.6678,0.6677,0.6675,0.6684
BASELINE_TFLOPS_LIST 0.4526,0.4532,0.4537,0.4538,0.4534,0.4539,0.4538,0.4536,0.4540,0.4537
--- stderr (head) ---
W20260418 21:37:40.555144 140402569854976 agent.cpp:461] Attempt to enable hip visiblity for agent-2 which is not visible to HSA (ROCR)
[mxfp8_dispatch] rcr_pq: shape=(M=0,N=0,K=0) -> V1-PQ-DEFAULT
[mxfp8_dispatch] rcr_pq_v1: shape=(M=4,N=8192,K=8192) -> SMALLM-DECODE-M2-16-RCR (R44A)
[mxfp8_dispatch] rcr_pq: shape=(M=0,N=0,K=0) -> V1-PQ-DEFAULT
[orchestrate] attempt=1 rc=0 G1=2322MHz G2a=2408MHz G2b DEC=0.000599 BASE=0.000882 (gate=0.01 pass=1)
[orchestrate] PASS R36 3-gate at attempt=1; using as final.
Sat Apr 18 21:38:40 UTC 2026
