===== R45A label=4x8kx8k_rcr gpu=3 SHAPE=4x8kx8k LAYOUT=rcr M=4 N=8192 K=8192 =====
[orchestrate] N_PAIRS=5 WARMUP=30 ITERS=50 PREHEAT=30s WARMUP_PAIRS=2
[orchestrate] R36 3-gate: G1>=2200 G2a>=2200 G2b<=0.01 MAX_RETRIES=3
Sat Apr 18 21:42:23 UTC 2026
[bench attempt 1/3]
[bench attempt=1 rc=0]
[sclk-pre-preheat] GPU[3]		: sclk clock level: 1: (1781Mhz)
[preheat 30.0s] done 7164 iters
[sclk-post-preheat] GPU[3]		: sclk clock level: 1: (2346Mhz)
CORRECTNESS_DECODE snr_db=49.62
CORRECTNESS_BASELINE snr_db=49.62
[sclk-pre-bench] GPU[3]		: sclk clock level: 1: (2385Mhz)
WARMUP 0 DECODE=0.6681 BASELINE=0.4538
WARMUP 1 DECODE=0.6684 BASELINE=0.4541
PAIR 0 D1=0.6692 B1=0.4481 D2=0.6689 B2=0.4541
PAIR 1 D1=0.6689 B1=0.4536 D2=0.6680 B2=0.4542
PAIR 2 D1=0.6683 B1=0.4537 D2=0.6686 B2=0.4524
PAIR 3 D1=0.6687 B1=0.4535 D2=0.5862 B2=0.2105
PAIR 4 D1=0.6251 B1=0.1921 D2=0.6239 B2=0.1982
[sclk-post-bench] GPU[3]		: sclk clock level: 1: (1821Mhz)
BASELINE median=0.4529 mean=0.3770 stdev=0.1221 n=10
DECODE   median=0.6685 mean=0.6516 stdev=0.0294 n=10
Welch t (DECODE vs BASELINE) = 6.915  (positive = DECODE faster)
DELTA_MEDIAN_PCT DECODE_vs_BASELINE = +47.5864%
DECODE_TFLOPS_LIST 0.6692,0.6689,0.6689,0.6680,0.6683,0.6686,0.6687,0.5862,0.6251,0.6239
BASELINE_TFLOPS_LIST 0.4481,0.4541,0.4536,0.4542,0.4537,0.4524,0.4535,0.2105,0.1921,0.1982
--- stderr (head) ---
W20260418 21:42:26.521922 139930934591488 agent.cpp:461] Attempt to enable hip visiblity for agent-2 which is not visible to HSA (ROCR)
[mxfp8_dispatch] rcr_pq: shape=(M=0,N=0,K=0) -> V1-PQ-DEFAULT
[mxfp8_dispatch] rcr_pq_v1: shape=(M=4,N=8192,K=8192) -> SMALLM-DECODE-M2-16-RCR (R44A)
[mxfp8_dispatch] rcr_pq: shape=(M=0,N=0,K=0) -> V1-PQ-DEFAULT
[orchestrate] attempt=1 rc=0 G1=2346MHz G2a=1821MHz G2b DEC=0.043979 BASE=0.269596 (gate=0.01 pass=0)
[orchestrate] attempt=1 FAILED gates; sleep 5...
[bench attempt 2/3]
[bench attempt=2 rc=0]
[sclk-pre-preheat] GPU[3]		: sclk clock level: 1: (1782Mhz)
[preheat 30.0s] done 7164 iters
[sclk-post-preheat] GPU[3]		: sclk clock level: 1: (1746Mhz)
CORRECTNESS_DECODE snr_db=49.62
CORRECTNESS_BASELINE snr_db=49.62
[sclk-pre-bench] GPU[3]		: sclk clock level: 1: (1780Mhz)
WARMUP 0 DECODE=0.6150 BASELINE=0.2091
WARMUP 1 DECODE=0.6245 BASELINE=0.1921
PAIR 0 D1=0.6199 B1=0.2124 D2=0.6121 B2=0.1837
PAIR 1 D1=0.5852 B1=0.1863 D2=0.6174 B2=0.1858
PAIR 2 D1=0.6099 B1=0.1803 D2=0.6013 B2=0.1707
PAIR 3 D1=0.6252 B1=0.1932 D2=0.5975 B2=0.1950
PAIR 4 D1=0.5776 B1=0.1976 D2=0.6261 B2=0.1948
[sclk-post-bench] GPU[3]		: sclk clock level: 1: (1790Mhz)
BASELINE median=0.1897 mean=0.1900 stdev=0.0113 n=10
DECODE   median=0.6110 mean=0.6072 stdev=0.0165 n=10
Welch t (DECODE vs BASELINE) = 65.807  (positive = DECODE faster)
DELTA_MEDIAN_PCT DECODE_vs_BASELINE = +222.0049%
DECODE_TFLOPS_LIST 0.6199,0.6121,0.5852,0.6174,0.6099,0.6013,0.6252,0.5975,0.5776,0.6261
BASELINE_TFLOPS_LIST 0.2124,0.1837,0.1863,0.1858,0.1803,0.1707,0.1932,0.1950,0.1976,0.1948
--- stderr (head) ---
W20260418 21:43:33.650589 140558879420416 agent.cpp:461] Attempt to enable hip visiblity for agent-2 which is not visible to HSA (ROCR)
[mxfp8_dispatch] rcr_pq: shape=(M=0,N=0,K=0) -> V1-PQ-DEFAULT
[mxfp8_dispatch] rcr_pq_v1: shape=(M=4,N=8192,K=8192) -> SMALLM-DECODE-M2-16-RCR (R44A)
[mxfp8_dispatch] rcr_pq: shape=(M=0,N=0,K=0) -> V1-PQ-DEFAULT
[orchestrate] attempt=2 rc=0 G1=1746MHz G2a=1790MHz G2b DEC=0.027005 BASE=0.059568 (gate=0.01 pass=0)
[orchestrate] attempt=2 FAILED gates; sleep 5...
[bench attempt 3/3]
[bench attempt=3 rc=0]
[sclk-pre-preheat] GPU[3]		: sclk clock level: 1: (1782Mhz)
[preheat 30.0s] done 7164 iters
[sclk-post-preheat] GPU[3]		: sclk clock level: 1: (1766Mhz)
CORRECTNESS_DECODE snr_db=49.62
CORRECTNESS_BASELINE snr_db=49.62
[sclk-pre-bench] GPU[3]		: sclk clock level: 1: (1779Mhz)
WARMUP 0 DECODE=0.6258 BASELINE=0.1805
WARMUP 1 DECODE=0.6040 BASELINE=0.1889
PAIR 0 D1=0.5732 B1=0.1729 D2=0.6034 B2=0.1795
PAIR 1 D1=0.5894 B1=0.1896 D2=0.6279 B2=0.1932
PAIR 2 D1=0.6235 B1=0.1823 D2=0.6239 B2=0.1989
PAIR 3 D1=0.5781 B1=0.1891 D2=0.6269 B2=0.1877
PAIR 4 D1=0.6240 B1=0.1970 D2=0.6248 B2=0.1840
[sclk-post-bench] GPU[3]		: sclk clock level: 1: (1793Mhz)
BASELINE median=0.1884 mean=0.1874 stdev=0.0080 n=10
DECODE   median=0.6237 mean=0.6095 stdev=0.0217 n=10
Welch t (DECODE vs BASELINE) = 57.765  (positive = DECODE faster)
DELTA_MEDIAN_PCT DECODE_vs_BASELINE = +231.0320%
DECODE_TFLOPS_LIST 0.5732,0.6034,0.5894,0.6279,0.6235,0.6239,0.5781,0.6269,0.6240,0.6248
BASELINE_TFLOPS_LIST 0.1729,0.1795,0.1896,0.1932,0.1823,0.1989,0.1891,0.1877,0.1970,0.1840
--- stderr (head) ---
W20260418 21:44:42.646354 140584180232192 agent.cpp:461] Attempt to enable hip visiblity for agent-2 which is not visible to HSA (ROCR)
[mxfp8_dispatch] rcr_pq: shape=(M=0,N=0,K=0) -> V1-PQ-DEFAULT
[mxfp8_dispatch] rcr_pq_v1: shape=(M=4,N=8192,K=8192) -> SMALLM-DECODE-M2-16-RCR (R44A)
[mxfp8_dispatch] rcr_pq: shape=(M=0,N=0,K=0) -> V1-PQ-DEFAULT
[orchestrate] attempt=3 rc=0 G1=1766MHz G2a=1793MHz G2b DEC=0.034792 BASE=0.042463 (gate=0.01 pass=0)
[orchestrate] attempt=3 FAILED gates; sleep 5...
[orchestrate] FAIL: 3-gate retry exhausted MAX_RETRIES=3
