===== R45A label=4x8kx8k_rcr gpu=2 SHAPE=4x8kx8k LAYOUT=rcr M=4 N=8192 K=8192 =====
[orchestrate] N_PAIRS=5 WARMUP=30 ITERS=50 PREHEAT=30s WARMUP_PAIRS=2
[orchestrate] R36 3-gate: G1>=2200 G2a>=2200 G2b<=0.01 MAX_RETRIES=3
Sat Apr 18 21:41:56 UTC 2026
[bench attempt 1/3]
[bench attempt=1 rc=0]
[sclk-pre-preheat] GPU[2]		: sclk clock level: 1: (1689Mhz)
[preheat 30.0s] done 5116 iters
[sclk-post-preheat] GPU[2]		: sclk clock level: 1: (1689Mhz)
CORRECTNESS_DECODE snr_db=49.62
CORRECTNESS_BASELINE snr_db=49.62
[sclk-pre-bench] GPU[2]		: sclk clock level: 1: (1706Mhz)
WARMUP 0 DECODE=0.2232 BASELINE=0.0859
WARMUP 1 DECODE=0.1992 BASELINE=0.0896
PAIR 0 D1=0.1810 B1=0.0787 D2=0.2391 B2=0.0795
PAIR 1 D1=0.1963 B1=0.0876 D2=0.2119 B2=0.0913
PAIR 2 D1=0.2037 B1=0.1867 D2=0.6047 B2=0.2136
PAIR 3 D1=0.5055 B1=0.1721 D2=0.4318 B2=0.1870
PAIR 4 D1=0.5652 B1=0.1838 D2=0.4706 B2=0.1935
[sclk-post-bench] GPU[2]		: sclk clock level: 1: (2025Mhz)
BASELINE median=0.1779 mean=0.1474 stdev=0.0554 n=10
DECODE   median=0.3354 mean=0.3610 stdev=0.1701 n=10
Welch t (DECODE vs BASELINE) = 3.777  (positive = DECODE faster)
DELTA_MEDIAN_PCT DECODE_vs_BASELINE = +88.5228%
DECODE_TFLOPS_LIST 0.1810,0.2391,0.1963,0.2119,0.2037,0.6047,0.5055,0.4318,0.5652,0.4706
BASELINE_TFLOPS_LIST 0.0787,0.0795,0.0876,0.0913,0.1867,0.2136,0.1721,0.1870,0.1838,0.1935
--- stderr (head) ---
W20260418 21:41:59.143624 140117234610176 agent.cpp:461] Attempt to enable hip visiblity for agent-2 which is not visible to HSA (ROCR)
[mxfp8_dispatch] rcr_pq: shape=(M=0,N=0,K=0) -> V1-PQ-DEFAULT
[mxfp8_dispatch] rcr_pq_v1: shape=(M=4,N=8192,K=8192) -> SMALLM-DECODE-M2-16-RCR (R44A)
[mxfp8_dispatch] rcr_pq: shape=(M=0,N=0,K=0) -> V1-PQ-DEFAULT
[orchestrate] attempt=1 rc=0 G1=1689MHz G2a=2025MHz G2b DEC=0.507156 BASE=0.311411 (gate=0.01 pass=0)
[orchestrate] attempt=1 FAILED gates; sleep 5...
[bench attempt 2/3]
[bench attempt=2 rc=0]
[sclk-pre-preheat] GPU[2]		: sclk clock level: S: (108Mhz)
[preheat 30.0s] done 6140 iters
[sclk-post-preheat] GPU[2]		: sclk clock level: 1: (1666Mhz)
CORRECTNESS_DECODE snr_db=49.62
CORRECTNESS_BASELINE snr_db=49.62
[sclk-pre-bench] GPU[2]		: sclk clock level: 1: (1683Mhz)
WARMUP 0 DECODE=0.1402 BASELINE=0.0855
WARMUP 1 DECODE=0.1475 BASELINE=0.0889
PAIR 0 D1=0.1676 B1=0.1008 D2=0.1298 B2=0.0938
PAIR 1 D1=0.1792 B1=0.0952 D2=0.1337 B2=0.0822
PAIR 2 D1=0.1313 B1=0.0975 D2=0.1577 B2=0.0922
PAIR 3 D1=0.1624 B1=0.1059 D2=0.1901 B2=0.0920
PAIR 4 D1=0.1622 B1=0.1045 D2=0.1461 B2=0.1010
[sclk-post-bench] GPU[2]		: sclk clock level: 1: (1700Mhz)
BASELINE median=0.0963 mean=0.0965 stdev=0.0070 n=10
DECODE   median=0.1600 mean=0.1560 stdev=0.0206 n=10
Welch t (DECODE vs BASELINE) = 8.652  (positive = DECODE faster)
DELTA_MEDIAN_PCT DECODE_vs_BASELINE = +66.0570%
DECODE_TFLOPS_LIST 0.1676,0.1298,0.1792,0.1337,0.1313,0.1577,0.1624,0.1901,0.1622,0.1461
BASELINE_TFLOPS_LIST 0.1008,0.0938,0.0952,0.0822,0.0975,0.0922,0.1059,0.0920,0.1045,0.1010
--- stderr (head) ---
W20260418 21:43:45.893881 139676331376640 agent.cpp:461] Attempt to enable hip visiblity for agent-2 which is not visible to HSA (ROCR)
[mxfp8_dispatch] rcr_pq: shape=(M=0,N=0,K=0) -> V1-PQ-DEFAULT
[mxfp8_dispatch] rcr_pq_v1: shape=(M=4,N=8192,K=8192) -> SMALLM-DECODE-M2-16-RCR (R44A)
[mxfp8_dispatch] rcr_pq: shape=(M=0,N=0,K=0) -> V1-PQ-DEFAULT
[orchestrate] attempt=2 rc=0 G1=1666MHz G2a=1700MHz G2b DEC=0.128750 BASE=0.072690 (gate=0.01 pass=0)
[orchestrate] attempt=2 FAILED gates; sleep 5...
[bench attempt 3/3]
[bench attempt=3 rc=0]
[sclk-pre-preheat] GPU[2]		: sclk clock level: 1: (1699Mhz)
[preheat 30.0s] done 5116 iters
[sclk-post-preheat] GPU[2]		: sclk clock level: 1: (1849Mhz)
CORRECTNESS_DECODE snr_db=49.62
CORRECTNESS_BASELINE snr_db=49.62
[sclk-pre-bench] GPU[2]		: sclk clock level: 1: (2039Mhz)
WARMUP 0 DECODE=0.4760 BASELINE=0.1533
WARMUP 1 DECODE=0.4639 BASELINE=0.1366
PAIR 0 D1=0.5202 B1=0.1743 D2=0.5365 B2=0.1912
PAIR 1 D1=0.5595 B1=0.1478 D2=0.3879 B2=0.2860
PAIR 2 D1=0.4727 B1=0.2406 D2=0.5023 B2=0.3336
PAIR 3 D1=0.6072 B1=0.3462 D2=0.6039 B2=0.2404
PAIR 4 D1=0.4647 B1=0.2327 D2=0.3944 B2=0.3348
[sclk-post-bench] GPU[2]		: sclk clock level: 1: (2385Mhz)
BASELINE median=0.2405 mean=0.2528 stdev=0.0705 n=10
DECODE   median=0.5113 mean=0.5049 stdev=0.0768 n=10
Welch t (DECODE vs BASELINE) = 7.649  (positive = DECODE faster)
DELTA_MEDIAN_PCT DECODE_vs_BASELINE = +112.5913%
DECODE_TFLOPS_LIST 0.5202,0.5365,0.5595,0.3879,0.4727,0.5023,0.6072,0.6039,0.4647,0.3944
BASELINE_TFLOPS_LIST 0.1743,0.1912,0.1478,0.2860,0.2406,0.3336,0.3462,0.2404,0.2327,0.3348
--- stderr (head) ---
W20260418 21:45:38.282009 140107720470528 agent.cpp:461] Attempt to enable hip visiblity for agent-2 which is not visible to HSA (ROCR)
[mxfp8_dispatch] rcr_pq: shape=(M=0,N=0,K=0) -> V1-PQ-DEFAULT
[mxfp8_dispatch] rcr_pq_v1: shape=(M=4,N=8192,K=8192) -> SMALLM-DECODE-M2-16-RCR (R44A)
[mxfp8_dispatch] rcr_pq: shape=(M=0,N=0,K=0) -> V1-PQ-DEFAULT
[orchestrate] attempt=3 rc=0 G1=1849MHz G2a=2385MHz G2b DEC=0.150205 BASE=0.293139 (gate=0.01 pass=0)
[orchestrate] attempt=3 FAILED gates; sleep 5...
[orchestrate] FAIL: 3-gate retry exhausted MAX_RETRIES=3
