===== R45A label=4x8kx8k_crr gpu=3 SHAPE=4x8kx8k LAYOUT=crr M=4 N=8192 K=8192 =====
[orchestrate] N_PAIRS=5 WARMUP=30 ITERS=50 PREHEAT=30s WARMUP_PAIRS=2
[orchestrate] R36 3-gate: G1>=2200 G2a>=2200 G2b<=0.01 MAX_RETRIES=3
Sat Apr 18 21:49:36 UTC 2026
[bench attempt 1/3]
[bench attempt=1 rc=0]
[sclk-pre-preheat] GPU[3]		: sclk clock level: 1: (1772Mhz)
[preheat 30.0s] done 7164 iters
[sclk-post-preheat] GPU[3]		: sclk clock level: 1: (1749Mhz)
CORRECTNESS_DECODE snr_db=49.60
CORRECTNESS_BASELINE snr_db=49.60
[sclk-pre-bench] GPU[3]		: sclk clock level: 1: (1780Mhz)
WARMUP 0 DECODE=0.5546 BASELINE=0.1580
WARMUP 1 DECODE=0.5787 BASELINE=0.1568
PAIR 0 D1=0.5797 B1=0.1586 D2=0.5586 B2=0.1571
PAIR 1 D1=0.5531 B1=0.1581 D2=0.5778 B2=0.1596
PAIR 2 D1=0.5783 B1=0.1572 D2=0.5604 B2=0.1547
PAIR 3 D1=0.5715 B1=0.1602 D2=0.5722 B2=0.1573
PAIR 4 D1=0.5789 B1=0.1580 D2=0.5807 B2=0.1573
[sclk-post-bench] GPU[3]		: sclk clock level: 1: (1981Mhz)
BASELINE median=0.1577 mean=0.1578 stdev=0.0015 n=10
DECODE   median=0.5750 mean=0.5711 stdev=0.0101 n=10
Welch t (DECODE vs BASELINE) = 127.686  (positive = DECODE faster)
DELTA_MEDIAN_PCT DECODE_vs_BASELINE = +264.6385%
DECODE_TFLOPS_LIST 0.5797,0.5586,0.5531,0.5778,0.5783,0.5604,0.5715,0.5722,0.5789,0.5807
BASELINE_TFLOPS_LIST 0.1586,0.1571,0.1581,0.1596,0.1572,0.1547,0.1602,0.1573,0.1580,0.1573
--- stderr (head) ---
W20260418 21:49:38.782024 139836366225408 agent.cpp:461] Attempt to enable hip visiblity for agent-2 which is not visible to HSA (ROCR)
[mxfp8_dispatch] crr_pq: shape=(M=0,N=0,K=0) -> V1-PQ-DEFAULT
[mxfp8_dispatch] crr_pq_v1: shape=(M=4,N=8192,K=8192) -> SMALLM-DECODE-M2-16-CRR (R44A)
[mxfp8_dispatch] crr_pq: shape=(M=0,N=0,K=0) -> V1-PQ-DEFAULT
[orchestrate] attempt=1 rc=0 G1=1749MHz G2a=1981MHz G2b DEC=0.017565 BASE=0.009512 (gate=0.01 pass=0)
[orchestrate] attempt=1 FAILED gates; sleep 5...
[bench attempt 2/3]
[bench attempt=2 rc=0]
[sclk-pre-preheat] GPU[3]		: sclk clock level: 1: (1775Mhz)
[preheat 30.0s] done 7164 iters
[sclk-post-preheat] GPU[3]		: sclk clock level: 1: (1772Mhz)
CORRECTNESS_DECODE snr_db=49.60
CORRECTNESS_BASELINE snr_db=49.60
[sclk-pre-bench] GPU[3]		: sclk clock level: 1: (1775Mhz)
WARMUP 0 DECODE=0.5709 BASELINE=0.1598
WARMUP 1 DECODE=0.5780 BASELINE=0.1591
PAIR 0 D1=0.5808 B1=0.1509 D2=0.5818 B2=0.1594
PAIR 1 D1=0.5788 B1=0.1557 D2=0.5818 B2=0.1592
PAIR 2 D1=0.5777 B1=0.1553 D2=0.5792 B2=0.1584
PAIR 3 D1=0.5815 B1=0.1597 D2=0.5807 B2=0.1593
PAIR 4 D1=0.5831 B1=0.1596 D2=0.5807 B2=0.1597
[sclk-post-bench] GPU[3]		: sclk clock level: 1: (2412Mhz)
BASELINE median=0.1593 mean=0.1577 stdev=0.0029 n=10
DECODE   median=0.5808 mean=0.5806 stdev=0.0016 n=10
Welch t (DECODE vs BASELINE) = 402.249  (positive = DECODE faster)
DELTA_MEDIAN_PCT DECODE_vs_BASELINE = +264.6732%
DECODE_TFLOPS_LIST 0.5808,0.5818,0.5788,0.5818,0.5777,0.5792,0.5815,0.5807,0.5831,0.5807
BASELINE_TFLOPS_LIST 0.1509,0.1594,0.1557,0.1592,0.1553,0.1584,0.1597,0.1593,0.1596,0.1597
--- stderr (head) ---
W20260418 21:50:47.829723 139722998448128 agent.cpp:461] Attempt to enable hip visiblity for agent-2 which is not visible to HSA (ROCR)
[mxfp8_dispatch] crr_pq: shape=(M=0,N=0,K=0) -> V1-PQ-DEFAULT
[mxfp8_dispatch] crr_pq_v1: shape=(M=4,N=8192,K=8192) -> SMALLM-DECODE-M2-16-CRR (R44A)
[mxfp8_dispatch] crr_pq: shape=(M=0,N=0,K=0) -> V1-PQ-DEFAULT
[orchestrate] attempt=2 rc=0 G1=1772MHz G2a=2412MHz G2b DEC=0.002755 BASE=0.018205 (gate=0.01 pass=0)
[orchestrate] attempt=2 FAILED gates; sleep 5...
[bench attempt 3/3]
[bench attempt=3 rc=0]
[sclk-pre-preheat] GPU[3]		: sclk clock level: 1: (158Mhz)
[preheat 30.0s] done 7164 iters
[sclk-post-preheat] GPU[3]		: sclk clock level: 1: (2171Mhz)
CORRECTNESS_DECODE snr_db=49.60
CORRECTNESS_BASELINE snr_db=49.60
[sclk-pre-bench] GPU[3]		: sclk clock level: 1: (2357Mhz)
WARMUP 0 DECODE=0.6422 BASELINE=0.2002
WARMUP 1 DECODE=0.6410 BASELINE=0.2007
PAIR 0 D1=0.6416 B1=0.2003 D2=0.6417 B2=0.2005
PAIR 1 D1=0.6416 B1=0.2008 D2=0.6417 B2=0.2007
PAIR 2 D1=0.6414 B1=0.2008 D2=0.6422 B2=0.2004
PAIR 3 D1=0.6416 B1=0.2008 D2=0.6422 B2=0.2005
PAIR 4 D1=0.6419 B1=0.2007 D2=0.6420 B2=0.1977
[sclk-post-bench] GPU[3]		: sclk clock level: 1: (2103Mhz)
BASELINE median=0.2006 mean=0.2003 stdev=0.0009 n=10
DECODE   median=0.6417 mean=0.6418 stdev=0.0003 n=10
Welch t (DECODE vs BASELINE) = 1429.068  (positive = DECODE faster)
DELTA_MEDIAN_PCT DECODE_vs_BASELINE = +219.8628%
DECODE_TFLOPS_LIST 0.6416,0.6417,0.6416,0.6417,0.6414,0.6422,0.6416,0.6422,0.6419,0.6420
BASELINE_TFLOPS_LIST 0.2003,0.2005,0.2008,0.2007,0.2008,0.2004,0.2008,0.2005,0.2007,0.1977
--- stderr (head) ---
W20260418 21:52:08.709803 140535770152960 agent.cpp:461] Attempt to enable hip visiblity for agent-2 which is not visible to HSA (ROCR)
[mxfp8_dispatch] crr_pq: shape=(M=0,N=0,K=0) -> V1-PQ-DEFAULT
[mxfp8_dispatch] crr_pq_v1: shape=(M=4,N=8192,K=8192) -> SMALLM-DECODE-M2-16-CRR (R44A)
[mxfp8_dispatch] crr_pq: shape=(M=0,N=0,K=0) -> V1-PQ-DEFAULT
[orchestrate] attempt=3 rc=0 G1=2171MHz G2a=2103MHz G2b DEC=0.000468 BASE=0.004487 (gate=0.01 pass=1)
[orchestrate] attempt=3 FAILED gates; sleep 5...
[orchestrate] FAIL: 3-gate retry exhausted MAX_RETRIES=3
