===== R45A label=8x8kx8k_crr gpu=6 SHAPE=8x8kx8k LAYOUT=crr M=8 N=8192 K=8192 =====
[orchestrate] N_PAIRS=5 WARMUP=30 ITERS=50 PREHEAT=30s WARMUP_PAIRS=2
[orchestrate] R36 3-gate: G1>=2200 G2a>=2200 G2b<=0.01 MAX_RETRIES=3
Sat Apr 18 21:53:29 UTC 2026
[bench attempt 1/3]
[bench attempt=1 rc=0]
[sclk-pre-preheat] GPU[6]		: sclk clock level: 1: (228Mhz)
[preheat 30.0s] done 7164 iters
[sclk-post-preheat] GPU[6]		: sclk clock level: 1: (1722Mhz)
CORRECTNESS_DECODE snr_db=49.57
CORRECTNESS_BASELINE snr_db=49.57
[sclk-pre-bench] GPU[6]		: sclk clock level: 1: (1735Mhz)
WARMUP 0 DECODE=0.8244 BASELINE=0.4137
WARMUP 1 DECODE=0.6818 BASELINE=0.4473
PAIR 0 D1=0.8343 B1=0.4385 D2=0.8234 B2=0.4471
PAIR 1 D1=0.8347 B1=0.4471 D2=0.8349 B2=0.4474
PAIR 2 D1=0.8347 B1=0.4469 D2=0.8348 B2=0.4466
PAIR 3 D1=0.8347 B1=0.4470 D2=0.8348 B2=0.4471
PAIR 4 D1=0.8349 B1=0.4466 D2=0.8244 B2=0.4464
[sclk-post-bench] GPU[6]		: sclk clock level: 1: (2398Mhz)
BASELINE median=0.4470 mean=0.4461 stdev=0.0027 n=10
DECODE   median=0.8347 mean=0.8326 stdev=0.0046 n=10
Welch t (DECODE vs BASELINE) = 231.089  (positive = DECODE faster)
DELTA_MEDIAN_PCT DECODE_vs_BASELINE = +86.7500%
DECODE_TFLOPS_LIST 0.8343,0.8234,0.8347,0.8349,0.8347,0.8348,0.8347,0.8348,0.8349,0.8244
BASELINE_TFLOPS_LIST 0.4385,0.4471,0.4471,0.4474,0.4469,0.4466,0.4470,0.4471,0.4466,0.4464
--- stderr (head) ---
W20260418 21:53:31.881720 140015707095040 agent.cpp:461] Attempt to enable hip visiblity for agent-2 which is not visible to HSA (ROCR)
[mxfp8_dispatch] crr_pq: shape=(M=0,N=0,K=0) -> V1-PQ-DEFAULT
[mxfp8_dispatch] crr_pq_v1: shape=(M=8,N=8192,K=8192) -> SMALLM-DECODE-M2-16-CRR (R44A)
[mxfp8_dispatch] crr_pq: shape=(M=0,N=0,K=0) -> V1-PQ-DEFAULT
[orchestrate] attempt=1 rc=0 G1=1722MHz G2a=2398MHz G2b DEC=0.005511 BASE=0.006040 (gate=0.01 pass=1)
[orchestrate] attempt=1 FAILED gates; sleep 5...
[bench attempt 2/3]
[bench attempt=2 rc=0]
[sclk-pre-preheat] GPU[6]		: sclk clock level: 1: (1827Mhz)
[preheat 30.0s] done 7164 iters
[sclk-post-preheat] GPU[6]		: sclk clock level: 1: (1720Mhz)
CORRECTNESS_DECODE snr_db=49.57
CORRECTNESS_BASELINE snr_db=49.57
[sclk-pre-bench] GPU[6]		: sclk clock level: 1: (1738Mhz)
WARMUP 0 DECODE=0.7007 BASELINE=0.3011
WARMUP 1 DECODE=0.6782 BASELINE=0.3125
PAIR 0 D1=0.6573 B1=0.3121 D2=0.6815 B2=0.3008
PAIR 1 D1=0.6798 B1=0.3071 D2=0.6408 B2=0.3068
PAIR 2 D1=0.6709 B1=0.3056 D2=0.6322 B2=0.3117
PAIR 3 D1=0.6693 B1=0.3122 D2=0.6731 B2=0.3010
PAIR 4 D1=0.6639 B1=0.3020 D2=0.6428 B2=0.3073
[sclk-post-bench] GPU[6]		: sclk clock level: 1: (1938Mhz)
BASELINE median=0.3070 mean=0.3067 stdev=0.0044 n=10
DECODE   median=0.6666 mean=0.6612 stdev=0.0172 n=10
Welch t (DECODE vs BASELINE) = 62.995  (positive = DECODE faster)
DELTA_MEDIAN_PCT DECODE_vs_BASELINE = +117.1511%
DECODE_TFLOPS_LIST 0.6573,0.6815,0.6798,0.6408,0.6709,0.6322,0.6693,0.6731,0.6639,0.6428
BASELINE_TFLOPS_LIST 0.3121,0.3008,0.3071,0.3068,0.3056,0.3117,0.3122,0.3010,0.3020,0.3073
--- stderr (head) ---
W20260418 21:54:42.209861 140021835919360 agent.cpp:461] Attempt to enable hip visiblity for agent-2 which is not visible to HSA (ROCR)
[mxfp8_dispatch] crr_pq: shape=(M=0,N=0,K=0) -> V1-PQ-DEFAULT
[mxfp8_dispatch] crr_pq_v1: shape=(M=8,N=8192,K=8192) -> SMALLM-DECODE-M2-16-CRR (R44A)
[mxfp8_dispatch] crr_pq: shape=(M=0,N=0,K=0) -> V1-PQ-DEFAULT
[orchestrate] attempt=2 rc=0 G1=1720MHz G2a=1938MHz G2b DEC=0.025803 BASE=0.014332 (gate=0.01 pass=0)
[orchestrate] attempt=2 FAILED gates; sleep 5...
[bench attempt 3/3]
[bench attempt=3 rc=0]
[sclk-pre-preheat] GPU[6]		: sclk clock level: 1: (1725Mhz)
[preheat 30.0s] done 7164 iters
[sclk-post-preheat] GPU[6]		: sclk clock level: 1: (1816Mhz)
CORRECTNESS_DECODE snr_db=49.57
CORRECTNESS_BASELINE snr_db=49.57
[sclk-pre-bench] GPU[6]		: sclk clock level: 1: (1723Mhz)
WARMUP 0 DECODE=0.6285 BASELINE=0.3071
WARMUP 1 DECODE=0.6729 BASELINE=0.3069
PAIR 0 D1=0.6535 B1=0.3052 D2=0.6987 B2=0.3074
PAIR 1 D1=0.6922 B1=0.3066 D2=0.6514 B2=0.3039
PAIR 2 D1=0.6042 B1=0.3031 D2=0.6660 B2=0.3065
PAIR 3 D1=0.7113 B1=0.3079 D2=0.6953 B2=0.3028
PAIR 4 D1=0.7043 B1=0.2971 D2=0.6435 B2=0.3038
[sclk-post-bench] GPU[6]		: sclk clock level: 1: (1827Mhz)
BASELINE median=0.3045 mean=0.3044 stdev=0.0031 n=10
DECODE   median=0.6791 mean=0.6720 stdev=0.0341 n=10
Welch t (DECODE vs BASELINE) = 33.958  (positive = DECODE faster)
DELTA_MEDIAN_PCT DECODE_vs_BASELINE = +122.9839%
DECODE_TFLOPS_LIST 0.6535,0.6987,0.6922,0.6514,0.6042,0.6660,0.7113,0.6953,0.7043,0.6435
BASELINE_TFLOPS_LIST 0.3052,0.3074,0.3066,0.3039,0.3031,0.3065,0.3079,0.3028,0.2971,0.3038
--- stderr (head) ---
W20260418 21:56:09.757899 139893330952192 agent.cpp:461] Attempt to enable hip visiblity for agent-2 which is not visible to HSA (ROCR)
[mxfp8_dispatch] crr_pq: shape=(M=0,N=0,K=0) -> V1-PQ-DEFAULT
[mxfp8_dispatch] crr_pq_v1: shape=(M=8,N=8192,K=8192) -> SMALLM-DECODE-M2-16-CRR (R44A)
[mxfp8_dispatch] crr_pq: shape=(M=0,N=0,K=0) -> V1-PQ-DEFAULT
[orchestrate] attempt=3 rc=0 G1=1816MHz G2a=1827MHz G2b DEC=0.050214 BASE=0.010181 (gate=0.01 pass=0)
[orchestrate] attempt=3 FAILED gates; sleep 5...
[orchestrate] FAIL: 3-gate retry exhausted MAX_RETRIES=3
