===== R45A label=8x8kx8k_rrr gpu=6 SHAPE=8x8kx8k LAYOUT=rrr M=8 N=8192 K=8192 =====
[orchestrate] N_PAIRS=5 WARMUP=30 ITERS=50 PREHEAT=30s WARMUP_PAIRS=2
[orchestrate] R36 3-gate: G1>=2200 G2a>=2200 G2b<=0.01 MAX_RETRIES=3
Sat Apr 18 21:52:05 UTC 2026
[bench attempt 1/3]
[bench attempt=1 rc=0]
[sclk-pre-preheat] GPU[6]		: sclk clock level: 1: (1829Mhz)
[preheat 30.0s] done 7164 iters
[sclk-post-preheat] GPU[6]		: sclk clock level: 1: (2400Mhz)
CORRECTNESS_DECODE snr_db=49.56
CORRECTNESS_BASELINE snr_db=49.56
[sclk-pre-bench] GPU[6]		: sclk clock level: 1: (2358Mhz)
WARMUP 0 DECODE=0.8032 BASELINE=0.4022
WARMUP 1 DECODE=0.8033 BASELINE=0.4020
PAIR 0 D1=0.8032 B1=0.4010 D2=0.8031 B2=0.4018
PAIR 1 D1=0.8034 B1=0.4012 D2=0.8031 B2=0.4013
PAIR 2 D1=0.8032 B1=0.4013 D2=0.8034 B2=0.4022
PAIR 3 D1=0.8035 B1=0.4010 D2=0.8037 B2=0.4025
PAIR 4 D1=0.8025 B1=0.4005 D2=0.8025 B2=0.4011
[sclk-post-bench] GPU[6]		: sclk clock level: 1: (2389Mhz)
BASELINE median=0.4012 mean=0.4014 stdev=0.0006 n=10
DECODE   median=0.8032 mean=0.8032 stdev=0.0004 n=10
Welch t (DECODE vs BASELINE) = 1771.414  (positive = DECODE faster)
DELTA_MEDIAN_PCT DECODE_vs_BASELINE = +100.1864%
DECODE_TFLOPS_LIST 0.8032,0.8031,0.8034,0.8031,0.8032,0.8034,0.8035,0.8037,0.8025,0.8025
BASELINE_TFLOPS_LIST 0.4010,0.4018,0.4012,0.4013,0.4013,0.4022,0.4010,0.4025,0.4005,0.4011
--- stderr (head) ---
W20260418 21:52:08.746265 140232588980224 agent.cpp:461] Attempt to enable hip visiblity for agent-2 which is not visible to HSA (ROCR)
[mxfp8_dispatch] rrr_pq: shape=(M=0,N=0,K=0) -> V1-PQ-DEFAULT
[mxfp8_dispatch] rrr_pq_v1: shape=(M=8,N=8192,K=8192) -> SMALLM-DECODE-M2-16-RRR (R44A)
[mxfp8_dispatch] rrr_pq: shape=(M=0,N=0,K=0) -> V1-PQ-DEFAULT
[orchestrate] attempt=1 rc=0 G1=2400MHz G2a=2389MHz G2b DEC=0.000498 BASE=0.001496 (gate=0.01 pass=1)
[orchestrate] PASS R36 3-gate at attempt=1; using as final.
Sat Apr 18 21:53:29 UTC 2026
