===== R45A label=8x8kx8k_rcr gpu=3 SHAPE=8x8kx8k LAYOUT=rcr M=8 N=8192 K=8192 =====
[orchestrate] N_PAIRS=5 WARMUP=30 ITERS=50 PREHEAT=30s WARMUP_PAIRS=2
[orchestrate] R36 3-gate: G1>=2200 G2a>=2200 G2b<=0.01 MAX_RETRIES=3
Sat Apr 18 21:53:33 UTC 2026
[bench attempt 1/3]
[bench attempt=1 rc=0]
[sclk-pre-preheat] GPU[3]		: sclk clock level: 1: (1783Mhz)
[preheat 30.0s] done 7164 iters
[sclk-post-preheat] GPU[3]		: sclk clock level: 1: (2345Mhz)
CORRECTNESS_DECODE snr_db=49.61
CORRECTNESS_BASELINE snr_db=49.61
[sclk-pre-bench] GPU[3]		: sclk clock level: 1: (2359Mhz)
WARMUP 0 DECODE=0.8832 BASELINE=0.8546
WARMUP 1 DECODE=0.8718 BASELINE=0.8551
PAIR 0 D1=0.8838 B1=0.8556 D2=0.8832 B2=0.8553
PAIR 1 D1=0.8846 B1=0.8550 D2=0.8832 B2=0.8549
PAIR 2 D1=0.8835 B1=0.8550 D2=0.8830 B2=0.8554
PAIR 3 D1=0.8828 B1=0.8553 D2=0.8832 B2=0.8551
PAIR 4 D1=0.8826 B1=0.8557 D2=0.8831 B2=0.8543
[sclk-post-bench] GPU[3]		: sclk clock level: 1: (2412Mhz)
BASELINE median=0.8552 mean=0.8552 stdev=0.0004 n=10
DECODE   median=0.8832 mean=0.8833 stdev=0.0006 n=10
Welch t (DECODE vs BASELINE) = 129.426  (positive = DECODE faster)
DELTA_MEDIAN_PCT DECODE_vs_BASELINE = +3.2744%
DECODE_TFLOPS_LIST 0.8838,0.8832,0.8846,0.8832,0.8835,0.8830,0.8828,0.8832,0.8826,0.8831
BASELINE_TFLOPS_LIST 0.8556,0.8553,0.8550,0.8549,0.8550,0.8554,0.8553,0.8551,0.8557,0.8543
--- stderr (head) ---
W20260418 21:53:36.357934 140700530012160 agent.cpp:461] Attempt to enable hip visiblity for agent-2 which is not visible to HSA (ROCR)
[mxfp8_dispatch] rcr_pq: shape=(M=0,N=0,K=0) -> V1-PQ-DEFAULT
[mxfp8_dispatch] rcr_pq_v1: shape=(M=8,N=8192,K=8192) -> SMALLM-DECODE-M2-16-RCR (R44A)
[mxfp8_dispatch] rcr_pq: shape=(M=0,N=0,K=0) -> V1-PQ-DEFAULT
[orchestrate] attempt=1 rc=0 G1=2345MHz G2a=2412MHz G2b DEC=0.000679 BASE=0.000468 (gate=0.01 pass=1)
[orchestrate] PASS R36 3-gate at attempt=1; using as final.
Sat Apr 18 21:54:38 UTC 2026
