===== R45A label=8x8kx8k_rcr gpu=6 SHAPE=8x8kx8k LAYOUT=rcr M=8 N=8192 K=8192 =====
[orchestrate] N_PAIRS=5 WARMUP=30 ITERS=50 PREHEAT=30s WARMUP_PAIRS=2
[orchestrate] R36 3-gate: G1>=2200 G2a>=2200 G2b<=0.01 MAX_RETRIES=3
Sat Apr 18 21:48:18 UTC 2026
[bench attempt 1/3]
[bench attempt=1 rc=0]
[sclk-pre-preheat] GPU[6]		: sclk clock level: 1: (1729Mhz)
[preheat 30.0s] done 7164 iters
[sclk-post-preheat] GPU[6]		: sclk clock level: 1: (2294Mhz)
CORRECTNESS_DECODE snr_db=49.61
CORRECTNESS_BASELINE snr_db=49.61
[sclk-pre-bench] GPU[6]		: sclk clock level: 1: (2336Mhz)
WARMUP 0 DECODE=0.8794 BASELINE=0.8436
WARMUP 1 DECODE=0.8797 BASELINE=0.8566
PAIR 0 D1=0.8804 B1=0.8564 D2=0.8803 B2=0.8565
PAIR 1 D1=0.8804 B1=0.8568 D2=0.8805 B2=0.8561
PAIR 2 D1=0.8809 B1=0.8343 D2=0.8805 B2=0.8571
PAIR 3 D1=0.8723 B1=0.2614 D2=0.4667 B2=0.2775
PAIR 4 D1=0.4424 B1=0.2740 D2=0.3753 B2=0.3046
[sclk-post-bench] GPU[6]		: sclk clock level: 1: (1787Mhz)
BASELINE median=0.8452 mean=0.6235 stdev=0.2964 n=10
DECODE   median=0.8803 mean=0.7439 stdev=0.2191 n=10
Welch t (DECODE vs BASELINE) = 1.034  (positive = DECODE faster)
DELTA_MEDIAN_PCT DECODE_vs_BASELINE = +4.1559%
DECODE_TFLOPS_LIST 0.8804,0.8803,0.8804,0.8805,0.8809,0.8805,0.8723,0.4667,0.4424,0.3753
BASELINE_TFLOPS_LIST 0.8564,0.8565,0.8568,0.8561,0.8343,0.8571,0.2614,0.2775,0.2740,0.3046
--- stderr (head) ---
W20260418 21:48:21.072089 140095361875968 agent.cpp:461] Attempt to enable hip visiblity for agent-2 which is not visible to HSA (ROCR)
[mxfp8_dispatch] rcr_pq: shape=(M=0,N=0,K=0) -> V1-PQ-DEFAULT
[mxfp8_dispatch] rcr_pq_v1: shape=(M=8,N=8192,K=8192) -> SMALLM-DECODE-M2-16-RCR (R44A)
[mxfp8_dispatch] rcr_pq: shape=(M=0,N=0,K=0) -> V1-PQ-DEFAULT
[orchestrate] attempt=1 rc=0 G1=2294MHz G2a=1787MHz G2b DEC=0.248892 BASE=0.350686 (gate=0.01 pass=0)
[orchestrate] attempt=1 FAILED gates; sleep 5...
[bench attempt 2/3]
[bench attempt=2 rc=0]
[sclk-pre-preheat] GPU[6]		: sclk clock level: 1: (1725Mhz)
[preheat 30.0s] done 7164 iters
[sclk-post-preheat] GPU[6]		: sclk clock level: 1: (1778Mhz)
CORRECTNESS_DECODE snr_db=49.61
CORRECTNESS_BASELINE snr_db=49.61
[sclk-pre-bench] GPU[6]		: sclk clock level: 1: (1826Mhz)
WARMUP 0 DECODE=0.4401 BASELINE=0.3185
WARMUP 1 DECODE=0.4215 BASELINE=0.2554
PAIR 0 D1=0.4308 B1=0.2536 D2=0.4177 B2=0.3990
PAIR 1 D1=0.4439 B1=0.3863 D2=0.4143 B2=0.3857
PAIR 2 D1=0.4508 B1=0.2611 D2=0.4016 B2=0.2609
PAIR 3 D1=0.4032 B1=0.3589 D2=0.3959 B2=0.3556
PAIR 4 D1=0.3899 B1=0.3571 D2=0.4023 B2=0.2908
[sclk-post-bench] GPU[6]		: sclk clock level: 1: (1852Mhz)
BASELINE median=0.3564 mean=0.3309 stdev=0.0579 n=10
DECODE   median=0.4088 mean=0.4150 stdev=0.0207 n=10
Welch t (DECODE vs BASELINE) = 4.328  (positive = DECODE faster)
DELTA_MEDIAN_PCT DECODE_vs_BASELINE = +14.7030%
DECODE_TFLOPS_LIST 0.4308,0.4177,0.4439,0.4143,0.4508,0.4016,0.4032,0.3959,0.3899,0.4023
BASELINE_TFLOPS_LIST 0.2536,0.3990,0.3863,0.3857,0.2611,0.2609,0.3589,0.3556,0.3571,0.2908
--- stderr (head) ---
W20260418 21:49:32.256640 139977949065216 agent.cpp:461] Attempt to enable hip visiblity for agent-2 which is not visible to HSA (ROCR)
[mxfp8_dispatch] rcr_pq: shape=(M=0,N=0,K=0) -> V1-PQ-DEFAULT
[mxfp8_dispatch] rcr_pq_v1: shape=(M=8,N=8192,K=8192) -> SMALLM-DECODE-M2-16-RCR (R44A)
[mxfp8_dispatch] rcr_pq: shape=(M=0,N=0,K=0) -> V1-PQ-DEFAULT
[orchestrate] attempt=2 rc=0 G1=1778MHz G2a=1852MHz G2b DEC=0.050636 BASE=0.162458 (gate=0.01 pass=0)
[orchestrate] attempt=2 FAILED gates; sleep 5...
[bench attempt 3/3]
[bench attempt=3 rc=0]
[sclk-pre-preheat] GPU[6]		: sclk clock level: 1: (1726Mhz)
[preheat 30.0s] done 7164 iters
[sclk-post-preheat] GPU[6]		: sclk clock level: 1: (1726Mhz)
CORRECTNESS_DECODE snr_db=49.61
CORRECTNESS_BASELINE snr_db=49.61
[sclk-pre-bench] GPU[6]		: sclk clock level: 1: (1720Mhz)
WARMUP 0 DECODE=0.4621 BASELINE=0.3657
WARMUP 1 DECODE=0.3923 BASELINE=0.3591
PAIR 0 D1=0.4134 B1=0.3862 D2=0.4826 B2=0.2747
PAIR 1 D1=0.4179 B1=0.2970 D2=0.3773 B2=0.2710
PAIR 2 D1=0.5558 B1=0.3593 D2=0.4378 B2=0.2793
PAIR 3 D1=0.4167 B1=0.2878 D2=0.4212 B2=0.3149
PAIR 4 D1=0.4102 B1=0.3965 D2=0.4662 B2=0.4029
[sclk-post-bench] GPU[6]		: sclk clock level: 1: (1724Mhz)
BASELINE median=0.3059 mean=0.3270 stdev=0.0536 n=10
DECODE   median=0.4195 mean=0.4399 stdev=0.0504 n=10
Welch t (DECODE vs BASELINE) = 4.857  (positive = DECODE faster)
DELTA_MEDIAN_PCT DECODE_vs_BASELINE = +37.1238%
DECODE_TFLOPS_LIST 0.4134,0.4826,0.4179,0.3773,0.5558,0.4378,0.4167,0.4212,0.4102,0.4662
BASELINE_TFLOPS_LIST 0.3862,0.2747,0.2970,0.2710,0.3593,0.2793,0.2878,0.3149,0.3965,0.4029
--- stderr (head) ---
W20260418 21:50:43.797627 140622972379136 agent.cpp:461] Attempt to enable hip visiblity for agent-2 which is not visible to HSA (ROCR)
[mxfp8_dispatch] rcr_pq: shape=(M=0,N=0,K=0) -> V1-PQ-DEFAULT
[mxfp8_dispatch] rcr_pq_v1: shape=(M=8,N=8192,K=8192) -> SMALLM-DECODE-M2-16-RCR (R44A)
[mxfp8_dispatch] rcr_pq: shape=(M=0,N=0,K=0) -> V1-PQ-DEFAULT
[orchestrate] attempt=3 rc=0 G1=1726MHz G2a=1724MHz G2b DEC=0.120143 BASE=0.175221 (gate=0.01 pass=0)
[orchestrate] attempt=3 FAILED gates; sleep 5...
[orchestrate] FAIL: 3-gate retry exhausted MAX_RETRIES=3
