===== R45A label=8x8kx8k_crr gpu=3 SHAPE=8x8kx8k LAYOUT=crr M=8 N=8192 K=8192 =====
[orchestrate] N_PAIRS=5 WARMUP=30 ITERS=50 PREHEAT=30s WARMUP_PAIRS=2
[orchestrate] R36 3-gate: G1>=2200 G2a>=2200 G2b<=0.01 MAX_RETRIES=3
Sat Apr 18 21:59:08 UTC 2026
[bench attempt 1/3]
[bench attempt=1 rc=0]
[sclk-pre-preheat] GPU[3]		: sclk clock level: 1: (1697Mhz)
[preheat 30.0s] done 6140 iters
[sclk-post-preheat] GPU[3]		: sclk clock level: 1: (2411Mhz)
CORRECTNESS_DECODE snr_db=49.57
CORRECTNESS_BASELINE snr_db=49.57
[sclk-pre-bench] GPU[3]		: sclk clock level: 1: (2368Mhz)
WARMUP 0 DECODE=0.5649 BASELINE=0.2995
WARMUP 1 DECODE=0.6969 BASELINE=0.2951
PAIR 0 D1=0.6647 B1=0.3471 D2=0.8032 B2=0.4448
PAIR 1 D1=0.8093 B1=0.2945 D2=0.6816 B2=0.3419
PAIR 2 D1=0.8045 B1=0.4442 D2=0.8087 B2=0.2943
PAIR 3 D1=0.6892 B1=0.3402 D2=0.8009 B2=0.4445
PAIR 4 D1=0.8084 B1=0.2936 D2=0.6958 B2=0.3373
[sclk-post-bench] GPU[3]		: sclk clock level: 1: (2393Mhz)
BASELINE median=0.3411 mean=0.3582 stdev=0.0631 n=10
DECODE   median=0.8021 mean=0.7566 stdev=0.0641 n=10
Welch t (DECODE vs BASELINE) = 14.011  (positive = DECODE faster)
DELTA_MEDIAN_PCT DECODE_vs_BASELINE = +135.1729%
DECODE_TFLOPS_LIST 0.6647,0.8032,0.8093,0.6816,0.8045,0.8087,0.6892,0.8009,0.8084,0.6958
BASELINE_TFLOPS_LIST 0.3471,0.4448,0.2945,0.3419,0.4442,0.2943,0.3402,0.4445,0.2936,0.3373
--- stderr (head) ---
W20260418 21:59:10.546277 139886429851648 agent.cpp:461] Attempt to enable hip visiblity for agent-2 which is not visible to HSA (ROCR)
[mxfp8_dispatch] crr_pq: shape=(M=0,N=0,K=0) -> V1-PQ-DEFAULT
[mxfp8_dispatch] crr_pq_v1: shape=(M=8,N=8192,K=8192) -> SMALLM-DECODE-M2-16-CRR (R44A)
[mxfp8_dispatch] crr_pq: shape=(M=0,N=0,K=0) -> V1-PQ-DEFAULT
[orchestrate] attempt=1 rc=0 G1=2411MHz G2a=2393MHz G2b DEC=0.079915 BASE=0.184990 (gate=0.01 pass=0)
[orchestrate] PASS R36 3-gate at attempt=1; using as final.
Sat Apr 18 22:00:45 UTC 2026
