===== R45A label=8x8kx8k_rrr gpu=2 SHAPE=8x8kx8k LAYOUT=rrr M=8 N=8192 K=8192 =====
[orchestrate] N_PAIRS=5 WARMUP=30 ITERS=50 PREHEAT=30s WARMUP_PAIRS=2
[orchestrate] R36 3-gate: G1>=2200 G2a>=2200 G2b<=0.01 MAX_RETRIES=3
Sat Apr 18 21:58:42 UTC 2026
[bench attempt 1/3]
[bench attempt=1 rc=0]
[sclk-pre-preheat] GPU[2]		: sclk clock level: S: (95Mhz)
[preheat 30.0s] done 8188 iters
[sclk-post-preheat] GPU[2]		: sclk clock level: 1: (2308Mhz)
CORRECTNESS_DECODE snr_db=49.56
CORRECTNESS_BASELINE snr_db=49.56
[sclk-pre-bench] GPU[2]		: sclk clock level: 1: (2341Mhz)
WARMUP 0 DECODE=0.8022 BASELINE=0.4071
WARMUP 1 DECODE=0.8026 BASELINE=0.4072
PAIR 0 D1=0.8030 B1=0.4062 D2=0.8029 B2=0.4056
PAIR 1 D1=0.8036 B1=0.4076 D2=0.8034 B2=0.4065
PAIR 2 D1=0.8027 B1=0.4071 D2=0.8029 B2=0.4063
PAIR 3 D1=0.8028 B1=0.4062 D2=0.8027 B2=0.4057
PAIR 4 D1=0.8034 B1=0.4064 D2=0.8031 B2=0.4067
[sclk-post-bench] GPU[2]		: sclk clock level: 1: (2400Mhz)
BASELINE median=0.4063 mean=0.4064 stdev=0.0006 n=10
DECODE   median=0.8030 mean=0.8031 stdev=0.0003 n=10
Welch t (DECODE vs BASELINE) = 1824.216  (positive = DECODE faster)
DELTA_MEDIAN_PCT DECODE_vs_BASELINE = +97.6200%
DECODE_TFLOPS_LIST 0.8030,0.8029,0.8036,0.8034,0.8027,0.8029,0.8028,0.8027,0.8034,0.8031
BASELINE_TFLOPS_LIST 0.4062,0.4056,0.4076,0.4065,0.4071,0.4063,0.4062,0.4057,0.4064,0.4067
--- stderr (head) ---
W20260418 21:58:44.845771 140433473417216 agent.cpp:461] Attempt to enable hip visiblity for agent-2 which is not visible to HSA (ROCR)
[mxfp8_dispatch] rrr_pq: shape=(M=0,N=0,K=0) -> V1-PQ-DEFAULT
[mxfp8_dispatch] rrr_pq_v1: shape=(M=8,N=8192,K=8192) -> SMALLM-DECODE-M2-16-RRR (R44A)
[mxfp8_dispatch] rrr_pq: shape=(M=0,N=0,K=0) -> V1-PQ-DEFAULT
[orchestrate] attempt=1 rc=0 G1=2308MHz G2a=2400MHz G2b DEC=0.000374 BASE=0.001477 (gate=0.01 pass=1)
[orchestrate] PASS R36 3-gate at attempt=1; using as final.
Sat Apr 18 21:59:46 UTC 2026
