===== R45A label=8x8kx8k_rcr gpu=2 SHAPE=8x8kx8k LAYOUT=rcr M=8 N=8192 K=8192 =====
[orchestrate] N_PAIRS=5 WARMUP=30 ITERS=50 PREHEAT=30s WARMUP_PAIRS=2
[orchestrate] R36 3-gate: G1>=2200 G2a>=2200 G2b<=0.01 MAX_RETRIES=3
Sat Apr 18 21:55:03 UTC 2026
[bench attempt 1/3]
[bench attempt=1 rc=0]
[sclk-pre-preheat] GPU[2]		: sclk clock level: 1: (157Mhz)
[preheat 30.0s] done 5116 iters
[sclk-post-preheat] GPU[2]		: sclk clock level: 1: (1700Mhz)
CORRECTNESS_DECODE snr_db=49.61
CORRECTNESS_BASELINE snr_db=49.61
[sclk-pre-bench] GPU[2]		: sclk clock level: 1: (1701Mhz)
WARMUP 0 DECODE=0.2575 BASELINE=0.1325
WARMUP 1 DECODE=0.2561 BASELINE=0.1291
PAIR 0 D1=0.2021 B1=0.1269 D2=0.2455 B2=0.1415
PAIR 1 D1=0.1923 B1=0.1368 D2=0.2370 B2=0.1388
PAIR 2 D1=0.2691 B1=0.1370 D2=0.1967 B2=0.1244
PAIR 3 D1=0.2250 B1=0.1441 D2=0.3060 B2=0.1442
PAIR 4 D1=0.3468 B1=0.1321 D2=0.2114 B2=0.1336
[sclk-post-bench] GPU[2]		: sclk clock level: 1: (1717Mhz)
BASELINE median=0.1369 mean=0.1359 stdev=0.0068 n=10
DECODE   median=0.2310 mean=0.2432 stdev=0.0507 n=10
Welch t (DECODE vs BASELINE) = 6.626  (positive = DECODE faster)
DELTA_MEDIAN_PCT DECODE_vs_BASELINE = +68.7823%
DECODE_TFLOPS_LIST 0.2021,0.2455,0.1923,0.2370,0.2691,0.1967,0.2250,0.3060,0.3468,0.2114
BASELINE_TFLOPS_LIST 0.1269,0.1415,0.1368,0.1388,0.1370,0.1244,0.1441,0.1442,0.1321,0.1336
--- stderr (head) ---
W20260418 21:55:06.313780 140630601310208 agent.cpp:461] Attempt to enable hip visiblity for agent-2 which is not visible to HSA (ROCR)
[mxfp8_dispatch] rcr_pq: shape=(M=0,N=0,K=0) -> V1-PQ-DEFAULT
[mxfp8_dispatch] rcr_pq_v1: shape=(M=8,N=8192,K=8192) -> SMALLM-DECODE-M2-16-RCR (R44A)
[mxfp8_dispatch] rcr_pq: shape=(M=0,N=0,K=0) -> V1-PQ-DEFAULT
[orchestrate] attempt=1 rc=0 G1=1700MHz G2a=1717MHz G2b DEC=0.219481 BASE=0.049671 (gate=0.01 pass=0)
[orchestrate] attempt=1 FAILED gates; sleep 5...
[bench attempt 2/3]
[bench attempt=2 rc=0]
[sclk-pre-preheat] GPU[2]		: sclk clock level: 1: (2394Mhz)
[preheat 30.0s] done 8188 iters
[sclk-post-preheat] GPU[2]		: sclk clock level: 1: (2319Mhz)
CORRECTNESS_DECODE snr_db=49.61
CORRECTNESS_BASELINE snr_db=49.61
[sclk-pre-bench] GPU[2]		: sclk clock level: 1: (2377Mhz)
WARMUP 0 DECODE=0.8817 BASELINE=0.8557
WARMUP 1 DECODE=0.8824 BASELINE=0.8581
PAIR 0 D1=0.8824 B1=0.8563 D2=0.8825 B2=0.8565
PAIR 1 D1=0.8837 B1=0.8562 D2=0.8828 B2=0.8562
PAIR 2 D1=0.8823 B1=0.8579 D2=0.8821 B2=0.8569
PAIR 3 D1=0.8827 B1=0.8563 D2=0.8831 B2=0.8573
PAIR 4 D1=0.8831 B1=0.8562 D2=0.8830 B2=0.8572
[sclk-post-bench] GPU[2]		: sclk clock level: 1: (2400Mhz)
BASELINE median=0.8564 mean=0.8567 stdev=0.0006 n=10
DECODE   median=0.8828 mean=0.8828 stdev=0.0005 n=10
Welch t (DECODE vs BASELINE) = 108.384  (positive = DECODE faster)
DELTA_MEDIAN_PCT DECODE_vs_BASELINE = +3.0793%
DECODE_TFLOPS_LIST 0.8824,0.8825,0.8837,0.8828,0.8823,0.8821,0.8827,0.8831,0.8831,0.8830
BASELINE_TFLOPS_LIST 0.8563,0.8565,0.8562,0.8562,0.8579,0.8569,0.8563,0.8573,0.8562,0.8572
--- stderr (head) ---
W20260418 21:57:27.185813 139757101191168 agent.cpp:461] Attempt to enable hip visiblity for agent-2 which is not visible to HSA (ROCR)
[mxfp8_dispatch] rcr_pq: shape=(M=0,N=0,K=0) -> V1-PQ-DEFAULT
[mxfp8_dispatch] rcr_pq_v1: shape=(M=8,N=8192,K=8192) -> SMALLM-DECODE-M2-16-RCR (R44A)
[mxfp8_dispatch] rcr_pq: shape=(M=0,N=0,K=0) -> V1-PQ-DEFAULT
[orchestrate] attempt=2 rc=0 G1=2319MHz G2a=2400MHz G2b DEC=0.000566 BASE=0.000701 (gate=0.01 pass=1)
[orchestrate] PASS R36 3-gate at attempt=2; using as final.
Sat Apr 18 21:58:42 UTC 2026
