===== R45A label=8x8kx8k_crr gpu=2 SHAPE=8x8kx8k LAYOUT=crr M=8 N=8192 K=8192 =====
[orchestrate] N_PAIRS=5 WARMUP=30 ITERS=50 PREHEAT=30s WARMUP_PAIRS=2
[orchestrate] R36 3-gate: G1>=2200 G2a>=2200 G2b<=0.01 MAX_RETRIES=3
Sat Apr 18 21:59:46 UTC 2026
[bench attempt 1/3]
[bench attempt=1 rc=0]
[sclk-pre-preheat] GPU[2]		: sclk clock level: 1: (157Mhz)
[preheat 30.0s] done 8188 iters
[sclk-post-preheat] GPU[2]		: sclk clock level: 1: (2312Mhz)
CORRECTNESS_DECODE snr_db=49.57
CORRECTNESS_BASELINE snr_db=49.57
[sclk-pre-bench] GPU[2]		: sclk clock level: 1: (2346Mhz)
WARMUP 0 DECODE=0.8350 BASELINE=0.4465
WARMUP 1 DECODE=0.8341 BASELINE=0.4461
PAIR 0 D1=0.8343 B1=0.4467 D2=0.8135 B2=0.4465
PAIR 1 D1=0.8344 B1=0.4466 D2=0.8342 B2=0.4466
PAIR 2 D1=0.8340 B1=0.4466 D2=0.8345 B2=0.4414
PAIR 3 D1=0.8349 B1=0.4462 D2=0.8346 B2=0.4468
PAIR 4 D1=0.8345 B1=0.4470 D2=0.8347 B2=0.4465
[sclk-post-bench] GPU[2]		: sclk clock level: 1: (2400Mhz)
BASELINE median=0.4466 mean=0.4461 stdev=0.0017 n=10
DECODE   median=0.8344 mean=0.8324 stdev=0.0066 n=10
Welch t (DECODE vs BASELINE) = 178.660  (positive = DECODE faster)
DELTA_MEDIAN_PCT DECODE_vs_BASELINE = +86.8306%
DECODE_TFLOPS_LIST 0.8343,0.8135,0.8344,0.8342,0.8340,0.8345,0.8349,0.8346,0.8345,0.8347
BASELINE_TFLOPS_LIST 0.4467,0.4465,0.4466,0.4466,0.4466,0.4414,0.4462,0.4468,0.4470,0.4465
--- stderr (head) ---
W20260418 21:59:49.246820 140388699308032 agent.cpp:461] Attempt to enable hip visiblity for agent-2 which is not visible to HSA (ROCR)
[mxfp8_dispatch] crr_pq: shape=(M=0,N=0,K=0) -> V1-PQ-DEFAULT
[mxfp8_dispatch] crr_pq_v1: shape=(M=8,N=8192,K=8192) -> SMALLM-DECODE-M2-16-CRR (R44A)
[mxfp8_dispatch] crr_pq: shape=(M=0,N=0,K=0) -> V1-PQ-DEFAULT
[orchestrate] attempt=1 rc=0 G1=2312MHz G2a=2400MHz G2b DEC=0.007910 BASE=0.003807 (gate=0.01 pass=1)
[orchestrate] PASS R36 3-gate at attempt=1; using as final.
Sat Apr 18 22:00:50 UTC 2026
