===== R45A label=8x8kx8k_rcr gpu=7 SHAPE=8x8kx8k LAYOUT=rcr M=8 N=8192 K=8192 =====
[orchestrate] N_PAIRS=5 WARMUP=30 ITERS=50 PREHEAT=30s WARMUP_PAIRS=2
[orchestrate] R36 3-gate: G1>=2200 G2a>=2200 G2b<=0.01 MAX_RETRIES=3
Sat Apr 18 21:45:35 UTC 2026
[bench attempt 1/3]
[bench attempt=1 rc=0]
[sclk-pre-preheat] GPU[7]		: sclk clock level: 1: (1817Mhz)
[preheat 30.0s] done 7164 iters
[sclk-post-preheat] GPU[7]		: sclk clock level: 1: (1656Mhz)
CORRECTNESS_DECODE snr_db=49.61
CORRECTNESS_BASELINE snr_db=49.61
[sclk-pre-bench] GPU[7]		: sclk clock level: 1: (1805Mhz)
WARMUP 0 DECODE=0.4697 BASELINE=0.3589
WARMUP 1 DECODE=0.4785 BASELINE=0.3160
PAIR 0 D1=0.4586 B1=0.2730 D2=0.4918 B2=0.3465
PAIR 1 D1=0.4085 B1=0.4018 D2=0.3998 B2=0.2927
PAIR 2 D1=0.4294 B1=0.3073 D2=0.4055 B2=0.3214
PAIR 3 D1=0.4374 B1=0.3592 D2=0.4566 B2=0.3918
PAIR 4 D1=0.4781 B1=0.3578 D2=0.4544 B2=0.2898
[sclk-post-bench] GPU[7]		: sclk clock level: 1: (1856Mhz)
BASELINE median=0.3339 mean=0.3341 stdev=0.0441 n=10
DECODE   median=0.4459 mean=0.4420 stdev=0.0313 n=10
Welch t (DECODE vs BASELINE) = 6.303  (positive = DECODE faster)
DELTA_MEDIAN_PCT DECODE_vs_BASELINE = +33.5319%
DECODE_TFLOPS_LIST 0.4586,0.4918,0.4085,0.3998,0.4294,0.4055,0.4374,0.4566,0.4781,0.4544
BASELINE_TFLOPS_LIST 0.2730,0.3465,0.4018,0.2927,0.3073,0.3214,0.3592,0.3918,0.3578,0.2898
--- stderr (head) ---
W20260418 21:45:38.693303 139887147995136 agent.cpp:461] Attempt to enable hip visiblity for agent-2 which is not visible to HSA (ROCR)
[mxfp8_dispatch] rcr_pq: shape=(M=0,N=0,K=0) -> V1-PQ-DEFAULT
[mxfp8_dispatch] rcr_pq_v1: shape=(M=8,N=8192,K=8192) -> SMALLM-DECODE-M2-16-RCR (R44A)
[mxfp8_dispatch] rcr_pq: shape=(M=0,N=0,K=0) -> V1-PQ-DEFAULT
[orchestrate] attempt=1 rc=0 G1=1656MHz G2a=1856MHz G2b DEC=0.070195 BASE=0.132075 (gate=0.01 pass=0)
[orchestrate] attempt=1 FAILED gates; sleep 5...
[bench attempt 2/3]
[bench attempt=2 rc=0]
[sclk-pre-preheat] GPU[7]		: sclk clock level: 1: (1809Mhz)
[preheat 30.0s] done 7164 iters
[sclk-post-preheat] GPU[7]		: sclk clock level: 1: (2099Mhz)
CORRECTNESS_DECODE snr_db=49.61
CORRECTNESS_BASELINE snr_db=49.61
[sclk-pre-bench] GPU[7]		: sclk clock level: 1: (2346Mhz)
WARMUP 0 DECODE=0.8835 BASELINE=0.8511
WARMUP 1 DECODE=0.8848 BASELINE=0.3449
PAIR 0 D1=0.4176 B1=0.2908 D2=0.4703 B2=0.3391
PAIR 1 D1=0.5267 B1=0.3047 D2=0.3916 B2=0.3935
PAIR 2 D1=0.4677 B1=0.3932 D2=0.4309 B2=0.3167
PAIR 3 D1=0.4326 B1=0.3192 D2=0.4081 B2=0.2741
PAIR 4 D1=0.4004 B1=0.2741 D2=0.4787 B2=0.2643
[sclk-post-bench] GPU[7]		: sclk clock level: 1: (1806Mhz)
BASELINE median=0.3107 mean=0.3170 stdev=0.0465 n=10
DECODE   median=0.4318 mean=0.4425 stdev=0.0424 n=10
Welch t (DECODE vs BASELINE) = 6.306  (positive = DECODE faster)
DELTA_MEDIAN_PCT DECODE_vs_BASELINE = +38.9790%
DECODE_TFLOPS_LIST 0.4176,0.4703,0.5267,0.3916,0.4677,0.4309,0.4326,0.4081,0.4004,0.4787
BASELINE_TFLOPS_LIST 0.2908,0.3391,0.3047,0.3935,0.3932,0.3167,0.3192,0.2741,0.2741,0.2643
--- stderr (head) ---
W20260418 21:46:49.211065 140687462014976 agent.cpp:461] Attempt to enable hip visiblity for agent-2 which is not visible to HSA (ROCR)
[mxfp8_dispatch] rcr_pq: shape=(M=0,N=0,K=0) -> V1-PQ-DEFAULT
[mxfp8_dispatch] rcr_pq_v1: shape=(M=8,N=8192,K=8192) -> SMALLM-DECODE-M2-16-RCR (R44A)
[mxfp8_dispatch] rcr_pq: shape=(M=0,N=0,K=0) -> V1-PQ-DEFAULT
[orchestrate] attempt=2 rc=0 G1=2099MHz G2a=1806MHz G2b DEC=0.098194 BASE=0.149662 (gate=0.01 pass=0)
[orchestrate] attempt=2 FAILED gates; sleep 5...
[bench attempt 3/3]
[bench attempt=3 rc=0]
[sclk-pre-preheat] GPU[7]		: sclk clock level: 1: (247Mhz)
[preheat 30.0s] done 7164 iters
[sclk-post-preheat] GPU[7]		: sclk clock level: 1: (2179Mhz)
CORRECTNESS_DECODE snr_db=49.61
CORRECTNESS_BASELINE snr_db=49.61
[sclk-pre-bench] GPU[7]		: sclk clock level: 1: (2341Mhz)
WARMUP 0 DECODE=0.8830 BASELINE=0.8549
WARMUP 1 DECODE=0.8839 BASELINE=0.8548
PAIR 0 D1=0.8829 B1=0.8556 D2=0.8833 B2=0.8549
PAIR 1 D1=0.8837 B1=0.8557 D2=0.8831 B2=0.8543
PAIR 2 D1=0.8829 B1=0.8554 D2=0.8837 B2=0.8547
PAIR 3 D1=0.8830 B1=0.8547 D2=0.8835 B2=0.8555
PAIR 4 D1=0.8831 B1=0.8538 D2=0.8831 B2=0.8550
[sclk-post-bench] GPU[7]		: sclk clock level: 1: (2407Mhz)
BASELINE median=0.8550 mean=0.8550 stdev=0.0006 n=10
DECODE   median=0.8831 mean=0.8832 stdev=0.0003 n=10
Welch t (DECODE vs BASELINE) = 132.537  (positive = DECODE faster)
DELTA_MEDIAN_PCT DECODE_vs_BASELINE = +3.2934%
DECODE_TFLOPS_LIST 0.8829,0.8833,0.8837,0.8831,0.8829,0.8837,0.8830,0.8835,0.8831,0.8831
BASELINE_TFLOPS_LIST 0.8556,0.8549,0.8557,0.8543,0.8554,0.8547,0.8547,0.8555,0.8538,0.8550
--- stderr (head) ---
W20260418 21:48:21.010114 140378524905472 agent.cpp:461] Attempt to enable hip visiblity for agent-2 which is not visible to HSA (ROCR)
[mxfp8_dispatch] rcr_pq: shape=(M=0,N=0,K=0) -> V1-PQ-DEFAULT
[mxfp8_dispatch] rcr_pq_v1: shape=(M=8,N=8192,K=8192) -> SMALLM-DECODE-M2-16-RCR (R44A)
[mxfp8_dispatch] rcr_pq: shape=(M=0,N=0,K=0) -> V1-PQ-DEFAULT
[orchestrate] attempt=3 rc=0 G1=2179MHz G2a=2407MHz G2b DEC=0.000340 BASE=0.000702 (gate=0.01 pass=1)
[orchestrate] attempt=3 FAILED gates; sleep 5...
[orchestrate] FAIL: 3-gate retry exhausted MAX_RETRIES=3
