spawn GPU2 sweep
spawn GPU3 sweep
spawn GPU6 sweep
spawn GPU7 sweep
[gpu2] === 4x4kx4k_rcr ===
waiting for 4 GPU sweeps...
[gpu6] === 4x4kx4k_rcr ===
[gpu3] === 4x4kx4k_rcr ===
[gpu7] === 4x4kx4k_rcr ===
[gpu7] DONE 4x4kx4k_rcr
[gpu7] === 4x4kx4k_rrr ===
[gpu2] DONE 4x4kx4k_rcr
[gpu2] === 4x4kx4k_rrr ===
[gpu6] DONE 4x4kx4k_rcr
[gpu6] === 4x4kx4k_rrr ===
[gpu3] DONE 4x4kx4k_rcr
[gpu3] === 4x4kx4k_rrr ===
[gpu7] DONE 4x4kx4k_rrr
[gpu7] === 4x4kx4k_crr ===
[gpu6] DONE 4x4kx4k_rrr
[gpu6] === 4x4kx4k_crr ===
[gpu7] DONE 4x4kx4k_crr
[gpu7] === 4x8kx8k_rcr ===
[gpu2] FAIL 4x4kx4k_rrr rc=2
[gpu2] === 4x4kx4k_crr ===
[gpu7] DONE 4x8kx8k_rcr
[gpu7] === 4x8kx8k_rrr ===
[gpu3] FAIL 4x4kx4k_rrr rc=2
[gpu3] === 4x4kx4k_crr ===
[gpu6] FAIL 4x4kx4k_crr rc=2
[gpu6] === 4x8kx8k_rcr ===
[gpu2] FAIL 4x4kx4k_crr rc=2
[gpu2] === 4x8kx8k_rcr ===
[gpu7] FAIL 4x8kx8k_rrr rc=2
[gpu7] === 4x8kx8k_crr ===
[gpu3] FAIL 4x4kx4k_crr rc=2
[gpu3] === 4x8kx8k_rcr ===
[gpu6] FAIL 4x8kx8k_rcr rc=2
[gpu6] === 4x8kx8k_rrr ===
[gpu7] FAIL 4x8kx8k_crr rc=2
[gpu7] === 8x8kx8k_rcr ===
[gpu3] FAIL 4x8kx8k_rcr rc=2
[gpu3] === 4x8kx8k_rrr ===
[gpu2] FAIL 4x8kx8k_rcr rc=2
[gpu2] === 4x8kx8k_rrr ===
[gpu6] DONE 4x8kx8k_rrr
[gpu6] === 4x8kx8k_crr ===
[gpu6] DONE 4x8kx8k_crr
[gpu6] === 8x8kx8k_rcr ===
[gpu7] FAIL 8x8kx8k_rcr rc=2
[gpu7] === 8x8kx8k_rrr ===
[gpu3] FAIL 4x8kx8k_rrr rc=2
[gpu3] === 4x8kx8k_crr ===
[gpu2] FAIL 4x8kx8k_rrr rc=2
[gpu2] === 4x8kx8k_crr ===
[gpu7] DONE 8x8kx8k_rrr
[gpu7] === 8x8kx8k_crr ===
[gpu6] FAIL 8x8kx8k_rcr rc=2
[gpu6] === 8x8kx8k_rrr ===
[gpu6] DONE 8x8kx8k_rrr
[gpu6] === 8x8kx8k_crr ===
[gpu3] FAIL 4x8kx8k_crr rc=2
[gpu3] === 8x8kx8k_rcr ===
[gpu7] DONE 8x8kx8k_crr
[gpu7] === 16x8kx8k_rcr ===
[gpu3] DONE 8x8kx8k_rcr
[gpu3] === 8x8kx8k_rrr ===
[gpu2] DONE 4x8kx8k_crr
[gpu2] === 8x8kx8k_rcr ===
[gpu6] FAIL 8x8kx8k_crr rc=2
[gpu6] === 16x8kx8k_rcr ===
[gpu7] DONE 16x8kx8k_rcr
[gpu7] === 16x8kx8k_rrr ===
[gpu2] DONE 8x8kx8k_rcr
[gpu2] === 8x8kx8k_rrr ===
[gpu6] DONE 16x8kx8k_rcr
[gpu6] === 16x8kx8k_rrr ===
[gpu3] FAIL 8x8kx8k_rrr rc=2
[gpu3] === 8x8kx8k_crr ===
[gpu2] DONE 8x8kx8k_rrr
[gpu2] === 8x8kx8k_crr ===
[gpu6] DONE 16x8kx8k_rrr
[gpu6] === 16x8kx8k_crr ===
[gpu7] DONE 16x8kx8k_rrr
[gpu7] === 16x8kx8k_crr ===
[gpu3] DONE 8x8kx8k_crr
[gpu3] === 16x8kx8k_rcr ===
[gpu2] DONE 8x8kx8k_crr
[gpu2] === 16x8kx8k_rcr ===
[gpu6] FAIL 16x8kx8k_crr rc=2
[gpu7] FAIL 16x8kx8k_crr rc=2
[gpu2] FAIL 16x8kx8k_rcr rc=2
[gpu2] === 16x8kx8k_rrr ===
[gpu3] FAIL 16x8kx8k_rcr rc=2
[gpu3] === 16x8kx8k_rrr ===
[gpu2] FAIL 16x8kx8k_rrr rc=2
[gpu2] === 16x8kx8k_crr ===
[gpu3] FAIL 16x8kx8k_rrr rc=2
[gpu3] === 16x8kx8k_crr ===
[gpu2] FAIL 16x8kx8k_crr rc=2
[gpu3] FAIL 16x8kx8k_crr rc=2
ALL DONE
