===== R40 Reviewer Phase 2 cell=70b_kv_b1 label=70b_kv_b1 gpu=2 N_PAIRS=10 BENCH_KIND=two_so =====
Sat Apr 18 16:48:23 UTC 2026
[two_so] SO_A=/tmp/r40_70bkv_baseline.so MOD_A=tk_mxfp8_r40_70bkv_baseline SO_B=/tmp/r40_70bkv_b1.so MOD_B=tk_mxfp8_r40_70bkv_b1
[bench rc=0]
[sclk-pre-preheat] GPU[2]		: sclk clock level: 1: (159Mhz)
[preheat 45.0s] done 10236 iters
[sclk-post-preheat] GPU[2]		: sclk clock level: 1: (2110Mhz)
CORRECTNESS_A_default snr_db=49.60 pass_rate_pct=100.00 det_ok=True
CORRECTNESS_B_b1 snr_db=49.60 pass_rate_pct=100.00 det_ok=True
[sclk-pre-bench] GPU[2]		: sclk clock level: 1: (2357Mhz)
WARMUP 0 B_b1=971.77 A_default=784.19
WARMUP 1 B_b1=1011.52 A_default=783.50
PAIR 0 B_b1_1=1013.44 A_default_1=783.80 B_b1_2=1013.18 A_default_2=786.74
PAIR 1 B_b1_1=1021.35 A_default_1=786.59 B_b1_2=1016.70 A_default_2=786.83
PAIR 2 B_b1_1=1018.60 A_default_1=786.67 B_b1_2=1016.09 A_default_2=785.35
PAIR 3 B_b1_1=1022.27 A_default_1=787.85 B_b1_2=1019.08 A_default_2=789.30
PAIR 4 B_b1_1=1014.82 A_default_1=787.42 B_b1_2=1012.14 A_default_2=783.64
PAIR 5 B_b1_1=1013.01 A_default_1=785.15 B_b1_2=1012.53 A_default_2=790.79
PAIR 6 B_b1_1=1019.06 A_default_1=789.01 B_b1_2=1017.81 A_default_2=786.68
PAIR 7 B_b1_1=1017.29 A_default_1=789.93 B_b1_2=1017.62 A_default_2=788.20
PAIR 8 B_b1_1=1015.98 A_default_1=785.01 B_b1_2=1026.84 A_default_2=788.20
PAIR 9 B_b1_1=1014.81 A_default_1=788.99 B_b1_2=1016.27 A_default_2=789.77
[sclk-post-bench] GPU[2]		: sclk clock level: 1: (2395Mhz)
CRR_DEFAULT  median=787.12 mean=787.30 stdev=2.03 n=20
CRR_HBSHRINK median=1016.49 mean=1016.95 stdev=3.66 n=20
Welch t (DEFAULT vs HBSHRINK) = 245.471  (positive = HBSHRINK faster)
DELTA_MEDIAN_PCT HBSHRINK_vs_DEFAULT = +29.140%
CRR_DEFAULT_TFLOPS_LIST 783.8009,786.7372,786.5933,786.8307,786.6720,785.3493,787.8486,789.3037,787.4151,783.6364,785.1481,790.7931,789.0062,786.6793,789.9348,788.1952,785.0114,788.2028,788.9919,789.7683
CRR_HBSHRINK_TFLOPS_LIST 1013.4423,1013.1787,1021.3473,1016.7044,1018.5975,1016.0910,1022.2708,1019.0809,1014.8186,1012.1401,1013.0118,1012.5338,1019.0567,1017.8130,1017.2950,1017.6201,1015.9829,1026.8409,1014.8072,1016.2720
--- stderr ---
W20260418 16:48:26.153780 140275071787008 agent.cpp:461] Attempt to enable hip visiblity for agent-2 which is not visible to HSA (ROCR)
[mxfp8_dispatch] crr_v2: shape=(M=4096,N=1024,K=8192) -> ADVISE-V2-RRR-70B-KV (R33C +10.24% min)
[mxfp8_dispatch] crr_v2: shape=(M=4096,N=1024,K=8192) -> CRR-V2-EXACT-8WAVE-DEFAULT
[mxfp8_dispatch] crr_v2: shape=(M=4096,N=1024,K=8192) -> ADVISE-V2-RRR-70B-KV (R33C +10.24% min)
[mxfp8_dispatch] crr_v2: shape=(M=4096,N=1024,K=8192) -> CRR-V2-HBSHRINK-B1-70B-KV (R37AB SHIP)
Sat Apr 18 16:49:38 UTC 2026
