===== R40 Reviewer Phase 2 cell=70b_kv_b1 label=70b_kv_b1 gpu=7 N_PAIRS=10 BENCH_KIND=two_so =====
Sat Apr 18 16:49:38 UTC 2026
[two_so] SO_A=/tmp/r40_70bkv_baseline.so MOD_A=tk_mxfp8_r40_70bkv_baseline SO_B=/tmp/r40_70bkv_b1.so MOD_B=tk_mxfp8_r40_70bkv_b1
[bench rc=0]
[sclk-pre-preheat] GPU[7]		: sclk clock level: 1: (176Mhz)
[preheat 45.0s] done 10236 iters
[sclk-post-preheat] GPU[7]		: sclk clock level: 1: (2133Mhz)
CORRECTNESS_A_default snr_db=49.60 pass_rate_pct=100.00 det_ok=True
CORRECTNESS_B_b1 snr_db=49.60 pass_rate_pct=100.00 det_ok=True
[sclk-pre-bench] GPU[7]		: sclk clock level: 1: (2355Mhz)
WARMUP 0 B_b1=966.92 A_default=792.14
WARMUP 1 B_b1=998.93 A_default=793.03
PAIR 0 B_b1_1=1027.09 A_default_1=794.33 B_b1_2=1014.11 A_default_2=792.98
PAIR 1 B_b1_1=1023.33 A_default_1=794.08 B_b1_2=1023.89 A_default_2=793.52
PAIR 2 B_b1_1=1023.28 A_default_1=790.96 B_b1_2=1018.04 A_default_2=793.03
PAIR 3 B_b1_1=1027.16 A_default_1=794.18 B_b1_2=1026.96 A_default_2=794.41
PAIR 4 B_b1_1=1026.62 A_default_1=795.33 B_b1_2=1022.56 A_default_2=796.99
PAIR 5 B_b1_1=1022.62 A_default_1=789.26 B_b1_2=1022.39 A_default_2=792.65
PAIR 6 B_b1_1=1023.22 A_default_1=794.74 B_b1_2=1024.33 A_default_2=792.66
PAIR 7 B_b1_1=1026.09 A_default_1=794.63 B_b1_2=1029.12 A_default_2=793.25
PAIR 8 B_b1_1=1026.72 A_default_1=793.32 B_b1_2=1023.44 A_default_2=794.01
PAIR 9 B_b1_1=1027.15 A_default_1=792.16 B_b1_2=1023.11 A_default_2=794.84
[sclk-post-bench] GPU[7]		: sclk clock level: 1: (2405Mhz)
CRR_DEFAULT  median=793.76 mean=793.57 stdev=1.64 n=20
CRR_HBSHRINK median=1023.67 mean=1024.06 stdev=3.45 n=20
Welch t (DEFAULT vs HBSHRINK) = 270.257  (positive = HBSHRINK faster)
DELTA_MEDIAN_PCT HBSHRINK_vs_DEFAULT = +28.963%
CRR_DEFAULT_TFLOPS_LIST 794.3251,792.9830,794.0824,793.5183,790.9609,793.0273,794.1784,794.4061,795.3327,796.9854,789.2600,792.6539,794.7443,792.6616,794.6337,793.2466,793.3200,794.0097,792.1570,794.8398
CRR_HBSHRINK_TFLOPS_LIST 1027.0861,1014.1120,1023.3306,1023.8911,1023.2813,1018.0422,1027.1607,1026.9642,1026.6206,1022.5629,1022.6234,1022.3922,1023.2197,1024.3304,1026.0933,1029.1167,1026.7185,1023.4401,1027.1484,1023.1106
--- stderr ---
W20260418 16:49:41.294882 140090018504704 agent.cpp:461] Attempt to enable hip visiblity for agent-2 which is not visible to HSA (ROCR)
[mxfp8_dispatch] crr_v2: shape=(M=4096,N=1024,K=8192) -> ADVISE-V2-RRR-70B-KV (R33C +10.24% min)
[mxfp8_dispatch] crr_v2: shape=(M=4096,N=1024,K=8192) -> CRR-V2-EXACT-8WAVE-DEFAULT
[mxfp8_dispatch] crr_v2: shape=(M=4096,N=1024,K=8192) -> ADVISE-V2-RRR-70B-KV (R33C +10.24% min)
[mxfp8_dispatch] crr_v2: shape=(M=4096,N=1024,K=8192) -> CRR-V2-HBSHRINK-B1-70B-KV (R37AB SHIP)
Sat Apr 18 16:50:54 UTC 2026
