===== R40 Reviewer Phase 2 cell=70b_kv_b1 label=70b_kv_b1_alt gpu=4 N_PAIRS=10 BENCH_KIND=two_so =====
Sat Apr 18 16:48:35 UTC 2026
[two_so] SO_A=/tmp/r40_70bkv_baseline.so MOD_A=tk_mxfp8_r40_70bkv_baseline SO_B=/tmp/r40_70bkv_b1.so MOD_B=tk_mxfp8_r40_70bkv_b1
[bench rc=0]
[sclk-pre-preheat] GPU[4]		: sclk clock level: 1: (182Mhz)
[preheat 45.0s] done 10236 iters
[sclk-post-preheat] GPU[4]		: sclk clock level: 1: (2166Mhz)
CORRECTNESS_A_default snr_db=49.60 pass_rate_pct=100.00 det_ok=True
CORRECTNESS_B_b1 snr_db=49.60 pass_rate_pct=100.00 det_ok=True
[sclk-pre-bench] GPU[4]		: sclk clock level: 1: (2328Mhz)
WARMUP 0 B_b1=983.83 A_default=791.81
WARMUP 1 B_b1=1016.40 A_default=791.17
PAIR 0 B_b1_1=1025.01 A_default_1=790.75 B_b1_2=1022.23 A_default_2=792.02
PAIR 1 B_b1_1=1030.52 A_default_1=791.85 B_b1_2=1020.95 A_default_2=795.02
PAIR 2 B_b1_1=1032.67 A_default_1=794.21 B_b1_2=1019.63 A_default_2=795.42
PAIR 3 B_b1_1=1030.31 A_default_1=793.64 B_b1_2=1025.74 A_default_2=792.00
PAIR 4 B_b1_1=1016.90 A_default_1=792.25 B_b1_2=1029.33 A_default_2=794.50
PAIR 5 B_b1_1=1021.75 A_default_1=793.54 B_b1_2=1020.84 A_default_2=793.91
PAIR 6 B_b1_1=1028.08 A_default_1=793.58 B_b1_2=1019.44 A_default_2=794.25
PAIR 7 B_b1_1=1024.62 A_default_1=795.73 B_b1_2=1030.02 A_default_2=790.61
PAIR 8 B_b1_1=1029.94 A_default_1=792.56 B_b1_2=1022.34 A_default_2=793.89
PAIR 9 B_b1_1=1031.63 A_default_1=794.16 B_b1_2=1026.30 A_default_2=796.17
[sclk-post-bench] GPU[4]		: sclk clock level: 1: (2389Mhz)
CRR_DEFAULT  median=793.76 mean=793.50 stdev=1.56 n=20
CRR_HBSHRINK median=1025.38 mean=1025.41 stdev=4.72 n=20
Welch t (DEFAULT vs HBSHRINK) = 208.706  (positive = HBSHRINK faster)
DELTA_MEDIAN_PCT HBSHRINK_vs_DEFAULT = +29.179%
CRR_DEFAULT_TFLOPS_LIST 790.7492,792.0179,791.8501,795.0235,794.2076,795.4210,793.6352,792.0033,792.2516,794.5014,793.5399,793.9066,793.5767,794.2514,795.7309,790.6113,792.5586,793.8918,794.1635,796.1660
CRR_HBSHRINK_TFLOPS_LIST 1025.0149,1022.2340,1030.5245,1020.9458,1032.6678,1019.6252,1030.3144,1025.7373,1016.8973,1029.3267,1021.7479,1020.8373,1028.0821,1019.4437,1024.6239,1030.0176,1029.9432,1022.3432,1031.6260,1026.3014
--- stderr ---
W20260418 16:48:38.321754 140459056865280 agent.cpp:461] Attempt to enable hip visiblity for agent-2 which is not visible to HSA (ROCR)
[mxfp8_dispatch] crr_v2: shape=(M=4096,N=1024,K=8192) -> ADVISE-V2-RRR-70B-KV (R33C +10.24% min)
[mxfp8_dispatch] crr_v2: shape=(M=4096,N=1024,K=8192) -> CRR-V2-EXACT-8WAVE-DEFAULT
[mxfp8_dispatch] crr_v2: shape=(M=4096,N=1024,K=8192) -> ADVISE-V2-RRR-70B-KV (R33C +10.24% min)
[mxfp8_dispatch] crr_v2: shape=(M=4096,N=1024,K=8192) -> CRR-V2-HBSHRINK-B1-70B-KV (R37AB SHIP)
Sat Apr 18 16:49:51 UTC 2026
