===== R40 Reviewer Phase 2 cell=8b_down label=8b_down_rrr gpu=6 N_PAIRS=10 BENCH_KIND=one_so_layout =====
Sat Apr 18 16:45:11 UTC 2026
[one_so_layout] SO=/tmp/r40_8bdown.so MOD=tk_mxfp8_r40_8bdown LAYOUT_A=crr LAYOUT_B=rrr
[bench rc=0]
[sclk-pre-preheat] GPU[6]		: sclk clock level: 1: (1792Mhz)
[preheat 45.0s] done 9212 iters
[sclk-post-preheat] GPU[6]		: sclk clock level: 1: (1704Mhz)
CORRECTNESS_CRR snr_db=49.61 pass_rate_pct=100.00 det_ok=True
CORRECTNESS_RRR snr_db=49.61 pass_rate_pct=100.00 det_ok=True
[sclk-pre-bench] GPU[6]		: sclk clock level: 1: (2348Mhz)
WARMUP 0 RRR=2731.59 CRR=2718.57 sclk=GPU[6]		: sclk clock level: 1: (2295Mhz)
WARMUP 1 RRR=2676.97 CRR=2698.27 sclk=GPU[6]		: sclk clock level: 1: (2284Mhz)
PAIR 0 RRR_1=2713.05 CRR_1=2706.80 RRR_2=2923.84 CRR_2=2721.22
PAIR 1 RRR_1=2951.14 CRR_1=2733.30 RRR_2=2923.40 CRR_2=2700.91
PAIR 2 RRR_1=2929.50 CRR_1=2730.15 RRR_2=2948.36 CRR_2=2707.10
PAIR 3 RRR_1=2974.39 CRR_1=2726.65 RRR_2=2951.65 CRR_2=2741.50
PAIR 4 RRR_1=2975.75 CRR_1=2751.64 RRR_2=2932.20 CRR_2=2726.47
PAIR 5 RRR_1=2901.33 CRR_1=2716.20 RRR_2=2967.99 CRR_2=2744.22
PAIR 6 RRR_1=2986.35 CRR_1=2777.80 RRR_2=2950.30 CRR_2=2719.45
PAIR 7 RRR_1=2948.46 CRR_1=2735.40 RRR_2=2935.66 CRR_2=2729.75
PAIR 8 RRR_1=2978.67 CRR_1=2718.18 RRR_2=2927.60 CRR_2=2706.17
PAIR 9 RRR_1=2931.84 CRR_1=2726.28 RRR_2=2935.42 CRR_2=2724.29
[sclk-post-bench] GPU[6]		: sclk clock level: 1: (2205Mhz)
CRR  median=2726.37 mean=2727.17 stdev=17.82 n=20
RRR  median=2942.01 mean=2934.34 stdev=56.53 n=20
Welch t (CRR vs RRR) = 15.631  (positive = RRR faster)
DELTA_MEDIAN_PCT RRR_vs_CRR = +7.909%
CRR_TFLOPS_LIST 2706.7999,2721.2180,2733.3029,2700.9148,2730.1501,2707.1036,2726.6474,2741.5020,2751.6398,2726.4731,2716.2026,2744.2180,2777.8009,2719.4457,2735.4050,2729.7541,2718.1789,2706.1667,2726.2768,2724.2879
RRR_TFLOPS_LIST 2713.0533,2923.8434,2951.1381,2923.4024,2929.5004,2948.3598,2974.3923,2951.6451,2975.7480,2932.1986,2901.3269,2967.9915,2986.3450,2950.2979,2948.4603,2935.6630,2978.6653,2927.6034,2931.8423,2935.4208
--- stderr ---
W20260418 16:45:15.120149 140482942083072 agent.cpp:461] Attempt to enable hip visiblity for agent-2 which is not visible to HSA (ROCR)
[mxfp8_dispatch] crr_v2: shape=(M=4096,N=4096,K=14336) -> ADVISE-V2-RRR-8B-DOWN (R36B +9.51%)
[mxfp8_dispatch] crr_v2: shape=(M=4096,N=4096,K=14336) -> CRR-V2-EXACT-8WAVE-DEFAULT
[mxfp8_dispatch] rrr_v2: shape=(M=4096,N=4096,K=14336) -> RRR-V2-EXACT-8WAVE
Sat Apr 18 16:46:34 UTC 2026
