===== R40 Reviewer Phase 2 cell=8b_gateup label=8b_gateup_rrr gpu=2 N_PAIRS=10 BENCH_KIND=one_so_layout =====
Sat Apr 18 16:45:11 UTC 2026
[one_so_layout] SO=/tmp/r40_8bgateup.so MOD=tk_mxfp8_r40_8bgateup LAYOUT_A=crr LAYOUT_B=rrr
[bench rc=0]
[sclk-pre-preheat] GPU[2]		: sclk clock level: 1: (158Mhz)
[preheat 45.0s] done 10236 iters
[sclk-post-preheat] GPU[2]		: sclk clock level: 1: (2284Mhz)
CORRECTNESS_CRR snr_db=49.61 pass_rate_pct=100.00 det_ok=True
CORRECTNESS_RRR snr_db=49.61 pass_rate_pct=100.00 det_ok=True
[sclk-pre-bench] GPU[2]		: sclk clock level: 1: (2362Mhz)
WARMUP 0 RRR=2349.41 CRR=2289.67 sclk=GPU[2]		: sclk clock level: 1: (2340Mhz)
WARMUP 1 RRR=2390.96 CRR=2379.05 sclk=GPU[2]		: sclk clock level: 1: (2353Mhz)
PAIR 0 RRR_1=2385.81 CRR_1=2375.49 RRR_2=2556.00 CRR_2=2406.36
PAIR 1 RRR_1=2559.53 CRR_1=2406.21 RRR_2=2561.16 CRR_2=2405.21
PAIR 2 RRR_1=2561.92 CRR_1=2410.96 RRR_2=2565.28 CRR_2=2415.65
PAIR 3 RRR_1=2507.11 CRR_1=2414.86 RRR_2=2523.90 CRR_2=2394.42
PAIR 4 RRR_1=2567.06 CRR_1=2421.37 RRR_2=2566.94 CRR_2=2420.55
PAIR 5 RRR_1=2519.59 CRR_1=2409.84 RRR_2=2555.41 CRR_2=2417.70
PAIR 6 RRR_1=2572.71 CRR_1=2375.90 RRR_2=2568.80 CRR_2=2410.68
PAIR 7 RRR_1=2570.19 CRR_1=2414.45 RRR_2=2519.89 CRR_2=2382.08
PAIR 8 RRR_1=2517.14 CRR_1=2372.13 RRR_2=2559.94 CRR_2=2412.06
PAIR 9 RRR_1=2541.70 CRR_1=2402.90 RRR_2=2518.43 CRR_2=2381.51
[sclk-post-bench] GPU[2]		: sclk clock level: 1: (2331Mhz)
CRR  median=2408.10 mean=2402.52 stdev=16.20 n=20
RRR  median=2557.77 mean=2539.93 stdev=42.32 n=20
Welch t (CRR vs RRR) = 13.560  (positive = RRR faster)
DELTA_MEDIAN_PCT RRR_vs_CRR = +6.215%
CRR_TFLOPS_LIST 2375.4886,2406.3572,2406.2127,2405.2115,2410.9595,2415.6472,2414.8614,2394.4166,2421.3673,2420.5493,2409.8389,2417.6971,2375.9008,2410.6790,2414.4544,2382.0765,2372.1350,2412.0623,2402.9047,2381.5100
RRR_TFLOPS_LIST 2385.8092,2555.9992,2559.5347,2561.1594,2561.9227,2565.2787,2507.1131,2523.8986,2567.0635,2566.9435,2519.5942,2555.4112,2572.7096,2568.7963,2570.1910,2519.8893,2517.1361,2559.9379,2541.7042,2518.4328
--- stderr ---
W20260418 16:45:15.059026 139854732288000 agent.cpp:461] Attempt to enable hip visiblity for agent-2 which is not visible to HSA (ROCR)
[mxfp8_dispatch] crr_v2: shape=(M=4096,N=14336,K=4096) -> ADVISE-V2-RRR-8B-GATEUP (R34B +5.025% min)
[mxfp8_dispatch] crr_v2: shape=(M=4096,N=14336,K=4096) -> CRR-V2-EXACT-8WAVE-DEFAULT
[mxfp8_dispatch] rrr_v2: shape=(M=4096,N=14336,K=4096) -> RRR-V2-EXACT-8WAVE
Sat Apr 18 16:46:27 UTC 2026
