===== R40 Reviewer Phase 2 cell=8b_kv_b1 label=8b_kv_b1 gpu=7 N_PAIRS=10 BENCH_KIND=two_so =====
Sat Apr 18 16:45:11 UTC 2026
[two_so] SO_A=/tmp/r40_8bkv_default.so MOD_A=tk_mxfp8_r40_8bkv_default SO_B=/tmp/r40_8bkv_b1.so MOD_B=tk_mxfp8_r40_8bkv_b1
[bench rc=0]
[sclk-pre-preheat] GPU[7]		: sclk clock level: 1: (243Mhz)
[preheat 45.0s] done 10236 iters
[sclk-post-preheat] GPU[7]		: sclk clock level: 1: (1963Mhz)
CORRECTNESS_A_default snr_db=49.61 pass_rate_pct=100.00 det_ok=True
CORRECTNESS_B_b1 snr_db=49.61 pass_rate_pct=100.00 det_ok=True
[sclk-pre-bench] GPU[7]		: sclk clock level: 1: (2382Mhz)
WARMUP 0 B_b1=796.15 A_default=660.62
WARMUP 1 B_b1=833.59 A_default=655.35
PAIR 0 B_b1_1=826.77 A_default_1=660.75 B_b1_2=825.77 A_default_2=655.11
PAIR 1 B_b1_1=829.63 A_default_1=654.84 B_b1_2=815.86 A_default_2=658.47
PAIR 2 B_b1_1=818.05 A_default_1=658.76 B_b1_2=823.98 A_default_2=657.02
PAIR 3 B_b1_1=831.95 A_default_1=657.63 B_b1_2=824.47 A_default_2=658.52
PAIR 4 B_b1_1=820.67 A_default_1=656.73 B_b1_2=819.42 A_default_2=659.10
PAIR 5 B_b1_1=828.37 A_default_1=656.86 B_b1_2=827.63 A_default_2=657.07
PAIR 6 B_b1_1=823.76 A_default_1=657.81 B_b1_2=822.09 A_default_2=660.28
PAIR 7 B_b1_1=827.70 A_default_1=659.69 B_b1_2=830.35 A_default_2=656.17
PAIR 8 B_b1_1=824.28 A_default_1=659.89 B_b1_2=822.75 A_default_2=659.35
PAIR 9 B_b1_1=831.14 A_default_1=657.40 B_b1_2=823.78 A_default_2=658.12
[sclk-post-bench] GPU[7]		: sclk clock level: 1: (2402Mhz)
CRR_DEFAULT  median=657.97 mean=657.98 stdev=1.63 n=20
CRR_HBSHRINK median=824.38 mean=824.92 stdev=4.39 n=20
Welch t (DEFAULT vs HBSHRINK) = 159.634  (positive = HBSHRINK faster)
DELTA_MEDIAN_PCT HBSHRINK_vs_DEFAULT = +25.291%
CRR_DEFAULT_TFLOPS_LIST 660.7469,655.1116,654.8422,658.4687,658.7598,657.0172,657.6303,658.5181,656.7261,659.1048,656.8569,657.0682,657.8124,660.2794,659.6909,656.1738,659.8929,659.3458,657.3998,658.1249
CRR_HBSHRINK_TFLOPS_LIST 826.7721,825.7706,829.6304,815.8567,818.0489,823.9813,831.9465,824.4716,820.6745,819.4219,828.3675,827.6328,823.7596,822.0883,827.6958,830.3529,824.2817,822.7493,831.1403,823.7758
--- stderr ---
W20260418 16:45:15.104954 140679959576576 agent.cpp:461] Attempt to enable hip visiblity for agent-2 which is not visible to HSA (ROCR)
[mxfp8_dispatch] crr_v2: shape=(M=4096,N=1024,K=4096) -> ADVISE-V2-RRR-8B-KV (R33C +8.13% min)
[mxfp8_dispatch] crr_v2: shape=(M=4096,N=1024,K=4096) -> CRR-V2-EXACT-8WAVE-DEFAULT
[mxfp8_dispatch] crr_v2: shape=(M=4096,N=1024,K=4096) -> ADVISE-V2-RRR-8B-KV (R33C +8.13% min)
[mxfp8_dispatch] crr_v2: shape=(M=4096,N=1024,K=4096) -> CRR-V2-HBSHRINK-B1-8B-KV (R38 wrap fix 66ef02d8)
Sat Apr 18 16:46:29 UTC 2026
