===== R40 Dev B 8B-Up 4-GPU STRICT-promote cell=8b_up M=4096 N=14336 K=4096 phys_gpu=3 =====
[orchestrate] N_PAIRS=20 WARMUP=30 ITERS=50 PREHEAT=180s WARMUP_PAIRS=2
[orchestrate] R36/R38 3-gate: G1 sclk-post-preheat>=2200 G2a sclk-post-bench>=2200 G2b stdev/mean<=0.01, MAX_RETRIES=3, G1P_MIN_MEDIAN_TF=500
Sat Apr 18 16:43:38 UTC 2026
[pre-orchestrate sclk check]
GPU[3]		: sclk clock level: 1: (2410Mhz)
[build 8b_up md5=df2ac9c3a916c5c7631862c5d8ae247d (cached)]
[bench attempt 1/3]
[bench rc=0]
[sclk-pre-preheat] GPU[3]		: sclk clock level: 1: (2400Mhz)
[preheat 180.0s] done 20476 iters
[sclk-post-preheat] GPU[3]		: sclk clock level: 1: (2064Mhz)
CORRECTNESS_CRR snr_db=49.61 pass_rate_pct=100.00 det_ok=True
CORRECTNESS_RRR snr_db=49.61 pass_rate_pct=100.00 det_ok=True
[sclk-pre-bench] GPU[3]		: sclk clock level: 1: (2352Mhz)
WARMUP 0 RRR=2430.16 CRR=2368.87 sclk=GPU[3]		: sclk clock level: 1: (2339Mhz)
WARMUP 1 RRR=2393.47 CRR=2409.46 sclk=GPU[3]		: sclk clock level: 1: (2350Mhz)
PAIR 0 RRR_1=2408.06 CRR_1=2372.81 RRR_2=2539.10 CRR_2=2216.19
PAIR 1 RRR_1=2487.99 CRR_1=2421.12 RRR_2=2521.00 CRR_2=2417.59
PAIR 2 RRR_1=2546.00 CRR_1=2410.44 RRR_2=2547.75 CRR_2=2418.01
PAIR 3 RRR_1=2532.03 CRR_1=2425.43 RRR_2=2524.41 CRR_2=2383.80
PAIR 4 RRR_1=2534.03 CRR_1=2395.03 RRR_2=2531.44 CRR_2=2426.00
PAIR 5 RRR_1=2533.95 CRR_1=2397.73 RRR_2=2524.50 CRR_2=2397.67
PAIR 6 RRR_1=2538.59 CRR_1=2407.69 RRR_2=2551.76 CRR_2=2413.07
PAIR 7 RRR_1=2539.03 CRR_1=2392.17 RRR_2=2513.63 CRR_2=2415.81
PAIR 8 RRR_1=2539.31 CRR_1=2208.61 RRR_2=2521.86 CRR_2=2394.72
PAIR 9 RRR_1=2534.60 CRR_1=2210.11 RRR_2=2521.45 CRR_2=2414.52
PAIR 10 RRR_1=2501.42 CRR_1=2425.86 RRR_2=2537.70 CRR_2=2383.69
PAIR 11 RRR_1=2526.64 CRR_1=2423.01 RRR_2=2530.22 CRR_2=2421.90
PAIR 12 RRR_1=2530.17 CRR_1=2386.82 RRR_2=2556.65 CRR_2=2393.63
PAIR 13 RRR_1=2541.21 CRR_1=2405.38 RRR_2=2539.67 CRR_2=2426.22
PAIR 14 RRR_1=2529.09 CRR_1=2424.23 RRR_2=2532.28 CRR_2=2381.16
PAIR 15 RRR_1=2521.56 CRR_1=2428.37 RRR_2=2537.48 CRR_2=2418.31
PAIR 16 RRR_1=2519.86 CRR_1=2415.06 RRR_2=2526.93 CRR_2=2416.60
PAIR 17 RRR_1=2522.53 CRR_1=2399.53 RRR_2=2520.97 CRR_2=2416.21
PAIR 18 RRR_1=2514.48 CRR_1=2408.99 RRR_2=2532.54 CRR_2=2411.45
PAIR 19 RRR_1=2525.45 CRR_1=2408.04 RRR_2=2544.71 CRR_2=2421.78
[sclk-post-bench] GPU[3]		: sclk clock level: 1: (2394Mhz)
CRR  median=2410.95 mean=2393.87 stdev=54.48 n=40
RRR  median=2530.83 mean=2527.05 stdev=23.18 n=40
Welch t (CRR vs RRR) = 14.226  (positive = RRR faster)
DELTA_MEDIAN_PCT RRR_vs_CRR = +4.973%
CRR_TFLOPS_LIST 2372.8069,2216.1919,2421.1236,2417.5902,2410.4379,2418.0075,2425.4299,2383.7955,2395.0270,2425.9975,2397.7307,2397.6731,2407.6857,2413.0681,2392.1695,2415.8127,2208.6137,2394.7225,2210.1097,2414.5222,2425.8614,2383.6913,2423.0068,2421.9037,2386.8232,2393.6348,2405.3753,2426.2236,2424.2274,2381.1617,2428.3692,2418.3097,2415.0559,2416.5984,2399.5286,2416.2107,2408.9893,2411.4522,2408.0434,2421.7764
RRR_TFLOPS_LIST 2408.0622,2539.0959,2487.9941,2520.9987,2545.9978,2547.7456,2532.0285,2524.4069,2534.0348,2531.4419,2533.9488,2524.5020,2538.5918,2551.7569,2539.0313,2513.6318,2539.3106,2521.8556,2534.6009,2521.4537,2501.4177,2537.7028,2526.6353,2530.2180,2530.1741,2556.6507,2541.2096,2539.6747,2529.0896,2532.2847,2521.5584,2537.4779,2519.8579,2526.9320,2522.5329,2520.9669,2514.4835,2532.5404,2525.4457,2544.7059
--- stderr ---
W20260418 16:43:42.442091 139803679440896 agent.cpp:461] Attempt to enable hip visiblity for agent-2 which is not visible to HSA (ROCR)
[mxfp8_dispatch] crr_v2: shape=(M=4096,N=14336,K=4096) -> ADVISE-V2-RRR-8B-GATEUP (R34B +5.025% min)
[mxfp8_dispatch] crr_v2: shape=(M=4096,N=14336,K=4096) -> CRR-V2-EXACT-8WAVE-DEFAULT
[mxfp8_dispatch] rrr_v2: shape=(M=4096,N=14336,K=4096) -> RRR-V2-EXACT-8WAVE
[orchestrate] attempt=1 rc=0 G1 sclk-post-preheat=2064MHz (gate=2200) G2a sclk-post-bench=2394MHz (gate=2200) G2b stdev/mean CRR=0.022597 RRR=0.009159 (gate=0.01 pass=0)
[orchestrate] attempt=1 FAILED gates; retry after 5s...
[bench attempt 2/3]
[bench rc=0]
[sclk-pre-preheat] GPU[3]		: sclk clock level: 1: (163Mhz)
[preheat 180.0s] done 29692 iters
[sclk-post-preheat] GPU[3]		: sclk clock level: 1: (2210Mhz)
CORRECTNESS_CRR snr_db=49.61 pass_rate_pct=100.00 det_ok=True
CORRECTNESS_RRR snr_db=49.61 pass_rate_pct=100.00 det_ok=True
[sclk-pre-bench] GPU[3]		: sclk clock level: 1: (2380Mhz)
WARMUP 0 RRR=2345.72 CRR=2369.63 sclk=GPU[3]		: sclk clock level: 1: (2358Mhz)
WARMUP 1 RRR=2344.20 CRR=2370.30 sclk=GPU[3]		: sclk clock level: 1: (2340Mhz)
PAIR 0 RRR_1=2379.39 CRR_1=2356.60 RRR_2=2503.62 CRR_2=2370.65
PAIR 1 RRR_1=2489.13 CRR_1=2376.93 RRR_2=2497.46 CRR_2=2376.14
PAIR 2 RRR_1=2488.45 CRR_1=2383.08 RRR_2=2499.44 CRR_2=2386.79
PAIR 3 RRR_1=2492.01 CRR_1=2380.48 RRR_2=2459.02 CRR_2=2388.07
PAIR 4 RRR_1=2498.87 CRR_1=2352.26 RRR_2=2483.34 CRR_2=2358.10
PAIR 5 RRR_1=2490.28 CRR_1=2377.75 RRR_2=2485.65 CRR_2=2389.44
PAIR 6 RRR_1=2475.07 CRR_1=2341.55 RRR_2=2503.41 CRR_2=2195.46
PAIR 7 RRR_1=2448.42 CRR_1=2372.54 RRR_2=2493.84 CRR_2=2350.80
PAIR 8 RRR_1=2461.88 CRR_1=2376.13 RRR_2=2490.82 CRR_2=2376.94
PAIR 9 RRR_1=2460.48 CRR_1=2331.04 RRR_2=2490.97 CRR_2=2346.95
PAIR 10 RRR_1=2482.06 CRR_1=2364.72 RRR_2=2497.62 CRR_2=2336.07
PAIR 11 RRR_1=2502.67 CRR_1=2371.23 RRR_2=2490.29 CRR_2=2307.02
PAIR 12 RRR_1=2472.30 CRR_1=2354.71 RRR_2=2476.02 CRR_2=2377.67
PAIR 13 RRR_1=2502.43 CRR_1=2385.58 RRR_2=2493.77 CRR_2=2353.51
PAIR 14 RRR_1=2495.06 CRR_1=2381.11 RRR_2=2477.47 CRR_2=2369.32
PAIR 15 RRR_1=2467.49 CRR_1=2352.28 RRR_2=2486.24 CRR_2=2373.77
PAIR 16 RRR_1=2431.51 CRR_1=2303.45 RRR_2=2474.37 CRR_2=2379.93
PAIR 17 RRR_1=2499.77 CRR_1=2326.52 RRR_2=2466.76 CRR_2=2351.86
PAIR 18 RRR_1=2497.75 CRR_1=2374.03 RRR_2=2470.00 CRR_2=2386.21
PAIR 19 RRR_1=2478.49 CRR_1=2381.96 RRR_2=2459.08 CRR_2=2363.90
[sclk-post-bench] GPU[3]		: sclk clock level: 1: (2341Mhz)
CRR  median=2370.94 mean=2359.56 stdev=34.00 n=40
RRR  median=2487.35 mean=2480.32 stdev=23.34 n=40
Welch t (CRR vs RRR) = 18.518  (positive = RRR faster)
DELTA_MEDIAN_PCT RRR_vs_CRR = +4.910%
CRR_TFLOPS_LIST 2356.5969,2370.6548,2376.9253,2376.1365,2383.0765,2386.7941,2380.4813,2388.0731,2352.2635,2358.1043,2377.7522,2389.4401,2341.5478,2195.4585,2372.5447,2350.8041,2376.1257,2376.9436,2331.0433,2346.9485,2364.7160,2336.0693,2371.2255,2307.0218,2354.7064,2377.6676,2385.5817,2353.5067,2381.1134,2369.3197,2352.2840,2373.7724,2303.4529,2379.9344,2326.5170,2351.8601,2374.0334,2386.2066,2381.9628,2363.8976
RRR_TFLOPS_LIST 2379.3884,2503.6156,2489.1262,2497.4588,2488.4466,2499.4421,2492.0149,2459.0159,2498.8711,2483.3380,2490.2808,2485.6483,2475.0698,2503.4071,2448.4218,2493.8436,2461.8846,2490.8175,2460.4845,2490.9725,2482.0562,2497.6152,2502.6673,2490.2909,2472.3012,2476.0161,2502.4278,2493.7719,2495.0553,2477.4655,2467.4918,2486.2447,2431.5101,2474.3670,2499.7741,2466.7639,2497.7490,2469.9956,2478.4866,2459.0763
--- stderr ---
W20260418 16:47:16.961917 139965960740864 agent.cpp:461] Attempt to enable hip visiblity for agent-2 which is not visible to HSA (ROCR)
[mxfp8_dispatch] crr_v2: shape=(M=4096,N=14336,K=4096) -> ADVISE-V2-RRR-8B-GATEUP (R34B +5.025% min)
[mxfp8_dispatch] crr_v2: shape=(M=4096,N=14336,K=4096) -> CRR-V2-EXACT-8WAVE-DEFAULT
[mxfp8_dispatch] rrr_v2: shape=(M=4096,N=14336,K=4096) -> RRR-V2-EXACT-8WAVE
[orchestrate] attempt=2 rc=0 G1 sclk-post-preheat=2210MHz (gate=2200) G2a sclk-post-bench=2341MHz (gate=2200) G2b stdev/mean CRR=0.014340 RRR=0.009383 (gate=0.01 pass=0)
[orchestrate] PASS G1+G2a+G2b at attempt=2; using as final.
[orchestrate] gate_path=G1+G2a+G2b
DONE gpu=3 attempts=2
Sat Apr 18 16:50:42 UTC 2026
