=========== R55 Dev A Phase 2 INTERLEAVE bench ===========
=== 70B_Down_RCR  M=4096 N=8192 K=28672 ===
  -- V=0 build --
  -- V=0 5-run bench --
  run 1/5 ...
  run 2/5 ...
  run 3/5 ...
  run 4/5 ...
  run 5/5 ...
  -- V=1 build --
  -- V=1 5-run bench --
  run 1/5 ...
  run 2/5 ...
  run 3/5 ...
  run 4/5 ...
  run 5/5 ...
  -- V=2 build --
  -- V=2 5-run bench --
  run 1/5 ...
  run 2/5 ...
  run 3/5 ...
  run 4/5 ...
  run 5/5 ...
  -- V=3 build --
  -- V=3 5-run bench --
  run 1/5 ...
  run 2/5 ...
  run 3/5 ...
  run 4/5 ...
  run 5/5 ...
=== 8B_Down_RCR  M=4096 N=4096 K=14336 ===
  -- V=0 build --
  -- V=0 5-run bench --
  run 1/5 ...
  run 2/5 ...
  run 3/5 ...
  run 4/5 ...
  run 5/5 ...
  -- V=1 build --
  -- V=1 5-run bench --
  run 1/5 ...
  run 2/5 ...
  run 3/5 ...
  run 4/5 ...
  run 5/5 ...
  -- V=2 build --
  -- V=2 5-run bench --
  run 1/5 ...
  run 2/5 ...
  run 3/5 ...
  run 4/5 ...
  run 5/5 ...
  -- V=3 build --
  -- V=3 5-run bench --
  run 1/5 ...
  run 2/5 ...
  run 3/5 ...
  run 4/5 ...
  run 5/5 ...
=== 70B_QO_RCR  M=4096 N=8192 K=8192 ===
  -- V=0 build --
  -- V=0 5-run bench --
  run 1/5 ...
  run 2/5 ...
  run 3/5 ...
  run 4/5 ...
  run 5/5 ...
  -- V=1 build --
  -- V=1 5-run bench --
  run 1/5 ...
  run 2/5 ...
  run 3/5 ...
  run 4/5 ...
  run 5/5 ...
  -- V=2 build --
  -- V=2 5-run bench --
  run 1/5 ...
  run 2/5 ...
  run 3/5 ...
  run 4/5 ...
  run 5/5 ...
  -- V=3 build --
  -- V=3 5-run bench --
  run 1/5 ...
  run 2/5 ...
  run 3/5 ...
  run 4/5 ...
  run 5/5 ...

=========== SUMMARY ===========
CELL                   V0         V1         V2         V3         BEST_DELTA% 
70B_Down_RCR           2992.84    2993.21    2988.02    3001.40    +0.29       
8B_Down_RCR            2984.20    2981.93    2984.65    2959.58    +0.02       
70B_QO_RCR             2927.84    2920.10    2913.25    2925.92    -0.07       
